10-10 17:25:34.007  2698  2820 D LogWriteUtil.class=LogFileHandlerThread.class: 2getFilePath: filePath=/custom/metro/log/2022-10-10
10-10 17:25:34.007  2698  2820 D LogWriteUtil.class=LogFileHandlerThread.class: getFileNameSuffix: file=/custom/metro/log/2022-10-10
10-10 17:25:34.007  2698  2820 D LogWriteUtil.class=LogFileHandlerThread.class: 3getCurrentFileName: logFileName=app26.log
10-10 17:25:34.007  2698  2820 D TAG     : 2,initFile: /custom/metro/log/2022-10-10/app26.log, logFile.length=394579, getCurrentFileName()=app26.log, writeFileName=/custom/metro/log/2022-10-10/app26.log
10-10 17:25:34.008  2698  2820 D LogWriteUtil.class=LogFileHandlerThread.class: 8,initFile: logFile=/custom/metro/log/2022-10-10/app26.log, logFile.length=394579
10-10 17:25:34.008  2698  2698 D LLongevityService: updateNtpTime: result1=kotlin.Unit
10-10 17:25:34.009  2698  2820 D LogWriteUtil.class=LogFileHandlerThread.class: 1getFilePath: logFormat=2022-10-10, LogWriteUtil.logPathDir=/custom/metro/log
10-10 17:25:34.009  2698  2820 D LogWriteUtil.class=LogFileHandlerThread.class: 2getFilePath: filePath=/custom/metro/log/2022-10-10
10-10 17:25:34.009  2698  2820 D LogWriteUtil.class=LogFileHandlerThread.class: 1getCurrentFileName: LogWriteUtil.logfile=app.log
10-10 17:25:34.010  2698  2820 D LogWriteUtil.class=LogFileHandlerThread.class: 1getFilePath: logFormat=2022-10-10, LogWriteUtil.logPathDir=/custom/metro/log
10-10 17:25:34.010  2698  2820 D LogWriteUtil.class=LogFileHandlerThread.class: 2getFilePath: filePath=/custom/metro/log/2022-10-10
10-10 17:25:34.010  2698  2820 D LogWriteUtil.class=LogFileHandlerThread.class: getFileNameSuffix: file=/custom/metro/log/2022-10-10
10-10 17:25:34.011  2698  2820 D LogWriteUtil.class=LogFileHandlerThread.class: 2getCurrentFileName: index=3, LogWriteUtil.logfile=app.log, getFileNameSuffix=26
10-10 17:25:34.012  2698  2820 D LogWriteUtil.class=LogFileHandlerThread.class: 1getFilePath: logFormat=2022-10-10, LogWriteUtil.logPathDir=/custom/metro/log
10-10 17:25:34.013  2698  2820 D LogWriteUtil.class=LogFileHandlerThread.class: 2getFilePath: filePath=/custom/metro/log/2022-10-10
10-10 17:25:34.013  2698  2820 D LogWriteUtil.class=LogFileHandlerThread.class: getFileNameSuffix: file=/custom/metro/log/2022-10-10
10-10 17:25:34.013  2698  2820 D LogWriteUtil.class=LogFileHandlerThread.class: 3getCurrentFileName: logFileName=app26.log
10-10 17:25:34.013  2698  2820 D LogWriteUtil.class=LogFileHandlerThread.class: 1,initFile: getFilePath()=/custom/metro/log/2022-10-10, getCurrentFileName=app26.log
10-10 17:25:34.014  2698  2820 D LogWriteUtil.class=LogFileHandlerThread.class: 1getFilePath: logFormat=2022-10-10, LogWriteUtil.logPathDir=/custom/metro/log
10-10 17:25:34.014  2698  2820 D LogWriteUtil.class=LogFileHandlerThread.class: 2getFilePath: filePath=/custom/metro/log/2022-10-10
10-10 17:25:34.014  2698  2820 D LogWriteUtil.class=LogFileHandlerThread.class: 1getCurrentFileName: LogWriteUtil.logfile=app.log
10-10 17:25:34.015  2698  2820 D LogWriteUtil.class=LogFileHandlerThread.class: 1getFilePath: logFormat=2022-10-10, LogWriteUtil.logPathDir=/custom/metro/log
10-10 17:25:34.015  2698  2820 D LogWriteUtil.class=LogFileHandlerThread.class: 2getFilePath: filePath=/custom/metro/log/2022-10-10
10-10 17:25:34.016  2698  2820 D LogWriteUtil.class=LogFileHandlerThread.class: getFileNameSuffix: file=/custom/metro/log/2022-10-10
10-10 17:25:34.016  2698  2820 D LogWriteUtil.class=LogFileHandlerThread.class: 2getCurrentFileName: index=3, LogWriteUtil.logfile=app.log, getFileNameSuffix=26
10-10 17:25:34.017  2698  2820 D LogWriteUtil.class=LogFileHandlerThread.class: 1getFilePath: logFormat=2022-10-10, LogWriteUtil.logPathDir=/custom/metro/log
10-10 17:25:34.017  2698  2820 D LogWriteUtil.class=LogFileHandlerThread.class: 2getFilePath: filePath=/custom/metro/log/2022-10-10
10-10 17:25:34.017  2698  2820 D LogWriteUtil.class=LogFileHandlerThread.class: getFileNameSuffix: file=/custom/metro/log/2022-10-10
10-10 17:25:34.018  2698  2820 D LogWriteUtil.class=LogFileHandlerThread.class: 3getCurrentFileName: logFileName=app26.log
10-10 17:25:34.018  2698  2820 D LogWriteUtil.class=LogFileHandlerThread.class: 1getCurrentFileName: LogWriteUtil.logfile=app.log
10-10 17:25:34.019  2698  2820 D LogWriteUtil.class=LogFileHandlerThread.class: 1getFilePath: logFormat=2022-10-10, LogWriteUtil.logPathDir=/custom/metro/log
10-10 17:25:34.019  2698  2820 D LogWriteUtil.class=LogFileHandlerThread.class: 2getFilePath: filePath=/custom/metro/log/2022-10-10
10-10 17:25:34.019  2698  2820 D LogWriteUtil.class=LogFileHandlerThread.class: getFileNameSuffix: file=/custom/metro/log/2022-10-10
10-10 17:25:34.019  2698  2820 D LogWriteUtil.class=LogFileHandlerThread.class: 2getCurrentFileName: index=3, LogWriteUtil.logfile=app.log, getFileNameSuffix=26
10-10 17:25:34.020  2698  2820 D LogWriteUtil.class=LogFileHandlerThread.class: 1getFilePath: logFormat=2022-10-10, LogWriteUtil.logPathDir=/custom/metro/log
10-10 17:25:34.020  2698  2820 D LogWriteUtil.class=LogFileHandlerThread.class: 2getFilePath: filePath=/custom/metro/log/2022-10-10
10-10 17:25:34.020  2698  2820 D LogWriteUtil.class=LogFileHandlerThread.class: getFileNameSuffix: file=/custom/metro/log/2022-10-10
10-10 17:25:34.021  2698  2820 D LogWriteUtil.class=LogFileHandlerThread.class: 3getCurrentFileName: logFileName=app26.log
10-10 17:25:34.021  2698  2820 D TAG     : 2,initFile: /custom/metro/log/2022-10-10/app26.log, logFile.length=394771, getCurrentFileName()=app26.log, writeFileName=/custom/metro/log/2022-10-10/app26.log
10-10 17:25:34.021  2698  2820 D LogWriteUtil.class=LogFileHandlerThread.class: 8,initFile: logFile=/custom/metro/log/2022-10-10/app26.log, logFile.length=394771
10-10 17:25:34.023  2698  2820 D LogWriteUtil.class=LogFileHandlerThread.class: 1getFilePath: logFormat=2022-10-10, LogWriteUtil.logPathDir=/custom/metro/log
10-10 17:25:34.023  2698  2820 D LogWriteUtil.class=LogFileHandlerThread.class: 2getFilePath: filePath=/custom/metro/log/2022-10-10
10-10 17:25:34.023  2698  2820 D LogWriteUtil.class=LogFileHandlerThread.class: 1getCurrentFileName: LogWriteUtil.logfile=app.log
10-10 17:25:34.024  2698  2820 D LogWriteUtil.class=LogFileHandlerThread.class: 1getFilePath: logFormat=2022-10-10, LogWriteUtil.logPathDir=/custom/metro/log
10-10 17:25:34.024  2698  2820 D LogWriteUtil.class=LogFileHandlerThread.class: 2getFilePath: filePath=/custom/metro/log/2022-10-10
10-10 17:25:34.024  2698  2820 D LogWriteUtil.class=LogFileHandlerThread.class: getFileNameSuffix: file=/custom/metro/log/2022-10-10
10-10 17:25:34.024  2698  2820 D LogWriteUtil.class=LogFileHandlerThread.class: 2getCurrentFileName: index=3, LogWriteUtil.logfile=app.log, getFileNameSuffix=26
10-10 17:25:34.025  2698  2820 D LogWriteUtil.class=LogFileHandlerThread.class: 1getFilePath: logFormat=2022-10-10, LogWriteUtil.logPathDir=/custom/metro/log
10-10 17:25:34.025  2698  2820 D LogWriteUtil.class=LogFileHandlerThread.class: 2getFilePath: filePath=/custom/metro/log/2022-10-10
10-10 17:25:34.025  2698  2820 D LogWriteUtil.class=LogFileHandlerThread.class: getFileNameSuffix: file=/custom/metro/log/2022-10-10
10-10 17:25:34.025  2698  2820 D LogWriteUtil.class=LogFileHandlerThread.class: 3getCurrentFileName: logFileName=app26.log
10-10 17:25:34.025  2698  2820 D LogWriteUtil.class=LogFileHandlerThread.class: 1,initFile: getFilePath()=/custom/metro/log/2022-10-10, getCurrentFileName=app26.log
10-10 17:25:34.026  2698  2820 D LogWriteUtil.class=LogFileHandlerThread.class: 1getFilePath: logFormat=2022-10-10, LogWriteUtil.logPathDir=/custom/metro/log
10-10 17:25:34.026  2698  2820 D LogWriteUtil.class=LogFileHandlerThread.class: 2getFilePath: filePath=/custom/metro/log/2022-10-10
10-10 17:25:34.026  2698  2820 D LogWriteUtil.class=LogFileHandlerThread.class: 1getCurrentFileName: LogWriteUtil.logfile=app.log
10-10 17:25:34.026  2698  2820 D LogWriteUtil.class=LogFileHandlerThread.class: 1getFilePath: logFormat=2022-10-10, LogWriteUtil.logPathDir=/custom/metro/log
10-10 17:25:34.026  2698  2820 D LogWriteUtil.class=LogFileHandlerThread.class: 2getFilePath: filePath=/custom/metro/log/2022-10-10
10-10 17:25:34.026  2698  2820 D LogWriteUtil.class=LogFileHandlerThread.class: getFileNameSuffix: file=/custom/metro/log/2022-10-10
10-10 17:25:34.027  2698  2820 D LogWriteUtil.class=LogFileHandlerThread.class: 2getCurrentFileName: index=3, LogWriteUtil.logfile=app.log, getFileNameSuffix=26
10-10 17:25:34.027  2698  2820 D LogWriteUtil.class=LogFileHandlerThread.class: 1getFilePath: logFormat=2022-10-10, LogWriteUtil.logPathDir=/custom/metro/log
10-10 17:25:34.027  2698  2820 D LogWriteUtil.class=LogFileHandlerThread.class: 2getFilePath: filePath=/custom/metro/log/2022-10-10
10-10 17:25:34.027  2698  2820 D LogWriteUtil.class=LogFileHandlerThread.class: getFileNameSuffix: file=/custom/metro/log/2022-10-10
10-10 17:25:34.028  2698  2820 D LogWriteUtil.class=LogFileHandlerThread.class: 3getCurrentFileName: logFileName=app26.log
10-10 17:25:34.028  2698  2820 D LogWriteUtil.class=LogFileHandlerThread.class: 1getCurrentFileName: LogWriteUtil.logfile=app.log
10-10 17:25:34.028  2698  2820 D LogWriteUtil.class=LogFileHandlerThread.class: 1getFilePath: logFormat=2022-10-10, LogWriteUtil.logPathDir=/custom/metro/log
10-10 17:25:34.029  2698  2820 D LogWriteUtil.class=LogFileHandlerThread.class: 2getFilePath: filePath=/custom/metro/log/2022-10-10
10-10 17:25:34.029  2698  2820 D LogWriteUtil.class=LogFileHandlerThread.class: getFileNameSuffix: file=/custom/metro/log/2022-10-10
10-10 17:25:34.029  2698  2820 D LogWriteUtil.class=LogFileHandlerThread.class: 2getCurrentFileName: index=3, LogWriteUtil.logfile=app.log, getFileNameSuffix=26
10-10 17:25:34.030  2698  2820 D LogWriteUtil.class=LogFileHandlerThread.class: 1getFilePath: logFormat=2022-10-10, LogWriteUtil.logPathDir=/custom/metro/log
10-10 17:25:34.030  2698  2820 D LogWriteUtil.class=LogFileHandlerThread.class: 2getFilePath: filePath=/custom/metro/log/2022-10-10
10-10 17:25:34.030  2698  2820 D LogWriteUtil.class=LogFileHandlerThread.class: getFileNameSuffix: file=/custom/metro/log/2022-10-10
10-10 17:25:34.031  2698  2820 D LogWriteUtil.class=LogFileHandlerThread.class: 3getCurrentFileName: logFileName=app26.log
10-10 17:25:34.031  2698  2820 D TAG     : 2,initFile: /custom/metro/log/2022-10-10/app26.log, logFile.length=395186, getCurrentFileName()=app26.log, writeFileName=/custom/metro/log/2022-10-10/app26.log
10-10 17:25:34.031  2698  2820 D LogWriteUtil.class=LogFileHandlerThread.class: 8,initFile: logFile=/custom/metro/log/2022-10-10/app26.log, logFile.length=395186
10-10 17:25:34.063  2698  4722 D MainViewModel: getSystemTime_currentThreadID2: 208
10-10 17:25:34.102  2698  4722 D TAG     : getSystemTime_currentThreadID3s: 208, isActive=true
10-10 17:25:34.170  2698  3292 D UdpDisServices: udp receive - api receive data disApi, udp service id=98  - udp.packet.address=/172.2.208.8, udp.pack.socketAddress=/172.2.208.8:64002, udp.port=64002- running=true - message={"MsgSeqID":961663,"MsgName":"GetStationATSRsp","MsgInfo":{"Code":10011,"StationATSInfos":[]}}
10-10 17:25:34.172  2698  3292 I APP_LogUtils.kt: [(LogUtils.kt:50).i()] [UdpDisServices] udp receive - api receive data disApi, udp service id=98 - running=true  - ip=/172.2.208.8 - port=64002 - message={"MsgSeqID":961663,"MsgName":"GetStationATSRsp","MsgInfo":{"Code":10011,"StationATSInfos":[]}}
10-10 17:25:34.173  2698  2698 D MainActivity: onMessageEvent  -- gginit: disApi, id=1---event={"MsgSeqID":961663,"MsgName":"GetStationATSRsp","MsgInfo":{"Code":10011,"StationATSInfos":[]}}
10-10 17:25:34.173  2698  3292 D UdpDisServices: udp receive - api receive data disApi, udp service id=98  - udp.packet.address=/172.2.208.8, udp.pack.socketAddress=/172.2.208.8:64002, udp.port=64002- running=true - message={"MsgSeqID":961672,"MsgName":"GetStationATSRsp","MsgInfo":{"Code":10011,"StationATSInfos":[]}}
10-10 17:25:34.173  2698  2698 D MainViewModel: 1processDisApi: disApi, id=1
10-10 17:25:34.174  2698  2820 D LogWriteUtil.class=LogFileHandlerThread.class: 1getFilePath: logFormat=2022-10-10, LogWriteUtil.logPathDir=/custom/metro/log
10-10 17:25:34.174  2698  4722 D DisApiSingletonReceive: processingData: disApi, id=208 - data={"MsgSeqID":961663,"MsgName":"GetStationATSRsp","MsgInfo":{"Code":10011,"StationATSInfos":[]}}
10-10 17:25:34.174  2698  2820 D LogWriteUtil.class=LogFileHandlerThread.class: 2getFilePath: filePath=/custom/metro/log/2022-10-10
10-10 17:25:34.174  2698  2820 D LogWriteUtil.class=LogFileHandlerThread.class: 1getCurrentFileName: LogWriteUtil.logfile=app.log
10-10 17:25:34.175  2698  2820 D LogWriteUtil.class=LogFileHandlerThread.class: 1getFilePath: logFormat=2022-10-10, LogWriteUtil.logPathDir=/custom/metro/log
10-10 17:25:34.175  2698  2820 D LogWriteUtil.class=LogFileHandlerThread.class: 2getFilePath: filePath=/custom/metro/log/2022-10-10
10-10 17:25:34.175  2698  2820 D LogWriteUtil.class=LogFileHandlerThread.class: getFileNameSuffix: file=/custom/metro/log/2022-10-10
10-10 17:25:34.176  2698  3292 I APP_LogUtils.kt: [(LogUtils.kt:50).i()] [UdpDisServices] udp receive - api receive data disApi, udp service id=98 - running=true  - ip=/172.2.208.8 - port=64002 - message={"MsgSeqID":961672,"MsgName":"GetStationATSRsp","MsgInfo":{"Code":10011,"StationATSInfos":[]}}
10-10 17:25:34.176  2698  2820 D LogWriteUtil.class=LogFileHandlerThread.class: 2getCurrentFileName: index=3, LogWriteUtil.logfile=app.log, getFileNameSuffix=26
10-10 17:25:34.177  2698  3292 D UdpDisServices: udp receive - api receive data disApi, udp service id=98  - udp.packet.address=/172.2.208.8, udp.pack.socketAddress=/172.2.208.8:64002, udp.port=64002- running=true - message={"MsgSeqID":961681,"MsgName":"GetStationATSRsp","MsgInfo":{"Code":10011,"StationATSInfos":[]}}
10-10 17:25:34.177  2698  2698 D MainActivity: onMessageEvent  -- gginit: disApi, id=1---event={"MsgSeqID":961672,"MsgName":"GetStationATSRsp","MsgInfo":{"Code":10011,"StationATSInfos":[]}}
10-10 17:25:34.177  2698  2698 D MainViewModel: 1processDisApi: disApi, id=1
10-10 17:25:34.177  2698  2820 D LogWriteUtil.class=LogFileHandlerThread.class: 1getFilePath: logFormat=2022-10-10, LogWriteUtil.logPathDir=/custom/metro/log
10-10 17:25:34.178  2698  2820 D LogWriteUtil.class=LogFileHandlerThread.class: 2getFilePath: filePath=/custom/metro/log/2022-10-10
10-10 17:25:34.178  2698  2820 D LogWriteUtil.class=LogFileHandlerThread.class: getFileNameSuffix: file=/custom/metro/log/2022-10-10
10-10 17:25:34.178  2698  3292 I APP_LogUtils.kt: [(LogUtils.kt:50).i()] [UdpDisServices] udp receive - api receive data disApi, udp service id=98 - running=true  - ip=/172.2.208.8 - port=64002 - message={"MsgSeqID":961681,"MsgName":"GetStationATSRsp","MsgInfo":{"Code":10011,"StationATSInfos":[]}}
10-10 17:25:34.178  2698  4491 D DisApiSingletonReceive: processingData: disApi, id=194 - data={"MsgSeqID":961672,"MsgName":"GetStationATSRsp","MsgInfo":{"Code":10011,"StationATSInfos":[]}}
10-10 17:25:34.179  2698  2698 D MainActivity: onMessageEvent  -- gginit: disApi, id=1---event={"MsgSeqID":961681,"MsgName":"GetStationATSRsp","MsgInfo":{"Code":10011,"StationATSInfos":[]}}
10-10 17:25:34.179  2698  2820 D LogWriteUtil.class=LogFileHandlerThread.class: 3getCurrentFileName: logFileName=app26.log
10-10 17:25:34.179  2698  2698 D MainViewModel: 1processDisApi: disApi, id=1
10-10 17:25:34.179  2698  2820 D LogWriteUtil.class=LogFileHandlerThread.class: 1,initFile: getFilePath()=/custom/metro/log/2022-10-10, getCurrentFileName=app26.log
10-10 17:25:34.180  2698  4790 D DisApiSingletonReceive: processingData: disApi, id=219 - data={"MsgSeqID":961681,"MsgName":"GetStationATSRsp","MsgInfo":{"Code":10011,"StationATSInfos":[]}}
10-10 17:25:34.180  2698  2820 D LogWriteUtil.class=LogFileHandlerThread.class: 1getFilePath: logFormat=2022-10-10, LogWriteUtil.logPathDir=/custom/metro/log
10-10 17:25:34.180  2698  2820 D LogWriteUtil.class=LogFileHandlerThread.class: 2getFilePath: filePath=/custom/metro/log/2022-10-10
10-10 17:25:34.180  2698  2820 D LogWriteUtil.class=LogFileHandlerThread.class: 1getCurrentFileName: LogWriteUtil.logfile=app.log
10-10 17:25:34.181  2698  4491 D DisApiSingletonReceive: parseStationAtsData: atsInfo=com.gbcom.library_base.data.StationAtsApiData@458609d
10-10 17:25:34.181  2698  2820 D LogWriteUtil.class=LogFileHandlerThread.class: 1getFilePath: logFormat=2022-10-10, LogWriteUtil.logPathDir=/custom/metro/log
10-10 17:25:34.181  2698  2820 D LogWriteUtil.class=LogFileHandlerThread.class: 2getFilePath: filePath=/custom/metro/log/2022-10-10
10-10 17:25:34.181  2698  2820 D LogWriteUtil.class=LogFileHandlerThread.class: getFileNameSuffix: file=/custom/metro/log/2022-10-10
10-10 17:25:34.182  2698  4790 D DisApiSingletonReceive: parseStationAtsData: atsInfo=com.gbcom.library_base.data.StationAtsApiData@d7f2912
10-10 17:25:34.183  2698  2820 D LogWriteUtil.class=LogFileHandlerThread.class: 2getCurrentFileName: index=3, LogWriteUtil.logfile=app.log, getFileNameSuffix=26
10-10 17:25:34.186  2698  4790 E APP_LogUtils.kt: [(LogUtils.kt:54).e()] [DisApiSingletonReceive] parseStationAtsData: ats data is empty!
10-10 17:25:34.186  2698  2820 D LogWriteUtil.class=LogFileHandlerThread.class: 1getFilePath: logFormat=2022-10-10, LogWriteUtil.logPathDir=/custom/metro/log
10-10 17:25:34.187  2698  2820 D LogWriteUtil.class=LogFileHandlerThread.class: 2getFilePath: filePath=/custom/metro/log/2022-10-10
10-10 17:25:34.187  2698  4491 E APP_LogUtils.kt: [(LogUtils.kt:54).e()] [DisApiSingletonReceive] parseStationAtsData: ats data is empty!
10-10 17:25:34.187  2698  2820 D LogWriteUtil.class=LogFileHandlerThread.class: getFileNameSuffix: file=/custom/metro/log/2022-10-10
10-10 17:25:34.188  2698  2820 D LogWriteUtil.class=LogFileHandlerThread.class: 3getCurrentFileName: logFileName=app26.log
10-10 17:25:34.188  2698  2820 D LogWriteUtil.class=LogFileHandlerThread.class: 1getCurrentFileName: LogWriteUtil.logfile=app.log
10-10 17:25:34.186  2698  4722 D DisApiSingletonReceive: parseStationAtsData: atsInfo=com.gbcom.library_base.data.StationAtsApiData@39428e3
10-10 17:25:34.189  2698  2820 D LogWriteUtil.class=LogFileHandlerThread.class: 1getFilePath: logFormat=2022-10-10, LogWriteUtil.logPathDir=/custom/metro/log
10-10 17:25:34.190  2698  2820 D LogWriteUtil.class=LogFileHandlerThread.class: 2getFilePath: filePath=/custom/metro/log/2022-10-10
10-10 17:25:34.190  2698  2820 D LogWriteUtil.class=LogFileHandlerThread.class: getFileNameSuffix: file=/custom/metro/log/2022-10-10
10-10 17:25:34.190  2698  4722 E APP_LogUtils.kt: [(LogUtils.kt:54).e()] [DisApiSingletonReceive] parseStationAtsData: ats data is empty!
10-10 17:25:34.191  2698  2820 D LogWriteUtil.class=LogFileHandlerThread.class: 2getCurrentFileName: index=3, LogWriteUtil.logfile=app.log, getFileNameSuffix=26
10-10 17:25:34.192  2698  2820 D LogWriteUtil.class=LogFileHandlerThread.class: 1getFilePath: logFormat=2022-10-10, LogWriteUtil.logPathDir=/custom/metro/log
10-10 17:25:34.192  2698  2820 D LogWriteUtil.class=LogFileHandlerThread.class: 2getFilePath: filePath=/custom/metro/log/2022-10-10
10-10 17:25:34.193  2698  2820 D LogWriteUtil.class=LogFileHandlerThread.class: getFileNameSuffix: file=/custom/metro/log/2022-10-10
10-10 17:25:34.193  2698  2820 D LogWriteUtil.class=LogFileHandlerThread.class: 3getCurrentFileName: logFileName=app26.log
10-10 17:25:34.194  2698  2820 D TAG     : 2,initFile: /custom/metro/log/2022-10-10/app26.log, logFile.length=395363, getCurrentFileName()=app26.log, writeFileName=/custom/metro/log/2022-10-10/app26.log
10-10 17:25:34.194  2698  2820 D LogWriteUtil.class=LogFileHandlerThread.class: 8,initFile: logFile=/custom/metro/log/2022-10-10/app26.log, logFile.length=395363
10-10 17:25:34.196  2698  2820 D LogWriteUtil.class=LogFileHandlerThread.class: 1getFilePath: logFormat=2022-10-10, LogWriteUtil.logPathDir=/custom/metro/log
10-10 17:25:34.196  2698  2820 D LogWriteUtil.class=LogFileHandlerThread.class: 2getFilePath: filePath=/custom/metro/log/2022-10-10
10-10 17:25:34.196  2698  2820 D LogWriteUtil.class=LogFileHandlerThread.class: 1getCurrentFileName: LogWriteUtil.logfile=app.log
10-10 17:25:34.197  2698  2820 D LogWriteUtil.class=LogFileHandlerThread.class: 1getFilePath: logFormat=2022-10-10, LogWriteUtil.logPathDir=/custom/metro/log
10-10 17:25:34.197  2698  2820 D LogWriteUtil.class=LogFileHandlerThread.class: 2getFilePath: filePath=/custom/metro/log/2022-10-10
10-10 17:25:34.198  2698  2820 D LogWriteUtil.class=LogFileHandlerThread.class: getFileNameSuffix: file=/custom/metro/log/2022-10-10
10-10 17:25:34.199  2698  2820 D LogWriteUtil.class=LogFileHandlerThread.class: 2getCurrentFileName: index=3, LogWriteUtil.logfile=app.log, getFileNameSuffix=26
10-10 17:25:34.200  2698  2820 D LogWriteUtil.class=LogFileHandlerThread.class: 1getFilePath: logFormat=2022-10-10, LogWriteUtil.logPathDir=/custom/metro/log
10-10 17:25:34.200  2698  2820 D LogWriteUtil.class=LogFileHandlerThread.class: 2getFilePath: filePath=/custom/metro/log/2022-10-10
10-10 17:25:34.200  2698  2820 D LogWriteUtil.class=LogFileHandlerThread.class: getFileNameSuffix: file=/custom/metro/log/2022-10-10
10-10 17:25:34.201  2698  2820 D LogWriteUtil.class=LogFileHandlerThread.class: 3getCurrentFileName: logFileName=app26.log
10-10 17:25:34.202  2698  2820 D LogWriteUtil.class=LogFileHandlerThread.class: 1,initFile: getFilePath()=/custom/metro/log/2022-10-10, getCurrentFileName=app26.log
10-10 17:25:34.203  2698  2820 D LogWriteUtil.class=LogFileHandlerThread.class: 1getFilePath: logFormat=2022-10-10, LogWriteUtil.logPathDir=/custom/metro/log
10-10 17:25:34.203  2698  2820 D LogWriteUtil.class=LogFileHandlerThread.class: 2getFilePath: filePath=/custom/metro/log/2022-10-10
10-10 17:25:34.203  2698  2820 D LogWriteUtil.class=LogFileHandlerThread.class: 1getCurrentFileName: LogWriteUtil.logfile=app.log
10-10 17:25:34.204  2698  2820 D LogWriteUtil.class=LogFileHandlerThread.class: 1getFilePath: logFormat=2022-10-10, LogWriteUtil.logPathDir=/custom/metro/log
10-10 17:25:34.204  2698  2820 D LogWriteUtil.class=LogFileHandlerThread.class: 2getFilePath: filePath=/custom/metro/log/2022-10-10
10-10 17:25:34.204  2698  2820 D LogWriteUtil.class=LogFileHandlerThread.class: getFileNameSuffix: file=/custom/metro/log/2022-10-10
10-10 17:25:34.205  2698  2820 D LogWriteUtil.class=LogFileHandlerThread.class: 2getCurrentFileName: index=3, LogWriteUtil.logfile=app.log, getFileNameSuffix=26
10-10 17:25:34.205  2698  2820 D LogWriteUtil.class=LogFileHandlerThread.class: 1getFilePath: logFormat=2022-10-10, LogWriteUtil.logPathDir=/custom/metro/log
10-10 17:25:34.206  2698  2820 D LogWriteUtil.class=LogFileHandlerThread.class: 2getFilePath: filePath=/custom/metro/log/2022-10-10
10-10 17:25:34.206  2698  2820 D LogWriteUtil.class=LogFileHandlerThread.class: getFileNameSuffix: file=/custom/metro/log/2022-10-10
10-10 17:25:34.206  2698  2820 D LogWriteUtil.class=LogFileHandlerThread.class: 3getCurrentFileName: logFileName=app26.log
10-10 17:25:34.207  2698  2820 D LogWriteUtil.class=LogFileHandlerThread.class: 1getCurrentFileName: LogWriteUtil.logfile=app.log
10-10 17:25:34.207  2698  2820 D LogWriteUtil.class=LogFileHandlerThread.class: 1getFilePath: logFormat=2022-10-10, LogWriteUtil.logPathDir=/custom/metro/log
10-10 17:25:34.207  2698  2820 D LogWriteUtil.class=LogFileHandlerThread.class: 2getFilePath: filePath=/custom/metro/log/2022-10-10
10-10 17:25:34.207  2698  2820 D LogWriteUtil.class=LogFileHandlerThread.class: getFileNameSuffix: file=/custom/metro/log/2022-10-10
10-10 17:25:34.208  2698  2820 D LogWriteUtil.class=LogFileHandlerThread.class: 2getCurrentFileName: index=3, LogWriteUtil.logfile=app.log, getFileNameSuffix=26
10-10 17:25:34.209  2698  2820 D LogWriteUtil.class=LogFileHandlerThread.class: 1getFilePath: logFormat=2022-10-10, LogWriteUtil.logPathDir=/custom/metro/log
10-10 17:25:34.209  2698  2820 D LogWriteUtil.class=LogFileHandlerThread.class: 2getFilePath: filePath=/custom/metro/log/2022-10-10
10-10 17:25:34.209  2698  2820 D LogWriteUtil.class=LogFileHandlerThread.class: getFileNameSuffix: file=/custom/metro/log/2022-10-10
10-10 17:25:34.209  2698  2820 D LogWriteUtil.class=LogFileHandlerThread.class: 3getCurrentFileName: logFileName=app26.log
10-10 17:25:34.210  2698  2820 D TAG     : 2,initFile: /custom/metro/log/2022-10-10/app26.log, logFile.length=395637, getCurrentFileName()=app26.log, writeFileName=/custom/metro/log/2022-10-10/app26.log
10-10 17:25:34.210  2698  2820 D LogWriteUtil.class=LogFileHandlerThread.class: 8,initFile: logFile=/custom/metro/log/2022-10-10/app26.log, logFile.length=395637
10-10 17:25:34.211  2698  2820 D LogWriteUtil.class=LogFileHandlerThread.class: 1getFilePath: logFormat=2022-10-10, LogWriteUtil.logPathDir=/custom/metro/log
10-10 17:25:34.211  2698  2820 D LogWriteUtil.class=LogFileHandlerThread.class: 2getFilePath: filePath=/custom/metro/log/2022-10-10
10-10 17:25:34.211  2698  2820 D LogWriteUtil.class=LogFileHandlerThread.class: 1getCurrentFileName: LogWriteUtil.logfile=app.log
10-10 17:25:34.212  2698  2820 D LogWriteUtil.class=LogFileHandlerThread.class: 1getFilePath: logFormat=2022-10-10, LogWriteUtil.logPathDir=/custom/metro/log
10-10 17:25:34.212  2698  2820 D LogWriteUtil.class=LogFileHandlerThread.class: 2getFilePath: filePath=/custom/metro/log/2022-10-10
10-10 17:25:34.212  2698  2820 D LogWriteUtil.class=LogFileHandlerThread.class: getFileNameSuffix: file=/custom/metro/log/2022-10-10
10-10 17:25:34.213  2698  2820 D LogWriteUtil.class=LogFileHandlerThread.class: 2getCurrentFileName: index=3, LogWriteUtil.logfile=app.log, getFileNameSuffix=26
10-10 17:25:34.213  2698  2820 D LogWriteUtil.class=LogFileHandlerThread.class: 1getFilePath: logFormat=2022-10-10, LogWriteUtil.logPathDir=/custom/metro/log
10-10 17:25:34.213  2698  2820 D LogWriteUtil.class=LogFileHandlerThread.class: 2getFilePath: filePath=/custom/metro/log/2022-10-10
10-10 17:25:34.214  2698  2820 D LogWriteUtil.class=LogFileHandlerThread.class: getFileNameSuffix: file=/custom/metro/log/2022-10-10
10-10 17:25:34.214  2698  2820 D LogWriteUtil.class=LogFileHandlerThread.class: 3getCurrentFileName: logFileName=app26.log
10-10 17:25:34.214  2698  2820 D LogWriteUtil.class=LogFileHandlerThread.class: 1,initFile: getFilePath()=/custom/metro/log/2022-10-10, getCurrentFileName=app26.log
10-10 17:25:34.215  2698  2820 D LogWriteUtil.class=LogFileHandlerThread.class: 1getFilePath: logFormat=2022-10-10, LogWriteUtil.logPathDir=/custom/metro/log
10-10 17:25:34.215  2698  2820 D LogWriteUtil.class=LogFileHandlerThread.class: 2getFilePath: filePath=/custom/metro/log/2022-10-10
10-10 17:25:34.215  2698  2820 D LogWriteUtil.class=LogFileHandlerThread.class: 1getCurrentFileName: LogWriteUtil.logfile=app.log
10-10 17:25:34.216  2698  2820 D LogWriteUtil.class=LogFileHandlerThread.class: 1getFilePath: logFormat=2022-10-10, LogWriteUtil.logPathDir=/custom/metro/log
10-10 17:25:34.216  2698  2820 D LogWriteUtil.class=LogFileHandlerThread.class: 2getFilePath: filePath=/custom/metro/log/2022-10-10
10-10 17:25:34.216  2698  2820 D LogWriteUtil.class=LogFileHandlerThread.class: getFileNameSuffix: file=/custom/metro/log/2022-10-10
10-10 17:25:34.216  2698  2820 D LogWriteUtil.class=LogFileHandlerThread.class: 2getCurrentFileName: index=3, LogWriteUtil.logfile=app.log, getFileNameSuffix=26
10-10 17:25:34.217  2698  2820 D LogWriteUtil.class=LogFileHandlerThread.class: 1getFilePath: logFormat=2022-10-10, LogWriteUtil.logPathDir=/custom/metro/log
10-10 17:25:34.217  2698  2820 D LogWriteUtil.class=LogFileHandlerThread.class: 2getFilePath: filePath=/custom/metro/log/2022-10-10
10-10 17:25:34.217  2698  2820 D LogWriteUtil.class=LogFileHandlerThread.class: getFileNameSuffix: file=/custom/metro/log/2022-10-10
10-10 17:25:34.218  2698  2820 D LogWriteUtil.class=LogFileHandlerThread.class: 3getCurrentFileName: logFileName=app26.log
10-10 17:25:34.218  2698  2820 D LogWriteUtil.class=LogFileHandlerThread.class: 1getCurrentFileName: LogWriteUtil.logfile=app.log
10-10 17:25:34.219  2698  2820 D LogWriteUtil.class=LogFileHandlerThread.class: 1getFilePath: logFormat=2022-10-10, LogWriteUtil.logPathDir=/custom/metro/log
10-10 17:25:34.219  2698  2820 D LogWriteUtil.class=LogFileHandlerThread.class: 2getFilePath: filePath=/custom/metro/log/2022-10-10
10-10 17:25:34.219  2698  2820 D LogWriteUtil.class=LogFileHandlerThread.class: getFileNameSuffix: file=/custom/metro/log/2022-10-10
10-10 17:25:34.219  2698  2820 D LogWriteUtil.class=LogFileHandlerThread.class: 2getCurrentFileName: index=3, LogWriteUtil.logfile=app.log, getFileNameSuffix=26
10-10 17:25:34.220  2698  2820 D LogWriteUtil.class=LogFileHandlerThread.class: 1getFilePath: logFormat=2022-10-10, LogWriteUtil.logPathDir=/custom/metro/log
10-10 17:25:34.220  2698  2820 D LogWriteUtil.class=LogFileHandlerThread.class: 2getFilePath: filePath=/custom/metro/log/2022-10-10
10-10 17:25:34.220  2698  2820 D LogWriteUtil.class=LogFileHandlerThread.class: getFileNameSuffix: file=/custom/metro/log/2022-10-10
10-10 17:25:34.221  2698  2820 D LogWriteUtil.class=LogFileHandlerThread.class: 3getCurrentFileName: logFileName=app26.log
10-10 17:25:34.221  2698  2820 D TAG     : 2,initFile: /custom/metro/log/2022-10-10/app26.log, logFile.length=395911, getCurrentFileName()=app26.log, writeFileName=/custom/metro/log/2022-10-10/app26.log
10-10 17:25:34.221  2698  2820 D LogWriteUtil.class=LogFileHandlerThread.class: 8,initFile: logFile=/custom/metro/log/2022-10-10/app26.log, logFile.length=395911
10-10 17:25:34.222  2698  2820 D LogWriteUtil.class=LogFileHandlerThread.class: 1getFilePath: logFormat=2022-10-10, LogWriteUtil.logPathDir=/custom/metro/log
10-10 17:25:34.223  2698  2820 D LogWriteUtil.class=LogFileHandlerThread.class: 2getFilePath: filePath=/custom/metro/log/2022-10-10
10-10 17:25:34.223  2698  2820 D LogWriteUtil.class=LogFileHandlerThread.class: 1getCurrentFileName: LogWriteUtil.logfile=app.log
10-10 17:25:34.223  2698  2820 D LogWriteUtil.class=LogFileHandlerThread.class: 1getFilePath: logFormat=2022-10-10, LogWriteUtil.logPathDir=/custom/metro/log
10-10 17:25:34.223  2698  2820 D LogWriteUtil.class=LogFileHandlerThread.class: 2getFilePath: filePath=/custom/metro/log/2022-10-10
10-10 17:25:34.223  2698  2820 D LogWriteUtil.class=LogFileHandlerThread.class: getFileNameSuffix: file=/custom/metro/log/2022-10-10
10-10 17:25:34.224  2698  2820 D LogWriteUtil.class=LogFileHandlerThread.class: 2getCurrentFileName: index=3, LogWriteUtil.logfile=app.log, getFileNameSuffix=26
10-10 17:25:34.225  2698  2820 D LogWriteUtil.class=LogFileHandlerThread.class: 1getFilePath: logFormat=2022-10-10, LogWriteUtil.logPathDir=/custom/metro/log
10-10 17:25:34.225  2698  2820 D LogWriteUtil.class=LogFileHandlerThread.class: 2getFilePath: filePath=/custom/metro/log/2022-10-10
10-10 17:25:34.225  2698  2820 D LogWriteUtil.class=LogFileHandlerThread.class: getFileNameSuffix: file=/custom/metro/log/2022-10-10
10-10 17:25:34.225  2698  2820 D LogWriteUtil.class=LogFileHandlerThread.class: 3getCurrentFileName: logFileName=app26.log
10-10 17:25:34.225  2698  2820 D LogWriteUtil.class=LogFileHandlerThread.class: 1,initFile: getFilePath()=/custom/metro/log/2022-10-10, getCurrentFileName=app26.log
10-10 17:25:34.226  2698  2820 D LogWriteUtil.class=LogFileHandlerThread.class: 1getFilePath: logFormat=2022-10-10, LogWriteUtil.logPathDir=/custom/metro/log
10-10 17:25:34.226  2698  2820 D LogWriteUtil.class=LogFileHandlerThread.class: 2getFilePath: filePath=/custom/metro/log/2022-10-10
10-10 17:25:34.226  2698  2820 D LogWriteUtil.class=LogFileHandlerThread.class: 1getCurrentFileName: LogWriteUtil.logfile=app.log
10-10 17:25:34.227  2698  2820 D LogWriteUtil.class=LogFileHandlerThread.class: 1getFilePath: logFormat=2022-10-10, LogWriteUtil.logPathDir=/custom/metro/log
10-10 17:25:34.227  2698  2820 D LogWriteUtil.class=LogFileHandlerThread.class: 2getFilePath: filePath=/custom/metro/log/2022-10-10
10-10 17:25:34.227  2698  2820 D LogWriteUtil.class=LogFileHandlerThread.class: getFileNameSuffix: file=/custom/metro/log/2022-10-10
10-10 17:25:34.227  2698  2820 D LogWriteUtil.class=LogFileHandlerThread.class: 2getCurrentFileName: index=3, LogWriteUtil.logfile=app.log, getFileNameSuffix=26
10-10 17:25:34.228  2698  2820 D LogWriteUtil.class=LogFileHandlerThread.class: 1getFilePath: logFormat=2022-10-10, LogWriteUtil.logPathDir=/custom/metro/log
10-10 17:25:34.228  2698  2820 D LogWriteUtil.class=LogFileHandlerThread.class: 2getFilePath: filePath=/custom/metro/log/2022-10-10
10-10 17:25:34.228  2698  2820 D LogWriteUtil.class=LogFileHandlerThread.class: getFileNameSuffix: file=/custom/metro/log/2022-10-10
10-10 17:25:34.229  2698  2820 D LogWriteUtil.class=LogFileHandlerThread.class: 3getCurrentFileName: logFileName=app26.log
10-10 17:25:34.229  2698  2820 D LogWriteUtil.class=LogFileHandlerThread.class: 1getCurrentFileName: LogWriteUtil.logfile=app.log
10-10 17:25:34.230  2698  2820 D LogWriteUtil.class=LogFileHandlerThread.class: 1getFilePath: logFormat=2022-10-10, LogWriteUtil.logPathDir=/custom/metro/log
10-10 17:25:34.230  2698  2820 D LogWriteUtil.class=LogFileHandlerThread.class: 2getFilePath: filePath=/custom/metro/log/2022-10-10
10-10 17:25:34.230  2698  2820 D LogWriteUtil.class=LogFileHandlerThread.class: getFileNameSuffix: file=/custom/metro/log/2022-10-10
10-10 17:25:34.230  2698  2820 D LogWriteUtil.class=LogFileHandlerThread.class: 2getCurrentFileName: index=3, LogWriteUtil.logfile=app.log, getFileNameSuffix=26
10-10 17:25:34.231  2698  2820 D LogWriteUtil.class=LogFileHandlerThread.class: 1getFilePath: logFormat=2022-10-10, LogWriteUtil.logPathDir=/custom/metro/log
10-10 17:25:34.231  2698  2820 D LogWriteUtil.class=LogFileHandlerThread.class: 2getFilePath: filePath=/custom/metro/log/2022-10-10
10-10 17:25:34.231  2698  2820 D LogWriteUtil.class=LogFileHandlerThread.class: getFileNameSuffix: file=/custom/metro/log/2022-10-10
10-10 17:25:34.232  2698  2820 D LogWriteUtil.class=LogFileHandlerThread.class: 3getCurrentFileName: logFileName=app26.log
10-10 17:25:34.232  2698  2820 D TAG     : 2,initFile: /custom/metro/log/2022-10-10/app26.log, logFile.length=396185, getCurrentFileName()=app26.log, writeFileName=/custom/metro/log/2022-10-10/app26.log
10-10 17:25:34.232  2698  2820 D LogWriteUtil.class=LogFileHandlerThread.class: 8,initFile: logFile=/custom/metro/log/2022-10-10/app26.log, logFile.length=396185
10-10 17:25:34.234  2698  2820 D LogWriteUtil.class=LogFileHandlerThread.class: 1getFilePath: logFormat=2022-10-10, LogWriteUtil.logPathDir=/custom/metro/log
10-10 17:25:34.234  2698  2820 D LogWriteUtil.class=LogFileHandlerThread.class: 2getFilePath: filePath=/custom/metro/log/2022-10-10
10-10 17:25:34.234  2698  2820 D LogWriteUtil.class=LogFileHandlerThread.class: 1getCurrentFileName: LogWriteUtil.logfile=app.log
10-10 17:25:34.234  2698  2820 D LogWriteUtil.class=LogFileHandlerThread.class: 1getFilePath: logFormat=2022-10-10, LogWriteUtil.logPathDir=/custom/metro/log
10-10 17:25:34.235  2698  2820 D LogWriteUtil.class=LogFileHandlerThread.class: 2getFilePath: filePath=/custom/metro/log/2022-10-10
10-10 17:25:34.235  2698  2820 D LogWriteUtil.class=LogFileHandlerThread.class: getFileNameSuffix: file=/custom/metro/log/2022-10-10
10-10 17:25:34.235  2698  2820 D LogWriteUtil.class=LogFileHandlerThread.class: 2getCurrentFileName: index=3, LogWriteUtil.logfile=app.log, getFileNameSuffix=26
10-10 17:25:34.236  2698  2820 D LogWriteUtil.class=LogFileHandlerThread.class: 1getFilePath: logFormat=2022-10-10, LogWriteUtil.logPathDir=/custom/metro/log
10-10 17:25:34.236  2698  2820 D LogWriteUtil.class=LogFileHandlerThread.class: 2getFilePath: filePath=/custom/metro/log/2022-10-10
10-10 17:25:34.236  2698  2820 D LogWriteUtil.class=LogFileHandlerThread.class: getFileNameSuffix: file=/custom/metro/log/2022-10-10
10-10 17:25:34.237  2698  2820 D LogWriteUtil.class=LogFileHandlerThread.class: 3getCurrentFileName: logFileName=app26.log
10-10 17:25:34.237  2698  2820 D LogWriteUtil.class=LogFileHandlerThread.class: 1,initFile: getFilePath()=/custom/metro/log/2022-10-10, getCurrentFileName=app26.log
10-10 17:25:34.237  2698  2820 D LogWriteUtil.class=LogFileHandlerThread.class: 1getFilePath: logFormat=2022-10-10, LogWriteUtil.logPathDir=/custom/metro/log
10-10 17:25:34.237  2698  2820 D LogWriteUtil.class=LogFileHandlerThread.class: 2getFilePath: filePath=/custom/metro/log/2022-10-10
10-10 17:25:34.237  2698  2820 D LogWriteUtil.class=LogFileHandlerThread.class: 1getCurrentFileName: LogWriteUtil.logfile=app.log
10-10 17:25:34.238  2698  2820 D LogWriteUtil.class=LogFileHandlerThread.class: 1getFilePath: logFormat=2022-10-10, LogWriteUtil.logPathDir=/custom/metro/log
10-10 17:25:34.238  2698  2820 D LogWriteUtil.class=LogFileHandlerThread.class: 2getFilePath: filePath=/custom/metro/log/2022-10-10
10-10 17:25:34.238  2698  2820 D LogWriteUtil.class=LogFileHandlerThread.class: getFileNameSuffix: file=/custom/metro/log/2022-10-10
10-10 17:25:34.239  2698  2820 D LogWriteUtil.class=LogFileHandlerThread.class: 2getCurrentFileName: index=3, LogWriteUtil.logfile=app.log, getFileNameSuffix=26
10-10 17:25:34.239  2698  2820 D LogWriteUtil.class=LogFileHandlerThread.class: 1getFilePath: logFormat=2022-10-10, LogWriteUtil.logPathDir=/custom/metro/log
10-10 17:25:34.239  2698  2820 D LogWriteUtil.class=LogFileHandlerThread.class: 2getFilePath: filePath=/custom/metro/log/2022-10-10
10-10 17:25:34.239  2698  2820 D LogWriteUtil.class=LogFileHandlerThread.class: getFileNameSuffix: file=/custom/metro/log/2022-10-10
10-10 17:25:34.240  2698  2820 D LogWriteUtil.class=LogFileHandlerThread.class: 3getCurrentFileName: logFileName=app26.log
10-10 17:25:34.240  2698  2820 D LogWriteUtil.class=LogFileHandlerThread.class: 1getCurrentFileName: LogWriteUtil.logfile=app.log
10-10 17:25:34.241  2698  2820 D LogWriteUtil.class=LogFileHandlerThread.class: 1getFilePath: logFormat=2022-10-10, LogWriteUtil.logPathDir=/custom/metro/log
10-10 17:25:34.241  2698  2820 D LogWriteUtil.class=LogFileHandlerThread.class: 2getFilePath: filePath=/custom/metro/log/2022-10-10
10-10 17:25:34.241  2698  2820 D LogWriteUtil.class=LogFileHandlerThread.class: getFileNameSuffix: file=/custom/metro/log/2022-10-10
10-10 17:25:34.242  2698  2820 D LogWriteUtil.class=LogFileHandlerThread.class: 2getCurrentFileName: index=3, LogWriteUtil.logfile=app.log, getFileNameSuffix=26
10-10 17:25:34.243  2698  2820 D LogWriteUtil.class=LogFileHandlerThread.class: 1getFilePath: logFormat=2022-10-10, LogWriteUtil.logPathDir=/custom/metro/log
10-10 17:25:34.243  2698  2820 D LogWriteUtil.class=LogFileHandlerThread.class: 2getFilePath: filePath=/custom/metro/log/2022-10-10
10-10 17:25:34.243  2698  2820 D LogWriteUtil.class=LogFileHandlerThread.class: getFileNameSuffix: file=/custom/metro/log/2022-10-10
10-10 17:25:34.244  2698  2820 D LogWriteUtil.class=LogFileHandlerThread.class: 3getCurrentFileName: logFileName=app26.log
10-10 17:25:34.244  2698  2820 D TAG     : 2,initFile: /custom/metro/log/2022-10-10/app26.log, logFile.length=396298, getCurrentFileName()=app26.log, writeFileName=/custom/metro/log/2022-10-10/app26.log
10-10 17:25:34.244  2698  2820 D LogWriteUtil.class=LogFileHandlerThread.class: 8,initFile: logFile=/custom/metro/log/2022-10-10/app26.log, logFile.length=396298
10-10 17:25:34.245  2698  2820 D LogWriteUtil.class=LogFileHandlerThread.class: 1getFilePath: logFormat=2022-10-10, LogWriteUtil.logPathDir=/custom/metro/log
10-10 17:25:34.245  2698  2820 D LogWriteUtil.class=LogFileHandlerThread.class: 2getFilePath: filePath=/custom/metro/log/2022-10-10
10-10 17:25:34.245  2698  2820 D LogWriteUtil.class=LogFileHandlerThread.class: 1getCurrentFileName: LogWriteUtil.logfile=app.log
10-10 17:25:34.246  2698  2820 D LogWriteUtil.class=LogFileHandlerThread.class: 1getFilePath: logFormat=2022-10-10, LogWriteUtil.logPathDir=/custom/metro/log
10-10 17:25:34.246  2698  2820 D LogWriteUtil.class=LogFileHandlerThread.class: 2getFilePath: filePath=/custom/metro/log/2022-10-10
10-10 17:25:34.246  2698  2820 D LogWriteUtil.class=LogFileHandlerThread.class: getFileNameSuffix: file=/custom/metro/log/2022-10-10
10-10 17:25:34.246  2698  2820 D LogWriteUtil.class=LogFileHandlerThread.class: 2getCurrentFileName: index=3, LogWriteUtil.logfile=app.log, getFileNameSuffix=26
10-10 17:25:34.247  2698  2820 D LogWriteUtil.class=LogFileHandlerThread.class: 1getFilePath: logFormat=2022-10-10, LogWriteUtil.logPathDir=/custom/metro/log
10-10 17:25:34.247  2698  2820 D LogWriteUtil.class=LogFileHandlerThread.class: 2getFilePath: filePath=/custom/metro/log/2022-10-10
10-10 17:25:34.247  2698  2820 D LogWriteUtil.class=LogFileHandlerThread.class: getFileNameSuffix: file=/custom/metro/log/2022-10-10
10-10 17:25:34.247  2698  2820 D LogWriteUtil.class=LogFileHandlerThread.class: 3getCurrentFileName: logFileName=app26.log
10-10 17:25:34.248  2698  2820 D LogWriteUtil.class=LogFileHandlerThread.class: 1,initFile: getFilePath()=/custom/metro/log/2022-10-10, getCurrentFileName=app26.log
10-10 17:25:34.248  2698  2820 D LogWriteUtil.class=LogFileHandlerThread.class: 1getFilePath: logFormat=2022-10-10, LogWriteUtil.logPathDir=/custom/metro/log
10-10 17:25:34.248  2698  2820 D LogWriteUtil.class=LogFileHandlerThread.class: 2getFilePath: filePath=/custom/metro/log/2022-10-10
10-10 17:25:34.248  2698  2820 D LogWriteUtil.class=LogFileHandlerThread.class: 1getCurrentFileName: LogWriteUtil.logfile=app.log
10-10 17:25:34.249  2698  2820 D LogWriteUtil.class=LogFileHandlerThread.class: 1getFilePath: logFormat=2022-10-10, LogWriteUtil.logPathDir=/custom/metro/log
10-10 17:25:34.249  2698  2820 D LogWriteUtil.class=LogFileHandlerThread.class: 2getFilePath: filePath=/custom/metro/log/2022-10-10
10-10 17:25:34.249  2698  2820 D LogWriteUtil.class=LogFileHandlerThread.class: getFileNameSuffix: file=/custom/metro/log/2022-10-10
10-10 17:25:34.249  2698  2820 D LogWriteUtil.class=LogFileHandlerThread.class: 2getCurrentFileName: index=3, LogWriteUtil.logfile=app.log, getFileNameSuffix=26
10-10 17:25:34.250  2698  2820 D LogWriteUtil.class=LogFileHandlerThread.class: 1getFilePath: logFormat=2022-10-10, LogWriteUtil.logPathDir=/custom/metro/log
10-10 17:25:34.250  2698  2820 D LogWriteUtil.class=LogFileHandlerThread.class: 2getFilePath: filePath=/custom/metro/log/2022-10-10
10-10 17:25:34.250  2698  2820 D LogWriteUtil.class=LogFileHandlerThread.class: getFileNameSuffix: file=/custom/metro/log/2022-10-10
10-10 17:25:34.250  2698  2820 D LogWriteUtil.class=LogFileHandlerThread.class: 3getCurrentFileName: logFileName=app26.log
10-10 17:25:34.251  2698  2820 D LogWriteUtil.class=LogFileHandlerThread.class: 1getCurrentFileName: LogWriteUtil.logfile=app.log
10-10 17:25:34.251  2698  2820 D LogWriteUtil.class=LogFileHandlerThread.class: 1getFilePath: logFormat=2022-10-10, LogWriteUtil.logPathDir=/custom/metro/log
10-10 17:25:34.251  2698  2820 D LogWriteUtil.class=LogFileHandlerThread.class: 2getFilePath: filePath=/custom/metro/log/2022-10-10
10-10 17:25:34.251  2698  2820 D LogWriteUtil.class=LogFileHandlerThread.class: getFileNameSuffix: file=/custom/metro/log/2022-10-10
10-10 17:25:34.252  2698  2820 D LogWriteUtil.class=LogFileHandlerThread.class: 2getCurrentFileName: index=3, LogWriteUtil.logfile=app.log, getFileNameSuffix=26
10-10 17:25:34.252  2698  2820 D LogWriteUtil.class=LogFileHandlerThread.class: 1getFilePath: logFormat=2022-10-10, LogWriteUtil.logPathDir=/custom/metro/log
10-10 17:25:34.253  2698  2820 D LogWriteUtil.class=LogFileHandlerThread.class: 2getFilePath: filePath=/custom/metro/log/2022-10-10
10-10 17:25:34.253  2698  2820 D LogWriteUtil.class=LogFileHandlerThread.class: getFileNameSuffix: file=/custom/metro/log/2022-10-10
10-10 17:25:34.253  2698  2820 D LogWriteUtil.class=LogFileHandlerThread.class: 3getCurrentFileName: logFileName=app26.log
10-10 17:25:34.253  2698  2820 D TAG     : 2,initFile: /custom/metro/log/2022-10-10/app26.log, logFile.length=396411, getCurrentFileName()=app26.log, writeFileName=/custom/metro/log/2022-10-10/app26.log
10-10 17:25:34.253  2698  2820 D LogWriteUtil.class=LogFileHandlerThread.class: 8,initFile: logFile=/custom/metro/log/2022-10-10/app26.log, logFile.length=396411
10-10 17:25:34.569  2698  4722 D MainViewModel: getSystemTime_currentThreadID2: 208
10-10 17:25:34.607  2698  4722 D TAG     : getSystemTime_currentThreadID3s: 208, isActive=true
10-10 17:25:34.768  2698  2753 I rilj    : EMCI Detial(CellId--->Tav): 5121,255,2,"460702",255,65535,59,65535,255,255,66,26,16,255,1159641224245,0,0,0,0,0,0,0,0
10-10 17:25:34.768  2698  2753 D LTERILJ : [UNSL]< RIL_UNSOL_NOTIFY_EMCI_DETAIL
10-10 17:25:34.769  2698  2749 D LTEPhone: EVENT_FOR_EMCI_DETAIL
10-10 17:25:34.769  2698  2749 D LTEServiceTracker: setCellId cellId:5121,"460702"
10-10 17:25:34.771  2698  2698 I APP_LogUtils.kt: [(LogUtils.kt:50).i()] [com.gbcom.library_base.service.LLteService] lte_resp_sys_for_emci_detail - EmciDetail=com.ztegota.system.common.EmciDetail@3a2c45e
10-10 17:25:34.773  2698  2820 D LogWriteUtil.class=LogFileHandlerThread.class: 1getFilePath: logFormat=2022-10-10, LogWriteUtil.logPathDir=/custom/metro/log
10-10 17:25:34.773  2698  2820 D LogWriteUtil.class=LogFileHandlerThread.class: 2getFilePath: filePath=/custom/metro/log/2022-10-10
10-10 17:25:34.773  2698  2820 D LogWriteUtil.class=LogFileHandlerThread.class: 1getCurrentFileName: LogWriteUtil.logfile=app.log
10-10 17:25:34.774  2698  2820 D LogWriteUtil.class=LogFileHandlerThread.class: 1getFilePath: logFormat=2022-10-10, LogWriteUtil.logPathDir=/custom/metro/log
10-10 17:25:34.775  2698  2820 D LogWriteUtil.class=LogFileHandlerThread.class: 2getFilePath: filePath=/custom/metro/log/2022-10-10
10-10 17:25:34.775  2698  2820 D LogWriteUtil.class=LogFileHandlerThread.class: getFileNameSuffix: file=/custom/metro/log/2022-10-10
10-10 17:25:34.776  2698  2820 D LogWriteUtil.class=LogFileHandlerThread.class: 2getCurrentFileName: index=3, LogWriteUtil.logfile=app.log, getFileNameSuffix=26
10-10 17:25:34.777  2698  2820 D LogWriteUtil.class=LogFileHandlerThread.class: 1getFilePath: logFormat=2022-10-10, LogWriteUtil.logPathDir=/custom/metro/log
10-10 17:25:34.777  2698  2820 D LogWriteUtil.class=LogFileHandlerThread.class: 2getFilePath: filePath=/custom/metro/log/2022-10-10
10-10 17:25:34.778  2698  2820 D LogWriteUtil.class=LogFileHandlerThread.class: getFileNameSuffix: file=/custom/metro/log/2022-10-10
10-10 17:25:34.779  2698  2820 D LogWriteUtil.class=LogFileHandlerThread.class: 3getCurrentFileName: logFileName=app26.log
10-10 17:25:34.779  2698  2820 D LogWriteUtil.class=LogFileHandlerThread.class: 1,initFile: getFilePath()=/custom/metro/log/2022-10-10, getCurrentFileName=app26.log
10-10 17:25:34.780  2698  2820 D LogWriteUtil.class=LogFileHandlerThread.class: 1getFilePath: logFormat=2022-10-10, LogWriteUtil.logPathDir=/custom/metro/log
10-10 17:25:34.780  2698  2820 D LogWriteUtil.class=LogFileHandlerThread.class: 2getFilePath: filePath=/custom/metro/log/2022-10-10
10-10 17:25:34.780  2698  2820 D LogWriteUtil.class=LogFileHandlerThread.class: 1getCurrentFileName: LogWriteUtil.logfile=app.log
10-10 17:25:34.781  2698  2820 D LogWriteUtil.class=LogFileHandlerThread.class: 1getFilePath: logFormat=2022-10-10, LogWriteUtil.logPathDir=/custom/metro/log
10-10 17:25:34.781  2698  2820 D LogWriteUtil.class=LogFileHandlerThread.class: 2getFilePath: filePath=/custom/metro/log/2022-10-10
10-10 17:25:34.782  2698  2820 D LogWriteUtil.class=LogFileHandlerThread.class: getFileNameSuffix: file=/custom/metro/log/2022-10-10
10-10 17:25:34.783  2698  2820 D LogWriteUtil.class=LogFileHandlerThread.class: 2getCurrentFileName: index=3, LogWriteUtil.logfile=app.log, getFileNameSuffix=26
10-10 17:25:34.784  2698  2820 D LogWriteUtil.class=LogFileHandlerThread.class: 1getFilePath: logFormat=2022-10-10, LogWriteUtil.logPathDir=/custom/metro/log
10-10 17:25:34.784  2698  2820 D LogWriteUtil.class=LogFileHandlerThread.class: 2getFilePath: filePath=/custom/metro/log/2022-10-10
10-10 17:25:34.785  2698  2820 D LogWriteUtil.class=LogFileHandlerThread.class: getFileNameSuffix: file=/custom/metro/log/2022-10-10
10-10 17:25:34.786  2698  2820 D LogWriteUtil.class=LogFileHandlerThread.class: 3getCurrentFileName: logFileName=app26.log
10-10 17:25:34.786  2698  2820 D LogWriteUtil.class=LogFileHandlerThread.class: 1getCurrentFileName: LogWriteUtil.logfile=app.log
10-10 17:25:34.787  2698  2820 D LogWriteUtil.class=LogFileHandlerThread.class: 1getFilePath: logFormat=2022-10-10, LogWriteUtil.logPathDir=/custom/metro/log
10-10 17:25:34.787  2698  2820 D LogWriteUtil.class=LogFileHandlerThread.class: 2getFilePath: filePath=/custom/metro/log/2022-10-10
10-10 17:25:34.788  2698  2820 D LogWriteUtil.class=LogFileHandlerThread.class: getFileNameSuffix: file=/custom/metro/log/2022-10-10
10-10 17:25:34.789  2698  2820 D LogWriteUtil.class=LogFileHandlerThread.class: 2getCurrentFileName: index=3, LogWriteUtil.logfile=app.log, getFileNameSuffix=26
10-10 17:25:34.790  2698  2820 D LogWriteUtil.class=LogFileHandlerThread.class: 1getFilePath: logFormat=2022-10-10, LogWriteUtil.logPathDir=/custom/metro/log
10-10 17:25:34.790  2698  2820 D LogWriteUtil.class=LogFileHandlerThread.class: 2getFilePath: filePath=/custom/metro/log/2022-10-10
10-10 17:25:34.790  2698  2820 D LogWriteUtil.class=LogFileHandlerThread.class: getFileNameSuffix: file=/custom/metro/log/2022-10-10
10-10 17:25:34.791  2698  2820 D LogWriteUtil.class=LogFileHandlerThread.class: 3getCurrentFileName: logFileName=app26.log
10-10 17:25:34.791  2698  2820 D TAG     : 2,initFile: /custom/metro/log/2022-10-10/app26.log, logFile.length=396524, getCurrentFileName()=app26.log, writeFileName=/custom/metro/log/2022-10-10/app26.log
10-10 17:25:34.792  2698  2820 D LogWriteUtil.class=LogFileHandlerThread.class: 8,initFile: logFile=/custom/metro/log/2022-10-10/app26.log, logFile.length=396524
10-10 17:25:35.077  2698  4722 D MainViewModel: getSystemTime_currentThreadID2: 208
