--------- beginning of main
10-10 17:25:23.966  2698  4791 D MainViewModel: getSystemTime_currentThreadID2: 220
10-10 17:25:23.998  2698  4791 D TAG     : getSystemTime_currentThreadID3s: 220, isActive=true
10-10 17:25:24.474  2698  4791 D MainViewModel: getSystemTime_currentThreadID2: 220
10-10 17:25:24.504  2698  4791 D TAG     : getSystemTime_currentThreadID3s: 220, isActive=true
10-10 17:25:24.590  2698  3336 D UdpDcRepository: api send - Thread ID=112, obj={"MsgName":"AppHeartbeat","MsgSeqID":2388,"AppID":"172.2.200.11","MsgInfo":{"SDKLongNumber":"+866022011"}}
10-10 17:25:24.594  2698  3336 I APP_LogUtils.kt: [(LogUtils.kt:50).i()] [UdpDisServices] start: send(String) - thread ID=112, send msg={"MsgName":"AppHeartbeat","MsgSeqID":2388,"AppID":"172.2.200.11","MsgInfo":{"SDKLongNumber":"+866022011"}}
10-10 17:25:24.595  2698  3336 D UdpDcRepository: api send - Thread ID=112, obj={"MsgName":"GetStationATSReq","MsgSeqID":2389,"AppID":"172.2.200.11","MsgInfo":{}}
10-10 17:25:24.596  2698  2820 D LogWriteUtil.class=LogFileHandlerThread.class: 1getFilePath: logFormat=2022-10-10, LogWriteUtil.logPathDir=/custom/metro/log
10-10 17:25:24.596  2698  2820 D LogWriteUtil.class=LogFileHandlerThread.class: 2getFilePath: filePath=/custom/metro/log/2022-10-10
10-10 17:25:24.597  2698  2820 D LogWriteUtil.class=LogFileHandlerThread.class: 1getCurrentFileName: LogWriteUtil.logfile=app.log
10-10 17:25:24.599  2698  2820 D LogWriteUtil.class=LogFileHandlerThread.class: 1getFilePath: logFormat=2022-10-10, LogWriteUtil.logPathDir=/custom/metro/log
10-10 17:25:24.599  2698  2820 D LogWriteUtil.class=LogFileHandlerThread.class: 2getFilePath: filePath=/custom/metro/log/2022-10-10
10-10 17:25:24.599  2698  2820 D LogWriteUtil.class=LogFileHandlerThread.class: getFileNameSuffix: file=/custom/metro/log/2022-10-10
10-10 17:25:24.601  2698  2820 D LogWriteUtil.class=LogFileHandlerThread.class: 2getCurrentFileName: index=3, LogWriteUtil.logfile=app.log, getFileNameSuffix=26
10-10 17:25:24.603  2698  2820 D LogWriteUtil.class=LogFileHandlerThread.class: 1getFilePath: logFormat=2022-10-10, LogWriteUtil.logPathDir=/custom/metro/log
10-10 17:25:24.603  2698  2820 D LogWriteUtil.class=LogFileHandlerThread.class: 2getFilePath: filePath=/custom/metro/log/2022-10-10
10-10 17:25:24.604  2698  2820 D LogWriteUtil.class=LogFileHandlerThread.class: getFileNameSuffix: file=/custom/metro/log/2022-10-10
10-10 17:25:24.604  2698  2820 D LogWriteUtil.class=LogFileHandlerThread.class: 3getCurrentFileName: logFileName=app26.log
10-10 17:25:24.604  2698  2820 D LogWriteUtil.class=LogFileHandlerThread.class: 1,initFile: getFilePath()=/custom/metro/log/2022-10-10, getCurrentFileName=app26.log
10-10 17:25:24.605  2698  2820 D LogWriteUtil.class=LogFileHandlerThread.class: 1getFilePath: logFormat=2022-10-10, LogWriteUtil.logPathDir=/custom/metro/log
10-10 17:25:24.605  2698  2820 D LogWriteUtil.class=LogFileHandlerThread.class: 2getFilePath: filePath=/custom/metro/log/2022-10-10
10-10 17:25:24.605  2698  2820 D LogWriteUtil.class=LogFileHandlerThread.class: 1getCurrentFileName: LogWriteUtil.logfile=app.log
10-10 17:25:24.606  2698  3336 I APP_LogUtils.kt: [(LogUtils.kt:50).i()] [UdpDisServices] start: send(String) - thread ID=112, send msg={"MsgName":"GetStationATSReq","MsgSeqID":2389,"AppID":"172.2.200.11","MsgInfo":{}}
10-10 17:25:24.606  2698  2820 D LogWriteUtil.class=LogFileHandlerThread.class: 1getFilePath: logFormat=2022-10-10, LogWriteUtil.logPathDir=/custom/metro/log
10-10 17:25:24.607  2698  2820 D LogWriteUtil.class=LogFileHandlerThread.class: 2getFilePath: filePath=/custom/metro/log/2022-10-10
10-10 17:25:24.607  2698  2820 D LogWriteUtil.class=LogFileHandlerThread.class: getFileNameSuffix: file=/custom/metro/log/2022-10-10
10-10 17:25:24.607  2698  2820 D LogWriteUtil.class=LogFileHandlerThread.class: 2getCurrentFileName: index=3, LogWriteUtil.logfile=app.log, getFileNameSuffix=26
10-10 17:25:24.608  2698  2820 D LogWriteUtil.class=LogFileHandlerThread.class: 1getFilePath: logFormat=2022-10-10, LogWriteUtil.logPathDir=/custom/metro/log
10-10 17:25:24.608  2698  2820 D LogWriteUtil.class=LogFileHandlerThread.class: 2getFilePath: filePath=/custom/metro/log/2022-10-10
10-10 17:25:24.609  2698  2820 D LogWriteUtil.class=LogFileHandlerThread.class: getFileNameSuffix: file=/custom/metro/log/2022-10-10
10-10 17:25:24.609  2698  2820 D LogWriteUtil.class=LogFileHandlerThread.class: 3getCurrentFileName: logFileName=app26.log
10-10 17:25:24.609  2698  2820 D LogWriteUtil.class=LogFileHandlerThread.class: 1getCurrentFileName: LogWriteUtil.logfile=app.log
10-10 17:25:24.610  2698  2820 D LogWriteUtil.class=LogFileHandlerThread.class: 1getFilePath: logFormat=2022-10-10, LogWriteUtil.logPathDir=/custom/metro/log
10-10 17:25:24.610  2698  2820 D LogWriteUtil.class=LogFileHandlerThread.class: 2getFilePath: filePath=/custom/metro/log/2022-10-10
10-10 17:25:24.610  2698  2820 D LogWriteUtil.class=LogFileHandlerThread.class: getFileNameSuffix: file=/custom/metro/log/2022-10-10
10-10 17:25:24.611  2698  2820 D LogWriteUtil.class=LogFileHandlerThread.class: 2getCurrentFileName: index=3, LogWriteUtil.logfile=app.log, getFileNameSuffix=26
10-10 17:25:24.612  2698  2820 D LogWriteUtil.class=LogFileHandlerThread.class: 1getFilePath: logFormat=2022-10-10, LogWriteUtil.logPathDir=/custom/metro/log
10-10 17:25:24.612  2698  2820 D LogWriteUtil.class=LogFileHandlerThread.class: 2getFilePath: filePath=/custom/metro/log/2022-10-10
10-10 17:25:24.612  2698  2820 D LogWriteUtil.class=LogFileHandlerThread.class: getFileNameSuffix: file=/custom/metro/log/2022-10-10
10-10 17:25:24.613  2698  2820 D LogWriteUtil.class=LogFileHandlerThread.class: 3getCurrentFileName: logFileName=app26.log
10-10 17:25:24.613  2698  2820 D TAG     : 2,initFile: /custom/metro/log/2022-10-10/app26.log, logFile.length=379927, getCurrentFileName()=app26.log, writeFileName=/custom/metro/log/2022-10-10/app26.log
10-10 17:25:24.613  2698  2820 D LogWriteUtil.class=LogFileHandlerThread.class: 8,initFile: logFile=/custom/metro/log/2022-10-10/app26.log, logFile.length=379927
10-10 17:25:24.614  2698  2820 D LogWriteUtil.class=LogFileHandlerThread.class: 1getFilePath: logFormat=2022-10-10, LogWriteUtil.logPathDir=/custom/metro/log
10-10 17:25:24.614  2698  2820 D LogWriteUtil.class=LogFileHandlerThread.class: 2getFilePath: filePath=/custom/metro/log/2022-10-10
10-10 17:25:24.615  2698  2820 D LogWriteUtil.class=LogFileHandlerThread.class: 1getCurrentFileName: LogWriteUtil.logfile=app.log
10-10 17:25:24.615  2698  2820 D LogWriteUtil.class=LogFileHandlerThread.class: 1getFilePath: logFormat=2022-10-10, LogWriteUtil.logPathDir=/custom/metro/log
10-10 17:25:24.615  2698  2820 D LogWriteUtil.class=LogFileHandlerThread.class: 2getFilePath: filePath=/custom/metro/log/2022-10-10
10-10 17:25:24.615  2698  2820 D LogWriteUtil.class=LogFileHandlerThread.class: getFileNameSuffix: file=/custom/metro/log/2022-10-10
10-10 17:25:24.616  2698  2820 D LogWriteUtil.class=LogFileHandlerThread.class: 2getCurrentFileName: index=3, LogWriteUtil.logfile=app.log, getFileNameSuffix=26
10-10 17:25:24.617  2698  2820 D LogWriteUtil.class=LogFileHandlerThread.class: 1getFilePath: logFormat=2022-10-10, LogWriteUtil.logPathDir=/custom/metro/log
10-10 17:25:24.617  2698  2820 D LogWriteUtil.class=LogFileHandlerThread.class: 2getFilePath: filePath=/custom/metro/log/2022-10-10
10-10 17:25:24.617  2698  2820 D LogWriteUtil.class=LogFileHandlerThread.class: getFileNameSuffix: file=/custom/metro/log/2022-10-10
10-10 17:25:24.617  2698  2820 D LogWriteUtil.class=LogFileHandlerThread.class: 3getCurrentFileName: logFileName=app26.log
10-10 17:25:24.617  2698  2820 D LogWriteUtil.class=LogFileHandlerThread.class: 1,initFile: getFilePath()=/custom/metro/log/2022-10-10, getCurrentFileName=app26.log
10-10 17:25:24.618  2698  2820 D LogWriteUtil.class=LogFileHandlerThread.class: 1getFilePath: logFormat=2022-10-10, LogWriteUtil.logPathDir=/custom/metro/log
10-10 17:25:24.618  2698  2820 D LogWriteUtil.class=LogFileHandlerThread.class: 2getFilePath: filePath=/custom/metro/log/2022-10-10
10-10 17:25:24.618  2698  2820 D LogWriteUtil.class=LogFileHandlerThread.class: 1getCurrentFileName: LogWriteUtil.logfile=app.log
10-10 17:25:24.619  2698  2820 D LogWriteUtil.class=LogFileHandlerThread.class: 1getFilePath: logFormat=2022-10-10, LogWriteUtil.logPathDir=/custom/metro/log
10-10 17:25:24.619  2698  2820 D LogWriteUtil.class=LogFileHandlerThread.class: 2getFilePath: filePath=/custom/metro/log/2022-10-10
10-10 17:25:24.619  2698  2820 D LogWriteUtil.class=LogFileHandlerThread.class: getFileNameSuffix: file=/custom/metro/log/2022-10-10
10-10 17:25:24.620  2698  2820 D LogWriteUtil.class=LogFileHandlerThread.class: 2getCurrentFileName: index=3, LogWriteUtil.logfile=app.log, getFileNameSuffix=26
10-10 17:25:24.620  2698  2820 D LogWriteUtil.class=LogFileHandlerThread.class: 1getFilePath: logFormat=2022-10-10, LogWriteUtil.logPathDir=/custom/metro/log
10-10 17:25:24.621  2698  2820 D LogWriteUtil.class=LogFileHandlerThread.class: 2getFilePath: filePath=/custom/metro/log/2022-10-10
10-10 17:25:24.621  2698  2820 D LogWriteUtil.class=LogFileHandlerThread.class: getFileNameSuffix: file=/custom/metro/log/2022-10-10
10-10 17:25:24.621  2698  2820 D LogWriteUtil.class=LogFileHandlerThread.class: 3getCurrentFileName: logFileName=app26.log
10-10 17:25:24.621  2698  2820 D LogWriteUtil.class=LogFileHandlerThread.class: 1getCurrentFileName: LogWriteUtil.logfile=app.log
10-10 17:25:24.623  2698  2820 D LogWriteUtil.class=LogFileHandlerThread.class: 1getFilePath: logFormat=2022-10-10, LogWriteUtil.logPathDir=/custom/metro/log
10-10 17:25:24.623  2698  2820 D LogWriteUtil.class=LogFileHandlerThread.class: 2getFilePath: filePath=/custom/metro/log/2022-10-10
10-10 17:25:24.623  2698  2820 D LogWriteUtil.class=LogFileHandlerThread.class: getFileNameSuffix: file=/custom/metro/log/2022-10-10
10-10 17:25:24.623  2698  2820 D LogWriteUtil.class=LogFileHandlerThread.class: 2getCurrentFileName: index=3, LogWriteUtil.logfile=app.log, getFileNameSuffix=26
10-10 17:25:24.624  2698  2820 D LogWriteUtil.class=LogFileHandlerThread.class: 1getFilePath: logFormat=2022-10-10, LogWriteUtil.logPathDir=/custom/metro/log
10-10 17:25:24.624  2698  2820 D LogWriteUtil.class=LogFileHandlerThread.class: 2getFilePath: filePath=/custom/metro/log/2022-10-10
10-10 17:25:24.625  2698  2820 D LogWriteUtil.class=LogFileHandlerThread.class: getFileNameSuffix: file=/custom/metro/log/2022-10-10
10-10 17:25:24.625  2698  2820 D LogWriteUtil.class=LogFileHandlerThread.class: 3getCurrentFileName: logFileName=app26.log
10-10 17:25:24.625  2698  2820 D TAG     : 2,initFile: /custom/metro/log/2022-10-10/app26.log, logFile.length=380145, getCurrentFileName()=app26.log, writeFileName=/custom/metro/log/2022-10-10/app26.log
10-10 17:25:24.625  2698  2820 D LogWriteUtil.class=LogFileHandlerThread.class: 8,initFile: logFile=/custom/metro/log/2022-10-10/app26.log, logFile.length=380145
10-10 17:25:24.642  2698  3292 D UdpDisServices: udp receive - api receive data disApi, udp service id=98  - udp.packet.address=/172.2.208.8, udp.pack.socketAddress=/172.2.208.8:64002, udp.port=64002- running=true - message={"MsgSeqID":961661,"MsgName":"DisReceivedNotify","MsgInfo":{"AppMsgSeqID":2388,"Code":10001}}
10-10 17:25:24.643  2698  3292 I APP_LogUtils.kt: [(LogUtils.kt:50).i()] [UdpDisServices] udp receive - api receive data disApi, udp service id=98 - running=true  - ip=/172.2.208.8 - port=64002 - message={"MsgSeqID":961661,"MsgName":"DisReceivedNotify","MsgInfo":{"AppMsgSeqID":2388,"Code":10001}}
10-10 17:25:24.644  2698  2698 D MainActivity: onMessageEvent  -- gginit: disApi, id=1---event={"MsgSeqID":961661,"MsgName":"DisReceivedNotify","MsgInfo":{"AppMsgSeqID":2388,"Code":10001}}
10-10 17:25:24.645  2698  2698 D MainViewModel: 1processDisApi: disApi, id=1
10-10 17:25:24.645  2698  2820 D LogWriteUtil.class=LogFileHandlerThread.class: 1getFilePath: logFormat=2022-10-10, LogWriteUtil.logPathDir=/custom/metro/log
10-10 17:25:24.645  2698  2820 D LogWriteUtil.class=LogFileHandlerThread.class: 2getFilePath: filePath=/custom/metro/log/2022-10-10
10-10 17:25:24.645  2698  2820 D LogWriteUtil.class=LogFileHandlerThread.class: 1getCurrentFileName: LogWriteUtil.logfile=app.log
10-10 17:25:24.645  2698  4791 D DisApiSingletonReceive: processingData: disApi, id=220 - data={"MsgSeqID":961661,"MsgName":"DisReceivedNotify","MsgInfo":{"AppMsgSeqID":2388,"Code":10001}}
10-10 17:25:24.646  2698  3292 D UdpDisServices: udp receive - api receive data disApi, udp service id=98  - udp.packet.address=/172.2.208.8, udp.pack.socketAddress=/172.2.208.8:64002, udp.port=64002- running=true - message={"MsgSeqID":961662,"MsgName":"DisReceivedNotify","MsgInfo":{"AppMsgSeqID":2389,"Code":10001}}
10-10 17:25:24.646  2698  2820 D LogWriteUtil.class=LogFileHandlerThread.class: 1getFilePath: logFormat=2022-10-10, LogWriteUtil.logPathDir=/custom/metro/log
10-10 17:25:24.646  2698  2820 D LogWriteUtil.class=LogFileHandlerThread.class: 2getFilePath: filePath=/custom/metro/log/2022-10-10
10-10 17:25:24.647  2698  3292 I APP_LogUtils.kt: [(LogUtils.kt:50).i()] [UdpDisServices] udp receive - api receive data disApi, udp service id=98 - running=true  - ip=/172.2.208.8 - port=64002 - message={"MsgSeqID":961662,"MsgName":"DisReceivedNotify","MsgInfo":{"AppMsgSeqID":2389,"Code":10001}}
10-10 17:25:24.647  2698  2820 D LogWriteUtil.class=LogFileHandlerThread.class: getFileNameSuffix: file=/custom/metro/log/2022-10-10
10-10 17:25:24.647  2698  2698 D MainActivity: onMessageEvent  -- gginit: disApi, id=1---event={"MsgSeqID":961662,"MsgName":"DisReceivedNotify","MsgInfo":{"AppMsgSeqID":2389,"Code":10001}}
10-10 17:25:24.647  2698  4791 D DisApiSingletonReceive: processingDisReceivedNotify: info=DisReceivedNotifyApiData(msgName=DisReceivedNotify, msgSeqID=961661, msgInfo=ReceivedNotifyData(appMsgSeqID=0, code=10001))
10-10 17:25:24.647  2698  2698 D MainViewModel: 1processDisApi: disApi, id=1
10-10 17:25:24.647  2698  2820 D LogWriteUtil.class=LogFileHandlerThread.class: 2getCurrentFileName: index=3, LogWriteUtil.logfile=app.log, getFileNameSuffix=26
10-10 17:25:24.648  2698  4791 D DisApiSingletonReceive: processingData: disApi, id=220 - data={"MsgSeqID":961662,"MsgName":"DisReceivedNotify","MsgInfo":{"AppMsgSeqID":2389,"Code":10001}}
10-10 17:25:24.648  2698  2820 D LogWriteUtil.class=LogFileHandlerThread.class: 1getFilePath: logFormat=2022-10-10, LogWriteUtil.logPathDir=/custom/metro/log
10-10 17:25:24.649  2698  2820 D LogWriteUtil.class=LogFileHandlerThread.class: 2getFilePath: filePath=/custom/metro/log/2022-10-10
10-10 17:25:24.649  2698  2820 D LogWriteUtil.class=LogFileHandlerThread.class: getFileNameSuffix: file=/custom/metro/log/2022-10-10
10-10 17:25:24.650  2698  4791 D DisApiSingletonReceive: processingDisReceivedNotify: info=DisReceivedNotifyApiData(msgName=DisReceivedNotify, msgSeqID=961662, msgInfo=ReceivedNotifyData(appMsgSeqID=0, code=10001))
10-10 17:25:24.650  2698  2820 D LogWriteUtil.class=LogFileHandlerThread.class: 3getCurrentFileName: logFileName=app26.log
10-10 17:25:24.650  2698  2820 D LogWriteUtil.class=LogFileHandlerThread.class: 1,initFile: getFilePath()=/custom/metro/log/2022-10-10, getCurrentFileName=app26.log
10-10 17:25:24.651  2698  2820 D LogWriteUtil.class=LogFileHandlerThread.class: 1getFilePath: logFormat=2022-10-10, LogWriteUtil.logPathDir=/custom/metro/log
10-10 17:25:24.651  2698  2820 D LogWriteUtil.class=LogFileHandlerThread.class: 2getFilePath: filePath=/custom/metro/log/2022-10-10
10-10 17:25:24.651  2698  2820 D LogWriteUtil.class=LogFileHandlerThread.class: 1getCurrentFileName: LogWriteUtil.logfile=app.log
10-10 17:25:24.653  2698  2820 D LogWriteUtil.class=LogFileHandlerThread.class: 1getFilePath: logFormat=2022-10-10, LogWriteUtil.logPathDir=/custom/metro/log
10-10 17:25:24.653  2698  2820 D LogWriteUtil.class=LogFileHandlerThread.class: 2getFilePath: filePath=/custom/metro/log/2022-10-10
10-10 17:25:24.653  2698  2820 D LogWriteUtil.class=LogFileHandlerThread.class: getFileNameSuffix: file=/custom/metro/log/2022-10-10
10-10 17:25:24.654  2698  2820 D LogWriteUtil.class=LogFileHandlerThread.class: 2getCurrentFileName: index=3, LogWriteUtil.logfile=app.log, getFileNameSuffix=26
10-10 17:25:24.655  2698  2820 D LogWriteUtil.class=LogFileHandlerThread.class: 1getFilePath: logFormat=2022-10-10, LogWriteUtil.logPathDir=/custom/metro/log
10-10 17:25:24.655  2698  2820 D LogWriteUtil.class=LogFileHandlerThread.class: 2getFilePath: filePath=/custom/metro/log/2022-10-10
10-10 17:25:24.656  2698  2820 D LogWriteUtil.class=LogFileHandlerThread.class: getFileNameSuffix: file=/custom/metro/log/2022-10-10
10-10 17:25:24.656  2698  2820 D LogWriteUtil.class=LogFileHandlerThread.class: 3getCurrentFileName: logFileName=app26.log
10-10 17:25:24.657  2698  2820 D LogWriteUtil.class=LogFileHandlerThread.class: 1getCurrentFileName: LogWriteUtil.logfile=app.log
10-10 17:25:24.658  2698  2820 D LogWriteUtil.class=LogFileHandlerThread.class: 1getFilePath: logFormat=2022-10-10, LogWriteUtil.logPathDir=/custom/metro/log
10-10 17:25:24.658  2698  2820 D LogWriteUtil.class=LogFileHandlerThread.class: 2getFilePath: filePath=/custom/metro/log/2022-10-10
10-10 17:25:24.658  2698  2820 D LogWriteUtil.class=LogFileHandlerThread.class: getFileNameSuffix: file=/custom/metro/log/2022-10-10
10-10 17:25:24.659  2698  2820 D LogWriteUtil.class=LogFileHandlerThread.class: 2getCurrentFileName: index=3, LogWriteUtil.logfile=app.log, getFileNameSuffix=26
10-10 17:25:24.660  2698  2820 D LogWriteUtil.class=LogFileHandlerThread.class: 1getFilePath: logFormat=2022-10-10, LogWriteUtil.logPathDir=/custom/metro/log
10-10 17:25:24.660  2698  2820 D LogWriteUtil.class=LogFileHandlerThread.class: 2getFilePath: filePath=/custom/metro/log/2022-10-10
10-10 17:25:24.661  2698  2820 D LogWriteUtil.class=LogFileHandlerThread.class: getFileNameSuffix: file=/custom/metro/log/2022-10-10
10-10 17:25:24.661  2698  2820 D LogWriteUtil.class=LogFileHandlerThread.class: 3getCurrentFileName: logFileName=app26.log
10-10 17:25:24.662  2698  2820 D TAG     : 2,initFile: /custom/metro/log/2022-10-10/app26.log, logFile.length=380339, getCurrentFileName()=app26.log, writeFileName=/custom/metro/log/2022-10-10/app26.log
10-10 17:25:24.663  2698  2820 D LogWriteUtil.class=LogFileHandlerThread.class: 8,initFile: logFile=/custom/metro/log/2022-10-10/app26.log, logFile.length=380339
10-10 17:25:24.664  2698  2820 D LogWriteUtil.class=LogFileHandlerThread.class: 1getFilePath: logFormat=2022-10-10, LogWriteUtil.logPathDir=/custom/metro/log
10-10 17:25:24.664  2698  2820 D LogWriteUtil.class=LogFileHandlerThread.class: 2getFilePath: filePath=/custom/metro/log/2022-10-10
10-10 17:25:24.664  2698  2820 D LogWriteUtil.class=LogFileHandlerThread.class: 1getCurrentFileName: LogWriteUtil.logfile=app.log
10-10 17:25:24.665  2698  2820 D LogWriteUtil.class=LogFileHandlerThread.class: 1getFilePath: logFormat=2022-10-10, LogWriteUtil.logPathDir=/custom/metro/log
10-10 17:25:24.665  2698  2820 D LogWriteUtil.class=LogFileHandlerThread.class: 2getFilePath: filePath=/custom/metro/log/2022-10-10
10-10 17:25:24.665  2698  2820 D LogWriteUtil.class=LogFileHandlerThread.class: getFileNameSuffix: file=/custom/metro/log/2022-10-10
10-10 17:25:24.666  2698  2820 D LogWriteUtil.class=LogFileHandlerThread.class: 2getCurrentFileName: index=3, LogWriteUtil.logfile=app.log, getFileNameSuffix=26
10-10 17:25:24.666  2698  2820 D LogWriteUtil.class=LogFileHandlerThread.class: 1getFilePath: logFormat=2022-10-10, LogWriteUtil.logPathDir=/custom/metro/log
10-10 17:25:24.666  2698  2820 D LogWriteUtil.class=LogFileHandlerThread.class: 2getFilePath: filePath=/custom/metro/log/2022-10-10
10-10 17:25:24.667  2698  2820 D LogWriteUtil.class=LogFileHandlerThread.class: getFileNameSuffix: file=/custom/metro/log/2022-10-10
10-10 17:25:24.667  2698  2820 D LogWriteUtil.class=LogFileHandlerThread.class: 3getCurrentFileName: logFileName=app26.log
10-10 17:25:24.667  2698  2820 D LogWriteUtil.class=LogFileHandlerThread.class: 1,initFile: getFilePath()=/custom/metro/log/2022-10-10, getCurrentFileName=app26.log
10-10 17:25:24.668  2698  2820 D LogWriteUtil.class=LogFileHandlerThread.class: 1getFilePath: logFormat=2022-10-10, LogWriteUtil.logPathDir=/custom/metro/log
10-10 17:25:24.668  2698  2820 D LogWriteUtil.class=LogFileHandlerThread.class: 2getFilePath: filePath=/custom/metro/log/2022-10-10
10-10 17:25:24.668  2698  2820 D LogWriteUtil.class=LogFileHandlerThread.class: 1getCurrentFileName: LogWriteUtil.logfile=app.log
10-10 17:25:24.669  2698  2820 D LogWriteUtil.class=LogFileHandlerThread.class: 1getFilePath: logFormat=2022-10-10, LogWriteUtil.logPathDir=/custom/metro/log
10-10 17:25:24.669  2698  2820 D LogWriteUtil.class=LogFileHandlerThread.class: 2getFilePath: filePath=/custom/metro/log/2022-10-10
10-10 17:25:24.669  2698  2820 D LogWriteUtil.class=LogFileHandlerThread.class: getFileNameSuffix: file=/custom/metro/log/2022-10-10
10-10 17:25:24.670  2698  2820 D LogWriteUtil.class=LogFileHandlerThread.class: 2getCurrentFileName: index=3, LogWriteUtil.logfile=app.log, getFileNameSuffix=26
10-10 17:25:24.670  2698  2820 D LogWriteUtil.class=LogFileHandlerThread.class: 1getFilePath: logFormat=2022-10-10, LogWriteUtil.logPathDir=/custom/metro/log
10-10 17:25:24.670  2698  2820 D LogWriteUtil.class=LogFileHandlerThread.class: 2getFilePath: filePath=/custom/metro/log/2022-10-10
10-10 17:25:24.671  2698  2820 D LogWriteUtil.class=LogFileHandlerThread.class: getFileNameSuffix: file=/custom/metro/log/2022-10-10
10-10 17:25:24.671  2698  2820 D LogWriteUtil.class=LogFileHandlerThread.class: 3getCurrentFileName: logFileName=app26.log
10-10 17:25:24.671  2698  2820 D LogWriteUtil.class=LogFileHandlerThread.class: 1getCurrentFileName: LogWriteUtil.logfile=app.log
10-10 17:25:24.672  2698  2820 D LogWriteUtil.class=LogFileHandlerThread.class: 1getFilePath: logFormat=2022-10-10, LogWriteUtil.logPathDir=/custom/metro/log
10-10 17:25:24.672  2698  2820 D LogWriteUtil.class=LogFileHandlerThread.class: 2getFilePath: filePath=/custom/metro/log/2022-10-10
10-10 17:25:24.673  2698  2820 D LogWriteUtil.class=LogFileHandlerThread.class: getFileNameSuffix: file=/custom/metro/log/2022-10-10
10-10 17:25:24.673  2698  2820 D LogWriteUtil.class=LogFileHandlerThread.class: 2getCurrentFileName: index=3, LogWriteUtil.logfile=app.log, getFileNameSuffix=26
10-10 17:25:24.674  2698  3292 D UdpDisServices: udp receive - api receive data disApi, udp service id=98  - udp.packet.address=/172.2.208.8, udp.pack.socketAddress=/172.2.208.8:64002, udp.port=64002- running=true - message={"MsgSeqID":961663,"MsgName":"GetStationATSRsp","MsgInfo":{"Code":10011,"StationATSInfos":[]}}
10-10 17:25:24.674  2698  2820 D LogWriteUtil.class=LogFileHandlerThread.class: 1getFilePath: logFormat=2022-10-10, LogWriteUtil.logPathDir=/custom/metro/log
10-10 17:25:24.674  2698  3292 I APP_LogUtils.kt: [(LogUtils.kt:50).i()] [UdpDisServices] udp receive - api receive data disApi, udp service id=98 - running=true  - ip=/172.2.208.8 - port=64002 - message={"MsgSeqID":961663,"MsgName":"GetStationATSRsp","MsgInfo":{"Code":10011,"StationATSInfos":[]}}
10-10 17:25:24.674  2698  2820 D LogWriteUtil.class=LogFileHandlerThread.class: 2getFilePath: filePath=/custom/metro/log/2022-10-10
10-10 17:25:24.674  2698  2820 D LogWriteUtil.class=LogFileHandlerThread.class: getFileNameSuffix: file=/custom/metro/log/2022-10-10
10-10 17:25:24.675  2698  2698 D MainActivity: onMessageEvent  -- gginit: disApi, id=1---event={"MsgSeqID":961663,"MsgName":"GetStationATSRsp","MsgInfo":{"Code":10011,"StationATSInfos":[]}}
10-10 17:25:24.675  2698  2820 D LogWriteUtil.class=LogFileHandlerThread.class: 3getCurrentFileName: logFileName=app26.log
10-10 17:25:24.675  2698  2698 D MainViewModel: 1processDisApi: disApi, id=1
10-10 17:25:24.675  2698  2820 D TAG     : 2,initFile: /custom/metro/log/2022-10-10/app26.log, logFile.length=380612, getCurrentFileName()=app26.log, writeFileName=/custom/metro/log/2022-10-10/app26.log
10-10 17:25:24.675  2698  2820 D LogWriteUtil.class=LogFileHandlerThread.class: 8,initFile: logFile=/custom/metro/log/2022-10-10/app26.log, logFile.length=380612
10-10 17:25:24.676  2698  4791 D DisApiSingletonReceive: processingData: disApi, id=220 - data={"MsgSeqID":961663,"MsgName":"GetStationATSRsp","MsgInfo":{"Code":10011,"StationATSInfos":[]}}
10-10 17:25:24.676  2698  2820 D LogWriteUtil.class=LogFileHandlerThread.class: 1getFilePath: logFormat=2022-10-10, LogWriteUtil.logPathDir=/custom/metro/log
10-10 17:25:24.676  2698  2820 D LogWriteUtil.class=LogFileHandlerThread.class: 2getFilePath: filePath=/custom/metro/log/2022-10-10
10-10 17:25:24.677  2698  2820 D LogWriteUtil.class=LogFileHandlerThread.class: 1getCurrentFileName: LogWriteUtil.logfile=app.log
10-10 17:25:24.677  2698  2820 D LogWriteUtil.class=LogFileHandlerThread.class: 1getFilePath: logFormat=2022-10-10, LogWriteUtil.logPathDir=/custom/metro/log
10-10 17:25:24.677  2698  2820 D LogWriteUtil.class=LogFileHandlerThread.class: 2getFilePath: filePath=/custom/metro/log/2022-10-10
10-10 17:25:24.677  2698  2820 D LogWriteUtil.class=LogFileHandlerThread.class: getFileNameSuffix: file=/custom/metro/log/2022-10-10
10-10 17:25:24.678  2698  4791 D DisApiSingletonReceive: parseStationAtsData: atsInfo=com.gbcom.library_base.data.StationAtsApiData@cddf64a
10-10 17:25:24.678  2698  2820 D LogWriteUtil.class=LogFileHandlerThread.class: 2getCurrentFileName: index=3, LogWriteUtil.logfile=app.log, getFileNameSuffix=26
10-10 17:25:24.678  2698  4791 E APP_LogUtils.kt: [(LogUtils.kt:54).e()] [DisApiSingletonReceive] parseStationAtsData: ats data is empty!
10-10 17:25:24.678  2698  2820 D LogWriteUtil.class=LogFileHandlerThread.class: 1getFilePath: logFormat=2022-10-10, LogWriteUtil.logPathDir=/custom/metro/log
10-10 17:25:24.679  2698  2820 D LogWriteUtil.class=LogFileHandlerThread.class: 2getFilePath: filePath=/custom/metro/log/2022-10-10
10-10 17:25:24.679  2698  2820 D LogWriteUtil.class=LogFileHandlerThread.class: getFileNameSuffix: file=/custom/metro/log/2022-10-10
10-10 17:25:24.679  2698  2820 D LogWriteUtil.class=LogFileHandlerThread.class: 3getCurrentFileName: logFileName=app26.log
10-10 17:25:24.679  2698  2820 D LogWriteUtil.class=LogFileHandlerThread.class: 1,initFile: getFilePath()=/custom/metro/log/2022-10-10, getCurrentFileName=app26.log
10-10 17:25:24.680  2698  2820 D LogWriteUtil.class=LogFileHandlerThread.class: 1getFilePath: logFormat=2022-10-10, LogWriteUtil.logPathDir=/custom/metro/log
10-10 17:25:24.680  2698  2820 D LogWriteUtil.class=LogFileHandlerThread.class: 2getFilePath: filePath=/custom/metro/log/2022-10-10
10-10 17:25:24.680  2698  2820 D LogWriteUtil.class=LogFileHandlerThread.class: 1getCurrentFileName: LogWriteUtil.logfile=app.log
10-10 17:25:24.681  2698  2820 D LogWriteUtil.class=LogFileHandlerThread.class: 1getFilePath: logFormat=2022-10-10, LogWriteUtil.logPathDir=/custom/metro/log
10-10 17:25:24.681  2698  2820 D LogWriteUtil.class=LogFileHandlerThread.class: 2getFilePath: filePath=/custom/metro/log/2022-10-10
10-10 17:25:24.681  2698  2820 D LogWriteUtil.class=LogFileHandlerThread.class: getFileNameSuffix: file=/custom/metro/log/2022-10-10
10-10 17:25:24.681  2698  2820 D LogWriteUtil.class=LogFileHandlerThread.class: 2getCurrentFileName: index=3, LogWriteUtil.logfile=app.log, getFileNameSuffix=26
10-10 17:25:24.682  2698  2820 D LogWriteUtil.class=LogFileHandlerThread.class: 1getFilePath: logFormat=2022-10-10, LogWriteUtil.logPathDir=/custom/metro/log
10-10 17:25:24.683  2698  2820 D LogWriteUtil.class=LogFileHandlerThread.class: 2getFilePath: filePath=/custom/metro/log/2022-10-10
10-10 17:25:24.683  2698  2820 D LogWriteUtil.class=LogFileHandlerThread.class: getFileNameSuffix: file=/custom/metro/log/2022-10-10
10-10 17:25:24.683  2698  2820 D LogWriteUtil.class=LogFileHandlerThread.class: 3getCurrentFileName: logFileName=app26.log
10-10 17:25:24.684  2698  2820 D LogWriteUtil.class=LogFileHandlerThread.class: 1getCurrentFileName: LogWriteUtil.logfile=app.log
10-10 17:25:24.684  2698  2820 D LogWriteUtil.class=LogFileHandlerThread.class: 1getFilePath: logFormat=2022-10-10, LogWriteUtil.logPathDir=/custom/metro/log
10-10 17:25:24.684  2698  2820 D LogWriteUtil.class=LogFileHandlerThread.class: 2getFilePath: filePath=/custom/metro/log/2022-10-10
10-10 17:25:24.685  2698  2820 D LogWriteUtil.class=LogFileHandlerThread.class: getFileNameSuffix: file=/custom/metro/log/2022-10-10
10-10 17:25:24.685  2698  2820 D LogWriteUtil.class=LogFileHandlerThread.class: 2getCurrentFileName: index=3, LogWriteUtil.logfile=app.log, getFileNameSuffix=26
10-10 17:25:24.686  2698  2820 D LogWriteUtil.class=LogFileHandlerThread.class: 1getFilePath: logFormat=2022-10-10, LogWriteUtil.logPathDir=/custom/metro/log
10-10 17:25:24.686  2698  2820 D LogWriteUtil.class=LogFileHandlerThread.class: 2getFilePath: filePath=/custom/metro/log/2022-10-10
10-10 17:25:24.686  2698  2820 D LogWriteUtil.class=LogFileHandlerThread.class: getFileNameSuffix: file=/custom/metro/log/2022-10-10
10-10 17:25:24.687  2698  2820 D LogWriteUtil.class=LogFileHandlerThread.class: 3getCurrentFileName: logFileName=app26.log
10-10 17:25:24.687  2698  2820 D TAG     : 2,initFile: /custom/metro/log/2022-10-10/app26.log, logFile.length=380885, getCurrentFileName()=app26.log, writeFileName=/custom/metro/log/2022-10-10/app26.log
10-10 17:25:24.687  2698  2820 D LogWriteUtil.class=LogFileHandlerThread.class: 8,initFile: logFile=/custom/metro/log/2022-10-10/app26.log, logFile.length=380885
10-10 17:25:24.688  2698  2820 D LogWriteUtil.class=LogFileHandlerThread.class: 1getFilePath: logFormat=2022-10-10, LogWriteUtil.logPathDir=/custom/metro/log
10-10 17:25:24.689  2698  2820 D LogWriteUtil.class=LogFileHandlerThread.class: 2getFilePath: filePath=/custom/metro/log/2022-10-10
10-10 17:25:24.689  2698  2820 D LogWriteUtil.class=LogFileHandlerThread.class: 1getCurrentFileName: LogWriteUtil.logfile=app.log
10-10 17:25:24.689  2698  2820 D LogWriteUtil.class=LogFileHandlerThread.class: 1getFilePath: logFormat=2022-10-10, LogWriteUtil.logPathDir=/custom/metro/log
10-10 17:25:24.689  2698  2820 D LogWriteUtil.class=LogFileHandlerThread.class: 2getFilePath: filePath=/custom/metro/log/2022-10-10
10-10 17:25:24.689  2698  2820 D LogWriteUtil.class=LogFileHandlerThread.class: getFileNameSuffix: file=/custom/metro/log/2022-10-10
10-10 17:25:24.690  2698  2820 D LogWriteUtil.class=LogFileHandlerThread.class: 2getCurrentFileName: index=3, LogWriteUtil.logfile=app.log, getFileNameSuffix=26
10-10 17:25:24.691  2698  2820 D LogWriteUtil.class=LogFileHandlerThread.class: 1getFilePath: logFormat=2022-10-10, LogWriteUtil.logPathDir=/custom/metro/log
10-10 17:25:24.691  2698  2820 D LogWriteUtil.class=LogFileHandlerThread.class: 2getFilePath: filePath=/custom/metro/log/2022-10-10
10-10 17:25:24.691  2698  2820 D LogWriteUtil.class=LogFileHandlerThread.class: getFileNameSuffix: file=/custom/metro/log/2022-10-10
10-10 17:25:24.692  2698  2820 D LogWriteUtil.class=LogFileHandlerThread.class: 3getCurrentFileName: logFileName=app26.log
10-10 17:25:24.692  2698  2820 D LogWriteUtil.class=LogFileHandlerThread.class: 1,initFile: getFilePath()=/custom/metro/log/2022-10-10, getCurrentFileName=app26.log
10-10 17:25:24.693  2698  2820 D LogWriteUtil.class=LogFileHandlerThread.class: 1getFilePath: logFormat=2022-10-10, LogWriteUtil.logPathDir=/custom/metro/log
10-10 17:25:24.693  2698  2820 D LogWriteUtil.class=LogFileHandlerThread.class: 2getFilePath: filePath=/custom/metro/log/2022-10-10
10-10 17:25:24.693  2698  2820 D LogWriteUtil.class=LogFileHandlerThread.class: 1getCurrentFileName: LogWriteUtil.logfile=app.log
10-10 17:25:24.694  2698  2820 D LogWriteUtil.class=LogFileHandlerThread.class: 1getFilePath: logFormat=2022-10-10, LogWriteUtil.logPathDir=/custom/metro/log
10-10 17:25:24.694  2698  2820 D LogWriteUtil.class=LogFileHandlerThread.class: 2getFilePath: filePath=/custom/metro/log/2022-10-10
10-10 17:25:24.694  2698  2820 D LogWriteUtil.class=LogFileHandlerThread.class: getFileNameSuffix: file=/custom/metro/log/2022-10-10
10-10 17:25:24.694  2698  2820 D LogWriteUtil.class=LogFileHandlerThread.class: 2getCurrentFileName: index=3, LogWriteUtil.logfile=app.log, getFileNameSuffix=26
10-10 17:25:24.695  2698  2820 D LogWriteUtil.class=LogFileHandlerThread.class: 1getFilePath: logFormat=2022-10-10, LogWriteUtil.logPathDir=/custom/metro/log
10-10 17:25:24.695  2698  2820 D LogWriteUtil.class=LogFileHandlerThread.class: 2getFilePath: filePath=/custom/metro/log/2022-10-10
10-10 17:25:24.695  2698  2820 D LogWriteUtil.class=LogFileHandlerThread.class: getFileNameSuffix: file=/custom/metro/log/2022-10-10
10-10 17:25:24.696  2698  2820 D LogWriteUtil.class=LogFileHandlerThread.class: 3getCurrentFileName: logFileName=app26.log
10-10 17:25:24.696  2698  2820 D LogWriteUtil.class=LogFileHandlerThread.class: 1getCurrentFileName: LogWriteUtil.logfile=app.log
10-10 17:25:24.697  2698  2820 D LogWriteUtil.class=LogFileHandlerThread.class: 1getFilePath: logFormat=2022-10-10, LogWriteUtil.logPathDir=/custom/metro/log
10-10 17:25:24.697  2698  2820 D LogWriteUtil.class=LogFileHandlerThread.class: 2getFilePath: filePath=/custom/metro/log/2022-10-10
10-10 17:25:24.697  2698  2820 D LogWriteUtil.class=LogFileHandlerThread.class: getFileNameSuffix: file=/custom/metro/log/2022-10-10
10-10 17:25:24.698  2698  2820 D LogWriteUtil.class=LogFileHandlerThread.class: 2getCurrentFileName: index=3, LogWriteUtil.logfile=app.log, getFileNameSuffix=26
10-10 17:25:24.699  2698  2820 D LogWriteUtil.class=LogFileHandlerThread.class: 1getFilePath: logFormat=2022-10-10, LogWriteUtil.logPathDir=/custom/metro/log
10-10 17:25:24.699  2698  2820 D LogWriteUtil.class=LogFileHandlerThread.class: 2getFilePath: filePath=/custom/metro/log/2022-10-10
10-10 17:25:24.699  2698  2820 D LogWriteUtil.class=LogFileHandlerThread.class: getFileNameSuffix: file=/custom/metro/log/2022-10-10
10-10 17:25:24.699  2698  2820 D LogWriteUtil.class=LogFileHandlerThread.class: 3getCurrentFileName: logFileName=app26.log
10-10 17:25:24.700  2698  2820 D TAG     : 2,initFile: /custom/metro/log/2022-10-10/app26.log, logFile.length=381159, getCurrentFileName()=app26.log, writeFileName=/custom/metro/log/2022-10-10/app26.log
10-10 17:25:24.700  2698  2820 D LogWriteUtil.class=LogFileHandlerThread.class: 8,initFile: logFile=/custom/metro/log/2022-10-10/app26.log, logFile.length=381159
10-10 17:25:24.778  2698  2753 I rilj    : EMCI Detial(CellId--->Tav): 5121,255,2,"460702",255,65535,59,65535,255,255,66,26,16,255,1159641224245,0,0,0,0,0,0,0,0
10-10 17:25:24.779  2698  2753 D LTERILJ : [UNSL]< RIL_UNSOL_NOTIFY_EMCI_DETAIL
10-10 17:25:24.780  2698  2749 D LTEPhone: EVENT_FOR_EMCI_DETAIL
10-10 17:25:24.780  2698  2749 D LTEServiceTracker: setCellId cellId:5121,"460702"
10-10 17:25:24.783  2698  2698 I APP_LogUtils.kt: [(LogUtils.kt:50).i()] [com.gbcom.library_base.service.LLteService] lte_resp_sys_for_emci_detail - EmciDetail=com.ztegota.system.common.EmciDetail@2c899bb
10-10 17:25:24.786  2698  2820 D LogWriteUtil.class=LogFileHandlerThread.class: 1getFilePath: logFormat=2022-10-10, LogWriteUtil.logPathDir=/custom/metro/log
10-10 17:25:24.786  2698  2820 D LogWriteUtil.class=LogFileHandlerThread.class: 2getFilePath: filePath=/custom/metro/log/2022-10-10
10-10 17:25:24.787  2698  2820 D LogWriteUtil.class=LogFileHandlerThread.class: 1getCurrentFileName: LogWriteUtil.logfile=app.log
10-10 17:25:24.789  2698  2820 D LogWriteUtil.class=LogFileHandlerThread.class: 1getFilePath: logFormat=2022-10-10, LogWriteUtil.logPathDir=/custom/metro/log
10-10 17:25:24.789  2698  2820 D LogWriteUtil.class=LogFileHandlerThread.class: 2getFilePath: filePath=/custom/metro/log/2022-10-10
10-10 17:25:24.789  2698  2820 D LogWriteUtil.class=LogFileHandlerThread.class: getFileNameSuffix: file=/custom/metro/log/2022-10-10
10-10 17:25:24.790  2698  2820 D LogWriteUtil.class=LogFileHandlerThread.class: 2getCurrentFileName: index=3, LogWriteUtil.logfile=app.log, getFileNameSuffix=26
10-10 17:25:24.793  2698  2820 D LogWriteUtil.class=LogFileHandlerThread.class: 1getFilePath: logFormat=2022-10-10, LogWriteUtil.logPathDir=/custom/metro/log
10-10 17:25:24.793  2698  2820 D LogWriteUtil.class=LogFileHandlerThread.class: 2getFilePath: filePath=/custom/metro/log/2022-10-10
10-10 17:25:24.794  2698  2820 D LogWriteUtil.class=LogFileHandlerThread.class: getFileNameSuffix: file=/custom/metro/log/2022-10-10
10-10 17:25:24.795  2698  2820 D LogWriteUtil.class=LogFileHandlerThread.class: 3getCurrentFileName: logFileName=app26.log
10-10 17:25:24.795  2698  2820 D LogWriteUtil.class=LogFileHandlerThread.class: 1,initFile: getFilePath()=/custom/metro/log/2022-10-10, getCurrentFileName=app26.log
10-10 17:25:24.796  2698  2820 D LogWriteUtil.class=LogFileHandlerThread.class: 1getFilePath: logFormat=2022-10-10, LogWriteUtil.logPathDir=/custom/metro/log
10-10 17:25:24.797  2698  2820 D LogWriteUtil.class=LogFileHandlerThread.class: 2getFilePath: filePath=/custom/metro/log/2022-10-10
10-10 17:25:24.797  2698  2820 D LogWriteUtil.class=LogFileHandlerThread.class: 1getCurrentFileName: LogWriteUtil.logfile=app.log
10-10 17:25:24.798  2698  2820 D LogWriteUtil.class=LogFileHandlerThread.class: 1getFilePath: logFormat=2022-10-10, LogWriteUtil.logPathDir=/custom/metro/log
10-10 17:25:24.798  2698  2820 D LogWriteUtil.class=LogFileHandlerThread.class: 2getFilePath: filePath=/custom/metro/log/2022-10-10
10-10 17:25:24.799  2698  2820 D LogWriteUtil.class=LogFileHandlerThread.class: getFileNameSuffix: file=/custom/metro/log/2022-10-10
10-10 17:25:24.800  2698  2820 D LogWriteUtil.class=LogFileHandlerThread.class: 2getCurrentFileName: index=3, LogWriteUtil.logfile=app.log, getFileNameSuffix=26
10-10 17:25:24.801  2698  2820 D LogWriteUtil.class=LogFileHandlerThread.class: 1getFilePath: logFormat=2022-10-10, LogWriteUtil.logPathDir=/custom/metro/log
10-10 17:25:24.801  2698  2820 D LogWriteUtil.class=LogFileHandlerThread.class: 2getFilePath: filePath=/custom/metro/log/2022-10-10
10-10 17:25:24.801  2698  2820 D LogWriteUtil.class=LogFileHandlerThread.class: getFileNameSuffix: file=/custom/metro/log/2022-10-10
10-10 17:25:24.803  2698  2820 D LogWriteUtil.class=LogFileHandlerThread.class: 3getCurrentFileName: logFileName=app26.log
10-10 17:25:24.803  2698  2820 D LogWriteUtil.class=LogFileHandlerThread.class: 1getCurrentFileName: LogWriteUtil.logfile=app.log
10-10 17:25:24.804  2698  2820 D LogWriteUtil.class=LogFileHandlerThread.class: 1getFilePath: logFormat=2022-10-10, LogWriteUtil.logPathDir=/custom/metro/log
10-10 17:25:24.804  2698  2820 D LogWriteUtil.class=LogFileHandlerThread.class: 2getFilePath: filePath=/custom/metro/log/2022-10-10
10-10 17:25:24.804  2698  2820 D LogWriteUtil.class=LogFileHandlerThread.class: getFileNameSuffix: file=/custom/metro/log/2022-10-10
10-10 17:25:24.805  2698  2820 D LogWriteUtil.class=LogFileHandlerThread.class: 2getCurrentFileName: index=3, LogWriteUtil.logfile=app.log, getFileNameSuffix=26
10-10 17:25:24.805  2698  2820 D LogWriteUtil.class=LogFileHandlerThread.class: 1getFilePath: logFormat=2022-10-10, LogWriteUtil.logPathDir=/custom/metro/log
10-10 17:25:24.806  2698  2820 D LogWriteUtil.class=LogFileHandlerThread.class: 2getFilePath: filePath=/custom/metro/log/2022-10-10
10-10 17:25:24.806  2698  2820 D LogWriteUtil.class=LogFileHandlerThread.class: getFileNameSuffix: file=/custom/metro/log/2022-10-10
10-10 17:25:24.806  2698  2820 D LogWriteUtil.class=LogFileHandlerThread.class: 3getCurrentFileName: logFileName=app26.log
10-10 17:25:24.806  2698  2820 D TAG     : 2,initFile: /custom/metro/log/2022-10-10/app26.log, logFile.length=381272, getCurrentFileName()=app26.log, writeFileName=/custom/metro/log/2022-10-10/app26.log
10-10 17:25:24.807  2698  2820 D LogWriteUtil.class=LogFileHandlerThread.class: 8,initFile: logFile=/custom/metro/log/2022-10-10/app26.log, logFile.length=381272
10-10 17:25:24.865  2698  2956 D UdpMasterServices: udp receive - 1 - gginit api receive data masterApi, udp service id=91 - running=true - message={"MsgName":"HeartBeatReq","MsgSeqID":2085,"MsgInfo":{"Time":1665393924}}
10-10 17:25:24.865  2698  2956 D UdpMasterServices: ++++++++++++++++++++++++++++++++++++++++++++++++++++++++++++++++++++++++++++++++++++
10-10 17:25:24.866  2698  2956 I APP_LogUtils.kt: [(LogUtils.kt:50).i()] [UdpMasterServices] xlog - api receive data disApi, udp service id=91 - running=true - message={"MsgName":"HeartBeatReq","MsgSeqID":2085,"MsgInfo":{"Time":1665393924}}
10-10 17:25:24.868  2698  2956 D UdpMasterServices: receive: data id=91, running=true, msg=null
10-10 17:25:24.869  2698  2956 D UdpMasterServices: udp receive - 1 - gginit api receive data masterApi, udp service id=91 - running=true - message={"MsgName":"GetStatusReq","MsgSeqID":2086,"MsgInfo":{}}
10-10 17:25:24.869  2698  2820 D LogWriteUtil.class=LogFileHandlerThread.class: 1getFilePath: logFormat=2022-10-10, LogWriteUtil.logPathDir=/custom/metro/log
10-10 17:25:24.869  2698  2956 D UdpMasterServices: ++++++++++++++++++++++++++++++++++++++++++++++++++++++++++++++++++++++++++++++++++++
10-10 17:25:24.869  2698  2820 D LogWriteUtil.class=LogFileHandlerThread.class: 2getFilePath: filePath=/custom/metro/log/2022-10-10
10-10 17:25:24.869  2698  2820 D LogWriteUtil.class=LogFileHandlerThread.class: 1getCurrentFileName: LogWriteUtil.logfile=app.log
10-10 17:25:24.870  2698  2956 I APP_LogUtils.kt: [(LogUtils.kt:50).i()] [UdpMasterServices] xlog - api receive data disApi, udp service id=91 - running=true - message={"MsgName":"GetStatusReq","MsgSeqID":2086,"MsgInfo":{}}
10-10 17:25:24.870  2698  4791 D MasterApiReceive: processingHeartBeatData: HeartBeatInfo(time=1665393924, devSite=0)
10-10 17:25:24.870  2698  2956 D UdpMasterServices: receive: data id=91, running=true, msg=null
10-10 17:25:24.871  2698  2820 D LogWriteUtil.class=LogFileHandlerThread.class: 1getFilePath: logFormat=2022-10-10, LogWriteUtil.logPathDir=/custom/metro/log
10-10 17:25:24.871  2698  2820 D LogWriteUtil.class=LogFileHandlerThread.class: 2getFilePath: filePath=/custom/metro/log/2022-10-10
10-10 17:25:24.871  2698  2956 D UdpMasterServices: udp receive - 1 - gginit api receive data masterApi, udp service id=91 - running=true - message={"MsgName":"GetOperLogReq","MsgSeqID":2087,"MsgInfo":{"StartTime":1}}
10-10 17:25:24.871  2698  2820 D LogWriteUtil.class=LogFileHandlerThread.class: getFileNameSuffix: file=/custom/metro/log/2022-10-10
10-10 17:25:24.871  2698  2956 D UdpMasterServices: ++++++++++++++++++++++++++++++++++++++++++++++++++++++++++++++++++++++++++++++++++++
10-10 17:25:24.872  2698  2820 D LogWriteUtil.class=LogFileHandlerThread.class: 2getCurrentFileName: index=3, LogWriteUtil.logfile=app.log, getFileNameSuffix=26
10-10 17:25:24.873  2698  2956 I APP_LogUtils.kt: [(LogUtils.kt:50).i()] [UdpMasterServices] xlog - api receive data disApi, udp service id=91 - running=true - message={"MsgName":"GetOperLogReq","MsgSeqID":2087,"MsgInfo":{"StartTime":1}}
10-10 17:25:24.874  2698  2820 D LogWriteUtil.class=LogFileHandlerThread.class: 1getFilePath: logFormat=2022-10-10, LogWriteUtil.logPathDir=/custom/metro/log
10-10 17:25:24.874  2698  2956 D UdpMasterServices: receive: data id=91, running=true, msg=null
10-10 17:25:24.874  2698  2820 D LogWriteUtil.class=LogFileHandlerThread.class: 2getFilePath: filePath=/custom/metro/log/2022-10-10
10-10 17:25:24.874  2698  2820 D LogWriteUtil.class=LogFileHandlerThread.class: getFileNameSuffix: file=/custom/metro/log/2022-10-10
10-10 17:25:24.875  2698  2820 D LogWriteUtil.class=LogFileHandlerThread.class: 3getCurrentFileName: logFileName=app26.log
10-10 17:25:24.875  2698  2820 D LogWriteUtil.class=LogFileHandlerThread.class: 1,initFile: getFilePath()=/custom/metro/log/2022-10-10, getCurrentFileName=app26.log
10-10 17:25:24.876  2698  4886 D MasterApiReceive: processingStatusData: mMasterData=MasterAppStatusApiData(msgName=GetStatusReq, msgSeqID=2086, msgInfo={})
10-10 17:25:24.876  2698  4791 I APP_LogUtils.kt: [(LogUtils.kt:50).i()] [UdpMasterServices] start: send1 - masterApi - thread ID=220 - message={"MsgName":"HeartBeatRsp","MsgSeqID":1330,"MsgInfo":{"Time":1665393924}}
10-10 17:25:24.876  2698  2820 D LogWriteUtil.class=LogFileHandlerThread.class: 1getFilePath: logFormat=2022-10-10, LogWriteUtil.logPathDir=/custom/metro/log
10-10 17:25:24.876  2698  2820 D LogWriteUtil.class=LogFileHandlerThread.class: 2getFilePath: filePath=/custom/metro/log/2022-10-10
10-10 17:25:24.877  2698  2820 D LogWriteUtil.class=LogFileHandlerThread.class: 1getCurrentFileName: LogWriteUtil.logfile=app.log
10-10 17:25:24.878  2698  2820 D LogWriteUtil.class=LogFileHandlerThread.class: 1getFilePath: logFormat=2022-10-10, LogWriteUtil.logPathDir=/custom/metro/log
10-10 17:25:24.878  2698  2820 D LogWriteUtil.class=LogFileHandlerThread.class: 2getFilePath: filePath=/custom/metro/log/2022-10-10
10-10 17:25:24.878  2698  2820 D LogWriteUtil.class=LogFileHandlerThread.class: getFileNameSuffix: file=/custom/metro/log/2022-10-10
10-10 17:25:24.879  2698  2820 D LogWriteUtil.class=LogFileHandlerThread.class: 2getCurrentFileName: index=3, LogWriteUtil.logfile=app.log, getFileNameSuffix=26
10-10 17:25:24.881  2698  2820 D LogWriteUtil.class=LogFileHandlerThread.class: 1getFilePath: logFormat=2022-10-10, LogWriteUtil.logPathDir=/custom/metro/log
10-10 17:25:24.881  2698  2820 D LogWriteUtil.class=LogFileHandlerThread.class: 2getFilePath: filePath=/custom/metro/log/2022-10-10
10-10 17:25:24.881  2698  2820 D LogWriteUtil.class=LogFileHandlerThread.class: getFileNameSuffix: file=/custom/metro/log/2022-10-10
10-10 17:25:24.881  2698  4791 D MasterApiReceive: processingOperLogData: mMasterData=MasterOperLogData(msgName=GetOperLogReq, msgSeqID=2087, msgInfo=OperLogInfo(startTime=1))
10-10 17:25:24.883  2698  2820 D LogWriteUtil.class=LogFileHandlerThread.class: 3getCurrentFileName: logFileName=app26.log
10-10 17:25:24.884  2698  2820 D LogWriteUtil.class=LogFileHandlerThread.class: 1getCurrentFileName: LogWriteUtil.logfile=app.log
10-10 17:25:24.885  2698  2820 D LogWriteUtil.class=LogFileHandlerThread.class: 1getFilePath: logFormat=2022-10-10, LogWriteUtil.logPathDir=/custom/metro/log
10-10 17:25:24.885  2698  2820 D LogWriteUtil.class=LogFileHandlerThread.class: 2getFilePath: filePath=/custom/metro/log/2022-10-10
10-10 17:25:24.885  2698  2820 D LogWriteUtil.class=LogFileHandlerThread.class: getFileNameSuffix: file=/custom/metro/log/2022-10-10
10-10 17:25:24.886  2698  2820 D LogWriteUtil.class=LogFileHandlerThread.class: 2getCurrentFileName: index=3, LogWriteUtil.logfile=app.log, getFileNameSuffix=26
10-10 17:25:24.886  2698  2820 D LogWriteUtil.class=LogFileHandlerThread.class: 1getFilePath: logFormat=2022-10-10, LogWriteUtil.logPathDir=/custom/metro/log
10-10 17:25:24.887  2698  2820 D LogWriteUtil.class=LogFileHandlerThread.class: 2getFilePath: filePath=/custom/metro/log/2022-10-10
10-10 17:25:24.887  2698  2820 D LogWriteUtil.class=LogFileHandlerThread.class: getFileNameSuffix: file=/custom/metro/log/2022-10-10
10-10 17:25:24.887  2698  2820 D LogWriteUtil.class=LogFileHandlerThread.class: 3getCurrentFileName: logFileName=app26.log
10-10 17:25:24.887  2698  2820 D TAG     : 2,initFile: /custom/metro/log/2022-10-10/app26.log, logFile.length=381452, getCurrentFileName()=app26.log, writeFileName=/custom/metro/log/2022-10-10/app26.log
10-10 17:25:24.888  2698  2820 D LogWriteUtil.class=LogFileHandlerThread.class: 8,initFile: logFile=/custom/metro/log/2022-10-10/app26.log, logFile.length=381452
10-10 17:25:24.889  2698  2820 D LogWriteUtil.class=LogFileHandlerThread.class: 1getFilePath: logFormat=2022-10-10, LogWriteUtil.logPathDir=/custom/metro/log
10-10 17:25:24.889  2698  2820 D LogWriteUtil.class=LogFileHandlerThread.class: 2getFilePath: filePath=/custom/metro/log/2022-10-10
10-10 17:25:24.889  2698  2820 D LogWriteUtil.class=LogFileHandlerThread.class: 1getCurrentFileName: LogWriteUtil.logfile=app.log
10-10 17:25:24.890  2698  4886 I APP_LogUtils.kt: [(LogUtils.kt:50).i()] [UdpMasterServices] start: send1 - masterApi - thread ID=230 - message={"MsgSeqID":1331,"MsgName":"GetStatusRsp","MsgInfo":{"NetMask":"255.255.255.0","DeviceId":"BT-FX300","Gateway":"","SelfCheckFailReason":"","Uptime":3317,"SystemVersion":"TX300-ANDROID-7.1-R0018","AppVersion":"FX400-APK-3.0.1-V1.0.8","SelfCheckStatus":1,"Time":1665393924,"FwVersion":"qualcomm"}}
10-10 17:25:24.891  2698  2820 D LogWriteUtil.class=LogFileHandlerThread.class: 1getFilePath: logFormat=2022-10-10, LogWriteUtil.logPathDir=/custom/metro/log
10-10 17:25:24.891  2698  2820 D LogWriteUtil.class=LogFileHandlerThread.class: 2getFilePath: filePath=/custom/metro/log/2022-10-10
10-10 17:25:24.891  2698  2820 D LogWriteUtil.class=LogFileHandlerThread.class: getFileNameSuffix: file=/custom/metro/log/2022-10-10
10-10 17:25:24.893  2698  2820 D LogWriteUtil.class=LogFileHandlerThread.class: 2getCurrentFileName: index=3, LogWriteUtil.logfile=app.log, getFileNameSuffix=26
10-10 17:25:24.894  2698  2820 D LogWriteUtil.class=LogFileHandlerThread.class: 1getFilePath: logFormat=2022-10-10, LogWriteUtil.logPathDir=/custom/metro/log
10-10 17:25:24.894  2698  2820 D LogWriteUtil.class=LogFileHandlerThread.class: 2getFilePath: filePath=/custom/metro/log/2022-10-10
10-10 17:25:24.894  2698  2820 D LogWriteUtil.class=LogFileHandlerThread.class: getFileNameSuffix: file=/custom/metro/log/2022-10-10
10-10 17:25:24.894  2698  2820 D LogWriteUtil.class=LogFileHandlerThread.class: 3getCurrentFileName: logFileName=app26.log
10-10 17:25:24.894  2698  2820 D LogWriteUtil.class=LogFileHandlerThread.class: 1,initFile: getFilePath()=/custom/metro/log/2022-10-10, getCurrentFileName=app26.log
10-10 17:25:24.895  2698  2820 D LogWriteUtil.class=LogFileHandlerThread.class: 1getFilePath: logFormat=2022-10-10, LogWriteUtil.logPathDir=/custom/metro/log
10-10 17:25:24.895  2698  2820 D LogWriteUtil.class=LogFileHandlerThread.class: 2getFilePath: filePath=/custom/metro/log/2022-10-10
