10-10 17:25:33.671  2698  2820 D LogWriteUtil.class=LogFileHandlerThread.class: 2getFilePath: filePath=/custom/metro/log/2022-10-10
10-10 17:25:33.671  2698  2820 D LogWriteUtil.class=LogFileHandlerThread.class: getFileNameSuffix: file=/custom/metro/log/2022-10-10
10-10 17:25:33.671  2698  2820 D LogWriteUtil.class=LogFileHandlerThread.class: 2getCurrentFileName: index=3, LogWriteUtil.logfile=app.log, getFileNameSuffix=26
10-10 17:25:33.672  2698  2820 D LogWriteUtil.class=LogFileHandlerThread.class: 1getFilePath: logFormat=2022-10-10, LogWriteUtil.logPathDir=/custom/metro/log
10-10 17:25:33.672  2698  2820 D LogWriteUtil.class=LogFileHandlerThread.class: 2getFilePath: filePath=/custom/metro/log/2022-10-10
10-10 17:25:33.672  2698  2820 D LogWriteUtil.class=LogFileHandlerThread.class: getFileNameSuffix: file=/custom/metro/log/2022-10-10
10-10 17:25:33.673  2698  2820 D LogWriteUtil.class=LogFileHandlerThread.class: 3getCurrentFileName: logFileName=app26.log
10-10 17:25:33.673  2698  2820 D LogWriteUtil.class=LogFileHandlerThread.class: 1getCurrentFileName: LogWriteUtil.logfile=app.log
10-10 17:25:33.674  2698  2820 D LogWriteUtil.class=LogFileHandlerThread.class: 1getFilePath: logFormat=2022-10-10, LogWriteUtil.logPathDir=/custom/metro/log
10-10 17:25:33.674  2698  2820 D LogWriteUtil.class=LogFileHandlerThread.class: 2getFilePath: filePath=/custom/metro/log/2022-10-10
10-10 17:25:33.674  2698  2820 D LogWriteUtil.class=LogFileHandlerThread.class: getFileNameSuffix: file=/custom/metro/log/2022-10-10
10-10 17:25:33.675  2698  2820 D LogWriteUtil.class=LogFileHandlerThread.class: 2getCurrentFileName: index=3, LogWriteUtil.logfile=app.log, getFileNameSuffix=26
10-10 17:25:33.675  2698  2820 D LogWriteUtil.class=LogFileHandlerThread.class: 1getFilePath: logFormat=2022-10-10, LogWriteUtil.logPathDir=/custom/metro/log
10-10 17:25:33.676  2698  2820 D LogWriteUtil.class=LogFileHandlerThread.class: 2getFilePath: filePath=/custom/metro/log/2022-10-10
10-10 17:25:33.676  2698  2820 D LogWriteUtil.class=LogFileHandlerThread.class: getFileNameSuffix: file=/custom/metro/log/2022-10-10
10-10 17:25:33.676  2698  2820 D LogWriteUtil.class=LogFileHandlerThread.class: 3getCurrentFileName: logFileName=app26.log
10-10 17:25:33.676  2698  2820 D TAG     : 2,initFile: /custom/metro/log/2022-10-10/app26.log, logFile.length=392888, getCurrentFileName()=app26.log, writeFileName=/custom/metro/log/2022-10-10/app26.log
10-10 17:25:33.677  2698  2820 D LogWriteUtil.class=LogFileHandlerThread.class: 8,initFile: logFile=/custom/metro/log/2022-10-10/app26.log, logFile.length=392888
10-10 17:25:33.685  2698  3292 D UdpDisServices: udp receive - api receive data disApi, udp service id=98  - udp.packet.address=/172.2.208.8, udp.pack.socketAddress=/172.2.208.8:64002, udp.port=64002- running=true - message={"MsgSeqID":961690,"MsgName":"GetStationATSRsp","MsgInfo":{"Code":10011,"StationATSInfos":[]}}
10-10 17:25:33.686  2698  3292 I APP_LogUtils.kt: [(LogUtils.kt:50).i()] [UdpDisServices] udp receive - api receive data disApi, udp service id=98 - running=true  - ip=/172.2.208.8 - port=64002 - message={"MsgSeqID":961690,"MsgName":"GetStationATSRsp","MsgInfo":{"Code":10011,"StationATSInfos":[]}}
10-10 17:25:33.687  2698  2698 D MainActivity: onMessageEvent  -- gginit: disApi, id=1---event={"MsgSeqID":961690,"MsgName":"GetStationATSRsp","MsgInfo":{"Code":10011,"StationATSInfos":[]}}
10-10 17:25:33.687  2698  2698 D MainViewModel: 1processDisApi: disApi, id=1
10-10 17:25:33.687  2698  2820 D LogWriteUtil.class=LogFileHandlerThread.class: 1getFilePath: logFormat=2022-10-10, LogWriteUtil.logPathDir=/custom/metro/log
10-10 17:25:33.687  2698  2820 D LogWriteUtil.class=LogFileHandlerThread.class: 2getFilePath: filePath=/custom/metro/log/2022-10-10
10-10 17:25:33.687  2698  2820 D LogWriteUtil.class=LogFileHandlerThread.class: 1getCurrentFileName: LogWriteUtil.logfile=app.log
10-10 17:25:33.687  2698  4790 D DisApiSingletonReceive: processingData: disApi, id=219 - data={"MsgSeqID":961690,"MsgName":"GetStationATSRsp","MsgInfo":{"Code":10011,"StationATSInfos":[]}}
10-10 17:25:33.688  2698  2820 D LogWriteUtil.class=LogFileHandlerThread.class: 1getFilePath: logFormat=2022-10-10, LogWriteUtil.logPathDir=/custom/metro/log
10-10 17:25:33.688  2698  2820 D LogWriteUtil.class=LogFileHandlerThread.class: 2getFilePath: filePath=/custom/metro/log/2022-10-10
10-10 17:25:33.688  2698  2820 D LogWriteUtil.class=LogFileHandlerThread.class: getFileNameSuffix: file=/custom/metro/log/2022-10-10
10-10 17:25:33.688  2698  2820 D LogWriteUtil.class=LogFileHandlerThread.class: 2getCurrentFileName: index=3, LogWriteUtil.logfile=app.log, getFileNameSuffix=26
10-10 17:25:33.688  2698  2820 D LogWriteUtil.class=LogFileHandlerThread.class: 1getFilePath: logFormat=2022-10-10, LogWriteUtil.logPathDir=/custom/metro/log
10-10 17:25:33.688  2698  2820 D LogWriteUtil.class=LogFileHandlerThread.class: 2getFilePath: filePath=/custom/metro/log/2022-10-10
10-10 17:25:33.689  2698  2820 D LogWriteUtil.class=LogFileHandlerThread.class: getFileNameSuffix: file=/custom/metro/log/2022-10-10
10-10 17:25:33.689  2698  2820 D LogWriteUtil.class=LogFileHandlerThread.class: 3getCurrentFileName: logFileName=app26.log
10-10 17:25:33.689  2698  2820 D LogWriteUtil.class=LogFileHandlerThread.class: 1,initFile: getFilePath()=/custom/metro/log/2022-10-10, getCurrentFileName=app26.log
10-10 17:25:33.689  2698  4790 D DisApiSingletonReceive: parseStationAtsData: atsInfo=com.gbcom.library_base.data.StationAtsApiData@2b413ae
10-10 17:25:33.689  2698  2820 D LogWriteUtil.class=LogFileHandlerThread.class: 1getFilePath: logFormat=2022-10-10, LogWriteUtil.logPathDir=/custom/metro/log
10-10 17:25:33.689  2698  2820 D LogWriteUtil.class=LogFileHandlerThread.class: 2getFilePath: filePath=/custom/metro/log/2022-10-10
10-10 17:25:33.689  2698  2820 D LogWriteUtil.class=LogFileHandlerThread.class: 1getCurrentFileName: LogWriteUtil.logfile=app.log
10-10 17:25:33.690  2698  4790 E APP_LogUtils.kt: [(LogUtils.kt:54).e()] [DisApiSingletonReceive] parseStationAtsData: ats data is empty!
10-10 17:25:33.690  2698  2820 D LogWriteUtil.class=LogFileHandlerThread.class: 1getFilePath: logFormat=2022-10-10, LogWriteUtil.logPathDir=/custom/metro/log
10-10 17:25:33.690  2698  2820 D LogWriteUtil.class=LogFileHandlerThread.class: 2getFilePath: filePath=/custom/metro/log/2022-10-10
10-10 17:25:33.690  2698  2820 D LogWriteUtil.class=LogFileHandlerThread.class: getFileNameSuffix: file=/custom/metro/log/2022-10-10
10-10 17:25:33.690  2698  2820 D LogWriteUtil.class=LogFileHandlerThread.class: 2getCurrentFileName: index=3, LogWriteUtil.logfile=app.log, getFileNameSuffix=26
10-10 17:25:33.691  2698  2820 D LogWriteUtil.class=LogFileHandlerThread.class: 1getFilePath: logFormat=2022-10-10, LogWriteUtil.logPathDir=/custom/metro/log
10-10 17:25:33.691  2698  2820 D LogWriteUtil.class=LogFileHandlerThread.class: 2getFilePath: filePath=/custom/metro/log/2022-10-10
10-10 17:25:33.691  2698  2820 D LogWriteUtil.class=LogFileHandlerThread.class: getFileNameSuffix: file=/custom/metro/log/2022-10-10
10-10 17:25:33.691  2698  2820 D LogWriteUtil.class=LogFileHandlerThread.class: 3getCurrentFileName: logFileName=app26.log
10-10 17:25:33.692  2698  2820 D LogWriteUtil.class=LogFileHandlerThread.class: 1getCurrentFileName: LogWriteUtil.logfile=app.log
10-10 17:25:33.692  2698  2820 D LogWriteUtil.class=LogFileHandlerThread.class: 1getFilePath: logFormat=2022-10-10, LogWriteUtil.logPathDir=/custom/metro/log
10-10 17:25:33.692  2698  2820 D LogWriteUtil.class=LogFileHandlerThread.class: 2getFilePath: filePath=/custom/metro/log/2022-10-10
10-10 17:25:33.693  2698  2820 D LogWriteUtil.class=LogFileHandlerThread.class: getFileNameSuffix: file=/custom/metro/log/2022-10-10
10-10 17:25:33.693  2698  2820 D LogWriteUtil.class=LogFileHandlerThread.class: 2getCurrentFileName: index=3, LogWriteUtil.logfile=app.log, getFileNameSuffix=26
10-10 17:25:33.694  2698  2820 D LogWriteUtil.class=LogFileHandlerThread.class: 1getFilePath: logFormat=2022-10-10, LogWriteUtil.logPathDir=/custom/metro/log
10-10 17:25:33.694  2698  2820 D LogWriteUtil.class=LogFileHandlerThread.class: 2getFilePath: filePath=/custom/metro/log/2022-10-10
10-10 17:25:33.694  2698  2820 D LogWriteUtil.class=LogFileHandlerThread.class: getFileNameSuffix: file=/custom/metro/log/2022-10-10
10-10 17:25:33.694  2698  2820 D LogWriteUtil.class=LogFileHandlerThread.class: 3getCurrentFileName: logFileName=app26.log
10-10 17:25:33.694  2698  2820 D TAG     : 2,initFile: /custom/metro/log/2022-10-10/app26.log, logFile.length=393161, getCurrentFileName()=app26.log, writeFileName=/custom/metro/log/2022-10-10/app26.log
10-10 17:25:33.694  2698  2820 D LogWriteUtil.class=LogFileHandlerThread.class: 8,initFile: logFile=/custom/metro/log/2022-10-10/app26.log, logFile.length=393161
10-10 17:25:33.695  2698  2820 D LogWriteUtil.class=LogFileHandlerThread.class: 1getFilePath: logFormat=2022-10-10, LogWriteUtil.logPathDir=/custom/metro/log
10-10 17:25:33.696  2698  2820 D LogWriteUtil.class=LogFileHandlerThread.class: 2getFilePath: filePath=/custom/metro/log/2022-10-10
10-10 17:25:33.696  2698  2820 D LogWriteUtil.class=LogFileHandlerThread.class: 1getCurrentFileName: LogWriteUtil.logfile=app.log
10-10 17:25:33.696  2698  2820 D LogWriteUtil.class=LogFileHandlerThread.class: 1getFilePath: logFormat=2022-10-10, LogWriteUtil.logPathDir=/custom/metro/log
10-10 17:25:33.696  2698  2820 D LogWriteUtil.class=LogFileHandlerThread.class: 2getFilePath: filePath=/custom/metro/log/2022-10-10
10-10 17:25:33.696  2698  2820 D LogWriteUtil.class=LogFileHandlerThread.class: getFileNameSuffix: file=/custom/metro/log/2022-10-10
10-10 17:25:33.697  2698  2820 D LogWriteUtil.class=LogFileHandlerThread.class: 2getCurrentFileName: index=3, LogWriteUtil.logfile=app.log, getFileNameSuffix=26
10-10 17:25:33.697  2698  2820 D LogWriteUtil.class=LogFileHandlerThread.class: 1getFilePath: logFormat=2022-10-10, LogWriteUtil.logPathDir=/custom/metro/log
10-10 17:25:33.698  2698  2820 D LogWriteUtil.class=LogFileHandlerThread.class: 2getFilePath: filePath=/custom/metro/log/2022-10-10
10-10 17:25:33.698  2698  2820 D LogWriteUtil.class=LogFileHandlerThread.class: getFileNameSuffix: file=/custom/metro/log/2022-10-10
10-10 17:25:33.698  2698  2820 D LogWriteUtil.class=LogFileHandlerThread.class: 3getCurrentFileName: logFileName=app26.log
10-10 17:25:33.698  2698  2820 D LogWriteUtil.class=LogFileHandlerThread.class: 1,initFile: getFilePath()=/custom/metro/log/2022-10-10, getCurrentFileName=app26.log
10-10 17:25:33.699  2698  2820 D LogWriteUtil.class=LogFileHandlerThread.class: 1getFilePath: logFormat=2022-10-10, LogWriteUtil.logPathDir=/custom/metro/log
10-10 17:25:33.699  2698  2820 D LogWriteUtil.class=LogFileHandlerThread.class: 2getFilePath: filePath=/custom/metro/log/2022-10-10
10-10 17:25:33.699  2698  2820 D LogWriteUtil.class=LogFileHandlerThread.class: 1getCurrentFileName: LogWriteUtil.logfile=app.log
10-10 17:25:33.699  2698  2820 D LogWriteUtil.class=LogFileHandlerThread.class: 1getFilePath: logFormat=2022-10-10, LogWriteUtil.logPathDir=/custom/metro/log
10-10 17:25:33.699  2698  2820 D LogWriteUtil.class=LogFileHandlerThread.class: 2getFilePath: filePath=/custom/metro/log/2022-10-10
10-10 17:25:33.699  2698  2820 D LogWriteUtil.class=LogFileHandlerThread.class: getFileNameSuffix: file=/custom/metro/log/2022-10-10
10-10 17:25:33.699  2698  2820 D LogWriteUtil.class=LogFileHandlerThread.class: 2getCurrentFileName: index=3, LogWriteUtil.logfile=app.log, getFileNameSuffix=26
10-10 17:25:33.700  2698  2820 D LogWriteUtil.class=LogFileHandlerThread.class: 1getFilePath: logFormat=2022-10-10, LogWriteUtil.logPathDir=/custom/metro/log
10-10 17:25:33.700  2698  2820 D LogWriteUtil.class=LogFileHandlerThread.class: 2getFilePath: filePath=/custom/metro/log/2022-10-10
10-10 17:25:33.700  2698  2820 D LogWriteUtil.class=LogFileHandlerThread.class: getFileNameSuffix: file=/custom/metro/log/2022-10-10
10-10 17:25:33.700  2698  2820 D LogWriteUtil.class=LogFileHandlerThread.class: 3getCurrentFileName: logFileName=app26.log
10-10 17:25:33.700  2698  2820 D LogWriteUtil.class=LogFileHandlerThread.class: 1getCurrentFileName: LogWriteUtil.logfile=app.log
10-10 17:25:33.701  2698  2820 D LogWriteUtil.class=LogFileHandlerThread.class: 1getFilePath: logFormat=2022-10-10, LogWriteUtil.logPathDir=/custom/metro/log
10-10 17:25:33.701  2698  2820 D LogWriteUtil.class=LogFileHandlerThread.class: 2getFilePath: filePath=/custom/metro/log/2022-10-10
10-10 17:25:33.701  2698  2820 D LogWriteUtil.class=LogFileHandlerThread.class: getFileNameSuffix: file=/custom/metro/log/2022-10-10
10-10 17:25:33.701  2698  2820 D LogWriteUtil.class=LogFileHandlerThread.class: 2getCurrentFileName: index=3, LogWriteUtil.logfile=app.log, getFileNameSuffix=26
10-10 17:25:33.701  2698  2820 D LogWriteUtil.class=LogFileHandlerThread.class: 1getFilePath: logFormat=2022-10-10, LogWriteUtil.logPathDir=/custom/metro/log
10-10 17:25:33.701  2698  2820 D LogWriteUtil.class=LogFileHandlerThread.class: 2getFilePath: filePath=/custom/metro/log/2022-10-10
10-10 17:25:33.701  2698  2820 D LogWriteUtil.class=LogFileHandlerThread.class: getFileNameSuffix: file=/custom/metro/log/2022-10-10
10-10 17:25:33.702  2698  2820 D LogWriteUtil.class=LogFileHandlerThread.class: 3getCurrentFileName: logFileName=app26.log
10-10 17:25:33.702  2698  2820 D TAG     : 2,initFile: /custom/metro/log/2022-10-10/app26.log, logFile.length=393435, getCurrentFileName()=app26.log, writeFileName=/custom/metro/log/2022-10-10/app26.log
10-10 17:25:33.703  2698  2820 D LogWriteUtil.class=LogFileHandlerThread.class: 8,initFile: logFile=/custom/metro/log/2022-10-10/app26.log, logFile.length=393435
10-10 17:25:33.769  2698  2753 I rilj    : EMCI Detial(CellId--->Tav): 5121,255,2,"460702",255,65535,59,65535,255,255,66,26,16,255,1159641224245,0,0,0,0,0,0,0,0
10-10 17:25:33.769  2698  2753 D LTERILJ : [UNSL]< RIL_UNSOL_NOTIFY_EMCI_DETAIL
10-10 17:25:33.770  2698  2749 D LTEPhone: EVENT_FOR_EMCI_DETAIL
10-10 17:25:33.770  2698  2749 D LTEServiceTracker: setCellId cellId:5121,"460702"
10-10 17:25:33.772  2698  2698 I APP_LogUtils.kt: [(LogUtils.kt:50).i()] [com.gbcom.library_base.service.LLteService] lte_resp_sys_for_emci_detail - EmciDetail=com.ztegota.system.common.EmciDetail@b3f954f
10-10 17:25:33.774  2698  2820 D LogWriteUtil.class=LogFileHandlerThread.class: 1getFilePath: logFormat=2022-10-10, LogWriteUtil.logPathDir=/custom/metro/log
10-10 17:25:33.774  2698  2820 D LogWriteUtil.class=LogFileHandlerThread.class: 2getFilePath: filePath=/custom/metro/log/2022-10-10
10-10 17:25:33.775  2698  2820 D LogWriteUtil.class=LogFileHandlerThread.class: 1getCurrentFileName: LogWriteUtil.logfile=app.log
10-10 17:25:33.776  2698  2820 D LogWriteUtil.class=LogFileHandlerThread.class: 1getFilePath: logFormat=2022-10-10, LogWriteUtil.logPathDir=/custom/metro/log
10-10 17:25:33.776  2698  2820 D LogWriteUtil.class=LogFileHandlerThread.class: 2getFilePath: filePath=/custom/metro/log/2022-10-10
10-10 17:25:33.776  2698  2820 D LogWriteUtil.class=LogFileHandlerThread.class: getFileNameSuffix: file=/custom/metro/log/2022-10-10
10-10 17:25:33.778  2698  2820 D LogWriteUtil.class=LogFileHandlerThread.class: 2getCurrentFileName: index=3, LogWriteUtil.logfile=app.log, getFileNameSuffix=26
10-10 17:25:33.779  2698  2820 D LogWriteUtil.class=LogFileHandlerThread.class: 1getFilePath: logFormat=2022-10-10, LogWriteUtil.logPathDir=/custom/metro/log
10-10 17:25:33.779  2698  2820 D LogWriteUtil.class=LogFileHandlerThread.class: 2getFilePath: filePath=/custom/metro/log/2022-10-10
10-10 17:25:33.779  2698  2820 D LogWriteUtil.class=LogFileHandlerThread.class: getFileNameSuffix: file=/custom/metro/log/2022-10-10
10-10 17:25:33.780  2698  2820 D LogWriteUtil.class=LogFileHandlerThread.class: 3getCurrentFileName: logFileName=app26.log
10-10 17:25:33.780  2698  2820 D LogWriteUtil.class=LogFileHandlerThread.class: 1,initFile: getFilePath()=/custom/metro/log/2022-10-10, getCurrentFileName=app26.log
10-10 17:25:33.781  2698  2820 D LogWriteUtil.class=LogFileHandlerThread.class: 1getFilePath: logFormat=2022-10-10, LogWriteUtil.logPathDir=/custom/metro/log
10-10 17:25:33.782  2698  2820 D LogWriteUtil.class=LogFileHandlerThread.class: 2getFilePath: filePath=/custom/metro/log/2022-10-10
10-10 17:25:33.783  2698  2820 D LogWriteUtil.class=LogFileHandlerThread.class: 1getCurrentFileName: LogWriteUtil.logfile=app.log
10-10 17:25:33.784  2698  2820 D LogWriteUtil.class=LogFileHandlerThread.class: 1getFilePath: logFormat=2022-10-10, LogWriteUtil.logPathDir=/custom/metro/log
10-10 17:25:33.784  2698  2820 D LogWriteUtil.class=LogFileHandlerThread.class: 2getFilePath: filePath=/custom/metro/log/2022-10-10
10-10 17:25:33.784  2698  2820 D LogWriteUtil.class=LogFileHandlerThread.class: getFileNameSuffix: file=/custom/metro/log/2022-10-10
10-10 17:25:33.785  2698  2820 D LogWriteUtil.class=LogFileHandlerThread.class: 2getCurrentFileName: index=3, LogWriteUtil.logfile=app.log, getFileNameSuffix=26
10-10 17:25:33.786  2698  2820 D LogWriteUtil.class=LogFileHandlerThread.class: 1getFilePath: logFormat=2022-10-10, LogWriteUtil.logPathDir=/custom/metro/log
10-10 17:25:33.787  2698  2820 D LogWriteUtil.class=LogFileHandlerThread.class: 2getFilePath: filePath=/custom/metro/log/2022-10-10
10-10 17:25:33.787  2698  2820 D LogWriteUtil.class=LogFileHandlerThread.class: getFileNameSuffix: file=/custom/metro/log/2022-10-10
10-10 17:25:33.788  2698  2820 D LogWriteUtil.class=LogFileHandlerThread.class: 3getCurrentFileName: logFileName=app26.log
10-10 17:25:33.788  2698  2820 D LogWriteUtil.class=LogFileHandlerThread.class: 1getCurrentFileName: LogWriteUtil.logfile=app.log
10-10 17:25:33.789  2698  2820 D LogWriteUtil.class=LogFileHandlerThread.class: 1getFilePath: logFormat=2022-10-10, LogWriteUtil.logPathDir=/custom/metro/log
10-10 17:25:33.789  2698  2820 D LogWriteUtil.class=LogFileHandlerThread.class: 2getFilePath: filePath=/custom/metro/log/2022-10-10
10-10 17:25:33.790  2698  2820 D LogWriteUtil.class=LogFileHandlerThread.class: getFileNameSuffix: file=/custom/metro/log/2022-10-10
10-10 17:25:33.791  2698  2820 D LogWriteUtil.class=LogFileHandlerThread.class: 2getCurrentFileName: index=3, LogWriteUtil.logfile=app.log, getFileNameSuffix=26
10-10 17:25:33.792  2698  2820 D LogWriteUtil.class=LogFileHandlerThread.class: 1getFilePath: logFormat=2022-10-10, LogWriteUtil.logPathDir=/custom/metro/log
10-10 17:25:33.792  2698  2820 D LogWriteUtil.class=LogFileHandlerThread.class: 2getFilePath: filePath=/custom/metro/log/2022-10-10
10-10 17:25:33.792  2698  2820 D LogWriteUtil.class=LogFileHandlerThread.class: getFileNameSuffix: file=/custom/metro/log/2022-10-10
10-10 17:25:33.793  2698  2820 D LogWriteUtil.class=LogFileHandlerThread.class: 3getCurrentFileName: logFileName=app26.log
10-10 17:25:33.793  2698  2820 D TAG     : 2,initFile: /custom/metro/log/2022-10-10/app26.log, logFile.length=393548, getCurrentFileName()=app26.log, writeFileName=/custom/metro/log/2022-10-10/app26.log
10-10 17:25:33.794  2698  2820 D LogWriteUtil.class=LogFileHandlerThread.class: 8,initFile: logFile=/custom/metro/log/2022-10-10/app26.log, logFile.length=393548
10-10 17:25:33.914  2698  2956 D UdpMasterServices: udp receive - 1 - gginit api receive data masterApi, udp service id=91 - running=true - message={"MsgName":"HeartBeatReq","MsgSeqID":2091,"MsgInfo":{"Time":1665393933}}
10-10 17:25:33.914  2698  2956 D UdpMasterServices: ++++++++++++++++++++++++++++++++++++++++++++++++++++++++++++++++++++++++++++++++++++
10-10 17:25:33.916  2698  2956 I APP_LogUtils.kt: [(LogUtils.kt:50).i()] [UdpMasterServices] xlog - api receive data disApi, udp service id=91 - running=true - message={"MsgName":"HeartBeatReq","MsgSeqID":2091,"MsgInfo":{"Time":1665393933}}
10-10 17:25:33.918  2698  2956 D UdpMasterServices: receive: data id=91, running=true, msg=null
10-10 17:25:33.918  2698  2820 D LogWriteUtil.class=LogFileHandlerThread.class: 1getFilePath: logFormat=2022-10-10, LogWriteUtil.logPathDir=/custom/metro/log
10-10 17:25:33.918  2698  2956 D UdpMasterServices: udp receive - 1 - gginit api receive data masterApi, udp service id=91 - running=true - message={"MsgName":"GetStatusReq","MsgSeqID":2092,"MsgInfo":{}}
10-10 17:25:33.918  2698  2820 D LogWriteUtil.class=LogFileHandlerThread.class: 2getFilePath: filePath=/custom/metro/log/2022-10-10
10-10 17:25:33.918  2698  2956 D UdpMasterServices: ++++++++++++++++++++++++++++++++++++++++++++++++++++++++++++++++++++++++++++++++++++
10-10 17:25:33.919  2698  2820 D LogWriteUtil.class=LogFileHandlerThread.class: 1getCurrentFileName: LogWriteUtil.logfile=app.log
10-10 17:25:33.920  2698  2956 I APP_LogUtils.kt: [(LogUtils.kt:50).i()] [UdpMasterServices] xlog - api receive data disApi, udp service id=91 - running=true - message={"MsgName":"GetStatusReq","MsgSeqID":2092,"MsgInfo":{}}
10-10 17:25:33.921  2698  2956 D UdpMasterServices: receive: data id=91, running=true, msg=null
10-10 17:25:33.921  2698  2956 D UdpMasterServices: udp receive - 1 - gginit api receive data masterApi, udp service id=91 - running=true - message={"MsgName":"GetFileListReq","MsgSeqID":2093,"MsgInfo":{"StartTime":1665393792}}
10-10 17:25:33.921  2698  2956 D UdpMasterServices: ++++++++++++++++++++++++++++++++++++++++++++++++++++++++++++++++++++++++++++++++++++
10-10 17:25:33.923  2698  4790 D MasterApiReceive: processingHeartBeatData: HeartBeatInfo(time=1665393933, devSite=0)
10-10 17:25:33.924  2698  4491 D MasterApiReceive: processingStatusData: mMasterData=MasterAppStatusApiData(msgName=GetStatusReq, msgSeqID=2092, msgInfo={})
10-10 17:25:33.927  2698  2956 I APP_LogUtils.kt: [(LogUtils.kt:50).i()] [UdpMasterServices] xlog - api receive data disApi, udp service id=91 - running=true - message={"MsgName":"GetFileListReq","MsgSeqID":2093,"MsgInfo":{"StartTime":1665393792}}
10-10 17:25:33.927  2698  2956 D UdpMasterServices: receive: data id=91, running=true, msg=null
10-10 17:25:33.928  2698  2956 D UdpMasterServices: udp receive - 1 - gginit api receive data masterApi, udp service id=91 - running=true - message={"MsgName":"GetOperLogReq","MsgSeqID":2094,"MsgInfo":{"StartTime":1}}
10-10 17:25:33.928  2698  2956 D UdpMasterServices: ++++++++++++++++++++++++++++++++++++++++++++++++++++++++++++++++++++++++++++++++++++
10-10 17:25:33.929  2698  2956 I APP_LogUtils.kt: [(LogUtils.kt:50).i()] [UdpMasterServices] xlog - api receive data disApi, udp service id=91 - running=true - message={"MsgName":"GetOperLogReq","MsgSeqID":2094,"MsgInfo":{"StartTime":1}}
10-10 17:25:33.929  2698  2956 D UdpMasterServices: receive: data id=91, running=true, msg=null
10-10 17:25:33.932  2698  2820 D LogWriteUtil.class=LogFileHandlerThread.class: 1getFilePath: logFormat=2022-10-10, LogWriteUtil.logPathDir=/custom/metro/log
10-10 17:25:33.932  2698  4885 D MasterApiReceive: processingOperLogData: mMasterData=MasterOperLogData(msgName=GetOperLogReq, msgSeqID=2094, msgInfo=OperLogInfo(startTime=1))
10-10 17:25:33.933  2698  2820 D LogWriteUtil.class=LogFileHandlerThread.class: 2getFilePath: filePath=/custom/metro/log/2022-10-10
10-10 17:25:33.933  2698  2820 D LogWriteUtil.class=LogFileHandlerThread.class: getFileNameSuffix: file=/custom/metro/log/2022-10-10
10-10 17:25:33.934  2698  2820 D LogWriteUtil.class=LogFileHandlerThread.class: 2getCurrentFileName: index=3, LogWriteUtil.logfile=app.log, getFileNameSuffix=26
10-10 17:25:33.935  2698  2820 D LogWriteUtil.class=LogFileHandlerThread.class: 1getFilePath: logFormat=2022-10-10, LogWriteUtil.logPathDir=/custom/metro/log
10-10 17:25:33.935  2698  2820 D LogWriteUtil.class=LogFileHandlerThread.class: 2getFilePath: filePath=/custom/metro/log/2022-10-10
10-10 17:25:33.935  2698  2820 D LogWriteUtil.class=LogFileHandlerThread.class: getFileNameSuffix: file=/custom/metro/log/2022-10-10
10-10 17:25:33.936  2698  2820 D LogWriteUtil.class=LogFileHandlerThread.class: 3getCurrentFileName: logFileName=app26.log
10-10 17:25:33.936  2698  2820 D LogWriteUtil.class=LogFileHandlerThread.class: 1,initFile: getFilePath()=/custom/metro/log/2022-10-10, getCurrentFileName=app26.log
10-10 17:25:33.937  2698  4790 I APP_LogUtils.kt: [(LogUtils.kt:50).i()] [UdpMasterServices] start: send1 - masterApi - thread ID=219 - message={"MsgName":"HeartBeatRsp","MsgSeqID":1334,"MsgInfo":{"Time":1665393933}}
10-10 17:25:33.937  2698  2820 D LogWriteUtil.class=LogFileHandlerThread.class: 1getFilePath: logFormat=2022-10-10, LogWriteUtil.logPathDir=/custom/metro/log
10-10 17:25:33.937  2698  2820 D LogWriteUtil.class=LogFileHandlerThread.class: 2getFilePath: filePath=/custom/metro/log/2022-10-10
10-10 17:25:33.938  2698  2820 D LogWriteUtil.class=LogFileHandlerThread.class: 1getCurrentFileName: LogWriteUtil.logfile=app.log
10-10 17:25:33.939  2698  2820 D LogWriteUtil.class=LogFileHandlerThread.class: 1getFilePath: logFormat=2022-10-10, LogWriteUtil.logPathDir=/custom/metro/log
10-10 17:25:33.939  2698  2820 D LogWriteUtil.class=LogFileHandlerThread.class: 2getFilePath: filePath=/custom/metro/log/2022-10-10
10-10 17:25:33.939  2698  2820 D LogWriteUtil.class=LogFileHandlerThread.class: getFileNameSuffix: file=/custom/metro/log/2022-10-10
10-10 17:25:33.940  2698  2820 D LogWriteUtil.class=LogFileHandlerThread.class: 2getCurrentFileName: index=3, LogWriteUtil.logfile=app.log, getFileNameSuffix=26
10-10 17:25:33.941  2698  2820 D LogWriteUtil.class=LogFileHandlerThread.class: 1getFilePath: logFormat=2022-10-10, LogWriteUtil.logPathDir=/custom/metro/log
10-10 17:25:33.941  2698  2820 D LogWriteUtil.class=LogFileHandlerThread.class: 2getFilePath: filePath=/custom/metro/log/2022-10-10
10-10 17:25:33.942  2698  2820 D LogWriteUtil.class=LogFileHandlerThread.class: getFileNameSuffix: file=/custom/metro/log/2022-10-10
10-10 17:25:33.943  2698  2820 D LogWriteUtil.class=LogFileHandlerThread.class: 3getCurrentFileName: logFileName=app26.log
10-10 17:25:33.943  2698  2820 D LogWriteUtil.class=LogFileHandlerThread.class: 1getCurrentFileName: LogWriteUtil.logfile=app.log
--------- beginning of system
10-10 17:25:33.943  2698  4722 W ContextImpl: Calling a method in the system process without a qualified user: android.app.ContextImpl.sendBroadcast:877 android.content.ContextWrapper.sendBroadcast:421 com.gbcom.library_base.udp.MasterApiReceive.processingFileListData:153 com.gbcom.library_base.udp.MasterApiReceive.processingData:60 com.gbcom.library_main.mvvm.viewmodel.MainViewModel$processingMasterApi$1.invokeSuspend:251 
10-10 17:25:33.944  2698  2820 D LogWriteUtil.class=LogFileHandlerThread.class: 1getFilePath: logFormat=2022-10-10, LogWriteUtil.logPathDir=/custom/metro/log
10-10 17:25:33.944  2698  2820 D LogWriteUtil.class=LogFileHandlerThread.class: 2getFilePath: filePath=/custom/metro/log/2022-10-10
10-10 17:25:33.945  2698  2820 D LogWriteUtil.class=LogFileHandlerThread.class: getFileNameSuffix: file=/custom/metro/log/2022-10-10
10-10 17:25:33.945  2698  2820 D LogWriteUtil.class=LogFileHandlerThread.class: 2getCurrentFileName: index=3, LogWriteUtil.logfile=app.log, getFileNameSuffix=26
10-10 17:25:33.946  1504  1526 E ActivityManager: Sending non-protected broadcast com.gbcom.action.ACTION_MASTER_FILE_LIST_TASK from system 2698:com.gbcom.metrosystem/1000 pkg com.gbcom.metrosystem
10-10 17:25:33.946  1504  1526 E ActivityManager: java.lang.Throwable
10-10 17:25:33.946  1504  1526 E ActivityManager: 	at com.android.server.am.ActivityManagerService.checkBroadcastFromSystem(ActivityManagerService.java:18272)
10-10 17:25:33.946  1504  1526 E ActivityManager: 	at com.android.server.am.ActivityManagerService.broadcastIntentLocked(ActivityManagerService.java:18753)
10-10 17:25:33.946  1504  1526 E ActivityManager: 	at com.android.server.am.ActivityManagerService.broadcastIntent(ActivityManagerService.java:18935)
10-10 17:25:33.946  1504  1526 E ActivityManager: 	at android.app.ActivityManagerNative.onTransact(ActivityManagerNative.java:499)
10-10 17:25:33.946  1504  1526 E ActivityManager: 	at com.android.server.am.ActivityManagerService.onTransact(ActivityManagerService.java:2869)
10-10 17:25:33.946  1504  1526 E ActivityManager: 	at android.os.Binder.execTransact(Binder.java:565)
10-10 17:25:33.946  2698  2820 D LogWriteUtil.class=LogFileHandlerThread.class: 1getFilePath: logFormat=2022-10-10, LogWriteUtil.logPathDir=/custom/metro/log
10-10 17:25:33.946  2698  2820 D LogWriteUtil.class=LogFileHandlerThread.class: 2getFilePath: filePath=/custom/metro/log/2022-10-10
10-10 17:25:33.947  2698  2820 D LogWriteUtil.class=LogFileHandlerThread.class: getFileNameSuffix: file=/custom/metro/log/2022-10-10
10-10 17:25:33.947  2698  2820 D LogWriteUtil.class=LogFileHandlerThread.class: 3getCurrentFileName: logFileName=app26.log
10-10 17:25:33.947  2698  2820 D TAG     : 2,initFile: /custom/metro/log/2022-10-10/app26.log, logFile.length=393728, getCurrentFileName()=app26.log, writeFileName=/custom/metro/log/2022-10-10/app26.log
10-10 17:25:33.948  2698  2820 D LogWriteUtil.class=LogFileHandlerThread.class: 8,initFile: logFile=/custom/metro/log/2022-10-10/app26.log, logFile.length=393728
10-10 17:25:33.949  2698  2820 D LogWriteUtil.class=LogFileHandlerThread.class: 1getFilePath: logFormat=2022-10-10, LogWriteUtil.logPathDir=/custom/metro/log
10-10 17:25:33.949  2698  2820 D LogWriteUtil.class=LogFileHandlerThread.class: 2getFilePath: filePath=/custom/metro/log/2022-10-10
10-10 17:25:33.950  2698  2820 D LogWriteUtil.class=LogFileHandlerThread.class: 1getCurrentFileName: LogWriteUtil.logfile=app.log
10-10 17:25:33.950  2698  2820 D LogWriteUtil.class=LogFileHandlerThread.class: 1getFilePath: logFormat=2022-10-10, LogWriteUtil.logPathDir=/custom/metro/log
10-10 17:25:33.950  2698  2820 D LogWriteUtil.class=LogFileHandlerThread.class: 2getFilePath: filePath=/custom/metro/log/2022-10-10
10-10 17:25:33.951  2698  2820 D LogWriteUtil.class=LogFileHandlerThread.class: getFileNameSuffix: file=/custom/metro/log/2022-10-10
10-10 17:25:33.951  2698  2820 D LogWriteUtil.class=LogFileHandlerThread.class: 2getCurrentFileName: index=3, LogWriteUtil.logfile=app.log, getFileNameSuffix=26
10-10 17:25:33.952  2698  2820 D LogWriteUtil.class=LogFileHandlerThread.class: 1getFilePath: logFormat=2022-10-10, LogWriteUtil.logPathDir=/custom/metro/log
10-10 17:25:33.952  2698  2820 D LogWriteUtil.class=LogFileHandlerThread.class: 2getFilePath: filePath=/custom/metro/log/2022-10-10
10-10 17:25:33.952  2698  2820 D LogWriteUtil.class=LogFileHandlerThread.class: getFileNameSuffix: file=/custom/metro/log/2022-10-10
10-10 17:25:33.953  2698  2820 D LogWriteUtil.class=LogFileHandlerThread.class: 3getCurrentFileName: logFileName=app26.log
10-10 17:25:33.953  2698  2820 D LogWriteUtil.class=LogFileHandlerThread.class: 1,initFile: getFilePath()=/custom/metro/log/2022-10-10, getCurrentFileName=app26.log
10-10 17:25:33.954  2698  2820 D LogWriteUtil.class=LogFileHandlerThread.class: 1getFilePath: logFormat=2022-10-10, LogWriteUtil.logPathDir=/custom/metro/log
10-10 17:25:33.954  2698  2820 D LogWriteUtil.class=LogFileHandlerThread.class: 2getFilePath: filePath=/custom/metro/log/2022-10-10
10-10 17:25:33.954  2698  2820 D LogWriteUtil.class=LogFileHandlerThread.class: 1getCurrentFileName: LogWriteUtil.logfile=app.log
10-10 17:25:33.955  2698  2820 D LogWriteUtil.class=LogFileHandlerThread.class: 1getFilePath: logFormat=2022-10-10, LogWriteUtil.logPathDir=/custom/metro/log
10-10 17:25:33.956  2698  2820 D LogWriteUtil.class=LogFileHandlerThread.class: 2getFilePath: filePath=/custom/metro/log/2022-10-10
10-10 17:25:33.956  2698  2820 D LogWriteUtil.class=LogFileHandlerThread.class: getFileNameSuffix: file=/custom/metro/log/2022-10-10
10-10 17:25:33.957  2698  2820 D LogWriteUtil.class=LogFileHandlerThread.class: 2getCurrentFileName: index=3, LogWriteUtil.logfile=app.log, getFileNameSuffix=26
10-10 17:25:33.958  2698  2820 D LogWriteUtil.class=LogFileHandlerThread.class: 1getFilePath: logFormat=2022-10-10, LogWriteUtil.logPathDir=/custom/metro/log
10-10 17:25:33.958  2698  2820 D LogWriteUtil.class=LogFileHandlerThread.class: 2getFilePath: filePath=/custom/metro/log/2022-10-10
10-10 17:25:33.958  2698  2820 D LogWriteUtil.class=LogFileHandlerThread.class: getFileNameSuffix: file=/custom/metro/log/2022-10-10
10-10 17:25:33.958  2698  2820 D LogWriteUtil.class=LogFileHandlerThread.class: 3getCurrentFileName: logFileName=app26.log
10-10 17:25:33.959  2698  2820 D LogWriteUtil.class=LogFileHandlerThread.class: 1getCurrentFileName: LogWriteUtil.logfile=app.log
10-10 17:25:33.959  2698  2820 D LogWriteUtil.class=LogFileHandlerThread.class: 1getFilePath: logFormat=2022-10-10, LogWriteUtil.logPathDir=/custom/metro/log
10-10 17:25:33.959  2698  2820 D LogWriteUtil.class=LogFileHandlerThread.class: 2getFilePath: filePath=/custom/metro/log/2022-10-10
10-10 17:25:33.960  2698  2820 D LogWriteUtil.class=LogFileHandlerThread.class: getFileNameSuffix: file=/custom/metro/log/2022-10-10
10-10 17:25:33.960  2698  2820 D LogWriteUtil.class=LogFileHandlerThread.class: 2getCurrentFileName: index=3, LogWriteUtil.logfile=app.log, getFileNameSuffix=26
10-10 17:25:33.960  2698  4491 I APP_LogUtils.kt: [(LogUtils.kt:50).i()] [UdpMasterServices] start: send1 - masterApi - thread ID=194 - message={"MsgSeqID":1335,"MsgName":"GetStatusRsp","MsgInfo":{"NetMask":"255.255.255.0","DeviceId":"BT-FX300","Gateway":"","SelfCheckFailReason":"","Uptime":3326,"SystemVersion":"TX300-ANDROID-7.1-R0018","AppVersion":"FX400-APK-3.0.1-V1.0.8","SelfCheckStatus":1,"Time":1665393933,"FwVersion":"qualcomm"}}
10-10 17:25:33.961  2698  2820 D LogWriteUtil.class=LogFileHandlerThread.class: 1getFilePath: logFormat=2022-10-10, LogWriteUtil.logPathDir=/custom/metro/log
10-10 17:25:33.961  2698  2820 D LogWriteUtil.class=LogFileHandlerThread.class: 2getFilePath: filePath=/custom/metro/log/2022-10-10
10-10 17:25:33.961  2698  2820 D LogWriteUtil.class=LogFileHandlerThread.class: getFileNameSuffix: file=/custom/metro/log/2022-10-10
10-10 17:25:33.962  2698  2820 D LogWriteUtil.class=LogFileHandlerThread.class: 3getCurrentFileName: logFileName=app26.log
10-10 17:25:33.962  2698  2820 D TAG     : 2,initFile: /custom/metro/log/2022-10-10/app26.log, logFile.length=393944, getCurrentFileName()=app26.log, writeFileName=/custom/metro/log/2022-10-10/app26.log
10-10 17:25:33.962  2698  2820 D LogWriteUtil.class=LogFileHandlerThread.class: 8,initFile: logFile=/custom/metro/log/2022-10-10/app26.log, logFile.length=393944
10-10 17:25:33.963  2698  2820 D LogWriteUtil.class=LogFileHandlerThread.class: 1getFilePath: logFormat=2022-10-10, LogWriteUtil.logPathDir=/custom/metro/log
10-10 17:25:33.963  2698  2820 D LogWriteUtil.class=LogFileHandlerThread.class: 2getFilePath: filePath=/custom/metro/log/2022-10-10
10-10 17:25:33.963  2698  2820 D LogWriteUtil.class=LogFileHandlerThread.class: 1getCurrentFileName: LogWriteUtil.logfile=app.log
10-10 17:25:33.964  2698  2820 D LogWriteUtil.class=LogFileHandlerThread.class: 1getFilePath: logFormat=2022-10-10, LogWriteUtil.logPathDir=/custom/metro/log
10-10 17:25:33.964  2698  2820 D LogWriteUtil.class=LogFileHandlerThread.class: 2getFilePath: filePath=/custom/metro/log/2022-10-10
10-10 17:25:33.964  2698  2820 D LogWriteUtil.class=LogFileHandlerThread.class: getFileNameSuffix: file=/custom/metro/log/2022-10-10
10-10 17:25:33.965  2698  2820 D LogWriteUtil.class=LogFileHandlerThread.class: 2getCurrentFileName: index=3, LogWriteUtil.logfile=app.log, getFileNameSuffix=26
10-10 17:25:33.965  2698  2820 D LogWriteUtil.class=LogFileHandlerThread.class: 1getFilePath: logFormat=2022-10-10, LogWriteUtil.logPathDir=/custom/metro/log
10-10 17:25:33.965  2698  2820 D LogWriteUtil.class=LogFileHandlerThread.class: 2getFilePath: filePath=/custom/metro/log/2022-10-10
10-10 17:25:33.966  2698  2820 D LogWriteUtil.class=LogFileHandlerThread.class: getFileNameSuffix: file=/custom/metro/log/2022-10-10
10-10 17:25:33.966  2698  2820 D LogWriteUtil.class=LogFileHandlerThread.class: 3getCurrentFileName: logFileName=app26.log
10-10 17:25:33.966  2698  2820 D LogWriteUtil.class=LogFileHandlerThread.class: 1,initFile: getFilePath()=/custom/metro/log/2022-10-10, getCurrentFileName=app26.log
10-10 17:25:33.968  2698  2820 D LogWriteUtil.class=LogFileHandlerThread.class: 1getFilePath: logFormat=2022-10-10, LogWriteUtil.logPathDir=/custom/metro/log
10-10 17:25:33.968  2698  2820 D LogWriteUtil.class=LogFileHandlerThread.class: 2getFilePath: filePath=/custom/metro/log/2022-10-10
10-10 17:25:33.968  2698  2820 D LogWriteUtil.class=LogFileHandlerThread.class: 1getCurrentFileName: LogWriteUtil.logfile=app.log
10-10 17:25:33.969  2698  2820 D LogWriteUtil.class=LogFileHandlerThread.class: 1getFilePath: logFormat=2022-10-10, LogWriteUtil.logPathDir=/custom/metro/log
10-10 17:25:33.969  2698  2820 D LogWriteUtil.class=LogFileHandlerThread.class: 2getFilePath: filePath=/custom/metro/log/2022-10-10
10-10 17:25:33.969  2698  2820 D LogWriteUtil.class=LogFileHandlerThread.class: getFileNameSuffix: file=/custom/metro/log/2022-10-10
10-10 17:25:33.970  2698  2820 D LogWriteUtil.class=LogFileHandlerThread.class: 2getCurrentFileName: index=3, LogWriteUtil.logfile=app.log, getFileNameSuffix=26
10-10 17:25:33.971  2698  2820 D LogWriteUtil.class=LogFileHandlerThread.class: 1getFilePath: logFormat=2022-10-10, LogWriteUtil.logPathDir=/custom/metro/log
10-10 17:25:33.971  2698  2820 D LogWriteUtil.class=LogFileHandlerThread.class: 2getFilePath: filePath=/custom/metro/log/2022-10-10
10-10 17:25:33.971  2698  2820 D LogWriteUtil.class=LogFileHandlerThread.class: getFileNameSuffix: file=/custom/metro/log/2022-10-10
10-10 17:25:33.972  2698  2820 D LogWriteUtil.class=LogFileHandlerThread.class: 3getCurrentFileName: logFileName=app26.log
10-10 17:25:33.973  2698  2820 D LogWriteUtil.class=LogFileHandlerThread.class: 1getCurrentFileName: LogWriteUtil.logfile=app.log
10-10 17:25:33.974  2698  2820 D LogWriteUtil.class=LogFileHandlerThread.class: 1getFilePath: logFormat=2022-10-10, LogWriteUtil.logPathDir=/custom/metro/log
10-10 17:25:33.974  2698  2820 D LogWriteUtil.class=LogFileHandlerThread.class: 2getFilePath: filePath=/custom/metro/log/2022-10-10
10-10 17:25:33.974  2698  2820 D LogWriteUtil.class=LogFileHandlerThread.class: getFileNameSuffix: file=/custom/metro/log/2022-10-10
10-10 17:25:33.975  2698  2820 D LogWriteUtil.class=LogFileHandlerThread.class: 2getCurrentFileName: index=3, LogWriteUtil.logfile=app.log, getFileNameSuffix=26
10-10 17:25:33.976  2698  2820 D LogWriteUtil.class=LogFileHandlerThread.class: 1getFilePath: logFormat=2022-10-10, LogWriteUtil.logPathDir=/custom/metro/log
10-10 17:25:33.976  2698  2820 D LogWriteUtil.class=LogFileHandlerThread.class: 2getFilePath: filePath=/custom/metro/log/2022-10-10
10-10 17:25:33.976  2698  2820 D LogWriteUtil.class=LogFileHandlerThread.class: getFileNameSuffix: file=/custom/metro/log/2022-10-10
10-10 17:25:33.977  2698  2820 D LogWriteUtil.class=LogFileHandlerThread.class: 3getCurrentFileName: logFileName=app26.log
10-10 17:25:33.977  2698  2820 D TAG     : 2,initFile: /custom/metro/log/2022-10-10/app26.log, logFile.length=394143, getCurrentFileName()=app26.log, writeFileName=/custom/metro/log/2022-10-10/app26.log
10-10 17:25:33.977  2698  2820 D LogWriteUtil.class=LogFileHandlerThread.class: 8,initFile: logFile=/custom/metro/log/2022-10-10/app26.log, logFile.length=394143
10-10 17:25:33.978  2698  2820 D LogWriteUtil.class=LogFileHandlerThread.class: 1getFilePath: logFormat=2022-10-10, LogWriteUtil.logPathDir=/custom/metro/log
10-10 17:25:33.978  2698  2820 D LogWriteUtil.class=LogFileHandlerThread.class: 2getFilePath: filePath=/custom/metro/log/2022-10-10
10-10 17:25:33.979  2698  2820 D LogWriteUtil.class=LogFileHandlerThread.class: 1getCurrentFileName: LogWriteUtil.logfile=app.log
10-10 17:25:33.980  2698  2820 D LogWriteUtil.class=LogFileHandlerThread.class: 1getFilePath: logFormat=2022-10-10, LogWriteUtil.logPathDir=/custom/metro/log
10-10 17:25:33.980  2698  2820 D LogWriteUtil.class=LogFileHandlerThread.class: 2getFilePath: filePath=/custom/metro/log/2022-10-10
10-10 17:25:33.980  2698  2820 D LogWriteUtil.class=LogFileHandlerThread.class: getFileNameSuffix: file=/custom/metro/log/2022-10-10
10-10 17:25:33.980  2698  2820 D LogWriteUtil.class=LogFileHandlerThread.class: 2getCurrentFileName: index=3, LogWriteUtil.logfile=app.log, getFileNameSuffix=26
10-10 17:25:33.981  2698  2820 D LogWriteUtil.class=LogFileHandlerThread.class: 1getFilePath: logFormat=2022-10-10, LogWriteUtil.logPathDir=/custom/metro/log
10-10 17:25:33.981  2698  2820 D LogWriteUtil.class=LogFileHandlerThread.class: 2getFilePath: filePath=/custom/metro/log/2022-10-10
10-10 17:25:33.982  2698  2820 D LogWriteUtil.class=LogFileHandlerThread.class: getFileNameSuffix: file=/custom/metro/log/2022-10-10
10-10 17:25:33.982  2698  2820 D LogWriteUtil.class=LogFileHandlerThread.class: 3getCurrentFileName: logFileName=app26.log
10-10 17:25:33.983  1504  1526 E ActivityManager: Sending non-protected broadcast com.gbcom.action.ACTION_MASTER_FILE_LIST_TASK from system 2698:com.gbcom.metrosystem/1000 pkg com.gbcom.metrosystem
10-10 17:25:33.983  1504  1526 E ActivityManager: java.lang.Throwable
10-10 17:25:33.983  1504  1526 E ActivityManager: 	at com.android.server.am.ActivityManagerService.checkBroadcastFromSystem(ActivityManagerService.java:18272)
10-10 17:25:33.983  1504  1526 E ActivityManager: 	at com.android.server.am.ActivityManagerService.broadcastIntentLocked(ActivityManagerService.java:18844)
10-10 17:25:33.983  1504  1526 E ActivityManager: 	at com.android.server.am.ActivityManagerService.broadcastIntent(ActivityManagerService.java:18935)
10-10 17:25:33.983  1504  1526 E ActivityManager: 	at android.app.ActivityManagerNative.onTransact(ActivityManagerNative.java:499)
10-10 17:25:33.983  1504  1526 E ActivityManager: 	at com.android.server.am.ActivityManagerService.onTransact(ActivityManagerService.java:2869)
10-10 17:25:33.983  1504  1526 E ActivityManager: 	at android.os.Binder.execTransact(Binder.java:565)
10-10 17:25:33.983  2698  2820 D LogWriteUtil.class=LogFileHandlerThread.class: 1,initFile: getFilePath()=/custom/metro/log/2022-10-10, getCurrentFileName=app26.log
10-10 17:25:33.983  2698  2820 D LogWriteUtil.class=LogFileHandlerThread.class: 1getFilePath: logFormat=2022-10-10, LogWriteUtil.logPathDir=/custom/metro/log
10-10 17:25:33.984  2698  2820 D LogWriteUtil.class=LogFileHandlerThread.class: 2getFilePath: filePath=/custom/metro/log/2022-10-10
10-10 17:25:33.984  2698  2820 D LogWriteUtil.class=LogFileHandlerThread.class: 1getCurrentFileName: LogWriteUtil.logfile=app.log
10-10 17:25:33.985  2698  2820 D LogWriteUtil.class=LogFileHandlerThread.class: 1getFilePath: logFormat=2022-10-10, LogWriteUtil.logPathDir=/custom/metro/log
10-10 17:25:33.985  2698  2820 D LogWriteUtil.class=LogFileHandlerThread.class: 2getFilePath: filePath=/custom/metro/log/2022-10-10
10-10 17:25:33.985  2698  2820 D LogWriteUtil.class=LogFileHandlerThread.class: getFileNameSuffix: file=/custom/metro/log/2022-10-10
10-10 17:25:33.986  2698  2820 D LogWriteUtil.class=LogFileHandlerThread.class: 2getCurrentFileName: index=3, LogWriteUtil.logfile=app.log, getFileNameSuffix=26
10-10 17:25:33.987  2698  2820 D LogWriteUtil.class=LogFileHandlerThread.class: 1getFilePath: logFormat=2022-10-10, LogWriteUtil.logPathDir=/custom/metro/log
10-10 17:25:33.987  2698  2820 D LogWriteUtil.class=LogFileHandlerThread.class: 2getFilePath: filePath=/custom/metro/log/2022-10-10
10-10 17:25:33.987  2698  2820 D LogWriteUtil.class=LogFileHandlerThread.class: getFileNameSuffix: file=/custom/metro/log/2022-10-10
10-10 17:25:33.987  2698  2820 D LogWriteUtil.class=LogFileHandlerThread.class: 3getCurrentFileName: logFileName=app26.log
10-10 17:25:33.988  2698  2820 D LogWriteUtil.class=LogFileHandlerThread.class: 1getCurrentFileName: LogWriteUtil.logfile=app.log
10-10 17:25:33.989  2698  2820 D LogWriteUtil.class=LogFileHandlerThread.class: 1getFilePath: logFormat=2022-10-10, LogWriteUtil.logPathDir=/custom/metro/log
10-10 17:25:33.989  2698  2820 D LogWriteUtil.class=LogFileHandlerThread.class: 2getFilePath: filePath=/custom/metro/log/2022-10-10
10-10 17:25:33.989  2698  2820 D LogWriteUtil.class=LogFileHandlerThread.class: getFileNameSuffix: file=/custom/metro/log/2022-10-10
10-10 17:25:33.990  2698  2820 D LogWriteUtil.class=LogFileHandlerThread.class: 2getCurrentFileName: index=3, LogWriteUtil.logfile=app.log, getFileNameSuffix=26
10-10 17:25:33.992  2698  2820 D LogWriteUtil.class=LogFileHandlerThread.class: 1getFilePath: logFormat=2022-10-10, LogWriteUtil.logPathDir=/custom/metro/log
10-10 17:25:33.992  2698  2820 D LogWriteUtil.class=LogFileHandlerThread.class: 2getFilePath: filePath=/custom/metro/log/2022-10-10
10-10 17:25:33.992  2698  2820 D LogWriteUtil.class=LogFileHandlerThread.class: getFileNameSuffix: file=/custom/metro/log/2022-10-10
10-10 17:25:33.993  2698  2820 D LogWriteUtil.class=LogFileHandlerThread.class: 3getCurrentFileName: logFileName=app26.log
10-10 17:25:33.993  2698  2820 D TAG     : 2,initFile: /custom/metro/log/2022-10-10/app26.log, logFile.length=394366, getCurrentFileName()=app26.log, writeFileName=/custom/metro/log/2022-10-10/app26.log
10-10 17:25:33.994  2698  2820 D LogWriteUtil.class=LogFileHandlerThread.class: 8,initFile: logFile=/custom/metro/log/2022-10-10/app26.log, logFile.length=394366
10-10 17:25:33.995  2698  2820 D LogWriteUtil.class=LogFileHandlerThread.class: 1getFilePath: logFormat=2022-10-10, LogWriteUtil.logPathDir=/custom/metro/log
10-10 17:25:33.995  2698  2820 D LogWriteUtil.class=LogFileHandlerThread.class: 2getFilePath: filePath=/custom/metro/log/2022-10-10
10-10 17:25:33.995  2698  2820 D LogWriteUtil.class=LogFileHandlerThread.class: 1getCurrentFileName: LogWriteUtil.logfile=app.log
10-10 17:25:33.996  2698  2820 D LogWriteUtil.class=LogFileHandlerThread.class: 1getFilePath: logFormat=2022-10-10, LogWriteUtil.logPathDir=/custom/metro/log
10-10 17:25:33.997  2698  2820 D LogWriteUtil.class=LogFileHandlerThread.class: 2getFilePath: filePath=/custom/metro/log/2022-10-10
10-10 17:25:33.997  2698  2820 D LogWriteUtil.class=LogFileHandlerThread.class: getFileNameSuffix: file=/custom/metro/log/2022-10-10
10-10 17:25:33.997  2698  2820 D LogWriteUtil.class=LogFileHandlerThread.class: 2getCurrentFileName: index=3, LogWriteUtil.logfile=app.log, getFileNameSuffix=26
10-10 17:25:33.997  2698  4722 D LLongevityService: getFileList thread id is: 208, time=1665393792
10-10 17:25:33.997  2698  4722 D BtrunCConfig: isR2Nubmer is true
10-10 17:25:33.997  2698  4722 D com.ztegota.system.GotaSystem: getMdn +866022011
10-10 17:25:33.997  2698  4722 D TAG     : getUserId: userId2=+866022011
10-10 17:25:33.998  2698  2820 D LogWriteUtil.class=LogFileHandlerThread.class: 1getFilePath: logFormat=2022-10-10, LogWriteUtil.logPathDir=/custom/metro/log
10-10 17:25:33.998  2698  2820 D LogWriteUtil.class=LogFileHandlerThread.class: 2getFilePath: filePath=/custom/metro/log/2022-10-10
10-10 17:25:33.998  2698  2820 D LogWriteUtil.class=LogFileHandlerThread.class: getFileNameSuffix: file=/custom/metro/log/2022-10-10
10-10 17:25:33.999  2698  2820 D LogWriteUtil.class=LogFileHandlerThread.class: 3getCurrentFileName: logFileName=app26.log
10-10 17:25:33.999  2698  2820 D LogWriteUtil.class=LogFileHandlerThread.class: 1,initFile: getFilePath()=/custom/metro/log/2022-10-10, getCurrentFileName=app26.log
10-10 17:25:33.999  2698  2820 D LogWriteUtil.class=LogFileHandlerThread.class: 1getFilePath: logFormat=2022-10-10, LogWriteUtil.logPathDir=/custom/metro/log
10-10 17:25:34.000  2698  2820 D LogWriteUtil.class=LogFileHandlerThread.class: 2getFilePath: filePath=/custom/metro/log/2022-10-10
10-10 17:25:34.000  2698  2820 D LogWriteUtil.class=LogFileHandlerThread.class: 1getCurrentFileName: LogWriteUtil.logfile=app.log
10-10 17:25:34.000  2698  2820 D LogWriteUtil.class=LogFileHandlerThread.class: 1getFilePath: logFormat=2022-10-10, LogWriteUtil.logPathDir=/custom/metro/log
10-10 17:25:34.001  2698  2820 D LogWriteUtil.class=LogFileHandlerThread.class: 2getFilePath: filePath=/custom/metro/log/2022-10-10
10-10 17:25:34.001  2698  2820 D LogWriteUtil.class=LogFileHandlerThread.class: getFileNameSuffix: file=/custom/metro/log/2022-10-10
10-10 17:25:34.001  2698  2820 D LogWriteUtil.class=LogFileHandlerThread.class: 2getCurrentFileName: index=3, LogWriteUtil.logfile=app.log, getFileNameSuffix=26
10-10 17:25:34.003  2698  2820 D LogWriteUtil.class=LogFileHandlerThread.class: 1getFilePath: logFormat=2022-10-10, LogWriteUtil.logPathDir=/custom/metro/log
10-10 17:25:34.003  2698  2820 D LogWriteUtil.class=LogFileHandlerThread.class: 2getFilePath: filePath=/custom/metro/log/2022-10-10
10-10 17:25:34.003  2698  2820 D LogWriteUtil.class=LogFileHandlerThread.class: getFileNameSuffix: file=/custom/metro/log/2022-10-10
10-10 17:25:34.004  2698  2820 D LogWriteUtil.class=LogFileHandlerThread.class: 3getCurrentFileName: logFileName=app26.log
10-10 17:25:34.004  2698  2820 D LogWriteUtil.class=LogFileHandlerThread.class: 1getCurrentFileName: LogWriteUtil.logfile=app.log
10-10 17:25:34.005  2698  2820 D LogWriteUtil.class=LogFileHandlerThread.class: 1getFilePath: logFormat=2022-10-10, LogWriteUtil.logPathDir=/custom/metro/log
10-10 17:25:34.005  2698  2820 D LogWriteUtil.class=LogFileHandlerThread.class: 2getFilePath: filePath=/custom/metro/log/2022-10-10
10-10 17:25:34.005  2698  2820 D LogWriteUtil.class=LogFileHandlerThread.class: getFileNameSuffix: file=/custom/metro/log/2022-10-10
10-10 17:25:34.006  2698  2820 D LogWriteUtil.class=LogFileHandlerThread.class: 2getCurrentFileName: index=3, LogWriteUtil.logfile=app.log, getFileNameSuffix=26
10-10 17:25:34.006  2698  4722 I APP_LogUtils.kt: [(LogUtils.kt:50).i()] [UdpMasterServices] start: send1 - masterApi - thread ID=208 - message={"MsgSeqID":1336,"MsgName":"GetFileListRsp","MsgInfo":[]}
10-10 17:25:34.006  2698  2820 D LogWriteUtil.class=LogFileHandlerThread.class: 1getFilePath: logFormat=2022-10-10, LogWriteUtil.logPathDir=/custom/metro/log
