10-10 17:25:27.693  2698  2820 D LogWriteUtil.class=LogFileHandlerThread.class: 3getCurrentFileName: logFileName=app26.log
10-10 17:25:27.694  2698  2820 D LogWriteUtil.class=LogFileHandlerThread.class: 1,initFile: getFilePath()=/custom/metro/log/2022-10-10, getCurrentFileName=app26.log
10-10 17:25:27.694  2698  2820 D LogWriteUtil.class=LogFileHandlerThread.class: 1getFilePath: logFormat=2022-10-10, LogWriteUtil.logPathDir=/custom/metro/log
10-10 17:25:27.694  2698  2820 D LogWriteUtil.class=LogFileHandlerThread.class: 2getFilePath: filePath=/custom/metro/log/2022-10-10
10-10 17:25:27.694  2698  2820 D LogWriteUtil.class=LogFileHandlerThread.class: 1getCurrentFileName: LogWriteUtil.logfile=app.log
10-10 17:25:27.695  2698  2820 D LogWriteUtil.class=LogFileHandlerThread.class: 1getFilePath: logFormat=2022-10-10, LogWriteUtil.logPathDir=/custom/metro/log
10-10 17:25:27.695  2698  2820 D LogWriteUtil.class=LogFileHandlerThread.class: 2getFilePath: filePath=/custom/metro/log/2022-10-10
10-10 17:25:27.695  2698  2820 D LogWriteUtil.class=LogFileHandlerThread.class: getFileNameSuffix: file=/custom/metro/log/2022-10-10
10-10 17:25:27.696  2698  2820 D LogWriteUtil.class=LogFileHandlerThread.class: 2getCurrentFileName: index=3, LogWriteUtil.logfile=app.log, getFileNameSuffix=26
10-10 17:25:27.696  2698  2820 D LogWriteUtil.class=LogFileHandlerThread.class: 1getFilePath: logFormat=2022-10-10, LogWriteUtil.logPathDir=/custom/metro/log
10-10 17:25:27.697  2698  2820 D LogWriteUtil.class=LogFileHandlerThread.class: 2getFilePath: filePath=/custom/metro/log/2022-10-10
10-10 17:25:27.697  2698  2820 D LogWriteUtil.class=LogFileHandlerThread.class: getFileNameSuffix: file=/custom/metro/log/2022-10-10
10-10 17:25:27.697  2698  2820 D LogWriteUtil.class=LogFileHandlerThread.class: 3getCurrentFileName: logFileName=app26.log
10-10 17:25:27.697  2698  2820 D LogWriteUtil.class=LogFileHandlerThread.class: 1getCurrentFileName: LogWriteUtil.logfile=app.log
10-10 17:25:27.698  2698  2820 D LogWriteUtil.class=LogFileHandlerThread.class: 1getFilePath: logFormat=2022-10-10, LogWriteUtil.logPathDir=/custom/metro/log
10-10 17:25:27.698  2698  2820 D LogWriteUtil.class=LogFileHandlerThread.class: 2getFilePath: filePath=/custom/metro/log/2022-10-10
10-10 17:25:27.698  2698  2820 D LogWriteUtil.class=LogFileHandlerThread.class: getFileNameSuffix: file=/custom/metro/log/2022-10-10
10-10 17:25:27.699  2698  2820 D LogWriteUtil.class=LogFileHandlerThread.class: 2getCurrentFileName: index=3, LogWriteUtil.logfile=app.log, getFileNameSuffix=26
10-10 17:25:27.699  2698  2820 D LogWriteUtil.class=LogFileHandlerThread.class: 1getFilePath: logFormat=2022-10-10, LogWriteUtil.logPathDir=/custom/metro/log
10-10 17:25:27.700  2698  2820 D LogWriteUtil.class=LogFileHandlerThread.class: 2getFilePath: filePath=/custom/metro/log/2022-10-10
10-10 17:25:27.700  2698  2820 D LogWriteUtil.class=LogFileHandlerThread.class: getFileNameSuffix: file=/custom/metro/log/2022-10-10
10-10 17:25:27.700  2698  2820 D LogWriteUtil.class=LogFileHandlerThread.class: 3getCurrentFileName: logFileName=app26.log
10-10 17:25:27.700  2698  2820 D TAG     : 2,initFile: /custom/metro/log/2022-10-10/app26.log, logFile.length=385662, getCurrentFileName()=app26.log, writeFileName=/custom/metro/log/2022-10-10/app26.log
10-10 17:25:27.700  2698  2820 D LogWriteUtil.class=LogFileHandlerThread.class: 8,initFile: logFile=/custom/metro/log/2022-10-10/app26.log, logFile.length=385662
10-10 17:25:27.769  2698  3292 D UdpDisServices: udp receive - api receive data disApi, udp service id=98  - udp.packet.address=/172.2.208.8, udp.pack.socketAddress=/172.2.208.8:64002, udp.port=64002- running=true - message={"MsgSeqID":961663,"MsgName":"GetStationATSRsp","MsgInfo":{"Code":10011,"StationATSInfos":[]}}
10-10 17:25:27.771  2698  2753 I rilj    : EMCI Detial(CellId--->Tav): 5121,255,2,"460702",255,65535,59,65535,255,255,66,26,16,255,1159641224245,0,0,0,0,0,0,0,0
10-10 17:25:27.771  2698  3292 I APP_LogUtils.kt: [(LogUtils.kt:50).i()] [UdpDisServices] udp receive - api receive data disApi, udp service id=98 - running=true  - ip=/172.2.208.8 - port=64002 - message={"MsgSeqID":961663,"MsgName":"GetStationATSRsp","MsgInfo":{"Code":10011,"StationATSInfos":[]}}
10-10 17:25:27.771  2698  2753 D LTERILJ : [UNSL]< RIL_UNSOL_NOTIFY_EMCI_DETAIL
10-10 17:25:27.772  2698  2698 D MainActivity: onMessageEvent  -- gginit: disApi, id=1---event={"MsgSeqID":961663,"MsgName":"GetStationATSRsp","MsgInfo":{"Code":10011,"StationATSInfos":[]}}
10-10 17:25:27.772  2698  2749 D LTEPhone: EVENT_FOR_EMCI_DETAIL
10-10 17:25:27.772  2698  2698 D MainViewModel: 1processDisApi: disApi, id=1
10-10 17:25:27.772  2698  2749 D LTEServiceTracker: setCellId cellId:5121,"460702"
10-10 17:25:27.773  2698  2820 D LogWriteUtil.class=LogFileHandlerThread.class: 1getFilePath: logFormat=2022-10-10, LogWriteUtil.logPathDir=/custom/metro/log
10-10 17:25:27.773  2698  2820 D LogWriteUtil.class=LogFileHandlerThread.class: 2getFilePath: filePath=/custom/metro/log/2022-10-10
10-10 17:25:27.774  2698  2820 D LogWriteUtil.class=LogFileHandlerThread.class: 1getCurrentFileName: LogWriteUtil.logfile=app.log
10-10 17:25:27.774  2698  2698 I APP_LogUtils.kt: [(LogUtils.kt:50).i()] [com.gbcom.library_base.service.LLteService] lte_resp_sys_for_emci_detail - EmciDetail=com.ztegota.system.common.EmciDetail@53b499e
10-10 17:25:27.775  2698  4722 D DisApiSingletonReceive: processingData: disApi, id=208 - data={"MsgSeqID":961663,"MsgName":"GetStationATSRsp","MsgInfo":{"Code":10011,"StationATSInfos":[]}}
10-10 17:25:27.775  2698  2820 D LogWriteUtil.class=LogFileHandlerThread.class: 1getFilePath: logFormat=2022-10-10, LogWriteUtil.logPathDir=/custom/metro/log
10-10 17:25:27.775  2698  2820 D LogWriteUtil.class=LogFileHandlerThread.class: 2getFilePath: filePath=/custom/metro/log/2022-10-10
10-10 17:25:27.776  2698  2820 D LogWriteUtil.class=LogFileHandlerThread.class: getFileNameSuffix: file=/custom/metro/log/2022-10-10
10-10 17:25:27.777  2698  2820 D LogWriteUtil.class=LogFileHandlerThread.class: 2getCurrentFileName: index=3, LogWriteUtil.logfile=app.log, getFileNameSuffix=26
10-10 17:25:27.778  2698  2820 D LogWriteUtil.class=LogFileHandlerThread.class: 1getFilePath: logFormat=2022-10-10, LogWriteUtil.logPathDir=/custom/metro/log
10-10 17:25:27.778  2698  2820 D LogWriteUtil.class=LogFileHandlerThread.class: 2getFilePath: filePath=/custom/metro/log/2022-10-10
10-10 17:25:27.779  2698  2820 D LogWriteUtil.class=LogFileHandlerThread.class: getFileNameSuffix: file=/custom/metro/log/2022-10-10
10-10 17:25:27.779  2698  4722 D DisApiSingletonReceive: parseStationAtsData: atsInfo=com.gbcom.library_base.data.StationAtsApiData@8e0ac7f
10-10 17:25:27.780  2698  2820 D LogWriteUtil.class=LogFileHandlerThread.class: 3getCurrentFileName: logFileName=app26.log
10-10 17:25:27.780  2698  2820 D LogWriteUtil.class=LogFileHandlerThread.class: 1,initFile: getFilePath()=/custom/metro/log/2022-10-10, getCurrentFileName=app26.log
10-10 17:25:27.781  2698  2820 D LogWriteUtil.class=LogFileHandlerThread.class: 1getFilePath: logFormat=2022-10-10, LogWriteUtil.logPathDir=/custom/metro/log
10-10 17:25:27.781  2698  4722 E APP_LogUtils.kt: [(LogUtils.kt:54).e()] [DisApiSingletonReceive] parseStationAtsData: ats data is empty!
10-10 17:25:27.781  2698  2820 D LogWriteUtil.class=LogFileHandlerThread.class: 2getFilePath: filePath=/custom/metro/log/2022-10-10
10-10 17:25:27.781  2698  2820 D LogWriteUtil.class=LogFileHandlerThread.class: 1getCurrentFileName: LogWriteUtil.logfile=app.log
10-10 17:25:27.783  2698  2820 D LogWriteUtil.class=LogFileHandlerThread.class: 1getFilePath: logFormat=2022-10-10, LogWriteUtil.logPathDir=/custom/metro/log
10-10 17:25:27.783  2698  2820 D LogWriteUtil.class=LogFileHandlerThread.class: 2getFilePath: filePath=/custom/metro/log/2022-10-10
10-10 17:25:27.783  2698  2820 D LogWriteUtil.class=LogFileHandlerThread.class: getFileNameSuffix: file=/custom/metro/log/2022-10-10
10-10 17:25:27.784  2698  2820 D LogWriteUtil.class=LogFileHandlerThread.class: 2getCurrentFileName: index=3, LogWriteUtil.logfile=app.log, getFileNameSuffix=26
10-10 17:25:27.785  2698  2820 D LogWriteUtil.class=LogFileHandlerThread.class: 1getFilePath: logFormat=2022-10-10, LogWriteUtil.logPathDir=/custom/metro/log
10-10 17:25:27.785  2698  2820 D LogWriteUtil.class=LogFileHandlerThread.class: 2getFilePath: filePath=/custom/metro/log/2022-10-10
10-10 17:25:27.786  2698  2820 D LogWriteUtil.class=LogFileHandlerThread.class: getFileNameSuffix: file=/custom/metro/log/2022-10-10
10-10 17:25:27.787  2698  2820 D LogWriteUtil.class=LogFileHandlerThread.class: 3getCurrentFileName: logFileName=app26.log
10-10 17:25:27.787  2698  2820 D LogWriteUtil.class=LogFileHandlerThread.class: 1getCurrentFileName: LogWriteUtil.logfile=app.log
10-10 17:25:27.788  2698  2820 D LogWriteUtil.class=LogFileHandlerThread.class: 1getFilePath: logFormat=2022-10-10, LogWriteUtil.logPathDir=/custom/metro/log
10-10 17:25:27.788  2698  2820 D LogWriteUtil.class=LogFileHandlerThread.class: 2getFilePath: filePath=/custom/metro/log/2022-10-10
10-10 17:25:27.788  2698  2820 D LogWriteUtil.class=LogFileHandlerThread.class: getFileNameSuffix: file=/custom/metro/log/2022-10-10
10-10 17:25:27.789  2698  2820 D LogWriteUtil.class=LogFileHandlerThread.class: 2getCurrentFileName: index=3, LogWriteUtil.logfile=app.log, getFileNameSuffix=26
10-10 17:25:27.790  2698  2820 D LogWriteUtil.class=LogFileHandlerThread.class: 1getFilePath: logFormat=2022-10-10, LogWriteUtil.logPathDir=/custom/metro/log
10-10 17:25:27.791  2698  2820 D LogWriteUtil.class=LogFileHandlerThread.class: 2getFilePath: filePath=/custom/metro/log/2022-10-10
10-10 17:25:27.791  2698  2820 D LogWriteUtil.class=LogFileHandlerThread.class: getFileNameSuffix: file=/custom/metro/log/2022-10-10
10-10 17:25:27.792  2698  2820 D LogWriteUtil.class=LogFileHandlerThread.class: 3getCurrentFileName: logFileName=app26.log
10-10 17:25:27.792  2698  2820 D TAG     : 2,initFile: /custom/metro/log/2022-10-10/app26.log, logFile.length=385775, getCurrentFileName()=app26.log, writeFileName=/custom/metro/log/2022-10-10/app26.log
10-10 17:25:27.793  2698  2820 D LogWriteUtil.class=LogFileHandlerThread.class: 8,initFile: logFile=/custom/metro/log/2022-10-10/app26.log, logFile.length=385775
10-10 17:25:27.794  2698  2820 D LogWriteUtil.class=LogFileHandlerThread.class: 1getFilePath: logFormat=2022-10-10, LogWriteUtil.logPathDir=/custom/metro/log
10-10 17:25:27.795  2698  2820 D LogWriteUtil.class=LogFileHandlerThread.class: 2getFilePath: filePath=/custom/metro/log/2022-10-10
10-10 17:25:27.795  2698  2820 D LogWriteUtil.class=LogFileHandlerThread.class: 1getCurrentFileName: LogWriteUtil.logfile=app.log
10-10 17:25:27.796  2698  2820 D LogWriteUtil.class=LogFileHandlerThread.class: 1getFilePath: logFormat=2022-10-10, LogWriteUtil.logPathDir=/custom/metro/log
10-10 17:25:27.796  2698  2820 D LogWriteUtil.class=LogFileHandlerThread.class: 2getFilePath: filePath=/custom/metro/log/2022-10-10
10-10 17:25:27.796  2698  2820 D LogWriteUtil.class=LogFileHandlerThread.class: getFileNameSuffix: file=/custom/metro/log/2022-10-10
10-10 17:25:27.797  2698  2820 D LogWriteUtil.class=LogFileHandlerThread.class: 2getCurrentFileName: index=3, LogWriteUtil.logfile=app.log, getFileNameSuffix=26
10-10 17:25:27.798  2698  2820 D LogWriteUtil.class=LogFileHandlerThread.class: 1getFilePath: logFormat=2022-10-10, LogWriteUtil.logPathDir=/custom/metro/log
10-10 17:25:27.798  2698  2820 D LogWriteUtil.class=LogFileHandlerThread.class: 2getFilePath: filePath=/custom/metro/log/2022-10-10
10-10 17:25:27.798  2698  2820 D LogWriteUtil.class=LogFileHandlerThread.class: getFileNameSuffix: file=/custom/metro/log/2022-10-10
10-10 17:25:27.799  2698  2820 D LogWriteUtil.class=LogFileHandlerThread.class: 3getCurrentFileName: logFileName=app26.log
10-10 17:25:27.800  2698  2820 D LogWriteUtil.class=LogFileHandlerThread.class: 1,initFile: getFilePath()=/custom/metro/log/2022-10-10, getCurrentFileName=app26.log
10-10 17:25:27.801  2698  2820 D LogWriteUtil.class=LogFileHandlerThread.class: 1getFilePath: logFormat=2022-10-10, LogWriteUtil.logPathDir=/custom/metro/log
10-10 17:25:27.801  2698  2820 D LogWriteUtil.class=LogFileHandlerThread.class: 2getFilePath: filePath=/custom/metro/log/2022-10-10
10-10 17:25:27.801  2698  2820 D LogWriteUtil.class=LogFileHandlerThread.class: 1getCurrentFileName: LogWriteUtil.logfile=app.log
10-10 17:25:27.802  2698  2820 D LogWriteUtil.class=LogFileHandlerThread.class: 1getFilePath: logFormat=2022-10-10, LogWriteUtil.logPathDir=/custom/metro/log
10-10 17:25:27.802  2698  2820 D LogWriteUtil.class=LogFileHandlerThread.class: 2getFilePath: filePath=/custom/metro/log/2022-10-10
10-10 17:25:27.803  2698  2820 D LogWriteUtil.class=LogFileHandlerThread.class: getFileNameSuffix: file=/custom/metro/log/2022-10-10
10-10 17:25:27.803  2698  2820 D LogWriteUtil.class=LogFileHandlerThread.class: 2getCurrentFileName: index=3, LogWriteUtil.logfile=app.log, getFileNameSuffix=26
10-10 17:25:27.804  2698  2820 D LogWriteUtil.class=LogFileHandlerThread.class: 1getFilePath: logFormat=2022-10-10, LogWriteUtil.logPathDir=/custom/metro/log
10-10 17:25:27.804  2698  2820 D LogWriteUtil.class=LogFileHandlerThread.class: 2getFilePath: filePath=/custom/metro/log/2022-10-10
10-10 17:25:27.805  2698  2820 D LogWriteUtil.class=LogFileHandlerThread.class: getFileNameSuffix: file=/custom/metro/log/2022-10-10
10-10 17:25:27.805  2698  2820 D LogWriteUtil.class=LogFileHandlerThread.class: 3getCurrentFileName: logFileName=app26.log
10-10 17:25:27.805  2698  2820 D LogWriteUtil.class=LogFileHandlerThread.class: 1getCurrentFileName: LogWriteUtil.logfile=app.log
10-10 17:25:27.806  2698  2820 D LogWriteUtil.class=LogFileHandlerThread.class: 1getFilePath: logFormat=2022-10-10, LogWriteUtil.logPathDir=/custom/metro/log
10-10 17:25:27.806  2698  2820 D LogWriteUtil.class=LogFileHandlerThread.class: 2getFilePath: filePath=/custom/metro/log/2022-10-10
10-10 17:25:27.806  2698  2820 D LogWriteUtil.class=LogFileHandlerThread.class: getFileNameSuffix: file=/custom/metro/log/2022-10-10
10-10 17:25:27.807  2698  2820 D LogWriteUtil.class=LogFileHandlerThread.class: 2getCurrentFileName: index=3, LogWriteUtil.logfile=app.log, getFileNameSuffix=26
10-10 17:25:27.808  2698  2820 D LogWriteUtil.class=LogFileHandlerThread.class: 1getFilePath: logFormat=2022-10-10, LogWriteUtil.logPathDir=/custom/metro/log
10-10 17:25:27.808  2698  2820 D LogWriteUtil.class=LogFileHandlerThread.class: 2getFilePath: filePath=/custom/metro/log/2022-10-10
10-10 17:25:27.808  2698  2820 D LogWriteUtil.class=LogFileHandlerThread.class: getFileNameSuffix: file=/custom/metro/log/2022-10-10
10-10 17:25:27.808  2698  2820 D LogWriteUtil.class=LogFileHandlerThread.class: 3getCurrentFileName: logFileName=app26.log
10-10 17:25:27.808  2698  2820 D TAG     : 2,initFile: /custom/metro/log/2022-10-10/app26.log, logFile.length=386049, getCurrentFileName()=app26.log, writeFileName=/custom/metro/log/2022-10-10/app26.log
10-10 17:25:27.809  2698  2820 D LogWriteUtil.class=LogFileHandlerThread.class: 8,initFile: logFile=/custom/metro/log/2022-10-10/app26.log, logFile.length=386049
10-10 17:25:27.810  2698  2820 D LogWriteUtil.class=LogFileHandlerThread.class: 1getFilePath: logFormat=2022-10-10, LogWriteUtil.logPathDir=/custom/metro/log
10-10 17:25:27.810  2698  2820 D LogWriteUtil.class=LogFileHandlerThread.class: 2getFilePath: filePath=/custom/metro/log/2022-10-10
10-10 17:25:27.810  2698  2820 D LogWriteUtil.class=LogFileHandlerThread.class: 1getCurrentFileName: LogWriteUtil.logfile=app.log
10-10 17:25:27.811  2698  2820 D LogWriteUtil.class=LogFileHandlerThread.class: 1getFilePath: logFormat=2022-10-10, LogWriteUtil.logPathDir=/custom/metro/log
10-10 17:25:27.811  2698  2820 D LogWriteUtil.class=LogFileHandlerThread.class: 2getFilePath: filePath=/custom/metro/log/2022-10-10
10-10 17:25:27.811  2698  2820 D LogWriteUtil.class=LogFileHandlerThread.class: getFileNameSuffix: file=/custom/metro/log/2022-10-10
10-10 17:25:27.811  2698  2820 D LogWriteUtil.class=LogFileHandlerThread.class: 2getCurrentFileName: index=3, LogWriteUtil.logfile=app.log, getFileNameSuffix=26
10-10 17:25:27.812  2698  2820 D LogWriteUtil.class=LogFileHandlerThread.class: 1getFilePath: logFormat=2022-10-10, LogWriteUtil.logPathDir=/custom/metro/log
10-10 17:25:27.812  2698  2820 D LogWriteUtil.class=LogFileHandlerThread.class: 2getFilePath: filePath=/custom/metro/log/2022-10-10
10-10 17:25:27.813  2698  2820 D LogWriteUtil.class=LogFileHandlerThread.class: getFileNameSuffix: file=/custom/metro/log/2022-10-10
10-10 17:25:27.813  2698  2820 D LogWriteUtil.class=LogFileHandlerThread.class: 3getCurrentFileName: logFileName=app26.log
10-10 17:25:27.813  2698  2820 D LogWriteUtil.class=LogFileHandlerThread.class: 1,initFile: getFilePath()=/custom/metro/log/2022-10-10, getCurrentFileName=app26.log
10-10 17:25:27.814  2698  2820 D LogWriteUtil.class=LogFileHandlerThread.class: 1getFilePath: logFormat=2022-10-10, LogWriteUtil.logPathDir=/custom/metro/log
10-10 17:25:27.814  2698  2820 D LogWriteUtil.class=LogFileHandlerThread.class: 2getFilePath: filePath=/custom/metro/log/2022-10-10
10-10 17:25:27.814  2698  2820 D LogWriteUtil.class=LogFileHandlerThread.class: 1getCurrentFileName: LogWriteUtil.logfile=app.log
10-10 17:25:27.815  2698  2820 D LogWriteUtil.class=LogFileHandlerThread.class: 1getFilePath: logFormat=2022-10-10, LogWriteUtil.logPathDir=/custom/metro/log
10-10 17:25:27.815  2698  2820 D LogWriteUtil.class=LogFileHandlerThread.class: 2getFilePath: filePath=/custom/metro/log/2022-10-10
10-10 17:25:27.815  2698  2820 D LogWriteUtil.class=LogFileHandlerThread.class: getFileNameSuffix: file=/custom/metro/log/2022-10-10
10-10 17:25:27.816  2698  2820 D LogWriteUtil.class=LogFileHandlerThread.class: 2getCurrentFileName: index=3, LogWriteUtil.logfile=app.log, getFileNameSuffix=26
10-10 17:25:27.816  2698  2820 D LogWriteUtil.class=LogFileHandlerThread.class: 1getFilePath: logFormat=2022-10-10, LogWriteUtil.logPathDir=/custom/metro/log
10-10 17:25:27.817  2698  2820 D LogWriteUtil.class=LogFileHandlerThread.class: 2getFilePath: filePath=/custom/metro/log/2022-10-10
10-10 17:25:27.817  2698  2820 D LogWriteUtil.class=LogFileHandlerThread.class: getFileNameSuffix: file=/custom/metro/log/2022-10-10
10-10 17:25:27.817  2698  2820 D LogWriteUtil.class=LogFileHandlerThread.class: 3getCurrentFileName: logFileName=app26.log
10-10 17:25:27.817  2698  2820 D LogWriteUtil.class=LogFileHandlerThread.class: 1getCurrentFileName: LogWriteUtil.logfile=app.log
10-10 17:25:27.818  2698  2820 D LogWriteUtil.class=LogFileHandlerThread.class: 1getFilePath: logFormat=2022-10-10, LogWriteUtil.logPathDir=/custom/metro/log
10-10 17:25:27.818  2698  2820 D LogWriteUtil.class=LogFileHandlerThread.class: 2getFilePath: filePath=/custom/metro/log/2022-10-10
10-10 17:25:27.818  2698  2820 D LogWriteUtil.class=LogFileHandlerThread.class: getFileNameSuffix: file=/custom/metro/log/2022-10-10
10-10 17:25:27.819  2698  2820 D LogWriteUtil.class=LogFileHandlerThread.class: 2getCurrentFileName: index=3, LogWriteUtil.logfile=app.log, getFileNameSuffix=26
10-10 17:25:27.820  2698  2820 D LogWriteUtil.class=LogFileHandlerThread.class: 1getFilePath: logFormat=2022-10-10, LogWriteUtil.logPathDir=/custom/metro/log
10-10 17:25:27.820  2698  2820 D LogWriteUtil.class=LogFileHandlerThread.class: 2getFilePath: filePath=/custom/metro/log/2022-10-10
10-10 17:25:27.820  2698  2820 D LogWriteUtil.class=LogFileHandlerThread.class: getFileNameSuffix: file=/custom/metro/log/2022-10-10
10-10 17:25:27.820  2698  2820 D LogWriteUtil.class=LogFileHandlerThread.class: 3getCurrentFileName: logFileName=app26.log
10-10 17:25:27.821  2698  2820 D TAG     : 2,initFile: /custom/metro/log/2022-10-10/app26.log, logFile.length=386229, getCurrentFileName()=app26.log, writeFileName=/custom/metro/log/2022-10-10/app26.log
10-10 17:25:27.821  2698  2820 D LogWriteUtil.class=LogFileHandlerThread.class: 8,initFile: logFile=/custom/metro/log/2022-10-10/app26.log, logFile.length=386229
10-10 17:25:28.007  2698  4722 D MainViewModel: getSystemTime_currentThreadID2: 208
10-10 17:25:28.044  2698  4790 D TAG     : getSystemTime_currentThreadID3s: 219, isActive=true
10-10 17:25:28.316   658   658 I cnss-daemon: RTM_NEWNEIGH message received: 28
10-10 17:25:28.316   658   658 I cnss-daemon: NDA_DST received: 192.168.42.131 ul: 562995103705280
10-10 17:25:28.316   658   658 I cnss-daemon: NDA_LLADDR received
10-10 17:25:28.514  2698  4790 D MainViewModel: getSystemTime_currentThreadID2: 219
10-10 17:25:28.550  2698  4790 D TAG     : getSystemTime_currentThreadID3s: 219, isActive=true
10-10 17:25:28.770  2698  3292 D UdpDisServices: udp receive - api receive data disApi, udp service id=98  - udp.packet.address=/172.2.208.8, udp.pack.socketAddress=/172.2.208.8:64002, udp.port=64002- running=true - message={"MsgSeqID":961645,"MsgName":"GetStationATSRsp","MsgInfo":{"Code":10011,"StationATSInfos":[]}}
10-10 17:25:28.771  2698  2753 I rilj    : EMCI Detial(CellId--->Tav): 5121,255,2,"460702",255,65535,59,65535,255,255,66,27,16,255,1159641224245,0,0,0,0,0,0,0,0
10-10 17:25:28.771  2698  2753 D LTERILJ : [UNSL]< RIL_UNSOL_NOTIFY_EMCI_DETAIL
10-10 17:25:28.772  2698  3292 I APP_LogUtils.kt: [(LogUtils.kt:50).i()] [UdpDisServices] udp receive - api receive data disApi, udp service id=98 - running=true  - ip=/172.2.208.8 - port=64002 - message={"MsgSeqID":961645,"MsgName":"GetStationATSRsp","MsgInfo":{"Code":10011,"StationATSInfos":[]}}
10-10 17:25:28.772  2698  2749 D LTEPhone: EVENT_FOR_EMCI_DETAIL
10-10 17:25:28.773  2698  2749 D LTEServiceTracker: setCellId cellId:5121,"460702"
10-10 17:25:28.774  2698  3292 D UdpDisServices: udp receive - api receive data disApi, udp service id=98  - udp.packet.address=/172.2.208.8, udp.pack.socketAddress=/172.2.208.8:64002, udp.port=64002- running=true - message={"MsgSeqID":961654,"MsgName":"GetStationATSRsp","MsgInfo":{"Code":10011,"StationATSInfos":[]}}
10-10 17:25:28.775  2698  2698 I APP_LogUtils.kt: [(LogUtils.kt:50).i()] [com.gbcom.library_base.service.LLteService] lte_resp_sys_for_emci_detail - EmciDetail=com.ztegota.system.common.EmciDetail@c966938
10-10 17:25:28.775  2698  2820 D LogWriteUtil.class=LogFileHandlerThread.class: 1getFilePath: logFormat=2022-10-10, LogWriteUtil.logPathDir=/custom/metro/log
10-10 17:25:28.775  2698  2820 D LogWriteUtil.class=LogFileHandlerThread.class: 2getFilePath: filePath=/custom/metro/log/2022-10-10
10-10 17:25:28.775  2698  2698 D MainActivity: onMessageEvent  -- gginit: disApi, id=1---event={"MsgSeqID":961645,"MsgName":"GetStationATSRsp","MsgInfo":{"Code":10011,"StationATSInfos":[]}}
10-10 17:25:28.776  2698  2698 D MainViewModel: 1processDisApi: disApi, id=1
10-10 17:25:28.776  2698  2820 D LogWriteUtil.class=LogFileHandlerThread.class: 1getCurrentFileName: LogWriteUtil.logfile=app.log
10-10 17:25:28.776  2698  3292 I APP_LogUtils.kt: [(LogUtils.kt:50).i()] [UdpDisServices] udp receive - api receive data disApi, udp service id=98 - running=true  - ip=/172.2.208.8 - port=64002 - message={"MsgSeqID":961654,"MsgName":"GetStationATSRsp","MsgInfo":{"Code":10011,"StationATSInfos":[]}}
10-10 17:25:28.776  2698  2698 D MainActivity: onMessageEvent  -- gginit: disApi, id=1---event={"MsgSeqID":961654,"MsgName":"GetStationATSRsp","MsgInfo":{"Code":10011,"StationATSInfos":[]}}
10-10 17:25:28.776  2698  2698 D MainViewModel: 1processDisApi: disApi, id=1
10-10 17:25:28.777  2698  2820 D LogWriteUtil.class=LogFileHandlerThread.class: 1getFilePath: logFormat=2022-10-10, LogWriteUtil.logPathDir=/custom/metro/log
10-10 17:25:28.777  2698  2820 D LogWriteUtil.class=LogFileHandlerThread.class: 2getFilePath: filePath=/custom/metro/log/2022-10-10
10-10 17:25:28.777  2698  4790 D DisApiSingletonReceive: processingData: disApi, id=219 - data={"MsgSeqID":961645,"MsgName":"GetStationATSRsp","MsgInfo":{"Code":10011,"StationATSInfos":[]}}
10-10 17:25:28.777  2698  4722 D DisApiSingletonReceive: processingData: disApi, id=208 - data={"MsgSeqID":961654,"MsgName":"GetStationATSRsp","MsgInfo":{"Code":10011,"StationATSInfos":[]}}
10-10 17:25:28.777  2698  2820 D LogWriteUtil.class=LogFileHandlerThread.class: getFileNameSuffix: file=/custom/metro/log/2022-10-10
10-10 17:25:28.779  2698  2820 D LogWriteUtil.class=LogFileHandlerThread.class: 2getCurrentFileName: index=3, LogWriteUtil.logfile=app.log, getFileNameSuffix=26
10-10 17:25:28.780  2698  2820 D LogWriteUtil.class=LogFileHandlerThread.class: 1getFilePath: logFormat=2022-10-10, LogWriteUtil.logPathDir=/custom/metro/log
10-10 17:25:28.780  2698  2820 D LogWriteUtil.class=LogFileHandlerThread.class: 2getFilePath: filePath=/custom/metro/log/2022-10-10
10-10 17:25:28.781  2698  4790 D DisApiSingletonReceive: parseStationAtsData: atsInfo=com.gbcom.library_base.data.StationAtsApiData@96a0d11
10-10 17:25:28.781  2698  2820 D LogWriteUtil.class=LogFileHandlerThread.class: getFileNameSuffix: file=/custom/metro/log/2022-10-10
10-10 17:25:28.781  2698  4722 D DisApiSingletonReceive: parseStationAtsData: atsInfo=com.gbcom.library_base.data.StationAtsApiData@e48ee76
10-10 17:25:28.782  2698  2820 D LogWriteUtil.class=LogFileHandlerThread.class: 3getCurrentFileName: logFileName=app26.log
10-10 17:25:28.782  2698  2820 D LogWriteUtil.class=LogFileHandlerThread.class: 1,initFile: getFilePath()=/custom/metro/log/2022-10-10, getCurrentFileName=app26.log
10-10 17:25:28.783  2698  4790 E APP_LogUtils.kt: [(LogUtils.kt:54).e()] [DisApiSingletonReceive] parseStationAtsData: ats data is empty!
10-10 17:25:28.783  2698  4722 E APP_LogUtils.kt: [(LogUtils.kt:54).e()] [DisApiSingletonReceive] parseStationAtsData: ats data is empty!
10-10 17:25:28.783  2698  2820 D LogWriteUtil.class=LogFileHandlerThread.class: 1getFilePath: logFormat=2022-10-10, LogWriteUtil.logPathDir=/custom/metro/log
10-10 17:25:28.783  2698  2820 D LogWriteUtil.class=LogFileHandlerThread.class: 2getFilePath: filePath=/custom/metro/log/2022-10-10
10-10 17:25:28.784  2698  2820 D LogWriteUtil.class=LogFileHandlerThread.class: 1getCurrentFileName: LogWriteUtil.logfile=app.log
10-10 17:25:28.785  2698  2820 D LogWriteUtil.class=LogFileHandlerThread.class: 1getFilePath: logFormat=2022-10-10, LogWriteUtil.logPathDir=/custom/metro/log
10-10 17:25:28.785  2698  2820 D LogWriteUtil.class=LogFileHandlerThread.class: 2getFilePath: filePath=/custom/metro/log/2022-10-10
10-10 17:25:28.785  2698  2820 D LogWriteUtil.class=LogFileHandlerThread.class: getFileNameSuffix: file=/custom/metro/log/2022-10-10
10-10 17:25:28.786  2698  2820 D LogWriteUtil.class=LogFileHandlerThread.class: 2getCurrentFileName: index=3, LogWriteUtil.logfile=app.log, getFileNameSuffix=26
10-10 17:25:28.788  2698  2820 D LogWriteUtil.class=LogFileHandlerThread.class: 1getFilePath: logFormat=2022-10-10, LogWriteUtil.logPathDir=/custom/metro/log
10-10 17:25:28.788  2698  2820 D LogWriteUtil.class=LogFileHandlerThread.class: 2getFilePath: filePath=/custom/metro/log/2022-10-10
10-10 17:25:28.789  2698  2820 D LogWriteUtil.class=LogFileHandlerThread.class: getFileNameSuffix: file=/custom/metro/log/2022-10-10
10-10 17:25:28.790  2698  2820 D LogWriteUtil.class=LogFileHandlerThread.class: 3getCurrentFileName: logFileName=app26.log
10-10 17:25:28.790  2698  2820 D LogWriteUtil.class=LogFileHandlerThread.class: 1getCurrentFileName: LogWriteUtil.logfile=app.log
10-10 17:25:28.792  2698  2820 D LogWriteUtil.class=LogFileHandlerThread.class: 1getFilePath: logFormat=2022-10-10, LogWriteUtil.logPathDir=/custom/metro/log
10-10 17:25:28.792  2698  2820 D LogWriteUtil.class=LogFileHandlerThread.class: 2getFilePath: filePath=/custom/metro/log/2022-10-10
10-10 17:25:28.792  2698  2820 D LogWriteUtil.class=LogFileHandlerThread.class: getFileNameSuffix: file=/custom/metro/log/2022-10-10
10-10 17:25:28.793  2698  2820 D LogWriteUtil.class=LogFileHandlerThread.class: 2getCurrentFileName: index=3, LogWriteUtil.logfile=app.log, getFileNameSuffix=26
10-10 17:25:28.795  2698  2820 D LogWriteUtil.class=LogFileHandlerThread.class: 1getFilePath: logFormat=2022-10-10, LogWriteUtil.logPathDir=/custom/metro/log
10-10 17:25:28.795  2698  2820 D LogWriteUtil.class=LogFileHandlerThread.class: 2getFilePath: filePath=/custom/metro/log/2022-10-10
10-10 17:25:28.796  2698  2820 D LogWriteUtil.class=LogFileHandlerThread.class: getFileNameSuffix: file=/custom/metro/log/2022-10-10
10-10 17:25:28.797  2698  2820 D LogWriteUtil.class=LogFileHandlerThread.class: 3getCurrentFileName: logFileName=app26.log
10-10 17:25:28.797  2698  2820 D TAG     : 2,initFile: /custom/metro/log/2022-10-10/app26.log, logFile.length=386342, getCurrentFileName()=app26.log, writeFileName=/custom/metro/log/2022-10-10/app26.log
10-10 17:25:28.797  2698  2820 D LogWriteUtil.class=LogFileHandlerThread.class: 8,initFile: logFile=/custom/metro/log/2022-10-10/app26.log, logFile.length=386342
10-10 17:25:28.800  2698  2820 D LogWriteUtil.class=LogFileHandlerThread.class: 1getFilePath: logFormat=2022-10-10, LogWriteUtil.logPathDir=/custom/metro/log
10-10 17:25:28.800  2698  2820 D LogWriteUtil.class=LogFileHandlerThread.class: 2getFilePath: filePath=/custom/metro/log/2022-10-10
10-10 17:25:28.800  2698  2820 D LogWriteUtil.class=LogFileHandlerThread.class: 1getCurrentFileName: LogWriteUtil.logfile=app.log
10-10 17:25:28.802  2698  2820 D LogWriteUtil.class=LogFileHandlerThread.class: 1getFilePath: logFormat=2022-10-10, LogWriteUtil.logPathDir=/custom/metro/log
10-10 17:25:28.802  2698  2820 D LogWriteUtil.class=LogFileHandlerThread.class: 2getFilePath: filePath=/custom/metro/log/2022-10-10
10-10 17:25:28.802  2698  2820 D LogWriteUtil.class=LogFileHandlerThread.class: getFileNameSuffix: file=/custom/metro/log/2022-10-10
10-10 17:25:28.803  2698  2820 D LogWriteUtil.class=LogFileHandlerThread.class: 2getCurrentFileName: index=3, LogWriteUtil.logfile=app.log, getFileNameSuffix=26
10-10 17:25:28.805  2698  2820 D LogWriteUtil.class=LogFileHandlerThread.class: 1getFilePath: logFormat=2022-10-10, LogWriteUtil.logPathDir=/custom/metro/log
10-10 17:25:28.805  2698  2820 D LogWriteUtil.class=LogFileHandlerThread.class: 2getFilePath: filePath=/custom/metro/log/2022-10-10
10-10 17:25:28.805  2698  2820 D LogWriteUtil.class=LogFileHandlerThread.class: getFileNameSuffix: file=/custom/metro/log/2022-10-10
10-10 17:25:28.806  2698  2820 D LogWriteUtil.class=LogFileHandlerThread.class: 3getCurrentFileName: logFileName=app26.log
10-10 17:25:28.806  2698  2820 D LogWriteUtil.class=LogFileHandlerThread.class: 1,initFile: getFilePath()=/custom/metro/log/2022-10-10, getCurrentFileName=app26.log
10-10 17:25:28.806  2698  2820 D LogWriteUtil.class=LogFileHandlerThread.class: 1getFilePath: logFormat=2022-10-10, LogWriteUtil.logPathDir=/custom/metro/log
10-10 17:25:28.807  2698  2820 D LogWriteUtil.class=LogFileHandlerThread.class: 2getFilePath: filePath=/custom/metro/log/2022-10-10
10-10 17:25:28.807  2698  2820 D LogWriteUtil.class=LogFileHandlerThread.class: 1getCurrentFileName: LogWriteUtil.logfile=app.log
10-10 17:25:28.808  2698  2820 D LogWriteUtil.class=LogFileHandlerThread.class: 1getFilePath: logFormat=2022-10-10, LogWriteUtil.logPathDir=/custom/metro/log
10-10 17:25:28.808  2698  2820 D LogWriteUtil.class=LogFileHandlerThread.class: 2getFilePath: filePath=/custom/metro/log/2022-10-10
10-10 17:25:28.808  2698  2820 D LogWriteUtil.class=LogFileHandlerThread.class: getFileNameSuffix: file=/custom/metro/log/2022-10-10
10-10 17:25:28.809  2698  2820 D LogWriteUtil.class=LogFileHandlerThread.class: 2getCurrentFileName: index=3, LogWriteUtil.logfile=app.log, getFileNameSuffix=26
10-10 17:25:28.809  2698  2820 D LogWriteUtil.class=LogFileHandlerThread.class: 1getFilePath: logFormat=2022-10-10, LogWriteUtil.logPathDir=/custom/metro/log
10-10 17:25:28.810  2698  2820 D LogWriteUtil.class=LogFileHandlerThread.class: 2getFilePath: filePath=/custom/metro/log/2022-10-10
10-10 17:25:28.810  2698  2820 D LogWriteUtil.class=LogFileHandlerThread.class: getFileNameSuffix: file=/custom/metro/log/2022-10-10
10-10 17:25:28.810  2698  2820 D LogWriteUtil.class=LogFileHandlerThread.class: 3getCurrentFileName: logFileName=app26.log
10-10 17:25:28.810  2698  2820 D LogWriteUtil.class=LogFileHandlerThread.class: 1getCurrentFileName: LogWriteUtil.logfile=app.log
10-10 17:25:28.811  2698  2820 D LogWriteUtil.class=LogFileHandlerThread.class: 1getFilePath: logFormat=2022-10-10, LogWriteUtil.logPathDir=/custom/metro/log
10-10 17:25:28.812  2698  2820 D LogWriteUtil.class=LogFileHandlerThread.class: 2getFilePath: filePath=/custom/metro/log/2022-10-10
10-10 17:25:28.812  2698  2820 D LogWriteUtil.class=LogFileHandlerThread.class: getFileNameSuffix: file=/custom/metro/log/2022-10-10
10-10 17:25:28.812  2698  2820 D LogWriteUtil.class=LogFileHandlerThread.class: 2getCurrentFileName: index=3, LogWriteUtil.logfile=app.log, getFileNameSuffix=26
10-10 17:25:28.813  2698  2820 D LogWriteUtil.class=LogFileHandlerThread.class: 1getFilePath: logFormat=2022-10-10, LogWriteUtil.logPathDir=/custom/metro/log
10-10 17:25:28.814  2698  2820 D LogWriteUtil.class=LogFileHandlerThread.class: 2getFilePath: filePath=/custom/metro/log/2022-10-10
10-10 17:25:28.814  2698  2820 D LogWriteUtil.class=LogFileHandlerThread.class: getFileNameSuffix: file=/custom/metro/log/2022-10-10
10-10 17:25:28.814  2698  2820 D LogWriteUtil.class=LogFileHandlerThread.class: 3getCurrentFileName: logFileName=app26.log
10-10 17:25:28.814  2698  2820 D TAG     : 2,initFile: /custom/metro/log/2022-10-10/app26.log, logFile.length=386616, getCurrentFileName()=app26.log, writeFileName=/custom/metro/log/2022-10-10/app26.log
10-10 17:25:28.815  2698  2820 D LogWriteUtil.class=LogFileHandlerThread.class: 8,initFile: logFile=/custom/metro/log/2022-10-10/app26.log, logFile.length=386616
10-10 17:25:28.816  2698  2820 D LogWriteUtil.class=LogFileHandlerThread.class: 1getFilePath: logFormat=2022-10-10, LogWriteUtil.logPathDir=/custom/metro/log
10-10 17:25:28.816  2698  2820 D LogWriteUtil.class=LogFileHandlerThread.class: 2getFilePath: filePath=/custom/metro/log/2022-10-10
10-10 17:25:28.816  2698  2820 D LogWriteUtil.class=LogFileHandlerThread.class: 1getCurrentFileName: LogWriteUtil.logfile=app.log
10-10 17:25:28.817  2698  2820 D LogWriteUtil.class=LogFileHandlerThread.class: 1getFilePath: logFormat=2022-10-10, LogWriteUtil.logPathDir=/custom/metro/log
10-10 17:25:28.817  2698  2820 D LogWriteUtil.class=LogFileHandlerThread.class: 2getFilePath: filePath=/custom/metro/log/2022-10-10
10-10 17:25:28.817  2698  2820 D LogWriteUtil.class=LogFileHandlerThread.class: getFileNameSuffix: file=/custom/metro/log/2022-10-10
10-10 17:25:28.818  2698  2820 D LogWriteUtil.class=LogFileHandlerThread.class: 2getCurrentFileName: index=3, LogWriteUtil.logfile=app.log, getFileNameSuffix=26
10-10 17:25:28.819  2698  2820 D LogWriteUtil.class=LogFileHandlerThread.class: 1getFilePath: logFormat=2022-10-10, LogWriteUtil.logPathDir=/custom/metro/log
10-10 17:25:28.819  2698  2820 D LogWriteUtil.class=LogFileHandlerThread.class: 2getFilePath: filePath=/custom/metro/log/2022-10-10
10-10 17:25:28.819  2698  2820 D LogWriteUtil.class=LogFileHandlerThread.class: getFileNameSuffix: file=/custom/metro/log/2022-10-10
10-10 17:25:28.819  2698  2820 D LogWriteUtil.class=LogFileHandlerThread.class: 3getCurrentFileName: logFileName=app26.log
10-10 17:25:28.819  2698  2820 D LogWriteUtil.class=LogFileHandlerThread.class: 1,initFile: getFilePath()=/custom/metro/log/2022-10-10, getCurrentFileName=app26.log
10-10 17:25:28.820  2698  2820 D LogWriteUtil.class=LogFileHandlerThread.class: 1getFilePath: logFormat=2022-10-10, LogWriteUtil.logPathDir=/custom/metro/log
10-10 17:25:28.820  2698  2820 D LogWriteUtil.class=LogFileHandlerThread.class: 2getFilePath: filePath=/custom/metro/log/2022-10-10
10-10 17:25:28.821  2698  2820 D LogWriteUtil.class=LogFileHandlerThread.class: 1getCurrentFileName: LogWriteUtil.logfile=app.log
10-10 17:25:28.821  2698  2820 D LogWriteUtil.class=LogFileHandlerThread.class: 1getFilePath: logFormat=2022-10-10, LogWriteUtil.logPathDir=/custom/metro/log
10-10 17:25:28.821  2698  2820 D LogWriteUtil.class=LogFileHandlerThread.class: 2getFilePath: filePath=/custom/metro/log/2022-10-10
10-10 17:25:28.822  2698  2820 D LogWriteUtil.class=LogFileHandlerThread.class: getFileNameSuffix: file=/custom/metro/log/2022-10-10
10-10 17:25:28.822  2698  2820 D LogWriteUtil.class=LogFileHandlerThread.class: 2getCurrentFileName: index=3, LogWriteUtil.logfile=app.log, getFileNameSuffix=26
10-10 17:25:28.823  2698  2820 D LogWriteUtil.class=LogFileHandlerThread.class: 1getFilePath: logFormat=2022-10-10, LogWriteUtil.logPathDir=/custom/metro/log
10-10 17:25:28.823  2698  2820 D LogWriteUtil.class=LogFileHandlerThread.class: 2getFilePath: filePath=/custom/metro/log/2022-10-10
10-10 17:25:28.824  2698  2820 D LogWriteUtil.class=LogFileHandlerThread.class: getFileNameSuffix: file=/custom/metro/log/2022-10-10
10-10 17:25:28.824  2698  2820 D LogWriteUtil.class=LogFileHandlerThread.class: 3getCurrentFileName: logFileName=app26.log
10-10 17:25:28.824  2698  2820 D LogWriteUtil.class=LogFileHandlerThread.class: 1getCurrentFileName: LogWriteUtil.logfile=app.log
10-10 17:25:28.825  2698  2820 D LogWriteUtil.class=LogFileHandlerThread.class: 1getFilePath: logFormat=2022-10-10, LogWriteUtil.logPathDir=/custom/metro/log
10-10 17:25:28.825  2698  2820 D LogWriteUtil.class=LogFileHandlerThread.class: 2getFilePath: filePath=/custom/metro/log/2022-10-10
10-10 17:25:28.825  2698  2820 D LogWriteUtil.class=LogFileHandlerThread.class: getFileNameSuffix: file=/custom/metro/log/2022-10-10
10-10 17:25:28.826  2698  2820 D LogWriteUtil.class=LogFileHandlerThread.class: 2getCurrentFileName: index=3, LogWriteUtil.logfile=app.log, getFileNameSuffix=26
10-10 17:25:28.827  2698  2820 D LogWriteUtil.class=LogFileHandlerThread.class: 1getFilePath: logFormat=2022-10-10, LogWriteUtil.logPathDir=/custom/metro/log
10-10 17:25:28.827  2698  2820 D LogWriteUtil.class=LogFileHandlerThread.class: 2getFilePath: filePath=/custom/metro/log/2022-10-10
10-10 17:25:28.827  2698  2820 D LogWriteUtil.class=LogFileHandlerThread.class: getFileNameSuffix: file=/custom/metro/log/2022-10-10
10-10 17:25:28.827  2698  2820 D LogWriteUtil.class=LogFileHandlerThread.class: 3getCurrentFileName: logFileName=app26.log
10-10 17:25:28.828  2698  2820 D TAG     : 2,initFile: /custom/metro/log/2022-10-10/app26.log, logFile.length=386796, getCurrentFileName()=app26.log, writeFileName=/custom/metro/log/2022-10-10/app26.log
10-10 17:25:28.828  2698  2820 D LogWriteUtil.class=LogFileHandlerThread.class: 8,initFile: logFile=/custom/metro/log/2022-10-10/app26.log, logFile.length=386796
10-10 17:25:28.829  2698  2820 D LogWriteUtil.class=LogFileHandlerThread.class: 1getFilePath: logFormat=2022-10-10, LogWriteUtil.logPathDir=/custom/metro/log
10-10 17:25:28.829  2698  2820 D LogWriteUtil.class=LogFileHandlerThread.class: 2getFilePath: filePath=/custom/metro/log/2022-10-10
10-10 17:25:28.829  2698  2820 D LogWriteUtil.class=LogFileHandlerThread.class: 1getCurrentFileName: LogWriteUtil.logfile=app.log
10-10 17:25:28.830  2698  2820 D LogWriteUtil.class=LogFileHandlerThread.class: 1getFilePath: logFormat=2022-10-10, LogWriteUtil.logPathDir=/custom/metro/log
10-10 17:25:28.830  2698  2820 D LogWriteUtil.class=LogFileHandlerThread.class: 2getFilePath: filePath=/custom/metro/log/2022-10-10
10-10 17:25:28.830  2698  2820 D LogWriteUtil.class=LogFileHandlerThread.class: getFileNameSuffix: file=/custom/metro/log/2022-10-10
10-10 17:25:28.831  2698  2820 D LogWriteUtil.class=LogFileHandlerThread.class: 2getCurrentFileName: index=3, LogWriteUtil.logfile=app.log, getFileNameSuffix=26
10-10 17:25:28.831  2698  2820 D LogWriteUtil.class=LogFileHandlerThread.class: 1getFilePath: logFormat=2022-10-10, LogWriteUtil.logPathDir=/custom/metro/log
10-10 17:25:28.831  2698  2820 D LogWriteUtil.class=LogFileHandlerThread.class: 2getFilePath: filePath=/custom/metro/log/2022-10-10
10-10 17:25:28.832  2698  2820 D LogWriteUtil.class=LogFileHandlerThread.class: getFileNameSuffix: file=/custom/metro/log/2022-10-10
10-10 17:25:28.832  2698  2820 D LogWriteUtil.class=LogFileHandlerThread.class: 3getCurrentFileName: logFileName=app26.log
10-10 17:25:28.832  2698  2820 D LogWriteUtil.class=LogFileHandlerThread.class: 1,initFile: getFilePath()=/custom/metro/log/2022-10-10, getCurrentFileName=app26.log
10-10 17:25:28.833  2698  2820 D LogWriteUtil.class=LogFileHandlerThread.class: 1getFilePath: logFormat=2022-10-10, LogWriteUtil.logPathDir=/custom/metro/log
10-10 17:25:28.833  2698  2820 D LogWriteUtil.class=LogFileHandlerThread.class: 2getFilePath: filePath=/custom/metro/log/2022-10-10
10-10 17:25:28.834  2698  2820 D LogWriteUtil.class=LogFileHandlerThread.class: 1getCurrentFileName: LogWriteUtil.logfile=app.log
10-10 17:25:28.834  2698  2820 D LogWriteUtil.class=LogFileHandlerThread.class: 1getFilePath: logFormat=2022-10-10, LogWriteUtil.logPathDir=/custom/metro/log
10-10 17:25:28.834  2698  2820 D LogWriteUtil.class=LogFileHandlerThread.class: 2getFilePath: filePath=/custom/metro/log/2022-10-10
10-10 17:25:28.835  2698  2820 D LogWriteUtil.class=LogFileHandlerThread.class: getFileNameSuffix: file=/custom/metro/log/2022-10-10
10-10 17:25:28.835  2698  2820 D LogWriteUtil.class=LogFileHandlerThread.class: 2getCurrentFileName: index=3, LogWriteUtil.logfile=app.log, getFileNameSuffix=26
10-10 17:25:28.836  2698  2820 D LogWriteUtil.class=LogFileHandlerThread.class: 1getFilePath: logFormat=2022-10-10, LogWriteUtil.logPathDir=/custom/metro/log
10-10 17:25:28.836  2698  2820 D LogWriteUtil.class=LogFileHandlerThread.class: 2getFilePath: filePath=/custom/metro/log/2022-10-10
10-10 17:25:28.836  2698  2820 D LogWriteUtil.class=LogFileHandlerThread.class: getFileNameSuffix: file=/custom/metro/log/2022-10-10
10-10 17:25:28.837  2698  2820 D LogWriteUtil.class=LogFileHandlerThread.class: 3getCurrentFileName: logFileName=app26.log
10-10 17:25:28.837  2698  2820 D LogWriteUtil.class=LogFileHandlerThread.class: 1getCurrentFileName: LogWriteUtil.logfile=app.log
10-10 17:25:28.838  2698  2820 D LogWriteUtil.class=LogFileHandlerThread.class: 1getFilePath: logFormat=2022-10-10, LogWriteUtil.logPathDir=/custom/metro/log
10-10 17:25:28.838  2698  2820 D LogWriteUtil.class=LogFileHandlerThread.class: 2getFilePath: filePath=/custom/metro/log/2022-10-10
10-10 17:25:28.838  2698  2820 D LogWriteUtil.class=LogFileHandlerThread.class: getFileNameSuffix: file=/custom/metro/log/2022-10-10
10-10 17:25:28.839  2698  2820 D LogWriteUtil.class=LogFileHandlerThread.class: 2getCurrentFileName: index=3, LogWriteUtil.logfile=app.log, getFileNameSuffix=26
10-10 17:25:28.839  2698  2820 D LogWriteUtil.class=LogFileHandlerThread.class: 1getFilePath: logFormat=2022-10-10, LogWriteUtil.logPathDir=/custom/metro/log
10-10 17:25:28.839  2698  2820 D LogWriteUtil.class=LogFileHandlerThread.class: 2getFilePath: filePath=/custom/metro/log/2022-10-10
10-10 17:25:28.840  2698  2820 D LogWriteUtil.class=LogFileHandlerThread.class: getFileNameSuffix: file=/custom/metro/log/2022-10-10
10-10 17:25:28.840  2698  2820 D LogWriteUtil.class=LogFileHandlerThread.class: 3getCurrentFileName: logFileName=app26.log
10-10 17:25:28.840  2698  2820 D TAG     : 2,initFile: /custom/metro/log/2022-10-10/app26.log, logFile.length=387070, getCurrentFileName()=app26.log, writeFileName=/custom/metro/log/2022-10-10/app26.log
10-10 17:25:28.841  2698  2820 D LogWriteUtil.class=LogFileHandlerThread.class: 8,initFile: logFile=/custom/metro/log/2022-10-10/app26.log, logFile.length=387070
10-10 17:25:28.842  2698  2820 D LogWriteUtil.class=LogFileHandlerThread.class: 1getFilePath: logFormat=2022-10-10, LogWriteUtil.logPathDir=/custom/metro/log
10-10 17:25:28.842  2698  2820 D LogWriteUtil.class=LogFileHandlerThread.class: 2getFilePath: filePath=/custom/metro/log/2022-10-10
10-10 17:25:28.843  2698  2820 D LogWriteUtil.class=LogFileHandlerThread.class: 1getCurrentFileName: LogWriteUtil.logfile=app.log
10-10 17:25:28.843  2698  2820 D LogWriteUtil.class=LogFileHandlerThread.class: 1getFilePath: logFormat=2022-10-10, LogWriteUtil.logPathDir=/custom/metro/log
10-10 17:25:28.843  2698  2820 D LogWriteUtil.class=LogFileHandlerThread.class: 2getFilePath: filePath=/custom/metro/log/2022-10-10
10-10 17:25:28.843  2698  2820 D LogWriteUtil.class=LogFileHandlerThread.class: getFileNameSuffix: file=/custom/metro/log/2022-10-10
10-10 17:25:28.844  2698  2820 D LogWriteUtil.class=LogFileHandlerThread.class: 2getCurrentFileName: index=3, LogWriteUtil.logfile=app.log, getFileNameSuffix=26
10-10 17:25:28.844  2698  2820 D LogWriteUtil.class=LogFileHandlerThread.class: 1getFilePath: logFormat=2022-10-10, LogWriteUtil.logPathDir=/custom/metro/log
10-10 17:25:28.844  2698  2820 D LogWriteUtil.class=LogFileHandlerThread.class: 2getFilePath: filePath=/custom/metro/log/2022-10-10
10-10 17:25:28.845  2698  2820 D LogWriteUtil.class=LogFileHandlerThread.class: getFileNameSuffix: file=/custom/metro/log/2022-10-10
10-10 17:25:28.845  2698  2820 D LogWriteUtil.class=LogFileHandlerThread.class: 3getCurrentFileName: logFileName=app26.log
10-10 17:25:28.845  2698  2820 D LogWriteUtil.class=LogFileHandlerThread.class: 1,initFile: getFilePath()=/custom/metro/log/2022-10-10, getCurrentFileName=app26.log
10-10 17:25:28.846  2698  2820 D LogWriteUtil.class=LogFileHandlerThread.class: 1getFilePath: logFormat=2022-10-10, LogWriteUtil.logPathDir=/custom/metro/log
10-10 17:25:28.846  2698  2820 D LogWriteUtil.class=LogFileHandlerThread.class: 2getFilePath: filePath=/custom/metro/log/2022-10-10
10-10 17:25:28.846  2698  2820 D LogWriteUtil.class=LogFileHandlerThread.class: 1getCurrentFileName: LogWriteUtil.logfile=app.log
10-10 17:25:28.846  2698  2820 D LogWriteUtil.class=LogFileHandlerThread.class: 1getFilePath: logFormat=2022-10-10, LogWriteUtil.logPathDir=/custom/metro/log
10-10 17:25:28.847  2698  2820 D LogWriteUtil.class=LogFileHandlerThread.class: 2getFilePath: filePath=/custom/metro/log/2022-10-10
10-10 17:25:28.847  2698  2820 D LogWriteUtil.class=LogFileHandlerThread.class: getFileNameSuffix: file=/custom/metro/log/2022-10-10
10-10 17:25:28.847  2698  2820 D LogWriteUtil.class=LogFileHandlerThread.class: 2getCurrentFileName: index=3, LogWriteUtil.logfile=app.log, getFileNameSuffix=26
10-10 17:25:28.848  2698  2820 D LogWriteUtil.class=LogFileHandlerThread.class: 1getFilePath: logFormat=2022-10-10, LogWriteUtil.logPathDir=/custom/metro/log
10-10 17:25:28.848  2698  2820 D LogWriteUtil.class=LogFileHandlerThread.class: 2getFilePath: filePath=/custom/metro/log/2022-10-10
10-10 17:25:28.848  2698  2820 D LogWriteUtil.class=LogFileHandlerThread.class: getFileNameSuffix: file=/custom/metro/log/2022-10-10
10-10 17:25:28.848  2698  2820 D LogWriteUtil.class=LogFileHandlerThread.class: 3getCurrentFileName: logFileName=app26.log
10-10 17:25:28.848  2698  2820 D LogWriteUtil.class=LogFileHandlerThread.class: 1getCurrentFileName: LogWriteUtil.logfile=app.log
10-10 17:25:28.849  2698  2820 D LogWriteUtil.class=LogFileHandlerThread.class: 1getFilePath: logFormat=2022-10-10, LogWriteUtil.logPathDir=/custom/metro/log
10-10 17:25:28.849  2698  2820 D LogWriteUtil.class=LogFileHandlerThread.class: 2getFilePath: filePath=/custom/metro/log/2022-10-10
10-10 17:25:28.849  2698  2820 D LogWriteUtil.class=LogFileHandlerThread.class: getFileNameSuffix: file=/custom/metro/log/2022-10-10
10-10 17:25:28.850  2698  2820 D LogWriteUtil.class=LogFileHandlerThread.class: 2getCurrentFileName: index=3, LogWriteUtil.logfile=app.log, getFileNameSuffix=26
10-10 17:25:28.850  2698  2820 D LogWriteUtil.class=LogFileHandlerThread.class: 1getFilePath: logFormat=2022-10-10, LogWriteUtil.logPathDir=/custom/metro/log
10-10 17:25:28.850  2698  2820 D LogWriteUtil.class=LogFileHandlerThread.class: 2getFilePath: filePath=/custom/metro/log/2022-10-10
10-10 17:25:28.850  2698  2820 D LogWriteUtil.class=LogFileHandlerThread.class: getFileNameSuffix: file=/custom/metro/log/2022-10-10
10-10 17:25:28.851  2698  2820 D LogWriteUtil.class=LogFileHandlerThread.class: 3getCurrentFileName: logFileName=app26.log
10-10 17:25:28.851  2698  2820 D TAG     : 2,initFile: /custom/metro/log/2022-10-10/app26.log, logFile.length=387183, getCurrentFileName()=app26.log, writeFileName=/custom/metro/log/2022-10-10/app26.log
10-10 17:25:28.851  2698  2820 D LogWriteUtil.class=LogFileHandlerThread.class: 8,initFile: logFile=/custom/metro/log/2022-10-10/app26.log, logFile.length=387183
10-10 17:25:29.018  2698  4790 D MainViewModel: getSystemTime_currentThreadID2: 219
10-10 17:25:29.056  2698  4790 D TAG     : getSystemTime_currentThreadID3s: 219, isActive=true
10-10 17:25:29.303  2698  2698 D MainActivity: updateSignalIcon: signal=5
10-10 17:25:29.338  2698  2698 E train_jni_log: getHandsetStatus===popen buffer=0
10-10 17:25:29.338  2698  2698 E train_jni_log: getHandsetStatus===popen iRet=0
10-10 17:25:29.340  2698  2698 D TAG     : getHeadsetStatus: 0
10-10 17:25:29.343  2698  2698 D TAG     : getHeadsetStatus: headsetStatus=200
10-10 17:25:29.344  2698  2698 D TAG     : getHeadsetStatus: headsetStatus2=200
10-10 17:25:29.345  2698  4722 D BtrunCConfig: isR2Nubmer is true
10-10 17:25:29.345  2698  4722 D com.ztegota.system.GotaSystem: getMdn +866022011
10-10 17:25:29.345  2698  4722 D TAG     : getUserId: userId2=+866022011
10-10 17:25:29.346  2698  4886 D MainViewModel: getLteIp: test1111111=172.2.200.11
10-10 17:25:29.347  2698  4722 I APP_LogUtils.kt: [(LogUtils.kt:50).i()] [MainViewModel] GotaSystem SDK:V2.13 2021-04-20, Host Soft Version:GM655+V1.0.6.8B02, Host Hard Version:GM655MB_C, Host Build Time:2021 12 28  16:23:13 CST;
10-10 17:25:29.347  2698  2698 D MainActivity: showStatus: aa---result---result=true, url=192.168.42.131
10-10 17:25:29.348  2698  2820 D LogWriteUtil.class=LogFileHandlerThread.class: 1getFilePath: logFormat=2022-10-10, LogWriteUtil.logPathDir=/custom/metro/log
10-10 17:25:29.348  2698  2820 D LogWriteUtil.class=LogFileHandlerThread.class: 2getFilePath: filePath=/custom/metro/log/2022-10-10
