--------- beginning of main
10-11 15:47:50.376  4965  5021 I rilj    : EMCI Detial(CellId--->Tav): 5378,255,2,"460702",255,65535,59,65535,255,255,53,29,16,255,1185411028021,0,0,0,0,0,0,0,0
10-11 15:47:50.376  4965  5021 D LTERILJ : [UNSL]< RIL_UNSOL_NOTIFY_EMCI_DETAIL
10-11 15:47:50.377  4965  5018 D LTEPhone: EVENT_FOR_EMCI_DETAIL
10-11 15:47:50.377  4965  5018 D LTEServiceTracker: setCellId cellId:5378,"460702"
10-11 15:47:50.379  4965  4965 I APP_LogUtils.kt: [(LogUtils.kt:50).i()] [com.gbcom.library_base.service.LLteService] lte_resp_sys_for_emci_detail - EmciDetail=com.ztegota.system.common.EmciDetail@bfa0e78
10-11 15:47:50.381  4965  4986 D LogWriteUtil.class=LogFileHandlerThread.class: 1getFilePath: logFormat=2022-10-11, LogWriteUtil.logPathDir=/custom/metro/log
10-11 15:47:50.381  4965  4986 D LogWriteUtil.class=LogFileHandlerThread.class: 2getFilePath: filePath=/custom/metro/log/2022-10-11
10-11 15:47:50.382  4965  4986 D LogWriteUtil.class=LogFileHandlerThread.class: 1getCurrentFileName: LogWriteUtil.logfile=app.log
10-11 15:47:50.383  4965  4986 D LogWriteUtil.class=LogFileHandlerThread.class: 1getFilePath: logFormat=2022-10-11, LogWriteUtil.logPathDir=/custom/metro/log
10-11 15:47:50.383  4965  4986 D LogWriteUtil.class=LogFileHandlerThread.class: 2getFilePath: filePath=/custom/metro/log/2022-10-11
10-11 15:47:50.384  4965  4986 D LogWriteUtil.class=LogFileHandlerThread.class: getFileNameSuffix: file=/custom/metro/log/2022-10-11
10-11 15:47:50.384  4965  4986 D LogWriteUtil.class=LogFileHandlerThread.class: 2getCurrentFileName: index=3, LogWriteUtil.logfile=app.log, getFileNameSuffix=8
10-11 15:47:50.386  4965  4986 D LogWriteUtil.class=LogFileHandlerThread.class: 1getFilePath: logFormat=2022-10-11, LogWriteUtil.logPathDir=/custom/metro/log
10-11 15:47:50.386  4965  4986 D LogWriteUtil.class=LogFileHandlerThread.class: 2getFilePath: filePath=/custom/metro/log/2022-10-11
10-11 15:47:50.387  4965  4986 D LogWriteUtil.class=LogFileHandlerThread.class: getFileNameSuffix: file=/custom/metro/log/2022-10-11
10-11 15:47:50.387  4965  4986 D LogWriteUtil.class=LogFileHandlerThread.class: 3getCurrentFileName: logFileName=app8.log
10-11 15:47:50.387  4965  4986 D LogWriteUtil.class=LogFileHandlerThread.class: 1,initFile: getFilePath()=/custom/metro/log/2022-10-11, getCurrentFileName=app8.log
10-11 15:47:50.389  4965  4986 D LogWriteUtil.class=LogFileHandlerThread.class: 1getFilePath: logFormat=2022-10-11, LogWriteUtil.logPathDir=/custom/metro/log
10-11 15:47:50.389  4965  4986 D LogWriteUtil.class=LogFileHandlerThread.class: 2getFilePath: filePath=/custom/metro/log/2022-10-11
10-11 15:47:50.389  4965  4986 D LogWriteUtil.class=LogFileHandlerThread.class: 1getCurrentFileName: LogWriteUtil.logfile=app.log
10-11 15:47:50.390  4965  4986 D LogWriteUtil.class=LogFileHandlerThread.class: 1getFilePath: logFormat=2022-10-11, LogWriteUtil.logPathDir=/custom/metro/log
10-11 15:47:50.390  4965  4986 D LogWriteUtil.class=LogFileHandlerThread.class: 2getFilePath: filePath=/custom/metro/log/2022-10-11
10-11 15:47:50.391  4965  4986 D LogWriteUtil.class=LogFileHandlerThread.class: getFileNameSuffix: file=/custom/metro/log/2022-10-11
10-11 15:47:50.391  4965  4986 D LogWriteUtil.class=LogFileHandlerThread.class: 2getCurrentFileName: index=3, LogWriteUtil.logfile=app.log, getFileNameSuffix=8
10-11 15:47:50.392  4965  4986 D LogWriteUtil.class=LogFileHandlerThread.class: 1getFilePath: logFormat=2022-10-11, LogWriteUtil.logPathDir=/custom/metro/log
10-11 15:47:50.393  4965  4986 D LogWriteUtil.class=LogFileHandlerThread.class: 2getFilePath: filePath=/custom/metro/log/2022-10-11
10-11 15:47:50.393  4965  4986 D LogWriteUtil.class=LogFileHandlerThread.class: getFileNameSuffix: file=/custom/metro/log/2022-10-11
10-11 15:47:50.394  4965  4986 D LogWriteUtil.class=LogFileHandlerThread.class: 3getCurrentFileName: logFileName=app8.log
10-11 15:47:50.394  4965  4986 D LogWriteUtil.class=LogFileHandlerThread.class: 1getCurrentFileName: LogWriteUtil.logfile=app.log
10-11 15:47:50.395  4965  4986 D LogWriteUtil.class=LogFileHandlerThread.class: 1getFilePath: logFormat=2022-10-11, LogWriteUtil.logPathDir=/custom/metro/log
10-11 15:47:50.395  4965  4986 D LogWriteUtil.class=LogFileHandlerThread.class: 2getFilePath: filePath=/custom/metro/log/2022-10-11
10-11 15:47:50.396  4965  4986 D LogWriteUtil.class=LogFileHandlerThread.class: getFileNameSuffix: file=/custom/metro/log/2022-10-11
10-11 15:47:50.396  4965  4986 D LogWriteUtil.class=LogFileHandlerThread.class: 2getCurrentFileName: index=3, LogWriteUtil.logfile=app.log, getFileNameSuffix=8
10-11 15:47:50.397  4965  4986 D LogWriteUtil.class=LogFileHandlerThread.class: 1getFilePath: logFormat=2022-10-11, LogWriteUtil.logPathDir=/custom/metro/log
10-11 15:47:50.398  4965  4986 D LogWriteUtil.class=LogFileHandlerThread.class: 2getFilePath: filePath=/custom/metro/log/2022-10-11
10-11 15:47:50.398  4965  4986 D LogWriteUtil.class=LogFileHandlerThread.class: getFileNameSuffix: file=/custom/metro/log/2022-10-11
10-11 15:47:50.399  4965  4986 D LogWriteUtil.class=LogFileHandlerThread.class: 3getCurrentFileName: logFileName=app8.log
10-11 15:47:50.399  4965  4986 D TAG     : 2,initFile: /custom/metro/log/2022-10-11/app8.log, logFile.length=1397096, getCurrentFileName()=app8.log, writeFileName=/custom/metro/log/2022-10-11/app8.log
10-11 15:47:50.399  4965  4986 D LogWriteUtil.class=LogFileHandlerThread.class: 8,initFile: logFile=/custom/metro/log/2022-10-11/app8.log, logFile.length=1397096
10-11 15:47:50.411  4965  4965 D MainActivity: updateSignalIcon: signal=3
10-11 15:47:50.452  4965  4965 E train_jni_log: getHandsetStatus===popen buffer=0
10-11 15:47:50.452  4965  4965 E train_jni_log: getHandsetStatus===popen iRet=0
10-11 15:47:50.454  4965  4965 D TAG     : getHeadsetStatus: 0
10-11 15:47:50.456  4965  4965 D TAG     : getHeadsetStatus: headsetStatus=200
10-11 15:47:50.456  4965  4965 D TAG     : getHeadsetStatus: headsetStatus2=200
10-11 15:47:50.458  4965  7222 D BtrunCConfig: isR2Nubmer is true
10-11 15:47:50.458  4965  7222 D com.ztegota.system.GotaSystem: getMdn +866022012
10-11 15:47:50.458  4965  7222 D TAG     : getUserId: userId2=+866022012
10-11 15:47:50.458  4965  5962 D MainViewModel: getLteIp: test1111111=172.2.200.12
10-11 15:47:50.459  4965  7222 I APP_LogUtils.kt: [(LogUtils.kt:50).i()] [MainViewModel] GotaSystem SDK:V2.13 2021-04-20, Host Soft Version:GM655+V1.0.6.8B02, Host Hard Version:GM655MB_C, Host Build Time:2021年 12月 28日 星期二 16:23:13 CST;
10-11 15:47:50.459  4965  4965 D MainActivity: showStatus: aa---result---result=true, url=192.168.42.131
10-11 15:47:50.461  4965  4986 D LogWriteUtil.class=LogFileHandlerThread.class: 1getFilePath: logFormat=2022-10-11, LogWriteUtil.logPathDir=/custom/metro/log
10-11 15:47:50.461  4965  4986 D LogWriteUtil.class=LogFileHandlerThread.class: 2getFilePath: filePath=/custom/metro/log/2022-10-11
10-11 15:47:50.461  4965  4986 D LogWriteUtil.class=LogFileHandlerThread.class: 1getCurrentFileName: LogWriteUtil.logfile=app.log
10-11 15:47:50.462  4965  4986 D LogWriteUtil.class=LogFileHandlerThread.class: 1getFilePath: logFormat=2022-10-11, LogWriteUtil.logPathDir=/custom/metro/log
10-11 15:47:50.462  4965  4986 D LogWriteUtil.class=LogFileHandlerThread.class: 2getFilePath: filePath=/custom/metro/log/2022-10-11
10-11 15:47:50.463  4965  4986 D LogWriteUtil.class=LogFileHandlerThread.class: getFileNameSuffix: file=/custom/metro/log/2022-10-11
10-11 15:47:50.463  4965  4986 D LogWriteUtil.class=LogFileHandlerThread.class: 2getCurrentFileName: index=3, LogWriteUtil.logfile=app.log, getFileNameSuffix=8
10-11 15:47:50.464  4965  4986 D LogWriteUtil.class=LogFileHandlerThread.class: 1getFilePath: logFormat=2022-10-11, LogWriteUtil.logPathDir=/custom/metro/log
10-11 15:47:50.464  4965  4986 D LogWriteUtil.class=LogFileHandlerThread.class: 2getFilePath: filePath=/custom/metro/log/2022-10-11
10-11 15:47:50.464  4965  4986 D LogWriteUtil.class=LogFileHandlerThread.class: getFileNameSuffix: file=/custom/metro/log/2022-10-11
10-11 15:47:50.464  4965  4986 D LogWriteUtil.class=LogFileHandlerThread.class: 3getCurrentFileName: logFileName=app8.log
10-11 15:47:50.464  4965  4986 D LogWriteUtil.class=LogFileHandlerThread.class: 1,initFile: getFilePath()=/custom/metro/log/2022-10-11, getCurrentFileName=app8.log
10-11 15:47:50.465  4965  4986 D LogWriteUtil.class=LogFileHandlerThread.class: 1getFilePath: logFormat=2022-10-11, LogWriteUtil.logPathDir=/custom/metro/log
10-11 15:47:50.466  4965  4986 D LogWriteUtil.class=LogFileHandlerThread.class: 2getFilePath: filePath=/custom/metro/log/2022-10-11
10-11 15:47:50.466  4965  4986 D LogWriteUtil.class=LogFileHandlerThread.class: 1getCurrentFileName: LogWriteUtil.logfile=app.log
10-11 15:47:50.466  4965  4986 D LogWriteUtil.class=LogFileHandlerThread.class: 1getFilePath: logFormat=2022-10-11, LogWriteUtil.logPathDir=/custom/metro/log
10-11 15:47:50.467  4965  4986 D LogWriteUtil.class=LogFileHandlerThread.class: 2getFilePath: filePath=/custom/metro/log/2022-10-11
10-11 15:47:50.467  4965  4986 D LogWriteUtil.class=LogFileHandlerThread.class: getFileNameSuffix: file=/custom/metro/log/2022-10-11
10-11 15:47:50.467  4965  4986 D LogWriteUtil.class=LogFileHandlerThread.class: 2getCurrentFileName: index=3, LogWriteUtil.logfile=app.log, getFileNameSuffix=8
10-11 15:47:50.468  4965  4986 D LogWriteUtil.class=LogFileHandlerThread.class: 1getFilePath: logFormat=2022-10-11, LogWriteUtil.logPathDir=/custom/metro/log
10-11 15:47:50.468  4965  4986 D LogWriteUtil.class=LogFileHandlerThread.class: 2getFilePath: filePath=/custom/metro/log/2022-10-11
10-11 15:47:50.468  4965  4986 D LogWriteUtil.class=LogFileHandlerThread.class: getFileNameSuffix: file=/custom/metro/log/2022-10-11
10-11 15:47:50.469  4965  4986 D LogWriteUtil.class=LogFileHandlerThread.class: 3getCurrentFileName: logFileName=app8.log
10-11 15:47:50.469  4965  4986 D LogWriteUtil.class=LogFileHandlerThread.class: 1getCurrentFileName: LogWriteUtil.logfile=app.log
10-11 15:47:50.470  4965  4986 D LogWriteUtil.class=LogFileHandlerThread.class: 1getFilePath: logFormat=2022-10-11, LogWriteUtil.logPathDir=/custom/metro/log
10-11 15:47:50.470  4965  4986 D LogWriteUtil.class=LogFileHandlerThread.class: 2getFilePath: filePath=/custom/metro/log/2022-10-11
10-11 15:47:50.470  4965  4986 D LogWriteUtil.class=LogFileHandlerThread.class: getFileNameSuffix: file=/custom/metro/log/2022-10-11
10-11 15:47:50.470  4965  4986 D LogWriteUtil.class=LogFileHandlerThread.class: 2getCurrentFileName: index=3, LogWriteUtil.logfile=app.log, getFileNameSuffix=8
10-11 15:47:50.471  4965  4986 D LogWriteUtil.class=LogFileHandlerThread.class: 1getFilePath: logFormat=2022-10-11, LogWriteUtil.logPathDir=/custom/metro/log
10-11 15:47:50.471  4965  4986 D LogWriteUtil.class=LogFileHandlerThread.class: 2getFilePath: filePath=/custom/metro/log/2022-10-11
10-11 15:47:50.471  4965  4986 D LogWriteUtil.class=LogFileHandlerThread.class: getFileNameSuffix: file=/custom/metro/log/2022-10-11
10-11 15:47:50.472  4965  4986 D LogWriteUtil.class=LogFileHandlerThread.class: 3getCurrentFileName: logFileName=app8.log
10-11 15:47:50.472  4965  4986 D TAG     : 2,initFile: /custom/metro/log/2022-10-11/app8.log, logFile.length=1397276, getCurrentFileName()=app8.log, writeFileName=/custom/metro/log/2022-10-11/app8.log
10-11 15:47:50.472  4965  4986 D LogWriteUtil.class=LogFileHandlerThread.class: 8,initFile: logFile=/custom/metro/log/2022-10-11/app8.log, logFile.length=1397276
10-11 15:47:50.684  4965  7222 D MainViewModel: getSystemTime_currentThreadID2: 372
10-11 15:47:50.723  4965  7222 D TAG     : getSystemTime_currentThreadID3s: 372, isActive=true
10-11 15:47:51.192  4965  7222 D MainViewModel: getSystemTime_currentThreadID2: 372
10-11 15:47:51.230  4965  7222 D TAG     : getSystemTime_currentThreadID3s: 372, isActive=true
10-11 15:47:51.377  4965  5021 I rilj    : EMCI Detial(CellId--->Tav): 5378,255,2,"460702",255,65535,59,65535,255,255,54,27,16,255,1185411028021,0,0,0,0,0,0,0,0
10-11 15:47:51.377  4965  5021 D LTERILJ : [UNSL]< RIL_UNSOL_NOTIFY_EMCI_DETAIL
10-11 15:47:51.378  4965  5018 D LTEPhone: EVENT_FOR_EMCI_DETAIL
10-11 15:47:51.378  4965  5018 D LTEServiceTracker: setCellId cellId:5378,"460702"
10-11 15:47:51.380  4965  4965 I APP_LogUtils.kt: [(LogUtils.kt:50).i()] [com.gbcom.library_base.service.LLteService] lte_resp_sys_for_emci_detail - EmciDetail=com.ztegota.system.common.EmciDetail@8c3490
10-11 15:47:51.383  4965  4986 D LogWriteUtil.class=LogFileHandlerThread.class: 1getFilePath: logFormat=2022-10-11, LogWriteUtil.logPathDir=/custom/metro/log
10-11 15:47:51.383  4965  4986 D LogWriteUtil.class=LogFileHandlerThread.class: 2getFilePath: filePath=/custom/metro/log/2022-10-11
10-11 15:47:51.383  4965  4986 D LogWriteUtil.class=LogFileHandlerThread.class: 1getCurrentFileName: LogWriteUtil.logfile=app.log
10-11 15:47:51.385  4965  4986 D LogWriteUtil.class=LogFileHandlerThread.class: 1getFilePath: logFormat=2022-10-11, LogWriteUtil.logPathDir=/custom/metro/log
10-11 15:47:51.385  4965  4986 D LogWriteUtil.class=LogFileHandlerThread.class: 2getFilePath: filePath=/custom/metro/log/2022-10-11
10-11 15:47:51.386  4965  4986 D LogWriteUtil.class=LogFileHandlerThread.class: getFileNameSuffix: file=/custom/metro/log/2022-10-11
10-11 15:47:51.386  4965  4986 D LogWriteUtil.class=LogFileHandlerThread.class: 2getCurrentFileName: index=3, LogWriteUtil.logfile=app.log, getFileNameSuffix=8
10-11 15:47:51.388  4965  4986 D LogWriteUtil.class=LogFileHandlerThread.class: 1getFilePath: logFormat=2022-10-11, LogWriteUtil.logPathDir=/custom/metro/log
10-11 15:47:51.389  4965  4986 D LogWriteUtil.class=LogFileHandlerThread.class: 2getFilePath: filePath=/custom/metro/log/2022-10-11
10-11 15:47:51.389  4965  4986 D LogWriteUtil.class=LogFileHandlerThread.class: getFileNameSuffix: file=/custom/metro/log/2022-10-11
10-11 15:47:51.390  4965  4986 D LogWriteUtil.class=LogFileHandlerThread.class: 3getCurrentFileName: logFileName=app8.log
10-11 15:47:51.390  4965  4986 D LogWriteUtil.class=LogFileHandlerThread.class: 1,initFile: getFilePath()=/custom/metro/log/2022-10-11, getCurrentFileName=app8.log
10-11 15:47:51.392  4965  4986 D LogWriteUtil.class=LogFileHandlerThread.class: 1getFilePath: logFormat=2022-10-11, LogWriteUtil.logPathDir=/custom/metro/log
10-11 15:47:51.392  4965  4986 D LogWriteUtil.class=LogFileHandlerThread.class: 2getFilePath: filePath=/custom/metro/log/2022-10-11
10-11 15:47:51.392  4965  4986 D LogWriteUtil.class=LogFileHandlerThread.class: 1getCurrentFileName: LogWriteUtil.logfile=app.log
10-11 15:47:51.394  4965  4986 D LogWriteUtil.class=LogFileHandlerThread.class: 1getFilePath: logFormat=2022-10-11, LogWriteUtil.logPathDir=/custom/metro/log
10-11 15:47:51.394  4965  4986 D LogWriteUtil.class=LogFileHandlerThread.class: 2getFilePath: filePath=/custom/metro/log/2022-10-11
10-11 15:47:51.394  4965  4986 D LogWriteUtil.class=LogFileHandlerThread.class: getFileNameSuffix: file=/custom/metro/log/2022-10-11
10-11 15:47:51.395  4965  4986 D LogWriteUtil.class=LogFileHandlerThread.class: 2getCurrentFileName: index=3, LogWriteUtil.logfile=app.log, getFileNameSuffix=8
10-11 15:47:51.396  4965  4986 D LogWriteUtil.class=LogFileHandlerThread.class: 1getFilePath: logFormat=2022-10-11, LogWriteUtil.logPathDir=/custom/metro/log
10-11 15:47:51.396  4965  4986 D LogWriteUtil.class=LogFileHandlerThread.class: 2getFilePath: filePath=/custom/metro/log/2022-10-11
10-11 15:47:51.397  4965  4986 D LogWriteUtil.class=LogFileHandlerThread.class: getFileNameSuffix: file=/custom/metro/log/2022-10-11
10-11 15:47:51.397  4965  4986 D LogWriteUtil.class=LogFileHandlerThread.class: 3getCurrentFileName: logFileName=app8.log
10-11 15:47:51.398  4965  4986 D LogWriteUtil.class=LogFileHandlerThread.class: 1getCurrentFileName: LogWriteUtil.logfile=app.log
10-11 15:47:51.399  4965  4986 D LogWriteUtil.class=LogFileHandlerThread.class: 1getFilePath: logFormat=2022-10-11, LogWriteUtil.logPathDir=/custom/metro/log
10-11 15:47:51.399  4965  4986 D LogWriteUtil.class=LogFileHandlerThread.class: 2getFilePath: filePath=/custom/metro/log/2022-10-11
10-11 15:47:51.400  4965  4986 D LogWriteUtil.class=LogFileHandlerThread.class: getFileNameSuffix: file=/custom/metro/log/2022-10-11
10-11 15:47:51.400  4965  4986 D LogWriteUtil.class=LogFileHandlerThread.class: 2getCurrentFileName: index=3, LogWriteUtil.logfile=app.log, getFileNameSuffix=8
10-11 15:47:51.402  4965  4986 D LogWriteUtil.class=LogFileHandlerThread.class: 1getFilePath: logFormat=2022-10-11, LogWriteUtil.logPathDir=/custom/metro/log
10-11 15:47:51.402  4965  4986 D LogWriteUtil.class=LogFileHandlerThread.class: 2getFilePath: filePath=/custom/metro/log/2022-10-11
10-11 15:47:51.402  4965  4986 D LogWriteUtil.class=LogFileHandlerThread.class: getFileNameSuffix: file=/custom/metro/log/2022-10-11
10-11 15:47:51.403  4965  4986 D LogWriteUtil.class=LogFileHandlerThread.class: 3getCurrentFileName: logFileName=app8.log
10-11 15:47:51.403  4965  4986 D TAG     : 2,initFile: /custom/metro/log/2022-10-11/app8.log, logFile.length=1397499, getCurrentFileName()=app8.log, writeFileName=/custom/metro/log/2022-10-11/app8.log
10-11 15:47:51.403  4965  4986 D LogWriteUtil.class=LogFileHandlerThread.class: 8,initFile: logFile=/custom/metro/log/2022-10-11/app8.log, logFile.length=1397499
10-11 15:47:51.441  4965  5059 D UdpDcRepository: api send - Thread ID=201, obj={"MsgName":"GetStationATSReq","MsgSeqID":3452,"AppID":"172.2.200.12","MsgInfo":{}}
10-11 15:47:51.443  4965  5059 I APP_LogUtils.kt: [(LogUtils.kt:50).i()] [UdpDisServices] start: send(String) - thread ID=201, send msg={"MsgName":"GetStationATSReq","MsgSeqID":3452,"AppID":"172.2.200.12","MsgInfo":{}}
10-11 15:47:51.445  4965  4986 D LogWriteUtil.class=LogFileHandlerThread.class: 1getFilePath: logFormat=2022-10-11, LogWriteUtil.logPathDir=/custom/metro/log
10-11 15:47:51.445  4965  4986 D LogWriteUtil.class=LogFileHandlerThread.class: 2getFilePath: filePath=/custom/metro/log/2022-10-11
10-11 15:47:51.445  4965  4986 D LogWriteUtil.class=LogFileHandlerThread.class: 1getCurrentFileName: LogWriteUtil.logfile=app.log
10-11 15:47:51.446  4965  4986 D LogWriteUtil.class=LogFileHandlerThread.class: 1getFilePath: logFormat=2022-10-11, LogWriteUtil.logPathDir=/custom/metro/log
10-11 15:47:51.446  4965  4986 D LogWriteUtil.class=LogFileHandlerThread.class: 2getFilePath: filePath=/custom/metro/log/2022-10-11
10-11 15:47:51.446  4965  4986 D LogWriteUtil.class=LogFileHandlerThread.class: getFileNameSuffix: file=/custom/metro/log/2022-10-11
10-11 15:47:51.447  4965  4986 D LogWriteUtil.class=LogFileHandlerThread.class: 2getCurrentFileName: index=3, LogWriteUtil.logfile=app.log, getFileNameSuffix=8
10-11 15:47:51.448  4965  5059 D UdpDcRepository: api send - Thread ID=201, obj={"MsgName":"AppHeartbeat","MsgSeqID":3453,"AppID":"172.2.200.12","MsgInfo":{"SDKLongNumber":"+866022012"}}
10-11 15:47:51.448  4965  4986 D LogWriteUtil.class=LogFileHandlerThread.class: 1getFilePath: logFormat=2022-10-11, LogWriteUtil.logPathDir=/custom/metro/log
10-11 15:47:51.448  4965  4986 D LogWriteUtil.class=LogFileHandlerThread.class: 2getFilePath: filePath=/custom/metro/log/2022-10-11
10-11 15:47:51.448  4965  4986 D LogWriteUtil.class=LogFileHandlerThread.class: getFileNameSuffix: file=/custom/metro/log/2022-10-11
10-11 15:47:51.449  4965  4986 D LogWriteUtil.class=LogFileHandlerThread.class: 3getCurrentFileName: logFileName=app8.log
10-11 15:47:51.449  4965  4986 D LogWriteUtil.class=LogFileHandlerThread.class: 1,initFile: getFilePath()=/custom/metro/log/2022-10-11, getCurrentFileName=app8.log
10-11 15:47:51.451  4965  4986 D LogWriteUtil.class=LogFileHandlerThread.class: 1getFilePath: logFormat=2022-10-11, LogWriteUtil.logPathDir=/custom/metro/log
10-11 15:47:51.451  4965  4986 D LogWriteUtil.class=LogFileHandlerThread.class: 2getFilePath: filePath=/custom/metro/log/2022-10-11
10-11 15:47:51.451  4965  4986 D LogWriteUtil.class=LogFileHandlerThread.class: 1getCurrentFileName: LogWriteUtil.logfile=app.log
10-11 15:47:51.452  4965  5059 I APP_LogUtils.kt: [(LogUtils.kt:50).i()] [UdpDisServices] start: send(String) - thread ID=201, send msg={"MsgName":"AppHeartbeat","MsgSeqID":3453,"AppID":"172.2.200.12","MsgInfo":{"SDKLongNumber":"+866022012"}}
10-11 15:47:51.453  4965  4986 D LogWriteUtil.class=LogFileHandlerThread.class: 1getFilePath: logFormat=2022-10-11, LogWriteUtil.logPathDir=/custom/metro/log
10-11 15:47:51.453  4965  4986 D LogWriteUtil.class=LogFileHandlerThread.class: 2getFilePath: filePath=/custom/metro/log/2022-10-11
10-11 15:47:51.453  4965  4986 D LogWriteUtil.class=LogFileHandlerThread.class: getFileNameSuffix: file=/custom/metro/log/2022-10-11
10-11 15:47:51.454  4965  4986 D LogWriteUtil.class=LogFileHandlerThread.class: 2getCurrentFileName: index=3, LogWriteUtil.logfile=app.log, getFileNameSuffix=8
10-11 15:47:51.455  4965  4986 D LogWriteUtil.class=LogFileHandlerThread.class: 1getFilePath: logFormat=2022-10-11, LogWriteUtil.logPathDir=/custom/metro/log
10-11 15:47:51.455  4965  4986 D LogWriteUtil.class=LogFileHandlerThread.class: 2getFilePath: filePath=/custom/metro/log/2022-10-11
10-11 15:47:51.455  4965  4986 D LogWriteUtil.class=LogFileHandlerThread.class: getFileNameSuffix: file=/custom/metro/log/2022-10-11
10-11 15:47:51.456  4965  4986 D LogWriteUtil.class=LogFileHandlerThread.class: 3getCurrentFileName: logFileName=app8.log
10-11 15:47:51.456  4965  4986 D LogWriteUtil.class=LogFileHandlerThread.class: 1getCurrentFileName: LogWriteUtil.logfile=app.log
10-11 15:47:51.458  4965  4986 D LogWriteUtil.class=LogFileHandlerThread.class: 1getFilePath: logFormat=2022-10-11, LogWriteUtil.logPathDir=/custom/metro/log
10-11 15:47:51.458  4965  4986 D LogWriteUtil.class=LogFileHandlerThread.class: 2getFilePath: filePath=/custom/metro/log/2022-10-11
10-11 15:47:51.458  4965  4986 D LogWriteUtil.class=LogFileHandlerThread.class: getFileNameSuffix: file=/custom/metro/log/2022-10-11
10-11 15:47:51.459  4965  4986 D LogWriteUtil.class=LogFileHandlerThread.class: 2getCurrentFileName: index=3, LogWriteUtil.logfile=app.log, getFileNameSuffix=8
10-11 15:47:51.460  4965  4986 D LogWriteUtil.class=LogFileHandlerThread.class: 1getFilePath: logFormat=2022-10-11, LogWriteUtil.logPathDir=/custom/metro/log
10-11 15:47:51.460  4965  4986 D LogWriteUtil.class=LogFileHandlerThread.class: 2getFilePath: filePath=/custom/metro/log/2022-10-11
10-11 15:47:51.460  4965  4986 D LogWriteUtil.class=LogFileHandlerThread.class: getFileNameSuffix: file=/custom/metro/log/2022-10-11
10-11 15:47:51.461  4965  4986 D LogWriteUtil.class=LogFileHandlerThread.class: 3getCurrentFileName: logFileName=app8.log
10-11 15:47:51.461  4965  4986 D TAG     : 2,initFile: /custom/metro/log/2022-10-11/app8.log, logFile.length=1397678, getCurrentFileName()=app8.log, writeFileName=/custom/metro/log/2022-10-11/app8.log
10-11 15:47:51.461  4965  4986 D LogWriteUtil.class=LogFileHandlerThread.class: 8,initFile: logFile=/custom/metro/log/2022-10-11/app8.log, logFile.length=1397678
10-11 15:47:51.463  4965  4986 D LogWriteUtil.class=LogFileHandlerThread.class: 1getFilePath: logFormat=2022-10-11, LogWriteUtil.logPathDir=/custom/metro/log
10-11 15:47:51.463  4965  4986 D LogWriteUtil.class=LogFileHandlerThread.class: 2getFilePath: filePath=/custom/metro/log/2022-10-11
10-11 15:47:51.463  4965  4986 D LogWriteUtil.class=LogFileHandlerThread.class: 1getCurrentFileName: LogWriteUtil.logfile=app.log
10-11 15:47:51.464  4965  4986 D LogWriteUtil.class=LogFileHandlerThread.class: 1getFilePath: logFormat=2022-10-11, LogWriteUtil.logPathDir=/custom/metro/log
10-11 15:47:51.464  4965  4986 D LogWriteUtil.class=LogFileHandlerThread.class: 2getFilePath: filePath=/custom/metro/log/2022-10-11
10-11 15:47:51.464  4965  4986 D LogWriteUtil.class=LogFileHandlerThread.class: getFileNameSuffix: file=/custom/metro/log/2022-10-11
10-11 15:47:51.465  4965  4986 D LogWriteUtil.class=LogFileHandlerThread.class: 2getCurrentFileName: index=3, LogWriteUtil.logfile=app.log, getFileNameSuffix=8
10-11 15:47:51.466  4965  4986 D LogWriteUtil.class=LogFileHandlerThread.class: 1getFilePath: logFormat=2022-10-11, LogWriteUtil.logPathDir=/custom/metro/log
10-11 15:47:51.467  4965  4986 D LogWriteUtil.class=LogFileHandlerThread.class: 2getFilePath: filePath=/custom/metro/log/2022-10-11
10-11 15:47:51.467  4965  4986 D LogWriteUtil.class=LogFileHandlerThread.class: getFileNameSuffix: file=/custom/metro/log/2022-10-11
10-11 15:47:51.467  4965  4986 D LogWriteUtil.class=LogFileHandlerThread.class: 3getCurrentFileName: logFileName=app8.log
10-11 15:47:51.467  4965  4986 D LogWriteUtil.class=LogFileHandlerThread.class: 1,initFile: getFilePath()=/custom/metro/log/2022-10-11, getCurrentFileName=app8.log
10-11 15:47:51.468  4965  4986 D LogWriteUtil.class=LogFileHandlerThread.class: 1getFilePath: logFormat=2022-10-11, LogWriteUtil.logPathDir=/custom/metro/log
10-11 15:47:51.468  4965  4986 D LogWriteUtil.class=LogFileHandlerThread.class: 2getFilePath: filePath=/custom/metro/log/2022-10-11
10-11 15:47:51.468  4965  4986 D LogWriteUtil.class=LogFileHandlerThread.class: 1getCurrentFileName: LogWriteUtil.logfile=app.log
10-11 15:47:51.469  4965  4986 D LogWriteUtil.class=LogFileHandlerThread.class: 1getFilePath: logFormat=2022-10-11, LogWriteUtil.logPathDir=/custom/metro/log
10-11 15:47:51.469  4965  4986 D LogWriteUtil.class=LogFileHandlerThread.class: 2getFilePath: filePath=/custom/metro/log/2022-10-11
10-11 15:47:51.469  4965  4986 D LogWriteUtil.class=LogFileHandlerThread.class: getFileNameSuffix: file=/custom/metro/log/2022-10-11
10-11 15:47:51.469  4965  4986 D LogWriteUtil.class=LogFileHandlerThread.class: 2getCurrentFileName: index=3, LogWriteUtil.logfile=app.log, getFileNameSuffix=8
10-11 15:47:51.470  4965  4986 D LogWriteUtil.class=LogFileHandlerThread.class: 1getFilePath: logFormat=2022-10-11, LogWriteUtil.logPathDir=/custom/metro/log
10-11 15:47:51.470  4965  4986 D LogWriteUtil.class=LogFileHandlerThread.class: 2getFilePath: filePath=/custom/metro/log/2022-10-11
10-11 15:47:51.470  4965  4986 D LogWriteUtil.class=LogFileHandlerThread.class: getFileNameSuffix: file=/custom/metro/log/2022-10-11
10-11 15:47:51.471  4965  4986 D LogWriteUtil.class=LogFileHandlerThread.class: 3getCurrentFileName: logFileName=app8.log
10-11 15:47:51.471  4965  4986 D LogWriteUtil.class=LogFileHandlerThread.class: 1getCurrentFileName: LogWriteUtil.logfile=app.log
10-11 15:47:51.471  4965  4986 D LogWriteUtil.class=LogFileHandlerThread.class: 1getFilePath: logFormat=2022-10-11, LogWriteUtil.logPathDir=/custom/metro/log
10-11 15:47:51.471  4965  4986 D LogWriteUtil.class=LogFileHandlerThread.class: 2getFilePath: filePath=/custom/metro/log/2022-10-11
10-11 15:47:51.472  4965  4986 D LogWriteUtil.class=LogFileHandlerThread.class: getFileNameSuffix: file=/custom/metro/log/2022-10-11
10-11 15:47:51.472  4965  4986 D LogWriteUtil.class=LogFileHandlerThread.class: 2getCurrentFileName: index=3, LogWriteUtil.logfile=app.log, getFileNameSuffix=8
10-11 15:47:51.473  4965  4986 D LogWriteUtil.class=LogFileHandlerThread.class: 1getFilePath: logFormat=2022-10-11, LogWriteUtil.logPathDir=/custom/metro/log
10-11 15:47:51.473  4965  4986 D LogWriteUtil.class=LogFileHandlerThread.class: 2getFilePath: filePath=/custom/metro/log/2022-10-11
10-11 15:47:51.473  4965  4986 D LogWriteUtil.class=LogFileHandlerThread.class: getFileNameSuffix: file=/custom/metro/log/2022-10-11
10-11 15:47:51.473  4965  4986 D LogWriteUtil.class=LogFileHandlerThread.class: 3getCurrentFileName: logFileName=app8.log
10-11 15:47:51.473  4965  4986 D TAG     : 2,initFile: /custom/metro/log/2022-10-11/app8.log, logFile.length=1397872, getCurrentFileName()=app8.log, writeFileName=/custom/metro/log/2022-10-11/app8.log
10-11 15:47:51.473  4965  4986 D LogWriteUtil.class=LogFileHandlerThread.class: 8,initFile: logFile=/custom/metro/log/2022-10-11/app8.log, logFile.length=1397872
10-11 15:47:51.494  4965  5038 D UdpDisServices: udp receive - api receive data disApi, udp service id=186  - udp.packet.address=/172.2.208.8, udp.pack.socketAddress=/172.2.208.8:64002, udp.port=64002- running=true - message={"MsgSeqID":1233441,"MsgName":"DisReceivedNotify","MsgInfo":{"AppMsgSeqID":3452,"Code":10001}}
10-11 15:47:51.495  4965  5038 I APP_LogUtils.kt: [(LogUtils.kt:50).i()] [UdpDisServices] udp receive - api receive data disApi, udp service id=186 - running=true  - ip=/172.2.208.8 - port=64002 - message={"MsgSeqID":1233441,"MsgName":"DisReceivedNotify","MsgInfo":{"AppMsgSeqID":3452,"Code":10001}}
10-11 15:47:51.496  4965  4965 D MainActivity: onMessageEvent  -- gginit: disApi, id=1---event={"MsgSeqID":1233441,"MsgName":"DisReceivedNotify","MsgInfo":{"AppMsgSeqID":3452,"Code":10001}}
10-11 15:47:51.496  4965  4965 D MainViewModel: 1processDisApi: disApi, id=1
10-11 15:47:51.497  4965  4986 D LogWriteUtil.class=LogFileHandlerThread.class: 1getFilePath: logFormat=2022-10-11, LogWriteUtil.logPathDir=/custom/metro/log
10-11 15:47:51.497  4965  4986 D LogWriteUtil.class=LogFileHandlerThread.class: 2getFilePath: filePath=/custom/metro/log/2022-10-11
10-11 15:47:51.497  4965  4986 D LogWriteUtil.class=LogFileHandlerThread.class: 1getCurrentFileName: LogWriteUtil.logfile=app.log
10-11 15:47:51.497  4965  7222 D DisApiSingletonReceive: processingData: disApi, id=372 - data={"MsgSeqID":1233441,"MsgName":"DisReceivedNotify","MsgInfo":{"AppMsgSeqID":3452,"Code":10001}}
10-11 15:47:51.498  4965  4986 D LogWriteUtil.class=LogFileHandlerThread.class: 1getFilePath: logFormat=2022-10-11, LogWriteUtil.logPathDir=/custom/metro/log
10-11 15:47:51.498  4965  4986 D LogWriteUtil.class=LogFileHandlerThread.class: 2getFilePath: filePath=/custom/metro/log/2022-10-11
10-11 15:47:51.498  4965  4986 D LogWriteUtil.class=LogFileHandlerThread.class: getFileNameSuffix: file=/custom/metro/log/2022-10-11
10-11 15:47:51.499  4965  4986 D LogWriteUtil.class=LogFileHandlerThread.class: 2getCurrentFileName: index=3, LogWriteUtil.logfile=app.log, getFileNameSuffix=8
10-11 15:47:51.499  4965  7222 D DisApiSingletonReceive: processingDisReceivedNotify: info=DisReceivedNotifyApiData(msgName=DisReceivedNotify, msgSeqID=1233441, msgInfo=ReceivedNotifyData(appMsgSeqID=0, code=10001))
10-11 15:47:51.500  4965  4986 D LogWriteUtil.class=LogFileHandlerThread.class: 1getFilePath: logFormat=2022-10-11, LogWriteUtil.logPathDir=/custom/metro/log
10-11 15:47:51.500  4965  4986 D LogWriteUtil.class=LogFileHandlerThread.class: 2getFilePath: filePath=/custom/metro/log/2022-10-11
10-11 15:47:51.500  4965  4986 D LogWriteUtil.class=LogFileHandlerThread.class: getFileNameSuffix: file=/custom/metro/log/2022-10-11
10-11 15:47:51.500  4965  4986 D LogWriteUtil.class=LogFileHandlerThread.class: 3getCurrentFileName: logFileName=app8.log
10-11 15:47:51.500  4965  4986 D LogWriteUtil.class=LogFileHandlerThread.class: 1,initFile: getFilePath()=/custom/metro/log/2022-10-11, getCurrentFileName=app8.log
10-11 15:47:51.501  4965  4986 D LogWriteUtil.class=LogFileHandlerThread.class: 1getFilePath: logFormat=2022-10-11, LogWriteUtil.logPathDir=/custom/metro/log
10-11 15:47:51.501  4965  4986 D LogWriteUtil.class=LogFileHandlerThread.class: 2getFilePath: filePath=/custom/metro/log/2022-10-11
10-11 15:47:51.501  4965  4986 D LogWriteUtil.class=LogFileHandlerThread.class: 1getCurrentFileName: LogWriteUtil.logfile=app.log
10-11 15:47:51.502  4965  4986 D LogWriteUtil.class=LogFileHandlerThread.class: 1getFilePath: logFormat=2022-10-11, LogWriteUtil.logPathDir=/custom/metro/log
10-11 15:47:51.502  4965  4986 D LogWriteUtil.class=LogFileHandlerThread.class: 2getFilePath: filePath=/custom/metro/log/2022-10-11
10-11 15:47:51.502  4965  4986 D LogWriteUtil.class=LogFileHandlerThread.class: getFileNameSuffix: file=/custom/metro/log/2022-10-11
10-11 15:47:51.503  4965  4986 D LogWriteUtil.class=LogFileHandlerThread.class: 2getCurrentFileName: index=3, LogWriteUtil.logfile=app.log, getFileNameSuffix=8
10-11 15:47:51.503  4965  4986 D LogWriteUtil.class=LogFileHandlerThread.class: 1getFilePath: logFormat=2022-10-11, LogWriteUtil.logPathDir=/custom/metro/log
10-11 15:47:51.503  4965  4986 D LogWriteUtil.class=LogFileHandlerThread.class: 2getFilePath: filePath=/custom/metro/log/2022-10-11
10-11 15:47:51.504  4965  4986 D LogWriteUtil.class=LogFileHandlerThread.class: getFileNameSuffix: file=/custom/metro/log/2022-10-11
10-11 15:47:51.504  4965  4986 D LogWriteUtil.class=LogFileHandlerThread.class: 3getCurrentFileName: logFileName=app8.log
10-11 15:47:51.504  4965  4986 D LogWriteUtil.class=LogFileHandlerThread.class: 1getCurrentFileName: LogWriteUtil.logfile=app.log
10-11 15:47:51.505  4965  4986 D LogWriteUtil.class=LogFileHandlerThread.class: 1getFilePath: logFormat=2022-10-11, LogWriteUtil.logPathDir=/custom/metro/log
10-11 15:47:51.505  4965  4986 D LogWriteUtil.class=LogFileHandlerThread.class: 2getFilePath: filePath=/custom/metro/log/2022-10-11
10-11 15:47:51.505  4965  4986 D LogWriteUtil.class=LogFileHandlerThread.class: getFileNameSuffix: file=/custom/metro/log/2022-10-11
10-11 15:47:51.506  4965  4986 D LogWriteUtil.class=LogFileHandlerThread.class: 2getCurrentFileName: index=3, LogWriteUtil.logfile=app.log, getFileNameSuffix=8
10-11 15:47:51.507  4965  4986 D LogWriteUtil.class=LogFileHandlerThread.class: 1getFilePath: logFormat=2022-10-11, LogWriteUtil.logPathDir=/custom/metro/log
10-11 15:47:51.507  4965  4986 D LogWriteUtil.class=LogFileHandlerThread.class: 2getFilePath: filePath=/custom/metro/log/2022-10-11
10-11 15:47:51.507  4965  4986 D LogWriteUtil.class=LogFileHandlerThread.class: getFileNameSuffix: file=/custom/metro/log/2022-10-11
10-11 15:47:51.507  4965  4986 D LogWriteUtil.class=LogFileHandlerThread.class: 3getCurrentFileName: logFileName=app8.log
10-11 15:47:51.508  4965  4986 D TAG     : 2,initFile: /custom/metro/log/2022-10-11/app8.log, logFile.length=1398090, getCurrentFileName()=app8.log, writeFileName=/custom/metro/log/2022-10-11/app8.log
10-11 15:47:51.508  4965  4986 D LogWriteUtil.class=LogFileHandlerThread.class: 8,initFile: logFile=/custom/metro/log/2022-10-11/app8.log, logFile.length=1398090
10-11 15:47:51.520  4965  5038 D UdpDisServices: udp receive - api receive data disApi, udp service id=186  - udp.packet.address=/172.2.208.8, udp.pack.socketAddress=/172.2.208.8:64002, udp.port=64002- running=true - message={"MsgSeqID":1233442,"MsgName":"GetStationATSRsp","MsgInfo":{"Code":10011,"StationATSInfos":[{"TrainGroupNumber":"211","ServiceNumber":"000","TrainCrewNumber":"000","TrainPosition":"1","TrainRunningPosition":"1","RailName":"T1206","StationID":"012","TerminalStationID":"000","DestinationID":"000"},{"TrainGroupNumber":"212","ServiceNumber":"000","TrainCrewNumber":"000","TrainPosition":"1","TrainRunningPosition":"1","RailName":"T1212","StationID":"012","TerminalStationID":"000","DestinationID":"000"}]}}
10-11 15:47:51.522  4965  5038 I APP_LogUtils.kt: [(LogUtils.kt:50).i()] [UdpDisServices] udp receive - api receive data disApi, udp service id=186 - running=true  - ip=/172.2.208.8 - port=64002 - message={"MsgSeqID":1233442,"MsgName":"GetStationATSRsp","MsgInfo":{"Code":10011,"StationATSInfos":[{"TrainGroupNumber":"211","ServiceNumber":"000","TrainCrewNumber":"000","TrainPosition":"1","TrainRunningPosition":"1","RailName":"T1206","StationID":"012","TerminalStationID":"000","DestinationID":"000"},{"TrainGroupNumber":"212","ServiceNumber":"000","TrainCrewNumber":"000","TrainPosition":"1","TrainRunningPosition":"1","RailName":"T1212","StationID":"012","TerminalStationID":"000","DestinationID":"000"}]}}
10-11 15:47:51.522  4965  4965 D MainActivity: onMessageEvent  -- gginit: disApi, id=1---event={"MsgSeqID":1233442,"MsgName":"GetStationATSRsp","MsgInfo":{"Code":10011,"StationATSInfos":[{"TrainGroupNumber":"211","ServiceNumber":"000","TrainCrewNumber":"000","TrainPosition":"1","TrainRunningPosition":"1","RailName":"T1206","StationID":"012","TerminalStationID":"000","DestinationID":"000"},{"TrainGroupNumber":"212","ServiceNumber":"000","TrainCrewNumber":"000","TrainPosition":"1","TrainRunningPosition":"1","RailName":"T1212","StationID":"012","TerminalStationID":"000","DestinationID":"000"}]}}
10-11 15:47:51.522  4965  4965 D MainViewModel: 1processDisApi: disApi, id=1
10-11 15:47:51.522  4965  5038 D UdpDisServices: udp receive - api receive data disApi, udp service id=186  - udp.packet.address=/172.2.208.8, udp.pack.socketAddress=/172.2.208.8:64002, udp.port=64002- running=true - message={"MsgSeqID":1233443,"MsgName":"DisReceivedNotify","MsgInfo":{"AppMsgSeqID":3453,"Code":10001}}
10-11 15:47:51.523  4965  4986 D LogWriteUtil.class=LogFileHandlerThread.class: 1getFilePath: logFormat=2022-10-11, LogWriteUtil.logPathDir=/custom/metro/log
10-11 15:47:51.523  4965  4986 D LogWriteUtil.class=LogFileHandlerThread.class: 2getFilePath: filePath=/custom/metro/log/2022-10-11
10-11 15:47:51.523  4965  6850 D DisApiSingletonReceive: processingData: disApi, id=364 - data={"MsgSeqID":1233442,"MsgName":"GetStationATSRsp","MsgInfo":{"Code":10011,"StationATSInfos":[{"TrainGroupNumber":"211","ServiceNumber":"000","TrainCrewNumber":"000","TrainPosition":"1","TrainRunningPosition":"1","RailName":"T1206","StationID":"012","TerminalStationID":"000","DestinationID":"000"},{"TrainGroupNumber":"212","ServiceNumber":"000","TrainCrewNumber":"000","TrainPosition":"1","TrainRunningPosition":"1","RailName":"T1212","StationID":"012","TerminalStationID":"000","DestinationID":"000"}]}}
10-11 15:47:51.523  4965  4986 D LogWriteUtil.class=LogFileHandlerThread.class: 1getCurrentFileName: LogWriteUtil.logfile=app.log
10-11 15:47:51.524  4965  4986 D LogWriteUtil.class=LogFileHandlerThread.class: 1getFilePath: logFormat=2022-10-11, LogWriteUtil.logPathDir=/custom/metro/log
10-11 15:47:51.524  4965  4986 D LogWriteUtil.class=LogFileHandlerThread.class: 2getFilePath: filePath=/custom/metro/log/2022-10-11
10-11 15:47:51.525  4965  4986 D LogWriteUtil.class=LogFileHandlerThread.class: getFileNameSuffix: file=/custom/metro/log/2022-10-11
10-11 15:47:51.525  4965  4986 D LogWriteUtil.class=LogFileHandlerThread.class: 2getCurrentFileName: index=3, LogWriteUtil.logfile=app.log, getFileNameSuffix=8
10-11 15:47:51.526  4965  5038 I APP_LogUtils.kt: [(LogUtils.kt:50).i()] [UdpDisServices] udp receive - api receive data disApi, udp service id=186 - running=true  - ip=/172.2.208.8 - port=64002 - message={"MsgSeqID":1233443,"MsgName":"DisReceivedNotify","MsgInfo":{"AppMsgSeqID":3453,"Code":10001}}
10-11 15:47:51.526  4965  6850 D DisApiSingletonReceive: parseStationAtsData: atsInfo=com.gbcom.library_base.data.StationAtsApiData@b167189
10-11 15:47:51.526  4965  4965 D MainActivity: onMessageEvent  -- gginit: disApi, id=1---event={"MsgSeqID":1233443,"MsgName":"DisReceivedNotify","MsgInfo":{"AppMsgSeqID":3453,"Code":10001}}
10-11 15:47:51.526  4965  4986 D LogWriteUtil.class=LogFileHandlerThread.class: 1getFilePath: logFormat=2022-10-11, LogWriteUtil.logPathDir=/custom/metro/log
10-11 15:47:51.526  4965  4965 D MainViewModel: 1processDisApi: disApi, id=1
10-11 15:47:51.526  4965  4986 D LogWriteUtil.class=LogFileHandlerThread.class: 2getFilePath: filePath=/custom/metro/log/2022-10-11
10-11 15:47:51.527  4965  4986 D LogWriteUtil.class=LogFileHandlerThread.class: getFileNameSuffix: file=/custom/metro/log/2022-10-11
10-11 15:47:51.527  4965  6850 D BtrunCConfig: isR2Nubmer is true
10-11 15:47:51.527  4965  6850 D com.ztegota.system.GotaSystem: getMdn +866022012
10-11 15:47:51.527  4965  6850 D TAG     : getUserId: userId2=+866022012
10-11 15:47:51.527  4965  6850 D BtrunCConfig: isR2Nubmer is true
10-11 15:47:51.527  4965  6850 D com.ztegota.system.GotaSystem: getMdn +866022012
10-11 15:47:51.527  4965  6850 D TAG     : getUserId: userId2=+866022012
10-11 15:47:51.527  4965  4986 D LogWriteUtil.class=LogFileHandlerThread.class: 3getCurrentFileName: logFileName=app8.log
10-11 15:47:51.527  4965  4986 D LogWriteUtil.class=LogFileHandlerThread.class: 1,initFile: getFilePath()=/custom/metro/log/2022-10-11, getCurrentFileName=app8.log
10-11 15:47:51.527  4965  7222 D DisApiSingletonReceive: processingData: disApi, id=372 - data={"MsgSeqID":1233443,"MsgName":"DisReceivedNotify","MsgInfo":{"AppMsgSeqID":3453,"Code":10001}}
10-11 15:47:51.528  4965  4986 D LogWriteUtil.class=LogFileHandlerThread.class: 1getFilePath: logFormat=2022-10-11, LogWriteUtil.logPathDir=/custom/metro/log
10-11 15:47:51.528  4965  4986 D LogWriteUtil.class=LogFileHandlerThread.class: 2getFilePath: filePath=/custom/metro/log/2022-10-11
10-11 15:47:51.528  4965  4986 D LogWriteUtil.class=LogFileHandlerThread.class: 1getCurrentFileName: LogWriteUtil.logfile=app.log
10-11 15:47:51.529  4965  7222 D DisApiSingletonReceive: processingDisReceivedNotify: info=DisReceivedNotifyApiData(msgName=DisReceivedNotify, msgSeqID=1233443, msgInfo=ReceivedNotifyData(appMsgSeqID=0, code=10001))
10-11 15:47:51.529  4965  4986 D LogWriteUtil.class=LogFileHandlerThread.class: 1getFilePath: logFormat=2022-10-11, LogWriteUtil.logPathDir=/custom/metro/log
10-11 15:47:51.529  4965  4986 D LogWriteUtil.class=LogFileHandlerThread.class: 2getFilePath: filePath=/custom/metro/log/2022-10-11
10-11 15:47:51.530  4965  4986 D LogWriteUtil.class=LogFileHandlerThread.class: getFileNameSuffix: file=/custom/metro/log/2022-10-11
10-11 15:47:51.530  4965  4986 D LogWriteUtil.class=LogFileHandlerThread.class: 2getCurrentFileName: index=3, LogWriteUtil.logfile=app.log, getFileNameSuffix=8
10-11 15:47:51.531  4965  4986 D LogWriteUtil.class=LogFileHandlerThread.class: 1getFilePath: logFormat=2022-10-11, LogWriteUtil.logPathDir=/custom/metro/log
10-11 15:47:51.531  4965  4986 D LogWriteUtil.class=LogFileHandlerThread.class: 2getFilePath: filePath=/custom/metro/log/2022-10-11
10-11 15:47:51.531  4965  4986 D LogWriteUtil.class=LogFileHandlerThread.class: getFileNameSuffix: file=/custom/metro/log/2022-10-11
10-11 15:47:51.532  4965  4986 D LogWriteUtil.class=LogFileHandlerThread.class: 3getCurrentFileName: logFileName=app8.log
10-11 15:47:51.532  4965  4986 D LogWriteUtil.class=LogFileHandlerThread.class: 1getCurrentFileName: LogWriteUtil.logfile=app.log
10-11 15:47:51.533  4965  4986 D LogWriteUtil.class=LogFileHandlerThread.class: 1getFilePath: logFormat=2022-10-11, LogWriteUtil.logPathDir=/custom/metro/log
10-11 15:47:51.533  4965  4986 D LogWriteUtil.class=LogFileHandlerThread.class: 2getFilePath: filePath=/custom/metro/log/2022-10-11
10-11 15:47:51.533  4965  4986 D LogWriteUtil.class=LogFileHandlerThread.class: getFileNameSuffix: file=/custom/metro/log/2022-10-11
10-11 15:47:51.533  4965  4986 D LogWriteUtil.class=LogFileHandlerThread.class: 2getCurrentFileName: index=3, LogWriteUtil.logfile=app.log, getFileNameSuffix=8
10-11 15:47:51.534  4965  4986 D LogWriteUtil.class=LogFileHandlerThread.class: 1getFilePath: logFormat=2022-10-11, LogWriteUtil.logPathDir=/custom/metro/log
10-11 15:47:51.534  4965  4986 D LogWriteUtil.class=LogFileHandlerThread.class: 2getFilePath: filePath=/custom/metro/log/2022-10-11
10-11 15:47:51.535  4965  4986 D LogWriteUtil.class=LogFileHandlerThread.class: getFileNameSuffix: file=/custom/metro/log/2022-10-11
10-11 15:47:51.535  4965  4986 D LogWriteUtil.class=LogFileHandlerThread.class: 3getCurrentFileName: logFileName=app8.log
10-11 15:47:51.535  4965  4986 D TAG     : 2,initFile: /custom/metro/log/2022-10-11/app8.log, logFile.length=1398365, getCurrentFileName()=app8.log, writeFileName=/custom/metro/log/2022-10-11/app8.log
10-11 15:47:51.535  4965  4986 D LogWriteUtil.class=LogFileHandlerThread.class: 8,initFile: logFile=/custom/metro/log/2022-10-11/app8.log, logFile.length=1398365
10-11 15:47:51.537  4965  4986 D LogWriteUtil.class=LogFileHandlerThread.class: 1getFilePath: logFormat=2022-10-11, LogWriteUtil.logPathDir=/custom/metro/log
10-11 15:47:51.537  4965  4986 D LogWriteUtil.class=LogFileHandlerThread.class: 2getFilePath: filePath=/custom/metro/log/2022-10-11
10-11 15:47:51.538  4965  4986 D LogWriteUtil.class=LogFileHandlerThread.class: 1getCurrentFileName: LogWriteUtil.logfile=app.log
10-11 15:47:51.538  4965  4986 D LogWriteUtil.class=LogFileHandlerThread.class: 1getFilePath: logFormat=2022-10-11, LogWriteUtil.logPathDir=/custom/metro/log
10-11 15:47:51.538  4965  4986 D LogWriteUtil.class=LogFileHandlerThread.class: 2getFilePath: filePath=/custom/metro/log/2022-10-11
10-11 15:47:51.538  4965  4986 D LogWriteUtil.class=LogFileHandlerThread.class: getFileNameSuffix: file=/custom/metro/log/2022-10-11
10-11 15:47:51.539  4965  4986 D LogWriteUtil.class=LogFileHandlerThread.class: 2getCurrentFileName: index=3, LogWriteUtil.logfile=app.log, getFileNameSuffix=8
10-11 15:47:51.540  4965  4986 D LogWriteUtil.class=LogFileHandlerThread.class: 1getFilePath: logFormat=2022-10-11, LogWriteUtil.logPathDir=/custom/metro/log
10-11 15:47:51.540  4965  4986 D LogWriteUtil.class=LogFileHandlerThread.class: 2getFilePath: filePath=/custom/metro/log/2022-10-11
10-11 15:47:51.540  4965  4986 D LogWriteUtil.class=LogFileHandlerThread.class: getFileNameSuffix: file=/custom/metro/log/2022-10-11
10-11 15:47:51.540  4965  4986 D LogWriteUtil.class=LogFileHandlerThread.class: 3getCurrentFileName: logFileName=app8.log
10-11 15:47:51.541  4965  4986 D LogWriteUtil.class=LogFileHandlerThread.class: 1,initFile: getFilePath()=/custom/metro/log/2022-10-11, getCurrentFileName=app8.log
10-11 15:47:51.542  4965  4986 D LogWriteUtil.class=LogFileHandlerThread.class: 1getFilePath: logFormat=2022-10-11, LogWriteUtil.logPathDir=/custom/metro/log
10-11 15:47:51.542  4965  4986 D LogWriteUtil.class=LogFileHandlerThread.class: 2getFilePath: filePath=/custom/metro/log/2022-10-11
10-11 15:47:51.542  4965  4986 D LogWriteUtil.class=LogFileHandlerThread.class: 1getCurrentFileName: LogWriteUtil.logfile=app.log
10-11 15:47:51.543  4965  4986 D LogWriteUtil.class=LogFileHandlerThread.class: 1getFilePath: logFormat=2022-10-11, LogWriteUtil.logPathDir=/custom/metro/log
10-11 15:47:51.543  4965  4986 D LogWriteUtil.class=LogFileHandlerThread.class: 2getFilePath: filePath=/custom/metro/log/2022-10-11
10-11 15:47:51.543  4965  4986 D LogWriteUtil.class=LogFileHandlerThread.class: getFileNameSuffix: file=/custom/metro/log/2022-10-11
10-11 15:47:51.544  4965  4986 D LogWriteUtil.class=LogFileHandlerThread.class: 2getCurrentFileName: index=3, LogWriteUtil.logfile=app.log, getFileNameSuffix=8
10-11 15:47:51.544  4965  4986 D LogWriteUtil.class=LogFileHandlerThread.class: 1getFilePath: logFormat=2022-10-11, LogWriteUtil.logPathDir=/custom/metro/log
10-11 15:47:51.544  4965  4986 D LogWriteUtil.class=LogFileHandlerThread.class: 2getFilePath: filePath=/custom/metro/log/2022-10-11
10-11 15:47:51.545  4965  4986 D LogWriteUtil.class=LogFileHandlerThread.class: getFileNameSuffix: file=/custom/metro/log/2022-10-11
10-11 15:47:51.546  4965  4986 D LogWriteUtil.class=LogFileHandlerThread.class: 3getCurrentFileName: logFileName=app8.log
10-11 15:47:51.546  4965  4986 D LogWriteUtil.class=LogFileHandlerThread.class: 1getCurrentFileName: LogWriteUtil.logfile=app.log
10-11 15:47:51.546  4965  4965 D IndexFragment: initView: applyFxData() - ats=[StationAts(createTime=1665474471, trainGroupNumber=211, serviceNumber=000, trainCrewNumber=000, trainPosition=1, trainRunningPosition=1, railName=T1206, stationID=012, terminalStationID=000, destinationID=000, identityID=+866022012), StationAts(createTime=1665474471, trainGroupNumber=212, serviceNumber=000, trainCrewNumber=000, trainPosition=1, trainRunningPosition=1, railName=T1212, stationID=012, terminalStationID=000, destinationID=000, identityID=+866022012)]
10-11 15:47:51.547  4965  4986 D LogWriteUtil.class=LogFileHandlerThread.class: 1getFilePath: logFormat=2022-10-11, LogWriteUtil.logPathDir=/custom/metro/log
10-11 15:47:51.547  4965  4986 D LogWriteUtil.class=LogFileHandlerThread.class: 2getFilePath: filePath=/custom/metro/log/2022-10-11
10-11 15:47:51.547  4965  4986 D LogWriteUtil.class=LogFileHandlerThread.class: getFileNameSuffix: file=/custom/metro/log/2022-10-11
10-11 15:47:51.548  4965  4986 D LogWriteUtil.class=LogFileHandlerThread.class: 2getCurrentFileName: index=3, LogWriteUtil.logfile=app.log, getFileNameSuffix=8
10-11 15:47:51.549  4965  4986 D LogWriteUtil.class=LogFileHandlerThread.class: 1getFilePath: logFormat=2022-10-11, LogWriteUtil.logPathDir=/custom/metro/log
10-11 15:47:51.549  4965  4986 D LogWriteUtil.class=LogFileHandlerThread.class: 2getFilePath: filePath=/custom/metro/log/2022-10-11
10-11 15:47:51.549  4965  4986 D LogWriteUtil.class=LogFileHandlerThread.class: getFileNameSuffix: file=/custom/metro/log/2022-10-11
10-11 15:47:51.549  4965  4986 D LogWriteUtil.class=LogFileHandlerThread.class: 3getCurrentFileName: logFileName=app8.log
10-11 15:47:51.550  4965  4986 D TAG     : 2,initFile: /custom/metro/log/2022-10-11/app8.log, logFile.length=1399050, getCurrentFileName()=app8.log, writeFileName=/custom/metro/log/2022-10-11/app8.log
10-11 15:47:51.550  4965  4986 D LogWriteUtil.class=LogFileHandlerThread.class: 8,initFile: logFile=/custom/metro/log/2022-10-11/app8.log, logFile.length=1399050
10-11 15:47:51.567  4965  5038 D UdpDisServices: udp receive - api receive data disApi, udp service id=186  - udp.packet.address=/172.2.208.8, udp.pack.socketAddress=/172.2.208.8:64002, udp.port=64002- running=true - message={"MsgSeqID":1233423,"MsgName":"GetStationATSRsp","MsgInfo":{"Code":10011,"StationATSInfos":[{"TrainGroupNumber":"211","ServiceNumber":"000","TrainCrewNumber":"000","TrainPosition":"1","TrainRunningPosition":"1","RailName":"T1206","StationID":"012","TerminalStationID":"000","DestinationID":"000"},{"TrainGroupNumber":"212","ServiceNumber":"000","TrainCrewNumber":"000","TrainPosition":"1","TrainRunningPosition":"1","RailName":"T1212","StationID":"012","TerminalStationID":"000","DestinationID":"000"}]}}
