10-11 16:09:38.075  3867  3867 D MainActivity: onMessageEvent  -- gginit: disApi, id=1---event={"MsgSeqID":1240277,"MsgName":"DisReceivedNotify","MsgInfo":{"AppMsgSeqID":12,"Code":10001}}
10-11 16:09:38.076  3867  3867 D MainViewModel: 1processDisApi: disApi, id=1
10-11 16:09:38.076  3867  3888 D LogWriteUtil.class=LogFileHandlerThread.class: 1getFilePath: logFormat=2022-10-11, LogWriteUtil.logPathDir=/custom/metro/log
10-11 16:09:38.076  3867  3888 D LogWriteUtil.class=LogFileHandlerThread.class: 2getFilePath: filePath=/custom/metro/log/2022-10-11
10-11 16:09:38.076  3867  3888 D LogWriteUtil.class=LogFileHandlerThread.class: getFileNameSuffix: file=/custom/metro/log/2022-10-11
10-11 16:09:38.076  3867  3888 D LogWriteUtil.class=LogFileHandlerThread.class: 2getCurrentFileName: index=3, LogWriteUtil.logfile=app.log, getFileNameSuffix=11
10-11 16:09:38.077  3867  3955 D DisApiSingletonReceive: processingData: disApi, id=92 - data={"MsgSeqID":1240277,"MsgName":"DisReceivedNotify","MsgInfo":{"AppMsgSeqID":12,"Code":10001}}
10-11 16:09:38.077  3867  3888 D LogWriteUtil.class=LogFileHandlerThread.class: 1getFilePath: logFormat=2022-10-11, LogWriteUtil.logPathDir=/custom/metro/log
10-11 16:09:38.077  3867  3888 D LogWriteUtil.class=LogFileHandlerThread.class: 2getFilePath: filePath=/custom/metro/log/2022-10-11
10-11 16:09:38.077  3867  3888 D LogWriteUtil.class=LogFileHandlerThread.class: getFileNameSuffix: file=/custom/metro/log/2022-10-11
10-11 16:09:38.078  3867  3888 D LogWriteUtil.class=LogFileHandlerThread.class: 3getCurrentFileName: logFileName=app11.log
10-11 16:09:38.078  3867  3888 D TAG     : 2,initFile: /custom/metro/log/2022-10-11/app11.log, logFile.length=0, getCurrentFileName()=app11.log, writeFileName=/custom/metro/log/2022-10-11/app10.log
10-11 16:09:38.078  3867  3888 D LogWriteUtil.class=LogFileHandlerThread.class: 8,initFile: logFile=/custom/metro/log/2022-10-11/app11.log, logFile.length=0
10-11 16:09:38.079  3867  3888 D LogWriteUtil.class=LogFileHandlerThread.class: 1getFilePath: logFormat=2022-10-11, LogWriteUtil.logPathDir=/custom/metro/log
10-11 16:09:38.079  3867  3888 D LogWriteUtil.class=LogFileHandlerThread.class: 2getFilePath: filePath=/custom/metro/log/2022-10-11
10-11 16:09:38.079  3867  3888 D LogWriteUtil.class=LogFileHandlerThread.class: 1getCurrentFileName: LogWriteUtil.logfile=app.log
10-11 16:09:38.080  3867  3888 D LogWriteUtil.class=LogFileHandlerThread.class: 1getFilePath: logFormat=2022-10-11, LogWriteUtil.logPathDir=/custom/metro/log
10-11 16:09:38.080  3867  3888 D LogWriteUtil.class=LogFileHandlerThread.class: 2getFilePath: filePath=/custom/metro/log/2022-10-11
10-11 16:09:38.080  3867  3888 D LogWriteUtil.class=LogFileHandlerThread.class: getFileNameSuffix: file=/custom/metro/log/2022-10-11
10-11 16:09:38.081  3867  3888 D LogWriteUtil.class=LogFileHandlerThread.class: 2getCurrentFileName: index=3, LogWriteUtil.logfile=app.log, getFileNameSuffix=11
10-11 16:09:38.082  3867  3888 D LogWriteUtil.class=LogFileHandlerThread.class: 1getFilePath: logFormat=2022-10-11, LogWriteUtil.logPathDir=/custom/metro/log
10-11 16:09:38.082  3867  3888 D LogWriteUtil.class=LogFileHandlerThread.class: 2getFilePath: filePath=/custom/metro/log/2022-10-11
10-11 16:09:38.082  3867  3888 D LogWriteUtil.class=LogFileHandlerThread.class: getFileNameSuffix: file=/custom/metro/log/2022-10-11
10-11 16:09:38.083  3867  3888 D LogWriteUtil.class=LogFileHandlerThread.class: 3getCurrentFileName: logFileName=app11.log
10-11 16:09:38.083  3867  3888 D LogWriteUtil.class=LogFileHandlerThread.class: 1,initFile: getFilePath()=/custom/metro/log/2022-10-11, getCurrentFileName=app11.log
10-11 16:09:38.083  3867  3888 D LogWriteUtil.class=LogFileHandlerThread.class: 1getFilePath: logFormat=2022-10-11, LogWriteUtil.logPathDir=/custom/metro/log
10-11 16:09:38.083  3867  3888 D LogWriteUtil.class=LogFileHandlerThread.class: 2getFilePath: filePath=/custom/metro/log/2022-10-11
10-11 16:09:38.083  3867  3888 D LogWriteUtil.class=LogFileHandlerThread.class: 1getCurrentFileName: LogWriteUtil.logfile=app.log
10-11 16:09:38.083  3867  3955 D DisApiSingletonReceive: processingDisReceivedNotify: info=DisReceivedNotifyApiData(msgName=DisReceivedNotify, msgSeqID=1240277, msgInfo=ReceivedNotifyData(appMsgSeqID=0, code=10001))
10-11 16:09:38.084  3867  3888 D LogWriteUtil.class=LogFileHandlerThread.class: 1getFilePath: logFormat=2022-10-11, LogWriteUtil.logPathDir=/custom/metro/log
10-11 16:09:38.084  3867  3888 D LogWriteUtil.class=LogFileHandlerThread.class: 2getFilePath: filePath=/custom/metro/log/2022-10-11
10-11 16:09:38.084  3867  3888 D LogWriteUtil.class=LogFileHandlerThread.class: getFileNameSuffix: file=/custom/metro/log/2022-10-11
10-11 16:09:38.084  3867  3888 D LogWriteUtil.class=LogFileHandlerThread.class: 2getCurrentFileName: index=3, LogWriteUtil.logfile=app.log, getFileNameSuffix=11
10-11 16:09:38.085  3867  3888 D LogWriteUtil.class=LogFileHandlerThread.class: 1getFilePath: logFormat=2022-10-11, LogWriteUtil.logPathDir=/custom/metro/log
10-11 16:09:38.085  3867  3888 D LogWriteUtil.class=LogFileHandlerThread.class: 2getFilePath: filePath=/custom/metro/log/2022-10-11
10-11 16:09:38.085  3867  3888 D LogWriteUtil.class=LogFileHandlerThread.class: getFileNameSuffix: file=/custom/metro/log/2022-10-11
10-11 16:09:38.085  3867  3888 D LogWriteUtil.class=LogFileHandlerThread.class: 3getCurrentFileName: logFileName=app11.log
10-11 16:09:38.086  3867  3888 D LogWriteUtil.class=LogFileHandlerThread.class: 1getCurrentFileName: LogWriteUtil.logfile=app.log
10-11 16:09:38.086  3867  3888 D LogWriteUtil.class=LogFileHandlerThread.class: 1getFilePath: logFormat=2022-10-11, LogWriteUtil.logPathDir=/custom/metro/log
10-11 16:09:38.086  3867  3888 D LogWriteUtil.class=LogFileHandlerThread.class: 2getFilePath: filePath=/custom/metro/log/2022-10-11
10-11 16:09:38.086  3867  3888 D LogWriteUtil.class=LogFileHandlerThread.class: getFileNameSuffix: file=/custom/metro/log/2022-10-11
10-11 16:09:38.087  3867  3888 D LogWriteUtil.class=LogFileHandlerThread.class: 2getCurrentFileName: index=3, LogWriteUtil.logfile=app.log, getFileNameSuffix=11
10-11 16:09:38.087  3867  3888 D LogWriteUtil.class=LogFileHandlerThread.class: 1getFilePath: logFormat=2022-10-11, LogWriteUtil.logPathDir=/custom/metro/log
10-11 16:09:38.087  3867  3888 D LogWriteUtil.class=LogFileHandlerThread.class: 2getFilePath: filePath=/custom/metro/log/2022-10-11
10-11 16:09:38.088  3867  3888 D LogWriteUtil.class=LogFileHandlerThread.class: getFileNameSuffix: file=/custom/metro/log/2022-10-11
10-11 16:09:38.088  3867  3888 D LogWriteUtil.class=LogFileHandlerThread.class: 3getCurrentFileName: logFileName=app11.log
10-11 16:09:38.088  3867  3888 D TAG     : 2,initFile: /custom/metro/log/2022-10-11/app11.log, logFile.length=0, getCurrentFileName()=app11.log, writeFileName=/custom/metro/log/2022-10-11/app10.log
10-11 16:09:38.088  3867  3888 D LogWriteUtil.class=LogFileHandlerThread.class: 8,initFile: logFile=/custom/metro/log/2022-10-11/app11.log, logFile.length=0
10-11 16:09:38.089  3867  3888 D LogWriteUtil.class=LogFileHandlerThread.class: 1getFilePath: logFormat=2022-10-11, LogWriteUtil.logPathDir=/custom/metro/log
10-11 16:09:38.090  3867  3888 D LogWriteUtil.class=LogFileHandlerThread.class: 2getFilePath: filePath=/custom/metro/log/2022-10-11
10-11 16:09:38.090  3867  3888 D LogWriteUtil.class=LogFileHandlerThread.class: 1getCurrentFileName: LogWriteUtil.logfile=app.log
10-11 16:09:38.090  3867  3888 D LogWriteUtil.class=LogFileHandlerThread.class: 1getFilePath: logFormat=2022-10-11, LogWriteUtil.logPathDir=/custom/metro/log
10-11 16:09:38.090  3867  3888 D LogWriteUtil.class=LogFileHandlerThread.class: 2getFilePath: filePath=/custom/metro/log/2022-10-11
10-11 16:09:38.091  3867  3888 D LogWriteUtil.class=LogFileHandlerThread.class: getFileNameSuffix: file=/custom/metro/log/2022-10-11
10-11 16:09:38.091  3867  3888 D LogWriteUtil.class=LogFileHandlerThread.class: 2getCurrentFileName: index=3, LogWriteUtil.logfile=app.log, getFileNameSuffix=11
10-11 16:09:38.092  3867  3888 D LogWriteUtil.class=LogFileHandlerThread.class: 1getFilePath: logFormat=2022-10-11, LogWriteUtil.logPathDir=/custom/metro/log
10-11 16:09:38.092  3867  3888 D LogWriteUtil.class=LogFileHandlerThread.class: 2getFilePath: filePath=/custom/metro/log/2022-10-11
10-11 16:09:38.092  3867  3888 D LogWriteUtil.class=LogFileHandlerThread.class: getFileNameSuffix: file=/custom/metro/log/2022-10-11
10-11 16:09:38.092  3867  3888 D LogWriteUtil.class=LogFileHandlerThread.class: 3getCurrentFileName: logFileName=app11.log
10-11 16:09:38.092  3867  3888 D LogWriteUtil.class=LogFileHandlerThread.class: 1,initFile: getFilePath()=/custom/metro/log/2022-10-11, getCurrentFileName=app11.log
10-11 16:09:38.093  3867  3888 D LogWriteUtil.class=LogFileHandlerThread.class: 1getFilePath: logFormat=2022-10-11, LogWriteUtil.logPathDir=/custom/metro/log
10-11 16:09:38.093  3867  3888 D LogWriteUtil.class=LogFileHandlerThread.class: 2getFilePath: filePath=/custom/metro/log/2022-10-11
10-11 16:09:38.093  3867  3888 D LogWriteUtil.class=LogFileHandlerThread.class: 1getCurrentFileName: LogWriteUtil.logfile=app.log
10-11 16:09:38.094  3867  3888 D LogWriteUtil.class=LogFileHandlerThread.class: 1getFilePath: logFormat=2022-10-11, LogWriteUtil.logPathDir=/custom/metro/log
10-11 16:09:38.094  3867  3888 D LogWriteUtil.class=LogFileHandlerThread.class: 2getFilePath: filePath=/custom/metro/log/2022-10-11
10-11 16:09:38.094  3867  3888 D LogWriteUtil.class=LogFileHandlerThread.class: getFileNameSuffix: file=/custom/metro/log/2022-10-11
10-11 16:09:38.094  3867  3888 D LogWriteUtil.class=LogFileHandlerThread.class: 2getCurrentFileName: index=3, LogWriteUtil.logfile=app.log, getFileNameSuffix=11
10-11 16:09:38.095  3867  3888 D LogWriteUtil.class=LogFileHandlerThread.class: 1getFilePath: logFormat=2022-10-11, LogWriteUtil.logPathDir=/custom/metro/log
10-11 16:09:38.095  3867  3888 D LogWriteUtil.class=LogFileHandlerThread.class: 2getFilePath: filePath=/custom/metro/log/2022-10-11
10-11 16:09:38.095  3867  3888 D LogWriteUtil.class=LogFileHandlerThread.class: getFileNameSuffix: file=/custom/metro/log/2022-10-11
10-11 16:09:38.095  3867  3888 D LogWriteUtil.class=LogFileHandlerThread.class: 3getCurrentFileName: logFileName=app11.log
10-11 16:09:38.095  3867  3888 D LogWriteUtil.class=LogFileHandlerThread.class: 1getCurrentFileName: LogWriteUtil.logfile=app.log
10-11 16:09:38.096  3867  3888 D LogWriteUtil.class=LogFileHandlerThread.class: 1getFilePath: logFormat=2022-10-11, LogWriteUtil.logPathDir=/custom/metro/log
10-11 16:09:38.097  3867  3888 D LogWriteUtil.class=LogFileHandlerThread.class: 2getFilePath: filePath=/custom/metro/log/2022-10-11
10-11 16:09:38.097  3867  3888 D LogWriteUtil.class=LogFileHandlerThread.class: getFileNameSuffix: file=/custom/metro/log/2022-10-11
10-11 16:09:38.097  3867  3888 D LogWriteUtil.class=LogFileHandlerThread.class: 2getCurrentFileName: index=3, LogWriteUtil.logfile=app.log, getFileNameSuffix=11
10-11 16:09:38.098  3867  3888 D LogWriteUtil.class=LogFileHandlerThread.class: 1getFilePath: logFormat=2022-10-11, LogWriteUtil.logPathDir=/custom/metro/log
10-11 16:09:38.098  3867  3888 D LogWriteUtil.class=LogFileHandlerThread.class: 2getFilePath: filePath=/custom/metro/log/2022-10-11
10-11 16:09:38.098  3867  3888 D LogWriteUtil.class=LogFileHandlerThread.class: getFileNameSuffix: file=/custom/metro/log/2022-10-11
10-11 16:09:38.098  3867  3888 D LogWriteUtil.class=LogFileHandlerThread.class: 3getCurrentFileName: logFileName=app11.log
10-11 16:09:38.099  3867  3888 D TAG     : 2,initFile: /custom/metro/log/2022-10-11/app11.log, logFile.length=0, getCurrentFileName()=app11.log, writeFileName=/custom/metro/log/2022-10-11/app10.log
10-11 16:09:38.099  3867  3888 D LogWriteUtil.class=LogFileHandlerThread.class: 8,initFile: logFile=/custom/metro/log/2022-10-11/app11.log, logFile.length=0
10-11 16:09:38.128  3867  3931 D UdpDisServices: udp receive - api receive data disApi, udp service id=78  - udp.packet.address=/172.2.208.8, udp.pack.socketAddress=/172.2.208.8:64002, udp.port=64002- running=true - message={"MsgSeqID":1240278,"MsgName":"GetStationATSRsp","MsgInfo":{"Code":10011,"StationATSInfos":[{"TrainGroupNumber":"212","ServiceNumber":"000","TrainCrewNumber":"000","TrainPosition":"1","TrainRunningPosition":"1","RailName":"T1212","StationID":"012","TerminalStationID":"000","DestinationID":"000"}]}}
10-11 16:09:38.129  3867  3931 I APP_LogUtils.kt: [(LogUtils.kt:50).i()] [UdpDisServices] udp receive - api receive data disApi, udp service id=78 - running=true  - ip=/172.2.208.8 - port=64002 - message={"MsgSeqID":1240278,"MsgName":"GetStationATSRsp","MsgInfo":{"Code":10011,"StationATSInfos":[{"TrainGroupNumber":"212","ServiceNumber":"000","TrainCrewNumber":"000","TrainPosition":"1","TrainRunningPosition":"1","RailName":"T1212","StationID":"012","TerminalStationID":"000","DestinationID":"000"}]}}
10-11 16:09:38.130  3867  3867 D MainActivity: onMessageEvent  -- gginit: disApi, id=1---event={"MsgSeqID":1240278,"MsgName":"GetStationATSRsp","MsgInfo":{"Code":10011,"StationATSInfos":[{"TrainGroupNumber":"212","ServiceNumber":"000","TrainCrewNumber":"000","TrainPosition":"1","TrainRunningPosition":"1","RailName":"T1212","StationID":"012","TerminalStationID":"000","DestinationID":"000"}]}}
10-11 16:09:38.130  3867  3867 D MainViewModel: 1processDisApi: disApi, id=1
10-11 16:09:38.130  3867  3888 D LogWriteUtil.class=LogFileHandlerThread.class: 1getFilePath: logFormat=2022-10-11, LogWriteUtil.logPathDir=/custom/metro/log
10-11 16:09:38.130  3867  3888 D LogWriteUtil.class=LogFileHandlerThread.class: 2getFilePath: filePath=/custom/metro/log/2022-10-11
10-11 16:09:38.131  3867  3888 D LogWriteUtil.class=LogFileHandlerThread.class: 1getCurrentFileName: LogWriteUtil.logfile=app.log
10-11 16:09:38.131  3867  3888 D LogWriteUtil.class=LogFileHandlerThread.class: 1getFilePath: logFormat=2022-10-11, LogWriteUtil.logPathDir=/custom/metro/log
10-11 16:09:38.131  3867  3888 D LogWriteUtil.class=LogFileHandlerThread.class: 2getFilePath: filePath=/custom/metro/log/2022-10-11
10-11 16:09:38.131  3867  3888 D LogWriteUtil.class=LogFileHandlerThread.class: getFileNameSuffix: file=/custom/metro/log/2022-10-11
10-11 16:09:38.131  3867  3888 D LogWriteUtil.class=LogFileHandlerThread.class: 2getCurrentFileName: index=3, LogWriteUtil.logfile=app.log, getFileNameSuffix=11
10-11 16:09:38.132  3867  3955 D DisApiSingletonReceive: processingData: disApi, id=92 - data={"MsgSeqID":1240278,"MsgName":"GetStationATSRsp","MsgInfo":{"Code":10011,"StationATSInfos":[{"TrainGroupNumber":"212","ServiceNumber":"000","TrainCrewNumber":"000","TrainPosition":"1","TrainRunningPosition":"1","RailName":"T1212","StationID":"012","TerminalStationID":"000","DestinationID":"000"}]}}
10-11 16:09:38.132  3867  3888 D LogWriteUtil.class=LogFileHandlerThread.class: 1getFilePath: logFormat=2022-10-11, LogWriteUtil.logPathDir=/custom/metro/log
10-11 16:09:38.132  3867  3888 D LogWriteUtil.class=LogFileHandlerThread.class: 2getFilePath: filePath=/custom/metro/log/2022-10-11
10-11 16:09:38.132  3867  3888 D LogWriteUtil.class=LogFileHandlerThread.class: getFileNameSuffix: file=/custom/metro/log/2022-10-11
10-11 16:09:38.132  3867  3888 D LogWriteUtil.class=LogFileHandlerThread.class: 3getCurrentFileName: logFileName=app11.log
10-11 16:09:38.132  3867  3888 D LogWriteUtil.class=LogFileHandlerThread.class: 1,initFile: getFilePath()=/custom/metro/log/2022-10-11, getCurrentFileName=app11.log
10-11 16:09:38.133  3867  3888 D LogWriteUtil.class=LogFileHandlerThread.class: 1getFilePath: logFormat=2022-10-11, LogWriteUtil.logPathDir=/custom/metro/log
10-11 16:09:38.133  3867  3888 D LogWriteUtil.class=LogFileHandlerThread.class: 2getFilePath: filePath=/custom/metro/log/2022-10-11
10-11 16:09:38.133  3867  3888 D LogWriteUtil.class=LogFileHandlerThread.class: 1getCurrentFileName: LogWriteUtil.logfile=app.log
10-11 16:09:38.133  3867  3888 D LogWriteUtil.class=LogFileHandlerThread.class: 1getFilePath: logFormat=2022-10-11, LogWriteUtil.logPathDir=/custom/metro/log
10-11 16:09:38.133  3867  3888 D LogWriteUtil.class=LogFileHandlerThread.class: 2getFilePath: filePath=/custom/metro/log/2022-10-11
10-11 16:09:38.133  3867  3888 D LogWriteUtil.class=LogFileHandlerThread.class: getFileNameSuffix: file=/custom/metro/log/2022-10-11
10-11 16:09:38.133  3867  3888 D LogWriteUtil.class=LogFileHandlerThread.class: 2getCurrentFileName: index=3, LogWriteUtil.logfile=app.log, getFileNameSuffix=11
10-11 16:09:38.134  3867  3888 D LogWriteUtil.class=LogFileHandlerThread.class: 1getFilePath: logFormat=2022-10-11, LogWriteUtil.logPathDir=/custom/metro/log
10-11 16:09:38.134  3867  3888 D LogWriteUtil.class=LogFileHandlerThread.class: 2getFilePath: filePath=/custom/metro/log/2022-10-11
10-11 16:09:38.134  3867  3888 D LogWriteUtil.class=LogFileHandlerThread.class: getFileNameSuffix: file=/custom/metro/log/2022-10-11
10-11 16:09:38.134  3867  3888 D LogWriteUtil.class=LogFileHandlerThread.class: 3getCurrentFileName: logFileName=app11.log
10-11 16:09:38.134  3867  3888 D LogWriteUtil.class=LogFileHandlerThread.class: 1getCurrentFileName: LogWriteUtil.logfile=app.log
10-11 16:09:38.135  3867  3888 D LogWriteUtil.class=LogFileHandlerThread.class: 1getFilePath: logFormat=2022-10-11, LogWriteUtil.logPathDir=/custom/metro/log
10-11 16:09:38.135  3867  3888 D LogWriteUtil.class=LogFileHandlerThread.class: 2getFilePath: filePath=/custom/metro/log/2022-10-11
10-11 16:09:38.135  3867  3888 D LogWriteUtil.class=LogFileHandlerThread.class: getFileNameSuffix: file=/custom/metro/log/2022-10-11
10-11 16:09:38.135  3867  3888 D LogWriteUtil.class=LogFileHandlerThread.class: 2getCurrentFileName: index=3, LogWriteUtil.logfile=app.log, getFileNameSuffix=11
10-11 16:09:38.135  3867  3888 D LogWriteUtil.class=LogFileHandlerThread.class: 1getFilePath: logFormat=2022-10-11, LogWriteUtil.logPathDir=/custom/metro/log
10-11 16:09:38.135  3867  3888 D LogWriteUtil.class=LogFileHandlerThread.class: 2getFilePath: filePath=/custom/metro/log/2022-10-11
10-11 16:09:38.135  3867  3888 D LogWriteUtil.class=LogFileHandlerThread.class: getFileNameSuffix: file=/custom/metro/log/2022-10-11
10-11 16:09:38.136  3867  3888 D LogWriteUtil.class=LogFileHandlerThread.class: 3getCurrentFileName: logFileName=app11.log
10-11 16:09:38.136  3867  3888 D TAG     : 2,initFile: /custom/metro/log/2022-10-11/app11.log, logFile.length=0, getCurrentFileName()=app11.log, writeFileName=/custom/metro/log/2022-10-11/app10.log
10-11 16:09:38.136  3867  3888 D LogWriteUtil.class=LogFileHandlerThread.class: 8,initFile: logFile=/custom/metro/log/2022-10-11/app11.log, logFile.length=0
10-11 16:09:38.139  3867  3955 D DisApiSingletonReceive: parseStationAtsData: atsInfo=com.gbcom.library_base.data.StationAtsApiData@268a137
10-11 16:09:38.140  3867  3955 D BtrunCConfig: isR2Nubmer is true
10-11 16:09:38.140  3867  3955 D com.ztegota.system.GotaSystem: getMdn +866022012
10-11 16:09:38.140  3867  3955 D TAG     : getUserId: userId2=+866022012
10-11 16:09:38.152  3867  3867 D IndexFragment: initView: applyFxData() - ats=[StationAts(createTime=1665475778, trainGroupNumber=212, serviceNumber=000, trainCrewNumber=000, trainPosition=1, trainRunningPosition=1, railName=T1212, stationID=012, terminalStationID=000, destinationID=000, identityID=+866022012)]
10-11 16:09:38.156  3867  3931 D UdpDisServices: udp receive - api receive data disApi, udp service id=78  - udp.packet.address=/172.2.208.8, udp.pack.socketAddress=/172.2.208.8:64002, udp.port=64002- running=true - message={"MsgSeqID":1240282,"MsgName":"DisReceivedNotify","MsgInfo":{"AppMsgSeqID":13,"Code":10001}}
10-11 16:09:38.157  3867  3931 I APP_LogUtils.kt: [(LogUtils.kt:50).i()] [UdpDisServices] udp receive - api receive data disApi, udp service id=78 - running=true  - ip=/172.2.208.8 - port=64002 - message={"MsgSeqID":1240282,"MsgName":"DisReceivedNotify","MsgInfo":{"AppMsgSeqID":13,"Code":10001}}
10-11 16:09:38.158  3867  3888 D LogWriteUtil.class=LogFileHandlerThread.class: 1getFilePath: logFormat=2022-10-11, LogWriteUtil.logPathDir=/custom/metro/log
10-11 16:09:38.159  3867  3888 D LogWriteUtil.class=LogFileHandlerThread.class: 2getFilePath: filePath=/custom/metro/log/2022-10-11
10-11 16:09:38.159  3867  3888 D LogWriteUtil.class=LogFileHandlerThread.class: 1getCurrentFileName: LogWriteUtil.logfile=app.log
10-11 16:09:38.159  3867  3888 D LogWriteUtil.class=LogFileHandlerThread.class: 1getFilePath: logFormat=2022-10-11, LogWriteUtil.logPathDir=/custom/metro/log
10-11 16:09:38.160  3867  3888 D LogWriteUtil.class=LogFileHandlerThread.class: 2getFilePath: filePath=/custom/metro/log/2022-10-11
10-11 16:09:38.160  3867  3888 D LogWriteUtil.class=LogFileHandlerThread.class: getFileNameSuffix: file=/custom/metro/log/2022-10-11
10-11 16:09:38.160  3867  3888 D LogWriteUtil.class=LogFileHandlerThread.class: 2getCurrentFileName: index=3, LogWriteUtil.logfile=app.log, getFileNameSuffix=11
10-11 16:09:38.161  3867  3888 D LogWriteUtil.class=LogFileHandlerThread.class: 1getFilePath: logFormat=2022-10-11, LogWriteUtil.logPathDir=/custom/metro/log
10-11 16:09:38.161  3867  3888 D LogWriteUtil.class=LogFileHandlerThread.class: 2getFilePath: filePath=/custom/metro/log/2022-10-11
10-11 16:09:38.161  3867  3888 D LogWriteUtil.class=LogFileHandlerThread.class: getFileNameSuffix: file=/custom/metro/log/2022-10-11
10-11 16:09:38.161  3867  3888 D LogWriteUtil.class=LogFileHandlerThread.class: 3getCurrentFileName: logFileName=app11.log
10-11 16:09:38.161  3867  3888 D LogWriteUtil.class=LogFileHandlerThread.class: 1,initFile: getFilePath()=/custom/metro/log/2022-10-11, getCurrentFileName=app11.log
10-11 16:09:38.162  3867  3888 D LogWriteUtil.class=LogFileHandlerThread.class: 1getFilePath: logFormat=2022-10-11, LogWriteUtil.logPathDir=/custom/metro/log
10-11 16:09:38.163  3867  3888 D LogWriteUtil.class=LogFileHandlerThread.class: 2getFilePath: filePath=/custom/metro/log/2022-10-11
10-11 16:09:38.163  3867  3888 D LogWriteUtil.class=LogFileHandlerThread.class: 1getCurrentFileName: LogWriteUtil.logfile=app.log
10-11 16:09:38.164  3867  3888 D LogWriteUtil.class=LogFileHandlerThread.class: 1getFilePath: logFormat=2022-10-11, LogWriteUtil.logPathDir=/custom/metro/log
10-11 16:09:38.164  3867  3888 D LogWriteUtil.class=LogFileHandlerThread.class: 2getFilePath: filePath=/custom/metro/log/2022-10-11
10-11 16:09:38.164  3867  3888 D LogWriteUtil.class=LogFileHandlerThread.class: getFileNameSuffix: file=/custom/metro/log/2022-10-11
10-11 16:09:38.164  3867  3888 D LogWriteUtil.class=LogFileHandlerThread.class: 2getCurrentFileName: index=3, LogWriteUtil.logfile=app.log, getFileNameSuffix=11
10-11 16:09:38.165  3867  3888 D LogWriteUtil.class=LogFileHandlerThread.class: 1getFilePath: logFormat=2022-10-11, LogWriteUtil.logPathDir=/custom/metro/log
10-11 16:09:38.165  3867  3888 D LogWriteUtil.class=LogFileHandlerThread.class: 2getFilePath: filePath=/custom/metro/log/2022-10-11
10-11 16:09:38.165  3867  3888 D LogWriteUtil.class=LogFileHandlerThread.class: getFileNameSuffix: file=/custom/metro/log/2022-10-11
10-11 16:09:38.166  3867  3888 D LogWriteUtil.class=LogFileHandlerThread.class: 3getCurrentFileName: logFileName=app11.log
10-11 16:09:38.166  3867  3888 D LogWriteUtil.class=LogFileHandlerThread.class: 1getCurrentFileName: LogWriteUtil.logfile=app.log
10-11 16:09:38.167  3867  3888 D LogWriteUtil.class=LogFileHandlerThread.class: 1getFilePath: logFormat=2022-10-11, LogWriteUtil.logPathDir=/custom/metro/log
10-11 16:09:38.167  3867  3888 D LogWriteUtil.class=LogFileHandlerThread.class: 2getFilePath: filePath=/custom/metro/log/2022-10-11
10-11 16:09:38.167  3867  3888 D LogWriteUtil.class=LogFileHandlerThread.class: getFileNameSuffix: file=/custom/metro/log/2022-10-11
10-11 16:09:38.167  3867  3888 D LogWriteUtil.class=LogFileHandlerThread.class: 2getCurrentFileName: index=3, LogWriteUtil.logfile=app.log, getFileNameSuffix=11
10-11 16:09:38.168  3867  3888 D LogWriteUtil.class=LogFileHandlerThread.class: 1getFilePath: logFormat=2022-10-11, LogWriteUtil.logPathDir=/custom/metro/log
10-11 16:09:38.168  3867  3888 D LogWriteUtil.class=LogFileHandlerThread.class: 2getFilePath: filePath=/custom/metro/log/2022-10-11
10-11 16:09:38.168  3867  3888 D LogWriteUtil.class=LogFileHandlerThread.class: getFileNameSuffix: file=/custom/metro/log/2022-10-11
10-11 16:09:38.169  3867  3888 D LogWriteUtil.class=LogFileHandlerThread.class: 3getCurrentFileName: logFileName=app11.log
10-11 16:09:38.169  3867  3888 D TAG     : 2,initFile: /custom/metro/log/2022-10-11/app11.log, logFile.length=0, getCurrentFileName()=app11.log, writeFileName=/custom/metro/log/2022-10-11/app10.log
10-11 16:09:38.170  3867  3888 D LogWriteUtil.class=LogFileHandlerThread.class: 8,initFile: logFile=/custom/metro/log/2022-10-11/app11.log, logFile.length=0
10-11 16:09:38.204  3867  3867 D MainActivity: onMessageEvent  -- gginit: disApi, id=1---event={"MsgSeqID":1240282,"MsgName":"DisReceivedNotify","MsgInfo":{"AppMsgSeqID":13,"Code":10001}}
10-11 16:09:38.204  3867  3867 D MainViewModel: 1processDisApi: disApi, id=1
10-11 16:09:38.206  3867  3955 D DisApiSingletonReceive: processingData: disApi, id=92 - data={"MsgSeqID":1240282,"MsgName":"DisReceivedNotify","MsgInfo":{"AppMsgSeqID":13,"Code":10001}}
10-11 16:09:38.206  3867  3963 D MainViewModel: getSystemTime_currentThreadID2: 100
10-11 16:09:38.210  3867  3955 D DisApiSingletonReceive: processingDisReceivedNotify: info=DisReceivedNotifyApiData(msgName=DisReceivedNotify, msgSeqID=1240282, msgInfo=ReceivedNotifyData(appMsgSeqID=0, code=10001))
10-11 16:09:38.335  1500  1500 W WindowManager: Attempted to remove non-existing token: android.os.Binder@e65ce67
10-11 16:09:38.516  3867  3955 D TAG     : getSystemTime_currentThreadID3s: 92, isActive=true
10-11 16:09:38.712  3867  3955 D MainViewModel: getSystemTime_currentThreadID2: 92
10-11 16:09:38.773  3867  3931 D UdpDisServices: udp receive - api receive data disApi, udp service id=78  - udp.packet.address=/172.2.208.8, udp.pack.socketAddress=/172.2.208.8:64002, udp.port=64002- running=true - message={"MsgSeqID":1240236,"MsgName":"GetStationATSRsp","MsgInfo":{"Code":10011,"StationATSInfos":[{"TrainGroupNumber":"212","ServiceNumber":"000","TrainCrewNumber":"000","TrainPosition":"1","TrainRunningPosition":"1","RailName":"T1212","StationID":"012","TerminalStationID":"000","DestinationID":"000"}]}}
10-11 16:09:38.775  3867  3931 I APP_LogUtils.kt: [(LogUtils.kt:50).i()] [UdpDisServices] udp receive - api receive data disApi, udp service id=78 - running=true  - ip=/172.2.208.8 - port=64002 - message={"MsgSeqID":1240236,"MsgName":"GetStationATSRsp","MsgInfo":{"Code":10011,"StationATSInfos":[{"TrainGroupNumber":"212","ServiceNumber":"000","TrainCrewNumber":"000","TrainPosition":"1","TrainRunningPosition":"1","RailName":"T1212","StationID":"012","TerminalStationID":"000","DestinationID":"000"}]}}
10-11 16:09:38.776  3867  3867 D MainActivity: onMessageEvent  -- gginit: disApi, id=1---event={"MsgSeqID":1240236,"MsgName":"GetStationATSRsp","MsgInfo":{"Code":10011,"StationATSInfos":[{"TrainGroupNumber":"212","ServiceNumber":"000","TrainCrewNumber":"000","TrainPosition":"1","TrainRunningPosition":"1","RailName":"T1212","StationID":"012","TerminalStationID":"000","DestinationID":"000"}]}}
10-11 16:09:38.776  3867  3888 D LogWriteUtil.class=LogFileHandlerThread.class: 1getFilePath: logFormat=2022-10-11, LogWriteUtil.logPathDir=/custom/metro/log
10-11 16:09:38.776  3867  3867 D MainViewModel: 1processDisApi: disApi, id=1
10-11 16:09:38.776  3867  3888 D LogWriteUtil.class=LogFileHandlerThread.class: 2getFilePath: filePath=/custom/metro/log/2022-10-11
10-11 16:09:38.777  3867  3888 D LogWriteUtil.class=LogFileHandlerThread.class: 1getCurrentFileName: LogWriteUtil.logfile=app.log
10-11 16:09:38.777  3867  3931 D UdpDisServices: udp receive - api receive data disApi, udp service id=78  - udp.packet.address=/172.2.208.8, udp.pack.socketAddress=/172.2.208.8:64002, udp.port=64002- running=true - message={"MsgSeqID":1240248,"MsgName":"GetStationATSRsp","MsgInfo":{"Code":10011,"StationATSInfos":[{"TrainGroupNumber":"212","ServiceNumber":"000","TrainCrewNumber":"000","TrainPosition":"1","TrainRunningPosition":"1","RailName":"T1212","StationID":"012","TerminalStationID":"000","DestinationID":"000"}]}}
10-11 16:09:38.778  3867  3888 D LogWriteUtil.class=LogFileHandlerThread.class: 1getFilePath: logFormat=2022-10-11, LogWriteUtil.logPathDir=/custom/metro/log
10-11 16:09:38.778  3867  3888 D LogWriteUtil.class=LogFileHandlerThread.class: 2getFilePath: filePath=/custom/metro/log/2022-10-11
10-11 16:09:38.778  3867  3888 D LogWriteUtil.class=LogFileHandlerThread.class: getFileNameSuffix: file=/custom/metro/log/2022-10-11
10-11 16:09:38.780  3867  3931 I APP_LogUtils.kt: [(LogUtils.kt:50).i()] [UdpDisServices] udp receive - api receive data disApi, udp service id=78 - running=true  - ip=/172.2.208.8 - port=64002 - message={"MsgSeqID":1240248,"MsgName":"GetStationATSRsp","MsgInfo":{"Code":10011,"StationATSInfos":[{"TrainGroupNumber":"212","ServiceNumber":"000","TrainCrewNumber":"000","TrainPosition":"1","TrainRunningPosition":"1","RailName":"T1212","StationID":"012","TerminalStationID":"000","DestinationID":"000"}]}}
10-11 16:09:38.781  3867  3888 D LogWriteUtil.class=LogFileHandlerThread.class: 2getCurrentFileName: index=3, LogWriteUtil.logfile=app.log, getFileNameSuffix=11
10-11 16:09:38.782  3867  3888 D LogWriteUtil.class=LogFileHandlerThread.class: 1getFilePath: logFormat=2022-10-11, LogWriteUtil.logPathDir=/custom/metro/log
10-11 16:09:38.782  3867  3931 D UdpDisServices: udp receive - api receive data disApi, udp service id=78  - udp.packet.address=/172.2.208.8, udp.pack.socketAddress=/172.2.208.8:64002, udp.port=64002- running=true - message={"MsgSeqID":1240266,"MsgName":"GetStationATSRsp","MsgInfo":{"Code":10011,"StationATSInfos":[{"TrainGroupNumber":"212","ServiceNumber":"000","TrainCrewNumber":"000","TrainPosition":"1","TrainRunningPosition":"1","RailName":"T1212","StationID":"012","TerminalStationID":"000","DestinationID":"000"}]}}
10-11 16:09:38.782  3867  3888 D LogWriteUtil.class=LogFileHandlerThread.class: 2getFilePath: filePath=/custom/metro/log/2022-10-11
10-11 16:09:38.783  3867  3888 D LogWriteUtil.class=LogFileHandlerThread.class: getFileNameSuffix: file=/custom/metro/log/2022-10-11
10-11 16:09:38.783  3867  3867 D MainActivity: onMessageEvent  -- gginit: disApi, id=1---event={"MsgSeqID":1240248,"MsgName":"GetStationATSRsp","MsgInfo":{"Code":10011,"StationATSInfos":[{"TrainGroupNumber":"212","ServiceNumber":"000","TrainCrewNumber":"000","TrainPosition":"1","TrainRunningPosition":"1","RailName":"T1212","StationID":"012","TerminalStationID":"000","DestinationID":"000"}]}}
10-11 16:09:38.783  3867  3931 I APP_LogUtils.kt: [(LogUtils.kt:50).i()] [UdpDisServices] udp receive - api receive data disApi, udp service id=78 - running=true  - ip=/172.2.208.8 - port=64002 - message={"MsgSeqID":1240266,"MsgName":"GetStationATSRsp","MsgInfo":{"Code":10011,"StationATSInfos":[{"TrainGroupNumber":"212","ServiceNumber":"000","TrainCrewNumber":"000","TrainPosition":"1","TrainRunningPosition":"1","RailName":"T1212","StationID":"012","TerminalStationID":"000","DestinationID":"000"}]}}
10-11 16:09:38.783  3867  3888 D LogWriteUtil.class=LogFileHandlerThread.class: 3getCurrentFileName: logFileName=app11.log
10-11 16:09:38.784  3867  3867 D MainViewModel: 1processDisApi: disApi, id=1
10-11 16:09:38.784  3867  3888 D LogWriteUtil.class=LogFileHandlerThread.class: 1,initFile: getFilePath()=/custom/metro/log/2022-10-11, getCurrentFileName=app11.log
10-11 16:09:38.784  3867  3955 D DisApiSingletonReceive: processingData: disApi, id=92 - data={"MsgSeqID":1240236,"MsgName":"GetStationATSRsp","MsgInfo":{"Code":10011,"StationATSInfos":[{"TrainGroupNumber":"212","ServiceNumber":"000","TrainCrewNumber":"000","TrainPosition":"1","TrainRunningPosition":"1","RailName":"T1212","StationID":"012","TerminalStationID":"000","DestinationID":"000"}]}}
10-11 16:09:38.785  3867  3888 D LogWriteUtil.class=LogFileHandlerThread.class: 1getFilePath: logFormat=2022-10-11, LogWriteUtil.logPathDir=/custom/metro/log
10-11 16:09:38.785  3867  3888 D LogWriteUtil.class=LogFileHandlerThread.class: 2getFilePath: filePath=/custom/metro/log/2022-10-11
10-11 16:09:38.785  3867  3867 D MainActivity: onMessageEvent  -- gginit: disApi, id=1---event={"MsgSeqID":1240266,"MsgName":"GetStationATSRsp","MsgInfo":{"Code":10011,"StationATSInfos":[{"TrainGroupNumber":"212","ServiceNumber":"000","TrainCrewNumber":"000","TrainPosition":"1","TrainRunningPosition":"1","RailName":"T1212","StationID":"012","TerminalStationID":"000","DestinationID":"000"}]}}
10-11 16:09:38.785  3867  3888 D LogWriteUtil.class=LogFileHandlerThread.class: 1getCurrentFileName: LogWriteUtil.logfile=app.log
10-11 16:09:38.785  3867  3963 D DisApiSingletonReceive: processingData: disApi, id=100 - data={"MsgSeqID":1240248,"MsgName":"GetStationATSRsp","MsgInfo":{"Code":10011,"StationATSInfos":[{"TrainGroupNumber":"212","ServiceNumber":"000","TrainCrewNumber":"000","TrainPosition":"1","TrainRunningPosition":"1","RailName":"T1212","StationID":"012","TerminalStationID":"000","DestinationID":"000"}]}}
10-11 16:09:38.785  3867  3867 D MainViewModel: 1processDisApi: disApi, id=1
10-11 16:09:38.786  3867  3888 D LogWriteUtil.class=LogFileHandlerThread.class: 1getFilePath: logFormat=2022-10-11, LogWriteUtil.logPathDir=/custom/metro/log
10-11 16:09:38.786  3867  3888 D LogWriteUtil.class=LogFileHandlerThread.class: 2getFilePath: filePath=/custom/metro/log/2022-10-11
10-11 16:09:38.786  3867  3888 D LogWriteUtil.class=LogFileHandlerThread.class: getFileNameSuffix: file=/custom/metro/log/2022-10-11
10-11 16:09:38.787  3867  3888 D LogWriteUtil.class=LogFileHandlerThread.class: 2getCurrentFileName: index=3, LogWriteUtil.logfile=app.log, getFileNameSuffix=11
10-11 16:09:38.788  3867  3961 D DisApiSingletonReceive: processingData: disApi, id=98 - data={"MsgSeqID":1240266,"MsgName":"GetStationATSRsp","MsgInfo":{"Code":10011,"StationATSInfos":[{"TrainGroupNumber":"212","ServiceNumber":"000","TrainCrewNumber":"000","TrainPosition":"1","TrainRunningPosition":"1","RailName":"T1212","StationID":"012","TerminalStationID":"000","DestinationID":"000"}]}}
10-11 16:09:38.788  3867  3888 D LogWriteUtil.class=LogFileHandlerThread.class: 1getFilePath: logFormat=2022-10-11, LogWriteUtil.logPathDir=/custom/metro/log
10-11 16:09:38.788  3867  3888 D LogWriteUtil.class=LogFileHandlerThread.class: 2getFilePath: filePath=/custom/metro/log/2022-10-11
10-11 16:09:38.788  3867  3888 D LogWriteUtil.class=LogFileHandlerThread.class: getFileNameSuffix: file=/custom/metro/log/2022-10-11
10-11 16:09:38.791  3867  3888 D LogWriteUtil.class=LogFileHandlerThread.class: 3getCurrentFileName: logFileName=app11.log
10-11 16:09:38.792  3867  3888 D LogWriteUtil.class=LogFileHandlerThread.class: 1getCurrentFileName: LogWriteUtil.logfile=app.log
10-11 16:09:38.793  3867  3888 D LogWriteUtil.class=LogFileHandlerThread.class: 1getFilePath: logFormat=2022-10-11, LogWriteUtil.logPathDir=/custom/metro/log
10-11 16:09:38.793  3867  3888 D LogWriteUtil.class=LogFileHandlerThread.class: 2getFilePath: filePath=/custom/metro/log/2022-10-11
10-11 16:09:38.793  3867  3888 D LogWriteUtil.class=LogFileHandlerThread.class: getFileNameSuffix: file=/custom/metro/log/2022-10-11
10-11 16:09:38.796  3867  3888 D LogWriteUtil.class=LogFileHandlerThread.class: 2getCurrentFileName: index=3, LogWriteUtil.logfile=app.log, getFileNameSuffix=11
10-11 16:09:38.797  3867  3888 D LogWriteUtil.class=LogFileHandlerThread.class: 1getFilePath: logFormat=2022-10-11, LogWriteUtil.logPathDir=/custom/metro/log
10-11 16:09:38.797  3867  3888 D LogWriteUtil.class=LogFileHandlerThread.class: 2getFilePath: filePath=/custom/metro/log/2022-10-11
10-11 16:09:38.797  3867  3888 D LogWriteUtil.class=LogFileHandlerThread.class: getFileNameSuffix: file=/custom/metro/log/2022-10-11
10-11 16:09:38.800  3867  3888 D LogWriteUtil.class=LogFileHandlerThread.class: 3getCurrentFileName: logFileName=app11.log
10-11 16:09:38.800  3867  3888 D TAG     : 2,initFile: /custom/metro/log/2022-10-11/app11.log, logFile.length=0, getCurrentFileName()=app11.log, writeFileName=/custom/metro/log/2022-10-11/app10.log
10-11 16:09:38.801  3867  3888 D LogWriteUtil.class=LogFileHandlerThread.class: 8,initFile: logFile=/custom/metro/log/2022-10-11/app11.log, logFile.length=0
10-11 16:09:38.802  3867  3888 D LogWriteUtil.class=LogFileHandlerThread.class: 1getFilePath: logFormat=2022-10-11, LogWriteUtil.logPathDir=/custom/metro/log
10-11 16:09:38.803  3867  3888 D LogWriteUtil.class=LogFileHandlerThread.class: 2getFilePath: filePath=/custom/metro/log/2022-10-11
10-11 16:09:38.803  3867  3888 D LogWriteUtil.class=LogFileHandlerThread.class: 1getCurrentFileName: LogWriteUtil.logfile=app.log
10-11 16:09:38.804  3867  3888 D LogWriteUtil.class=LogFileHandlerThread.class: 1getFilePath: logFormat=2022-10-11, LogWriteUtil.logPathDir=/custom/metro/log
10-11 16:09:38.804  3867  3888 D LogWriteUtil.class=LogFileHandlerThread.class: 2getFilePath: filePath=/custom/metro/log/2022-10-11
10-11 16:09:38.804  3867  3888 D LogWriteUtil.class=LogFileHandlerThread.class: getFileNameSuffix: file=/custom/metro/log/2022-10-11
10-11 16:09:38.805  3867  3888 D LogWriteUtil.class=LogFileHandlerThread.class: 2getCurrentFileName: index=3, LogWriteUtil.logfile=app.log, getFileNameSuffix=11
10-11 16:09:38.806  3867  3888 D LogWriteUtil.class=LogFileHandlerThread.class: 1getFilePath: logFormat=2022-10-11, LogWriteUtil.logPathDir=/custom/metro/log
10-11 16:09:38.806  3867  3888 D LogWriteUtil.class=LogFileHandlerThread.class: 2getFilePath: filePath=/custom/metro/log/2022-10-11
10-11 16:09:38.806  3867  3888 D LogWriteUtil.class=LogFileHandlerThread.class: getFileNameSuffix: file=/custom/metro/log/2022-10-11
10-11 16:09:38.807  3867  3888 D LogWriteUtil.class=LogFileHandlerThread.class: 3getCurrentFileName: logFileName=app11.log
10-11 16:09:38.807  3867  3888 D LogWriteUtil.class=LogFileHandlerThread.class: 1,initFile: getFilePath()=/custom/metro/log/2022-10-11, getCurrentFileName=app11.log
10-11 16:09:38.807  3867  3955 D DisApiSingletonReceive: parseStationAtsData: atsInfo=com.gbcom.library_base.data.StationAtsApiData@4605e0e
10-11 16:09:38.807  3867  3963 D DisApiSingletonReceive: parseStationAtsData: atsInfo=com.gbcom.library_base.data.StationAtsApiData@684802f
10-11 16:09:38.808  3867  3888 D LogWriteUtil.class=LogFileHandlerThread.class: 1getFilePath: logFormat=2022-10-11, LogWriteUtil.logPathDir=/custom/metro/log
10-11 16:09:38.808  3867  3955 D BtrunCConfig: isR2Nubmer is true
10-11 16:09:38.808  3867  3888 D LogWriteUtil.class=LogFileHandlerThread.class: 2getFilePath: filePath=/custom/metro/log/2022-10-11
10-11 16:09:38.808  3867  3955 D com.ztegota.system.GotaSystem: getMdn +866022012
10-11 16:09:38.808  3867  3955 D TAG     : getUserId: userId2=+866022012
10-11 16:09:38.808  3867  3888 D LogWriteUtil.class=LogFileHandlerThread.class: 1getCurrentFileName: LogWriteUtil.logfile=app.log
10-11 16:09:38.808  3867  3963 D BtrunCConfig: isR2Nubmer is true
10-11 16:09:38.808  3867  3963 D com.ztegota.system.GotaSystem: getMdn +866022012
10-11 16:09:38.808  3867  3963 D TAG     : getUserId: userId2=+866022012
10-11 16:09:38.812  3867  3961 D DisApiSingletonReceive: parseStationAtsData: atsInfo=com.gbcom.library_base.data.StationAtsApiData@8d3163c
10-11 16:09:38.813  3867  3961 D BtrunCConfig: isR2Nubmer is true
10-11 16:09:38.813  3867  3961 D com.ztegota.system.GotaSystem: getMdn +866022012
10-11 16:09:38.814  3867  3961 D TAG     : getUserId: userId2=+866022012
10-11 16:09:38.819  3867  3888 D LogWriteUtil.class=LogFileHandlerThread.class: 1getFilePath: logFormat=2022-10-11, LogWriteUtil.logPathDir=/custom/metro/log
10-11 16:09:38.819  3867  3888 D LogWriteUtil.class=LogFileHandlerThread.class: 2getFilePath: filePath=/custom/metro/log/2022-10-11
10-11 16:09:38.819  3867  3888 D LogWriteUtil.class=LogFileHandlerThread.class: getFileNameSuffix: file=/custom/metro/log/2022-10-11
10-11 16:09:38.820  3867  3888 D LogWriteUtil.class=LogFileHandlerThread.class: 2getCurrentFileName: index=3, LogWriteUtil.logfile=app.log, getFileNameSuffix=11
10-11 16:09:38.821  3867  3888 D LogWriteUtil.class=LogFileHandlerThread.class: 1getFilePath: logFormat=2022-10-11, LogWriteUtil.logPathDir=/custom/metro/log
10-11 16:09:38.821  3867  3888 D LogWriteUtil.class=LogFileHandlerThread.class: 2getFilePath: filePath=/custom/metro/log/2022-10-11
10-11 16:09:38.821  3867  3888 D LogWriteUtil.class=LogFileHandlerThread.class: getFileNameSuffix: file=/custom/metro/log/2022-10-11
10-11 16:09:38.821  3867  3888 D LogWriteUtil.class=LogFileHandlerThread.class: 3getCurrentFileName: logFileName=app11.log
10-11 16:09:38.821  3867  3888 D LogWriteUtil.class=LogFileHandlerThread.class: 1getCurrentFileName: LogWriteUtil.logfile=app.log
10-11 16:09:38.822  3867  3888 D LogWriteUtil.class=LogFileHandlerThread.class: 1getFilePath: logFormat=2022-10-11, LogWriteUtil.logPathDir=/custom/metro/log
10-11 16:09:38.822  3867  3888 D LogWriteUtil.class=LogFileHandlerThread.class: 2getFilePath: filePath=/custom/metro/log/2022-10-11
10-11 16:09:38.822  3867  3888 D LogWriteUtil.class=LogFileHandlerThread.class: getFileNameSuffix: file=/custom/metro/log/2022-10-11
10-11 16:09:38.823  3867  3888 D LogWriteUtil.class=LogFileHandlerThread.class: 2getCurrentFileName: index=3, LogWriteUtil.logfile=app.log, getFileNameSuffix=11
10-11 16:09:38.824  3867  3888 D LogWriteUtil.class=LogFileHandlerThread.class: 1getFilePath: logFormat=2022-10-11, LogWriteUtil.logPathDir=/custom/metro/log
10-11 16:09:38.824  3867  3888 D LogWriteUtil.class=LogFileHandlerThread.class: 2getFilePath: filePath=/custom/metro/log/2022-10-11
10-11 16:09:38.824  3867  3888 D LogWriteUtil.class=LogFileHandlerThread.class: getFileNameSuffix: file=/custom/metro/log/2022-10-11
10-11 16:09:38.825  3867  3888 D LogWriteUtil.class=LogFileHandlerThread.class: 3getCurrentFileName: logFileName=app11.log
10-11 16:09:38.825  3867  3888 D TAG     : 2,initFile: /custom/metro/log/2022-10-11/app11.log, logFile.length=0, getCurrentFileName()=app11.log, writeFileName=/custom/metro/log/2022-10-11/app10.log
10-11 16:09:38.825  3867  3888 D LogWriteUtil.class=LogFileHandlerThread.class: 8,initFile: logFile=/custom/metro/log/2022-10-11/app11.log, logFile.length=0
10-11 16:09:38.826  3867  3888 D LogWriteUtil.class=LogFileHandlerThread.class: 1getFilePath: logFormat=2022-10-11, LogWriteUtil.logPathDir=/custom/metro/log
10-11 16:09:38.827  3867  3888 D LogWriteUtil.class=LogFileHandlerThread.class: 2getFilePath: filePath=/custom/metro/log/2022-10-11
10-11 16:09:38.827  3867  3888 D LogWriteUtil.class=LogFileHandlerThread.class: 1getCurrentFileName: LogWriteUtil.logfile=app.log
10-11 16:09:38.831  3867  3888 D LogWriteUtil.class=LogFileHandlerThread.class: 1getFilePath: logFormat=2022-10-11, LogWriteUtil.logPathDir=/custom/metro/log
10-11 16:09:38.832  3867  3888 D LogWriteUtil.class=LogFileHandlerThread.class: 2getFilePath: filePath=/custom/metro/log/2022-10-11
10-11 16:09:38.832  3867  3888 D LogWriteUtil.class=LogFileHandlerThread.class: getFileNameSuffix: file=/custom/metro/log/2022-10-11
10-11 16:09:38.832  3867  3888 D LogWriteUtil.class=LogFileHandlerThread.class: 2getCurrentFileName: index=3, LogWriteUtil.logfile=app.log, getFileNameSuffix=11
10-11 16:09:38.833  3867  3888 D LogWriteUtil.class=LogFileHandlerThread.class: 1getFilePath: logFormat=2022-10-11, LogWriteUtil.logPathDir=/custom/metro/log
10-11 16:09:38.833  3867  3888 D LogWriteUtil.class=LogFileHandlerThread.class: 2getFilePath: filePath=/custom/metro/log/2022-10-11
10-11 16:09:38.833  3867  3888 D LogWriteUtil.class=LogFileHandlerThread.class: getFileNameSuffix: file=/custom/metro/log/2022-10-11
10-11 16:09:38.834  3867  3888 D LogWriteUtil.class=LogFileHandlerThread.class: 3getCurrentFileName: logFileName=app11.log
10-11 16:09:38.834  3867  3888 D LogWriteUtil.class=LogFileHandlerThread.class: 1,initFile: getFilePath()=/custom/metro/log/2022-10-11, getCurrentFileName=app11.log
10-11 16:09:38.835  3867  3888 D LogWriteUtil.class=LogFileHandlerThread.class: 1getFilePath: logFormat=2022-10-11, LogWriteUtil.logPathDir=/custom/metro/log
10-11 16:09:38.835  3867  3888 D LogWriteUtil.class=LogFileHandlerThread.class: 2getFilePath: filePath=/custom/metro/log/2022-10-11
10-11 16:09:38.835  3867  3888 D LogWriteUtil.class=LogFileHandlerThread.class: 1getCurrentFileName: LogWriteUtil.logfile=app.log
10-11 16:09:38.835  3867  3888 D LogWriteUtil.class=LogFileHandlerThread.class: 1getFilePath: logFormat=2022-10-11, LogWriteUtil.logPathDir=/custom/metro/log
10-11 16:09:38.836  3867  3888 D LogWriteUtil.class=LogFileHandlerThread.class: 2getFilePath: filePath=/custom/metro/log/2022-10-11
10-11 16:09:38.836  3867  3888 D LogWriteUtil.class=LogFileHandlerThread.class: getFileNameSuffix: file=/custom/metro/log/2022-10-11
10-11 16:09:38.836  3867  3888 D LogWriteUtil.class=LogFileHandlerThread.class: 2getCurrentFileName: index=3, LogWriteUtil.logfile=app.log, getFileNameSuffix=11
10-11 16:09:38.837  3867  3888 D LogWriteUtil.class=LogFileHandlerThread.class: 1getFilePath: logFormat=2022-10-11, LogWriteUtil.logPathDir=/custom/metro/log
10-11 16:09:38.837  3867  3888 D LogWriteUtil.class=LogFileHandlerThread.class: 2getFilePath: filePath=/custom/metro/log/2022-10-11
10-11 16:09:38.837  3867  3888 D LogWriteUtil.class=LogFileHandlerThread.class: getFileNameSuffix: file=/custom/metro/log/2022-10-11
10-11 16:09:38.838  3867  3888 D LogWriteUtil.class=LogFileHandlerThread.class: 3getCurrentFileName: logFileName=app11.log
10-11 16:09:38.839  3867  3888 D LogWriteUtil.class=LogFileHandlerThread.class: 1getCurrentFileName: LogWriteUtil.logfile=app.log
10-11 16:09:38.840  3867  3888 D LogWriteUtil.class=LogFileHandlerThread.class: 1getFilePath: logFormat=2022-10-11, LogWriteUtil.logPathDir=/custom/metro/log
10-11 16:09:38.840  3867  3888 D LogWriteUtil.class=LogFileHandlerThread.class: 2getFilePath: filePath=/custom/metro/log/2022-10-11
10-11 16:09:38.840  3867  3888 D LogWriteUtil.class=LogFileHandlerThread.class: getFileNameSuffix: file=/custom/metro/log/2022-10-11
10-11 16:09:38.840  3867  3888 D LogWriteUtil.class=LogFileHandlerThread.class: 2getCurrentFileName: index=3, LogWriteUtil.logfile=app.log, getFileNameSuffix=11
10-11 16:09:38.841  3867  3888 D LogWriteUtil.class=LogFileHandlerThread.class: 1getFilePath: logFormat=2022-10-11, LogWriteUtil.logPathDir=/custom/metro/log
10-11 16:09:38.841  3867  3888 D LogWriteUtil.class=LogFileHandlerThread.class: 2getFilePath: filePath=/custom/metro/log/2022-10-11
10-11 16:09:38.842  3867  3888 D LogWriteUtil.class=LogFileHandlerThread.class: getFileNameSuffix: file=/custom/metro/log/2022-10-11
10-11 16:09:38.842  3867  3888 D LogWriteUtil.class=LogFileHandlerThread.class: 3getCurrentFileName: logFileName=app11.log
10-11 16:09:38.842  3867  3888 D TAG     : 2,initFile: /custom/metro/log/2022-10-11/app11.log, logFile.length=0, getCurrentFileName()=app11.log, writeFileName=/custom/metro/log/2022-10-11/app10.log
10-11 16:09:38.842  3867  3888 D LogWriteUtil.class=LogFileHandlerThread.class: 8,initFile: logFile=/custom/metro/log/2022-10-11/app11.log, logFile.length=0
10-11 16:09:38.854  3867  3867 D IndexFragment: initView: applyFxData() - ats=[StationAts(createTime=1665475778, trainGroupNumber=212, serviceNumber=000, trainCrewNumber=000, trainPosition=1, trainRunningPosition=1, railName=T1212, stationID=012, terminalStationID=000, destinationID=000, identityID=+866022012)]
10-11 16:09:39.023  3867  3961 D TAG     : getSystemTime_currentThreadID3s: 98, isActive=true
10-11 16:09:39.031  3867  3923 I rilj    : EMCI Detial(CellId--->Tav): 5378,255,2,"460702",255,65535,59,65535,255,255,59,28,16,255,1185411028021,0,0,0,0,0,0,0,0
10-11 16:09:39.031  3867  3923 D LTERILJ : [UNSL]< RIL_UNSOL_NOTIFY_EMCI_DETAIL
10-11 16:09:39.032  3867  3920 D LTEPhone: EVENT_FOR_EMCI_DETAIL
10-11 16:09:39.032  3867  3920 D LTEServiceTracker: setCellId cellId:5378,"460702"
10-11 16:09:39.041  3867  3867 D SystemFragment: onClickview: 2131230883
10-11 16:09:39.045   608  1274 I AudioPolicyManagerCustom: FLAG None hence request for a primary output
10-11 16:09:39.046   608  1692 I AudioPolicyManagerCustom: FLAG None hence request for a primary output
10-11 16:09:39.051   608  1054 D audio_hw_primary: out_set_parameters: enter: usecase(1: low-latency-playback) kvpairs: routing=2
10-11 16:09:39.052  3867  3867 D GroupHelper: getGroupByNumber : group nuber is +866027312
10-11 16:09:39.054   608  1054 D audio_hw_primary: select_devices for use case (low-latency-playback)
10-11 16:09:39.054   608  1054 D audio_hw_extn: audio_extn_set_anc_parameters: anc_enabled:0
10-11 16:09:39.054   608  1054 D audio_hw_spkr_prot: audio_extn_fbsp_set_parameters: Speaker protection disabled
10-11 16:09:39.055  3867  3867 V GroupHelper: getGroupByNumber result cursor: android.content.ContentResolver$CursorWrapperInner@5f3c341
10-11 16:09:39.063  3867  3867 D GroupHelper: modifyGroup : target group name is S2
10-11 16:09:39.063  3867  3920 D GotaSystemHandler: handleMessage msg.what =GROUPMANAGER_RESP_UPDATE_SCAN_GROUP;msg.arg1=0
10-11 16:09:39.065  3867  3920 D LTEPhone: processRequest msg.what=GROUPMANAGER_RESP_UPDATE_SCAN_GROUP
10-11 16:09:39.066  3867  3920 D LTEGroupManager: LteGroupTracker handleMessage: GROUPMANAGER_RESP_UPDATE_SCAN_GROUP
10-11 16:09:39.066  3867  3920 D LTEGroupManager: updateScanGroupInfo()
10-11 16:09:39.066  3867  3920 D GroupStatusNormal: setScanGroup,scanInfo:cause:2,count:1,+866027312 
10-11 16:09:39.107  3867  3867 D GroupHelper: modifyGroup : target group name is S2
10-11 16:09:39.107  3867  3920 D GroupStatusNormal: setScanGroup,DynamicGroup in db null,do nothing
10-11 16:09:39.108  3867  3920 D GroupStatusNormal: updateScanGroupInfo() callStaus is 0
