10-11 16:58:55.564  5501  5522 D LogWriteUtil.class=LogFileHandlerThread.class: 1getFilePath: logFormat=2022-10-11, LogWriteUtil.logPathDir=/custom/metro/log
10-11 16:58:55.564  5501  5522 D LogWriteUtil.class=LogFileHandlerThread.class: 2getFilePath: filePath=/custom/metro/log/2022-10-11
10-11 16:58:55.564  5501  5522 D LogWriteUtil.class=LogFileHandlerThread.class: getFileNameSuffix: file=/custom/metro/log/2022-10-11
10-11 16:58:55.564  5501  5522 D LogWriteUtil.class=LogFileHandlerThread.class: 2getCurrentFileName: index=3, LogWriteUtil.logfile=app.log, getFileNameSuffix=14
10-11 16:58:55.566  5501  5522 D LogWriteUtil.class=LogFileHandlerThread.class: 1getFilePath: logFormat=2022-10-11, LogWriteUtil.logPathDir=/custom/metro/log
10-11 16:58:55.566  5501  5522 D LogWriteUtil.class=LogFileHandlerThread.class: 2getFilePath: filePath=/custom/metro/log/2022-10-11
10-11 16:58:55.566  5501  5522 D LogWriteUtil.class=LogFileHandlerThread.class: getFileNameSuffix: file=/custom/metro/log/2022-10-11
10-11 16:58:55.567  5501  5522 D LogWriteUtil.class=LogFileHandlerThread.class: 3getCurrentFileName: logFileName=app14.log
10-11 16:58:55.567  5501  5522 D TAG     : 2,initFile: /custom/metro/log/2022-10-11/app14.log, logFile.length=0, getCurrentFileName()=app14.log, writeFileName=/custom/metro/log/2022-10-11/app13.log
10-11 16:58:55.567  5501  5522 D LogWriteUtil.class=LogFileHandlerThread.class: 8,initFile: logFile=/custom/metro/log/2022-10-11/app14.log, logFile.length=0
10-11 16:58:55.570  5501  5522 D LogWriteUtil.class=LogFileHandlerThread.class: 1getFilePath: logFormat=2022-10-11, LogWriteUtil.logPathDir=/custom/metro/log
10-11 16:58:55.570  5501  5522 D LogWriteUtil.class=LogFileHandlerThread.class: 2getFilePath: filePath=/custom/metro/log/2022-10-11
10-11 16:58:55.570  5501  5522 D LogWriteUtil.class=LogFileHandlerThread.class: 1getCurrentFileName: LogWriteUtil.logfile=app.log
10-11 16:58:55.572  5501  5522 D LogWriteUtil.class=LogFileHandlerThread.class: 1getFilePath: logFormat=2022-10-11, LogWriteUtil.logPathDir=/custom/metro/log
10-11 16:58:55.572  5501  5522 D LogWriteUtil.class=LogFileHandlerThread.class: 2getFilePath: filePath=/custom/metro/log/2022-10-11
10-11 16:58:55.572  5501  5522 D LogWriteUtil.class=LogFileHandlerThread.class: getFileNameSuffix: file=/custom/metro/log/2022-10-11
10-11 16:58:55.574  5501  5522 D LogWriteUtil.class=LogFileHandlerThread.class: 2getCurrentFileName: index=3, LogWriteUtil.logfile=app.log, getFileNameSuffix=14
10-11 16:58:55.575  5501  5522 D LogWriteUtil.class=LogFileHandlerThread.class: 1getFilePath: logFormat=2022-10-11, LogWriteUtil.logPathDir=/custom/metro/log
10-11 16:58:55.575  5501  5522 D LogWriteUtil.class=LogFileHandlerThread.class: 2getFilePath: filePath=/custom/metro/log/2022-10-11
10-11 16:58:55.575  5501  5522 D LogWriteUtil.class=LogFileHandlerThread.class: getFileNameSuffix: file=/custom/metro/log/2022-10-11
10-11 16:58:55.576  5501  5522 D LogWriteUtil.class=LogFileHandlerThread.class: 3getCurrentFileName: logFileName=app14.log
10-11 16:58:55.576  5501  5522 D LogWriteUtil.class=LogFileHandlerThread.class: 1,initFile: getFilePath()=/custom/metro/log/2022-10-11, getCurrentFileName=app14.log
10-11 16:58:55.577  5501  5522 D LogWriteUtil.class=LogFileHandlerThread.class: 1getFilePath: logFormat=2022-10-11, LogWriteUtil.logPathDir=/custom/metro/log
10-11 16:58:55.577  5501  5522 D LogWriteUtil.class=LogFileHandlerThread.class: 2getFilePath: filePath=/custom/metro/log/2022-10-11
10-11 16:58:55.577  5501  5522 D LogWriteUtil.class=LogFileHandlerThread.class: 1getCurrentFileName: LogWriteUtil.logfile=app.log
10-11 16:58:55.578  5501  5522 D LogWriteUtil.class=LogFileHandlerThread.class: 1getFilePath: logFormat=2022-10-11, LogWriteUtil.logPathDir=/custom/metro/log
10-11 16:58:55.578  5501  5522 D LogWriteUtil.class=LogFileHandlerThread.class: 2getFilePath: filePath=/custom/metro/log/2022-10-11
10-11 16:58:55.578  5501  5522 D LogWriteUtil.class=LogFileHandlerThread.class: getFileNameSuffix: file=/custom/metro/log/2022-10-11
10-11 16:58:55.579  5501  5522 D LogWriteUtil.class=LogFileHandlerThread.class: 2getCurrentFileName: index=3, LogWriteUtil.logfile=app.log, getFileNameSuffix=14
10-11 16:58:55.579  5501  5522 D LogWriteUtil.class=LogFileHandlerThread.class: 1getFilePath: logFormat=2022-10-11, LogWriteUtil.logPathDir=/custom/metro/log
10-11 16:58:55.579  5501  5522 D LogWriteUtil.class=LogFileHandlerThread.class: 2getFilePath: filePath=/custom/metro/log/2022-10-11
10-11 16:58:55.580  5501  5522 D LogWriteUtil.class=LogFileHandlerThread.class: getFileNameSuffix: file=/custom/metro/log/2022-10-11
10-11 16:58:55.580  5501  5522 D LogWriteUtil.class=LogFileHandlerThread.class: 3getCurrentFileName: logFileName=app14.log
10-11 16:58:55.580  5501  5522 D LogWriteUtil.class=LogFileHandlerThread.class: 1getCurrentFileName: LogWriteUtil.logfile=app.log
10-11 16:58:55.581  5501  5522 D LogWriteUtil.class=LogFileHandlerThread.class: 1getFilePath: logFormat=2022-10-11, LogWriteUtil.logPathDir=/custom/metro/log
10-11 16:58:55.581  5501  5522 D LogWriteUtil.class=LogFileHandlerThread.class: 2getFilePath: filePath=/custom/metro/log/2022-10-11
10-11 16:58:55.581  5501  5522 D LogWriteUtil.class=LogFileHandlerThread.class: getFileNameSuffix: file=/custom/metro/log/2022-10-11
10-11 16:58:55.582  5501  5522 D LogWriteUtil.class=LogFileHandlerThread.class: 2getCurrentFileName: index=3, LogWriteUtil.logfile=app.log, getFileNameSuffix=14
10-11 16:58:55.583  5501  5522 D LogWriteUtil.class=LogFileHandlerThread.class: 1getFilePath: logFormat=2022-10-11, LogWriteUtil.logPathDir=/custom/metro/log
10-11 16:58:55.583  5501  5522 D LogWriteUtil.class=LogFileHandlerThread.class: 2getFilePath: filePath=/custom/metro/log/2022-10-11
10-11 16:58:55.583  5501  5522 D LogWriteUtil.class=LogFileHandlerThread.class: getFileNameSuffix: file=/custom/metro/log/2022-10-11
10-11 16:58:55.584  5501  5522 D LogWriteUtil.class=LogFileHandlerThread.class: 3getCurrentFileName: logFileName=app14.log
10-11 16:58:55.584  5501  5522 D TAG     : 2,initFile: /custom/metro/log/2022-10-11/app14.log, logFile.length=0, getCurrentFileName()=app14.log, writeFileName=/custom/metro/log/2022-10-11/app13.log
10-11 16:58:55.584  5501  5522 D LogWriteUtil.class=LogFileHandlerThread.class: 8,initFile: logFile=/custom/metro/log/2022-10-11/app14.log, logFile.length=0
10-11 16:58:55.585  5501  5522 D LogWriteUtil.class=LogFileHandlerThread.class: 1getFilePath: logFormat=2022-10-11, LogWriteUtil.logPathDir=/custom/metro/log
10-11 16:58:55.585  5501  5522 D LogWriteUtil.class=LogFileHandlerThread.class: 2getFilePath: filePath=/custom/metro/log/2022-10-11
10-11 16:58:55.586  5501  5522 D LogWriteUtil.class=LogFileHandlerThread.class: 1getCurrentFileName: LogWriteUtil.logfile=app.log
10-11 16:58:55.586  5501  5522 D LogWriteUtil.class=LogFileHandlerThread.class: 1getFilePath: logFormat=2022-10-11, LogWriteUtil.logPathDir=/custom/metro/log
10-11 16:58:55.587  5501  5522 D LogWriteUtil.class=LogFileHandlerThread.class: 2getFilePath: filePath=/custom/metro/log/2022-10-11
10-11 16:58:55.587  5501  5522 D LogWriteUtil.class=LogFileHandlerThread.class: getFileNameSuffix: file=/custom/metro/log/2022-10-11
10-11 16:58:55.587  5501  5522 D LogWriteUtil.class=LogFileHandlerThread.class: 2getCurrentFileName: index=3, LogWriteUtil.logfile=app.log, getFileNameSuffix=14
10-11 16:58:55.588  5501  5522 D LogWriteUtil.class=LogFileHandlerThread.class: 1getFilePath: logFormat=2022-10-11, LogWriteUtil.logPathDir=/custom/metro/log
10-11 16:58:55.588  5501  5522 D LogWriteUtil.class=LogFileHandlerThread.class: 2getFilePath: filePath=/custom/metro/log/2022-10-11
10-11 16:58:55.588  5501  5522 D LogWriteUtil.class=LogFileHandlerThread.class: getFileNameSuffix: file=/custom/metro/log/2022-10-11
10-11 16:58:55.588  5501  5522 D LogWriteUtil.class=LogFileHandlerThread.class: 3getCurrentFileName: logFileName=app14.log
10-11 16:58:55.588  5501  5522 D LogWriteUtil.class=LogFileHandlerThread.class: 1,initFile: getFilePath()=/custom/metro/log/2022-10-11, getCurrentFileName=app14.log
10-11 16:58:55.589  5501  5522 D LogWriteUtil.class=LogFileHandlerThread.class: 1getFilePath: logFormat=2022-10-11, LogWriteUtil.logPathDir=/custom/metro/log
10-11 16:58:55.589  5501  5522 D LogWriteUtil.class=LogFileHandlerThread.class: 2getFilePath: filePath=/custom/metro/log/2022-10-11
10-11 16:58:55.589  5501  5522 D LogWriteUtil.class=LogFileHandlerThread.class: 1getCurrentFileName: LogWriteUtil.logfile=app.log
10-11 16:58:55.590  5501  5522 D LogWriteUtil.class=LogFileHandlerThread.class: 1getFilePath: logFormat=2022-10-11, LogWriteUtil.logPathDir=/custom/metro/log
10-11 16:58:55.590  5501  5522 D LogWriteUtil.class=LogFileHandlerThread.class: 2getFilePath: filePath=/custom/metro/log/2022-10-11
10-11 16:58:55.591  5501  5522 D LogWriteUtil.class=LogFileHandlerThread.class: getFileNameSuffix: file=/custom/metro/log/2022-10-11
10-11 16:58:55.591  5501  5522 D LogWriteUtil.class=LogFileHandlerThread.class: 2getCurrentFileName: index=3, LogWriteUtil.logfile=app.log, getFileNameSuffix=14
10-11 16:58:55.592  5501  5522 D LogWriteUtil.class=LogFileHandlerThread.class: 1getFilePath: logFormat=2022-10-11, LogWriteUtil.logPathDir=/custom/metro/log
10-11 16:58:55.592  5501  5522 D LogWriteUtil.class=LogFileHandlerThread.class: 2getFilePath: filePath=/custom/metro/log/2022-10-11
10-11 16:58:55.592  5501  5522 D LogWriteUtil.class=LogFileHandlerThread.class: getFileNameSuffix: file=/custom/metro/log/2022-10-11
10-11 16:58:55.592  5501  5522 D LogWriteUtil.class=LogFileHandlerThread.class: 3getCurrentFileName: logFileName=app14.log
10-11 16:58:55.592  5501  5522 D LogWriteUtil.class=LogFileHandlerThread.class: 1getCurrentFileName: LogWriteUtil.logfile=app.log
10-11 16:58:55.594  5501  5522 D LogWriteUtil.class=LogFileHandlerThread.class: 1getFilePath: logFormat=2022-10-11, LogWriteUtil.logPathDir=/custom/metro/log
10-11 16:58:55.594  5501  5522 D LogWriteUtil.class=LogFileHandlerThread.class: 2getFilePath: filePath=/custom/metro/log/2022-10-11
10-11 16:58:55.594  5501  5522 D LogWriteUtil.class=LogFileHandlerThread.class: getFileNameSuffix: file=/custom/metro/log/2022-10-11
10-11 16:58:55.594  5501  5522 D LogWriteUtil.class=LogFileHandlerThread.class: 2getCurrentFileName: index=3, LogWriteUtil.logfile=app.log, getFileNameSuffix=14
10-11 16:58:55.596  5501  5522 D LogWriteUtil.class=LogFileHandlerThread.class: 1getFilePath: logFormat=2022-10-11, LogWriteUtil.logPathDir=/custom/metro/log
10-11 16:58:55.596  5501  5522 D LogWriteUtil.class=LogFileHandlerThread.class: 2getFilePath: filePath=/custom/metro/log/2022-10-11
10-11 16:58:55.596  5501  5522 D LogWriteUtil.class=LogFileHandlerThread.class: getFileNameSuffix: file=/custom/metro/log/2022-10-11
10-11 16:58:55.596  5501  5522 D LogWriteUtil.class=LogFileHandlerThread.class: 3getCurrentFileName: logFileName=app14.log
10-11 16:58:55.597  5501  5522 D TAG     : 2,initFile: /custom/metro/log/2022-10-11/app14.log, logFile.length=0, getCurrentFileName()=app14.log, writeFileName=/custom/metro/log/2022-10-11/app13.log
10-11 16:58:55.597  5501  5522 D LogWriteUtil.class=LogFileHandlerThread.class: 8,initFile: logFile=/custom/metro/log/2022-10-11/app14.log, logFile.length=0
10-11 16:58:55.617  5501  5557 I rilj    : EMCI Detial(CellId--->Tav): 5378,255,2,"460702",255,65535,59,65535,255,255,55,27,16,255,1185411028021,0,0,0,0,0,0,0,0
10-11 16:58:55.617  5501  5557 D LTERILJ : [UNSL]< RIL_UNSOL_NOTIFY_EMCI_DETAIL
10-11 16:58:55.618  5501  5554 D LTEPhone: EVENT_FOR_EMCI_DETAIL
10-11 16:58:55.618  5501  5554 D LTEServiceTracker: setCellId cellId:5378,"460702"
10-11 16:58:55.619  5501  5501 I APP_LogUtils.kt: [(LogUtils.kt:50).i()] [com.gbcom.library_base.service.LLteService] lte_resp_sys_for_emci_detail - EmciDetail=com.ztegota.system.common.EmciDetail@5d9aea6
10-11 16:58:55.620  5501  5522 D LogWriteUtil.class=LogFileHandlerThread.class: 1getFilePath: logFormat=2022-10-11, LogWriteUtil.logPathDir=/custom/metro/log
10-11 16:58:55.621  5501  5522 D LogWriteUtil.class=LogFileHandlerThread.class: 2getFilePath: filePath=/custom/metro/log/2022-10-11
10-11 16:58:55.621  5501  5522 D LogWriteUtil.class=LogFileHandlerThread.class: 1getCurrentFileName: LogWriteUtil.logfile=app.log
10-11 16:58:55.621  5501  5522 D LogWriteUtil.class=LogFileHandlerThread.class: 1getFilePath: logFormat=2022-10-11, LogWriteUtil.logPathDir=/custom/metro/log
10-11 16:58:55.621  5501  5522 D LogWriteUtil.class=LogFileHandlerThread.class: 2getFilePath: filePath=/custom/metro/log/2022-10-11
10-11 16:58:55.621  5501  5522 D LogWriteUtil.class=LogFileHandlerThread.class: getFileNameSuffix: file=/custom/metro/log/2022-10-11
10-11 16:58:55.622  5501  5522 D LogWriteUtil.class=LogFileHandlerThread.class: 2getCurrentFileName: index=3, LogWriteUtil.logfile=app.log, getFileNameSuffix=14
10-11 16:58:55.623  5501  5522 D LogWriteUtil.class=LogFileHandlerThread.class: 1getFilePath: logFormat=2022-10-11, LogWriteUtil.logPathDir=/custom/metro/log
10-11 16:58:55.623  5501  5522 D LogWriteUtil.class=LogFileHandlerThread.class: 2getFilePath: filePath=/custom/metro/log/2022-10-11
10-11 16:58:55.624  5501  5522 D LogWriteUtil.class=LogFileHandlerThread.class: getFileNameSuffix: file=/custom/metro/log/2022-10-11
10-11 16:58:55.624  5501  5522 D LogWriteUtil.class=LogFileHandlerThread.class: 3getCurrentFileName: logFileName=app14.log
10-11 16:58:55.624  5501  5522 D LogWriteUtil.class=LogFileHandlerThread.class: 1,initFile: getFilePath()=/custom/metro/log/2022-10-11, getCurrentFileName=app14.log
10-11 16:58:55.625  5501  5522 D LogWriteUtil.class=LogFileHandlerThread.class: 1getFilePath: logFormat=2022-10-11, LogWriteUtil.logPathDir=/custom/metro/log
10-11 16:58:55.625  5501  5522 D LogWriteUtil.class=LogFileHandlerThread.class: 2getFilePath: filePath=/custom/metro/log/2022-10-11
10-11 16:58:55.625  5501  5522 D LogWriteUtil.class=LogFileHandlerThread.class: 1getCurrentFileName: LogWriteUtil.logfile=app.log
10-11 16:58:55.626  5501  5522 D LogWriteUtil.class=LogFileHandlerThread.class: 1getFilePath: logFormat=2022-10-11, LogWriteUtil.logPathDir=/custom/metro/log
10-11 16:58:55.626  5501  5522 D LogWriteUtil.class=LogFileHandlerThread.class: 2getFilePath: filePath=/custom/metro/log/2022-10-11
10-11 16:58:55.626  5501  5522 D LogWriteUtil.class=LogFileHandlerThread.class: getFileNameSuffix: file=/custom/metro/log/2022-10-11
10-11 16:58:55.626  5501  5522 D LogWriteUtil.class=LogFileHandlerThread.class: 2getCurrentFileName: index=3, LogWriteUtil.logfile=app.log, getFileNameSuffix=14
10-11 16:58:55.627  5501  5522 D LogWriteUtil.class=LogFileHandlerThread.class: 1getFilePath: logFormat=2022-10-11, LogWriteUtil.logPathDir=/custom/metro/log
10-11 16:58:55.627  5501  5522 D LogWriteUtil.class=LogFileHandlerThread.class: 2getFilePath: filePath=/custom/metro/log/2022-10-11
10-11 16:58:55.627  5501  5522 D LogWriteUtil.class=LogFileHandlerThread.class: getFileNameSuffix: file=/custom/metro/log/2022-10-11
10-11 16:58:55.628  5501  5522 D LogWriteUtil.class=LogFileHandlerThread.class: 3getCurrentFileName: logFileName=app14.log
10-11 16:58:55.628  5501  5522 D LogWriteUtil.class=LogFileHandlerThread.class: 1getCurrentFileName: LogWriteUtil.logfile=app.log
10-11 16:58:55.629  5501  5522 D LogWriteUtil.class=LogFileHandlerThread.class: 1getFilePath: logFormat=2022-10-11, LogWriteUtil.logPathDir=/custom/metro/log
10-11 16:58:55.629  5501  5522 D LogWriteUtil.class=LogFileHandlerThread.class: 2getFilePath: filePath=/custom/metro/log/2022-10-11
10-11 16:58:55.629  5501  5522 D LogWriteUtil.class=LogFileHandlerThread.class: getFileNameSuffix: file=/custom/metro/log/2022-10-11
10-11 16:58:55.629  5501  5522 D LogWriteUtil.class=LogFileHandlerThread.class: 2getCurrentFileName: index=3, LogWriteUtil.logfile=app.log, getFileNameSuffix=14
10-11 16:58:55.630  5501  5522 D LogWriteUtil.class=LogFileHandlerThread.class: 1getFilePath: logFormat=2022-10-11, LogWriteUtil.logPathDir=/custom/metro/log
10-11 16:58:55.630  5501  5522 D LogWriteUtil.class=LogFileHandlerThread.class: 2getFilePath: filePath=/custom/metro/log/2022-10-11
10-11 16:58:55.630  5501  5522 D LogWriteUtil.class=LogFileHandlerThread.class: getFileNameSuffix: file=/custom/metro/log/2022-10-11
10-11 16:58:55.631  5501  5522 D LogWriteUtil.class=LogFileHandlerThread.class: 3getCurrentFileName: logFileName=app14.log
10-11 16:58:55.631  5501  5522 D TAG     : 2,initFile: /custom/metro/log/2022-10-11/app14.log, logFile.length=0, getCurrentFileName()=app14.log, writeFileName=/custom/metro/log/2022-10-11/app13.log
10-11 16:58:55.631  5501  5522 D LogWriteUtil.class=LogFileHandlerThread.class: 8,initFile: logFile=/custom/metro/log/2022-10-11/app14.log, logFile.length=0
10-11 16:58:55.668  5501  5601 D MainViewModel: getSystemTime_currentThreadID2: 104
10-11 16:58:55.711  5501  5601 D TAG     : getSystemTime_currentThreadID3s: 104, isActive=true
10-11 16:58:55.811  5501  5603 D UdpDcRepository: api send - Thread ID=106, obj={"MsgName":"GetStationATSReq","MsgSeqID":36,"AppID":"172.2.200.12","MsgInfo":{}}
10-11 16:58:55.813   637   637 I cnss-daemon: RTM_NEWNEIGH message received: 28
10-11 16:58:55.814   637   637 I cnss-daemon: NDA_DST received: 192.168.42.133 ul: 562995137259712
10-11 16:58:55.814   637   637 I cnss-daemon: NDA_LLADDR received
10-11 16:58:55.816  5501  5603 I APP_LogUtils.kt: [(LogUtils.kt:50).i()] [UdpDisServices] start: send(String) - thread ID=106, send msg={"MsgName":"GetStationATSReq","MsgSeqID":36,"AppID":"172.2.200.12","MsgInfo":{}}
10-11 16:58:55.818  5501  5522 D LogWriteUtil.class=LogFileHandlerThread.class: 1getFilePath: logFormat=2022-10-11, LogWriteUtil.logPathDir=/custom/metro/log
10-11 16:58:55.818  5501  5522 D LogWriteUtil.class=LogFileHandlerThread.class: 2getFilePath: filePath=/custom/metro/log/2022-10-11
10-11 16:58:55.819  5501  5522 D LogWriteUtil.class=LogFileHandlerThread.class: 1getCurrentFileName: LogWriteUtil.logfile=app.log
10-11 16:58:55.819  5501  5522 D LogWriteUtil.class=LogFileHandlerThread.class: 1getFilePath: logFormat=2022-10-11, LogWriteUtil.logPathDir=/custom/metro/log
10-11 16:58:55.820  5501  5522 D LogWriteUtil.class=LogFileHandlerThread.class: 2getFilePath: filePath=/custom/metro/log/2022-10-11
10-11 16:58:55.820  5501  5522 D LogWriteUtil.class=LogFileHandlerThread.class: getFileNameSuffix: file=/custom/metro/log/2022-10-11
10-11 16:58:55.821  5501  5522 D LogWriteUtil.class=LogFileHandlerThread.class: 2getCurrentFileName: index=3, LogWriteUtil.logfile=app.log, getFileNameSuffix=14
10-11 16:58:55.821  5501  5603 D UdpDcRepository: api send - Thread ID=106, obj={"MsgName":"AppHeartbeat","MsgSeqID":37,"AppID":"172.2.200.12","MsgInfo":{"SDKLongNumber":"+866022012"}}
10-11 16:58:55.822  5501  5522 D LogWriteUtil.class=LogFileHandlerThread.class: 1getFilePath: logFormat=2022-10-11, LogWriteUtil.logPathDir=/custom/metro/log
10-11 16:58:55.822  5501  5522 D LogWriteUtil.class=LogFileHandlerThread.class: 2getFilePath: filePath=/custom/metro/log/2022-10-11
10-11 16:58:55.822  5501  5522 D LogWriteUtil.class=LogFileHandlerThread.class: getFileNameSuffix: file=/custom/metro/log/2022-10-11
10-11 16:58:55.823  5501  5522 D LogWriteUtil.class=LogFileHandlerThread.class: 3getCurrentFileName: logFileName=app14.log
10-11 16:58:55.823  5501  5522 D LogWriteUtil.class=LogFileHandlerThread.class: 1,initFile: getFilePath()=/custom/metro/log/2022-10-11, getCurrentFileName=app14.log
10-11 16:58:55.824  5501  5522 D LogWriteUtil.class=LogFileHandlerThread.class: 1getFilePath: logFormat=2022-10-11, LogWriteUtil.logPathDir=/custom/metro/log
10-11 16:58:55.824  5501  5522 D LogWriteUtil.class=LogFileHandlerThread.class: 2getFilePath: filePath=/custom/metro/log/2022-10-11
10-11 16:58:55.824  5501  5522 D LogWriteUtil.class=LogFileHandlerThread.class: 1getCurrentFileName: LogWriteUtil.logfile=app.log
10-11 16:58:55.825  5501  5522 D LogWriteUtil.class=LogFileHandlerThread.class: 1getFilePath: logFormat=2022-10-11, LogWriteUtil.logPathDir=/custom/metro/log
10-11 16:58:55.825  5501  5522 D LogWriteUtil.class=LogFileHandlerThread.class: 2getFilePath: filePath=/custom/metro/log/2022-10-11
10-11 16:58:55.826  5501  5522 D LogWriteUtil.class=LogFileHandlerThread.class: getFileNameSuffix: file=/custom/metro/log/2022-10-11
10-11 16:58:55.826  5501  5522 D LogWriteUtil.class=LogFileHandlerThread.class: 2getCurrentFileName: index=3, LogWriteUtil.logfile=app.log, getFileNameSuffix=14
10-11 16:58:55.827  5501  5522 D LogWriteUtil.class=LogFileHandlerThread.class: 1getFilePath: logFormat=2022-10-11, LogWriteUtil.logPathDir=/custom/metro/log
10-11 16:58:55.827  5501  5522 D LogWriteUtil.class=LogFileHandlerThread.class: 2getFilePath: filePath=/custom/metro/log/2022-10-11
10-11 16:58:55.827  5501  5603 I APP_LogUtils.kt: [(LogUtils.kt:50).i()] [UdpDisServices] start: send(String) - thread ID=106, send msg={"MsgName":"AppHeartbeat","MsgSeqID":37,"AppID":"172.2.200.12","MsgInfo":{"SDKLongNumber":"+866022012"}}
10-11 16:58:55.828  5501  5522 D LogWriteUtil.class=LogFileHandlerThread.class: getFileNameSuffix: file=/custom/metro/log/2022-10-11
10-11 16:58:55.828  5501  5522 D LogWriteUtil.class=LogFileHandlerThread.class: 3getCurrentFileName: logFileName=app14.log
10-11 16:58:55.829  5501  5522 D LogWriteUtil.class=LogFileHandlerThread.class: 1getCurrentFileName: LogWriteUtil.logfile=app.log
10-11 16:58:55.829  5501  5522 D LogWriteUtil.class=LogFileHandlerThread.class: 1getFilePath: logFormat=2022-10-11, LogWriteUtil.logPathDir=/custom/metro/log
10-11 16:58:55.830  5501  5522 D LogWriteUtil.class=LogFileHandlerThread.class: 2getFilePath: filePath=/custom/metro/log/2022-10-11
10-11 16:58:55.830  5501  5522 D LogWriteUtil.class=LogFileHandlerThread.class: getFileNameSuffix: file=/custom/metro/log/2022-10-11
10-11 16:58:55.830  5501  5522 D LogWriteUtil.class=LogFileHandlerThread.class: 2getCurrentFileName: index=3, LogWriteUtil.logfile=app.log, getFileNameSuffix=14
10-11 16:58:55.831  5501  5522 D LogWriteUtil.class=LogFileHandlerThread.class: 1getFilePath: logFormat=2022-10-11, LogWriteUtil.logPathDir=/custom/metro/log
10-11 16:58:55.832  5501  5522 D LogWriteUtil.class=LogFileHandlerThread.class: 2getFilePath: filePath=/custom/metro/log/2022-10-11
10-11 16:58:55.832  5501  5522 D LogWriteUtil.class=LogFileHandlerThread.class: getFileNameSuffix: file=/custom/metro/log/2022-10-11
10-11 16:58:55.833  5501  5522 D LogWriteUtil.class=LogFileHandlerThread.class: 3getCurrentFileName: logFileName=app14.log
10-11 16:58:55.833  5501  5522 D TAG     : 2,initFile: /custom/metro/log/2022-10-11/app14.log, logFile.length=0, getCurrentFileName()=app14.log, writeFileName=/custom/metro/log/2022-10-11/app13.log
10-11 16:58:55.833  5501  5522 D LogWriteUtil.class=LogFileHandlerThread.class: 8,initFile: logFile=/custom/metro/log/2022-10-11/app14.log, logFile.length=0
10-11 16:58:55.835  5501  5522 D LogWriteUtil.class=LogFileHandlerThread.class: 1getFilePath: logFormat=2022-10-11, LogWriteUtil.logPathDir=/custom/metro/log
10-11 16:58:55.835  5501  5522 D LogWriteUtil.class=LogFileHandlerThread.class: 2getFilePath: filePath=/custom/metro/log/2022-10-11
10-11 16:58:55.835  5501  5522 D LogWriteUtil.class=LogFileHandlerThread.class: 1getCurrentFileName: LogWriteUtil.logfile=app.log
10-11 16:58:55.835  5501  5522 D LogWriteUtil.class=LogFileHandlerThread.class: 1getFilePath: logFormat=2022-10-11, LogWriteUtil.logPathDir=/custom/metro/log
10-11 16:58:55.836  5501  5522 D LogWriteUtil.class=LogFileHandlerThread.class: 2getFilePath: filePath=/custom/metro/log/2022-10-11
10-11 16:58:55.836  5501  5522 D LogWriteUtil.class=LogFileHandlerThread.class: getFileNameSuffix: file=/custom/metro/log/2022-10-11
10-11 16:58:55.836  5501  5522 D LogWriteUtil.class=LogFileHandlerThread.class: 2getCurrentFileName: index=3, LogWriteUtil.logfile=app.log, getFileNameSuffix=14
10-11 16:58:55.837  5501  5522 D LogWriteUtil.class=LogFileHandlerThread.class: 1getFilePath: logFormat=2022-10-11, LogWriteUtil.logPathDir=/custom/metro/log
10-11 16:58:55.837  5501  5522 D LogWriteUtil.class=LogFileHandlerThread.class: 2getFilePath: filePath=/custom/metro/log/2022-10-11
10-11 16:58:55.837  5501  5522 D LogWriteUtil.class=LogFileHandlerThread.class: getFileNameSuffix: file=/custom/metro/log/2022-10-11
10-11 16:58:55.837  5501  5522 D LogWriteUtil.class=LogFileHandlerThread.class: 3getCurrentFileName: logFileName=app14.log
10-11 16:58:55.837  5501  5522 D LogWriteUtil.class=LogFileHandlerThread.class: 1,initFile: getFilePath()=/custom/metro/log/2022-10-11, getCurrentFileName=app14.log
10-11 16:58:55.838  5501  5522 D LogWriteUtil.class=LogFileHandlerThread.class: 1getFilePath: logFormat=2022-10-11, LogWriteUtil.logPathDir=/custom/metro/log
10-11 16:58:55.838  5501  5522 D LogWriteUtil.class=LogFileHandlerThread.class: 2getFilePath: filePath=/custom/metro/log/2022-10-11
10-11 16:58:55.838  5501  5522 D LogWriteUtil.class=LogFileHandlerThread.class: 1getCurrentFileName: LogWriteUtil.logfile=app.log
10-11 16:58:55.839  5501  5522 D LogWriteUtil.class=LogFileHandlerThread.class: 1getFilePath: logFormat=2022-10-11, LogWriteUtil.logPathDir=/custom/metro/log
10-11 16:58:55.839  5501  5522 D LogWriteUtil.class=LogFileHandlerThread.class: 2getFilePath: filePath=/custom/metro/log/2022-10-11
10-11 16:58:55.839  5501  5522 D LogWriteUtil.class=LogFileHandlerThread.class: getFileNameSuffix: file=/custom/metro/log/2022-10-11
10-11 16:58:55.839  5501  5522 D LogWriteUtil.class=LogFileHandlerThread.class: 2getCurrentFileName: index=3, LogWriteUtil.logfile=app.log, getFileNameSuffix=14
10-11 16:58:55.840  5501  5522 D LogWriteUtil.class=LogFileHandlerThread.class: 1getFilePath: logFormat=2022-10-11, LogWriteUtil.logPathDir=/custom/metro/log
10-11 16:58:55.840  5501  5522 D LogWriteUtil.class=LogFileHandlerThread.class: 2getFilePath: filePath=/custom/metro/log/2022-10-11
10-11 16:58:55.840  5501  5522 D LogWriteUtil.class=LogFileHandlerThread.class: getFileNameSuffix: file=/custom/metro/log/2022-10-11
10-11 16:58:55.841  5501  5522 D LogWriteUtil.class=LogFileHandlerThread.class: 3getCurrentFileName: logFileName=app14.log
10-11 16:58:55.841  5501  5522 D LogWriteUtil.class=LogFileHandlerThread.class: 1getCurrentFileName: LogWriteUtil.logfile=app.log
10-11 16:58:55.842  5501  5522 D LogWriteUtil.class=LogFileHandlerThread.class: 1getFilePath: logFormat=2022-10-11, LogWriteUtil.logPathDir=/custom/metro/log
10-11 16:58:55.842  5501  5522 D LogWriteUtil.class=LogFileHandlerThread.class: 2getFilePath: filePath=/custom/metro/log/2022-10-11
10-11 16:58:55.842  5501  5522 D LogWriteUtil.class=LogFileHandlerThread.class: getFileNameSuffix: file=/custom/metro/log/2022-10-11
10-11 16:58:55.842  5501  5522 D LogWriteUtil.class=LogFileHandlerThread.class: 2getCurrentFileName: index=3, LogWriteUtil.logfile=app.log, getFileNameSuffix=14
10-11 16:58:55.843  5501  5522 D LogWriteUtil.class=LogFileHandlerThread.class: 1getFilePath: logFormat=2022-10-11, LogWriteUtil.logPathDir=/custom/metro/log
10-11 16:58:55.843  5501  5522 D LogWriteUtil.class=LogFileHandlerThread.class: 2getFilePath: filePath=/custom/metro/log/2022-10-11
10-11 16:58:55.843  5501  5522 D LogWriteUtil.class=LogFileHandlerThread.class: getFileNameSuffix: file=/custom/metro/log/2022-10-11
10-11 16:58:55.844  5501  5522 D LogWriteUtil.class=LogFileHandlerThread.class: 3getCurrentFileName: logFileName=app14.log
10-11 16:58:55.844  5501  5522 D TAG     : 2,initFile: /custom/metro/log/2022-10-11/app14.log, logFile.length=0, getCurrentFileName()=app14.log, writeFileName=/custom/metro/log/2022-10-11/app13.log
10-11 16:58:55.844  5501  5522 D LogWriteUtil.class=LogFileHandlerThread.class: 8,initFile: logFile=/custom/metro/log/2022-10-11/app14.log, logFile.length=0
10-11 16:58:55.855  5501  5557 D LTERILJ : [UNSL]< RIL_UNSOL_NOTIFY_PTT_GROUPCALL_IND
10-11 16:58:55.856  5501  5557 D LTERILJ : [UNSL]< RIL_UNSOL_NOTIFY_PTT_FLOOR_INFO
10-11 16:58:55.856  5501  5554 D LTECallTracker: handleMessage  event = LTE_RESP_CALL_GROUPCALLIND
10-11 16:58:55.856  5501  5554 D         : B-TrunC Call Analyzer: PTTGroupCall unsol
10-11 16:58:55.856  5501  5554 D         : mGroupCallIndHandler
10-11 16:58:55.856  5501  5554 D LTECallTracker: getCallById() not find call
10-11 16:58:55.856  5501  5554 D LTECallTracker: getCallById() not find call
10-11 16:58:55.856  5501  5554 D         : origGroupCall == null
10-11 16:58:55.857  5501  5554 D LTECallTracker: handleMessage  event = LTE_REQ_CALL_STOP_MACHINE
10-11 16:58:55.857  5501  5554 D LTECallTracker: mCallList.size is already 0
10-11 16:58:55.857  5501  5557 D LTERILJ : floorinfo is not same, update it[callId]2701787394[floorState]0[speakerNum]6023393[speakerShortNum]3393[groupNum]866027332[groupShortNum]7332[speakerVideoIpType]0[speakerVideoIp][speakerVideoIpPort]0
10-11 16:58:55.857  5501  5554 D LTECallTracker: createCall() PttGroupCallInd
10-11 16:58:55.862  5501  5501 D MainActivity: updateSignalIcon: signal=4
10-11 16:58:55.864  5501  5566 D UdpDisServices: udp receive - api receive data disApi, udp service id=86  - udp.packet.address=/172.2.208.8, udp.pack.socketAddress=/172.2.208.8:64002, udp.port=64002- running=true - message={"MsgSeqID":1255802,"MsgName":"DisReceivedNotify","MsgInfo":{"AppMsgSeqID":36,"Code":10001}}
10-11 16:58:55.865  5501  5566 I APP_LogUtils.kt: [(LogUtils.kt:50).i()] [UdpDisServices] udp receive - api receive data disApi, udp service id=86 - running=true  - ip=/172.2.208.8 - port=64002 - message={"MsgSeqID":1255802,"MsgName":"DisReceivedNotify","MsgInfo":{"AppMsgSeqID":36,"Code":10001}}
10-11 16:58:55.871  5501  5522 D LogWriteUtil.class=LogFileHandlerThread.class: 1getFilePath: logFormat=2022-10-11, LogWriteUtil.logPathDir=/custom/metro/log
10-11 16:58:55.871  5501  5522 D LogWriteUtil.class=LogFileHandlerThread.class: 2getFilePath: filePath=/custom/metro/log/2022-10-11
10-11 16:58:55.871  5501  5522 D LogWriteUtil.class=LogFileHandlerThread.class: 1getCurrentFileName: LogWriteUtil.logfile=app.log
10-11 16:58:55.872  5501  5522 D LogWriteUtil.class=LogFileHandlerThread.class: 1getFilePath: logFormat=2022-10-11, LogWriteUtil.logPathDir=/custom/metro/log
10-11 16:58:55.872  5501  5522 D LogWriteUtil.class=LogFileHandlerThread.class: 2getFilePath: filePath=/custom/metro/log/2022-10-11
10-11 16:58:55.872  5501  5522 D LogWriteUtil.class=LogFileHandlerThread.class: getFileNameSuffix: file=/custom/metro/log/2022-10-11
10-11 16:58:55.873  5501  5522 D LogWriteUtil.class=LogFileHandlerThread.class: 2getCurrentFileName: index=3, LogWriteUtil.logfile=app.log, getFileNameSuffix=14
10-11 16:58:55.873  5501  5522 D LogWriteUtil.class=LogFileHandlerThread.class: 1getFilePath: logFormat=2022-10-11, LogWriteUtil.logPathDir=/custom/metro/log
10-11 16:58:55.873  5501  5522 D LogWriteUtil.class=LogFileHandlerThread.class: 2getFilePath: filePath=/custom/metro/log/2022-10-11
10-11 16:58:55.874  5501  5522 D LogWriteUtil.class=LogFileHandlerThread.class: getFileNameSuffix: file=/custom/metro/log/2022-10-11
10-11 16:58:55.874  5501  5522 D LogWriteUtil.class=LogFileHandlerThread.class: 3getCurrentFileName: logFileName=app14.log
10-11 16:58:55.874  5501  5522 D LogWriteUtil.class=LogFileHandlerThread.class: 1,initFile: getFilePath()=/custom/metro/log/2022-10-11, getCurrentFileName=app14.log
10-11 16:58:55.875  5501  5554 D PTTCallparam: PTTCallparam getInstance
10-11 16:58:55.875  5501  5522 D LogWriteUtil.class=LogFileHandlerThread.class: 1getFilePath: logFormat=2022-10-11, LogWriteUtil.logPathDir=/custom/metro/log
10-11 16:58:55.875  5501  5554 D VideoParam: videoQuality = 384
10-11 16:58:55.875  5501  5522 D LogWriteUtil.class=LogFileHandlerThread.class: 2getFilePath: filePath=/custom/metro/log/2022-10-11
10-11 16:58:55.875  5501  5554 D com.ztegota.system.lte.call.LTEMedia: ismSupportVideoCall true
10-11 16:58:55.875  5501  5522 D LogWriteUtil.class=LogFileHandlerThread.class: 1getCurrentFileName: LogWriteUtil.logfile=app.log
10-11 16:58:55.875  5501  5554 D PTTCall : statusClassName= com.ztegota.system.lte.call.LTECallDefaultStatus
10-11 16:58:55.876  5501  5554 D PTTCall : switchToStatus oldCallStatus = UNDEFINE, newCallStatus = LTEDEFAULT
10-11 16:58:55.876  5501  5554 D PTTCall : init call state, no need to notify
10-11 16:58:55.876  5501  5554 D LTECallTracker: addCall() call size is 0
10-11 16:58:55.876  5501  5554 D LTECallDefaultStatus: onGroupCallInd()
10-11 16:58:55.876  5501  5522 D LogWriteUtil.class=LogFileHandlerThread.class: 1getFilePath: logFormat=2022-10-11, LogWriteUtil.logPathDir=/custom/metro/log
10-11 16:58:55.876  5501  5522 D LogWriteUtil.class=LogFileHandlerThread.class: 2getFilePath: filePath=/custom/metro/log/2022-10-11
10-11 16:58:55.876  5501  5554 D PTTCall : statusClassName= com.ztegota.system.lte.call.LTECallWaitingStatus
10-11 16:58:55.876  5501  5522 D LogWriteUtil.class=LogFileHandlerThread.class: getFileNameSuffix: file=/custom/metro/log/2022-10-11
10-11 16:58:55.876  5501  5554 D PTTCall : switchToStatus oldCallStatus = LTEDEFAULT, newCallStatus = LTEWAITING
10-11 16:58:55.876  5501  5554 V LTECallWaitingStatus: onActiveCallStatus EVENT_DELAY_HANDLE_PTTRELEASE is removeMessages
10-11 16:58:55.876  5501  5554 D PTTCall : needNotify need is true
10-11 16:58:55.876  5501  5522 D LogWriteUtil.class=LogFileHandlerThread.class: 2getCurrentFileName: index=3, LogWriteUtil.logfile=app.log, getFileNameSuffix=14
10-11 16:58:55.877  5501  5554 D PTTCall : statusClassName= com.ztegota.system.lte.call.LTECallListenStatus
10-11 16:58:55.877  5501  5554 D PTTCall : switchToStatus oldCallStatus = LTEWAITING, newCallStatus = LTELISTEN
10-11 16:58:55.877  5501  5554 V LTECallWaitingStatus: onDeactiveCallStatus EVENT_DELAY_HANDLE_PTTRELEASE is removeMessages
10-11 16:58:55.877  5501  5522 D LogWriteUtil.class=LogFileHandlerThread.class: 1getFilePath: logFormat=2022-10-11, LogWriteUtil.logPathDir=/custom/metro/log
10-11 16:58:55.877  5501  5522 D LogWriteUtil.class=LogFileHandlerThread.class: 2getFilePath: filePath=/custom/metro/log/2022-10-11
10-11 16:58:55.877  5501  5522 D LogWriteUtil.class=LogFileHandlerThread.class: getFileNameSuffix: file=/custom/metro/log/2022-10-11
10-11 16:58:55.877  5501  5554 D PTTCall : setLTECallConnectTime:
10-11 16:58:55.877  5501  5554 D LTERILJ : [0046]> RIL_REQUEST_ZTE_SET_CALL_STATE_TO_RILD
10-11 16:58:55.878  5501  5522 D LogWriteUtil.class=LogFileHandlerThread.class: 3getCurrentFileName: logFileName=app14.log
10-11 16:58:55.879  5501  5522 D LogWriteUtil.class=LogFileHandlerThread.class: 1getCurrentFileName: LogWriteUtil.logfile=app.log
10-11 16:58:55.880  5501  5554 D com.ztegota.system.lte.call.LTEMedia: initMediaStream 
10-11 16:58:55.880  5501  5563 D com.ztegota.system.lte.call.LTEMedia: handleMessage event=302
10-11 16:58:55.880  5501  5563 D com.ztegota.system.lte.call.LTEMedia: MEDIA_INIT mMediaStatus =IDLE
10-11 16:58:55.881  5501  5563 D com.ztegota.system.lte.call.LTEMedia: doMediaInit() begin 
10-11 16:58:55.883  5501  5522 D LogWriteUtil.class=LogFileHandlerThread.class: 1getFilePath: logFormat=2022-10-11, LogWriteUtil.logPathDir=/custom/metro/log
10-11 16:58:55.883  5501  5554 D PTTCall : needNotify need is true
10-11 16:58:55.883  5501  5522 D LogWriteUtil.class=LogFileHandlerThread.class: 2getFilePath: filePath=/custom/metro/log/2022-10-11
10-11 16:58:55.883  5501  5554 D LTECallTracker: handleMessage  event = LTE_RESP_CALL_GROUPCALLIND
10-11 16:58:55.883  5501  5554 D LTECallTracker: handleCallGroupIndMsgForCon
10-11 16:58:55.883  5501  5554 D LTEConCallController: mCallPolicyManager == null
10-11 16:58:55.883  5501  5554 D         : handleMessage  event = LTE_RESP_CALL_FLOORINFO
10-11 16:58:55.883  5501  5554 D         : floorinfo is not same update mLastFloorInfo[callId]2701787394[floorState]0[speakerNum]6023393[speakerShortNum]3393[groupNum]866027332[groupShortNum]7332[speakerVideoIpType]0[speakerVideoIp][speakerVideoIpPort]0
10-11 16:58:55.883  5501  5522 D LogWriteUtil.class=LogFileHandlerThread.class: getFileNameSuffix: file=/custom/metro/log/2022-10-11
10-11 16:58:55.884  5501  5554 D LTECallListenStatus: onFloorInfo, notifyUI
10-11 16:58:55.884  5501  5554 D PTTCall : needNotify need is true
10-11 16:58:55.885  5501  5522 D LogWriteUtil.class=LogFileHandlerThread.class: 2getCurrentFileName: index=3, LogWriteUtil.logfile=app.log, getFileNameSuffix=14
10-11 16:58:55.886  5501  5522 D LogWriteUtil.class=LogFileHandlerThread.class: 1getFilePath: logFormat=2022-10-11, LogWriteUtil.logPathDir=/custom/metro/log
10-11 16:58:55.886  5501  5522 D LogWriteUtil.class=LogFileHandlerThread.class: 2getFilePath: filePath=/custom/metro/log/2022-10-11
10-11 16:58:55.887  5501  5522 D LogWriteUtil.class=LogFileHandlerThread.class: getFileNameSuffix: file=/custom/metro/log/2022-10-11
10-11 16:58:55.887  5501  5522 D LogWriteUtil.class=LogFileHandlerThread.class: 3getCurrentFileName: logFileName=app14.log
10-11 16:58:55.887  5501  5522 D TAG     : 2,initFile: /custom/metro/log/2022-10-11/app14.log, logFile.length=0, getCurrentFileName()=app14.log, writeFileName=/custom/metro/log/2022-10-11/app13.log
10-11 16:58:55.888  5501  5522 D LogWriteUtil.class=LogFileHandlerThread.class: 8,initFile: logFile=/custom/metro/log/2022-10-11/app14.log, logFile.length=0
10-11 16:58:55.891  5501  5563 D com.ztegota.system.lte.call.LTEMedia: turn on speaker in LteMedia
10-11 16:58:55.893   608  2059 D AudioPolicyManagerCustom: setForceUse() usage 0, config 1, mPhoneState 0
10-11 16:58:55.894  5501  5566 D UdpDisServices: udp receive - api receive data disApi, udp service id=86  - udp.packet.address=/172.2.208.8, udp.pack.socketAddress=/172.2.208.8:64002, udp.port=64002- running=true - message={"MsgSeqID":1255803,"MsgName":"GetStationATSRsp","MsgInfo":{"Code":10011,"StationATSInfos":[{"TrainGroupNumber":"212","ServiceNumber":"000","TrainCrewNumber":"000","TrainPosition":"1","TrainRunningPosition":"1","RailName":"T1212","StationID":"012","TerminalStationID":"000","DestinationID":"000"}]}}
10-11 16:58:55.895  5501  5566 I APP_LogUtils.kt: [(LogUtils.kt:50).i()] [UdpDisServices] udp receive - api receive data disApi, udp service id=86 - running=true  - ip=/172.2.208.8 - port=64002 - message={"MsgSeqID":1255803,"MsgName":"GetStationATSRsp","MsgInfo":{"Code":10011,"StationATSInfos":[{"TrainGroupNumber":"212","ServiceNumber":"000","TrainCrewNumber":"000","TrainPosition":"1","TrainRunningPosition":"1","RailName":"T1212","StationID":"012","TerminalStationID":"000","DestinationID":"000"}]}}
10-11 16:58:55.896  5501  5566 D UdpDisServices: udp receive - api receive data disApi, udp service id=86  - udp.packet.address=/172.2.208.8, udp.pack.socketAddress=/172.2.208.8:64002, udp.port=64002- running=true - message={"MsgSeqID":1255804,"MsgName":"DisReceivedNotify","MsgInfo":{"AppMsgSeqID":37,"Code":10001}}
10-11 16:58:55.896  5501  5522 D LogWriteUtil.class=LogFileHandlerThread.class: 1getFilePath: logFormat=2022-10-11, LogWriteUtil.logPathDir=/custom/metro/log
10-11 16:58:55.897  5501  5522 D LogWriteUtil.class=LogFileHandlerThread.class: 2getFilePath: filePath=/custom/metro/log/2022-10-11
10-11 16:58:55.897  5501  5563 D com.ztegota.system.lte.call.LTEMedia: media audiomode = 0
10-11 16:58:55.897  5501  5522 D LogWriteUtil.class=LogFileHandlerThread.class: 1getCurrentFileName: LogWriteUtil.logfile=app.log
10-11 16:58:55.897  5501  5566 I APP_LogUtils.kt: [(LogUtils.kt:50).i()] [UdpDisServices] udp receive - api receive data disApi, udp service id=86 - running=true  - ip=/172.2.208.8 - port=64002 - message={"MsgSeqID":1255804,"MsgName":"DisReceivedNotify","MsgInfo":{"AppMsgSeqID":37,"Code":10001}}
10-11 16:58:55.897  5501  5563 I Linphone_JAVA: enableVideo :false
10-11 16:58:55.897  5501  5563 D com.ztegota.system.lte.call.LTEMedia:  init setPttCall  start sourceip = 172.2.200.12,ipAddrPds = 192.168.90.81,mCallType =3,mServiceType= 3
10-11 16:58:55.897  5501  5522 D LogWriteUtil.class=LogFileHandlerThread.class: 1getFilePath: logFormat=2022-10-11, LogWriteUtil.logPathDir=/custom/metro/log
10-11 16:58:55.897  5501  5522 D LogWriteUtil.class=LogFileHandlerThread.class: 2getFilePath: filePath=/custom/metro/log/2022-10-11
10-11 16:58:55.897  5501  5522 D LogWriteUtil.class=LogFileHandlerThread.class: getFileNameSuffix: file=/custom/metro/log/2022-10-11
10-11 16:58:55.898  5501  5641 D com.ztegota.system.lte.call.LTEMedia: B-TrunC Call Analyzer:  start
10-11 16:58:55.898  5501  5522 D LogWriteUtil.class=LogFileHandlerThread.class: 2getCurrentFileName: index=3, LogWriteUtil.logfile=app.log, getFileNameSuffix=14
10-11 16:58:55.899  5501  5522 D LogWriteUtil.class=LogFileHandlerThread.class: 1getFilePath: logFormat=2022-10-11, LogWriteUtil.logPathDir=/custom/metro/log
10-11 16:58:55.899  5501  5522 D LogWriteUtil.class=LogFileHandlerThread.class: 2getFilePath: filePath=/custom/metro/log/2022-10-11
10-11 16:58:55.899  5501  5522 D LogWriteUtil.class=LogFileHandlerThread.class: getFileNameSuffix: file=/custom/metro/log/2022-10-11
10-11 16:58:55.899  5501  5522 D LogWriteUtil.class=LogFileHandlerThread.class: 3getCurrentFileName: logFileName=app14.log
10-11 16:58:55.899  5501  5522 D LogWriteUtil.class=LogFileHandlerThread.class: 1,initFile: getFilePath()=/custom/metro/log/2022-10-11, getCurrentFileName=app14.log
10-11 16:58:55.899  5501  5563 D IP: getEthIpAddress ,interface:eth0,ip:192.168.42.130
10-11 16:58:55.900  5501  5563 D com.ztegota.system.lte.call.LTEMedia: finally localIp is 192.168.42.130
10-11 16:58:55.900  5501  5563 I libjingle: --dxp-- linphone_ptt_call_set_local_net_info[ip:192.168.42.130,audioport:40000,videoport:40002] 
10-11 16:58:55.900  5501  5522 D LogWriteUtil.class=LogFileHandlerThread.class: 1getFilePath: logFormat=2022-10-11, LogWriteUtil.logPathDir=/custom/metro/log
10-11 16:58:55.900  5501  5522 D LogWriteUtil.class=LogFileHandlerThread.class: 2getFilePath: filePath=/custom/metro/log/2022-10-11
10-11 16:58:55.900  5501  5563 I libjingle: --dxp-- linphone_ptt_call_set_remote_net_info[ip:192.168.90.81,audioport:13022,videoport:13024] 
10-11 16:58:55.900  5501  5563 I libjingle: --dxp-- linphone_ptt_call_set_remote_net_info[lcphone->audiostate:0,lcphone->videostate:0] 
10-11 16:58:55.900  5501  5522 D LogWriteUtil.class=LogFileHandlerThread.class: 1getCurrentFileName: LogWriteUtil.logfile=app.log
10-11 16:58:55.900  5501  5563 D AudioParam: getFormat:1
10-11 16:58:55.900  5501  5563 D AudioParam: getPtime:40
10-11 16:58:55.901   608  3379 D audio_hw_primary: adev_set_mode: mode 3
10-11 16:58:55.901  5501  5563 D Linphone_JAVA: libphone setAmrParam bit:12200
10-11 16:58:55.901   608  3379 D AudioPolicyManagerCustom: setPhoneState() state 3
10-11 16:58:55.901  5501  5563 D Linphone_JAVA: libphone setAmrParam ptime:40
10-11 16:58:55.901  5501  5522 D LogWriteUtil.class=LogFileHandlerThread.class: 1getFilePath: logFormat=2022-10-11, LogWriteUtil.logPathDir=/custom/metro/log
10-11 16:58:55.901  5501  5563 I libjingle:  --dxp-- [linphone_core_set_amr_param] bitratae:12200
10-11 16:58:55.901  5501  5522 D LogWriteUtil.class=LogFileHandlerThread.class: 2getFilePath: filePath=/custom/metro/log/2022-10-11
10-11 16:58:55.901  5501  5563 I libjingle: --dxp-- linphone_ptt_call_set_group_net_info[ip:239.1.1.1,audioport:13526,videoport:13048] 
10-11 16:58:55.901  5501  5563 I libjingle: --dxp-- linphone_ptt_call_set_group_net_info[lcphone->audiostate:0,lcphone->videostate:0] 
10-11 16:58:55.901  5501  5563 I libjingle: --dxp-- linphone_ptt_call_set_group_net_info [err,audiostate:0]
10-11 16:58:55.901  5501  5563 I libjingle: --dxp-- linphone_ptt_call_set_group_net_info [err,videostate:0]
10-11 16:58:55.901  5501  5522 D LogWriteUtil.class=LogFileHandlerThread.class: getFileNameSuffix: file=/custom/metro/log/2022-10-11
10-11 16:58:55.901  5501  5563 D Linphone_JAVA: libphone configBtruncPcmType type is 0
10-11 16:58:55.902  5501  5563 I libjingle: --dxp--[linphone_call_configBtruncPcmType] line:1757 type &d
10-11 16:58:55.902  5501  5522 D LogWriteUtil.class=LogFileHandlerThread.class: 2getCurrentFileName: index=3, LogWriteUtil.logfile=app.log, getFileNameSuffix=14
10-11 16:58:55.902  5501  5563 D org.linphone.core.LinphoneCoreImpl: first para is 3 secord para is 1
10-11 16:58:55.902  5501  5563 I libjingle: --dxp-- [linphone_ptt_call_set][callMode:3,dir:1] 
10-11 16:58:55.902  5501  5563 I libjingle: --dxp-- [linphone_ptt_call_init][1132] , caltta_linphone_version: [[v1.1.2]_[Jul  5 2022]_[09:58:12]_[unknown]]
10-11 16:58:55.902  5501  5563 I libjingle: --dxp-- [linphone_ptt_call_set][from:192.168.42.130] 
10-11 16:58:55.902  5501  5522 D LogWriteUtil.class=LogFileHandlerThread.class: 1getFilePath: logFormat=2022-10-11, LogWriteUtil.logPathDir=/custom/metro/log
10-11 16:58:55.903  5501  5563 I B-TrunC : Notifying all friends that we are in status 5
10-11 16:58:55.903  5501  5563 I libjingle: --dxp-- [linphone_ptt_call_start][video 0][audio 1] 
10-11 16:58:55.903  5501  5563 I B-TrunC : --dxp--create_duplex_rtpsession isvideo:0
10-11 16:58:55.903  5501  5563 I B-TrunC : rtp_session_init ssrc is 869278882
10-11 16:58:55.903  5501  5563 W B-TrunC : --dxp-- rtp_session_set_recv_payload_type  in session:cff7fb00 ,payload type -1.
10-11 16:58:55.903  5501  5563 I B-TrunC : --dxp--create_duplex_rtpsession recv size:0
10-11 16:58:55.903  5501  5563 I rtpsession: --dxp--create_and_bind_multicast  --ipv4 
10-11 16:58:55.903  5501  5563 I rtpsession: --dxp--4 ADDR_IS_MULTICAST
10-11 16:58:55.903  5501  5563 I rtpsession: --dxp--4 socket addr:239.1.1.1,port:13526
10-11 16:58:55.903  5501  5563 I rtpsession: --dxp--rtp_session_set_local_addr   
10-11 16:58:55.903  5501  5563 I rtpsession: --dxp--create_and_bind 
10-11 16:58:55.903  5501  5563 I rtpsession: --dxp--create_and_bind 
10-11 16:58:55.904  5501  5563 W System.err: java.lang.ClassNotFoundException: Didn't find class "com.ztegota.system.e2ee.E2EETracker" on path: DexPathList[[zip file "/data/app/com.gbcom.metrosystem-2/base.apk"],nativeLibraryDirectories=[/data/app/com.gbcom.metrosystem-2/lib/arm, /system/fake-libs, /data/app/com.gbcom.metrosystem-2/base.apk!/lib/armeabi-v7a, /system/lib, /vendor/lib]]
10-11 16:58:55.904  5501  5563 W System.err: 	at dalvik.system.BaseDexClassLoader.findClass(BaseDexClassLoader.java:56)
10-11 16:58:55.905  5501  5563 W System.err: 	at java.lang.ClassLoader.loadClass(ClassLoader.java:380)
10-11 16:58:55.905  5501  5563 W System.err: 	at java.lang.ClassLoader.loadClass(ClassLoader.java:312)
10-11 16:58:55.905  5501  5563 W System.err: 	at org.linphone.core.LinphoneCoreImpl.setPttCall(Native Method)
10-11 16:58:55.905  5501  5563 W System.err: 	at org.linphone.core.LinphoneCoreImpl.setPttCall(LinphoneCoreImpl.java:950)
10-11 16:58:55.905  5501  5563 W System.err: 	at com.ztegota.system.lte.call.LTEMedia.doMediaInit(LTEMedia.java:500)
10-11 16:58:55.905  5501  5563 W System.err: 	at com.ztegota.system.lte.call.LTEMedia.access$1(LTEMedia.java:346)
10-11 16:58:55.905  5501  5563 W System.err: 	at com.ztegota.system.lte.call.LTEMedia$WorkerHandler.handleMessage(LTEMedia.java:775)
10-11 16:58:55.905  5501  5563 W System.err: 	at android.os.Handler.dispatchMessage(Handler.java:102)
10-11 16:58:55.905  5501  5563 W System.err: 	at android.os.Looper.loop(Looper.java:154)
10-11 16:58:55.905  5501  5563 W System.err: 	at android.os.HandlerThread.run(HandlerThread.java:61)
10-11 16:58:55.905  5501  5563 E B-TrunC : Could not load Java class [com/ztegota/system/e2ee/E2EETracker]
10-11 16:58:55.905  5501  5563 I B-TrunC : E2EETracker.java no found
10-11 16:58:55.905  5501  5563 I libjingle: --dxp-- [linphone_ptt_call_start_audio][sample:0] 
10-11 16:58:55.905  5501  5563 I B-TrunC : --dxp-- [audio_stream_start_full][el_type:(null),use_gc:0,use_agc:0,use_ng:0,eq_active:0] 
10-11 16:58:55.905  5501  5563 I rtpsession: --dxp-- rtp_session_set_remote_addr_full , addr:192.168.90.81,port:13022 ,loc_port:40000
10-11 16:58:55.905  5501  5563 W B-TrunC : --dxp-- rtp_session_set_recv_payload_type  in session:cff7fb00 ,payload type 126.
10-11 16:58:55.905  5501  5563 I B-TrunC : --dxp-- [audio_stream_start_full]ine:280,stream->ms.rtpsend:d02833f0 
10-11 16:58:55.906  5501  5563 W System.err: java.lang.ClassNotFoundException: Didn't find class "com.ztegota.system.e2ee.E2EETracker" on path: DexPathList[[zip file "/data/app/com.gbcom.metrosystem-2/base.apk"],nativeLibraryDirectories=[/data/app/com.gbcom.metrosystem-2/lib/arm, /system/fake-libs, /data/app/com.gbcom.metrosystem-2/base.apk!/lib/armeabi-v7a, /system/lib, /vendor/lib]]
10-11 16:58:55.906  5501  5563 W System.err: 	at dalvik.system.BaseDexClassLoader.findClass(BaseDexClassLoader.java:56)
10-11 16:58:55.907  5501  5563 W System.err: 	at java.lang.ClassLoader.loadClass(ClassLoader.java:380)
10-11 16:58:55.907  5501  5563 W System.err: 	at java.lang.ClassLoader.loadClass(ClassLoader.java:312)
10-11 16:58:55.907  5501  5522 D LogWriteUtil.class=LogFileHandlerThread.class: 2getFilePath: filePath=/custom/metro/log/2022-10-11
10-11 16:58:55.907  5501  5563 W System.err: 	at org.linphone.core.LinphoneCoreImpl.setPttCall(Native Method)
10-11 16:58:55.907  5501  5563 W System.err: 	at org.linphone.core.LinphoneCoreImpl.setPttCall(LinphoneCoreImpl.java:950)
10-11 16:58:55.907  5501  5563 W System.err: 	at com.ztegota.system.lte.call.LTEMedia.doMediaInit(LTEMedia.java:500)
10-11 16:58:55.907  5501  5522 D LogWriteUtil.class=LogFileHandlerThread.class: getFileNameSuffix: file=/custom/metro/log/2022-10-11
10-11 16:58:55.907  5501  5563 W System.err: 	at com.ztegota.system.lte.call.LTEMedia.access$1(LTEMedia.java:346)
10-11 16:58:55.907  5501  5563 W System.err: 	at com.ztegota.system.lte.call.LTEMedia$WorkerHandler.handleMessage(LTEMedia.java:775)
10-11 16:58:55.907  5501  5563 W System.err: 	at android.os.Handler.dispatchMessage(Handler.java:102)
10-11 16:58:55.907  5501  5563 W System.err: 	at android.os.Looper.loop(Looper.java:154)
10-11 16:58:55.907  5501  5563 W System.err: 	at android.os.HandlerThread.run(HandlerThread.java:61)
10-11 16:58:55.907  5501  5563 E B-TrunC : Could not load Java class [com/ztegota/system/e2ee/E2EETracker]
