--------- beginning of main
10-11 16:58:29.584   740   740 I MSM-irqbalance: Decided to move IRQ3 from CPU2 [P:0] to CPU6 [P:1] (banned)
10-11 16:58:29.586   740   740 I MSM-irqbalance: Decided to move IRQ5 from CPU2 [P:0] to CPU4 [P:1] (banned)
10-11 16:58:29.588   740   740 I MSM-irqbalance: Decided to move IRQ5 from CPU3 [P:0] to CPU7 [P:1] (banned)
10-11 16:58:29.589   740   740 I MSM-irqbalance: Decided to move IRQ5 from CPU0 [P:0] to CPU5 [P:1] (banned)
10-11 16:58:29.591   740   740 I MSM-irqbalance: Decided to move IRQ3 from CPU0 [P:0] to CPU6 [P:1] (banned)
10-11 16:58:29.593   740   740 I MSM-irqbalance: Decided to move IRQ3 from CPU1 [P:0] to CPU4 [P:1] (banned)
10-11 16:58:29.594   740   740 I MSM-irqbalance: Decided to move IRQ5 from CPU1 [P:0] to CPU7 [P:1] (banned)
10-11 16:58:29.628  5501  5557 I chatty  : uid=1000(system) RILRemoteReceiv expire 2 lines
10-11 16:58:29.629  5501  5554 I chatty  : uid=1000(system) GotaSystem expire 2 lines
10-11 16:58:29.630  5501  5501 I chatty  : uid=1000(system) com.gbcom.metrosystem expire 1 line
10-11 16:58:29.632  5501  5522 I chatty  : uid=1000(system) LogFile expire 58 lines
10-11 16:58:29.686  5501  5602 I chatty  : uid=1000(system) DefaultDispatch expire 2 lines
10-11 16:58:29.687  5501  5597 I chatty  : uid=1000(system) DefaultDispatch expire 2 lines
10-11 16:58:30.140  5501  5565 I chatty  : uid=1000(system) DefaultDispatch expire 12 lines
10-11 16:58:30.159  5501  5522 I chatty  : uid=1000(system) LogFile expire 205 lines
10-11 16:58:30.160  5501  5597 I chatty  : uid=1000(system) DefaultDispatch expire 6 lines
10-11 16:58:30.161  5501  5601 I chatty  : uid=1000(system) DefaultDispatch expire 1 line
10-11 16:58:30.170  5501  5566 I chatty  : uid=1000(system) DefaultDispatch expire 2 lines
10-11 16:58:30.172  5501  5501 I chatty  : uid=1000(system) com.gbcom.metrosystem expire 4 lines
10-11 16:58:30.180  5501  5602 I chatty  : uid=1000(system) DefaultDispatch expire 2 lines
10-11 16:58:30.191  5501  5595 I chatty  : uid=1000(system) DefaultDispatch expire 1 line
10-11 16:58:30.620  5501  5557 I chatty  : uid=1000(system) RILRemoteReceiv expire 2 lines
10-11 16:58:30.622  5501  5554 I chatty  : uid=1000(system) GotaSystem expire 4 lines
10-11 16:58:30.644  5501  5522 I chatty  : uid=1000(system) LogFile expire 184 lines
10-11 16:58:30.697  5501  5597 I chatty  : uid=1000(system) DefaultDispatch expire 4 lines
10-11 16:58:30.699  5501  5602 I chatty  : uid=1000(system) DefaultDispatch expire 2 lines
10-11 16:58:31.620  5501  5557 I chatty  : uid=1000(system) RILRemoteReceiv expire 2 lines
10-11 16:58:31.625  5501  5501 I chatty  : uid=1000(system) com.gbcom.metrosystem expire 12 lines
10-11 16:58:31.719  5501  5595 I chatty  : uid=1000(system) DefaultDispatch expire 7 lines
10-11 16:58:31.802  5501  5603 I chatty  : uid=1000(system) Timer-0 expire 4 lines
10-11 16:58:31.862  5501  5566 I chatty  : uid=1000(system) DefaultDispatch expire 12 lines
10-11 16:58:31.895  5501  5522 I chatty  : uid=1000(system) LogFile expire 177 lines
10-11 16:58:31.895  5501  5501 I chatty  : uid=1000(system) com.gbcom.metrosystem expire 11 lines
10-11 16:58:31.896  5501  5599 I chatty  : uid=1000(system) DefaultDispatch expire 8 lines
10-11 16:58:31.899  5501  5595 I chatty  : uid=1000(system) DefaultDispatch expire 11 lines
10-11 16:58:32.379  5501  5601 I chatty  : uid=1000(system) DefaultDispatch expire 5 lines
10-11 16:58:32.617  5501  5557 I chatty  : uid=1000(system) RILRemoteReceiv expire 2 lines
10-11 16:58:32.619  5501  5554 I chatty  : uid=1000(system) GotaSystem expire 6 lines
10-11 16:58:32.630  5501  5522 I chatty  : uid=1000(system) LogFile expire 181 lines
10-11 16:58:32.731  5501  5599 I chatty  : uid=1000(system) DefaultDispatch expire 8 lines
10-11 16:58:32.734  5501  5601 I chatty  : uid=1000(system) DefaultDispatch expire 4 lines
10-11 16:58:33.618  5501  5557 I chatty  : uid=1000(system) RILRemoteReceiv expire 4 lines
10-11 16:58:33.621  5501  5501 I chatty  : uid=1000(system) com.gbcom.metrosystem expire 3 lines
10-11 16:58:34.607   740   740 I MSM-irqbalance: Decided to move IRQ5 from CPU1 [P:0] to CPU6 [P:1] (banned)
10-11 16:58:34.610   740   740 I MSM-irqbalance: Decided to move IRQ5 from CPU2 [P:0] to CPU4 [P:1] (banned)
10-11 16:58:34.611   740   740 I MSM-irqbalance: Decided to move IRQ5 from CPU3 [P:0] to CPU7 [P:1] (banned)
10-11 16:58:34.614   740   740 I MSM-irqbalance: Decided to move IRQ5 from CPU0 [P:0] to CPU5 [P:1] (banned)
10-11 16:58:34.804  5501  5603 I chatty  : uid=1000(system) Timer-0 expire 4 lines
10-11 16:58:34.806  5501  5565 I chatty  : uid=1000(system) DefaultDispatch expire 12 lines
10-11 16:58:34.823  5501  5602 I chatty  : uid=1000(system) DefaultDispatch expire 2 lines
10-11 16:58:34.823  5501  5595 I chatty  : uid=1000(system) DefaultDispatch expire 1 line
10-11 16:58:34.850  5501  5522 I chatty  : uid=1000(system) LogFile expire 190 lines
10-11 16:58:34.854  5501  5501 I chatty  : uid=1000(system) com.gbcom.metrosystem expire 12 lines
10-11 16:58:34.861  5501  5602 I chatty  : uid=1000(system) DefaultDispatch expire 4 lines
10-11 16:58:34.862  5501  5599 I chatty  : uid=1000(system) DefaultDispatch expire 3 lines
10-11 16:58:34.864  5501  5566 I chatty  : uid=1000(system) DefaultDispatch expire 6 lines
10-11 16:58:34.873  5501  5567 I chatty  : uid=1000(system) DefaultDispatch expire 14 lines
10-11 16:58:34.911  5501  5522 I chatty  : uid=1000(system) LogFile expire 187 lines
10-11 16:58:34.925  5501  5501 I chatty  : uid=1000(system) com.gbcom.metrosystem expire 8 lines
10-11 16:58:35.574   637   637 I cnss-daemon: RTM_NEWNEIGH message received: 28
10-11 16:58:35.574   637   637 E cnss-daemon: Stale or unreachable neighbors, ndm state: 4
10-11 16:58:35.574  5501  5566 I chatty  : uid=1000(system) DefaultDispatch expire 6 lines
10-11 16:58:35.592  5501  5599 I chatty  : uid=1000(system) DefaultDispatch expire 5 lines
10-11 16:58:35.592  5501  5601 I chatty  : uid=1000(system) DefaultDispatch expire 5 lines
10-11 16:58:35.616  5501  5557 I chatty  : uid=1000(system) RILRemoteReceiv expire 2 lines
10-11 16:58:35.617  5501  5554 I chatty  : uid=1000(system) GotaSystem expire 6 lines
10-11 16:58:35.630  5501  5522 I chatty  : uid=1000(system) LogFile expire 194 lines
10-11 16:58:35.644  5501  5501 I chatty  : uid=1000(system) com.gbcom.metrosystem expire 4 lines
10-11 16:58:35.777  5501  5599 I chatty  : uid=1000(system) DefaultDispatch expire 9 lines
10-11 16:58:36.620  5501  5557 I chatty  : uid=1000(system) RILRemoteReceiv expire 4 lines
10-11 16:58:37.208  5501  5556 I chatty  : uid=1000(system) heartbeat expire 1 line
10-11 16:58:37.804  5501  5603 I chatty  : uid=1000(system) Timer-0 expire 4 lines
10-11 16:58:37.836  5501  5601 I chatty  : uid=1000(system) DefaultDispatch expire 1 line
10-11 16:58:37.862  5501  5566 I chatty  : uid=1000(system) DefaultDispatch expire 8 lines
10-11 16:58:37.869  5501  5522 I chatty  : uid=1000(system) LogFile expire 174 lines
10-11 16:58:37.870  5501  5501 I chatty  : uid=1000(system) com.gbcom.metrosystem expire 17 lines
10-11 16:58:37.876  5501  5601 I chatty  : uid=1000(system) DefaultDispatch expire 3 lines
10-11 16:58:37.877  5501  5567 I chatty  : uid=1000(system) DefaultDispatch expire 1 line
10-11 16:58:37.878  5501  5597 I chatty  : uid=1000(system) DefaultDispatch expire 3 lines
10-11 16:58:37.884  5501  5602 I chatty  : uid=1000(system) DefaultDispatch expire 14 lines
10-11 16:58:38.617  5501  5557 I chatty  : uid=1000(system) RILRemoteReceiv expire 2 lines
10-11 16:58:38.618  5501  5554 I chatty  : uid=1000(system) GotaSystem expire 6 lines
10-11 16:58:38.637  5501  5522 I chatty  : uid=1000(system) LogFile expire 169 lines
10-11 16:58:38.817  5501  5602 I chatty  : uid=1000(system) DefaultDispatch expire 11 lines
10-11 16:58:38.886  5501  5597 I chatty  : uid=1000(system) DefaultDispatch expire 9 lines
10-11 16:58:39.618  5501  5557 I chatty  : uid=1000(system) RILRemoteReceiv expire 4 lines
10-11 16:58:39.622  5501  5501 I chatty  : uid=1000(system) com.gbcom.metrosystem expire 7 lines
10-11 16:58:39.635   740   740 I MSM-irqbalance: Decided to move IRQ3 from CPU1 [P:0] to CPU6 [P:1] (banned)
10-11 16:58:39.637   740   740 I MSM-irqbalance: Decided to move IRQ5 from CPU1 [P:0] to CPU4 [P:1] (banned)
10-11 16:58:39.639   740   740 I MSM-irqbalance: Decided to move IRQ5 from CPU2 [P:0] to CPU7 [P:1] (banned)
10-11 16:58:39.641   740   740 I MSM-irqbalance: Decided to move IRQ3 from CPU2 [P:0] to CPU5 [P:1] (banned)
10-11 16:58:39.644   740   740 I MSM-irqbalance: Decided to move IRQ5 from CPU3 [P:0] to CPU6 [P:1] (banned)
10-11 16:58:39.646   740   740 I MSM-irqbalance: Decided to move IRQ3 from CPU0 [P:0] to CPU4 [P:1] (banned)
10-11 16:58:39.647   740   740 I MSM-irqbalance: Decided to move IRQ5 from CPU0 [P:0] to CPU7 [P:1] (banned)
10-11 16:58:39.801  5501  5566 I chatty  : uid=1000(system) DefaultDispatch expire 4 lines
10-11 16:58:39.826  5501  5595 I chatty  : uid=1000(system) DefaultDispatch expire 2 lines
10-11 16:58:40.494   637   637 I cnss-daemon: RTM_NEWNEIGH message received: 28
10-11 16:58:40.494   637   637 E cnss-daemon: Stale or unreachable neighbors, ndm state: 4
10-11 16:58:40.624   637   637 I cnss-daemon: RTM_NEWNEIGH message received: 28
10-11 16:58:40.624   637   637 I cnss-daemon: NDA_DST received: 192.168.42.129 ul: 562995070150848
10-11 16:58:40.624   637   637 I cnss-daemon: NDA_LLADDR received
10-11 16:58:40.626  5501  5565 I chatty  : uid=1000(system) DefaultDispatch expire 12 lines
10-11 16:58:40.659  5501  5522 I chatty  : uid=1000(system) LogFile expire 214 lines
10-11 16:58:40.660  5501  5595 I chatty  : uid=1000(system) DefaultDispatch expire 2 lines
10-11 16:58:40.803  5501  5554 I chatty  : uid=1000(system) GotaSystem expire 6 lines
10-11 16:58:40.804  5501  5603 I chatty  : uid=1000(system) Timer-0 expire 6 lines
10-11 16:58:40.840  5501  5522 I chatty  : uid=1000(system) LogFile expire 179 lines
10-11 16:58:40.841  5501  5501 I chatty  : uid=1000(system) com.gbcom.metrosystem expire 17 lines
10-11 16:58:40.853  5501  5566 I chatty  : uid=1000(system) DefaultDispatch expire 10 lines
10-11 16:58:40.859  5501  5557 I chatty  : uid=1000(system) RILRemoteReceiv expire 2 lines
10-11 16:58:40.861  5501  5554 I chatty  : uid=1000(system) GotaSystem expire 3 lines
10-11 16:58:40.875  5501  5595 I chatty  : uid=1000(system) DefaultDispatch expire 3 lines
10-11 16:58:40.875  5501  5602 I chatty  : uid=1000(system) DefaultDispatch expire 2 lines
10-11 16:58:40.876  5501  5597 I chatty  : uid=1000(system) DefaultDispatch expire 3 lines
10-11 16:58:40.890  5501  5599 I chatty  : uid=1000(system) DefaultDispatch expire 5 lines
10-11 16:58:40.890  5501  5601 I chatty  : uid=1000(system) DefaultDispatch expire 5 lines
10-11 16:58:40.909  5501  5522 I chatty  : uid=1000(system) LogFile expire 166 lines
10-11 16:58:40.913  5501  5501 I chatty  : uid=1000(system) com.gbcom.metrosystem expire 8 lines
10-11 16:58:40.915  5501  5602 I chatty  : uid=1000(system) DefaultDispatch expire 34 lines
10-11 16:58:40.970  5501  5566 I chatty  : uid=1000(system) DefaultDispatch expire 2 lines
10-11 16:58:41.017  5501  5599 I chatty  : uid=1000(system) DefaultDispatch expire 5 lines
10-11 16:58:41.054  5501  5554 I chatty  : uid=1000(system) GotaSystem expire 9 lines
10-11 16:58:41.131  5501  5557 I chatty  : uid=1000(system) RILRemoteReceiv expire 3 lines
10-11 16:58:41.132  5501  5558 D LTEGroupManager: LteGroupTracker handleMessage: GROUPMANAGER_RESP_UPDATE_SCAN_RSP
10-11 16:58:41.132  5501  5558 D GroupStatusSetScan: handleUpdateScan result is 1
10-11 16:58:41.132  5501  5558 D LTEGroupManager: switch group status GroupStatusSetScan -----> GroupStatusNormal
10-11 16:58:41.268  5501  5556 D LTERILJ : connection poll ping return 0
10-11 16:58:41.342  5501  5602 D MainViewModel: getSystemTime_currentThreadID2: 105
10-11 16:58:41.464  5501  5602 D TAG     : getSystemTime_currentThreadID3s: 105, isActive=true
10-11 16:58:41.623  5501  5557 I rilj    : EMCI Detial(CellId--->Tav): 5378,255,2,"460702",255,65535,59,65535,255,255,55,28,16,255,1185411028021,0,0,0,0,0,0,0,0
10-11 16:58:41.623  5501  5557 D LTERILJ : [UNSL]< RIL_UNSOL_NOTIFY_EMCI_DETAIL
10-11 16:58:41.624  5501  5554 D LTEPhone: EVENT_FOR_EMCI_DETAIL
10-11 16:58:41.625  5501  5554 D LTEServiceTracker: setCellId cellId:5378,"460702"
10-11 16:58:41.627  5501  5501 I APP_LogUtils.kt: [(LogUtils.kt:50).i()] [com.gbcom.library_base.service.LLteService] lte_resp_sys_for_emci_detail - EmciDetail=com.ztegota.system.common.EmciDetail@304bb87
10-11 16:58:41.630  5501  5522 D LogWriteUtil.class=LogFileHandlerThread.class: 1getFilePath: logFormat=2022-10-11, LogWriteUtil.logPathDir=/custom/metro/log
10-11 16:58:41.630  5501  5522 D LogWriteUtil.class=LogFileHandlerThread.class: 2getFilePath: filePath=/custom/metro/log/2022-10-11
10-11 16:58:41.631  5501  5522 D LogWriteUtil.class=LogFileHandlerThread.class: 1getCurrentFileName: LogWriteUtil.logfile=app.log
10-11 16:58:41.632  5501  5522 D LogWriteUtil.class=LogFileHandlerThread.class: 1getFilePath: logFormat=2022-10-11, LogWriteUtil.logPathDir=/custom/metro/log
10-11 16:58:41.633  5501  5522 D LogWriteUtil.class=LogFileHandlerThread.class: 2getFilePath: filePath=/custom/metro/log/2022-10-11
10-11 16:58:41.633  5501  5522 D LogWriteUtil.class=LogFileHandlerThread.class: getFileNameSuffix: file=/custom/metro/log/2022-10-11
10-11 16:58:41.635  5501  5522 D LogWriteUtil.class=LogFileHandlerThread.class: 2getCurrentFileName: index=3, LogWriteUtil.logfile=app.log, getFileNameSuffix=14
10-11 16:58:41.636  5501  5522 D LogWriteUtil.class=LogFileHandlerThread.class: 1getFilePath: logFormat=2022-10-11, LogWriteUtil.logPathDir=/custom/metro/log
10-11 16:58:41.636  5501  5522 D LogWriteUtil.class=LogFileHandlerThread.class: 2getFilePath: filePath=/custom/metro/log/2022-10-11
10-11 16:58:41.637  5501  5522 D LogWriteUtil.class=LogFileHandlerThread.class: getFileNameSuffix: file=/custom/metro/log/2022-10-11
10-11 16:58:41.637  5501  5522 D LogWriteUtil.class=LogFileHandlerThread.class: 3getCurrentFileName: logFileName=app14.log
10-11 16:58:41.638  5501  5522 D LogWriteUtil.class=LogFileHandlerThread.class: 1,initFile: getFilePath()=/custom/metro/log/2022-10-11, getCurrentFileName=app14.log
10-11 16:58:41.639  5501  5522 D LogWriteUtil.class=LogFileHandlerThread.class: 1getFilePath: logFormat=2022-10-11, LogWriteUtil.logPathDir=/custom/metro/log
10-11 16:58:41.639  5501  5522 D LogWriteUtil.class=LogFileHandlerThread.class: 2getFilePath: filePath=/custom/metro/log/2022-10-11
10-11 16:58:41.639  5501  5522 D LogWriteUtil.class=LogFileHandlerThread.class: 1getCurrentFileName: LogWriteUtil.logfile=app.log
10-11 16:58:41.640  5501  5522 D LogWriteUtil.class=LogFileHandlerThread.class: 1getFilePath: logFormat=2022-10-11, LogWriteUtil.logPathDir=/custom/metro/log
10-11 16:58:41.641  5501  5522 D LogWriteUtil.class=LogFileHandlerThread.class: 2getFilePath: filePath=/custom/metro/log/2022-10-11
10-11 16:58:41.641  5501  5522 D LogWriteUtil.class=LogFileHandlerThread.class: getFileNameSuffix: file=/custom/metro/log/2022-10-11
10-11 16:58:41.642  5501  5522 D LogWriteUtil.class=LogFileHandlerThread.class: 2getCurrentFileName: index=3, LogWriteUtil.logfile=app.log, getFileNameSuffix=14
10-11 16:58:41.644  5501  5522 D LogWriteUtil.class=LogFileHandlerThread.class: 1getFilePath: logFormat=2022-10-11, LogWriteUtil.logPathDir=/custom/metro/log
10-11 16:58:41.644  5501  5522 D LogWriteUtil.class=LogFileHandlerThread.class: 2getFilePath: filePath=/custom/metro/log/2022-10-11
10-11 16:58:41.644  5501  5522 D LogWriteUtil.class=LogFileHandlerThread.class: getFileNameSuffix: file=/custom/metro/log/2022-10-11
10-11 16:58:41.645  5501  5522 D LogWriteUtil.class=LogFileHandlerThread.class: 3getCurrentFileName: logFileName=app14.log
10-11 16:58:41.645  5501  5522 D LogWriteUtil.class=LogFileHandlerThread.class: 1getCurrentFileName: LogWriteUtil.logfile=app.log
10-11 16:58:41.647  5501  5522 D LogWriteUtil.class=LogFileHandlerThread.class: 1getFilePath: logFormat=2022-10-11, LogWriteUtil.logPathDir=/custom/metro/log
10-11 16:58:41.647  5501  5522 D LogWriteUtil.class=LogFileHandlerThread.class: 2getFilePath: filePath=/custom/metro/log/2022-10-11
10-11 16:58:41.647  5501  5522 D LogWriteUtil.class=LogFileHandlerThread.class: getFileNameSuffix: file=/custom/metro/log/2022-10-11
10-11 16:58:41.648  5501  5522 D LogWriteUtil.class=LogFileHandlerThread.class: 2getCurrentFileName: index=3, LogWriteUtil.logfile=app.log, getFileNameSuffix=14
10-11 16:58:41.649  5501  5522 D LogWriteUtil.class=LogFileHandlerThread.class: 1getFilePath: logFormat=2022-10-11, LogWriteUtil.logPathDir=/custom/metro/log
10-11 16:58:41.649  5501  5522 D LogWriteUtil.class=LogFileHandlerThread.class: 2getFilePath: filePath=/custom/metro/log/2022-10-11
10-11 16:58:41.650  5501  5522 D LogWriteUtil.class=LogFileHandlerThread.class: getFileNameSuffix: file=/custom/metro/log/2022-10-11
10-11 16:58:41.650  5501  5522 D LogWriteUtil.class=LogFileHandlerThread.class: 3getCurrentFileName: logFileName=app14.log
10-11 16:58:41.651  5501  5522 D TAG     : 2,initFile: /custom/metro/log/2022-10-11/app14.log, logFile.length=0, getCurrentFileName()=app14.log, writeFileName=/custom/metro/log/2022-10-11/app13.log
10-11 16:58:41.651  5501  5522 D LogWriteUtil.class=LogFileHandlerThread.class: 8,initFile: logFile=/custom/metro/log/2022-10-11/app14.log, logFile.length=0
10-11 16:58:41.850  5501  5602 D MainViewModel: getSystemTime_currentThreadID2: 105
10-11 16:58:41.970  5501  5602 D TAG     : getSystemTime_currentThreadID3s: 105, isActive=true
10-11 16:58:41.970  5501  5566 D UdpDisServices: udp receive - api receive data disApi, udp service id=86  - udp.packet.address=/172.2.208.8, udp.pack.socketAddress=/172.2.208.8:64002, udp.port=64002- running=true - message={"MsgSeqID":1255688,"MsgName":"GetStationATSRsp","MsgInfo":{"Code":10011,"StationATSInfos":[{"TrainGroupNumber":"212","ServiceNumber":"000","TrainCrewNumber":"000","TrainPosition":"1","TrainRunningPosition":"1","RailName":"T1212","StationID":"012","TerminalStationID":"000","DestinationID":"000"}]}}
10-11 16:58:41.972  5501  5566 I APP_LogUtils.kt: [(LogUtils.kt:50).i()] [UdpDisServices] udp receive - api receive data disApi, udp service id=86 - running=true  - ip=/172.2.208.8 - port=64002 - message={"MsgSeqID":1255688,"MsgName":"GetStationATSRsp","MsgInfo":{"Code":10011,"StationATSInfos":[{"TrainGroupNumber":"212","ServiceNumber":"000","TrainCrewNumber":"000","TrainPosition":"1","TrainRunningPosition":"1","RailName":"T1212","StationID":"012","TerminalStationID":"000","DestinationID":"000"}]}}
10-11 16:58:41.974  5501  5522 D LogWriteUtil.class=LogFileHandlerThread.class: 1getFilePath: logFormat=2022-10-11, LogWriteUtil.logPathDir=/custom/metro/log
10-11 16:58:41.975  5501  5522 D LogWriteUtil.class=LogFileHandlerThread.class: 2getFilePath: filePath=/custom/metro/log/2022-10-11
10-11 16:58:41.975  5501  5522 D LogWriteUtil.class=LogFileHandlerThread.class: 1getCurrentFileName: LogWriteUtil.logfile=app.log
10-11 16:58:41.974  5501  5501 D MainActivity: onMessageEvent  -- gginit: disApi, id=1---event={"MsgSeqID":1255688,"MsgName":"GetStationATSRsp","MsgInfo":{"Code":10011,"StationATSInfos":[{"TrainGroupNumber":"212","ServiceNumber":"000","TrainCrewNumber":"000","TrainPosition":"1","TrainRunningPosition":"1","RailName":"T1212","StationID":"012","TerminalStationID":"000","DestinationID":"000"}]}}
10-11 16:58:41.975  5501  5501 D MainViewModel: 1processDisApi: disApi, id=1
10-11 16:58:41.976  5501  5522 D LogWriteUtil.class=LogFileHandlerThread.class: 1getFilePath: logFormat=2022-10-11, LogWriteUtil.logPathDir=/custom/metro/log
10-11 16:58:41.976  5501  5522 D LogWriteUtil.class=LogFileHandlerThread.class: 2getFilePath: filePath=/custom/metro/log/2022-10-11
10-11 16:58:41.976  5501  5522 D LogWriteUtil.class=LogFileHandlerThread.class: getFileNameSuffix: file=/custom/metro/log/2022-10-11
10-11 16:58:41.978  5501  5522 D LogWriteUtil.class=LogFileHandlerThread.class: 2getCurrentFileName: index=3, LogWriteUtil.logfile=app.log, getFileNameSuffix=14
10-11 16:58:41.978  5501  5602 D DisApiSingletonReceive: processingData: disApi, id=105 - data={"MsgSeqID":1255688,"MsgName":"GetStationATSRsp","MsgInfo":{"Code":10011,"StationATSInfos":[{"TrainGroupNumber":"212","ServiceNumber":"000","TrainCrewNumber":"000","TrainPosition":"1","TrainRunningPosition":"1","RailName":"T1212","StationID":"012","TerminalStationID":"000","DestinationID":"000"}]}}
10-11 16:58:41.979  5501  5522 D LogWriteUtil.class=LogFileHandlerThread.class: 1getFilePath: logFormat=2022-10-11, LogWriteUtil.logPathDir=/custom/metro/log
10-11 16:58:41.979  5501  5522 D LogWriteUtil.class=LogFileHandlerThread.class: 2getFilePath: filePath=/custom/metro/log/2022-10-11
10-11 16:58:41.979  5501  5522 D LogWriteUtil.class=LogFileHandlerThread.class: getFileNameSuffix: file=/custom/metro/log/2022-10-11
10-11 16:58:41.980  5501  5522 D LogWriteUtil.class=LogFileHandlerThread.class: 3getCurrentFileName: logFileName=app14.log
10-11 16:58:41.980  5501  5522 D LogWriteUtil.class=LogFileHandlerThread.class: 1,initFile: getFilePath()=/custom/metro/log/2022-10-11, getCurrentFileName=app14.log
10-11 16:58:41.981  5501  5522 D LogWriteUtil.class=LogFileHandlerThread.class: 1getFilePath: logFormat=2022-10-11, LogWriteUtil.logPathDir=/custom/metro/log
10-11 16:58:41.981  5501  5522 D LogWriteUtil.class=LogFileHandlerThread.class: 2getFilePath: filePath=/custom/metro/log/2022-10-11
10-11 16:58:41.981  5501  5522 D LogWriteUtil.class=LogFileHandlerThread.class: 1getCurrentFileName: LogWriteUtil.logfile=app.log
10-11 16:58:41.982  5501  5522 D LogWriteUtil.class=LogFileHandlerThread.class: 1getFilePath: logFormat=2022-10-11, LogWriteUtil.logPathDir=/custom/metro/log
10-11 16:58:41.982  5501  5522 D LogWriteUtil.class=LogFileHandlerThread.class: 2getFilePath: filePath=/custom/metro/log/2022-10-11
10-11 16:58:41.982  5501  5522 D LogWriteUtil.class=LogFileHandlerThread.class: getFileNameSuffix: file=/custom/metro/log/2022-10-11
10-11 16:58:41.984  5501  5522 D LogWriteUtil.class=LogFileHandlerThread.class: 2getCurrentFileName: index=3, LogWriteUtil.logfile=app.log, getFileNameSuffix=14
10-11 16:58:41.985  5501  5522 D LogWriteUtil.class=LogFileHandlerThread.class: 1getFilePath: logFormat=2022-10-11, LogWriteUtil.logPathDir=/custom/metro/log
10-11 16:58:41.985  5501  5522 D LogWriteUtil.class=LogFileHandlerThread.class: 2getFilePath: filePath=/custom/metro/log/2022-10-11
10-11 16:58:41.985  5501  5522 D LogWriteUtil.class=LogFileHandlerThread.class: getFileNameSuffix: file=/custom/metro/log/2022-10-11
10-11 16:58:41.986  5501  5522 D LogWriteUtil.class=LogFileHandlerThread.class: 3getCurrentFileName: logFileName=app14.log
10-11 16:58:41.986  5501  5602 D DisApiSingletonReceive: parseStationAtsData: atsInfo=com.gbcom.library_base.data.StationAtsApiData@3fee252
10-11 16:58:41.986  5501  5522 D LogWriteUtil.class=LogFileHandlerThread.class: 1getCurrentFileName: LogWriteUtil.logfile=app.log
10-11 16:58:41.987  5501  5522 D LogWriteUtil.class=LogFileHandlerThread.class: 1getFilePath: logFormat=2022-10-11, LogWriteUtil.logPathDir=/custom/metro/log
10-11 16:58:41.987  5501  5522 D LogWriteUtil.class=LogFileHandlerThread.class: 2getFilePath: filePath=/custom/metro/log/2022-10-11
10-11 16:58:41.987  5501  5522 D LogWriteUtil.class=LogFileHandlerThread.class: getFileNameSuffix: file=/custom/metro/log/2022-10-11
10-11 16:58:41.988  5501  5602 D BtrunCConfig: isR2Nubmer is true
10-11 16:58:41.988  5501  5602 D com.ztegota.system.GotaSystem: getMdn +866022012
10-11 16:58:41.988  5501  5522 D LogWriteUtil.class=LogFileHandlerThread.class: 2getCurrentFileName: index=3, LogWriteUtil.logfile=app.log, getFileNameSuffix=14
10-11 16:58:41.988  5501  5602 D TAG     : getUserId: userId2=+866022012
10-11 16:58:41.989  5501  5522 D LogWriteUtil.class=LogFileHandlerThread.class: 1getFilePath: logFormat=2022-10-11, LogWriteUtil.logPathDir=/custom/metro/log
10-11 16:58:41.989  5501  5522 D LogWriteUtil.class=LogFileHandlerThread.class: 2getFilePath: filePath=/custom/metro/log/2022-10-11
10-11 16:58:41.989  5501  5522 D LogWriteUtil.class=LogFileHandlerThread.class: getFileNameSuffix: file=/custom/metro/log/2022-10-11
10-11 16:58:41.990  5501  5522 D LogWriteUtil.class=LogFileHandlerThread.class: 3getCurrentFileName: logFileName=app14.log
10-11 16:58:41.990  5501  5522 D TAG     : 2,initFile: /custom/metro/log/2022-10-11/app14.log, logFile.length=0, getCurrentFileName()=app14.log, writeFileName=/custom/metro/log/2022-10-11/app13.log
10-11 16:58:41.991  5501  5522 D LogWriteUtil.class=LogFileHandlerThread.class: 8,initFile: logFile=/custom/metro/log/2022-10-11/app14.log, logFile.length=0
10-11 16:58:42.011  5501  5501 D IndexFragment: initView: applyFxData() - ats=[StationAts(createTime=1665478721, trainGroupNumber=212, serviceNumber=000, trainCrewNumber=000, trainPosition=1, trainRunningPosition=1, railName=T1212, stationID=012, terminalStationID=000, destinationID=000, identityID=+866022012)]
10-11 16:58:42.359  5501  5602 D MainViewModel: getSystemTime_currentThreadID2: 105
10-11 16:58:42.477  5501  5602 D TAG     : getSystemTime_currentThreadID3s: 105, isActive=true
10-11 16:58:42.622  5501  5557 I rilj    : EMCI Detial(CellId--->Tav): 5378,255,2,"460702",255,65535,59,65535,255,255,56,28,16,255,1185411028021,0,0,0,0,0,0,0,0
10-11 16:58:42.623  5501  5557 D LTERILJ : [UNSL]< RIL_UNSOL_NOTIFY_EMCI_DETAIL
10-11 16:58:42.624  5501  5554 D LTEPhone: EVENT_FOR_EMCI_DETAIL
10-11 16:58:42.624  5501  5554 D LTEServiceTracker: setCellId cellId:5378,"460702"
10-11 16:58:42.626  5501  5501 I APP_LogUtils.kt: [(LogUtils.kt:50).i()] [com.gbcom.library_base.service.LLteService] lte_resp_sys_for_emci_detail - EmciDetail=com.ztegota.system.common.EmciDetail@c9f947f
10-11 16:58:42.629  5501  5522 D LogWriteUtil.class=LogFileHandlerThread.class: 1getFilePath: logFormat=2022-10-11, LogWriteUtil.logPathDir=/custom/metro/log
10-11 16:58:42.629  5501  5522 D LogWriteUtil.class=LogFileHandlerThread.class: 2getFilePath: filePath=/custom/metro/log/2022-10-11
10-11 16:58:42.629  5501  5522 D LogWriteUtil.class=LogFileHandlerThread.class: 1getCurrentFileName: LogWriteUtil.logfile=app.log
10-11 16:58:42.630  5501  5522 D LogWriteUtil.class=LogFileHandlerThread.class: 1getFilePath: logFormat=2022-10-11, LogWriteUtil.logPathDir=/custom/metro/log
10-11 16:58:42.631  5501  5522 D LogWriteUtil.class=LogFileHandlerThread.class: 2getFilePath: filePath=/custom/metro/log/2022-10-11
10-11 16:58:42.631  5501  5522 D LogWriteUtil.class=LogFileHandlerThread.class: getFileNameSuffix: file=/custom/metro/log/2022-10-11
10-11 16:58:42.632  5501  5522 D LogWriteUtil.class=LogFileHandlerThread.class: 2getCurrentFileName: index=3, LogWriteUtil.logfile=app.log, getFileNameSuffix=14
10-11 16:58:42.634  5501  5522 D LogWriteUtil.class=LogFileHandlerThread.class: 1getFilePath: logFormat=2022-10-11, LogWriteUtil.logPathDir=/custom/metro/log
10-11 16:58:42.634  5501  5522 D LogWriteUtil.class=LogFileHandlerThread.class: 2getFilePath: filePath=/custom/metro/log/2022-10-11
10-11 16:58:42.634  5501  5522 D LogWriteUtil.class=LogFileHandlerThread.class: getFileNameSuffix: file=/custom/metro/log/2022-10-11
10-11 16:58:42.635  5501  5522 D LogWriteUtil.class=LogFileHandlerThread.class: 3getCurrentFileName: logFileName=app14.log
10-11 16:58:42.635  5501  5522 D LogWriteUtil.class=LogFileHandlerThread.class: 1,initFile: getFilePath()=/custom/metro/log/2022-10-11, getCurrentFileName=app14.log
10-11 16:58:42.636  5501  5522 D LogWriteUtil.class=LogFileHandlerThread.class: 1getFilePath: logFormat=2022-10-11, LogWriteUtil.logPathDir=/custom/metro/log
10-11 16:58:42.636  5501  5522 D LogWriteUtil.class=LogFileHandlerThread.class: 2getFilePath: filePath=/custom/metro/log/2022-10-11
10-11 16:58:42.637  5501  5522 D LogWriteUtil.class=LogFileHandlerThread.class: 1getCurrentFileName: LogWriteUtil.logfile=app.log
10-11 16:58:42.638  5501  5522 D LogWriteUtil.class=LogFileHandlerThread.class: 1getFilePath: logFormat=2022-10-11, LogWriteUtil.logPathDir=/custom/metro/log
10-11 16:58:42.638  5501  5522 D LogWriteUtil.class=LogFileHandlerThread.class: 2getFilePath: filePath=/custom/metro/log/2022-10-11
10-11 16:58:42.638  5501  5522 D LogWriteUtil.class=LogFileHandlerThread.class: getFileNameSuffix: file=/custom/metro/log/2022-10-11
10-11 16:58:42.639  5501  5522 D LogWriteUtil.class=LogFileHandlerThread.class: 2getCurrentFileName: index=3, LogWriteUtil.logfile=app.log, getFileNameSuffix=14
10-11 16:58:42.640  5501  5522 D LogWriteUtil.class=LogFileHandlerThread.class: 1getFilePath: logFormat=2022-10-11, LogWriteUtil.logPathDir=/custom/metro/log
10-11 16:58:42.640  5501  5522 D LogWriteUtil.class=LogFileHandlerThread.class: 2getFilePath: filePath=/custom/metro/log/2022-10-11
10-11 16:58:42.641  5501  5522 D LogWriteUtil.class=LogFileHandlerThread.class: getFileNameSuffix: file=/custom/metro/log/2022-10-11
10-11 16:58:42.641  5501  5522 D LogWriteUtil.class=LogFileHandlerThread.class: 3getCurrentFileName: logFileName=app14.log
10-11 16:58:42.642  5501  5522 D LogWriteUtil.class=LogFileHandlerThread.class: 1getCurrentFileName: LogWriteUtil.logfile=app.log
10-11 16:58:42.643  5501  5522 D LogWriteUtil.class=LogFileHandlerThread.class: 1getFilePath: logFormat=2022-10-11, LogWriteUtil.logPathDir=/custom/metro/log
10-11 16:58:42.644  5501  5522 D LogWriteUtil.class=LogFileHandlerThread.class: 2getFilePath: filePath=/custom/metro/log/2022-10-11
10-11 16:58:42.644  5501  5522 D LogWriteUtil.class=LogFileHandlerThread.class: getFileNameSuffix: file=/custom/metro/log/2022-10-11
10-11 16:58:42.645  5501  5522 D LogWriteUtil.class=LogFileHandlerThread.class: 2getCurrentFileName: index=3, LogWriteUtil.logfile=app.log, getFileNameSuffix=14
10-11 16:58:42.646  5501  5522 D LogWriteUtil.class=LogFileHandlerThread.class: 1getFilePath: logFormat=2022-10-11, LogWriteUtil.logPathDir=/custom/metro/log
10-11 16:58:42.646  5501  5522 D LogWriteUtil.class=LogFileHandlerThread.class: 2getFilePath: filePath=/custom/metro/log/2022-10-11
10-11 16:58:42.647  5501  5522 D LogWriteUtil.class=LogFileHandlerThread.class: getFileNameSuffix: file=/custom/metro/log/2022-10-11
10-11 16:58:42.647  5501  5522 D LogWriteUtil.class=LogFileHandlerThread.class: 3getCurrentFileName: logFileName=app14.log
10-11 16:58:42.648  5501  5522 D TAG     : 2,initFile: /custom/metro/log/2022-10-11/app14.log, logFile.length=0, getCurrentFileName()=app14.log, writeFileName=/custom/metro/log/2022-10-11/app13.log
10-11 16:58:42.648  5501  5522 D LogWriteUtil.class=LogFileHandlerThread.class: 8,initFile: logFile=/custom/metro/log/2022-10-11/app14.log, logFile.length=0
10-11 16:58:42.867  5501  5602 D MainViewModel: getSystemTime_currentThreadID2: 105
10-11 16:58:42.970  5501  5566 D UdpDisServices: udp receive - api receive data disApi, udp service id=86  - udp.packet.address=/172.2.208.8, udp.pack.socketAddress=/172.2.208.8:64002, udp.port=64002- running=true - message={"MsgSeqID":1255673,"MsgName":"GetStationATSRsp","MsgInfo":{"Code":10011,"StationATSInfos":[{"TrainGroupNumber":"212","ServiceNumber":"000","TrainCrewNumber":"000","TrainPosition":"1","TrainRunningPosition":"1","RailName":"T1212","StationID":"012","TerminalStationID":"000","DestinationID":"000"}]}}
10-11 16:58:42.971  5501  5566 I APP_LogUtils.kt: [(LogUtils.kt:50).i()] [UdpDisServices] udp receive - api receive data disApi, udp service id=86 - running=true  - ip=/172.2.208.8 - port=64002 - message={"MsgSeqID":1255673,"MsgName":"GetStationATSRsp","MsgInfo":{"Code":10011,"StationATSInfos":[{"TrainGroupNumber":"212","ServiceNumber":"000","TrainCrewNumber":"000","TrainPosition":"1","TrainRunningPosition":"1","RailName":"T1212","StationID":"012","TerminalStationID":"000","DestinationID":"000"}]}}
10-11 16:58:42.973  5501  5501 D MainActivity: onMessageEvent  -- gginit: disApi, id=1---event={"MsgSeqID":1255673,"MsgName":"GetStationATSRsp","MsgInfo":{"Code":10011,"StationATSInfos":[{"TrainGroupNumber":"212","ServiceNumber":"000","TrainCrewNumber":"000","TrainPosition":"1","TrainRunningPosition":"1","RailName":"T1212","StationID":"012","TerminalStationID":"000","DestinationID":"000"}]}}
10-11 16:58:42.973  5501  5501 D MainViewModel: 1processDisApi: disApi, id=1
10-11 16:58:42.974  5501  5522 D LogWriteUtil.class=LogFileHandlerThread.class: 1getFilePath: logFormat=2022-10-11, LogWriteUtil.logPathDir=/custom/metro/log
10-11 16:58:42.974  5501  5522 D LogWriteUtil.class=LogFileHandlerThread.class: 2getFilePath: filePath=/custom/metro/log/2022-10-11
10-11 16:58:42.974  5501  5522 D LogWriteUtil.class=LogFileHandlerThread.class: 1getCurrentFileName: LogWriteUtil.logfile=app.log
10-11 16:58:42.974  5501  5602 D DisApiSingletonReceive: processingData: disApi, id=105 - data={"MsgSeqID":1255673,"MsgName":"GetStationATSRsp","MsgInfo":{"Code":10011,"StationATSInfos":[{"TrainGroupNumber":"212","ServiceNumber":"000","TrainCrewNumber":"000","TrainPosition":"1","TrainRunningPosition":"1","RailName":"T1212","StationID":"012","TerminalStationID":"000","DestinationID":"000"}]}}
10-11 16:58:42.975  5501  5522 D LogWriteUtil.class=LogFileHandlerThread.class: 1getFilePath: logFormat=2022-10-11, LogWriteUtil.logPathDir=/custom/metro/log
10-11 16:58:42.975  5501  5522 D LogWriteUtil.class=LogFileHandlerThread.class: 2getFilePath: filePath=/custom/metro/log/2022-10-11
10-11 16:58:42.975  5501  5522 D LogWriteUtil.class=LogFileHandlerThread.class: getFileNameSuffix: file=/custom/metro/log/2022-10-11
10-11 16:58:42.976  5501  5522 D LogWriteUtil.class=LogFileHandlerThread.class: 2getCurrentFileName: index=3, LogWriteUtil.logfile=app.log, getFileNameSuffix=14
10-11 16:58:42.977  5501  5522 D LogWriteUtil.class=LogFileHandlerThread.class: 1getFilePath: logFormat=2022-10-11, LogWriteUtil.logPathDir=/custom/metro/log
10-11 16:58:42.977  5501  5522 D LogWriteUtil.class=LogFileHandlerThread.class: 2getFilePath: filePath=/custom/metro/log/2022-10-11
10-11 16:58:42.977  5501  5522 D LogWriteUtil.class=LogFileHandlerThread.class: getFileNameSuffix: file=/custom/metro/log/2022-10-11
10-11 16:58:42.978  5501  5522 D LogWriteUtil.class=LogFileHandlerThread.class: 3getCurrentFileName: logFileName=app14.log
10-11 16:58:42.978  5501  5522 D LogWriteUtil.class=LogFileHandlerThread.class: 1,initFile: getFilePath()=/custom/metro/log/2022-10-11, getCurrentFileName=app14.log
10-11 16:58:42.979  5501  5522 D LogWriteUtil.class=LogFileHandlerThread.class: 1getFilePath: logFormat=2022-10-11, LogWriteUtil.logPathDir=/custom/metro/log
10-11 16:58:42.979  5501  5522 D LogWriteUtil.class=LogFileHandlerThread.class: 2getFilePath: filePath=/custom/metro/log/2022-10-11
10-11 16:58:42.980  5501  5522 D LogWriteUtil.class=LogFileHandlerThread.class: 1getCurrentFileName: LogWriteUtil.logfile=app.log
10-11 16:58:42.981  5501  5522 D LogWriteUtil.class=LogFileHandlerThread.class: 1getFilePath: logFormat=2022-10-11, LogWriteUtil.logPathDir=/custom/metro/log
10-11 16:58:42.981  5501  5522 D LogWriteUtil.class=LogFileHandlerThread.class: 2getFilePath: filePath=/custom/metro/log/2022-10-11
10-11 16:58:42.981  5501  5522 D LogWriteUtil.class=LogFileHandlerThread.class: getFileNameSuffix: file=/custom/metro/log/2022-10-11
10-11 16:58:42.981  5501  5602 D DisApiSingletonReceive: parseStationAtsData: atsInfo=com.gbcom.library_base.data.StationAtsApiData@7026495
10-11 16:58:42.981  5501  5599 D TAG     : getSystemTime_currentThreadID3s: 102, isActive=true
10-11 16:58:42.982  5501  5522 D LogWriteUtil.class=LogFileHandlerThread.class: 2getCurrentFileName: index=3, LogWriteUtil.logfile=app.log, getFileNameSuffix=14
10-11 16:58:42.982  5501  5602 D BtrunCConfig: isR2Nubmer is true
10-11 16:58:42.983  5501  5522 D LogWriteUtil.class=LogFileHandlerThread.class: 1getFilePath: logFormat=2022-10-11, LogWriteUtil.logPathDir=/custom/metro/log
10-11 16:58:42.983  5501  5522 D LogWriteUtil.class=LogFileHandlerThread.class: 2getFilePath: filePath=/custom/metro/log/2022-10-11
10-11 16:58:42.983  5501  5522 D LogWriteUtil.class=LogFileHandlerThread.class: getFileNameSuffix: file=/custom/metro/log/2022-10-11
10-11 16:58:42.982  5501  5602 D com.ztegota.system.GotaSystem: getMdn +866022012
10-11 16:58:42.984  5501  5602 D TAG     : getUserId: userId2=+866022012
10-11 16:58:42.984  5501  5522 D LogWriteUtil.class=LogFileHandlerThread.class: 3getCurrentFileName: logFileName=app14.log
10-11 16:58:42.984  5501  5522 D LogWriteUtil.class=LogFileHandlerThread.class: 1getCurrentFileName: LogWriteUtil.logfile=app.log
10-11 16:58:42.985  5501  5522 D LogWriteUtil.class=LogFileHandlerThread.class: 1getFilePath: logFormat=2022-10-11, LogWriteUtil.logPathDir=/custom/metro/log
10-11 16:58:42.985  5501  5522 D LogWriteUtil.class=LogFileHandlerThread.class: 2getFilePath: filePath=/custom/metro/log/2022-10-11
10-11 16:58:42.985  5501  5522 D LogWriteUtil.class=LogFileHandlerThread.class: getFileNameSuffix: file=/custom/metro/log/2022-10-11
10-11 16:58:42.986  5501  5522 D LogWriteUtil.class=LogFileHandlerThread.class: 2getCurrentFileName: index=3, LogWriteUtil.logfile=app.log, getFileNameSuffix=14
10-11 16:58:42.987  5501  5522 D LogWriteUtil.class=LogFileHandlerThread.class: 1getFilePath: logFormat=2022-10-11, LogWriteUtil.logPathDir=/custom/metro/log
10-11 16:58:42.987  5501  5522 D LogWriteUtil.class=LogFileHandlerThread.class: 2getFilePath: filePath=/custom/metro/log/2022-10-11
10-11 16:58:42.987  5501  5522 D LogWriteUtil.class=LogFileHandlerThread.class: getFileNameSuffix: file=/custom/metro/log/2022-10-11
10-11 16:58:42.989  5501  5522 D LogWriteUtil.class=LogFileHandlerThread.class: 3getCurrentFileName: logFileName=app14.log
10-11 16:58:42.989  5501  5522 D TAG     : 2,initFile: /custom/metro/log/2022-10-11/app14.log, logFile.length=0, getCurrentFileName()=app14.log, writeFileName=/custom/metro/log/2022-10-11/app13.log
10-11 16:58:42.990  5501  5522 D LogWriteUtil.class=LogFileHandlerThread.class: 8,initFile: logFile=/custom/metro/log/2022-10-11/app14.log, logFile.length=0
10-11 16:58:43.000  5501  5501 D IndexFragment: initView: applyFxData() - ats=[StationAts(createTime=1665478722, trainGroupNumber=212, serviceNumber=000, trainCrewNumber=000, trainPosition=1, trainRunningPosition=1, railName=T1212, stationID=012, terminalStationID=000, destinationID=000, identityID=+866022012)]
10-11 16:58:43.354   637   637 I cnss-daemon: RTM_NEWNEIGH message received: 28
10-11 16:58:43.355   637   637 E cnss-daemon: Stale or unreachable neighbors, ndm state: 4
10-11 16:58:43.374  5501  5602 D MainViewModel: getSystemTime_currentThreadID2: 105
10-11 16:58:43.485  5501  5602 D TAG     : getSystemTime_currentThreadID3s: 105, isActive=true
10-11 16:58:43.618  5501  5557 I rilj    : EMCI Detial(CellId--->Tav): 5378,255,2,"460702",255,65535,59,65535,255,255,57,28,16,255,1185411028021,0,0,0,0,0,0,0,0
10-11 16:58:43.619  5501  5557 D LTERILJ : [UNSL]< RIL_UNSOL_NOTIFY_EMCI_DETAIL
10-11 16:58:43.620  5501  5554 D LTEPhone: EVENT_FOR_EMCI_DETAIL
10-11 16:58:43.620  5501  5554 D LTEServiceTracker: setCellId cellId:5378,"460702"
10-11 16:58:43.623  5501  5501 I APP_LogUtils.kt: [(LogUtils.kt:50).i()] [com.gbcom.library_base.service.LLteService] lte_resp_sys_for_emci_detail - EmciDetail=com.ztegota.system.common.EmciDetail@2ad9477
10-11 16:58:43.625  5501  5522 D LogWriteUtil.class=LogFileHandlerThread.class: 1getFilePath: logFormat=2022-10-11, LogWriteUtil.logPathDir=/custom/metro/log
10-11 16:58:43.626  5501  5522 D LogWriteUtil.class=LogFileHandlerThread.class: 2getFilePath: filePath=/custom/metro/log/2022-10-11
10-11 16:58:43.626  5501  5522 D LogWriteUtil.class=LogFileHandlerThread.class: 1getCurrentFileName: LogWriteUtil.logfile=app.log
10-11 16:58:43.627  5501  5522 D LogWriteUtil.class=LogFileHandlerThread.class: 1getFilePath: logFormat=2022-10-11, LogWriteUtil.logPathDir=/custom/metro/log
10-11 16:58:43.627  5501  5522 D LogWriteUtil.class=LogFileHandlerThread.class: 2getFilePath: filePath=/custom/metro/log/2022-10-11
10-11 16:58:43.628  5501  5522 D LogWriteUtil.class=LogFileHandlerThread.class: getFileNameSuffix: file=/custom/metro/log/2022-10-11
10-11 16:58:43.629  5501  5522 D LogWriteUtil.class=LogFileHandlerThread.class: 2getCurrentFileName: index=3, LogWriteUtil.logfile=app.log, getFileNameSuffix=14
10-11 16:58:43.630  5501  5522 D LogWriteUtil.class=LogFileHandlerThread.class: 1getFilePath: logFormat=2022-10-11, LogWriteUtil.logPathDir=/custom/metro/log
10-11 16:58:43.630  5501  5522 D LogWriteUtil.class=LogFileHandlerThread.class: 2getFilePath: filePath=/custom/metro/log/2022-10-11
10-11 16:58:43.630  5501  5522 D LogWriteUtil.class=LogFileHandlerThread.class: getFileNameSuffix: file=/custom/metro/log/2022-10-11
10-11 16:58:43.631  5501  5522 D LogWriteUtil.class=LogFileHandlerThread.class: 3getCurrentFileName: logFileName=app14.log
10-11 16:58:43.631  5501  5522 D LogWriteUtil.class=LogFileHandlerThread.class: 1,initFile: getFilePath()=/custom/metro/log/2022-10-11, getCurrentFileName=app14.log
10-11 16:58:43.634  5501  5522 D LogWriteUtil.class=LogFileHandlerThread.class: 1getFilePath: logFormat=2022-10-11, LogWriteUtil.logPathDir=/custom/metro/log
10-11 16:58:43.634  5501  5522 D LogWriteUtil.class=LogFileHandlerThread.class: 2getFilePath: filePath=/custom/metro/log/2022-10-11
10-11 16:58:43.634  5501  5522 D LogWriteUtil.class=LogFileHandlerThread.class: 1getCurrentFileName: LogWriteUtil.logfile=app.log
10-11 16:58:43.635  5501  5522 D LogWriteUtil.class=LogFileHandlerThread.class: 1getFilePath: logFormat=2022-10-11, LogWriteUtil.logPathDir=/custom/metro/log
10-11 16:58:43.636  5501  5522 D LogWriteUtil.class=LogFileHandlerThread.class: 2getFilePath: filePath=/custom/metro/log/2022-10-11
10-11 16:58:43.636  5501  5522 D LogWriteUtil.class=LogFileHandlerThread.class: getFileNameSuffix: file=/custom/metro/log/2022-10-11
10-11 16:58:43.637  5501  5522 D LogWriteUtil.class=LogFileHandlerThread.class: 2getCurrentFileName: index=3, LogWriteUtil.logfile=app.log, getFileNameSuffix=14
10-11 16:58:43.638  5501  5522 D LogWriteUtil.class=LogFileHandlerThread.class: 1getFilePath: logFormat=2022-10-11, LogWriteUtil.logPathDir=/custom/metro/log
10-11 16:58:43.639  5501  5522 D LogWriteUtil.class=LogFileHandlerThread.class: 2getFilePath: filePath=/custom/metro/log/2022-10-11
10-11 16:58:43.639  5501  5522 D LogWriteUtil.class=LogFileHandlerThread.class: getFileNameSuffix: file=/custom/metro/log/2022-10-11
10-11 16:58:43.640  5501  5522 D LogWriteUtil.class=LogFileHandlerThread.class: 3getCurrentFileName: logFileName=app14.log
10-11 16:58:43.640  5501  5522 D LogWriteUtil.class=LogFileHandlerThread.class: 1getCurrentFileName: LogWriteUtil.logfile=app.log
10-11 16:58:43.641  5501  5522 D LogWriteUtil.class=LogFileHandlerThread.class: 1getFilePath: logFormat=2022-10-11, LogWriteUtil.logPathDir=/custom/metro/log
10-11 16:58:43.642  5501  5522 D LogWriteUtil.class=LogFileHandlerThread.class: 2getFilePath: filePath=/custom/metro/log/2022-10-11
10-11 16:58:43.642  5501  5522 D LogWriteUtil.class=LogFileHandlerThread.class: getFileNameSuffix: file=/custom/metro/log/2022-10-11
10-11 16:58:43.643  5501  5522 D LogWriteUtil.class=LogFileHandlerThread.class: 2getCurrentFileName: index=3, LogWriteUtil.logfile=app.log, getFileNameSuffix=14
10-11 16:58:43.645  5501  5522 D LogWriteUtil.class=LogFileHandlerThread.class: 1getFilePath: logFormat=2022-10-11, LogWriteUtil.logPathDir=/custom/metro/log
10-11 16:58:43.645  5501  5522 D LogWriteUtil.class=LogFileHandlerThread.class: 2getFilePath: filePath=/custom/metro/log/2022-10-11
10-11 16:58:43.645  5501  5522 D LogWriteUtil.class=LogFileHandlerThread.class: getFileNameSuffix: file=/custom/metro/log/2022-10-11
10-11 16:58:43.646  5501  5522 D LogWriteUtil.class=LogFileHandlerThread.class: 3getCurrentFileName: logFileName=app14.log
10-11 16:58:43.646  5501  5522 D TAG     : 2,initFile: /custom/metro/log/2022-10-11/app14.log, logFile.length=0, getCurrentFileName()=app14.log, writeFileName=/custom/metro/log/2022-10-11/app13.log
10-11 16:58:43.647  5501  5522 D LogWriteUtil.class=LogFileHandlerThread.class: 8,initFile: logFile=/custom/metro/log/2022-10-11/app14.log, logFile.length=0
10-11 16:58:43.807  5501  5603 D UdpDcRepository: api send - Thread ID=106, obj={"MsgName":"GetStationATSReq","MsgSeqID":28,"AppID":"172.2.200.12","MsgInfo":{}}
10-11 16:58:43.814  5501  5603 I APP_LogUtils.kt: [(LogUtils.kt:50).i()] [UdpDisServices] start: send(String) - thread ID=106, send msg={"MsgName":"GetStationATSReq","MsgSeqID":28,"AppID":"172.2.200.12","MsgInfo":{}}
10-11 16:58:43.816  5501  5603 D UdpDcRepository: api send - Thread ID=106, obj={"MsgName":"AppHeartbeat","MsgSeqID":29,"AppID":"172.2.200.12","MsgInfo":{"SDKLongNumber":"+866022012"}}
10-11 16:58:43.816  5501  5522 D LogWriteUtil.class=LogFileHandlerThread.class: 1getFilePath: logFormat=2022-10-11, LogWriteUtil.logPathDir=/custom/metro/log
10-11 16:58:43.817  5501  5522 D LogWriteUtil.class=LogFileHandlerThread.class: 2getFilePath: filePath=/custom/metro/log/2022-10-11
10-11 16:58:43.817  5501  5522 D LogWriteUtil.class=LogFileHandlerThread.class: 1getCurrentFileName: LogWriteUtil.logfile=app.log
10-11 16:58:43.818  5501  5522 D LogWriteUtil.class=LogFileHandlerThread.class: 1getFilePath: logFormat=2022-10-11, LogWriteUtil.logPathDir=/custom/metro/log
10-11 16:58:43.819  5501  5522 D LogWriteUtil.class=LogFileHandlerThread.class: 2getFilePath: filePath=/custom/metro/log/2022-10-11
10-11 16:58:43.819  5501  5522 D LogWriteUtil.class=LogFileHandlerThread.class: getFileNameSuffix: file=/custom/metro/log/2022-10-11
10-11 16:58:43.821  5501  5522 D LogWriteUtil.class=LogFileHandlerThread.class: 2getCurrentFileName: index=3, LogWriteUtil.logfile=app.log, getFileNameSuffix=14
10-11 16:58:43.822  5501  5522 D LogWriteUtil.class=LogFileHandlerThread.class: 1getFilePath: logFormat=2022-10-11, LogWriteUtil.logPathDir=/custom/metro/log
10-11 16:58:43.822  5501  5603 I APP_LogUtils.kt: [(LogUtils.kt:50).i()] [UdpDisServices] start: send(String) - thread ID=106, send msg={"MsgName":"AppHeartbeat","MsgSeqID":29,"AppID":"172.2.200.12","MsgInfo":{"SDKLongNumber":"+866022012"}}
10-11 16:58:43.822  5501  5522 D LogWriteUtil.class=LogFileHandlerThread.class: 2getFilePath: filePath=/custom/metro/log/2022-10-11
10-11 16:58:43.823  5501  5522 D LogWriteUtil.class=LogFileHandlerThread.class: getFileNameSuffix: file=/custom/metro/log/2022-10-11
10-11 16:58:43.824  5501  5522 D LogWriteUtil.class=LogFileHandlerThread.class: 3getCurrentFileName: logFileName=app14.log
10-11 16:58:43.824  5501  5522 D LogWriteUtil.class=LogFileHandlerThread.class: 1,initFile: getFilePath()=/custom/metro/log/2022-10-11, getCurrentFileName=app14.log
10-11 16:58:43.825  5501  5522 D LogWriteUtil.class=LogFileHandlerThread.class: 1getFilePath: logFormat=2022-10-11, LogWriteUtil.logPathDir=/custom/metro/log
10-11 16:58:43.826  5501  5522 D LogWriteUtil.class=LogFileHandlerThread.class: 2getFilePath: filePath=/custom/metro/log/2022-10-11
10-11 16:58:43.826  5501  5522 D LogWriteUtil.class=LogFileHandlerThread.class: 1getCurrentFileName: LogWriteUtil.logfile=app.log
10-11 16:58:43.827  5501  5522 D LogWriteUtil.class=LogFileHandlerThread.class: 1getFilePath: logFormat=2022-10-11, LogWriteUtil.logPathDir=/custom/metro/log
10-11 16:58:43.828  5501  5522 D LogWriteUtil.class=LogFileHandlerThread.class: 2getFilePath: filePath=/custom/metro/log/2022-10-11
10-11 16:58:43.828  5501  5522 D LogWriteUtil.class=LogFileHandlerThread.class: getFileNameSuffix: file=/custom/metro/log/2022-10-11
10-11 16:58:43.829  5501  5522 D LogWriteUtil.class=LogFileHandlerThread.class: 2getCurrentFileName: index=3, LogWriteUtil.logfile=app.log, getFileNameSuffix=14
10-11 16:58:43.830  5501  5522 D LogWriteUtil.class=LogFileHandlerThread.class: 1getFilePath: logFormat=2022-10-11, LogWriteUtil.logPathDir=/custom/metro/log
10-11 16:58:43.831  5501  5522 D LogWriteUtil.class=LogFileHandlerThread.class: 2getFilePath: filePath=/custom/metro/log/2022-10-11
10-11 16:58:43.831  5501  5522 D LogWriteUtil.class=LogFileHandlerThread.class: getFileNameSuffix: file=/custom/metro/log/2022-10-11
10-11 16:58:43.832  5501  5522 D LogWriteUtil.class=LogFileHandlerThread.class: 3getCurrentFileName: logFileName=app14.log
10-11 16:58:43.832  5501  5522 D LogWriteUtil.class=LogFileHandlerThread.class: 1getCurrentFileName: LogWriteUtil.logfile=app.log
10-11 16:58:43.834  5501  5522 D LogWriteUtil.class=LogFileHandlerThread.class: 1getFilePath: logFormat=2022-10-11, LogWriteUtil.logPathDir=/custom/metro/log
10-11 16:58:43.835  5501  5522 D LogWriteUtil.class=LogFileHandlerThread.class: 2getFilePath: filePath=/custom/metro/log/2022-10-11
10-11 16:58:43.835  5501  5522 D LogWriteUtil.class=LogFileHandlerThread.class: getFileNameSuffix: file=/custom/metro/log/2022-10-11
10-11 16:58:43.835  5501  5522 D LogWriteUtil.class=LogFileHandlerThread.class: 2getCurrentFileName: index=3, LogWriteUtil.logfile=app.log, getFileNameSuffix=14
10-11 16:58:43.836  5501  5522 D LogWriteUtil.class=LogFileHandlerThread.class: 1getFilePath: logFormat=2022-10-11, LogWriteUtil.logPathDir=/custom/metro/log
10-11 16:58:43.836  5501  5522 D LogWriteUtil.class=LogFileHandlerThread.class: 2getFilePath: filePath=/custom/metro/log/2022-10-11
10-11 16:58:43.836  5501  5522 D LogWriteUtil.class=LogFileHandlerThread.class: getFileNameSuffix: file=/custom/metro/log/2022-10-11
10-11 16:58:43.837  5501  5522 D LogWriteUtil.class=LogFileHandlerThread.class: 3getCurrentFileName: logFileName=app14.log
10-11 16:58:43.837  5501  5522 D TAG     : 2,initFile: /custom/metro/log/2022-10-11/app14.log, logFile.length=0, getCurrentFileName()=app14.log, writeFileName=/custom/metro/log/2022-10-11/app13.log
10-11 16:58:43.837  5501  5522 D LogWriteUtil.class=LogFileHandlerThread.class: 8,initFile: logFile=/custom/metro/log/2022-10-11/app14.log, logFile.length=0
