10-11 14:05:57.240  2706  2827 D LogWriteUtil.class=LogFileHandlerThread.class: 2getFilePath: filePath=/custom/metro/log/2022-10-11
10-11 14:05:57.240  2706  2827 D LogWriteUtil.class=LogFileHandlerThread.class: getFileNameSuffix: file=/custom/metro/log/2022-10-11
10-11 14:05:57.240  2706  3971 V GroupHelper: getGroupByNumber result cursor: android.content.ContentResolver$CursorWrapperInner@7b48ebb
10-11 14:05:57.240  2706  2827 D LogWriteUtil.class=LogFileHandlerThread.class: 2getCurrentFileName: index=3, LogWriteUtil.logfile=app.log, getFileNameSuffix=3
10-11 14:05:57.241  2706  2827 D LogWriteUtil.class=LogFileHandlerThread.class: 1getFilePath: logFormat=2022-10-11, LogWriteUtil.logPathDir=/custom/metro/log
10-11 14:05:57.241  2706  2827 D LogWriteUtil.class=LogFileHandlerThread.class: 2getFilePath: filePath=/custom/metro/log/2022-10-11
10-11 14:05:57.241  2706  2827 D LogWriteUtil.class=LogFileHandlerThread.class: getFileNameSuffix: file=/custom/metro/log/2022-10-11
10-11 14:05:57.241  2706  2827 D LogWriteUtil.class=LogFileHandlerThread.class: 3getCurrentFileName: logFileName=app3.log
10-11 14:05:57.242  2706  2827 D LogWriteUtil.class=LogFileHandlerThread.class: 1getCurrentFileName: LogWriteUtil.logfile=app.log
10-11 14:05:57.242  2706  2827 D LogWriteUtil.class=LogFileHandlerThread.class: 1getFilePath: logFormat=2022-10-11, LogWriteUtil.logPathDir=/custom/metro/log
10-11 14:05:57.243  2706  2827 D LogWriteUtil.class=LogFileHandlerThread.class: 2getFilePath: filePath=/custom/metro/log/2022-10-11
10-11 14:05:57.243  2706  2827 D LogWriteUtil.class=LogFileHandlerThread.class: getFileNameSuffix: file=/custom/metro/log/2022-10-11
10-11 14:05:57.243  2706  2827 D LogWriteUtil.class=LogFileHandlerThread.class: 2getCurrentFileName: index=3, LogWriteUtil.logfile=app.log, getFileNameSuffix=3
10-11 14:05:57.244  2706  3971 D TAG     : setFastGroup: group=6027312, GotaGroupHelper.getInstance=com.ztegota.system.dataprovider.GotaGroupHelper@77b3678, =[ index=0, name=S2天河站下行广播组, gid=00801000362, number=+866027352, shortnumber=null, grouptype=0, watch=0, scan=2,mScanPriority = 19,  index=0, name=S2天河站上行广播组, gid=00801000361, number=+866027332, shortnumber=null, grouptype=0, watch=0, scan=2,mScanPriority = 19,  index=0, name=S2天河站站务组, gid=00801000360, number=+866027312, shortnumber=null, grouptype=0, watch=0, scan=2,mScanPriority = 19,  index=0, name=S2车站通播组, gid=00801000326, number=+866027300, shortnumber=null, grouptype=0, watch=0, scan=2,mScanPriority = 19]
10-11 14:05:57.244  2706  2827 D LogWriteUtil.class=LogFileHandlerThread.class: 1getFilePath: logFormat=2022-10-11, LogWriteUtil.logPathDir=/custom/metro/log
10-11 14:05:57.244  2706  3971 D GroupHelper: getGroupByNumber : group nuber is 6027312
10-11 14:05:57.244  2706  2827 D LogWriteUtil.class=LogFileHandlerThread.class: 2getFilePath: filePath=/custom/metro/log/2022-10-11
10-11 14:05:57.244  2706  3971 D BtrunCConfig: isR2Nubmer is true
10-11 14:05:57.244  2706  2827 D LogWriteUtil.class=LogFileHandlerThread.class: getFileNameSuffix: file=/custom/metro/log/2022-10-11
10-11 14:05:57.244  2706  2827 D LogWriteUtil.class=LogFileHandlerThread.class: 3getCurrentFileName: logFileName=app3.log
10-11 14:05:57.244  2706  2827 D TAG     : 2,initFile: /custom/metro/log/2022-10-11/app3.log, logFile.length=117536, getCurrentFileName()=app3.log, writeFileName=/custom/metro/log/2022-10-11/app3.log
10-11 14:05:57.244  2706  2827 D LogWriteUtil.class=LogFileHandlerThread.class: 8,initFile: logFile=/custom/metro/log/2022-10-11/app3.log, logFile.length=117536
10-11 14:05:57.246  2706  3971 V GroupHelper: getGroupByNumber result cursor: android.content.ContentResolver$CursorWrapperInner@affefd8
10-11 14:05:57.247  2706  3971 W System.err: java.lang.IllegalStateException: GotaGroupHelper.getInsta…).getGroupByNumber(group) must not be null
10-11 14:05:57.247  2706  3971 W System.err: 	at com.gbcom.library_base.zte.ZTEUtils.setFastGroup(ZTEUtils.kt:401)
10-11 14:05:57.247  2706  3971 W System.err: 	at com.gbcom.library_base.udp.DisApiSingletonReceive.parseDSCfgData(DisApiSingletonReceive.kt:350)
10-11 14:05:57.247  2706  3971 W System.err: 	at com.gbcom.library_base.udp.DisApiSingletonReceive.processingData(DisApiSingletonReceive.kt:97)
10-11 14:05:57.247  2706  3971 W System.err: 	at com.gbcom.library_main.mvvm.viewmodel.MainViewModel$processingDisApi$1.invokeSuspend(MainViewModel.kt:240)
10-11 14:05:57.247  2706  3971 W System.err: 	at kotlin.coroutines.jvm.internal.BaseContinuationImpl.resumeWith(ContinuationImpl.kt:33)
10-11 14:05:57.248  2706  3971 W System.err: 	at kotlinx.coroutines.DispatchedTask.run(DispatchedTask.kt:106)
10-11 14:05:57.248  2706  3971 W System.err: 	at kotlinx.coroutines.scheduling.CoroutineScheduler.runSafely(CoroutineScheduler.kt:571)
10-11 14:05:57.248  2706  3971 W System.err: 	at kotlinx.coroutines.scheduling.CoroutineScheduler$Worker.executeTask(CoroutineScheduler.kt:750)
10-11 14:05:57.248  2706  3971 W System.err: 	at kotlinx.coroutines.scheduling.CoroutineScheduler$Worker.runWorker(CoroutineScheduler.kt:678)
10-11 14:05:57.248  2706  3971 W System.err: 	at kotlinx.coroutines.scheduling.CoroutineScheduler$Worker.run(CoroutineScheduler.kt:665)
10-11 14:05:57.249  2706  3971 E APP_LogUtils.kt: [(LogUtils.kt:54).e()] [] setFastGroup() - Exception - e=GotaGroupHelper.getInsta…).getGroupByNumber(group) must not be null
10-11 14:05:57.249  2706  3971 D DisApiSingletonReceive: parseDSCfgData: ID=160，processingDSCfgData: DisCfg(id=1, updateTime=1665468357249, allowEmergencyCall=false, pttAllow=0, broadcastTimeout=30, broadcastVolume=0, hangoffTime=10, maxSelfCheckNum=0, omcServerAddr=, omcTrapPort=0, omcTrapCommunity=, omcFTPPort=21, omcFTPUser=, omcFTPPwd=, ntpServerAddr=172.2.208.8, ntpServerPort=123, ntpSyncPeriod=60, depotGroupID=0, mainLineGroupID=0, uplineTrainGroupID=0, downlineTrainGroupID=0, alllineTrainGroupID=0, stationInnerGroupID=, stationGroupID=0, stationName=, stationID=12, fxAutoRebootPeriod=0, fxAutoRebootTime=0)
10-11 14:05:57.250  2706  2827 D LogWriteUtil.class=LogFileHandlerThread.class: 1getFilePath: logFormat=2022-10-11, LogWriteUtil.logPathDir=/custom/metro/log
10-11 14:05:57.250  2706  2827 D LogWriteUtil.class=LogFileHandlerThread.class: 2getFilePath: filePath=/custom/metro/log/2022-10-11
10-11 14:05:57.250  2706  2827 D LogWriteUtil.class=LogFileHandlerThread.class: 1getCurrentFileName: LogWriteUtil.logfile=app.log
10-11 14:05:57.251  2706  2827 D LogWriteUtil.class=LogFileHandlerThread.class: 1getFilePath: logFormat=2022-10-11, LogWriteUtil.logPathDir=/custom/metro/log
10-11 14:05:57.251  2706  2827 D LogWriteUtil.class=LogFileHandlerThread.class: 2getFilePath: filePath=/custom/metro/log/2022-10-11
10-11 14:05:57.252  2706  2827 D LogWriteUtil.class=LogFileHandlerThread.class: getFileNameSuffix: file=/custom/metro/log/2022-10-11
10-11 14:05:57.252  2706  2827 D LogWriteUtil.class=LogFileHandlerThread.class: 2getCurrentFileName: index=3, LogWriteUtil.logfile=app.log, getFileNameSuffix=3
10-11 14:05:57.253  2706  2827 D LogWriteUtil.class=LogFileHandlerThread.class: 1getFilePath: logFormat=2022-10-11, LogWriteUtil.logPathDir=/custom/metro/log
10-11 14:05:57.253  2706  2827 D LogWriteUtil.class=LogFileHandlerThread.class: 2getFilePath: filePath=/custom/metro/log/2022-10-11
10-11 14:05:57.253  2706  2827 D LogWriteUtil.class=LogFileHandlerThread.class: getFileNameSuffix: file=/custom/metro/log/2022-10-11
10-11 14:05:57.253  2706  2827 D LogWriteUtil.class=LogFileHandlerThread.class: 3getCurrentFileName: logFileName=app3.log
10-11 14:05:57.253  2706  2827 D LogWriteUtil.class=LogFileHandlerThread.class: 1,initFile: getFilePath()=/custom/metro/log/2022-10-11, getCurrentFileName=app3.log
10-11 14:05:57.254  2706  2827 D LogWriteUtil.class=LogFileHandlerThread.class: 1getFilePath: logFormat=2022-10-11, LogWriteUtil.logPathDir=/custom/metro/log
10-11 14:05:57.254  2706  2827 D LogWriteUtil.class=LogFileHandlerThread.class: 2getFilePath: filePath=/custom/metro/log/2022-10-11
10-11 14:05:57.254  2706  2827 D LogWriteUtil.class=LogFileHandlerThread.class: 1getCurrentFileName: LogWriteUtil.logfile=app.log
10-11 14:05:57.255  2706  2827 D LogWriteUtil.class=LogFileHandlerThread.class: 1getFilePath: logFormat=2022-10-11, LogWriteUtil.logPathDir=/custom/metro/log
10-11 14:05:57.255  2706  2827 D LogWriteUtil.class=LogFileHandlerThread.class: 2getFilePath: filePath=/custom/metro/log/2022-10-11
10-11 14:05:57.255  2706  2827 D LogWriteUtil.class=LogFileHandlerThread.class: getFileNameSuffix: file=/custom/metro/log/2022-10-11
10-11 14:05:57.256  2706  2827 D LogWriteUtil.class=LogFileHandlerThread.class: 2getCurrentFileName: index=3, LogWriteUtil.logfile=app.log, getFileNameSuffix=3
10-11 14:05:57.256  2706  3971 D TAG     : parseDSCfgData: save data success!
10-11 14:05:57.256  2706  3971 D DisApiSingletonReceive: -------------------------------------parseDSCfgData: [StationBrdZone(zoneID=35003, zoneName=天河站动态重组组, groupID=6027513), StationBrdZone(zoneID=35002, zoneName=天河站下行站台广播组, groupID=6027352), StationBrdZone(zoneID=35001, zoneName=天河站上行站台广播组, groupID=6027332)]
10-11 14:05:57.256  2706  2827 D LogWriteUtil.class=LogFileHandlerThread.class: 1getFilePath: logFormat=2022-10-11, LogWriteUtil.logPathDir=/custom/metro/log
10-11 14:05:57.257  2706  2827 D LogWriteUtil.class=LogFileHandlerThread.class: 2getFilePath: filePath=/custom/metro/log/2022-10-11
10-11 14:05:57.257  2706  2827 D LogWriteUtil.class=LogFileHandlerThread.class: getFileNameSuffix: file=/custom/metro/log/2022-10-11
10-11 14:05:57.257  2706  2827 D LogWriteUtil.class=LogFileHandlerThread.class: 3getCurrentFileName: logFileName=app3.log
10-11 14:05:57.257  2706  2827 D LogWriteUtil.class=LogFileHandlerThread.class: 1getCurrentFileName: LogWriteUtil.logfile=app.log
10-11 14:05:57.258  2706  2827 D LogWriteUtil.class=LogFileHandlerThread.class: 1getFilePath: logFormat=2022-10-11, LogWriteUtil.logPathDir=/custom/metro/log
10-11 14:05:57.258  2706  2827 D LogWriteUtil.class=LogFileHandlerThread.class: 2getFilePath: filePath=/custom/metro/log/2022-10-11
10-11 14:05:57.258  2706  2827 D LogWriteUtil.class=LogFileHandlerThread.class: getFileNameSuffix: file=/custom/metro/log/2022-10-11
10-11 14:05:57.259  2706  2827 D LogWriteUtil.class=LogFileHandlerThread.class: 2getCurrentFileName: index=3, LogWriteUtil.logfile=app.log, getFileNameSuffix=3
10-11 14:05:57.259  2706  2827 D LogWriteUtil.class=LogFileHandlerThread.class: 1getFilePath: logFormat=2022-10-11, LogWriteUtil.logPathDir=/custom/metro/log
10-11 14:05:57.260  2706  2827 D LogWriteUtil.class=LogFileHandlerThread.class: 2getFilePath: filePath=/custom/metro/log/2022-10-11
10-11 14:05:57.260  2706  2827 D LogWriteUtil.class=LogFileHandlerThread.class: getFileNameSuffix: file=/custom/metro/log/2022-10-11
10-11 14:05:57.260  2706  2827 D LogWriteUtil.class=LogFileHandlerThread.class: 3getCurrentFileName: logFileName=app3.log
10-11 14:05:57.260  2706  2827 D TAG     : 2,initFile: /custom/metro/log/2022-10-11/app3.log, logFile.length=117765, getCurrentFileName()=app3.log, writeFileName=/custom/metro/log/2022-10-11/app3.log
10-11 14:05:57.260  2706  2827 D LogWriteUtil.class=LogFileHandlerThread.class: 8,initFile: logFile=/custom/metro/log/2022-10-11/app3.log, logFile.length=117765
10-11 14:05:57.264  2706  2706 D IndexFragment: showStationID: stationIDStr=012
10-11 14:05:57.269  2706  4093 D MainViewModel: getSystemTime_currentThreadID2: 167
10-11 14:05:57.270  2706  3971 D GroupHelper: getGroupByNumber : group nuber is +866027312
10-11 14:05:57.272  2706  3971 V GroupHelper: getGroupByNumber result cursor: android.content.ContentResolver$CursorWrapperInner@531cda2
10-11 14:05:57.272  2706  3971 D GroupHelper: modifyGroup : target group name is S2天河站下行广播组
10-11 14:05:57.294  2706  3971 D GroupHelper: modifyGroup : target group name is S2天河站上行广播组
10-11 14:05:57.316  2706  3971 D GroupHelper: modifyGroup : target group name is S2天河站站务组
10-11 14:05:57.330  2706  4093 D TAG     : getSystemTime_currentThreadID3s: 167, isActive=true
10-11 14:05:57.330  2706  4076 D TAG     : getSystemTime_currentThreadID3s: 166, isActive=true
10-11 14:05:57.331  2706  4007 D TAG     : getSystemTime_currentThreadID3s: 163, isActive=true
10-11 14:05:57.339  2706  3971 D GroupHelper: modifyGroup : target group name is S2车站通播组
10-11 14:05:57.363  2706  3971 I TAG     : 4setScanGroup: [6027513, 6027352, 6027332]
10-11 14:05:57.373  2706  3971 D GotaSettingsHelper: String putValues key:4 value:1
10-11 14:05:57.373  2706  3971 E SettingsProvider: update
10-11 14:05:57.373  2706  2760 D GotaSystemHandler: handleMessage msg.what =GROUPMANAGER_RESP_UPDATE_SCAN_GROUP;msg.arg1=0
10-11 14:05:57.373  2706  2760 D LTEPhone: processRequest msg.what=GROUPMANAGER_RESP_UPDATE_SCAN_GROUP
10-11 14:05:57.373  2706  2760 D LTEGroupManager: LteGroupTracker handleMessage: GROUPMANAGER_RESP_UPDATE_SCAN_GROUP
10-11 14:05:57.374  2706  2760 D LTEGroupManager: updateScanGroupInfo()
10-11 14:05:57.374  2706  2760 D GroupStatusNormal: setScanGroup,scanInfo:cause:1,count:4,6027352 6027332 +866027312 6027513 
10-11 14:05:57.399  2706  3971 D DisApiSingletonReceive: parseDSCfgData: save StationBrdZone data success!
10-11 14:05:57.400  2706  2760 D GroupStatusNormal: setScanGroup,DynamicGroup in db null,do nothing
10-11 14:05:57.400  2706  2760 D GroupStatusNormal: updateScanGroupInfo() callStaus is 0
10-11 14:05:57.400  2706  2760 D LTEGroupManager: switch group status GroupStatusNormal -----> GroupStatusSetScan
10-11 14:05:57.400  2706  2760 D LTERILJ : [0300]> RIL_REQUEST_ZTE_UPDATE_SCANGROUPINFO
10-11 14:05:57.412  2706  2706 D MainActivity: main: list=[StationBrdZone(zoneID=1, zoneName=上行列车通播组, groupID=20000000008), StationBrdZone(zoneID=2, zoneName=下行列车通播组, groupID=20000000009), StationBrdZone(zoneID=35001, zoneName=天河站上行站台广播组, groupID=6027332), StationBrdZone(zoneID=35002, zoneName=天河站下行站台广播组, groupID=6027352), StationBrdZone(zoneID=35003, zoneName=天河站动态重组组, groupID=6027513)]
10-11 14:05:57.412  2706  2706 D MainActivity: init: paStartMic: aaaaaaaaaaaaaaaaaaaaaa-----get zone bro list=[]
10-11 14:05:57.412  2706  2706 D MainActivity: init: paStartMic: aaaaaaaaaaaaaaaaaaaaaa-----get zone bro list2=[StationBrdZone(zoneID=1, zoneName=上行列车通播组, groupID=20000000008), StationBrdZone(zoneID=2, zoneName=下行列车通播组, groupID=20000000009), StationBrdZone(zoneID=35001, zoneName=天河站上行站台广播组, groupID=6027332), StationBrdZone(zoneID=35002, zoneName=天河站下行站台广播组, groupID=6027352), StationBrdZone(zoneID=35003, zoneName=天河站动态重组组, groupID=6027513)]
10-11 14:05:57.458  2706  2763 I LTERILJ : XXX set ScanInfo Failed
10-11 14:05:57.459  2706  2763 D LTERILJ : [UNSL]< RIL_UNSOL_NOTIFY_PTT_SCAN_INFO_RSP
10-11 14:05:57.459  2706  2765 D LTEGroupManager: LteGroupTracker handleMessage: GROUPMANAGER_RESP_UPDATE_SCAN_RSP
10-11 14:05:57.459  2706  2763 D LTERILJ : [0300]< RIL_REQUEST_ZTE_UPDATE_SCANGROUPINFO 
10-11 14:05:57.460  2706  2765 D GroupStatusSetScan: handleUpdateScan result is 1
10-11 14:05:57.460  2706  2765 D LTEGroupManager: switch group status GroupStatusSetScan -----> GroupStatusNormal
10-11 14:05:57.563  2706  2763 I rilj    : EMCI Detial(CellId--->Tav): 5378,255,2,"460702",255,65535,59,65535,255,255,60,28,16,255,1185411028021,0,0,0,0,0,0,0,0
10-11 14:05:57.563  2706  2763 D LTERILJ : [UNSL]< RIL_UNSOL_NOTIFY_EMCI_DETAIL
10-11 14:05:57.564  2706  2760 D LTEPhone: EVENT_FOR_EMCI_DETAIL
10-11 14:05:57.565  2706  2760 D LTEServiceTracker: setCellId cellId:5378,"460702"
10-11 14:05:57.567  2706  2706 I APP_LogUtils.kt: [(LogUtils.kt:50).i()] [com.gbcom.library_base.service.LLteService] lte_resp_sys_for_emci_detail - EmciDetail=com.ztegota.system.common.EmciDetail@9aa2d1c
10-11 14:05:57.569  2706  2827 D LogWriteUtil.class=LogFileHandlerThread.class: 1getFilePath: logFormat=2022-10-11, LogWriteUtil.logPathDir=/custom/metro/log
10-11 14:05:57.570  2706  2827 D LogWriteUtil.class=LogFileHandlerThread.class: 2getFilePath: filePath=/custom/metro/log/2022-10-11
10-11 14:05:57.570  2706  2827 D LogWriteUtil.class=LogFileHandlerThread.class: 1getCurrentFileName: LogWriteUtil.logfile=app.log
10-11 14:05:57.571  2706  2827 D LogWriteUtil.class=LogFileHandlerThread.class: 1getFilePath: logFormat=2022-10-11, LogWriteUtil.logPathDir=/custom/metro/log
10-11 14:05:57.571  2706  2827 D LogWriteUtil.class=LogFileHandlerThread.class: 2getFilePath: filePath=/custom/metro/log/2022-10-11
10-11 14:05:57.572  2706  2827 D LogWriteUtil.class=LogFileHandlerThread.class: getFileNameSuffix: file=/custom/metro/log/2022-10-11
10-11 14:05:57.572  2706  2827 D LogWriteUtil.class=LogFileHandlerThread.class: 2getCurrentFileName: index=3, LogWriteUtil.logfile=app.log, getFileNameSuffix=3
10-11 14:05:57.574  2706  2827 D LogWriteUtil.class=LogFileHandlerThread.class: 1getFilePath: logFormat=2022-10-11, LogWriteUtil.logPathDir=/custom/metro/log
10-11 14:05:57.574  2706  2827 D LogWriteUtil.class=LogFileHandlerThread.class: 2getFilePath: filePath=/custom/metro/log/2022-10-11
10-11 14:05:57.574  2706  2827 D LogWriteUtil.class=LogFileHandlerThread.class: getFileNameSuffix: file=/custom/metro/log/2022-10-11
10-11 14:05:57.575  2706  2827 D LogWriteUtil.class=LogFileHandlerThread.class: 3getCurrentFileName: logFileName=app3.log
10-11 14:05:57.575  2706  2827 D LogWriteUtil.class=LogFileHandlerThread.class: 1,initFile: getFilePath()=/custom/metro/log/2022-10-11, getCurrentFileName=app3.log
10-11 14:05:57.577  2706  2827 D LogWriteUtil.class=LogFileHandlerThread.class: 1getFilePath: logFormat=2022-10-11, LogWriteUtil.logPathDir=/custom/metro/log
10-11 14:05:57.578  2706  2827 D LogWriteUtil.class=LogFileHandlerThread.class: 2getFilePath: filePath=/custom/metro/log/2022-10-11
10-11 14:05:57.578  2706  2827 D LogWriteUtil.class=LogFileHandlerThread.class: 1getCurrentFileName: LogWriteUtil.logfile=app.log
10-11 14:05:57.579  2706  2827 D LogWriteUtil.class=LogFileHandlerThread.class: 1getFilePath: logFormat=2022-10-11, LogWriteUtil.logPathDir=/custom/metro/log
10-11 14:05:57.580  2706  2827 D LogWriteUtil.class=LogFileHandlerThread.class: 2getFilePath: filePath=/custom/metro/log/2022-10-11
10-11 14:05:57.580  2706  2827 D LogWriteUtil.class=LogFileHandlerThread.class: getFileNameSuffix: file=/custom/metro/log/2022-10-11
10-11 14:05:57.580  2706  2827 D LogWriteUtil.class=LogFileHandlerThread.class: 2getCurrentFileName: index=3, LogWriteUtil.logfile=app.log, getFileNameSuffix=3
10-11 14:05:57.582  2706  2827 D LogWriteUtil.class=LogFileHandlerThread.class: 1getFilePath: logFormat=2022-10-11, LogWriteUtil.logPathDir=/custom/metro/log
10-11 14:05:57.582  2706  2827 D LogWriteUtil.class=LogFileHandlerThread.class: 2getFilePath: filePath=/custom/metro/log/2022-10-11
10-11 14:05:57.582  2706  2827 D LogWriteUtil.class=LogFileHandlerThread.class: getFileNameSuffix: file=/custom/metro/log/2022-10-11
10-11 14:05:57.583  2706  2827 D LogWriteUtil.class=LogFileHandlerThread.class: 3getCurrentFileName: logFileName=app3.log
10-11 14:05:57.583  2706  2827 D LogWriteUtil.class=LogFileHandlerThread.class: 1getCurrentFileName: LogWriteUtil.logfile=app.log
10-11 14:05:57.585  2706  2827 D LogWriteUtil.class=LogFileHandlerThread.class: 1getFilePath: logFormat=2022-10-11, LogWriteUtil.logPathDir=/custom/metro/log
10-11 14:05:57.585  2706  2827 D LogWriteUtil.class=LogFileHandlerThread.class: 2getFilePath: filePath=/custom/metro/log/2022-10-11
10-11 14:05:57.585  2706  2827 D LogWriteUtil.class=LogFileHandlerThread.class: getFileNameSuffix: file=/custom/metro/log/2022-10-11
10-11 14:05:57.586  2706  2827 D LogWriteUtil.class=LogFileHandlerThread.class: 2getCurrentFileName: index=3, LogWriteUtil.logfile=app.log, getFileNameSuffix=3
10-11 14:05:57.588  2706  2827 D LogWriteUtil.class=LogFileHandlerThread.class: 1getFilePath: logFormat=2022-10-11, LogWriteUtil.logPathDir=/custom/metro/log
10-11 14:05:57.588  2706  2827 D LogWriteUtil.class=LogFileHandlerThread.class: 2getFilePath: filePath=/custom/metro/log/2022-10-11
10-11 14:05:57.588  2706  2827 D LogWriteUtil.class=LogFileHandlerThread.class: getFileNameSuffix: file=/custom/metro/log/2022-10-11
10-11 14:05:57.589  2706  2827 D LogWriteUtil.class=LogFileHandlerThread.class: 3getCurrentFileName: logFileName=app3.log
10-11 14:05:57.589  2706  2827 D TAG     : 2,initFile: /custom/metro/log/2022-10-11/app3.log, logFile.length=117917, getCurrentFileName()=app3.log, writeFileName=/custom/metro/log/2022-10-11/app3.log
10-11 14:05:57.589  2706  2827 D LogWriteUtil.class=LogFileHandlerThread.class: 8,initFile: logFile=/custom/metro/log/2022-10-11/app3.log, logFile.length=117917
10-11 14:05:57.633  2706  3341 D UdpDcRepository: api send - Thread ID=116, obj={"MsgName":"GetStationATSReq","MsgSeqID":1016,"AppID":"172.2.200.12","MsgInfo":{}}
10-11 14:05:57.638  2706  3341 I APP_LogUtils.kt: [(LogUtils.kt:50).i()] [UdpDisServices] start: send(String) - thread ID=116, send msg={"MsgName":"GetStationATSReq","MsgSeqID":1016,"AppID":"172.2.200.12","MsgInfo":{}}
10-11 14:05:57.639  2706  3341 D UdpDcRepository: api send - Thread ID=116, obj={"MsgName":"AppHeartbeat","MsgSeqID":1017,"AppID":"172.2.200.12","MsgInfo":{"SDKLongNumber":"+866022012"}}
10-11 14:05:57.640  2706  2827 D LogWriteUtil.class=LogFileHandlerThread.class: 1getFilePath: logFormat=2022-10-11, LogWriteUtil.logPathDir=/custom/metro/log
10-11 14:05:57.640  2706  2827 D LogWriteUtil.class=LogFileHandlerThread.class: 2getFilePath: filePath=/custom/metro/log/2022-10-11
10-11 14:05:57.641  2706  2827 D LogWriteUtil.class=LogFileHandlerThread.class: 1getCurrentFileName: LogWriteUtil.logfile=app.log
10-11 14:05:57.642  2706  2827 D LogWriteUtil.class=LogFileHandlerThread.class: 1getFilePath: logFormat=2022-10-11, LogWriteUtil.logPathDir=/custom/metro/log
10-11 14:05:57.642  2706  2827 D LogWriteUtil.class=LogFileHandlerThread.class: 2getFilePath: filePath=/custom/metro/log/2022-10-11
10-11 14:05:57.642  2706  2827 D LogWriteUtil.class=LogFileHandlerThread.class: getFileNameSuffix: file=/custom/metro/log/2022-10-11
10-11 14:05:57.643  2706  2827 D LogWriteUtil.class=LogFileHandlerThread.class: 2getCurrentFileName: index=3, LogWriteUtil.logfile=app.log, getFileNameSuffix=3
10-11 14:05:57.644  2706  3341 I APP_LogUtils.kt: [(LogUtils.kt:50).i()] [UdpDisServices] start: send(String) - thread ID=116, send msg={"MsgName":"AppHeartbeat","MsgSeqID":1017,"AppID":"172.2.200.12","MsgInfo":{"SDKLongNumber":"+866022012"}}
10-11 14:05:57.644  2706  2827 D LogWriteUtil.class=LogFileHandlerThread.class: 1getFilePath: logFormat=2022-10-11, LogWriteUtil.logPathDir=/custom/metro/log
10-11 14:05:57.644  2706  2827 D LogWriteUtil.class=LogFileHandlerThread.class: 2getFilePath: filePath=/custom/metro/log/2022-10-11
10-11 14:05:57.645  2706  2827 D LogWriteUtil.class=LogFileHandlerThread.class: getFileNameSuffix: file=/custom/metro/log/2022-10-11
10-11 14:05:57.645  2706  2827 D LogWriteUtil.class=LogFileHandlerThread.class: 3getCurrentFileName: logFileName=app3.log
10-11 14:05:57.645  2706  2827 D LogWriteUtil.class=LogFileHandlerThread.class: 1,initFile: getFilePath()=/custom/metro/log/2022-10-11, getCurrentFileName=app3.log
10-11 14:05:57.647  2706  2827 D LogWriteUtil.class=LogFileHandlerThread.class: 1getFilePath: logFormat=2022-10-11, LogWriteUtil.logPathDir=/custom/metro/log
10-11 14:05:57.647  2706  2827 D LogWriteUtil.class=LogFileHandlerThread.class: 2getFilePath: filePath=/custom/metro/log/2022-10-11
10-11 14:05:57.647  2706  2827 D LogWriteUtil.class=LogFileHandlerThread.class: 1getCurrentFileName: LogWriteUtil.logfile=app.log
10-11 14:05:57.649  2706  2827 D LogWriteUtil.class=LogFileHandlerThread.class: 1getFilePath: logFormat=2022-10-11, LogWriteUtil.logPathDir=/custom/metro/log
10-11 14:05:57.649  2706  2827 D LogWriteUtil.class=LogFileHandlerThread.class: 2getFilePath: filePath=/custom/metro/log/2022-10-11
10-11 14:05:57.649  2706  2827 D LogWriteUtil.class=LogFileHandlerThread.class: getFileNameSuffix: file=/custom/metro/log/2022-10-11
10-11 14:05:57.650  2706  2827 D LogWriteUtil.class=LogFileHandlerThread.class: 2getCurrentFileName: index=3, LogWriteUtil.logfile=app.log, getFileNameSuffix=3
10-11 14:05:57.651  2706  2827 D LogWriteUtil.class=LogFileHandlerThread.class: 1getFilePath: logFormat=2022-10-11, LogWriteUtil.logPathDir=/custom/metro/log
10-11 14:05:57.651  2706  2827 D LogWriteUtil.class=LogFileHandlerThread.class: 2getFilePath: filePath=/custom/metro/log/2022-10-11
10-11 14:05:57.651  2706  2827 D LogWriteUtil.class=LogFileHandlerThread.class: getFileNameSuffix: file=/custom/metro/log/2022-10-11
10-11 14:05:57.652  2706  2827 D LogWriteUtil.class=LogFileHandlerThread.class: 3getCurrentFileName: logFileName=app3.log
10-11 14:05:57.652  2706  2827 D LogWriteUtil.class=LogFileHandlerThread.class: 1getCurrentFileName: LogWriteUtil.logfile=app.log
10-11 14:05:57.653  2706  2827 D LogWriteUtil.class=LogFileHandlerThread.class: 1getFilePath: logFormat=2022-10-11, LogWriteUtil.logPathDir=/custom/metro/log
10-11 14:05:57.653  2706  2827 D LogWriteUtil.class=LogFileHandlerThread.class: 2getFilePath: filePath=/custom/metro/log/2022-10-11
10-11 14:05:57.654  2706  2827 D LogWriteUtil.class=LogFileHandlerThread.class: getFileNameSuffix: file=/custom/metro/log/2022-10-11
10-11 14:05:57.654  2706  2827 D LogWriteUtil.class=LogFileHandlerThread.class: 2getCurrentFileName: index=3, LogWriteUtil.logfile=app.log, getFileNameSuffix=3
10-11 14:05:57.655  2706  2827 D LogWriteUtil.class=LogFileHandlerThread.class: 1getFilePath: logFormat=2022-10-11, LogWriteUtil.logPathDir=/custom/metro/log
10-11 14:05:57.655  2706  2827 D LogWriteUtil.class=LogFileHandlerThread.class: 2getFilePath: filePath=/custom/metro/log/2022-10-11
10-11 14:05:57.655  2706  2827 D LogWriteUtil.class=LogFileHandlerThread.class: getFileNameSuffix: file=/custom/metro/log/2022-10-11
10-11 14:05:57.656  2706  2827 D LogWriteUtil.class=LogFileHandlerThread.class: 3getCurrentFileName: logFileName=app3.log
10-11 14:05:57.656  2706  2827 D TAG     : 2,initFile: /custom/metro/log/2022-10-11/app3.log, logFile.length=118097, getCurrentFileName()=app3.log, writeFileName=/custom/metro/log/2022-10-11/app3.log
10-11 14:05:57.656  2706  2827 D LogWriteUtil.class=LogFileHandlerThread.class: 8,initFile: logFile=/custom/metro/log/2022-10-11/app3.log, logFile.length=118097
10-11 14:05:57.659  2706  2827 D LogWriteUtil.class=LogFileHandlerThread.class: 1getFilePath: logFormat=2022-10-11, LogWriteUtil.logPathDir=/custom/metro/log
10-11 14:05:57.659  2706  2827 D LogWriteUtil.class=LogFileHandlerThread.class: 2getFilePath: filePath=/custom/metro/log/2022-10-11
10-11 14:05:57.659  2706  2827 D LogWriteUtil.class=LogFileHandlerThread.class: 1getCurrentFileName: LogWriteUtil.logfile=app.log
10-11 14:05:57.660  2706  2827 D LogWriteUtil.class=LogFileHandlerThread.class: 1getFilePath: logFormat=2022-10-11, LogWriteUtil.logPathDir=/custom/metro/log
10-11 14:05:57.660  2706  2827 D LogWriteUtil.class=LogFileHandlerThread.class: 2getFilePath: filePath=/custom/metro/log/2022-10-11
10-11 14:05:57.660  2706  2827 D LogWriteUtil.class=LogFileHandlerThread.class: getFileNameSuffix: file=/custom/metro/log/2022-10-11
10-11 14:05:57.661  2706  2827 D LogWriteUtil.class=LogFileHandlerThread.class: 2getCurrentFileName: index=3, LogWriteUtil.logfile=app.log, getFileNameSuffix=3
10-11 14:05:57.661  2706  2827 D LogWriteUtil.class=LogFileHandlerThread.class: 1getFilePath: logFormat=2022-10-11, LogWriteUtil.logPathDir=/custom/metro/log
10-11 14:05:57.661  2706  2827 D LogWriteUtil.class=LogFileHandlerThread.class: 2getFilePath: filePath=/custom/metro/log/2022-10-11
10-11 14:05:57.662  2706  2827 D LogWriteUtil.class=LogFileHandlerThread.class: getFileNameSuffix: file=/custom/metro/log/2022-10-11
10-11 14:05:57.662  2706  2827 D LogWriteUtil.class=LogFileHandlerThread.class: 3getCurrentFileName: logFileName=app3.log
10-11 14:05:57.662  2706  2827 D LogWriteUtil.class=LogFileHandlerThread.class: 1,initFile: getFilePath()=/custom/metro/log/2022-10-11, getCurrentFileName=app3.log
10-11 14:05:57.663  2706  2827 D LogWriteUtil.class=LogFileHandlerThread.class: 1getFilePath: logFormat=2022-10-11, LogWriteUtil.logPathDir=/custom/metro/log
10-11 14:05:57.663  2706  2827 D LogWriteUtil.class=LogFileHandlerThread.class: 2getFilePath: filePath=/custom/metro/log/2022-10-11
10-11 14:05:57.663  2706  2827 D LogWriteUtil.class=LogFileHandlerThread.class: 1getCurrentFileName: LogWriteUtil.logfile=app.log
10-11 14:05:57.664  2706  2827 D LogWriteUtil.class=LogFileHandlerThread.class: 1getFilePath: logFormat=2022-10-11, LogWriteUtil.logPathDir=/custom/metro/log
10-11 14:05:57.664  2706  2827 D LogWriteUtil.class=LogFileHandlerThread.class: 2getFilePath: filePath=/custom/metro/log/2022-10-11
10-11 14:05:57.665  2706  2827 D LogWriteUtil.class=LogFileHandlerThread.class: getFileNameSuffix: file=/custom/metro/log/2022-10-11
10-11 14:05:57.665  2706  2827 D LogWriteUtil.class=LogFileHandlerThread.class: 2getCurrentFileName: index=3, LogWriteUtil.logfile=app.log, getFileNameSuffix=3
10-11 14:05:57.666  2706  2827 D LogWriteUtil.class=LogFileHandlerThread.class: 1getFilePath: logFormat=2022-10-11, LogWriteUtil.logPathDir=/custom/metro/log
10-11 14:05:57.666  2706  2827 D LogWriteUtil.class=LogFileHandlerThread.class: 2getFilePath: filePath=/custom/metro/log/2022-10-11
10-11 14:05:57.667  2706  2827 D LogWriteUtil.class=LogFileHandlerThread.class: getFileNameSuffix: file=/custom/metro/log/2022-10-11
10-11 14:05:57.667  2706  2827 D LogWriteUtil.class=LogFileHandlerThread.class: 3getCurrentFileName: logFileName=app3.log
10-11 14:05:57.668  2706  2827 D LogWriteUtil.class=LogFileHandlerThread.class: 1getCurrentFileName: LogWriteUtil.logfile=app.log
10-11 14:05:57.669  2706  2827 D LogWriteUtil.class=LogFileHandlerThread.class: 1getFilePath: logFormat=2022-10-11, LogWriteUtil.logPathDir=/custom/metro/log
10-11 14:05:57.669  2706  2827 D LogWriteUtil.class=LogFileHandlerThread.class: 2getFilePath: filePath=/custom/metro/log/2022-10-11
10-11 14:05:57.669  2706  2827 D LogWriteUtil.class=LogFileHandlerThread.class: getFileNameSuffix: file=/custom/metro/log/2022-10-11
10-11 14:05:57.669  2706  2827 D LogWriteUtil.class=LogFileHandlerThread.class: 2getCurrentFileName: index=3, LogWriteUtil.logfile=app.log, getFileNameSuffix=3
10-11 14:05:57.670  2706  2827 D LogWriteUtil.class=LogFileHandlerThread.class: 1getFilePath: logFormat=2022-10-11, LogWriteUtil.logPathDir=/custom/metro/log
10-11 14:05:57.670  2706  2827 D LogWriteUtil.class=LogFileHandlerThread.class: 2getFilePath: filePath=/custom/metro/log/2022-10-11
10-11 14:05:57.671  2706  2827 D LogWriteUtil.class=LogFileHandlerThread.class: getFileNameSuffix: file=/custom/metro/log/2022-10-11
10-11 14:05:57.671  2706  2827 D LogWriteUtil.class=LogFileHandlerThread.class: 3getCurrentFileName: logFileName=app3.log
10-11 14:05:57.671  2706  2827 D TAG     : 2,initFile: /custom/metro/log/2022-10-11/app3.log, logFile.length=118291, getCurrentFileName()=app3.log, writeFileName=/custom/metro/log/2022-10-11/app3.log
10-11 14:05:57.671  2706  2827 D LogWriteUtil.class=LogFileHandlerThread.class: 8,initFile: logFile=/custom/metro/log/2022-10-11/app3.log, logFile.length=118291
10-11 14:05:57.690  2706  3234 D UdpDisServices: udp receive - api receive data disApi, udp service id=99  - udp.packet.address=/172.2.208.8, udp.pack.socketAddress=/172.2.208.8:64002, udp.port=64002- running=true - message={"MsgSeqID":1201120,"MsgName":"DisReceivedNotify","MsgInfo":{"AppMsgSeqID":1016,"Code":10001}}
10-11 14:05:57.691  2706  3234 I APP_LogUtils.kt: [(LogUtils.kt:50).i()] [UdpDisServices] udp receive - api receive data disApi, udp service id=99 - running=true  - ip=/172.2.208.8 - port=64002 - message={"MsgSeqID":1201120,"MsgName":"DisReceivedNotify","MsgInfo":{"AppMsgSeqID":1016,"Code":10001}}
10-11 14:05:57.692  2706  2706 D MainActivity: onMessageEvent  -- gginit: disApi, id=1---event={"MsgSeqID":1201120,"MsgName":"DisReceivedNotify","MsgInfo":{"AppMsgSeqID":1016,"Code":10001}}
10-11 14:05:57.692  2706  2706 D MainViewModel: 1processDisApi: disApi, id=1
10-11 14:05:57.692  2706  2827 D LogWriteUtil.class=LogFileHandlerThread.class: 1getFilePath: logFormat=2022-10-11, LogWriteUtil.logPathDir=/custom/metro/log
10-11 14:05:57.692  2706  2827 D LogWriteUtil.class=LogFileHandlerThread.class: 2getFilePath: filePath=/custom/metro/log/2022-10-11
10-11 14:05:57.692  2706  2827 D LogWriteUtil.class=LogFileHandlerThread.class: 1getCurrentFileName: LogWriteUtil.logfile=app.log
10-11 14:05:57.693  2706  3971 D DisApiSingletonReceive: processingData: disApi, id=160 - data={"MsgSeqID":1201120,"MsgName":"DisReceivedNotify","MsgInfo":{"AppMsgSeqID":1016,"Code":10001}}
10-11 14:05:57.693  2706  2827 D LogWriteUtil.class=LogFileHandlerThread.class: 1getFilePath: logFormat=2022-10-11, LogWriteUtil.logPathDir=/custom/metro/log
10-11 14:05:57.693  2706  2827 D LogWriteUtil.class=LogFileHandlerThread.class: 2getFilePath: filePath=/custom/metro/log/2022-10-11
10-11 14:05:57.693  2706  2827 D LogWriteUtil.class=LogFileHandlerThread.class: getFileNameSuffix: file=/custom/metro/log/2022-10-11
10-11 14:05:57.694  2706  2827 D LogWriteUtil.class=LogFileHandlerThread.class: 2getCurrentFileName: index=3, LogWriteUtil.logfile=app.log, getFileNameSuffix=3
10-11 14:05:57.694  2706  3971 D DisApiSingletonReceive: processingDisReceivedNotify: info=DisReceivedNotifyApiData(msgName=DisReceivedNotify, msgSeqID=1201120, msgInfo=ReceivedNotifyData(appMsgSeqID=0, code=10001))
10-11 14:05:57.694  2706  2827 D LogWriteUtil.class=LogFileHandlerThread.class: 1getFilePath: logFormat=2022-10-11, LogWriteUtil.logPathDir=/custom/metro/log
10-11 14:05:57.694  2706  2827 D LogWriteUtil.class=LogFileHandlerThread.class: 2getFilePath: filePath=/custom/metro/log/2022-10-11
10-11 14:05:57.695  2706  2827 D LogWriteUtil.class=LogFileHandlerThread.class: getFileNameSuffix: file=/custom/metro/log/2022-10-11
10-11 14:05:57.695  2706  2827 D LogWriteUtil.class=LogFileHandlerThread.class: 3getCurrentFileName: logFileName=app3.log
10-11 14:05:57.695  2706  2827 D LogWriteUtil.class=LogFileHandlerThread.class: 1,initFile: getFilePath()=/custom/metro/log/2022-10-11, getCurrentFileName=app3.log
10-11 14:05:57.696  2706  2827 D LogWriteUtil.class=LogFileHandlerThread.class: 1getFilePath: logFormat=2022-10-11, LogWriteUtil.logPathDir=/custom/metro/log
10-11 14:05:57.696  2706  2827 D LogWriteUtil.class=LogFileHandlerThread.class: 2getFilePath: filePath=/custom/metro/log/2022-10-11
10-11 14:05:57.696  2706  2827 D LogWriteUtil.class=LogFileHandlerThread.class: 1getCurrentFileName: LogWriteUtil.logfile=app.log
10-11 14:05:57.696  2706  2827 D LogWriteUtil.class=LogFileHandlerThread.class: 1getFilePath: logFormat=2022-10-11, LogWriteUtil.logPathDir=/custom/metro/log
10-11 14:05:57.697  2706  2827 D LogWriteUtil.class=LogFileHandlerThread.class: 2getFilePath: filePath=/custom/metro/log/2022-10-11
10-11 14:05:57.697  2706  2827 D LogWriteUtil.class=LogFileHandlerThread.class: getFileNameSuffix: file=/custom/metro/log/2022-10-11
10-11 14:05:57.697  2706  2827 D LogWriteUtil.class=LogFileHandlerThread.class: 2getCurrentFileName: index=3, LogWriteUtil.logfile=app.log, getFileNameSuffix=3
10-11 14:05:57.698  2706  2827 D LogWriteUtil.class=LogFileHandlerThread.class: 1getFilePath: logFormat=2022-10-11, LogWriteUtil.logPathDir=/custom/metro/log
10-11 14:05:57.698  2706  2827 D LogWriteUtil.class=LogFileHandlerThread.class: 2getFilePath: filePath=/custom/metro/log/2022-10-11
10-11 14:05:57.698  2706  2827 D LogWriteUtil.class=LogFileHandlerThread.class: getFileNameSuffix: file=/custom/metro/log/2022-10-11
10-11 14:05:57.699  2706  2827 D LogWriteUtil.class=LogFileHandlerThread.class: 3getCurrentFileName: logFileName=app3.log
10-11 14:05:57.699  2706  2827 D LogWriteUtil.class=LogFileHandlerThread.class: 1getCurrentFileName: LogWriteUtil.logfile=app.log
10-11 14:05:57.699  2706  2827 D LogWriteUtil.class=LogFileHandlerThread.class: 1getFilePath: logFormat=2022-10-11, LogWriteUtil.logPathDir=/custom/metro/log
10-11 14:05:57.700  2706  2827 D LogWriteUtil.class=LogFileHandlerThread.class: 2getFilePath: filePath=/custom/metro/log/2022-10-11
10-11 14:05:57.700  2706  2827 D LogWriteUtil.class=LogFileHandlerThread.class: getFileNameSuffix: file=/custom/metro/log/2022-10-11
10-11 14:05:57.700  2706  2827 D LogWriteUtil.class=LogFileHandlerThread.class: 2getCurrentFileName: index=3, LogWriteUtil.logfile=app.log, getFileNameSuffix=3
10-11 14:05:57.701  2706  2827 D LogWriteUtil.class=LogFileHandlerThread.class: 1getFilePath: logFormat=2022-10-11, LogWriteUtil.logPathDir=/custom/metro/log
10-11 14:05:57.701  2706  2827 D LogWriteUtil.class=LogFileHandlerThread.class: 2getFilePath: filePath=/custom/metro/log/2022-10-11
10-11 14:05:57.701  2706  2827 D LogWriteUtil.class=LogFileHandlerThread.class: getFileNameSuffix: file=/custom/metro/log/2022-10-11
10-11 14:05:57.701  2706  2827 D LogWriteUtil.class=LogFileHandlerThread.class: 3getCurrentFileName: logFileName=app3.log
10-11 14:05:57.701  2706  2827 D TAG     : 2,initFile: /custom/metro/log/2022-10-11/app3.log, logFile.length=118509, getCurrentFileName()=app3.log, writeFileName=/custom/metro/log/2022-10-11/app3.log
10-11 14:05:57.701  2706  2827 D LogWriteUtil.class=LogFileHandlerThread.class: 8,initFile: logFile=/custom/metro/log/2022-10-11/app3.log, logFile.length=118509
10-11 14:05:57.722  2706  3234 D UdpDisServices: udp receive - api receive data disApi, udp service id=99  - udp.packet.address=/172.2.208.8, udp.pack.socketAddress=/172.2.208.8:64002, udp.port=64002- running=true - message={"MsgSeqID":1201121,"MsgName":"GetStationATSRsp","MsgInfo":{"Code":10011,"StationATSInfos":[{"TrainGroupNumber":"212","ServiceNumber":"000","TrainCrewNumber":"000","TrainPosition":"1","TrainRunningPosition":"1","RailName":"T1212","StationID":"012","TerminalStationID":"000","DestinationID":"000"}]}}
10-11 14:05:57.723  2706  3234 I APP_LogUtils.kt: [(LogUtils.kt:50).i()] [UdpDisServices] udp receive - api receive data disApi, udp service id=99 - running=true  - ip=/172.2.208.8 - port=64002 - message={"MsgSeqID":1201121,"MsgName":"GetStationATSRsp","MsgInfo":{"Code":10011,"StationATSInfos":[{"TrainGroupNumber":"212","ServiceNumber":"000","TrainCrewNumber":"000","TrainPosition":"1","TrainRunningPosition":"1","RailName":"T1212","StationID":"012","TerminalStationID":"000","DestinationID":"000"}]}}
10-11 14:05:57.724  2706  2706 D MainActivity: onMessageEvent  -- gginit: disApi, id=1---event={"MsgSeqID":1201121,"MsgName":"GetStationATSRsp","MsgInfo":{"Code":10011,"StationATSInfos":[{"TrainGroupNumber":"212","ServiceNumber":"000","TrainCrewNumber":"000","TrainPosition":"1","TrainRunningPosition":"1","RailName":"T1212","StationID":"012","TerminalStationID":"000","DestinationID":"000"}]}}
10-11 14:05:57.724  2706  3234 D UdpDisServices: udp receive - api receive data disApi, udp service id=99  - udp.packet.address=/172.2.208.8, udp.pack.socketAddress=/172.2.208.8:64002, udp.port=64002- running=true - message={"MsgSeqID":1201122,"MsgName":"DisReceivedNotify","MsgInfo":{"AppMsgSeqID":1017,"Code":10001}}
10-11 14:05:57.724  2706  2706 D MainViewModel: 1processDisApi: disApi, id=1
10-11 14:05:57.724  2706  2827 D LogWriteUtil.class=LogFileHandlerThread.class: 1getFilePath: logFormat=2022-10-11, LogWriteUtil.logPathDir=/custom/metro/log
10-11 14:05:57.724  2706  3234 I APP_LogUtils.kt: [(LogUtils.kt:50).i()] [UdpDisServices] udp receive - api receive data disApi, udp service id=99 - running=true  - ip=/172.2.208.8 - port=64002 - message={"MsgSeqID":1201122,"MsgName":"DisReceivedNotify","MsgInfo":{"AppMsgSeqID":1017,"Code":10001}}
10-11 14:05:57.725  2706  2827 D LogWriteUtil.class=LogFileHandlerThread.class: 2getFilePath: filePath=/custom/metro/log/2022-10-11
10-11 14:05:57.725  2706  3971 D DisApiSingletonReceive: processingData: disApi, id=160 - data={"MsgSeqID":1201121,"MsgName":"GetStationATSRsp","MsgInfo":{"Code":10011,"StationATSInfos":[{"TrainGroupNumber":"212","ServiceNumber":"000","TrainCrewNumber":"000","TrainPosition":"1","TrainRunningPosition":"1","RailName":"T1212","StationID":"012","TerminalStationID":"000","DestinationID":"000"}]}}
10-11 14:05:57.725  2706  2827 D LogWriteUtil.class=LogFileHandlerThread.class: 1getCurrentFileName: LogWriteUtil.logfile=app.log
10-11 14:05:57.725  2706  2706 D MainActivity: onMessageEvent  -- gginit: disApi, id=1---event={"MsgSeqID":1201122,"MsgName":"DisReceivedNotify","MsgInfo":{"AppMsgSeqID":1017,"Code":10001}}
10-11 14:05:57.725  2706  2706 D MainViewModel: 1processDisApi: disApi, id=1
10-11 14:05:57.726  2706  2827 D LogWriteUtil.class=LogFileHandlerThread.class: 1getFilePath: logFormat=2022-10-11, LogWriteUtil.logPathDir=/custom/metro/log
10-11 14:05:57.726  2706  2827 D LogWriteUtil.class=LogFileHandlerThread.class: 2getFilePath: filePath=/custom/metro/log/2022-10-11
10-11 14:05:57.726  2706  2827 D LogWriteUtil.class=LogFileHandlerThread.class: getFileNameSuffix: file=/custom/metro/log/2022-10-11
10-11 14:05:57.726  2706  2827 D LogWriteUtil.class=LogFileHandlerThread.class: 2getCurrentFileName: index=3, LogWriteUtil.logfile=app.log, getFileNameSuffix=3
10-11 14:05:57.726  2706  4007 D DisApiSingletonReceive: processingData: disApi, id=163 - data={"MsgSeqID":1201122,"MsgName":"DisReceivedNotify","MsgInfo":{"AppMsgSeqID":1017,"Code":10001}}
10-11 14:05:57.727  2706  2827 D LogWriteUtil.class=LogFileHandlerThread.class: 1getFilePath: logFormat=2022-10-11, LogWriteUtil.logPathDir=/custom/metro/log
10-11 14:05:57.728  2706  2827 D LogWriteUtil.class=LogFileHandlerThread.class: 2getFilePath: filePath=/custom/metro/log/2022-10-11
10-11 14:05:57.728  2706  3971 D DisApiSingletonReceive: parseStationAtsData: atsInfo=com.gbcom.library_base.data.StationAtsApiData@6dbed25
10-11 14:05:57.728  2706  4007 D DisApiSingletonReceive: processingDisReceivedNotify: info=DisReceivedNotifyApiData(msgName=DisReceivedNotify, msgSeqID=1201122, msgInfo=ReceivedNotifyData(appMsgSeqID=0, code=10001))
10-11 14:05:57.728  2706  2827 D LogWriteUtil.class=LogFileHandlerThread.class: getFileNameSuffix: file=/custom/metro/log/2022-10-11
10-11 14:05:57.728  2706  2827 D LogWriteUtil.class=LogFileHandlerThread.class: 3getCurrentFileName: logFileName=app3.log
10-11 14:05:57.728  2706  2827 D LogWriteUtil.class=LogFileHandlerThread.class: 1,initFile: getFilePath()=/custom/metro/log/2022-10-11, getCurrentFileName=app3.log
10-11 14:05:57.728  2706  3971 D BtrunCConfig: isR2Nubmer is true
10-11 14:05:57.728  2706  3971 D com.ztegota.system.GotaSystem: getMdn +866022012
10-11 14:05:57.728  2706  3971 D TAG     : getUserId: userId2=+866022012
10-11 14:05:57.729  2706  2827 D LogWriteUtil.class=LogFileHandlerThread.class: 1getFilePath: logFormat=2022-10-11, LogWriteUtil.logPathDir=/custom/metro/log
10-11 14:05:57.729  2706  2827 D LogWriteUtil.class=LogFileHandlerThread.class: 2getFilePath: filePath=/custom/metro/log/2022-10-11
10-11 14:05:57.729  2706  2827 D LogWriteUtil.class=LogFileHandlerThread.class: 1getCurrentFileName: LogWriteUtil.logfile=app.log
10-11 14:05:57.730  2706  2827 D LogWriteUtil.class=LogFileHandlerThread.class: 1getFilePath: logFormat=2022-10-11, LogWriteUtil.logPathDir=/custom/metro/log
10-11 14:05:57.730  2706  2827 D LogWriteUtil.class=LogFileHandlerThread.class: 2getFilePath: filePath=/custom/metro/log/2022-10-11
10-11 14:05:57.731  2706  2827 D LogWriteUtil.class=LogFileHandlerThread.class: getFileNameSuffix: file=/custom/metro/log/2022-10-11
10-11 14:05:57.731  2706  2827 D LogWriteUtil.class=LogFileHandlerThread.class: 2getCurrentFileName: index=3, LogWriteUtil.logfile=app.log, getFileNameSuffix=3
10-11 14:05:57.732  2706  2827 D LogWriteUtil.class=LogFileHandlerThread.class: 1getFilePath: logFormat=2022-10-11, LogWriteUtil.logPathDir=/custom/metro/log
10-11 14:05:57.732  2706  2827 D LogWriteUtil.class=LogFileHandlerThread.class: 2getFilePath: filePath=/custom/metro/log/2022-10-11
10-11 14:05:57.732  2706  2827 D LogWriteUtil.class=LogFileHandlerThread.class: getFileNameSuffix: file=/custom/metro/log/2022-10-11
10-11 14:05:57.733  2706  2827 D LogWriteUtil.class=LogFileHandlerThread.class: 3getCurrentFileName: logFileName=app3.log
10-11 14:05:57.733  2706  2827 D LogWriteUtil.class=LogFileHandlerThread.class: 1getCurrentFileName: LogWriteUtil.logfile=app.log
10-11 14:05:57.734  2706  2827 D LogWriteUtil.class=LogFileHandlerThread.class: 1getFilePath: logFormat=2022-10-11, LogWriteUtil.logPathDir=/custom/metro/log
10-11 14:05:57.734  2706  2827 D LogWriteUtil.class=LogFileHandlerThread.class: 2getFilePath: filePath=/custom/metro/log/2022-10-11
10-11 14:05:57.734  2706  2827 D LogWriteUtil.class=LogFileHandlerThread.class: getFileNameSuffix: file=/custom/metro/log/2022-10-11
10-11 14:05:57.734  2706  2827 D LogWriteUtil.class=LogFileHandlerThread.class: 2getCurrentFileName: index=3, LogWriteUtil.logfile=app.log, getFileNameSuffix=3
10-11 14:05:57.735  2706  2827 D LogWriteUtil.class=LogFileHandlerThread.class: 1getFilePath: logFormat=2022-10-11, LogWriteUtil.logPathDir=/custom/metro/log
10-11 14:05:57.736  2706  2827 D LogWriteUtil.class=LogFileHandlerThread.class: 2getFilePath: filePath=/custom/metro/log/2022-10-11
10-11 14:05:57.736  2706  2827 D LogWriteUtil.class=LogFileHandlerThread.class: getFileNameSuffix: file=/custom/metro/log/2022-10-11
10-11 14:05:57.736  2706  2827 D LogWriteUtil.class=LogFileHandlerThread.class: 3getCurrentFileName: logFileName=app3.log
10-11 14:05:57.737  2706  2827 D TAG     : 2,initFile: /custom/metro/log/2022-10-11/app3.log, logFile.length=118783, getCurrentFileName()=app3.log, writeFileName=/custom/metro/log/2022-10-11/app3.log
10-11 14:05:57.737  2706  2827 D LogWriteUtil.class=LogFileHandlerThread.class: 8,initFile: logFile=/custom/metro/log/2022-10-11/app3.log, logFile.length=118783
10-11 14:05:57.739  2706  2827 D LogWriteUtil.class=LogFileHandlerThread.class: 1getFilePath: logFormat=2022-10-11, LogWriteUtil.logPathDir=/custom/metro/log
10-11 14:05:57.739  2706  2827 D LogWriteUtil.class=LogFileHandlerThread.class: 2getFilePath: filePath=/custom/metro/log/2022-10-11
10-11 14:05:57.739  2706  2827 D LogWriteUtil.class=LogFileHandlerThread.class: 1getCurrentFileName: LogWriteUtil.logfile=app.log
10-11 14:05:57.740  2706  2827 D LogWriteUtil.class=LogFileHandlerThread.class: 1getFilePath: logFormat=2022-10-11, LogWriteUtil.logPathDir=/custom/metro/log
10-11 14:05:57.740  2706  2827 D LogWriteUtil.class=LogFileHandlerThread.class: 2getFilePath: filePath=/custom/metro/log/2022-10-11
10-11 14:05:57.741  2706  2827 D LogWriteUtil.class=LogFileHandlerThread.class: getFileNameSuffix: file=/custom/metro/log/2022-10-11
10-11 14:05:57.741  2706  2706 D IndexFragment: initView: applyFxData() - ats=[StationAts(createTime=1665468357, trainGroupNumber=212, serviceNumber=000, trainCrewNumber=000, trainPosition=1, trainRunningPosition=1, railName=T1212, stationID=012, terminalStationID=000, destinationID=000, identityID=+866022012)]
10-11 14:05:57.741  2706  2827 D LogWriteUtil.class=LogFileHandlerThread.class: 2getCurrentFileName: index=3, LogWriteUtil.logfile=app.log, getFileNameSuffix=3
10-11 14:05:57.742  2706  2827 D LogWriteUtil.class=LogFileHandlerThread.class: 1getFilePath: logFormat=2022-10-11, LogWriteUtil.logPathDir=/custom/metro/log
10-11 14:05:57.742  2706  2827 D LogWriteUtil.class=LogFileHandlerThread.class: 2getFilePath: filePath=/custom/metro/log/2022-10-11
10-11 14:05:57.742  2706  2827 D LogWriteUtil.class=LogFileHandlerThread.class: getFileNameSuffix: file=/custom/metro/log/2022-10-11
10-11 14:05:57.743  2706  2827 D LogWriteUtil.class=LogFileHandlerThread.class: 3getCurrentFileName: logFileName=app3.log
10-11 14:05:57.743  2706  2827 D LogWriteUtil.class=LogFileHandlerThread.class: 1,initFile: getFilePath()=/custom/metro/log/2022-10-11, getCurrentFileName=app3.log
10-11 14:05:57.744  2706  2827 D LogWriteUtil.class=LogFileHandlerThread.class: 1getFilePath: logFormat=2022-10-11, LogWriteUtil.logPathDir=/custom/metro/log
10-11 14:05:57.744  2706  2827 D LogWriteUtil.class=LogFileHandlerThread.class: 2getFilePath: filePath=/custom/metro/log/2022-10-11
10-11 14:05:57.744  2706  2827 D LogWriteUtil.class=LogFileHandlerThread.class: 1getCurrentFileName: LogWriteUtil.logfile=app.log
10-11 14:05:57.744  2706  2827 D LogWriteUtil.class=LogFileHandlerThread.class: 1getFilePath: logFormat=2022-10-11, LogWriteUtil.logPathDir=/custom/metro/log
10-11 14:05:57.745  2706  2827 D LogWriteUtil.class=LogFileHandlerThread.class: 2getFilePath: filePath=/custom/metro/log/2022-10-11
10-11 14:05:57.745  2706  2827 D LogWriteUtil.class=LogFileHandlerThread.class: getFileNameSuffix: file=/custom/metro/log/2022-10-11
10-11 14:05:57.745  2706  2827 D LogWriteUtil.class=LogFileHandlerThread.class: 2getCurrentFileName: index=3, LogWriteUtil.logfile=app.log, getFileNameSuffix=3
10-11 14:05:57.747  2706  2827 D LogWriteUtil.class=LogFileHandlerThread.class: 1getFilePath: logFormat=2022-10-11, LogWriteUtil.logPathDir=/custom/metro/log
10-11 14:05:57.747  2706  2827 D LogWriteUtil.class=LogFileHandlerThread.class: 2getFilePath: filePath=/custom/metro/log/2022-10-11
10-11 14:05:57.747  2706  2827 D LogWriteUtil.class=LogFileHandlerThread.class: getFileNameSuffix: file=/custom/metro/log/2022-10-11
10-11 14:05:57.748  2706  2827 D LogWriteUtil.class=LogFileHandlerThread.class: 3getCurrentFileName: logFileName=app3.log
10-11 14:05:57.748  2706  2827 D LogWriteUtil.class=LogFileHandlerThread.class: 1getCurrentFileName: LogWriteUtil.logfile=app.log
10-11 14:05:57.749  2706  2827 D LogWriteUtil.class=LogFileHandlerThread.class: 1getFilePath: logFormat=2022-10-11, LogWriteUtil.logPathDir=/custom/metro/log
10-11 14:05:57.749  2706  2827 D LogWriteUtil.class=LogFileHandlerThread.class: 2getFilePath: filePath=/custom/metro/log/2022-10-11
10-11 14:05:57.749  2706  2827 D LogWriteUtil.class=LogFileHandlerThread.class: getFileNameSuffix: file=/custom/metro/log/2022-10-11
10-11 14:05:57.749  2706  2827 D LogWriteUtil.class=LogFileHandlerThread.class: 2getCurrentFileName: index=3, LogWriteUtil.logfile=app.log, getFileNameSuffix=3
