10-11 15:47:55.490  4965  4986 D LogWriteUtil.class=LogFileHandlerThread.class: 1getFilePath: logFormat=2022-10-11, LogWriteUtil.logPathDir=/custom/metro/log
10-11 15:47:55.490  4965  4986 D LogWriteUtil.class=LogFileHandlerThread.class: 2getFilePath: filePath=/custom/metro/log/2022-10-11
10-11 15:47:55.490  4965  4986 D LogWriteUtil.class=LogFileHandlerThread.class: 1getCurrentFileName: LogWriteUtil.logfile=app.log
10-11 15:47:55.491  4965  4986 D LogWriteUtil.class=LogFileHandlerThread.class: 1getFilePath: logFormat=2022-10-11, LogWriteUtil.logPathDir=/custom/metro/log
10-11 15:47:55.491  4965  4986 D LogWriteUtil.class=LogFileHandlerThread.class: 2getFilePath: filePath=/custom/metro/log/2022-10-11
10-11 15:47:55.491  4965  4986 D LogWriteUtil.class=LogFileHandlerThread.class: getFileNameSuffix: file=/custom/metro/log/2022-10-11
10-11 15:47:55.492  4965  4986 D LogWriteUtil.class=LogFileHandlerThread.class: 2getCurrentFileName: index=3, LogWriteUtil.logfile=app.log, getFileNameSuffix=8
10-11 15:47:55.493  4965  6850 V GroupHelper: getGroupByNumber result cursor: android.content.ContentResolver$CursorWrapperInner@88f9452
10-11 15:47:55.493  4965  4986 D LogWriteUtil.class=LogFileHandlerThread.class: 1getFilePath: logFormat=2022-10-11, LogWriteUtil.logPathDir=/custom/metro/log
10-11 15:47:55.493  4965  4986 D LogWriteUtil.class=LogFileHandlerThread.class: 2getFilePath: filePath=/custom/metro/log/2022-10-11
10-11 15:47:55.493  4965  4986 D LogWriteUtil.class=LogFileHandlerThread.class: getFileNameSuffix: file=/custom/metro/log/2022-10-11
10-11 15:47:55.493  4965  4986 D LogWriteUtil.class=LogFileHandlerThread.class: 3getCurrentFileName: logFileName=app8.log
10-11 15:47:55.493  4965  4986 D LogWriteUtil.class=LogFileHandlerThread.class: 1getCurrentFileName: LogWriteUtil.logfile=app.log
10-11 15:47:55.494  4965  4986 D LogWriteUtil.class=LogFileHandlerThread.class: 1getFilePath: logFormat=2022-10-11, LogWriteUtil.logPathDir=/custom/metro/log
10-11 15:47:55.494  4965  4986 D LogWriteUtil.class=LogFileHandlerThread.class: 2getFilePath: filePath=/custom/metro/log/2022-10-11
10-11 15:47:55.494  4965  4986 D LogWriteUtil.class=LogFileHandlerThread.class: getFileNameSuffix: file=/custom/metro/log/2022-10-11
10-11 15:47:55.495  4965  4986 D LogWriteUtil.class=LogFileHandlerThread.class: 2getCurrentFileName: index=3, LogWriteUtil.logfile=app.log, getFileNameSuffix=8
10-11 15:47:55.496  4965  4986 D LogWriteUtil.class=LogFileHandlerThread.class: 1getFilePath: logFormat=2022-10-11, LogWriteUtil.logPathDir=/custom/metro/log
10-11 15:47:55.496  4965  4986 D LogWriteUtil.class=LogFileHandlerThread.class: 2getFilePath: filePath=/custom/metro/log/2022-10-11
10-11 15:47:55.497  4965  4986 D LogWriteUtil.class=LogFileHandlerThread.class: getFileNameSuffix: file=/custom/metro/log/2022-10-11
10-11 15:47:55.497  4965  4986 D LogWriteUtil.class=LogFileHandlerThread.class: 3getCurrentFileName: logFileName=app8.log
10-11 15:47:55.497  4965  4986 D TAG     : 2,initFile: /custom/metro/log/2022-10-11/app8.log, logFile.length=1407045, getCurrentFileName()=app8.log, writeFileName=/custom/metro/log/2022-10-11/app8.log
10-11 15:47:55.497  4965  6850 D TAG     : setFastGroup: group=6027312, GotaGroupHelper.getInstance=com.ztegota.system.dataprovider.GotaGroupHelper@f99df42, =[ index=0, name=S2天河站站务组, gid=00801000360, number=+866027312, shortnumber=null, grouptype=0, watch=0, scan=2,mScanPriority = 19,  index=0, name=S2天河站上行广播组, gid=00801000361, number=+866027332, shortnumber=null, grouptype=0, watch=0, scan=2,mScanPriority = 19,  index=0, name=S2天河站下行广播组, gid=00801000362, number=+866027352, shortnumber=null, grouptype=0, watch=0, scan=2,mScanPriority = 19,  index=0, name=S2车站通播组, gid=00801000326, number=+866027300, shortnumber=null, grouptype=0, watch=0, scan=2,mScanPriority = 19]
10-11 15:47:55.497  4965  6850 D GroupHelper: getGroupByNumber : group nuber is 6027312
10-11 15:47:55.497  4965  4986 D LogWriteUtil.class=LogFileHandlerThread.class: 8,initFile: logFile=/custom/metro/log/2022-10-11/app8.log, logFile.length=1407045
10-11 15:47:55.497  4965  6850 D BtrunCConfig: isR2Nubmer is true
10-11 15:47:55.500  4965  6850 V GroupHelper: getGroupByNumber result cursor: android.content.ContentResolver$CursorWrapperInner@dbf5323
10-11 15:47:55.501  4965  4986 D LogWriteUtil.class=LogFileHandlerThread.class: 1getFilePath: logFormat=2022-10-11, LogWriteUtil.logPathDir=/custom/metro/log
10-11 15:47:55.501  4965  4986 D LogWriteUtil.class=LogFileHandlerThread.class: 2getFilePath: filePath=/custom/metro/log/2022-10-11
10-11 15:47:55.501  4965  4986 D LogWriteUtil.class=LogFileHandlerThread.class: 1getCurrentFileName: LogWriteUtil.logfile=app.log
10-11 15:47:55.502  4965  4986 D LogWriteUtil.class=LogFileHandlerThread.class: 1getFilePath: logFormat=2022-10-11, LogWriteUtil.logPathDir=/custom/metro/log
10-11 15:47:55.502  4965  4986 D LogWriteUtil.class=LogFileHandlerThread.class: 2getFilePath: filePath=/custom/metro/log/2022-10-11
10-11 15:47:55.502  4965  4986 D LogWriteUtil.class=LogFileHandlerThread.class: getFileNameSuffix: file=/custom/metro/log/2022-10-11
10-11 15:47:55.502  4965  4986 D LogWriteUtil.class=LogFileHandlerThread.class: 2getCurrentFileName: index=3, LogWriteUtil.logfile=app.log, getFileNameSuffix=8
10-11 15:47:55.502  4965  6850 W System.err: java.lang.IllegalStateException: GotaGroupHelper.getInsta…).getGroupByNumber(group) must not be null
10-11 15:47:55.503  4965  6850 W System.err: 	at com.gbcom.library_base.zte.ZTEUtils.setFastGroup(ZTEUtils.kt:401)
10-11 15:47:55.503  4965  6850 W System.err: 	at com.gbcom.library_base.udp.DisApiSingletonReceive.parseDSCfgData(DisApiSingletonReceive.kt:350)
10-11 15:47:55.503  4965  6850 W System.err: 	at com.gbcom.library_base.udp.DisApiSingletonReceive.processingData(DisApiSingletonReceive.kt:97)
10-11 15:47:55.503  4965  6850 W System.err: 	at com.gbcom.library_main.mvvm.viewmodel.MainViewModel$processingDisApi$1.invokeSuspend(MainViewModel.kt:240)
10-11 15:47:55.503  4965  6850 W System.err: 	at kotlin.coroutines.jvm.internal.BaseContinuationImpl.resumeWith(ContinuationImpl.kt:33)
10-11 15:47:55.503  4965  6850 W System.err: 	at kotlinx.coroutines.DispatchedTask.run(DispatchedTask.kt:106)
10-11 15:47:55.503  4965  6850 W System.err: 	at kotlinx.coroutines.scheduling.CoroutineScheduler.runSafely(CoroutineScheduler.kt:571)
10-11 15:47:55.503  4965  6850 W System.err: 	at kotlinx.coroutines.scheduling.CoroutineScheduler$Worker.executeTask(CoroutineScheduler.kt:750)
10-11 15:47:55.503  4965  6850 W System.err: 	at kotlinx.coroutines.scheduling.CoroutineScheduler$Worker.runWorker(CoroutineScheduler.kt:678)
10-11 15:47:55.503  4965  4986 D LogWriteUtil.class=LogFileHandlerThread.class: 1getFilePath: logFormat=2022-10-11, LogWriteUtil.logPathDir=/custom/metro/log
10-11 15:47:55.503  4965  6850 W System.err: 	at kotlinx.coroutines.scheduling.CoroutineScheduler$Worker.run(CoroutineScheduler.kt:665)
10-11 15:47:55.503  4965  4986 D LogWriteUtil.class=LogFileHandlerThread.class: 2getFilePath: filePath=/custom/metro/log/2022-10-11
10-11 15:47:55.503  4965  4986 D LogWriteUtil.class=LogFileHandlerThread.class: getFileNameSuffix: file=/custom/metro/log/2022-10-11
10-11 15:47:55.504  4965  4986 D LogWriteUtil.class=LogFileHandlerThread.class: 3getCurrentFileName: logFileName=app8.log
10-11 15:47:55.504  4965  4986 D LogWriteUtil.class=LogFileHandlerThread.class: 1,initFile: getFilePath()=/custom/metro/log/2022-10-11, getCurrentFileName=app8.log
10-11 15:47:55.504  4965  6850 E APP_LogUtils.kt: [(LogUtils.kt:54).e()] [] setFastGroup() - Exception - e=GotaGroupHelper.getInsta…).getGroupByNumber(group) must not be null
10-11 15:47:55.504  4965  6850 D DisApiSingletonReceive: parseDSCfgData: ID=364，processingDSCfgData: DisCfg(id=1, updateTime=1665474475504, allowEmergencyCall=false, pttAllow=0, broadcastTimeout=30, broadcastVolume=0, hangoffTime=10, maxSelfCheckNum=0, omcServerAddr=, omcTrapPort=0, omcTrapCommunity=, omcFTPPort=21, omcFTPUser=, omcFTPPwd=, ntpServerAddr=172.2.208.8, ntpServerPort=123, ntpSyncPeriod=60, depotGroupID=0, mainLineGroupID=0, uplineTrainGroupID=0, downlineTrainGroupID=0, alllineTrainGroupID=0, stationInnerGroupID=, stationGroupID=0, stationName=, stationID=12, fxAutoRebootPeriod=0, fxAutoRebootTime=0)
10-11 15:47:55.504  4965  4986 D LogWriteUtil.class=LogFileHandlerThread.class: 1getFilePath: logFormat=2022-10-11, LogWriteUtil.logPathDir=/custom/metro/log
10-11 15:47:55.504  4965  4986 D LogWriteUtil.class=LogFileHandlerThread.class: 2getFilePath: filePath=/custom/metro/log/2022-10-11
10-11 15:47:55.505  4965  4986 D LogWriteUtil.class=LogFileHandlerThread.class: 1getCurrentFileName: LogWriteUtil.logfile=app.log
10-11 15:47:55.506  4965  4986 D LogWriteUtil.class=LogFileHandlerThread.class: 1getFilePath: logFormat=2022-10-11, LogWriteUtil.logPathDir=/custom/metro/log
10-11 15:47:55.506  4965  4986 D LogWriteUtil.class=LogFileHandlerThread.class: 2getFilePath: filePath=/custom/metro/log/2022-10-11
10-11 15:47:55.506  4965  4986 D LogWriteUtil.class=LogFileHandlerThread.class: getFileNameSuffix: file=/custom/metro/log/2022-10-11
10-11 15:47:55.506  4965  4986 D LogWriteUtil.class=LogFileHandlerThread.class: 2getCurrentFileName: index=3, LogWriteUtil.logfile=app.log, getFileNameSuffix=8
10-11 15:47:55.507  4965  4986 D LogWriteUtil.class=LogFileHandlerThread.class: 1getFilePath: logFormat=2022-10-11, LogWriteUtil.logPathDir=/custom/metro/log
10-11 15:47:55.507  4965  4986 D LogWriteUtil.class=LogFileHandlerThread.class: 2getFilePath: filePath=/custom/metro/log/2022-10-11
10-11 15:47:55.507  4965  4986 D LogWriteUtil.class=LogFileHandlerThread.class: getFileNameSuffix: file=/custom/metro/log/2022-10-11
10-11 15:47:55.508  4965  4986 D LogWriteUtil.class=LogFileHandlerThread.class: 3getCurrentFileName: logFileName=app8.log
10-11 15:47:55.508  4965  4986 D LogWriteUtil.class=LogFileHandlerThread.class: 1getCurrentFileName: LogWriteUtil.logfile=app.log
10-11 15:47:55.509  4965  4986 D LogWriteUtil.class=LogFileHandlerThread.class: 1getFilePath: logFormat=2022-10-11, LogWriteUtil.logPathDir=/custom/metro/log
10-11 15:47:55.509  4965  4986 D LogWriteUtil.class=LogFileHandlerThread.class: 2getFilePath: filePath=/custom/metro/log/2022-10-11
10-11 15:47:55.509  4965  4986 D LogWriteUtil.class=LogFileHandlerThread.class: getFileNameSuffix: file=/custom/metro/log/2022-10-11
10-11 15:47:55.509  4965  4986 D LogWriteUtil.class=LogFileHandlerThread.class: 2getCurrentFileName: index=3, LogWriteUtil.logfile=app.log, getFileNameSuffix=8
10-11 15:47:55.510  4965  4986 D LogWriteUtil.class=LogFileHandlerThread.class: 1getFilePath: logFormat=2022-10-11, LogWriteUtil.logPathDir=/custom/metro/log
10-11 15:47:55.510  4965  4986 D LogWriteUtil.class=LogFileHandlerThread.class: 2getFilePath: filePath=/custom/metro/log/2022-10-11
10-11 15:47:55.511  4965  4986 D LogWriteUtil.class=LogFileHandlerThread.class: getFileNameSuffix: file=/custom/metro/log/2022-10-11
10-11 15:47:55.511  4965  4986 D LogWriteUtil.class=LogFileHandlerThread.class: 3getCurrentFileName: logFileName=app8.log
10-11 15:47:55.511  4965  4986 D TAG     : 2,initFile: /custom/metro/log/2022-10-11/app8.log, logFile.length=1407868, getCurrentFileName()=app8.log, writeFileName=/custom/metro/log/2022-10-11/app8.log
10-11 15:47:55.511  4965  4986 D LogWriteUtil.class=LogFileHandlerThread.class: 8,initFile: logFile=/custom/metro/log/2022-10-11/app8.log, logFile.length=1407868
10-11 15:47:55.512  4965  4986 D LogWriteUtil.class=LogFileHandlerThread.class: 1getFilePath: logFormat=2022-10-11, LogWriteUtil.logPathDir=/custom/metro/log
10-11 15:47:55.513  4965  4986 D LogWriteUtil.class=LogFileHandlerThread.class: 2getFilePath: filePath=/custom/metro/log/2022-10-11
10-11 15:47:55.513  4965  4986 D LogWriteUtil.class=LogFileHandlerThread.class: 1getCurrentFileName: LogWriteUtil.logfile=app.log
10-11 15:47:55.513  4965  4986 D LogWriteUtil.class=LogFileHandlerThread.class: 1getFilePath: logFormat=2022-10-11, LogWriteUtil.logPathDir=/custom/metro/log
10-11 15:47:55.513  4965  4986 D LogWriteUtil.class=LogFileHandlerThread.class: 2getFilePath: filePath=/custom/metro/log/2022-10-11
10-11 15:47:55.514  4965  4986 D LogWriteUtil.class=LogFileHandlerThread.class: getFileNameSuffix: file=/custom/metro/log/2022-10-11
10-11 15:47:55.514  4965  4986 D LogWriteUtil.class=LogFileHandlerThread.class: 2getCurrentFileName: index=3, LogWriteUtil.logfile=app.log, getFileNameSuffix=8
10-11 15:47:55.515  4965  4986 D LogWriteUtil.class=LogFileHandlerThread.class: 1getFilePath: logFormat=2022-10-11, LogWriteUtil.logPathDir=/custom/metro/log
10-11 15:47:55.515  4965  4986 D LogWriteUtil.class=LogFileHandlerThread.class: 2getFilePath: filePath=/custom/metro/log/2022-10-11
10-11 15:47:55.515  4965  4986 D LogWriteUtil.class=LogFileHandlerThread.class: getFileNameSuffix: file=/custom/metro/log/2022-10-11
10-11 15:47:55.515  4965  4986 D LogWriteUtil.class=LogFileHandlerThread.class: 3getCurrentFileName: logFileName=app8.log
10-11 15:47:55.515  4965  4986 D LogWriteUtil.class=LogFileHandlerThread.class: 1,initFile: getFilePath()=/custom/metro/log/2022-10-11, getCurrentFileName=app8.log
10-11 15:47:55.516  4965  4986 D LogWriteUtil.class=LogFileHandlerThread.class: 1getFilePath: logFormat=2022-10-11, LogWriteUtil.logPathDir=/custom/metro/log
10-11 15:47:55.516  4965  4986 D LogWriteUtil.class=LogFileHandlerThread.class: 2getFilePath: filePath=/custom/metro/log/2022-10-11
10-11 15:47:55.516  4965  4986 D LogWriteUtil.class=LogFileHandlerThread.class: 1getCurrentFileName: LogWriteUtil.logfile=app.log
10-11 15:47:55.517  4965  6850 D TAG     : parseDSCfgData: save data success!
10-11 15:47:55.517  4965  6850 D DisApiSingletonReceive: -------------------------------------parseDSCfgData: [StationBrdZone(zoneID=35003, zoneName=天河站动态重组组, groupID=6027513), StationBrdZone(zoneID=35002, zoneName=天河站下行站台广播组, groupID=6027352), StationBrdZone(zoneID=35001, zoneName=天河站上行站台广播组, groupID=6027332)]
10-11 15:47:55.517  4965  4986 D LogWriteUtil.class=LogFileHandlerThread.class: 1getFilePath: logFormat=2022-10-11, LogWriteUtil.logPathDir=/custom/metro/log
10-11 15:47:55.517  4965  4986 D LogWriteUtil.class=LogFileHandlerThread.class: 2getFilePath: filePath=/custom/metro/log/2022-10-11
10-11 15:47:55.517  4965  4986 D LogWriteUtil.class=LogFileHandlerThread.class: getFileNameSuffix: file=/custom/metro/log/2022-10-11
10-11 15:47:55.517  4965  4986 D LogWriteUtil.class=LogFileHandlerThread.class: 2getCurrentFileName: index=3, LogWriteUtil.logfile=app.log, getFileNameSuffix=8
10-11 15:47:55.518  4965  4986 D LogWriteUtil.class=LogFileHandlerThread.class: 1getFilePath: logFormat=2022-10-11, LogWriteUtil.logPathDir=/custom/metro/log
10-11 15:47:55.518  4965  4986 D LogWriteUtil.class=LogFileHandlerThread.class: 2getFilePath: filePath=/custom/metro/log/2022-10-11
10-11 15:47:55.518  4965  4986 D LogWriteUtil.class=LogFileHandlerThread.class: getFileNameSuffix: file=/custom/metro/log/2022-10-11
10-11 15:47:55.518  4965  4986 D LogWriteUtil.class=LogFileHandlerThread.class: 3getCurrentFileName: logFileName=app8.log
10-11 15:47:55.519  4965  4986 D LogWriteUtil.class=LogFileHandlerThread.class: 1getCurrentFileName: LogWriteUtil.logfile=app.log
10-11 15:47:55.519  4965  4986 D LogWriteUtil.class=LogFileHandlerThread.class: 1getFilePath: logFormat=2022-10-11, LogWriteUtil.logPathDir=/custom/metro/log
10-11 15:47:55.520  4965  4986 D LogWriteUtil.class=LogFileHandlerThread.class: 2getFilePath: filePath=/custom/metro/log/2022-10-11
10-11 15:47:55.520  4965  4986 D LogWriteUtil.class=LogFileHandlerThread.class: getFileNameSuffix: file=/custom/metro/log/2022-10-11
10-11 15:47:55.520  4965  4986 D LogWriteUtil.class=LogFileHandlerThread.class: 2getCurrentFileName: index=3, LogWriteUtil.logfile=app.log, getFileNameSuffix=8
10-11 15:47:55.521  4965  4986 D LogWriteUtil.class=LogFileHandlerThread.class: 1getFilePath: logFormat=2022-10-11, LogWriteUtil.logPathDir=/custom/metro/log
10-11 15:47:55.521  4965  4986 D LogWriteUtil.class=LogFileHandlerThread.class: 2getFilePath: filePath=/custom/metro/log/2022-10-11
10-11 15:47:55.521  4965  4986 D LogWriteUtil.class=LogFileHandlerThread.class: getFileNameSuffix: file=/custom/metro/log/2022-10-11
10-11 15:47:55.521  4965  4986 D LogWriteUtil.class=LogFileHandlerThread.class: 3getCurrentFileName: logFileName=app8.log
10-11 15:47:55.521  4965  4986 D TAG     : 2,initFile: /custom/metro/log/2022-10-11/app8.log, logFile.length=1408097, getCurrentFileName()=app8.log, writeFileName=/custom/metro/log/2022-10-11/app8.log
10-11 15:47:55.521  4965  4986 D LogWriteUtil.class=LogFileHandlerThread.class: 8,initFile: logFile=/custom/metro/log/2022-10-11/app8.log, logFile.length=1408097
10-11 15:47:55.523  4965  4965 D IndexFragment: showStationID: stationIDStr=012
10-11 15:47:55.528  4965  6850 D GroupHelper: getGroupByNumber : group nuber is +866027312
10-11 15:47:55.529  4965  6850 V GroupHelper: getGroupByNumber result cursor: android.content.ContentResolver$CursorWrapperInner@da63e4c
10-11 15:47:55.530  4965  6850 D GroupHelper: modifyGroup : target group name is S2天河站站务组
10-11 15:47:55.554  4965  6850 D GroupHelper: modifyGroup : target group name is S2天河站上行广播组
10-11 15:47:55.575  4965  6850 D GroupHelper: modifyGroup : target group name is S2天河站下行广播组
10-11 15:47:55.597  4965  6850 D GroupHelper: modifyGroup : target group name is S2车站通播组
10-11 15:47:55.622  4965  6850 I TAG     : 4setScanGroup: [6027513, 6027352, 6027332]
10-11 15:47:55.633  4965  6850 D GotaSettingsHelper: String putValues key:4 value:1
10-11 15:47:55.633  4965  6850 E SettingsProvider: update
10-11 15:47:55.633  4965  5018 D GotaSystemHandler: handleMessage msg.what =GROUPMANAGER_RESP_UPDATE_SCAN_GROUP;msg.arg1=0
10-11 15:47:55.633  4965  5018 D LTEPhone: processRequest msg.what=GROUPMANAGER_RESP_UPDATE_SCAN_GROUP
10-11 15:47:55.634  4965  5018 D LTEGroupManager: LteGroupTracker handleMessage: GROUPMANAGER_RESP_UPDATE_SCAN_GROUP
10-11 15:47:55.634  4965  5018 D LTEGroupManager: updateScanGroupInfo()
10-11 15:47:55.634  4965  5018 D GroupStatusNormal: setScanGroup,scanInfo:cause:1,count:4,6027352 6027332 +866027312 6027513 
10-11 15:47:55.659  4965  5018 D GroupStatusNormal: setScanGroup,DynamicGroup in db null,do nothing
10-11 15:47:55.659  4965  6850 D DisApiSingletonReceive: parseDSCfgData: save StationBrdZone data success!
10-11 15:47:55.659  4965  5018 D GroupStatusNormal: updateScanGroupInfo() callStaus is 0
10-11 15:47:55.659  4965  5018 D LTEGroupManager: switch group status GroupStatusNormal -----> GroupStatusSetScan
10-11 15:47:55.659  4965  5018 D LTERILJ : [0951]> RIL_REQUEST_ZTE_UPDATE_SCANGROUPINFO
10-11 15:47:55.671  4965  4965 D MainActivity: main: list=[StationBrdZone(zoneID=1, zoneName=上行列车通播组, groupID=20000000008), StationBrdZone(zoneID=2, zoneName=下行列车通播组, groupID=20000000009), StationBrdZone(zoneID=35001, zoneName=天河站上行站台广播组, groupID=6027332), StationBrdZone(zoneID=35002, zoneName=天河站下行站台广播组, groupID=6027352), StationBrdZone(zoneID=35003, zoneName=天河站动态重组组, groupID=6027513)]
10-11 15:47:55.672  4965  4965 D MainActivity: init: paStartMic: aaaaaaaaaaaaaaaaaaaaaa-----get zone bro list=[]
10-11 15:47:55.672  4965  4965 D MainActivity: init: paStartMic: aaaaaaaaaaaaaaaaaaaaaa-----get zone bro list2=[StationBrdZone(zoneID=1, zoneName=上行列车通播组, groupID=20000000008), StationBrdZone(zoneID=2, zoneName=下行列车通播组, groupID=20000000009), StationBrdZone(zoneID=35001, zoneName=天河站上行站台广播组, groupID=6027332), StationBrdZone(zoneID=35002, zoneName=天河站下行站台广播组, groupID=6027352), StationBrdZone(zoneID=35003, zoneName=天河站动态重组组, groupID=6027513)]
10-11 15:47:55.723  4965  5021 I LTERILJ : XXX set ScanInfo Failed
10-11 15:47:55.724  4965  5021 D LTERILJ : [UNSL]< RIL_UNSOL_NOTIFY_PTT_SCAN_INFO_RSP
10-11 15:47:55.724  4965  5021 D LTERILJ : [0951]< RIL_REQUEST_ZTE_UPDATE_SCANGROUPINFO 
10-11 15:47:55.725  4965  5022 D LTEGroupManager: LteGroupTracker handleMessage: GROUPMANAGER_RESP_UPDATE_SCAN_RSP
10-11 15:47:55.725  4965  5022 D GroupStatusSetScan: handleUpdateScan result is 1
10-11 15:47:55.725  4965  5022 D LTEGroupManager: switch group status GroupStatusSetScan -----> GroupStatusNormal
10-11 15:47:55.744  4965  6850 D MainViewModel: getSystemTime_currentThreadID2: 364
10-11 15:47:55.781  4965  6850 D TAG     : getSystemTime_currentThreadID3s: 364, isActive=true
10-11 15:47:56.252  4965  6850 D MainViewModel: getSystemTime_currentThreadID2: 364
10-11 15:47:56.286  4965  6850 D TAG     : getSystemTime_currentThreadID3s: 364, isActive=true
10-11 15:47:56.376  4965  5021 I rilj    : EMCI Detial(CellId--->Tav): 5378,255,2,"460702",255,65535,59,65535,255,255,49,29,16,255,1185411028021,0,0,0,0,0,0,0,0
10-11 15:47:56.376  4965  5021 D LTERILJ : [UNSL]< RIL_UNSOL_NOTIFY_EMCI_DETAIL
10-11 15:47:56.377  4965  5018 D LTEPhone: EVENT_FOR_EMCI_DETAIL
10-11 15:47:56.377  4965  5018 D LTEServiceTracker: setCellId cellId:5378,"460702"
10-11 15:47:56.379  4965  4965 I APP_LogUtils.kt: [(LogUtils.kt:50).i()] [com.gbcom.library_base.service.LLteService] lte_resp_sys_for_emci_detail - EmciDetail=com.ztegota.system.common.EmciDetail@2db3e77
10-11 15:47:56.380  4965  4986 D LogWriteUtil.class=LogFileHandlerThread.class: 1getFilePath: logFormat=2022-10-11, LogWriteUtil.logPathDir=/custom/metro/log
10-11 15:47:56.381  4965  4986 D LogWriteUtil.class=LogFileHandlerThread.class: 2getFilePath: filePath=/custom/metro/log/2022-10-11
10-11 15:47:56.381  4965  4986 D LogWriteUtil.class=LogFileHandlerThread.class: 1getCurrentFileName: LogWriteUtil.logfile=app.log
10-11 15:47:56.382  4965  4986 D LogWriteUtil.class=LogFileHandlerThread.class: 1getFilePath: logFormat=2022-10-11, LogWriteUtil.logPathDir=/custom/metro/log
10-11 15:47:56.382  4965  4986 D LogWriteUtil.class=LogFileHandlerThread.class: 2getFilePath: filePath=/custom/metro/log/2022-10-11
10-11 15:47:56.382  4965  4986 D LogWriteUtil.class=LogFileHandlerThread.class: getFileNameSuffix: file=/custom/metro/log/2022-10-11
10-11 15:47:56.383  4965  4986 D LogWriteUtil.class=LogFileHandlerThread.class: 2getCurrentFileName: index=3, LogWriteUtil.logfile=app.log, getFileNameSuffix=8
10-11 15:47:56.384  4965  4986 D LogWriteUtil.class=LogFileHandlerThread.class: 1getFilePath: logFormat=2022-10-11, LogWriteUtil.logPathDir=/custom/metro/log
10-11 15:47:56.384  4965  4986 D LogWriteUtil.class=LogFileHandlerThread.class: 2getFilePath: filePath=/custom/metro/log/2022-10-11
10-11 15:47:56.385  4965  4986 D LogWriteUtil.class=LogFileHandlerThread.class: getFileNameSuffix: file=/custom/metro/log/2022-10-11
10-11 15:47:56.386  4965  4986 D LogWriteUtil.class=LogFileHandlerThread.class: 3getCurrentFileName: logFileName=app8.log
10-11 15:47:56.386  4965  4986 D LogWriteUtil.class=LogFileHandlerThread.class: 1,initFile: getFilePath()=/custom/metro/log/2022-10-11, getCurrentFileName=app8.log
10-11 15:47:56.387  4965  4986 D LogWriteUtil.class=LogFileHandlerThread.class: 1getFilePath: logFormat=2022-10-11, LogWriteUtil.logPathDir=/custom/metro/log
10-11 15:47:56.388  4965  4986 D LogWriteUtil.class=LogFileHandlerThread.class: 2getFilePath: filePath=/custom/metro/log/2022-10-11
10-11 15:47:56.388  4965  4986 D LogWriteUtil.class=LogFileHandlerThread.class: 1getCurrentFileName: LogWriteUtil.logfile=app.log
10-11 15:47:56.389  4965  4986 D LogWriteUtil.class=LogFileHandlerThread.class: 1getFilePath: logFormat=2022-10-11, LogWriteUtil.logPathDir=/custom/metro/log
10-11 15:47:56.390  4965  4986 D LogWriteUtil.class=LogFileHandlerThread.class: 2getFilePath: filePath=/custom/metro/log/2022-10-11
10-11 15:47:56.390  4965  4986 D LogWriteUtil.class=LogFileHandlerThread.class: getFileNameSuffix: file=/custom/metro/log/2022-10-11
10-11 15:47:56.391  4965  4986 D LogWriteUtil.class=LogFileHandlerThread.class: 2getCurrentFileName: index=3, LogWriteUtil.logfile=app.log, getFileNameSuffix=8
10-11 15:47:56.392  4965  4986 D LogWriteUtil.class=LogFileHandlerThread.class: 1getFilePath: logFormat=2022-10-11, LogWriteUtil.logPathDir=/custom/metro/log
10-11 15:47:56.392  4965  4986 D LogWriteUtil.class=LogFileHandlerThread.class: 2getFilePath: filePath=/custom/metro/log/2022-10-11
10-11 15:47:56.393  4965  4986 D LogWriteUtil.class=LogFileHandlerThread.class: getFileNameSuffix: file=/custom/metro/log/2022-10-11
10-11 15:47:56.393  4965  4986 D LogWriteUtil.class=LogFileHandlerThread.class: 3getCurrentFileName: logFileName=app8.log
10-11 15:47:56.394  4965  4986 D LogWriteUtil.class=LogFileHandlerThread.class: 1getCurrentFileName: LogWriteUtil.logfile=app.log
10-11 15:47:56.396  4965  4986 D LogWriteUtil.class=LogFileHandlerThread.class: 1getFilePath: logFormat=2022-10-11, LogWriteUtil.logPathDir=/custom/metro/log
10-11 15:47:56.396  4965  4986 D LogWriteUtil.class=LogFileHandlerThread.class: 2getFilePath: filePath=/custom/metro/log/2022-10-11
10-11 15:47:56.396  4965  4986 D LogWriteUtil.class=LogFileHandlerThread.class: getFileNameSuffix: file=/custom/metro/log/2022-10-11
10-11 15:47:56.397  4965  4986 D LogWriteUtil.class=LogFileHandlerThread.class: 2getCurrentFileName: index=3, LogWriteUtil.logfile=app.log, getFileNameSuffix=8
10-11 15:47:56.398  4965  4986 D LogWriteUtil.class=LogFileHandlerThread.class: 1getFilePath: logFormat=2022-10-11, LogWriteUtil.logPathDir=/custom/metro/log
10-11 15:47:56.399  4965  4986 D LogWriteUtil.class=LogFileHandlerThread.class: 2getFilePath: filePath=/custom/metro/log/2022-10-11
10-11 15:47:56.399  4965  4986 D LogWriteUtil.class=LogFileHandlerThread.class: getFileNameSuffix: file=/custom/metro/log/2022-10-11
10-11 15:47:56.400  4965  4986 D LogWriteUtil.class=LogFileHandlerThread.class: 3getCurrentFileName: logFileName=app8.log
10-11 15:47:56.400  4965  4986 D TAG     : 2,initFile: /custom/metro/log/2022-10-11/app8.log, logFile.length=1408249, getCurrentFileName()=app8.log, writeFileName=/custom/metro/log/2022-10-11/app8.log
10-11 15:47:56.401  4965  4986 D LogWriteUtil.class=LogFileHandlerThread.class: 8,initFile: logFile=/custom/metro/log/2022-10-11/app8.log, logFile.length=1408249
10-11 15:47:56.416  4965  4965 D MainActivity: updateSignalIcon: signal=4
10-11 15:47:56.446  4965  4965 E train_jni_log: getHandsetStatus===popen buffer=0
10-11 15:47:56.446  4965  4965 E train_jni_log: getHandsetStatus===popen iRet=0
10-11 15:47:56.447  4965  4965 D TAG     : getHeadsetStatus: 0
10-11 15:47:56.449  4965  4965 D TAG     : getHeadsetStatus: headsetStatus=200
10-11 15:47:56.449  4965  4965 D TAG     : getHeadsetStatus: headsetStatus2=200
10-11 15:47:56.451  4965  4965 D MainActivity: showStatus: aa---result---result=true, url=192.168.42.131
10-11 15:47:56.451  4965  6850 D MainViewModel: getLteIp: test1111111=172.2.200.12
10-11 15:47:56.452  4965  7280 I APP_LogUtils.kt: [(LogUtils.kt:50).i()] [MainViewModel] GotaSystem SDK:V2.13 2021-04-20, Host Soft Version:GM655+V1.0.6.8B02, Host Hard Version:GM655MB_C, Host Build Time:2021年 12月 28日 星期二 16:23:13 CST;
10-11 15:47:56.452  4965  7222 D BtrunCConfig: isR2Nubmer is true
10-11 15:47:56.452  4965  7222 D com.ztegota.system.GotaSystem: getMdn +866022012
10-11 15:47:56.452  4965  7222 D TAG     : getUserId: userId2=+866022012
10-11 15:47:56.453  4965  4986 D LogWriteUtil.class=LogFileHandlerThread.class: 1getFilePath: logFormat=2022-10-11, LogWriteUtil.logPathDir=/custom/metro/log
10-11 15:47:56.453  4965  4986 D LogWriteUtil.class=LogFileHandlerThread.class: 2getFilePath: filePath=/custom/metro/log/2022-10-11
10-11 15:47:56.453  4965  4986 D LogWriteUtil.class=LogFileHandlerThread.class: 1getCurrentFileName: LogWriteUtil.logfile=app.log
10-11 15:47:56.454  4965  4986 D LogWriteUtil.class=LogFileHandlerThread.class: 1getFilePath: logFormat=2022-10-11, LogWriteUtil.logPathDir=/custom/metro/log
10-11 15:47:56.454  4965  4986 D LogWriteUtil.class=LogFileHandlerThread.class: 2getFilePath: filePath=/custom/metro/log/2022-10-11
10-11 15:47:56.454  4965  4986 D LogWriteUtil.class=LogFileHandlerThread.class: getFileNameSuffix: file=/custom/metro/log/2022-10-11
10-11 15:47:56.455  4965  4986 D LogWriteUtil.class=LogFileHandlerThread.class: 2getCurrentFileName: index=3, LogWriteUtil.logfile=app.log, getFileNameSuffix=8
10-11 15:47:56.455  4965  4986 D LogWriteUtil.class=LogFileHandlerThread.class: 1getFilePath: logFormat=2022-10-11, LogWriteUtil.logPathDir=/custom/metro/log
10-11 15:47:56.455  4965  4986 D LogWriteUtil.class=LogFileHandlerThread.class: 2getFilePath: filePath=/custom/metro/log/2022-10-11
10-11 15:47:56.456  4965  4986 D LogWriteUtil.class=LogFileHandlerThread.class: getFileNameSuffix: file=/custom/metro/log/2022-10-11
10-11 15:47:56.456  4965  4986 D LogWriteUtil.class=LogFileHandlerThread.class: 3getCurrentFileName: logFileName=app8.log
10-11 15:47:56.456  4965  4986 D LogWriteUtil.class=LogFileHandlerThread.class: 1,initFile: getFilePath()=/custom/metro/log/2022-10-11, getCurrentFileName=app8.log
10-11 15:47:56.457  4965  4986 D LogWriteUtil.class=LogFileHandlerThread.class: 1getFilePath: logFormat=2022-10-11, LogWriteUtil.logPathDir=/custom/metro/log
10-11 15:47:56.457  4965  4986 D LogWriteUtil.class=LogFileHandlerThread.class: 2getFilePath: filePath=/custom/metro/log/2022-10-11
10-11 15:47:56.457  4965  4986 D LogWriteUtil.class=LogFileHandlerThread.class: 1getCurrentFileName: LogWriteUtil.logfile=app.log
10-11 15:47:56.458  4965  4986 D LogWriteUtil.class=LogFileHandlerThread.class: 1getFilePath: logFormat=2022-10-11, LogWriteUtil.logPathDir=/custom/metro/log
10-11 15:47:56.458  4965  4986 D LogWriteUtil.class=LogFileHandlerThread.class: 2getFilePath: filePath=/custom/metro/log/2022-10-11
10-11 15:47:56.458  4965  4986 D LogWriteUtil.class=LogFileHandlerThread.class: getFileNameSuffix: file=/custom/metro/log/2022-10-11
10-11 15:47:56.458  4965  4986 D LogWriteUtil.class=LogFileHandlerThread.class: 2getCurrentFileName: index=3, LogWriteUtil.logfile=app.log, getFileNameSuffix=8
10-11 15:47:56.459  4965  4986 D LogWriteUtil.class=LogFileHandlerThread.class: 1getFilePath: logFormat=2022-10-11, LogWriteUtil.logPathDir=/custom/metro/log
10-11 15:47:56.459  4965  4986 D LogWriteUtil.class=LogFileHandlerThread.class: 2getFilePath: filePath=/custom/metro/log/2022-10-11
10-11 15:47:56.459  4965  4986 D LogWriteUtil.class=LogFileHandlerThread.class: getFileNameSuffix: file=/custom/metro/log/2022-10-11
10-11 15:47:56.460  4965  4986 D LogWriteUtil.class=LogFileHandlerThread.class: 3getCurrentFileName: logFileName=app8.log
10-11 15:47:56.460  4965  4986 D LogWriteUtil.class=LogFileHandlerThread.class: 1getCurrentFileName: LogWriteUtil.logfile=app.log
10-11 15:47:56.460  4965  4986 D LogWriteUtil.class=LogFileHandlerThread.class: 1getFilePath: logFormat=2022-10-11, LogWriteUtil.logPathDir=/custom/metro/log
10-11 15:47:56.460  4965  4986 D LogWriteUtil.class=LogFileHandlerThread.class: 2getFilePath: filePath=/custom/metro/log/2022-10-11
10-11 15:47:56.460  4965  4986 D LogWriteUtil.class=LogFileHandlerThread.class: getFileNameSuffix: file=/custom/metro/log/2022-10-11
10-11 15:47:56.461  4965  4986 D LogWriteUtil.class=LogFileHandlerThread.class: 2getCurrentFileName: index=3, LogWriteUtil.logfile=app.log, getFileNameSuffix=8
10-11 15:47:56.461  4965  4986 D LogWriteUtil.class=LogFileHandlerThread.class: 1getFilePath: logFormat=2022-10-11, LogWriteUtil.logPathDir=/custom/metro/log
10-11 15:47:56.461  4965  4986 D LogWriteUtil.class=LogFileHandlerThread.class: 2getFilePath: filePath=/custom/metro/log/2022-10-11
10-11 15:47:56.461  4965  4986 D LogWriteUtil.class=LogFileHandlerThread.class: getFileNameSuffix: file=/custom/metro/log/2022-10-11
10-11 15:47:56.462  4965  4986 D LogWriteUtil.class=LogFileHandlerThread.class: 3getCurrentFileName: logFileName=app8.log
10-11 15:47:56.462  4965  4986 D TAG     : 2,initFile: /custom/metro/log/2022-10-11/app8.log, logFile.length=1408429, getCurrentFileName()=app8.log, writeFileName=/custom/metro/log/2022-10-11/app8.log
10-11 15:47:56.462  4965  4986 D LogWriteUtil.class=LogFileHandlerThread.class: 8,initFile: logFile=/custom/metro/log/2022-10-11/app8.log, logFile.length=1408429
10-11 15:47:56.757  4965  7222 D MainViewModel: getSystemTime_currentThreadID2: 372
10-11 15:47:56.769  4965  5038 D UdpDisServices: udp receive - api receive data disApi, udp service id=186  - udp.packet.address=/172.2.208.8, udp.pack.socketAddress=/172.2.208.8:64002, udp.port=64002- running=true - message={"MsgSeqID":1233408,"MsgName":"GetStationATSRsp","MsgInfo":{"Code":10011,"StationATSInfos":[{"TrainGroupNumber":"211","ServiceNumber":"000","TrainCrewNumber":"000","TrainPosition":"1","TrainRunningPosition":"1","RailName":"T1206","StationID":"012","TerminalStationID":"000","DestinationID":"000"},{"TrainGroupNumber":"212","ServiceNumber":"000","TrainCrewNumber":"000","TrainPosition":"1","TrainRunningPosition":"1","RailName":"T1212","StationID":"012","TerminalStationID":"000","DestinationID":"000"}]}}
10-11 15:47:56.772  4965  5038 I APP_LogUtils.kt: [(LogUtils.kt:50).i()] [UdpDisServices] udp receive - api receive data disApi, udp service id=186 - running=true  - ip=/172.2.208.8 - port=64002 - message={"MsgSeqID":1233408,"MsgName":"GetStationATSRsp","MsgInfo":{"Code":10011,"StationATSInfos":[{"TrainGroupNumber":"211","ServiceNumber":"000","TrainCrewNumber":"000","TrainPosition":"1","TrainRunningPosition":"1","RailName":"T1206","StationID":"012","TerminalStationID":"000","DestinationID":"000"},{"TrainGroupNumber":"212","ServiceNumber":"000","TrainCrewNumber":"000","TrainPosition":"1","TrainRunningPosition":"1","RailName":"T1212","StationID":"012","TerminalStationID":"000","DestinationID":"000"}]}}
10-11 15:47:56.774  4965  4986 D LogWriteUtil.class=LogFileHandlerThread.class: 1getFilePath: logFormat=2022-10-11, LogWriteUtil.logPathDir=/custom/metro/log
10-11 15:47:56.774  4965  4986 D LogWriteUtil.class=LogFileHandlerThread.class: 2getFilePath: filePath=/custom/metro/log/2022-10-11
10-11 15:47:56.775  4965  4986 D LogWriteUtil.class=LogFileHandlerThread.class: 1getCurrentFileName: LogWriteUtil.logfile=app.log
10-11 15:47:56.776  4965  4986 D LogWriteUtil.class=LogFileHandlerThread.class: 1getFilePath: logFormat=2022-10-11, LogWriteUtil.logPathDir=/custom/metro/log
10-11 15:47:56.776  4965  4986 D LogWriteUtil.class=LogFileHandlerThread.class: 2getFilePath: filePath=/custom/metro/log/2022-10-11
10-11 15:47:56.776  4965  4986 D LogWriteUtil.class=LogFileHandlerThread.class: getFileNameSuffix: file=/custom/metro/log/2022-10-11
10-11 15:47:56.777  4965  4986 D LogWriteUtil.class=LogFileHandlerThread.class: 2getCurrentFileName: index=3, LogWriteUtil.logfile=app.log, getFileNameSuffix=8
10-11 15:47:56.778  4965  4986 D LogWriteUtil.class=LogFileHandlerThread.class: 1getFilePath: logFormat=2022-10-11, LogWriteUtil.logPathDir=/custom/metro/log
10-11 15:47:56.779  4965  4986 D LogWriteUtil.class=LogFileHandlerThread.class: 2getFilePath: filePath=/custom/metro/log/2022-10-11
10-11 15:47:56.779  4965  4986 D LogWriteUtil.class=LogFileHandlerThread.class: getFileNameSuffix: file=/custom/metro/log/2022-10-11
10-11 15:47:56.780  4965  4986 D LogWriteUtil.class=LogFileHandlerThread.class: 3getCurrentFileName: logFileName=app8.log
10-11 15:47:56.780  4965  4986 D LogWriteUtil.class=LogFileHandlerThread.class: 1,initFile: getFilePath()=/custom/metro/log/2022-10-11, getCurrentFileName=app8.log
10-11 15:47:56.781  4965  4986 D LogWriteUtil.class=LogFileHandlerThread.class: 1getFilePath: logFormat=2022-10-11, LogWriteUtil.logPathDir=/custom/metro/log
10-11 15:47:56.781  4965  4965 D MainActivity: onMessageEvent  -- gginit: disApi, id=1---event={"MsgSeqID":1233408,"MsgName":"GetStationATSRsp","MsgInfo":{"Code":10011,"StationATSInfos":[{"TrainGroupNumber":"211","ServiceNumber":"000","TrainCrewNumber":"000","TrainPosition":"1","TrainRunningPosition":"1","RailName":"T1206","StationID":"012","TerminalStationID":"000","DestinationID":"000"},{"TrainGroupNumber":"212","ServiceNumber":"000","TrainCrewNumber":"000","TrainPosition":"1","TrainRunningPosition":"1","RailName":"T1212","StationID":"012","TerminalStationID":"000","DestinationID":"000"}]}}
10-11 15:47:56.781  4965  4986 D LogWriteUtil.class=LogFileHandlerThread.class: 2getFilePath: filePath=/custom/metro/log/2022-10-11
10-11 15:47:56.781  4965  4965 D MainViewModel: 1processDisApi: disApi, id=1
10-11 15:47:56.781  4965  4986 D LogWriteUtil.class=LogFileHandlerThread.class: 1getCurrentFileName: LogWriteUtil.logfile=app.log
10-11 15:47:56.782  4965  4986 D LogWriteUtil.class=LogFileHandlerThread.class: 1getFilePath: logFormat=2022-10-11, LogWriteUtil.logPathDir=/custom/metro/log
10-11 15:47:56.783  4965  4986 D LogWriteUtil.class=LogFileHandlerThread.class: 2getFilePath: filePath=/custom/metro/log/2022-10-11
10-11 15:47:56.783  4965  4986 D LogWriteUtil.class=LogFileHandlerThread.class: getFileNameSuffix: file=/custom/metro/log/2022-10-11
10-11 15:47:56.783  4965  4986 D LogWriteUtil.class=LogFileHandlerThread.class: 2getCurrentFileName: index=3, LogWriteUtil.logfile=app.log, getFileNameSuffix=8
10-11 15:47:56.784  4965  4986 D LogWriteUtil.class=LogFileHandlerThread.class: 1getFilePath: logFormat=2022-10-11, LogWriteUtil.logPathDir=/custom/metro/log
10-11 15:47:56.785  4965  4986 D LogWriteUtil.class=LogFileHandlerThread.class: 2getFilePath: filePath=/custom/metro/log/2022-10-11
10-11 15:47:56.786  4965  4986 D LogWriteUtil.class=LogFileHandlerThread.class: getFileNameSuffix: file=/custom/metro/log/2022-10-11
10-11 15:47:56.787  4965  4986 D LogWriteUtil.class=LogFileHandlerThread.class: 3getCurrentFileName: logFileName=app8.log
10-11 15:47:56.787  4965  4986 D LogWriteUtil.class=LogFileHandlerThread.class: 1getCurrentFileName: LogWriteUtil.logfile=app.log
10-11 15:47:56.787  4965  7222 D DisApiSingletonReceive: processingData: disApi, id=372 - data={"MsgSeqID":1233408,"MsgName":"GetStationATSRsp","MsgInfo":{"Code":10011,"StationATSInfos":[{"TrainGroupNumber":"211","ServiceNumber":"000","TrainCrewNumber":"000","TrainPosition":"1","TrainRunningPosition":"1","RailName":"T1206","StationID":"012","TerminalStationID":"000","DestinationID":"000"},{"TrainGroupNumber":"212","ServiceNumber":"000","TrainCrewNumber":"000","TrainPosition":"1","TrainRunningPosition":"1","RailName":"T1212","StationID":"012","TerminalStationID":"000","DestinationID":"000"}]}}
10-11 15:47:56.788  4965  4986 D LogWriteUtil.class=LogFileHandlerThread.class: 1getFilePath: logFormat=2022-10-11, LogWriteUtil.logPathDir=/custom/metro/log
10-11 15:47:56.788  4965  4986 D LogWriteUtil.class=LogFileHandlerThread.class: 2getFilePath: filePath=/custom/metro/log/2022-10-11
10-11 15:47:56.788  4965  4986 D LogWriteUtil.class=LogFileHandlerThread.class: getFileNameSuffix: file=/custom/metro/log/2022-10-11
10-11 15:47:56.788  4965  4986 D LogWriteUtil.class=LogFileHandlerThread.class: 2getCurrentFileName: index=3, LogWriteUtil.logfile=app.log, getFileNameSuffix=8
10-11 15:47:56.789  4965  4986 D LogWriteUtil.class=LogFileHandlerThread.class: 1getFilePath: logFormat=2022-10-11, LogWriteUtil.logPathDir=/custom/metro/log
10-11 15:47:56.789  4965  4986 D LogWriteUtil.class=LogFileHandlerThread.class: 2getFilePath: filePath=/custom/metro/log/2022-10-11
10-11 15:47:56.789  4965  4986 D LogWriteUtil.class=LogFileHandlerThread.class: getFileNameSuffix: file=/custom/metro/log/2022-10-11
10-11 15:47:56.789  4965  4986 D LogWriteUtil.class=LogFileHandlerThread.class: 3getCurrentFileName: logFileName=app8.log
10-11 15:47:56.789  4965  4986 D TAG     : 2,initFile: /custom/metro/log/2022-10-11/app8.log, logFile.length=1408652, getCurrentFileName()=app8.log, writeFileName=/custom/metro/log/2022-10-11/app8.log
10-11 15:47:56.789  4965  4986 D LogWriteUtil.class=LogFileHandlerThread.class: 8,initFile: logFile=/custom/metro/log/2022-10-11/app8.log, logFile.length=1408652
10-11 15:47:56.790  4965  7222 D DisApiSingletonReceive: parseStationAtsData: atsInfo=com.gbcom.library_base.data.StationAtsApiData@b50f150
10-11 15:47:56.790  4965  7222 D BtrunCConfig: isR2Nubmer is true
10-11 15:47:56.790  4965  7222 D com.ztegota.system.GotaSystem: getMdn +866022012
10-11 15:47:56.790  4965  7222 D TAG     : getUserId: userId2=+866022012
10-11 15:47:56.790  4965  7222 D BtrunCConfig: isR2Nubmer is true
10-11 15:47:56.790  4965  7222 D com.ztegota.system.GotaSystem: getMdn +866022012
10-11 15:47:56.790  4965  7222 D TAG     : getUserId: userId2=+866022012
10-11 15:47:56.793  4965  7063 D TAG     : getSystemTime_currentThreadID3s: 369, isActive=true
10-11 15:47:56.808  4965  4965 D IndexFragment: initView: applyFxData() - ats=[StationAts(createTime=1665474476, trainGroupNumber=211, serviceNumber=000, trainCrewNumber=000, trainPosition=1, trainRunningPosition=1, railName=T1206, stationID=012, terminalStationID=000, destinationID=000, identityID=+866022012), StationAts(createTime=1665474476, trainGroupNumber=212, serviceNumber=000, trainCrewNumber=000, trainPosition=1, trainRunningPosition=1, railName=T1212, stationID=012, terminalStationID=000, destinationID=000, identityID=+866022012)]
10-11 15:47:57.263  4965  7222 D MainViewModel: getSystemTime_currentThreadID2: 372
10-11 15:47:57.298  4965  7222 D TAG     : getSystemTime_currentThreadID3s: 372, isActive=true
10-11 15:47:57.377  4965  5021 I rilj    : EMCI Detial(CellId--->Tav): 5378,255,2,"460702",255,65535,59,65535,255,255,50,30,16,255,1185411028021,0,0,0,0,0,0,0,0
10-11 15:47:57.377  4965  5021 D LTERILJ : [UNSL]< RIL_UNSOL_NOTIFY_EMCI_DETAIL
10-11 15:47:57.378  4965  5018 D LTEPhone: EVENT_FOR_EMCI_DETAIL
10-11 15:47:57.378  4965  5018 D LTEServiceTracker: setCellId cellId:5378,"460702"
10-11 15:47:57.380  4965  4965 I APP_LogUtils.kt: [(LogUtils.kt:50).i()] [com.gbcom.library_base.service.LLteService] lte_resp_sys_for_emci_detail - EmciDetail=com.ztegota.system.common.EmciDetail@69c035a
10-11 15:47:57.382  4965  4986 D LogWriteUtil.class=LogFileHandlerThread.class: 1getFilePath: logFormat=2022-10-11, LogWriteUtil.logPathDir=/custom/metro/log
10-11 15:47:57.383  4965  4986 D LogWriteUtil.class=LogFileHandlerThread.class: 2getFilePath: filePath=/custom/metro/log/2022-10-11
10-11 15:47:57.383  4965  4986 D LogWriteUtil.class=LogFileHandlerThread.class: 1getCurrentFileName: LogWriteUtil.logfile=app.log
10-11 15:47:57.384  4965  4986 D LogWriteUtil.class=LogFileHandlerThread.class: 1getFilePath: logFormat=2022-10-11, LogWriteUtil.logPathDir=/custom/metro/log
10-11 15:47:57.384  4965  4986 D LogWriteUtil.class=LogFileHandlerThread.class: 2getFilePath: filePath=/custom/metro/log/2022-10-11
10-11 15:47:57.385  4965  4986 D LogWriteUtil.class=LogFileHandlerThread.class: getFileNameSuffix: file=/custom/metro/log/2022-10-11
10-11 15:47:57.386  4965  4986 D LogWriteUtil.class=LogFileHandlerThread.class: 2getCurrentFileName: index=3, LogWriteUtil.logfile=app.log, getFileNameSuffix=8
10-11 15:47:57.387  4965  4986 D LogWriteUtil.class=LogFileHandlerThread.class: 1getFilePath: logFormat=2022-10-11, LogWriteUtil.logPathDir=/custom/metro/log
10-11 15:47:57.388  4965  4986 D LogWriteUtil.class=LogFileHandlerThread.class: 2getFilePath: filePath=/custom/metro/log/2022-10-11
10-11 15:47:57.388  4965  4986 D LogWriteUtil.class=LogFileHandlerThread.class: getFileNameSuffix: file=/custom/metro/log/2022-10-11
10-11 15:47:57.389  4965  4986 D LogWriteUtil.class=LogFileHandlerThread.class: 3getCurrentFileName: logFileName=app8.log
10-11 15:47:57.389  4965  4986 D LogWriteUtil.class=LogFileHandlerThread.class: 1,initFile: getFilePath()=/custom/metro/log/2022-10-11, getCurrentFileName=app8.log
10-11 15:47:57.391  4965  4986 D LogWriteUtil.class=LogFileHandlerThread.class: 1getFilePath: logFormat=2022-10-11, LogWriteUtil.logPathDir=/custom/metro/log
10-11 15:47:57.391  4965  4986 D LogWriteUtil.class=LogFileHandlerThread.class: 2getFilePath: filePath=/custom/metro/log/2022-10-11
10-11 15:47:57.391  4965  4986 D LogWriteUtil.class=LogFileHandlerThread.class: 1getCurrentFileName: LogWriteUtil.logfile=app.log
10-11 15:47:57.392  4965  4986 D LogWriteUtil.class=LogFileHandlerThread.class: 1getFilePath: logFormat=2022-10-11, LogWriteUtil.logPathDir=/custom/metro/log
10-11 15:47:57.392  4965  4986 D LogWriteUtil.class=LogFileHandlerThread.class: 2getFilePath: filePath=/custom/metro/log/2022-10-11
10-11 15:47:57.393  4965  4986 D LogWriteUtil.class=LogFileHandlerThread.class: getFileNameSuffix: file=/custom/metro/log/2022-10-11
10-11 15:47:57.394  4965  4986 D LogWriteUtil.class=LogFileHandlerThread.class: 2getCurrentFileName: index=3, LogWriteUtil.logfile=app.log, getFileNameSuffix=8
10-11 15:47:57.395  4965  4986 D LogWriteUtil.class=LogFileHandlerThread.class: 1getFilePath: logFormat=2022-10-11, LogWriteUtil.logPathDir=/custom/metro/log
10-11 15:47:57.395  4965  4986 D LogWriteUtil.class=LogFileHandlerThread.class: 2getFilePath: filePath=/custom/metro/log/2022-10-11
10-11 15:47:57.396  4965  4986 D LogWriteUtil.class=LogFileHandlerThread.class: getFileNameSuffix: file=/custom/metro/log/2022-10-11
10-11 15:47:57.398  4965  4986 D LogWriteUtil.class=LogFileHandlerThread.class: 3getCurrentFileName: logFileName=app8.log
10-11 15:47:57.398  4965  4986 D LogWriteUtil.class=LogFileHandlerThread.class: 1getCurrentFileName: LogWriteUtil.logfile=app.log
10-11 15:47:57.400  4965  4986 D LogWriteUtil.class=LogFileHandlerThread.class: 1getFilePath: logFormat=2022-10-11, LogWriteUtil.logPathDir=/custom/metro/log
10-11 15:47:57.400  4965  4986 D LogWriteUtil.class=LogFileHandlerThread.class: 2getFilePath: filePath=/custom/metro/log/2022-10-11
10-11 15:47:57.401  4965  4986 D LogWriteUtil.class=LogFileHandlerThread.class: getFileNameSuffix: file=/custom/metro/log/2022-10-11
10-11 15:47:57.402  4965  4986 D LogWriteUtil.class=LogFileHandlerThread.class: 2getCurrentFileName: index=3, LogWriteUtil.logfile=app.log, getFileNameSuffix=8
10-11 15:47:57.403  4965  4986 D LogWriteUtil.class=LogFileHandlerThread.class: 1getFilePath: logFormat=2022-10-11, LogWriteUtil.logPathDir=/custom/metro/log
10-11 15:47:57.403  4965  4986 D LogWriteUtil.class=LogFileHandlerThread.class: 2getFilePath: filePath=/custom/metro/log/2022-10-11
10-11 15:47:57.404  4965  4986 D LogWriteUtil.class=LogFileHandlerThread.class: getFileNameSuffix: file=/custom/metro/log/2022-10-11
10-11 15:47:57.404  4965  4986 D LogWriteUtil.class=LogFileHandlerThread.class: 3getCurrentFileName: logFileName=app8.log
10-11 15:47:57.405  4965  4986 D TAG     : 2,initFile: /custom/metro/log/2022-10-11/app8.log, logFile.length=1409337, getCurrentFileName()=app8.log, writeFileName=/custom/metro/log/2022-10-11/app8.log
10-11 15:47:57.405  4965  4986 D LogWriteUtil.class=LogFileHandlerThread.class: 8,initFile: logFile=/custom/metro/log/2022-10-11/app8.log, logFile.length=1409337
10-11 15:47:57.426   660   660 I cnss-daemon: RTM_NEWNEIGH message received: 28
10-11 15:47:57.426   660   660 E cnss-daemon: Stale or unreachable neighbors, ndm state: 16
10-11 15:47:57.427   660   660 I cnss-daemon: RTM_NEWNEIGH message received: 28
10-11 15:47:57.427   660   660 I cnss-daemon: NDA_DST received: 192.168.42.131 ul: 562995103705280
10-11 15:47:57.427   660   660 I cnss-daemon: NDA_LLADDR received
10-11 15:47:57.443  4965  5059 D UdpDcRepository: api send - Thread ID=201, obj={"MsgName":"GetStationATSReq","MsgSeqID":3458,"AppID":"172.2.200.12","MsgInfo":{}}
10-11 15:47:57.446  4965  5059 I APP_LogUtils.kt: [(LogUtils.kt:50).i()] [UdpDisServices] start: send(String) - thread ID=201, send msg={"MsgName":"GetStationATSReq","MsgSeqID":3458,"AppID":"172.2.200.12","MsgInfo":{}}
10-11 15:47:57.447  4965  5059 D UdpDcRepository: api send - Thread ID=201, obj={"MsgName":"AppHeartbeat","MsgSeqID":3459,"AppID":"172.2.200.12","MsgInfo":{"SDKLongNumber":"+866022012"}}
10-11 15:47:57.448  4965  4986 D LogWriteUtil.class=LogFileHandlerThread.class: 1getFilePath: logFormat=2022-10-11, LogWriteUtil.logPathDir=/custom/metro/log
10-11 15:47:57.448  4965  4986 D LogWriteUtil.class=LogFileHandlerThread.class: 2getFilePath: filePath=/custom/metro/log/2022-10-11
10-11 15:47:57.448  4965  4986 D LogWriteUtil.class=LogFileHandlerThread.class: 1getCurrentFileName: LogWriteUtil.logfile=app.log
10-11 15:47:57.449  4965  4986 D LogWriteUtil.class=LogFileHandlerThread.class: 1getFilePath: logFormat=2022-10-11, LogWriteUtil.logPathDir=/custom/metro/log
10-11 15:47:57.449  4965  4986 D LogWriteUtil.class=LogFileHandlerThread.class: 2getFilePath: filePath=/custom/metro/log/2022-10-11
10-11 15:47:57.450  4965  4986 D LogWriteUtil.class=LogFileHandlerThread.class: getFileNameSuffix: file=/custom/metro/log/2022-10-11
10-11 15:47:57.450  4965  4986 D LogWriteUtil.class=LogFileHandlerThread.class: 2getCurrentFileName: index=3, LogWriteUtil.logfile=app.log, getFileNameSuffix=8
10-11 15:47:57.451  4965  4986 D LogWriteUtil.class=LogFileHandlerThread.class: 1getFilePath: logFormat=2022-10-11, LogWriteUtil.logPathDir=/custom/metro/log
10-11 15:47:57.451  4965  4986 D LogWriteUtil.class=LogFileHandlerThread.class: 2getFilePath: filePath=/custom/metro/log/2022-10-11
10-11 15:47:57.451  4965  4986 D LogWriteUtil.class=LogFileHandlerThread.class: getFileNameSuffix: file=/custom/metro/log/2022-10-11
10-11 15:47:57.451  4965  4986 D LogWriteUtil.class=LogFileHandlerThread.class: 3getCurrentFileName: logFileName=app8.log
10-11 15:47:57.452  4965  4986 D LogWriteUtil.class=LogFileHandlerThread.class: 1,initFile: getFilePath()=/custom/metro/log/2022-10-11, getCurrentFileName=app8.log
10-11 15:47:57.452  4965  4986 D LogWriteUtil.class=LogFileHandlerThread.class: 1getFilePath: logFormat=2022-10-11, LogWriteUtil.logPathDir=/custom/metro/log
10-11 15:47:57.452  4965  4986 D LogWriteUtil.class=LogFileHandlerThread.class: 2getFilePath: filePath=/custom/metro/log/2022-10-11
10-11 15:47:57.453  4965  4986 D LogWriteUtil.class=LogFileHandlerThread.class: 1getCurrentFileName: LogWriteUtil.logfile=app.log
10-11 15:47:57.453  4965  4986 D LogWriteUtil.class=LogFileHandlerThread.class: 1getFilePath: logFormat=2022-10-11, LogWriteUtil.logPathDir=/custom/metro/log
