10-12 17:16:08.333 14913 14913 W ContextImpl: Calling a method in the system process without a qualified user: android.app.ContextImpl.sendBroadcast:877 android.content.ContextWrapper.sendBroadcast:421 com.gbcom.library_base.service.LLteService.updateStatus:378 com.gbcom.library_base.service.LLteService.access$updateStatus:31 com.gbcom.library_base.service.LLteService$mHandler$1.handleMessage:205 
10-12 17:16:08.335  1436  1981 E ActivityManager: Sending non-protected broadcast com.gbcom.action.ACTION_LTE_IS_NOT_CONNECTED from system 14913:com.gbcom.metrosystem/1000 pkg com.gbcom.metrosystem
10-12 17:16:08.335  1436  1981 E ActivityManager: java.lang.Throwable
10-12 17:16:08.335  1436  1981 E ActivityManager: 	at com.android.server.am.ActivityManagerService.checkBroadcastFromSystem(ActivityManagerService.java:18272)
10-12 17:16:08.335  1436  1981 E ActivityManager: 	at com.android.server.am.ActivityManagerService.broadcastIntentLocked(ActivityManagerService.java:18753)
10-12 17:16:08.335  1436  1981 E ActivityManager: 	at com.android.server.am.ActivityManagerService.broadcastIntent(ActivityManagerService.java:18935)
10-12 17:16:08.335  1436  1981 E ActivityManager: 	at android.app.ActivityManagerNative.onTransact(ActivityManagerNative.java:499)
10-12 17:16:08.335  1436  1981 E ActivityManager: 	at com.android.server.am.ActivityManagerService.onTransact(ActivityManagerService.java:2869)
10-12 17:16:08.335  1436  1981 E ActivityManager: 	at android.os.Binder.execTransact(Binder.java:565)
10-12 17:16:08.338  1436  1981 E ActivityManager: Sending non-protected broadcast com.gbcom.action.ACTION_LTE_IS_NOT_CONNECTED from system 14913:com.gbcom.metrosystem/1000 pkg com.gbcom.metrosystem
10-12 17:16:08.338  1436  1981 E ActivityManager: java.lang.Throwable
10-12 17:16:08.338  1436  1981 E ActivityManager: 	at com.android.server.am.ActivityManagerService.checkBroadcastFromSystem(ActivityManagerService.java:18272)
10-12 17:16:08.338  1436  1981 E ActivityManager: 	at com.android.server.am.ActivityManagerService.broadcastIntentLocked(ActivityManagerService.java:18844)
10-12 17:16:08.338  1436  1981 E ActivityManager: 	at com.android.server.am.ActivityManagerService.broadcastIntent(ActivityManagerService.java:18935)
10-12 17:16:08.338  1436  1981 E ActivityManager: 	at android.app.ActivityManagerNative.onTransact(ActivityManagerNative.java:499)
10-12 17:16:08.338  1436  1981 E ActivityManager: 	at com.android.server.am.ActivityManagerService.onTransact(ActivityManagerService.java:2869)
10-12 17:16:08.338  1436  1981 E ActivityManager: 	at android.os.Binder.execTransact(Binder.java:565)
10-12 17:16:08.344 14913 14934 I chatty  : uid=1000(system) LogFile expire 69 lines
10-12 17:16:08.468 14913 14972 I chatty  : uid=1000(system) LtePhoneRespons expire 51 lines
10-12 17:16:08.468 14913 14968 W ContextImpl: Calling a method in the system process without a qualified user: android.app.ContextImpl.sendBroadcast:877 android.content.ContextWrapper.sendBroadcast:421 com.ztegota.system.lte.LTEServiceTracker.handleMessage:619 android.os.Handler.dispatchMessage:102 android.os.Looper.loop:154 
10-12 17:16:08.471  1436  1463 E ActivityManager: Sending non-protected broadcast intent.action.gota4g.srvinfo from system 14913:com.gbcom.metrosystem/1000 pkg com.gbcom.metrosystem
10-12 17:16:08.471  1436  1463 E ActivityManager: java.lang.Throwable
10-12 17:16:08.471  1436  1463 E ActivityManager: 	at com.android.server.am.ActivityManagerService.checkBroadcastFromSystem(ActivityManagerService.java:18272)
10-12 17:16:08.471  1436  1463 E ActivityManager: 	at com.android.server.am.ActivityManagerService.broadcastIntentLocked(ActivityManagerService.java:18844)
10-12 17:16:08.471  1436  1463 E ActivityManager: 	at com.android.server.am.ActivityManagerService.broadcastIntent(ActivityManagerService.java:18935)
10-12 17:16:08.471  1436  1463 E ActivityManager: 	at android.app.ActivityManagerNative.onTransact(ActivityManagerNative.java:499)
10-12 17:16:08.471  1436  1463 E ActivityManager: 	at com.android.server.am.ActivityManagerService.onTransact(ActivityManagerService.java:2869)
10-12 17:16:08.471  1436  1463 E ActivityManager: 	at android.os.Binder.execTransact(Binder.java:565)
10-12 17:16:08.479 14913 14968 W ContextImpl: Calling a method in the system process without a qualified user: android.app.ContextImpl.sendBroadcast:877 android.content.ContextWrapper.sendBroadcast:421 com.ztegota.system.lte.LTEPhone.handleMessage:570 android.os.Handler.dispatchMessage:102 android.os.Looper.loop:154 
10-12 17:16:08.481  1436  2391 E ActivityManager: Sending non-protected broadcast android.intent.action.LTEPHONE_NO_SIM from system 14913:com.gbcom.metrosystem/1000 pkg com.gbcom.metrosystem
10-12 17:16:08.481  1436  2391 E ActivityManager: java.lang.Throwable
10-12 17:16:08.481  1436  2391 E ActivityManager: 	at com.android.server.am.ActivityManagerService.checkBroadcastFromSystem(ActivityManagerService.java:18272)
10-12 17:16:08.481  1436  2391 E ActivityManager: 	at com.android.server.am.ActivityManagerService.broadcastIntentLocked(ActivityManagerService.java:18844)
10-12 17:16:08.481  1436  2391 E ActivityManager: 	at com.android.server.am.ActivityManagerService.broadcastIntent(ActivityManagerService.java:18935)
10-12 17:16:08.481  1436  2391 E ActivityManager: 	at android.app.ActivityManagerNative.onTransact(ActivityManagerNative.java:499)
10-12 17:16:08.481  1436  2391 E ActivityManager: 	at com.android.server.am.ActivityManagerService.onTransact(ActivityManagerService.java:2869)
10-12 17:16:08.481  1436  2391 E ActivityManager: 	at android.os.Binder.execTransact(Binder.java:565)
10-12 17:16:08.508 14913 14968 W ContextImpl: Calling a method in the system process without a qualified user: android.app.ContextImpl.sendBroadcast:877 android.content.ContextWrapper.sendBroadcast:421 com.ztegota.system.lte.LTEPhone.handleMessage:663 android.os.Handler.dispatchMessage:102 android.os.Looper.loop:154 
10-12 17:16:08.510  1436  1739 E ActivityManager: Sending non-protected broadcast LTE.ECMCONNECT.STATUS from system 14913:com.gbcom.metrosystem/1000 pkg com.gbcom.metrosystem
10-12 17:16:08.510  1436  1739 E ActivityManager: java.lang.Throwable
10-12 17:16:08.510  1436  1739 E ActivityManager: 	at com.android.server.am.ActivityManagerService.checkBroadcastFromSystem(ActivityManagerService.java:18272)
10-12 17:16:08.510  1436  1739 E ActivityManager: 	at com.android.server.am.ActivityManagerService.broadcastIntentLocked(ActivityManagerService.java:18844)
10-12 17:16:08.510  1436  1739 E ActivityManager: 	at com.android.server.am.ActivityManagerService.broadcastIntent(ActivityManagerService.java:18935)
10-12 17:16:08.510  1436  1739 E ActivityManager: 	at android.app.ActivityManagerNative.onTransact(ActivityManagerNative.java:499)
10-12 17:16:08.510  1436  1739 E ActivityManager: 	at com.android.server.am.ActivityManagerService.onTransact(ActivityManagerService.java:2869)
10-12 17:16:08.510  1436  1739 E ActivityManager: 	at android.os.Binder.execTransact(Binder.java:565)
10-12 17:16:08.512 14913 14968 W ContextImpl: Calling a method in the system process without a qualified user: android.app.ContextImpl.sendBroadcast:877 android.content.ContextWrapper.sendBroadcast:421 com.ztegota.system.lte.LTEPhone.handleMessage:667 android.os.Handler.dispatchMessage:102 android.os.Looper.loop:154 
10-12 17:16:08.515  1436  2422 E ActivityManager: Sending non-protected broadcast com.ztegota.remote.lte_status from system 14913:com.gbcom.metrosystem/1000 pkg com.gbcom.metrosystem
10-12 17:16:08.515  1436  2422 E ActivityManager: java.lang.Throwable
10-12 17:16:08.515  1436  2422 E ActivityManager: 	at com.android.server.am.ActivityManagerService.checkBroadcastFromSystem(ActivityManagerService.java:18272)
10-12 17:16:08.515  1436  2422 E ActivityManager: 	at com.android.server.am.ActivityManagerService.broadcastIntentLocked(ActivityManagerService.java:18753)
10-12 17:16:08.515  1436  2422 E ActivityManager: 	at com.android.server.am.ActivityManagerService.broadcastIntent(ActivityManagerService.java:18935)
10-12 17:16:08.515  1436  2422 E ActivityManager: 	at android.app.ActivityManagerNative.onTransact(ActivityManagerNative.java:499)
10-12 17:16:08.515  1436  2422 E ActivityManager: 	at com.android.server.am.ActivityManagerService.onTransact(ActivityManagerService.java:2869)
10-12 17:16:08.515  1436  2422 E ActivityManager: 	at android.os.Binder.execTransact(Binder.java:565)
10-12 17:16:08.517  1436  2422 E ActivityManager: Sending non-protected broadcast com.ztegota.remote.lte_status from system 14913:com.gbcom.metrosystem/1000 pkg com.gbcom.metrosystem
10-12 17:16:08.517  1436  2422 E ActivityManager: java.lang.Throwable
10-12 17:16:08.517  1436  2422 E ActivityManager: 	at com.android.server.am.ActivityManagerService.checkBroadcastFromSystem(ActivityManagerService.java:18272)
10-12 17:16:08.517  1436  2422 E ActivityManager: 	at com.android.server.am.ActivityManagerService.broadcastIntentLocked(ActivityManagerService.java:18844)
10-12 17:16:08.517  1436  2422 E ActivityManager: 	at com.android.server.am.ActivityManagerService.broadcastIntent(ActivityManagerService.java:18935)
10-12 17:16:08.517  1436  2422 E ActivityManager: 	at android.app.ActivityManagerNative.onTransact(ActivityManagerNative.java:499)
10-12 17:16:08.517  1436  2422 E ActivityManager: 	at com.android.server.am.ActivityManagerService.onTransact(ActivityManagerService.java:2869)
10-12 17:16:08.517  1436  2422 E ActivityManager: 	at android.os.Binder.execTransact(Binder.java:565)
10-12 17:16:08.522 14913 14913 W ContextImpl: Calling a method in the system process without a qualified user: android.app.ContextImpl.sendBroadcast:877 android.content.ContextWrapper.sendBroadcast:421 com.gbcom.library_base.service.LLteService.updateStatus:378 com.gbcom.library_base.service.LLteService.access$updateStatus:31 com.gbcom.library_base.service.LLteService$mBroadCastReceiver$1.onReceive:80 
10-12 17:16:08.524  1436  2389 E ActivityManager: Sending non-protected broadcast com.gbcom.action.ACTION_LTE_IS_NOT_CONNECTED from system 14913:com.gbcom.metrosystem/1000 pkg com.gbcom.metrosystem
10-12 17:16:08.524  1436  2389 E ActivityManager: java.lang.Throwable
10-12 17:16:08.524  1436  2389 E ActivityManager: 	at com.android.server.am.ActivityManagerService.checkBroadcastFromSystem(ActivityManagerService.java:18272)
10-12 17:16:08.524  1436  2389 E ActivityManager: 	at com.android.server.am.ActivityManagerService.broadcastIntentLocked(ActivityManagerService.java:18753)
10-12 17:16:08.524  1436  2389 E ActivityManager: 	at com.android.server.am.ActivityManagerService.broadcastIntent(ActivityManagerService.java:18935)
10-12 17:16:08.524  1436  2389 E ActivityManager: 	at android.app.ActivityManagerNative.onTransact(ActivityManagerNative.java:499)
10-12 17:16:08.524  1436  2389 E ActivityManager: 	at com.android.server.am.ActivityManagerService.onTransact(ActivityManagerService.java:2869)
10-12 17:16:08.524  1436  2389 E ActivityManager: 	at android.os.Binder.execTransact(Binder.java:565)
10-12 17:16:08.526  1436  2389 E ActivityManager: Sending non-protected broadcast com.gbcom.action.ACTION_LTE_IS_NOT_CONNECTED from system 14913:com.gbcom.metrosystem/1000 pkg com.gbcom.metrosystem
10-12 17:16:08.526  1436  2389 E ActivityManager: java.lang.Throwable
10-12 17:16:08.526  1436  2389 E ActivityManager: 	at com.android.server.am.ActivityManagerService.checkBroadcastFromSystem(ActivityManagerService.java:18272)
10-12 17:16:08.526  1436  2389 E ActivityManager: 	at com.android.server.am.ActivityManagerService.broadcastIntentLocked(ActivityManagerService.java:18844)
10-12 17:16:08.526  1436  2389 E ActivityManager: 	at com.android.server.am.ActivityManagerService.broadcastIntent(ActivityManagerService.java:18935)
10-12 17:16:08.526  1436  2389 E ActivityManager: 	at android.app.ActivityManagerNative.onTransact(ActivityManagerNative.java:499)
10-12 17:16:08.526  1436  2389 E ActivityManager: 	at com.android.server.am.ActivityManagerService.onTransact(ActivityManagerService.java:2869)
10-12 17:16:08.526  1436  2389 E ActivityManager: 	at android.os.Binder.execTransact(Binder.java:565)
10-12 17:16:08.531 14913 14913 I chatty  : uid=1000(system) com.gbcom.metrosystem expire 1 line
10-12 17:16:08.531 14913 14934 I chatty  : uid=1000(system) LogFile expire 169 lines
10-12 17:16:08.559 14913 14971 I chatty  : uid=1000(system) RILRemoteReceiv expire 6 lines
10-12 17:16:08.679 14913 14972 W ContextImpl: Calling a method in the system process without a qualified user: android.app.ContextImpl.sendBroadcast:877 android.content.ContextWrapper.sendBroadcast:421 com.ztegota.system.dataprovider.LteSystemGroupReader.ReadAndStore:176 com.ztegota.system.lte.group.GroupStatusRead.doRespGroupInfo:60 com.ztegota.system.lte.group.GroupStatusRead.handleGroupInfo:41 
10-12 17:16:08.682  1436  2094 E ActivityManager: Sending non-protected broadcast com.ztegota.action.group_updated from system 14913:com.gbcom.metrosystem/1000 pkg com.gbcom.metrosystem
10-12 17:16:08.682  1436  2094 E ActivityManager: java.lang.Throwable
10-12 17:16:08.682  1436  2094 E ActivityManager: 	at com.android.server.am.ActivityManagerService.checkBroadcastFromSystem(ActivityManagerService.java:18272)
10-12 17:16:08.682  1436  2094 E ActivityManager: 	at com.android.server.am.ActivityManagerService.broadcastIntentLocked(ActivityManagerService.java:18844)
10-12 17:16:08.682  1436  2094 E ActivityManager: 	at com.android.server.am.ActivityManagerService.broadcastIntent(ActivityManagerService.java:18935)
10-12 17:16:08.682  1436  2094 E ActivityManager: 	at android.app.ActivityManagerNative.onTransact(ActivityManagerNative.java:499)
10-12 17:16:08.682  1436  2094 E ActivityManager: 	at com.android.server.am.ActivityManagerService.onTransact(ActivityManagerService.java:2869)
10-12 17:16:08.682  1436  2094 E ActivityManager: 	at android.os.Binder.execTransact(Binder.java:565)
10-12 17:16:09.617   672   672 I cnss-daemon: RTM_NEWNEIGH message received: 28
10-12 17:16:09.617   672   672 E cnss-daemon: Stale or unreachable neighbors, ndm state: 4
10-12 17:16:09.726   775   775 I MSM-irqbalance: Decided to move IRQ5 from CPU2 [P:0] to CPU6 [P:1] (banned)
10-12 17:16:09.728   775   775 I MSM-irqbalance: Decided to move IRQ5 from CPU3 [P:0] to CPU4 [P:1] (banned)
10-12 17:16:09.730   775   775 I MSM-irqbalance: Decided to move IRQ5 from CPU0 [P:0] to CPU7 [P:1] (banned)
10-12 17:16:09.732   775   775 I MSM-irqbalance: Decided to move IRQ5 from CPU1 [P:0] to CPU5 [P:1] (banned)
10-12 17:16:12.545 14913 14978 I chatty  : uid=1000(system) DefaultDispatch expire 12 lines
10-12 17:16:13.338 14913 14968 I chatty  : uid=1000(system) GotaSystem expire 20 lines
10-12 17:16:13.394 14913 14971 I chatty  : uid=1000(system) RILRemoteReceiv expire 6 lines
10-12 17:16:14.045 14913 14968 W ContextImpl: Calling a method in the system process without a qualified user: android.app.ContextImpl.sendBroadcast:877 android.content.ContextWrapper.sendBroadcast:421 com.ztegota.system.lte.LTEPhone.handleMessage:663 android.os.Handler.dispatchMessage:102 android.os.Looper.loop:154 
10-12 17:16:14.048  1436  2094 E ActivityManager: Sending non-protected broadcast LTE.ECMCONNECT.STATUS from system 14913:com.gbcom.metrosystem/1000 pkg com.gbcom.metrosystem
10-12 17:16:14.048  1436  2094 E ActivityManager: java.lang.Throwable
10-12 17:16:14.048  1436  2094 E ActivityManager: 	at com.android.server.am.ActivityManagerService.checkBroadcastFromSystem(ActivityManagerService.java:18272)
10-12 17:16:14.048  1436  2094 E ActivityManager: 	at com.android.server.am.ActivityManagerService.broadcastIntentLocked(ActivityManagerService.java:18844)
10-12 17:16:14.048  1436  2094 E ActivityManager: 	at com.android.server.am.ActivityManagerService.broadcastIntent(ActivityManagerService.java:18935)
10-12 17:16:14.048  1436  2094 E ActivityManager: 	at android.app.ActivityManagerNative.onTransact(ActivityManagerNative.java:499)
10-12 17:16:14.048  1436  2094 E ActivityManager: 	at com.android.server.am.ActivityManagerService.onTransact(ActivityManagerService.java:2869)
10-12 17:16:14.048  1436  2094 E ActivityManager: 	at android.os.Binder.execTransact(Binder.java:565)
10-12 17:16:14.079 14913 14968 W ContextImpl: Calling a method in the system process without a qualified user: android.app.ContextImpl.sendBroadcast:877 android.content.ContextWrapper.sendBroadcast:421 com.ztegota.system.lte.LTEPhone.handleMessage:667 android.os.Handler.dispatchMessage:102 android.os.Looper.loop:154 
10-12 17:16:14.083  1436  1463 E ActivityManager: Sending non-protected broadcast com.ztegota.remote.lte_status from system 14913:com.gbcom.metrosystem/1000 pkg com.gbcom.metrosystem
10-12 17:16:14.083  1436  1463 E ActivityManager: java.lang.Throwable
10-12 17:16:14.083  1436  1463 E ActivityManager: 	at com.android.server.am.ActivityManagerService.checkBroadcastFromSystem(ActivityManagerService.java:18272)
10-12 17:16:14.083  1436  1463 E ActivityManager: 	at com.android.server.am.ActivityManagerService.broadcastIntentLocked(ActivityManagerService.java:18753)
10-12 17:16:14.083  1436  1463 E ActivityManager: 	at com.android.server.am.ActivityManagerService.broadcastIntent(ActivityManagerService.java:18935)
10-12 17:16:14.083  1436  1463 E ActivityManager: 	at android.app.ActivityManagerNative.onTransact(ActivityManagerNative.java:499)
10-12 17:16:14.083  1436  1463 E ActivityManager: 	at com.android.server.am.ActivityManagerService.onTransact(ActivityManagerService.java:2869)
10-12 17:16:14.083  1436  1463 E ActivityManager: 	at android.os.Binder.execTransact(Binder.java:565)
10-12 17:16:14.105  1436  1463 E ActivityManager: Sending non-protected broadcast com.ztegota.remote.lte_status from system 14913:com.gbcom.metrosystem/1000 pkg com.gbcom.metrosystem
10-12 17:16:14.105  1436  1463 E ActivityManager: java.lang.Throwable
10-12 17:16:14.105  1436  1463 E ActivityManager: 	at com.android.server.am.ActivityManagerService.checkBroadcastFromSystem(ActivityManagerService.java:18272)
10-12 17:16:14.105  1436  1463 E ActivityManager: 	at com.android.server.am.ActivityManagerService.broadcastIntentLocked(ActivityManagerService.java:18844)
10-12 17:16:14.105  1436  1463 E ActivityManager: 	at com.android.server.am.ActivityManagerService.broadcastIntent(ActivityManagerService.java:18935)
10-12 17:16:14.105  1436  1463 E ActivityManager: 	at android.app.ActivityManagerNative.onTransact(ActivityManagerNative.java:499)
10-12 17:16:14.105  1436  1463 E ActivityManager: 	at com.android.server.am.ActivityManagerService.onTransact(ActivityManagerService.java:2869)
10-12 17:16:14.105  1436  1463 E ActivityManager: 	at android.os.Binder.execTransact(Binder.java:565)
10-12 17:16:14.132 14913 14913 I chatty  : uid=1000(system) com.gbcom.metrosystem expire 25 lines
10-12 17:16:14.134 14913 14913 W ContextImpl: Calling a method in the system process without a qualified user: android.app.ContextImpl.sendBroadcast:877 android.content.ContextWrapper.sendBroadcast:421 com.gbcom.library_base.service.LLteService.updateStatus:378 com.gbcom.library_base.service.LLteService.access$updateStatus:31 com.gbcom.library_base.service.LLteService$mBroadCastReceiver$1.onReceive:80 
10-12 17:16:14.138  1436  1981 E ActivityManager: Sending non-protected broadcast com.gbcom.action.ACTION_NETWORK_CONNECTION_SUCCEEDED from system 14913:com.gbcom.metrosystem/1000 pkg com.gbcom.metrosystem
10-12 17:16:14.138  1436  1981 E ActivityManager: java.lang.Throwable
10-12 17:16:14.138  1436  1981 E ActivityManager: 	at com.android.server.am.ActivityManagerService.checkBroadcastFromSystem(ActivityManagerService.java:18272)
10-12 17:16:14.138  1436  1981 E ActivityManager: 	at com.android.server.am.ActivityManagerService.broadcastIntentLocked(ActivityManagerService.java:18753)
10-12 17:16:14.138  1436  1981 E ActivityManager: 	at com.android.server.am.ActivityManagerService.broadcastIntent(ActivityManagerService.java:18935)
10-12 17:16:14.138  1436  1981 E ActivityManager: 	at android.app.ActivityManagerNative.onTransact(ActivityManagerNative.java:499)
10-12 17:16:14.138  1436  1981 E ActivityManager: 	at com.android.server.am.ActivityManagerService.onTransact(ActivityManagerService.java:2869)
10-12 17:16:14.138  1436  1981 E ActivityManager: 	at android.os.Binder.execTransact(Binder.java:565)
10-12 17:16:14.160  1436  1981 E ActivityManager: Sending non-protected broadcast com.gbcom.action.ACTION_NETWORK_CONNECTION_SUCCEEDED from system 14913:com.gbcom.metrosystem/1000 pkg com.gbcom.metrosystem
10-12 17:16:14.160  1436  1981 E ActivityManager: java.lang.Throwable
10-12 17:16:14.160  1436  1981 E ActivityManager: 	at com.android.server.am.ActivityManagerService.checkBroadcastFromSystem(ActivityManagerService.java:18272)
10-12 17:16:14.160  1436  1981 E ActivityManager: 	at com.android.server.am.ActivityManagerService.broadcastIntentLocked(ActivityManagerService.java:18844)
10-12 17:16:14.160  1436  1981 E ActivityManager: 	at com.android.server.am.ActivityManagerService.broadcastIntent(ActivityManagerService.java:18935)
10-12 17:16:14.160  1436  1981 E ActivityManager: 	at android.app.ActivityManagerNative.onTransact(ActivityManagerNative.java:499)
10-12 17:16:14.160  1436  1981 E ActivityManager: 	at com.android.server.am.ActivityManagerService.onTransact(ActivityManagerService.java:2869)
10-12 17:16:14.160  1436  1981 E ActivityManager: 	at android.os.Binder.execTransact(Binder.java:565)
10-12 17:16:14.185 14913 14934 I chatty  : uid=1000(system) LogFile expire 167 lines
10-12 17:16:14.189 14913 14913 W ContextImpl: Calling a method in the system process without a qualified user: android.app.ContextImpl.startActivity:779 android.content.ContextWrapper.startActivity:378 androidx.core.content.ContextCompat.startActivity:251 com.alibaba.android.arouter.launcher._ARouter.startActivity:436 com.alibaba.android.arouter.launcher._ARouter.access$200:41 
10-12 17:16:14.192  1436  2422 I ActivityManager: START u0 {flg=0x10000000 cmp=com.gbcom.metrosystem/com.gbcom.module_check.mvvm.view.MainActivity (has extras)} from uid 1000 on display 0
10-12 17:16:14.209  1436  2422 D ActivityTrigger: ActivityTrigger activityPauseTrigger 
10-12 17:16:14.557 14913 14918 I chatty  : uid=1000(system) Jit thread pool expire 3 lines
10-12 17:16:14.585 14913 14981 I chatty  : uid=1000(system) DefaultDispatch expire 3 lines
10-12 17:16:14.621 14913 14934 I chatty  : uid=1000(system) LogFile expire 207 lines
10-12 17:16:14.711 14913 14979 I chatty  : uid=1000(system) DefaultDispatch expire 2 lines
10-12 17:16:14.720   775   775 I MSM-irqbalance: Decided to move IRQ5 from CPU2 [P:0] to CPU6 [P:1] (banned)
10-12 17:16:14.721   775   775 I MSM-irqbalance: Decided to move IRQ3 from CPU0 [P:0] to CPU4 [P:1] (banned)
10-12 17:16:14.722   775   775 I MSM-irqbalance: Decided to move IRQ5 from CPU0 [P:0] to CPU7 [P:1] (banned)
10-12 17:16:14.723   775   775 I MSM-irqbalance: Decided to move IRQ5 from CPU1 [P:0] to CPU5 [P:1] (banned)
10-12 17:16:14.723   775   775 I MSM-irqbalance: Decided to move IRQ3 from CPU1 [P:0] to CPU6 [P:1] (banned)
10-12 17:16:14.766 14913 14988 I chatty  : uid=1000(system) DefaultDispatch expire 3 lines
10-12 17:16:14.785 14913 14918 I chatty  : uid=1000(system) Jit thread pool expire 3 lines
10-12 17:16:14.883 14913 14971 I chatty  : uid=1000(system) RILRemoteReceiv expire 4 lines
10-12 17:16:14.884 14913 14968 I chatty  : uid=1000(system) GotaSystem expire 9 lines
10-12 17:16:14.884 14913 14968 W ContextImpl: Calling a method in the system process without a qualified user: android.app.ContextImpl.sendBroadcast:877 android.content.ContextWrapper.sendBroadcast:421 com.ztegota.system.lte.LTEPhone.handleMessage:663 android.os.Handler.dispatchMessage:102 android.os.Looper.loop:154 
10-12 17:16:14.887  1436  2389 E ActivityManager: Sending non-protected broadcast LTE.ECMCONNECT.STATUS from system 14913:com.gbcom.metrosystem/1000 pkg com.gbcom.metrosystem
10-12 17:16:14.887  1436  2389 E ActivityManager: java.lang.Throwable
10-12 17:16:14.887  1436  2389 E ActivityManager: 	at com.android.server.am.ActivityManagerService.checkBroadcastFromSystem(ActivityManagerService.java:18272)
10-12 17:16:14.887  1436  2389 E ActivityManager: 	at com.android.server.am.ActivityManagerService.broadcastIntentLocked(ActivityManagerService.java:18844)
10-12 17:16:14.887  1436  2389 E ActivityManager: 	at com.android.server.am.ActivityManagerService.broadcastIntent(ActivityManagerService.java:18935)
10-12 17:16:14.887  1436  2389 E ActivityManager: 	at android.app.ActivityManagerNative.onTransact(ActivityManagerNative.java:499)
10-12 17:16:14.887  1436  2389 E ActivityManager: 	at com.android.server.am.ActivityManagerService.onTransact(ActivityManagerService.java:2869)
10-12 17:16:14.887  1436  2389 E ActivityManager: 	at android.os.Binder.execTransact(Binder.java:565)
10-12 17:16:14.889 14913 14968 W ContextImpl: Calling a method in the system process without a qualified user: android.app.ContextImpl.sendBroadcast:877 android.content.ContextWrapper.sendBroadcast:421 com.ztegota.system.lte.LTEPhone.handleMessage:667 android.os.Handler.dispatchMessage:102 android.os.Looper.loop:154 
10-12 17:16:14.891  1436  1739 E ActivityManager: Sending non-protected broadcast com.ztegota.remote.lte_status from system 14913:com.gbcom.metrosystem/1000 pkg com.gbcom.metrosystem
10-12 17:16:14.891  1436  1739 E ActivityManager: java.lang.Throwable
10-12 17:16:14.891  1436  1739 E ActivityManager: 	at com.android.server.am.ActivityManagerService.checkBroadcastFromSystem(ActivityManagerService.java:18272)
10-12 17:16:14.891  1436  1739 E ActivityManager: 	at com.android.server.am.ActivityManagerService.broadcastIntentLocked(ActivityManagerService.java:18753)
10-12 17:16:14.891  1436  1739 E ActivityManager: 	at com.android.server.am.ActivityManagerService.broadcastIntent(ActivityManagerService.java:18935)
10-12 17:16:14.891  1436  1739 E ActivityManager: 	at android.app.ActivityManagerNative.onTransact(ActivityManagerNative.java:499)
10-12 17:16:14.891  1436  1739 E ActivityManager: 	at com.android.server.am.ActivityManagerService.onTransact(ActivityManagerService.java:2869)
10-12 17:16:14.891  1436  1739 E ActivityManager: 	at android.os.Binder.execTransact(Binder.java:565)
10-12 17:16:14.893  1436  1739 E ActivityManager: Sending non-protected broadcast com.ztegota.remote.lte_status from system 14913:com.gbcom.metrosystem/1000 pkg com.gbcom.metrosystem
10-12 17:16:14.893  1436  1739 E ActivityManager: java.lang.Throwable
10-12 17:16:14.893  1436  1739 E ActivityManager: 	at com.android.server.am.ActivityManagerService.checkBroadcastFromSystem(ActivityManagerService.java:18272)
10-12 17:16:14.893  1436  1739 E ActivityManager: 	at com.android.server.am.ActivityManagerService.broadcastIntentLocked(ActivityManagerService.java:18844)
10-12 17:16:14.893  1436  1739 E ActivityManager: 	at com.android.server.am.ActivityManagerService.broadcastIntent(ActivityManagerService.java:18935)
10-12 17:16:14.893  1436  1739 E ActivityManager: 	at android.app.ActivityManagerNative.onTransact(ActivityManagerNative.java:499)
10-12 17:16:14.893  1436  1739 E ActivityManager: 	at com.android.server.am.ActivityManagerService.onTransact(ActivityManagerService.java:2869)
10-12 17:16:14.893  1436  1739 E ActivityManager: 	at android.os.Binder.execTransact(Binder.java:565)
10-12 17:16:15.187 14913 14913 I chatty  : uid=1000(system) com.gbcom.metrosystem expire 6 lines
10-12 17:16:15.285 14913 14913 W ContextImpl: Calling a method in the system process without a qualified user: android.app.ContextImpl.sendBroadcast:877 android.content.ContextWrapper.sendBroadcast:421 com.gbcom.library_base.service.LLteService.updateStatus:378 com.gbcom.library_base.service.LLteService.access$updateStatus:31 com.gbcom.library_base.service.LLteService$mBroadCastReceiver$1.onReceive:80 
10-12 17:16:15.287  1436  2413 E ActivityManager: Sending non-protected broadcast com.gbcom.action.ACTION_NETWORK_CONNECTION_SUCCEEDED from system 14913:com.gbcom.metrosystem/1000 pkg com.gbcom.metrosystem
10-12 17:16:15.287  1436  2413 E ActivityManager: java.lang.Throwable
10-12 17:16:15.287  1436  2413 E ActivityManager: 	at com.android.server.am.ActivityManagerService.checkBroadcastFromSystem(ActivityManagerService.java:18272)
10-12 17:16:15.287  1436  2413 E ActivityManager: 	at com.android.server.am.ActivityManagerService.broadcastIntentLocked(ActivityManagerService.java:18753)
10-12 17:16:15.287  1436  2413 E ActivityManager: 	at com.android.server.am.ActivityManagerService.broadcastIntent(ActivityManagerService.java:18935)
10-12 17:16:15.287  1436  2413 E ActivityManager: 	at android.app.ActivityManagerNative.onTransact(ActivityManagerNative.java:499)
10-12 17:16:15.287  1436  2413 E ActivityManager: 	at com.android.server.am.ActivityManagerService.onTransact(ActivityManagerService.java:2869)
10-12 17:16:15.287  1436  2413 E ActivityManager: 	at android.os.Binder.execTransact(Binder.java:565)
10-12 17:16:15.289  1436  2413 E ActivityManager: Sending non-protected broadcast com.gbcom.action.ACTION_NETWORK_CONNECTION_SUCCEEDED from system 14913:com.gbcom.metrosystem/1000 pkg com.gbcom.metrosystem
10-12 17:16:15.289  1436  2413 E ActivityManager: java.lang.Throwable
10-12 17:16:15.289  1436  2413 E ActivityManager: 	at com.android.server.am.ActivityManagerService.checkBroadcastFromSystem(ActivityManagerService.java:18272)
10-12 17:16:15.289  1436  2413 E ActivityManager: 	at com.android.server.am.ActivityManagerService.broadcastIntentLocked(ActivityManagerService.java:18844)
10-12 17:16:15.289  1436  2413 E ActivityManager: 	at com.android.server.am.ActivityManagerService.broadcastIntent(ActivityManagerService.java:18935)
10-12 17:16:15.289  1436  2413 E ActivityManager: 	at android.app.ActivityManagerNative.onTransact(ActivityManagerNative.java:499)
10-12 17:16:15.289  1436  2413 E ActivityManager: 	at com.android.server.am.ActivityManagerService.onTransact(ActivityManagerService.java:2869)
10-12 17:16:15.289  1436  2413 E ActivityManager: 	at android.os.Binder.execTransact(Binder.java:565)
10-12 17:16:15.299  1436  1535 I ActivityManager: Displayed com.gbcom.metrosystem/com.gbcom.module_check.mvvm.view.MainActivity: +1s76ms
10-12 17:16:15.300  1701  1701 V PhoneStatusBarPolicy: updateManagedProfile: mManagedProfileFocused: false
10-12 17:16:15.303 14913 14934 I chatty  : uid=1000(system) LogFile expire 188 lines
10-12 17:16:15.375 14913 14989 I chatty  : uid=1000(system) DefaultDispatch expire 10 lines
10-12 17:16:15.513 14913 14988 I chatty  : uid=1000(system) DefaultDispatch expire 6 lines
10-12 17:16:15.522 14913 14934 I chatty  : uid=1000(system) LogFile expire 210 lines
10-12 17:16:15.550   564   896 E libnav  : CablComputeBacklightLevel(): UpdateType = DifferentSceneUpdate
10-12 17:16:15.633 14913 14979 I chatty  : uid=1000(system) DefaultDispatch expire 4 lines
10-12 17:16:15.717 14913 14934 I chatty  : uid=1000(system) LogFile expire 204 lines
10-12 17:16:15.863 14913 14988 I chatty  : uid=1000(system) DefaultDispatch expire 10 lines
10-12 17:16:15.920 14913 14989 I chatty  : uid=1000(system) DefaultDispatch expire 6 lines
10-12 17:16:15.991 14913 14934 I chatty  : uid=1000(system) LogFile expire 206 lines
10-12 17:16:16.041 14913 14988 I chatty  : uid=1000(system) DefaultDispatch expire 2 lines
10-12 17:16:16.192 14913 14971 I chatty  : uid=1000(system) RILRemoteReceiv expire 2 lines
10-12 17:16:16.193 14913 14968 I chatty  : uid=1000(system) GotaSystem expire 2 lines
10-12 17:16:16.212 14913 14934 I chatty  : uid=1000(system) LogFile expire 207 lines
10-12 17:16:16.272 14913 14988 I chatty  : uid=1000(system) DefaultDispatch expire 8 lines
10-12 17:16:16.322 14913 14913 I chatty  : uid=1000(system) com.gbcom.metrosystem expire 1 line
10-12 17:16:16.326 14913 14989 I chatty  : uid=1000(system) DefaultDispatch expire 6 lines
10-12 17:16:16.397 14913 14934 I chatty  : uid=1000(system) LogFile expire 211 lines
10-12 17:16:16.445 14913 14988 I chatty  : uid=1000(system) DefaultDispatch expire 9 lines
10-12 17:16:16.611 14913 14934 I chatty  : uid=1000(system) LogFile expire 207 lines
10-12 17:16:16.667 14913 14989 I chatty  : uid=1000(system) DefaultDispatch expire 10 lines
10-12 17:16:16.847 14913 14934 I chatty  : uid=1000(system) LogFile expire 200 lines
10-12 17:16:16.898 14913 14979 I chatty  : uid=1000(system) DefaultDispatch expire 3 lines
10-12 17:16:17.029 14913 14978 I chatty  : uid=1000(system) DefaultDispatch expire 12 lines
10-12 17:16:17.031 14913 14934 I chatty  : uid=1000(system) LogFile expire 196 lines
10-12 17:16:17.072 14913 14989 I chatty  : uid=1000(system) DefaultDispatch expire 11 lines
10-12 17:16:17.128 14913 14934 I chatty  : uid=1000(system) LogFile expire 194 lines
10-12 17:16:17.198 14913 14971 I chatty  : uid=1000(system) RILRemoteReceiv expire 2 lines
10-12 17:16:17.198 14913 14968 I chatty  : uid=1000(system) GotaSystem expire 2 lines
10-12 17:16:17.240 14913 14979 I chatty  : uid=1000(system) DefaultDispatch expire 5 lines
10-12 17:16:17.248 14913 14913 I chatty  : uid=1000(system) com.gbcom.metrosystem expire 1 line
10-12 17:16:17.307 14913 14934 I chatty  : uid=1000(system) LogFile expire 199 lines
10-12 17:16:17.391 14913 14989 I chatty  : uid=1000(system) DefaultDispatch expire 10 lines
10-12 17:16:17.524 14913 14979 I chatty  : uid=1000(system) DefaultDispatch expire 3 lines
10-12 17:16:17.531 14913 14934 I chatty  : uid=1000(system) LogFile expire 196 lines
10-12 17:16:17.647 14913 14989 I chatty  : uid=1000(system) DefaultDispatch expire 5 lines
10-12 17:16:17.713 14913 14934 I chatty  : uid=1000(system) LogFile expire 191 lines
10-12 17:16:17.801 14913 14979 I chatty  : uid=1000(system) DefaultDispatch expire 10 lines
10-12 17:16:17.937 14913 14913 I chatty  : uid=1000(system) com.gbcom.metrosystem expire 25 lines
10-12 17:16:17.948 14913 14934 I chatty  : uid=1000(system) LogFile expire 130 lines
10-12 17:16:18.084 14913 14913 W ContextImpl: Calling a method in the system process without a qualified user: android.app.ContextImpl.startActivity:779 android.content.ContextWrapper.startActivity:378 androidx.core.content.ContextCompat.startActivity:251 com.alibaba.android.arouter.launcher._ARouter.startActivity:436 com.alibaba.android.arouter.launcher._ARouter.access$200:41 
10-12 17:16:18.086  1436  2422 I ActivityManager: START u0 {flg=0x10000000 cmp=com.gbcom.metrosystem/com.gbcom.library_main.mvvm.view.MainActivity (has extras)} from uid 1000 on display 0
10-12 17:16:18.096  1436  2422 D ActivityTrigger: ActivityTrigger activityPauseTrigger 
10-12 17:16:18.192 14913 14971 I chatty  : uid=1000(system) RILRemoteReceiv expire 4 lines
10-12 17:16:18.192 14913 14968 I chatty  : uid=1000(system) GotaSystem expire 26 lines
10-12 17:16:18.354 14913 14989 I chatty  : uid=1000(system) DefaultDispatch expire 3 lines
10-12 17:16:18.363 14913 14913 W ContextImpl: Calling a method in the system process without a qualified user: android.app.ContextImpl.startService:1357 android.content.ContextWrapper.startService:613 com.gbcom.library_main.mvvm.view.MainActivity.init:616 com.gbcom.library_main.mvvm.view.MainActivity.main:129 com.gbcom.library_base.base.activity.BaseActivity.onCreate:25 
10-12 17:16:18.365 14913 14913 W ContextImpl: Calling a method in the system process without a qualified user: android.app.ContextImpl.bindService:1421 android.content.ContextWrapper.bindService:636 com.gbcom.library_main.mvvm.view.MainActivity.init:618 com.gbcom.library_main.mvvm.view.MainActivity.main:129 com.gbcom.library_base.base.activity.BaseActivity.onCreate:25 
10-12 17:16:18.369 14913 14913 W ContextImpl: Calling a method in the system process without a qualified user: android.app.ContextImpl.startService:1357 android.content.ContextWrapper.startService:613 com.gbcom.library_main.mvvm.view.MainActivity.main:132 com.gbcom.library_base.base.activity.BaseActivity.onCreate:25 android.app.Activity.performCreate:6723 
10-12 17:16:18.395 14913 15004 I chatty  : uid=1000(system) DefaultDispatch expire 3 lines
10-12 17:16:18.407 14913 15002 I chatty  : uid=1000(system) DefaultDispatch expire 3 lines
10-12 17:16:18.419 14913 15009 I chatty  : uid=1000(system) DefaultDispatch expire 1 line
10-12 17:16:18.427 14913 15012 I chatty  : uid=1000(system) Timer-0 expire 6 lines
10-12 17:16:18.428 14913 15008 I chatty  : uid=1000(system) DefaultDispatch expire 1 line
10-12 17:16:18.429 14913 15006 I chatty  : uid=1000(system) DefaultDispatch expire 1 line
10-12 17:16:18.459 14913 14934 I chatty  : uid=1000(system) LogFile expire 183 lines
10-12 17:16:18.467 14913 14913 I chatty  : uid=1000(system) com.gbcom.metrosystem expire 8 lines
10-12 17:16:18.483 14913 14989 I chatty  : uid=1000(system) DefaultDispatch expire 14 lines
10-12 17:16:18.512   613  6603 D AudioPolicyManagerCustom: setForceUse() usage 0, config 1, mPhoneState 0
10-12 17:16:18.525 14913 14934 I chatty  : uid=1000(system) LogFile expire 165 lines
10-12 17:16:18.550 14913 14913 I chatty  : uid=1000(system) com.gbcom.metrosystem expire 14 lines
10-12 17:16:18.556 14913 15014 I chatty  : uid=1000(system) pool-5-thread-1 expire 9 lines
10-12 17:16:18.595 14913 15006 I chatty  : uid=1000(system) DefaultDispatch expire 43 lines
10-12 17:16:18.611 14913 14934 I chatty  : uid=1000(system) LogFile expire 86 lines
10-12 17:16:18.611  1436  2422 D AlarmManagerService: Setting time of day to sec=1665566178
10-12 17:16:18.610  1436  2422 W AlarmManagerService: Unable to set rtc to 1665566178: Invalid argument
10-12 17:16:18.651 14913 14918 I chatty  : uid=1000(system) Jit thread pool expire 6 lines
10-12 17:16:18.726 14913 14913 I chatty  : uid=1000(system) com.gbcom.metrosystem expire 40 lines
10-12 17:16:19.127  1436  2534 E LocSvc_libulp: I/int ulp_msg_process_system_update(const UlpSystemEvent): systemEvent:5 
10-12 17:16:19.128  1436  2534 E LocSvc_libulp: I/===> int ulp_brain_turn_onoff_dr_provider() line 842 
10-12 17:16:19.128  1436  2534 E LocSvc_libulp: I/===> int ulp_dr_stop_engine() line 235 
10-12 17:16:19.128  1436  2534 E LocSvc_libulp: I/int ulp_msg_process_start_req(), at ulp state = 1
10-12 17:16:19.129  1436  1887 E LocSvc_api_v02: I/---> locClientSendReq line 2064 QMI_LOC_GET_BEST_AVAILABLE_POSITION_REQ_V02
10-12 17:16:19.134  1436  1899 E LocSvc_ApiV02: I/<--- void globalRespCb(locClientHandleType, uint32_t, const locClientRespIndUnionType, uint32_t, void *) line 140 QMI_LOC_GET_BEST_AVAILABLE_POSITION_REQ_V02
10-12 17:16:19.135  1436  2534 E LocSvc_libulp: I/int ulp_brain_process_zpp_position_report(const enum loc_sess_status, LocPosTechMask, UlpLocation *), report ZPP position to providers,report_position = 1
10-12 17:16:19.135  1436  2534 E LocSvc_libulp: I/===> int ulp_brain_turn_onoff_dr_provider() line 842 
10-12 17:16:19.135  1436  2534 E LocSvc_libulp: I/===> int ulp_dr_stop_engine() line 235 
10-12 17:16:19.175 14913 15007 I chatty  : uid=1000(system) DefaultDispatch expire 2 lines
10-12 17:16:19.175 14913 15008 I chatty  : uid=1000(system) DefaultDispatch expire 2 lines
10-12 17:16:19.175 14913 15011 I chatty  : uid=1000(system) DefaultDispatch expire 3 lines
10-12 17:16:19.175 14913 15002 I chatty  : uid=1000(system) DefaultDispatch expire 14 lines
10-12 17:16:19.176 14913 15009 I chatty  : uid=1000(system) DefaultDispatch expire 2 lines
10-12 17:16:19.176 14913 15010 I chatty  : uid=1000(system) DefaultDispatch expire 2 lines
10-12 17:16:19.190 14913 14971 I chatty  : uid=1000(system) RILRemoteReceiv expire 2 lines
10-12 17:16:19.191 14913 14968 I chatty  : uid=1000(system) GotaSystem expire 6 lines
10-12 17:16:19.308  1436  1535 I ActivityManager: Displayed com.gbcom.metrosystem/com.gbcom.library_main.mvvm.view.MainActivity: +1s166ms
10-12 17:16:19.314  1701  1701 V PhoneStatusBarPolicy: updateManagedProfile: mManagedProfileFocused: false
10-12 17:16:19.438 14913 14934 I chatty  : uid=1000(system) LogFile expire 149 lines
10-12 17:16:19.525 14913 14913 I chatty  : uid=1000(system) com.gbcom.metrosystem expire 39 lines
10-12 17:16:19.539   564   896 E libnav  : CablComputeBacklightLevel(): UpdateType = DifferentSceneUpdate
10-12 17:16:19.613  1436  1463 W ActivityManager: Duplicate finish request for ActivityRecord{d493606 u0 com.gbcom.metrosystem/.mvvm.view.SplashActivity t176 f}
10-12 17:16:19.655  1436  1693 W ActivityManager: Duplicate finish request for ActivityRecord{58f6f8 u0 com.gbcom.metrosystem/com.gbcom.module_check.mvvm.view.MainActivity t176 f}
10-12 17:16:19.717   775   775 I MSM-irqbalance: Decided to move IRQ5 from CPU2 [P:0] to CPU6 [P:1] (banned)
10-12 17:16:19.718   775   775 I MSM-irqbalance: Decided to move IRQ5 from CPU3 [P:0] to CPU4 [P:1] (banned)
10-12 17:16:19.719   775   775 I MSM-irqbalance: Decided to move IRQ3 from CPU0 [P:0] to CPU7 [P:1] (banned)
10-12 17:16:19.719   775   775 I MSM-irqbalance: Decided to move IRQ5 from CPU0 [P:0] to CPU5 [P:1] (banned)
10-12 17:16:19.720   775   775 I MSM-irqbalance: Decided to move IRQ3 from CPU1 [P:0] to CPU6 [P:1] (banned)
10-12 17:16:19.720   775   775 I MSM-irqbalance: Decided to move IRQ5 from CPU1 [P:0] to CPU4 [P:1] (banned)
10-12 17:16:19.731   672   672 I cnss-daemon: RTM_NEWNEIGH message received: 28
10-12 17:16:19.731   672   672 E cnss-daemon: Stale or unreachable neighbors, ndm state: 16
10-12 17:16:19.731   672   672 I cnss-daemon: RTM_NEWNEIGH message received: 28
10-12 17:16:19.731   672   672 I cnss-daemon: NDA_DST received: 192.168.42.131 ul: 562995103705280
10-12 17:16:19.731   672   672 I cnss-daemon: NDA_LLADDR received
10-12 17:16:19.957  1436  1436 W WindowManager: Attempted to remove non-existing token: android.os.Binder@175367d
10-12 17:16:19.962 14913 15002 I chatty  : uid=1000(system) DefaultDispatch expire 1 line
10-12 17:16:20.194 14913 14971 I chatty  : uid=1000(system) RILRemoteReceiv expire 4 lines
10-12 17:16:20.508 14913 15011 I chatty  : uid=1000(system) DefaultDispatch expire 2 lines
10-12 17:16:20.703 14913 14970 I chatty  : uid=1000(system) heartbeat expire 1 line
10-12 17:16:21.434 14913 15012 I chatty  : uid=1000(system) Timer-0 expire 4 lines
10-12 17:16:21.462 14913 14934 I chatty  : uid=1000(system) LogFile expire 173 lines
10-12 17:16:21.481 14913 14913 I chatty  : uid=1000(system) com.gbcom.metrosystem expire 12 lines
10-12 17:16:21.489 14913 15011 I chatty  : uid=1000(system) DefaultDispatch expire 7 lines
10-12 17:16:21.490 14913 15007 I chatty  : uid=1000(system) DefaultDispatch expire 1 line
10-12 17:16:21.501 14913 14989 I chatty  : uid=1000(system) DefaultDispatch expire 6 lines
10-12 17:16:21.506 14913 15009 I chatty  : uid=1000(system) DefaultDispatch expire 19 lines
10-12 17:16:21.572 14913 14934 I chatty  : uid=1000(system) LogFile expire 143 lines
10-12 17:16:21.580 14913 15011 I chatty  : uid=1000(system) DefaultDispatch expire 21 lines
10-12 17:16:21.594 14913 14913 I chatty  : uid=1000(system) com.gbcom.metrosystem expire 9 lines
10-12 17:16:22.192 14913 14971 I chatty  : uid=1000(system) RILRemoteReceiv expire 2 lines
10-12 17:16:22.194 14913 14968 I chatty  : uid=1000(system) GotaSystem expire 2 lines
10-12 17:16:22.250   613   613 I AudioPolicyManagerCustom: FLAG None hence request for a primary output
10-12 17:16:22.251   613  3734 I AudioPolicyManagerCustom: FLAG None hence request for a primary output
10-12 17:16:22.258   613  1046 D audio_hw_primary: start_output_stream: enter: stream(0xf53b7800)usecase(1: low-latency-playback) devices(0x2)
10-12 17:16:22.259   440  2277 E ANDR-PERF-MPCTL: Invalid profile no. 0, total profiles 0 only
10-12 17:16:22.259   613  1046 D audio_hw_primary: select_devices for use case (low-latency-playback)
10-12 17:16:22.259   613  1046 D audio_hw_primary: select_devices: out_snd_device(2: speaker) in_snd_device(0: )
10-12 17:16:22.260   613  1046 I msm8916_platform: platform_check_and_set_codec_backend_cfg:becf: afe: bitwidth 16, samplerate 48000 channels 2, backend_idx 0 usecase = 1 device (speaker)
10-12 17:16:22.260   613  1046 D msm8916_platform: platform_can_split_snd_device: snd_device(2) num devices(1) new_snd_devices(999721)
10-12 17:16:22.260   613  1046 I msm8916_platform: platform_check_and_set_codec_backend_cfg: becf: new_snd_devices[0] is speaker
10-12 17:16:22.260   613  1046 I msm8916_platform: platform_check_codec_backend_cfg:becf: afe: Codec selected backend: 0 current bit width: 16 sample rate: 48000 channels: 2
10-12 17:16:22.260   613  1046 D msm8916_platform: platform_check_codec_backend_cfg:becf: afe: playback on non-44.1-support device Configure afe to default Sample Rate(48k)
10-12 17:16:22.260   613  1046 D msm8916_platform: platform_check_codec_backend_cfg:becf: afe: only 48KHZ sample rate is supported Configure afe to default Sample Rate(48k)
10-12 17:16:22.260   613  1046 I msm8916_platform: platform_check_codec_backend_cfg:becf: afe: Codec selected backend: 0 updated bit width: 16 and sample rate: 48000
10-12 17:16:22.260   613  1046 D audio_hw_primary: check_usecases_codec_backend:becf: force routing 0
10-12 17:16:22.260   613  1046 E msm8916_platform: platform_check_backends_match: Invalid snd_device = 
10-12 17:16:22.260   613  1046 D audio_hw_primary: check_usecases_codec_backend:becf: (40) check_usecases curr device: speaker, usecase device: backends match 0
10-12 17:16:22.260   613  1046 D audio_hw_primary: check_usecases_codec_backend:becf: check_usecases num.of Usecases to switch 0
10-12 17:16:22.260   613  1046 D hardware_info: hw_info_append_hw_type : device_name = speaker
10-12 17:16:22.260   613  1046 D msm8916_platform: platform_can_split_snd_device: snd_device(2) num devices(0) new_snd_devices(0)
10-12 17:16:22.260   613  1046 D audio_hw_primary: enable_snd_device: snd_device(2: speaker)
10-12 17:16:22.260   613  1046 I soundtrigger: audio_extn_sound_trigger_update_device_status: device 0x2 of type 0 for Event 1, with Raise=0
10-12 17:16:22.260   613  1046 D aud_dev_arbi: acquireOneDevice: device owner for device 2 is 1
10-12 17:16:22.261 14913 15010 I chatty  : uid=1000(system) DefaultDispatch expire 3 lines
10-12 17:16:22.274   613  1046 I audio_hw_primary: select_devices Selected apptype: 69937
10-12 17:16:22.274   613  1046 D soundtrigger: audio_extn_sound_trigger_update_stream_status: uc_id 1 of type 0 for Event 3, with Raise=0
10-12 17:16:22.275   613  1046 I audio_hw_utils: audio_extn_utils_send_app_type_cfg PLAYBACK app_type = 69937, acdb_dev_id = 14, sample_rate = 48000
10-12 17:16:22.275   613  1046 D msm8916_platform: platform_can_split_snd_device: snd_device(2) num devices(1) new_snd_devices(0)
10-12 17:16:22.275   613  1046 D ACDB-LOADER: ACDB -> send_audio_cal, acdb_id = 14, path = 0, app id = 0x11131, sample rate = 48000
10-12 17:16:22.275   613  1046 D ACDB-LOADER: ACDB -> send_asm_topology
10-12 17:16:22.275   613  1046 D ACDB-LOADER: ACDB -> ACDB_CMD_GET_AUDPROC_STREAM_TOPOLOGY_ID
10-12 17:16:22.275   613  1046 D ACDB-LOADER: ACDB -> send_adm_topology
10-12 17:16:22.275   613  1046 D ACDB-LOADER: ACDB -> ACDB_CMD_GET_AUDPROC_COMMON_TOPOLOGY_ID
10-12 17:16:22.275   613  1046 D ACDB-LOADER: ACDB -> send_audtable
10-12 17:16:22.275   613  1046 D ACDB-LOADER: ACDB -> ACDB_CMD_GET_AUDPROC_COMMON_TABLE_SIZE
10-12 17:16:22.275   613  1046 D ACDB-LOADER: ACDB -> ACDB_CMD_GET_AUDPROC_COMMON_TABLE
10-12 17:16:22.275   613  1046 D ACDB-LOADER: ACDB -> AUDIO_SET_AUDPROC_CAL
10-12 17:16:22.276   613  1046 D ACDB-LOADER: ACDB -> send_audvoltable
10-12 17:16:22.276   613  1046 D ACDB-LOADER: ACDB -> ACDB_CMD_GET_AUDPROC_GAIN_DEP_STEP_TABLE, vol index 0
10-12 17:16:22.276   613  1046 D ACDB-LOADER: ACDB -> AUDIO_SET_VOL_CAL cal type = 12
10-12 17:16:22.276   613  1046 D ACDB-LOADER: ACDB -> send_audstrmtable
10-12 17:16:22.276   613  1046 D ACDB-LOADER: ACDB -> ACDB_CMD_GET_AUDPROC_STREAM_TABLE_V2
10-12 17:16:22.276   613  1046 D ACDB-LOADER: ACDB -> audstrm_cal->cal_type.cal_data.cal_size = 16
10-12 17:16:22.276   613  1046 D ACDB-LOADER: ACDB -> send_afe_topology
10-12 17:16:22.276   613  1046 D ACDB-LOADER: ACDB -> ACDB_CMD_GET_AFE_TOPOLOGY_ID
10-12 17:16:22.276   613  1046 D ACDB-LOADER: ACDB -> GET_AFE_TOPOLOGY_ID for adcd_id 14, Topology Id 1025e
10-12 17:16:22.276   613  1046 D ACDB-LOADER: ACDB -> send_afe_cal
10-12 17:16:22.276   613  1046 D ACDB-LOADER: ACDB -> ACDB_CMD_GET_AFE_COMMON_TABLE
10-12 17:16:22.276   613  1046 D ACDB-LOADER: ACDB -> AUDIO_SET_AFE_CAL
10-12 17:16:22.276   613  1046 D ACDB-LOADER: ACDB -> send_hw_delay : acdb_id = 14 path = 0
10-12 17:16:22.276   613  1046 D ACDB-LOADER: ACDB -> ACDB_AVSYNC_INFO: ACDB_CMD_GET_DEVICE_PROPERTY
10-12 17:16:22.276   613  1046 D audio_hw_primary: enable_audio_route: apply mixer and update path: low-latency-playback
10-12 17:16:22.280   613  1046 D audio_hw_primary: select_devices: done
10-12 17:16:22.284   613  1046 D msm8916_platform: platform_set_channel_map mixer_ctl_name:Playback Channel Map12
10-12 17:16:22.285   613  1046 D msm8916_platform: platform_set_channel_map: set mapping(1 2 0 0 0 0 0 0) for channel:2
10-12 17:16:22.325 14913 14989 I chatty  : uid=1000(system) DefaultDispatch expire 4 lines
10-12 17:16:22.349   613  1046 D audio_hw_primary: start_output_stream: exit
10-12 17:16:22.360 14913 15009 I chatty  : uid=1000(system) DefaultDispatch expire 4 lines
10-12 17:16:22.377   613  1046 D AudioFlinger: mixer(0xf4c03c80) throttle end: throttle time(10)
10-12 17:16:22.402 14913 14913 I chatty  : uid=1000(system) com.gbcom.metrosystem expire 2 lines
10-12 17:16:22.547 14913 14918 I chatty  : uid=1000(system) Jit thread pool expire 3 lines
10-12 17:16:22.566   564   896 E libnav  : CablComputeBacklightLevel(): UpdateType = DifferentSceneUpdate
10-12 17:16:22.576 14913 14978 I chatty  : uid=1000(system) DefaultDispatch expire 12 lines
10-12 17:16:22.577 14913 14934 I chatty  : uid=1000(system) LogFile expire 172 lines
10-12 17:16:22.595 14913 15002 I chatty  : uid=1000(system) DefaultDispatch expire 1 line
