10-12 17:16:27.217 14913 14934 D LogWriteUtil.class=LogFileHandlerThread.class: 3getCurrentFileName: logFileName=app39.log
10-12 17:16:27.217 14913 14934 D TAG     : 2,initFile: /custom/metro/log/2022-10-12/app39.log, logFile.length=0, getCurrentFileName()=app39.log, writeFileName=/custom/metro/log/2022-10-12/app38.log
10-12 17:16:27.217 14913 14934 D LogWriteUtil.class=LogFileHandlerThread.class: 8,initFile: logFile=/custom/metro/log/2022-10-12/app39.log, logFile.length=0
10-12 17:16:27.313 14913 15009 D MainViewModel: getSystemTime_currentThreadID2: 260
10-12 17:16:27.316 14913 15009 D TAG     : getSystemTime_currentThreadID3s: 260, isActive=true
10-12 17:16:27.435 14913 15012 D UdpDcRepository: api send - Thread ID=263, obj={"MsgName":"AppHeartbeat","MsgSeqID":10,"AppID":"172.2.200.13","MsgInfo":{"SDKLongNumber":"+866022013"}}
10-12 17:16:27.439 14913 14913 D MainActivity: updateSignalIcon: signal=4
10-12 17:16:27.443 14913 15012 I APP_LogUtils.kt: [(LogUtils.kt:50).i()] [UdpDisServices] start: send(String) - thread ID=263, send msg={"MsgName":"AppHeartbeat","MsgSeqID":10,"AppID":"172.2.200.13","MsgInfo":{"SDKLongNumber":"+866022013"}}
10-12 17:16:27.445 14913 15012 D UdpDcRepository: api send - Thread ID=263, obj={"MsgName":"GetStationATSReq","MsgSeqID":11,"AppID":"172.2.200.13","MsgInfo":{}}
10-12 17:16:27.445 14913 14934 D LogWriteUtil.class=LogFileHandlerThread.class: 1getFilePath: logFormat=2022-10-12, LogWriteUtil.logPathDir=/custom/metro/log
10-12 17:16:27.446 14913 14934 D LogWriteUtil.class=LogFileHandlerThread.class: 2getFilePath: filePath=/custom/metro/log/2022-10-12
10-12 17:16:27.446 14913 14934 D LogWriteUtil.class=LogFileHandlerThread.class: 1getCurrentFileName: LogWriteUtil.logfile=app.log
10-12 17:16:27.450 14913 15012 I APP_LogUtils.kt: [(LogUtils.kt:50).i()] [UdpDisServices] start: send(String) - thread ID=263, send msg={"MsgName":"GetStationATSReq","MsgSeqID":11,"AppID":"172.2.200.13","MsgInfo":{}}
10-12 17:16:27.452 14913 14934 D LogWriteUtil.class=LogFileHandlerThread.class: 1getFilePath: logFormat=2022-10-12, LogWriteUtil.logPathDir=/custom/metro/log
10-12 17:16:27.452 14913 14934 D LogWriteUtil.class=LogFileHandlerThread.class: 2getFilePath: filePath=/custom/metro/log/2022-10-12
10-12 17:16:27.452 14913 14934 D LogWriteUtil.class=LogFileHandlerThread.class: getFileNameSuffix: file=/custom/metro/log/2022-10-12
10-12 17:16:27.454 14913 14934 D LogWriteUtil.class=LogFileHandlerThread.class: 2getCurrentFileName: index=3, LogWriteUtil.logfile=app.log, getFileNameSuffix=39
10-12 17:16:27.455 14913 14934 D LogWriteUtil.class=LogFileHandlerThread.class: 1getFilePath: logFormat=2022-10-12, LogWriteUtil.logPathDir=/custom/metro/log
10-12 17:16:27.455 14913 14934 D LogWriteUtil.class=LogFileHandlerThread.class: 2getFilePath: filePath=/custom/metro/log/2022-10-12
10-12 17:16:27.456 14913 14934 D LogWriteUtil.class=LogFileHandlerThread.class: getFileNameSuffix: file=/custom/metro/log/2022-10-12
10-12 17:16:27.457 14913 14934 D LogWriteUtil.class=LogFileHandlerThread.class: 3getCurrentFileName: logFileName=app39.log
10-12 17:16:27.457 14913 14934 D LogWriteUtil.class=LogFileHandlerThread.class: 1,initFile: getFilePath()=/custom/metro/log/2022-10-12, getCurrentFileName=app39.log
10-12 17:16:27.457 14913 14934 D LogWriteUtil.class=LogFileHandlerThread.class: 1getFilePath: logFormat=2022-10-12, LogWriteUtil.logPathDir=/custom/metro/log
10-12 17:16:27.458 14913 14934 D LogWriteUtil.class=LogFileHandlerThread.class: 2getFilePath: filePath=/custom/metro/log/2022-10-12
10-12 17:16:27.458 14913 14934 D LogWriteUtil.class=LogFileHandlerThread.class: 1getCurrentFileName: LogWriteUtil.logfile=app.log
10-12 17:16:27.459 14913 14934 D LogWriteUtil.class=LogFileHandlerThread.class: 1getFilePath: logFormat=2022-10-12, LogWriteUtil.logPathDir=/custom/metro/log
10-12 17:16:27.459 14913 14934 D LogWriteUtil.class=LogFileHandlerThread.class: 2getFilePath: filePath=/custom/metro/log/2022-10-12
10-12 17:16:27.459 14913 14934 D LogWriteUtil.class=LogFileHandlerThread.class: getFileNameSuffix: file=/custom/metro/log/2022-10-12
10-12 17:16:27.460 14913 14934 D LogWriteUtil.class=LogFileHandlerThread.class: 2getCurrentFileName: index=3, LogWriteUtil.logfile=app.log, getFileNameSuffix=39
10-12 17:16:27.461 14913 14934 D LogWriteUtil.class=LogFileHandlerThread.class: 1getFilePath: logFormat=2022-10-12, LogWriteUtil.logPathDir=/custom/metro/log
10-12 17:16:27.461 14913 14934 D LogWriteUtil.class=LogFileHandlerThread.class: 2getFilePath: filePath=/custom/metro/log/2022-10-12
10-12 17:16:27.461 14913 14934 D LogWriteUtil.class=LogFileHandlerThread.class: getFileNameSuffix: file=/custom/metro/log/2022-10-12
10-12 17:16:27.462 14913 14934 D LogWriteUtil.class=LogFileHandlerThread.class: 3getCurrentFileName: logFileName=app39.log
10-12 17:16:27.462 14913 14934 D LogWriteUtil.class=LogFileHandlerThread.class: 1getCurrentFileName: LogWriteUtil.logfile=app.log
10-12 17:16:27.463 14913 14934 D LogWriteUtil.class=LogFileHandlerThread.class: 1getFilePath: logFormat=2022-10-12, LogWriteUtil.logPathDir=/custom/metro/log
10-12 17:16:27.463 14913 14934 D LogWriteUtil.class=LogFileHandlerThread.class: 2getFilePath: filePath=/custom/metro/log/2022-10-12
10-12 17:16:27.463 14913 14934 D LogWriteUtil.class=LogFileHandlerThread.class: getFileNameSuffix: file=/custom/metro/log/2022-10-12
10-12 17:16:27.464 14913 14934 D LogWriteUtil.class=LogFileHandlerThread.class: 2getCurrentFileName: index=3, LogWriteUtil.logfile=app.log, getFileNameSuffix=39
10-12 17:16:27.465 14913 14934 D LogWriteUtil.class=LogFileHandlerThread.class: 1getFilePath: logFormat=2022-10-12, LogWriteUtil.logPathDir=/custom/metro/log
10-12 17:16:27.465 14913 14934 D LogWriteUtil.class=LogFileHandlerThread.class: 2getFilePath: filePath=/custom/metro/log/2022-10-12
10-12 17:16:27.465 14913 14934 D LogWriteUtil.class=LogFileHandlerThread.class: getFileNameSuffix: file=/custom/metro/log/2022-10-12
10-12 17:16:27.466 14913 14934 D LogWriteUtil.class=LogFileHandlerThread.class: 3getCurrentFileName: logFileName=app39.log
10-12 17:16:27.466 14913 14934 D TAG     : 2,initFile: /custom/metro/log/2022-10-12/app39.log, logFile.length=0, getCurrentFileName()=app39.log, writeFileName=/custom/metro/log/2022-10-12/app38.log
10-12 17:16:27.466 14913 14934 D LogWriteUtil.class=LogFileHandlerThread.class: 8,initFile: logFile=/custom/metro/log/2022-10-12/app39.log, logFile.length=0
10-12 17:16:27.468 14913 14934 D LogWriteUtil.class=LogFileHandlerThread.class: 1getFilePath: logFormat=2022-10-12, LogWriteUtil.logPathDir=/custom/metro/log
10-12 17:16:27.468 14913 14934 D LogWriteUtil.class=LogFileHandlerThread.class: 2getFilePath: filePath=/custom/metro/log/2022-10-12
10-12 17:16:27.468 14913 14934 D LogWriteUtil.class=LogFileHandlerThread.class: 1getCurrentFileName: LogWriteUtil.logfile=app.log
10-12 17:16:27.469 14913 14934 D LogWriteUtil.class=LogFileHandlerThread.class: 1getFilePath: logFormat=2022-10-12, LogWriteUtil.logPathDir=/custom/metro/log
10-12 17:16:27.469 14913 14934 D LogWriteUtil.class=LogFileHandlerThread.class: 2getFilePath: filePath=/custom/metro/log/2022-10-12
10-12 17:16:27.469 14913 14934 D LogWriteUtil.class=LogFileHandlerThread.class: getFileNameSuffix: file=/custom/metro/log/2022-10-12
10-12 17:16:27.469 14913 14934 D LogWriteUtil.class=LogFileHandlerThread.class: 2getCurrentFileName: index=3, LogWriteUtil.logfile=app.log, getFileNameSuffix=39
10-12 17:16:27.470 14913 14934 D LogWriteUtil.class=LogFileHandlerThread.class: 1getFilePath: logFormat=2022-10-12, LogWriteUtil.logPathDir=/custom/metro/log
10-12 17:16:27.470 14913 14934 D LogWriteUtil.class=LogFileHandlerThread.class: 2getFilePath: filePath=/custom/metro/log/2022-10-12
10-12 17:16:27.471 14913 14934 D LogWriteUtil.class=LogFileHandlerThread.class: getFileNameSuffix: file=/custom/metro/log/2022-10-12
10-12 17:16:27.471 14913 14934 D LogWriteUtil.class=LogFileHandlerThread.class: 3getCurrentFileName: logFileName=app39.log
10-12 17:16:27.471 14913 14934 D LogWriteUtil.class=LogFileHandlerThread.class: 1,initFile: getFilePath()=/custom/metro/log/2022-10-12, getCurrentFileName=app39.log
10-12 17:16:27.472 14913 14934 D LogWriteUtil.class=LogFileHandlerThread.class: 1getFilePath: logFormat=2022-10-12, LogWriteUtil.logPathDir=/custom/metro/log
10-12 17:16:27.472 14913 14934 D LogWriteUtil.class=LogFileHandlerThread.class: 2getFilePath: filePath=/custom/metro/log/2022-10-12
10-12 17:16:27.472 14913 14934 D LogWriteUtil.class=LogFileHandlerThread.class: 1getCurrentFileName: LogWriteUtil.logfile=app.log
10-12 17:16:27.473 14913 14934 D LogWriteUtil.class=LogFileHandlerThread.class: 1getFilePath: logFormat=2022-10-12, LogWriteUtil.logPathDir=/custom/metro/log
10-12 17:16:27.474 14913 14934 D LogWriteUtil.class=LogFileHandlerThread.class: 2getFilePath: filePath=/custom/metro/log/2022-10-12
10-12 17:16:27.474 14913 14934 D LogWriteUtil.class=LogFileHandlerThread.class: getFileNameSuffix: file=/custom/metro/log/2022-10-12
10-12 17:16:27.475 14913 14934 D LogWriteUtil.class=LogFileHandlerThread.class: 2getCurrentFileName: index=3, LogWriteUtil.logfile=app.log, getFileNameSuffix=39
10-12 17:16:27.475 14913 14934 D LogWriteUtil.class=LogFileHandlerThread.class: 1getFilePath: logFormat=2022-10-12, LogWriteUtil.logPathDir=/custom/metro/log
10-12 17:16:27.475 14913 14934 D LogWriteUtil.class=LogFileHandlerThread.class: 2getFilePath: filePath=/custom/metro/log/2022-10-12
10-12 17:16:27.475 14913 14934 D LogWriteUtil.class=LogFileHandlerThread.class: getFileNameSuffix: file=/custom/metro/log/2022-10-12
10-12 17:16:27.476 14913 14934 D LogWriteUtil.class=LogFileHandlerThread.class: 3getCurrentFileName: logFileName=app39.log
10-12 17:16:27.476 14913 14934 D LogWriteUtil.class=LogFileHandlerThread.class: 1getCurrentFileName: LogWriteUtil.logfile=app.log
10-12 17:16:27.477 14913 14934 D LogWriteUtil.class=LogFileHandlerThread.class: 1getFilePath: logFormat=2022-10-12, LogWriteUtil.logPathDir=/custom/metro/log
10-12 17:16:27.477 14913 14934 D LogWriteUtil.class=LogFileHandlerThread.class: 2getFilePath: filePath=/custom/metro/log/2022-10-12
10-12 17:16:27.477 14913 14934 D LogWriteUtil.class=LogFileHandlerThread.class: getFileNameSuffix: file=/custom/metro/log/2022-10-12
10-12 17:16:27.478 14913 14934 D LogWriteUtil.class=LogFileHandlerThread.class: 2getCurrentFileName: index=3, LogWriteUtil.logfile=app.log, getFileNameSuffix=39
10-12 17:16:27.479 14913 14934 D LogWriteUtil.class=LogFileHandlerThread.class: 1getFilePath: logFormat=2022-10-12, LogWriteUtil.logPathDir=/custom/metro/log
10-12 17:16:27.479 14913 14934 D LogWriteUtil.class=LogFileHandlerThread.class: 2getFilePath: filePath=/custom/metro/log/2022-10-12
10-12 17:16:27.479 14913 14934 D LogWriteUtil.class=LogFileHandlerThread.class: getFileNameSuffix: file=/custom/metro/log/2022-10-12
10-12 17:16:27.480 14913 14934 D LogWriteUtil.class=LogFileHandlerThread.class: 3getCurrentFileName: logFileName=app39.log
10-12 17:16:27.480 14913 14934 D TAG     : 2,initFile: /custom/metro/log/2022-10-12/app39.log, logFile.length=0, getCurrentFileName()=app39.log, writeFileName=/custom/metro/log/2022-10-12/app38.log
10-12 17:16:27.480 14913 14934 D LogWriteUtil.class=LogFileHandlerThread.class: 8,initFile: logFile=/custom/metro/log/2022-10-12/app39.log, logFile.length=0
10-12 17:16:27.482   564   896 E libnav  : CablComputeBacklightLevel(): UpdateType = DifferentSceneUpdate
10-12 17:16:27.483 14913 14913 E train_jni_log: getHandsetStatus===popen buffer=0
10-12 17:16:27.483 14913 14913 E train_jni_log: getHandsetStatus===popen iRet=0
10-12 17:16:27.485 14913 14913 D TAG     : getHeadsetStatus: 0
10-12 17:16:27.487 14913 14913 D TAG     : getHeadsetStatus: headsetStatus=200
10-12 17:16:27.487 14913 14913 D TAG     : getHeadsetStatus: headsetStatus2=200
10-12 17:16:27.490 14913 15010 D BtrunCConfig: isR2Nubmer is true
10-12 17:16:27.490 14913 15010 D com.ztegota.system.GotaSystem: getMdn +866022013
10-12 17:16:27.490 14913 15010 D TAG     : getUserId: userId2=+866022013
10-12 17:16:27.490 14913 15011 D MainViewModel: getLteIp: test1111111=172.2.200.13
10-12 17:16:27.492 14913 15011 I APP_LogUtils.kt: [(LogUtils.kt:50).i()] [MainViewModel] GotaSystem SDK:V2.13 2021-04-20, Host Soft Version:GM655+V1.0.6.8B02, Host Hard Version:GM655MB_C, Host Build Time:2021 12 28  16:23:13 CST;
10-12 17:16:27.493 14913 14934 D LogWriteUtil.class=LogFileHandlerThread.class: 1getFilePath: logFormat=2022-10-12, LogWriteUtil.logPathDir=/custom/metro/log
10-12 17:16:27.493 14913 14934 D LogWriteUtil.class=LogFileHandlerThread.class: 2getFilePath: filePath=/custom/metro/log/2022-10-12
10-12 17:16:27.493 14913 14934 D LogWriteUtil.class=LogFileHandlerThread.class: 1getCurrentFileName: LogWriteUtil.logfile=app.log
10-12 17:16:27.494 14913 14934 D LogWriteUtil.class=LogFileHandlerThread.class: 1getFilePath: logFormat=2022-10-12, LogWriteUtil.logPathDir=/custom/metro/log
10-12 17:16:27.494 14913 14934 D LogWriteUtil.class=LogFileHandlerThread.class: 2getFilePath: filePath=/custom/metro/log/2022-10-12
10-12 17:16:27.494 14913 14934 D LogWriteUtil.class=LogFileHandlerThread.class: getFileNameSuffix: file=/custom/metro/log/2022-10-12
10-12 17:16:27.495 14913 14934 D LogWriteUtil.class=LogFileHandlerThread.class: 2getCurrentFileName: index=3, LogWriteUtil.logfile=app.log, getFileNameSuffix=39
10-12 17:16:27.495 14913 14934 D LogWriteUtil.class=LogFileHandlerThread.class: 1getFilePath: logFormat=2022-10-12, LogWriteUtil.logPathDir=/custom/metro/log
10-12 17:16:27.496 14913 14934 D LogWriteUtil.class=LogFileHandlerThread.class: 2getFilePath: filePath=/custom/metro/log/2022-10-12
10-12 17:16:27.496 14913 14934 D LogWriteUtil.class=LogFileHandlerThread.class: getFileNameSuffix: file=/custom/metro/log/2022-10-12
10-12 17:16:27.496 14913 14934 D LogWriteUtil.class=LogFileHandlerThread.class: 3getCurrentFileName: logFileName=app39.log
10-12 17:16:27.496 14913 14934 D LogWriteUtil.class=LogFileHandlerThread.class: 1,initFile: getFilePath()=/custom/metro/log/2022-10-12, getCurrentFileName=app39.log
10-12 17:16:27.497 14913 14913 D MainActivity: showStatus: aa---result---result=true, url=192.168.42.131
10-12 17:16:27.497 14913 14934 D LogWriteUtil.class=LogFileHandlerThread.class: 1getFilePath: logFormat=2022-10-12, LogWriteUtil.logPathDir=/custom/metro/log
10-12 17:16:27.497 14913 14934 D LogWriteUtil.class=LogFileHandlerThread.class: 2getFilePath: filePath=/custom/metro/log/2022-10-12
10-12 17:16:27.497 14913 14934 D LogWriteUtil.class=LogFileHandlerThread.class: 1getCurrentFileName: LogWriteUtil.logfile=app.log
10-12 17:16:27.498 14913 14934 D LogWriteUtil.class=LogFileHandlerThread.class: 1getFilePath: logFormat=2022-10-12, LogWriteUtil.logPathDir=/custom/metro/log
10-12 17:16:27.498 14913 14934 D LogWriteUtil.class=LogFileHandlerThread.class: 2getFilePath: filePath=/custom/metro/log/2022-10-12
10-12 17:16:27.498 14913 14934 D LogWriteUtil.class=LogFileHandlerThread.class: getFileNameSuffix: file=/custom/metro/log/2022-10-12
10-12 17:16:27.499 14913 14934 D LogWriteUtil.class=LogFileHandlerThread.class: 2getCurrentFileName: index=3, LogWriteUtil.logfile=app.log, getFileNameSuffix=39
10-12 17:16:27.500 14913 14934 D LogWriteUtil.class=LogFileHandlerThread.class: 1getFilePath: logFormat=2022-10-12, LogWriteUtil.logPathDir=/custom/metro/log
10-12 17:16:27.500 14913 14934 D LogWriteUtil.class=LogFileHandlerThread.class: 2getFilePath: filePath=/custom/metro/log/2022-10-12
10-12 17:16:27.500 14913 14934 D LogWriteUtil.class=LogFileHandlerThread.class: getFileNameSuffix: file=/custom/metro/log/2022-10-12
10-12 17:16:27.500 14913 14989 D UdpDisServices: udp receive - api receive data disApi, udp service id=248  - udp.packet.address=/172.2.208.8, udp.pack.socketAddress=/172.2.208.8:64002, udp.port=64002- running=true - message={"MsgSeqID":87912,"MsgName":"DisReceivedNotify","MsgInfo":{"AppMsgSeqID":10,"Code":10001}}
10-12 17:16:27.500 14913 14934 D LogWriteUtil.class=LogFileHandlerThread.class: 3getCurrentFileName: logFileName=app39.log
10-12 17:16:27.501 14913 14934 D LogWriteUtil.class=LogFileHandlerThread.class: 1getCurrentFileName: LogWriteUtil.logfile=app.log
10-12 17:16:27.501 14913 14989 I APP_LogUtils.kt: [(LogUtils.kt:50).i()] [UdpDisServices] udp receive - api receive data disApi, udp service id=248 - running=true  - ip=/172.2.208.8 - port=64002 - message={"MsgSeqID":87912,"MsgName":"DisReceivedNotify","MsgInfo":{"AppMsgSeqID":10,"Code":10001}}
10-12 17:16:27.501 14913 14989 D UdpDisServices: udp receive - api receive data disApi, udp service id=248  - udp.packet.address=/172.2.208.8, udp.pack.socketAddress=/172.2.208.8:64002, udp.port=64002- running=true - message={"MsgSeqID":87913,"MsgName":"DisReceivedNotify","MsgInfo":{"AppMsgSeqID":11,"Code":10001}}
10-12 17:16:27.501 14913 14934 D LogWriteUtil.class=LogFileHandlerThread.class: 1getFilePath: logFormat=2022-10-12, LogWriteUtil.logPathDir=/custom/metro/log
10-12 17:16:27.502 14913 14934 D LogWriteUtil.class=LogFileHandlerThread.class: 2getFilePath: filePath=/custom/metro/log/2022-10-12
10-12 17:16:27.502 14913 14934 D LogWriteUtil.class=LogFileHandlerThread.class: getFileNameSuffix: file=/custom/metro/log/2022-10-12
10-12 17:16:27.502 14913 14989 I APP_LogUtils.kt: [(LogUtils.kt:50).i()] [UdpDisServices] udp receive - api receive data disApi, udp service id=248 - running=true  - ip=/172.2.208.8 - port=64002 - message={"MsgSeqID":87913,"MsgName":"DisReceivedNotify","MsgInfo":{"AppMsgSeqID":11,"Code":10001}}
10-12 17:16:27.503 14913 14934 D LogWriteUtil.class=LogFileHandlerThread.class: 2getCurrentFileName: index=3, LogWriteUtil.logfile=app.log, getFileNameSuffix=39
10-12 17:16:27.503 14913 14934 D LogWriteUtil.class=LogFileHandlerThread.class: 1getFilePath: logFormat=2022-10-12, LogWriteUtil.logPathDir=/custom/metro/log
10-12 17:16:27.503 14913 14934 D LogWriteUtil.class=LogFileHandlerThread.class: 2getFilePath: filePath=/custom/metro/log/2022-10-12
10-12 17:16:27.503 14913 14934 D LogWriteUtil.class=LogFileHandlerThread.class: getFileNameSuffix: file=/custom/metro/log/2022-10-12
10-12 17:16:27.504 14913 14934 D LogWriteUtil.class=LogFileHandlerThread.class: 3getCurrentFileName: logFileName=app39.log
10-12 17:16:27.504 14913 14934 D TAG     : 2,initFile: /custom/metro/log/2022-10-12/app39.log, logFile.length=0, getCurrentFileName()=app39.log, writeFileName=/custom/metro/log/2022-10-12/app38.log
10-12 17:16:27.505 14913 14934 D LogWriteUtil.class=LogFileHandlerThread.class: 8,initFile: logFile=/custom/metro/log/2022-10-12/app39.log, logFile.length=0
10-12 17:16:27.506 14913 14934 D LogWriteUtil.class=LogFileHandlerThread.class: 1getFilePath: logFormat=2022-10-12, LogWriteUtil.logPathDir=/custom/metro/log
10-12 17:16:27.506 14913 14934 D LogWriteUtil.class=LogFileHandlerThread.class: 2getFilePath: filePath=/custom/metro/log/2022-10-12
10-12 17:16:27.506 14913 14934 D LogWriteUtil.class=LogFileHandlerThread.class: 1getCurrentFileName: LogWriteUtil.logfile=app.log
10-12 17:16:27.507 14913 14934 D LogWriteUtil.class=LogFileHandlerThread.class: 1getFilePath: logFormat=2022-10-12, LogWriteUtil.logPathDir=/custom/metro/log
10-12 17:16:27.507 14913 14934 D LogWriteUtil.class=LogFileHandlerThread.class: 2getFilePath: filePath=/custom/metro/log/2022-10-12
10-12 17:16:27.507 14913 14934 D LogWriteUtil.class=LogFileHandlerThread.class: getFileNameSuffix: file=/custom/metro/log/2022-10-12
10-12 17:16:27.508 14913 14913 D MainActivity: onMessageEvent  -- gginit: disApi, id=1---event={"MsgSeqID":87912,"MsgName":"DisReceivedNotify","MsgInfo":{"AppMsgSeqID":10,"Code":10001}}
10-12 17:16:27.508 14913 14934 D LogWriteUtil.class=LogFileHandlerThread.class: 2getCurrentFileName: index=3, LogWriteUtil.logfile=app.log, getFileNameSuffix=39
10-12 17:16:27.508 14913 14913 D MainViewModel: 1processDisApi: disApi, id=1
10-12 17:16:27.508 14913 14934 D LogWriteUtil.class=LogFileHandlerThread.class: 1getFilePath: logFormat=2022-10-12, LogWriteUtil.logPathDir=/custom/metro/log
10-12 17:16:27.508 14913 14934 D LogWriteUtil.class=LogFileHandlerThread.class: 2getFilePath: filePath=/custom/metro/log/2022-10-12
10-12 17:16:27.508 14913 14913 D MainActivity: onMessageEvent  -- gginit: disApi, id=1---event={"MsgSeqID":87913,"MsgName":"DisReceivedNotify","MsgInfo":{"AppMsgSeqID":11,"Code":10001}}
10-12 17:16:27.508 14913 14934 D LogWriteUtil.class=LogFileHandlerThread.class: getFileNameSuffix: file=/custom/metro/log/2022-10-12
10-12 17:16:27.508 14913 14913 D MainViewModel: 1processDisApi: disApi, id=1
10-12 17:16:27.509 14913 14934 D LogWriteUtil.class=LogFileHandlerThread.class: 3getCurrentFileName: logFileName=app39.log
10-12 17:16:27.509 14913 14934 D LogWriteUtil.class=LogFileHandlerThread.class: 1,initFile: getFilePath()=/custom/metro/log/2022-10-12, getCurrentFileName=app39.log
10-12 17:16:27.510 14913 15009 D DisApiSingletonReceive: processingData: disApi, id=260 - data={"MsgSeqID":87912,"MsgName":"DisReceivedNotify","MsgInfo":{"AppMsgSeqID":10,"Code":10001}}
10-12 17:16:27.510 14913 15007 D DisApiSingletonReceive: processingData: disApi, id=258 - data={"MsgSeqID":87913,"MsgName":"DisReceivedNotify","MsgInfo":{"AppMsgSeqID":11,"Code":10001}}
10-12 17:16:27.509 14913 14934 D LogWriteUtil.class=LogFileHandlerThread.class: 1getFilePath: logFormat=2022-10-12, LogWriteUtil.logPathDir=/custom/metro/log
10-12 17:16:27.510 14913 14934 D LogWriteUtil.class=LogFileHandlerThread.class: 2getFilePath: filePath=/custom/metro/log/2022-10-12
10-12 17:16:27.510 14913 14934 D LogWriteUtil.class=LogFileHandlerThread.class: 1getCurrentFileName: LogWriteUtil.logfile=app.log
10-12 17:16:27.511 14913 14934 D LogWriteUtil.class=LogFileHandlerThread.class: 1getFilePath: logFormat=2022-10-12, LogWriteUtil.logPathDir=/custom/metro/log
10-12 17:16:27.511 14913 14934 D LogWriteUtil.class=LogFileHandlerThread.class: 2getFilePath: filePath=/custom/metro/log/2022-10-12
10-12 17:16:27.511 14913 14934 D LogWriteUtil.class=LogFileHandlerThread.class: getFileNameSuffix: file=/custom/metro/log/2022-10-12
10-12 17:16:27.511 14913 14934 D LogWriteUtil.class=LogFileHandlerThread.class: 2getCurrentFileName: index=3, LogWriteUtil.logfile=app.log, getFileNameSuffix=39
10-12 17:16:27.512 14913 14934 D LogWriteUtil.class=LogFileHandlerThread.class: 1getFilePath: logFormat=2022-10-12, LogWriteUtil.logPathDir=/custom/metro/log
10-12 17:16:27.512 14913 14934 D LogWriteUtil.class=LogFileHandlerThread.class: 2getFilePath: filePath=/custom/metro/log/2022-10-12
10-12 17:16:27.512 14913 14934 D LogWriteUtil.class=LogFileHandlerThread.class: getFileNameSuffix: file=/custom/metro/log/2022-10-12
10-12 17:16:27.512 14913 14934 D LogWriteUtil.class=LogFileHandlerThread.class: 3getCurrentFileName: logFileName=app39.log
10-12 17:16:27.513 14913 14934 D LogWriteUtil.class=LogFileHandlerThread.class: 1getCurrentFileName: LogWriteUtil.logfile=app.log
10-12 17:16:27.513 14913 15007 D DisApiSingletonReceive: processingDisReceivedNotify: info=DisReceivedNotifyApiData(msgName=DisReceivedNotify, msgSeqID=87913, msgInfo=ReceivedNotifyData(appMsgSeqID=0, code=10001))
10-12 17:16:27.513 14913 14934 D LogWriteUtil.class=LogFileHandlerThread.class: 1getFilePath: logFormat=2022-10-12, LogWriteUtil.logPathDir=/custom/metro/log
10-12 17:16:27.514 14913 14934 D LogWriteUtil.class=LogFileHandlerThread.class: 2getFilePath: filePath=/custom/metro/log/2022-10-12
10-12 17:16:27.514 14913 14934 D LogWriteUtil.class=LogFileHandlerThread.class: getFileNameSuffix: file=/custom/metro/log/2022-10-12
10-12 17:16:27.515 14913 14934 D LogWriteUtil.class=LogFileHandlerThread.class: 2getCurrentFileName: index=3, LogWriteUtil.logfile=app.log, getFileNameSuffix=39
10-12 17:16:27.515 14913 14934 D LogWriteUtil.class=LogFileHandlerThread.class: 1getFilePath: logFormat=2022-10-12, LogWriteUtil.logPathDir=/custom/metro/log
10-12 17:16:27.516 14913 14934 D LogWriteUtil.class=LogFileHandlerThread.class: 2getFilePath: filePath=/custom/metro/log/2022-10-12
10-12 17:16:27.516 14913 14934 D LogWriteUtil.class=LogFileHandlerThread.class: getFileNameSuffix: file=/custom/metro/log/2022-10-12
10-12 17:16:27.516 14913 14934 D LogWriteUtil.class=LogFileHandlerThread.class: 3getCurrentFileName: logFileName=app39.log
10-12 17:16:27.516 14913 14934 D TAG     : 2,initFile: /custom/metro/log/2022-10-12/app39.log, logFile.length=0, getCurrentFileName()=app39.log, writeFileName=/custom/metro/log/2022-10-12/app38.log
10-12 17:16:27.516 14913 14934 D LogWriteUtil.class=LogFileHandlerThread.class: 8,initFile: logFile=/custom/metro/log/2022-10-12/app39.log, logFile.length=0
10-12 17:16:27.517 14913 14934 D LogWriteUtil.class=LogFileHandlerThread.class: 1getFilePath: logFormat=2022-10-12, LogWriteUtil.logPathDir=/custom/metro/log
10-12 17:16:27.517 14913 14934 D LogWriteUtil.class=LogFileHandlerThread.class: 2getFilePath: filePath=/custom/metro/log/2022-10-12
10-12 17:16:27.517 14913 15009 D DisApiSingletonReceive: processingDisReceivedNotify: info=DisReceivedNotifyApiData(msgName=DisReceivedNotify, msgSeqID=87912, msgInfo=ReceivedNotifyData(appMsgSeqID=0, code=10001))
10-12 17:16:27.517 14913 14934 D LogWriteUtil.class=LogFileHandlerThread.class: 1getCurrentFileName: LogWriteUtil.logfile=app.log
10-12 17:16:27.518 14913 14934 D LogWriteUtil.class=LogFileHandlerThread.class: 1getFilePath: logFormat=2022-10-12, LogWriteUtil.logPathDir=/custom/metro/log
10-12 17:16:27.518 14913 14934 D LogWriteUtil.class=LogFileHandlerThread.class: 2getFilePath: filePath=/custom/metro/log/2022-10-12
10-12 17:16:27.518 14913 14934 D LogWriteUtil.class=LogFileHandlerThread.class: getFileNameSuffix: file=/custom/metro/log/2022-10-12
10-12 17:16:27.519 14913 14934 D LogWriteUtil.class=LogFileHandlerThread.class: 2getCurrentFileName: index=3, LogWriteUtil.logfile=app.log, getFileNameSuffix=39
10-12 17:16:27.519 14913 14934 D LogWriteUtil.class=LogFileHandlerThread.class: 1getFilePath: logFormat=2022-10-12, LogWriteUtil.logPathDir=/custom/metro/log
10-12 17:16:27.519 14913 14934 D LogWriteUtil.class=LogFileHandlerThread.class: 2getFilePath: filePath=/custom/metro/log/2022-10-12
10-12 17:16:27.519 14913 14934 D LogWriteUtil.class=LogFileHandlerThread.class: getFileNameSuffix: file=/custom/metro/log/2022-10-12
10-12 17:16:27.520 14913 14934 D LogWriteUtil.class=LogFileHandlerThread.class: 3getCurrentFileName: logFileName=app39.log
10-12 17:16:27.520 14913 14934 D LogWriteUtil.class=LogFileHandlerThread.class: 1,initFile: getFilePath()=/custom/metro/log/2022-10-12, getCurrentFileName=app39.log
10-12 17:16:27.521 14913 14934 D LogWriteUtil.class=LogFileHandlerThread.class: 1getFilePath: logFormat=2022-10-12, LogWriteUtil.logPathDir=/custom/metro/log
10-12 17:16:27.521 14913 14934 D LogWriteUtil.class=LogFileHandlerThread.class: 2getFilePath: filePath=/custom/metro/log/2022-10-12
10-12 17:16:27.521 14913 14934 D LogWriteUtil.class=LogFileHandlerThread.class: 1getCurrentFileName: LogWriteUtil.logfile=app.log
10-12 17:16:27.521 14913 14934 D LogWriteUtil.class=LogFileHandlerThread.class: 1getFilePath: logFormat=2022-10-12, LogWriteUtil.logPathDir=/custom/metro/log
10-12 17:16:27.521 14913 14934 D LogWriteUtil.class=LogFileHandlerThread.class: 2getFilePath: filePath=/custom/metro/log/2022-10-12
10-12 17:16:27.521 14913 14934 D LogWriteUtil.class=LogFileHandlerThread.class: getFileNameSuffix: file=/custom/metro/log/2022-10-12
10-12 17:16:27.522 14913 14934 D LogWriteUtil.class=LogFileHandlerThread.class: 2getCurrentFileName: index=3, LogWriteUtil.logfile=app.log, getFileNameSuffix=39
10-12 17:16:27.523 14913 14934 D LogWriteUtil.class=LogFileHandlerThread.class: 1getFilePath: logFormat=2022-10-12, LogWriteUtil.logPathDir=/custom/metro/log
10-12 17:16:27.523 14913 14934 D LogWriteUtil.class=LogFileHandlerThread.class: 2getFilePath: filePath=/custom/metro/log/2022-10-12
10-12 17:16:27.523 14913 14934 D LogWriteUtil.class=LogFileHandlerThread.class: getFileNameSuffix: file=/custom/metro/log/2022-10-12
10-12 17:16:27.524 14913 14934 D LogWriteUtil.class=LogFileHandlerThread.class: 3getCurrentFileName: logFileName=app39.log
10-12 17:16:27.524 14913 14934 D LogWriteUtil.class=LogFileHandlerThread.class: 1getCurrentFileName: LogWriteUtil.logfile=app.log
10-12 17:16:27.525 14913 14934 D LogWriteUtil.class=LogFileHandlerThread.class: 1getFilePath: logFormat=2022-10-12, LogWriteUtil.logPathDir=/custom/metro/log
10-12 17:16:27.525 14913 14934 D LogWriteUtil.class=LogFileHandlerThread.class: 2getFilePath: filePath=/custom/metro/log/2022-10-12
10-12 17:16:27.525 14913 14934 D LogWriteUtil.class=LogFileHandlerThread.class: getFileNameSuffix: file=/custom/metro/log/2022-10-12
10-12 17:16:27.525 14913 14934 D LogWriteUtil.class=LogFileHandlerThread.class: 2getCurrentFileName: index=3, LogWriteUtil.logfile=app.log, getFileNameSuffix=39
10-12 17:16:27.526 14913 14934 D LogWriteUtil.class=LogFileHandlerThread.class: 1getFilePath: logFormat=2022-10-12, LogWriteUtil.logPathDir=/custom/metro/log
10-12 17:16:27.526 14913 14934 D LogWriteUtil.class=LogFileHandlerThread.class: 2getFilePath: filePath=/custom/metro/log/2022-10-12
10-12 17:16:27.526 14913 14934 D LogWriteUtil.class=LogFileHandlerThread.class: getFileNameSuffix: file=/custom/metro/log/2022-10-12
10-12 17:16:27.527 14913 14934 D LogWriteUtil.class=LogFileHandlerThread.class: 3getCurrentFileName: logFileName=app39.log
10-12 17:16:27.527 14913 14934 D TAG     : 2,initFile: /custom/metro/log/2022-10-12/app39.log, logFile.length=0, getCurrentFileName()=app39.log, writeFileName=/custom/metro/log/2022-10-12/app38.log
10-12 17:16:27.527 14913 14934 D LogWriteUtil.class=LogFileHandlerThread.class: 8,initFile: logFile=/custom/metro/log/2022-10-12/app39.log, logFile.length=0
10-12 17:16:27.556 14913 14989 D UdpDisServices: udp receive - api receive data disApi, udp service id=248  - udp.packet.address=/172.2.208.8, udp.pack.socketAddress=/172.2.208.8:64002, udp.port=64002- running=true - message={"MsgSeqID":87914,"MsgName":"GetStationATSRsp","MsgInfo":{"Code":10011,"StationATSInfos":[{"TrainGroupNumber":"212","ServiceNumber":"000","TrainCrewNumber":"000","TrainPosition":"1","TrainRunningPosition":"1","RailName":"T1306","StationID":"013","TerminalStationID":"000","DestinationID":"000"},{"TrainGroupNumber":"202","ServiceNumber":"000","TrainCrewNumber":"000","TrainPosition":"1","TrainRunningPosition":"2","RailName":"T1303","StationID":"013","TerminalStationID":"000","DestinationID":"000"},{"TrainGroupNumber":"299","ServiceNumber":"801","TrainCrewNumber":"000","TrainPosition":"1","TrainRunningPosition":"2","RailName":"T1301","StationID":"013","TerminalStationID":"000","DestinationID":"000"},{"TrainGroupNumber":"201","ServiceNumber":"000","TrainCrewNumber":"000","TrainPosition":"1","TrainRunningPosition":"1","RailName":"T1304","StationID":"013","TerminalStationID":"000","DestinationID":"000"}]}}
10-12 17:16:27.557 14913 14989 I APP_LogUtils.kt: [(LogUtils.kt:50).i()] [UdpDisServices] udp receive - api receive data disApi, udp service id=248 - running=true  - ip=/172.2.208.8 - port=64002 - message={"MsgSeqID":87914,"MsgName":"GetStationATSRsp","MsgInfo":{"Code":10011,"StationATSInfos":[{"TrainGroupNumber":"212","ServiceNumber":"000","TrainCrewNumber":"000","TrainPosition":"1","TrainRunningPosition":"1","RailName":"T1306","StationID":"013","TerminalStationID":"000","DestinationID":"000"},{"TrainGroupNumber":"202","ServiceNumber":"000","TrainCrewNumber":"000","TrainPosition":"1","TrainRunningPosition":"2","RailName":"T1303","StationID":"013","TerminalStationID":"000","DestinationID":"000"},{"TrainGroupNumber":"299","ServiceNumber":"801","TrainCrewNumber":"000","TrainPosition":"1","TrainRunningPosition":"2","RailName":"T1301","StationID":"013","TerminalStationID":"000","DestinationID":"000"},{"TrainGroupNumber":"201","ServiceNumber":"000","TrainCrewNumber":"000","TrainPosition":"1","TrainRunningPosition":"1","RailName":"T1304","StationID":"013","TerminalStationID":"000","DestinationID":"000"}]}}
10-12 17:16:27.558 14913 14913 D MainActivity: onMessageEvent  -- gginit: disApi, id=1---event={"MsgSeqID":87914,"MsgName":"GetStationATSRsp","MsgInfo":{"Code":10011,"StationATSInfos":[{"TrainGroupNumber":"212","ServiceNumber":"000","TrainCrewNumber":"000","TrainPosition":"1","TrainRunningPosition":"1","RailName":"T1306","StationID":"013","TerminalStationID":"000","DestinationID":"000"},{"TrainGroupNumber":"202","ServiceNumber":"000","TrainCrewNumber":"000","TrainPosition":"1","TrainRunningPosition":"2","RailName":"T1303","StationID":"013","TerminalStationID":"000","DestinationID":"000"},{"TrainGroupNumber":"299","ServiceNumber":"801","TrainCrewNumber":"000","TrainPosition":"1","TrainRunningPosition":"2","RailName":"T1301","StationID":"013","TerminalStationID":"000","DestinationID":"000"},{"TrainGroupNumber":"201","ServiceNumber":"000","TrainCrewNumber":"000","TrainPosition":"1","TrainRunningPosition":"1","RailName":"T1304","StationID":"013","TerminalStationID":"000","DestinationID":"000"}]}}
10-12 17:16:27.558 14913 14913 D MainViewModel: 1processDisApi: disApi, id=1
10-12 17:16:27.558 14913 14934 D LogWriteUtil.class=LogFileHandlerThread.class: 1getFilePath: logFormat=2022-10-12, LogWriteUtil.logPathDir=/custom/metro/log
10-12 17:16:27.558 14913 14934 D LogWriteUtil.class=LogFileHandlerThread.class: 2getFilePath: filePath=/custom/metro/log/2022-10-12
10-12 17:16:27.558 14913 14934 D LogWriteUtil.class=LogFileHandlerThread.class: 1getCurrentFileName: LogWriteUtil.logfile=app.log
10-12 17:16:27.559 14913 14934 D LogWriteUtil.class=LogFileHandlerThread.class: 1getFilePath: logFormat=2022-10-12, LogWriteUtil.logPathDir=/custom/metro/log
10-12 17:16:27.559 14913 14934 D LogWriteUtil.class=LogFileHandlerThread.class: 2getFilePath: filePath=/custom/metro/log/2022-10-12
10-12 17:16:27.559 14913 14934 D LogWriteUtil.class=LogFileHandlerThread.class: getFileNameSuffix: file=/custom/metro/log/2022-10-12
10-12 17:16:27.560 14913 15009 D DisApiSingletonReceive: processingData: disApi, id=260 - data={"MsgSeqID":87914,"MsgName":"GetStationATSRsp","MsgInfo":{"Code":10011,"StationATSInfos":[{"TrainGroupNumber":"212","ServiceNumber":"000","TrainCrewNumber":"000","TrainPosition":"1","TrainRunningPosition":"1","RailName":"T1306","StationID":"013","TerminalStationID":"000","DestinationID":"000"},{"TrainGroupNumber":"202","ServiceNumber":"000","TrainCrewNumber":"000","TrainPosition":"1","TrainRunningPosition":"2","RailName":"T1303","StationID":"013","TerminalStationID":"000","DestinationID":"000"},{"TrainGroupNumber":"299","ServiceNumber":"801","TrainCrewNumber":"000","TrainPosition":"1","TrainRunningPosition":"2","RailName":"T1301","StationID":"013","TerminalStationID":"000","DestinationID":"000"},{"TrainGroupNumber":"201","ServiceNumber":"000","TrainCrewNumber":"000","TrainPosition":"1","TrainRunningPosition":"1","RailName":"T1304","StationID":"013","TerminalStationID":"000","DestinationID":"000"}]}}
10-12 17:16:27.560 14913 14934 D LogWriteUtil.class=LogFileHandlerThread.class: 2getCurrentFileName: index=3, LogWriteUtil.logfile=app.log, getFileNameSuffix=39
10-12 17:16:27.560 14913 14934 D LogWriteUtil.class=LogFileHandlerThread.class: 1getFilePath: logFormat=2022-10-12, LogWriteUtil.logPathDir=/custom/metro/log
10-12 17:16:27.561 14913 14934 D LogWriteUtil.class=LogFileHandlerThread.class: 2getFilePath: filePath=/custom/metro/log/2022-10-12
10-12 17:16:27.561 14913 14934 D LogWriteUtil.class=LogFileHandlerThread.class: getFileNameSuffix: file=/custom/metro/log/2022-10-12
10-12 17:16:27.561 14913 14934 D LogWriteUtil.class=LogFileHandlerThread.class: 3getCurrentFileName: logFileName=app39.log
10-12 17:16:27.561 14913 14934 D LogWriteUtil.class=LogFileHandlerThread.class: 1,initFile: getFilePath()=/custom/metro/log/2022-10-12, getCurrentFileName=app39.log
10-12 17:16:27.562 14913 14934 D LogWriteUtil.class=LogFileHandlerThread.class: 1getFilePath: logFormat=2022-10-12, LogWriteUtil.logPathDir=/custom/metro/log
10-12 17:16:27.562 14913 14934 D LogWriteUtil.class=LogFileHandlerThread.class: 2getFilePath: filePath=/custom/metro/log/2022-10-12
10-12 17:16:27.562 14913 14934 D LogWriteUtil.class=LogFileHandlerThread.class: 1getCurrentFileName: LogWriteUtil.logfile=app.log
10-12 17:16:27.564 14913 14934 D LogWriteUtil.class=LogFileHandlerThread.class: 1getFilePath: logFormat=2022-10-12, LogWriteUtil.logPathDir=/custom/metro/log
10-12 17:16:27.564 14913 14934 D LogWriteUtil.class=LogFileHandlerThread.class: 2getFilePath: filePath=/custom/metro/log/2022-10-12
10-12 17:16:27.564 14913 14934 D LogWriteUtil.class=LogFileHandlerThread.class: getFileNameSuffix: file=/custom/metro/log/2022-10-12
10-12 17:16:27.564 14913 14934 D LogWriteUtil.class=LogFileHandlerThread.class: 2getCurrentFileName: index=3, LogWriteUtil.logfile=app.log, getFileNameSuffix=39
10-12 17:16:27.565 14913 14934 D LogWriteUtil.class=LogFileHandlerThread.class: 1getFilePath: logFormat=2022-10-12, LogWriteUtil.logPathDir=/custom/metro/log
10-12 17:16:27.565 14913 14934 D LogWriteUtil.class=LogFileHandlerThread.class: 2getFilePath: filePath=/custom/metro/log/2022-10-12
10-12 17:16:27.565 14913 14934 D LogWriteUtil.class=LogFileHandlerThread.class: getFileNameSuffix: file=/custom/metro/log/2022-10-12
10-12 17:16:27.566 14913 14934 D LogWriteUtil.class=LogFileHandlerThread.class: 3getCurrentFileName: logFileName=app39.log
10-12 17:16:27.566 14913 14934 D LogWriteUtil.class=LogFileHandlerThread.class: 1getCurrentFileName: LogWriteUtil.logfile=app.log
10-12 17:16:27.567 14913 14934 D LogWriteUtil.class=LogFileHandlerThread.class: 1getFilePath: logFormat=2022-10-12, LogWriteUtil.logPathDir=/custom/metro/log
10-12 17:16:27.567 14913 14934 D LogWriteUtil.class=LogFileHandlerThread.class: 2getFilePath: filePath=/custom/metro/log/2022-10-12
10-12 17:16:27.567 14913 14934 D LogWriteUtil.class=LogFileHandlerThread.class: getFileNameSuffix: file=/custom/metro/log/2022-10-12
10-12 17:16:27.568 14913 14934 D LogWriteUtil.class=LogFileHandlerThread.class: 2getCurrentFileName: index=3, LogWriteUtil.logfile=app.log, getFileNameSuffix=39
10-12 17:16:27.568 14913 14934 D LogWriteUtil.class=LogFileHandlerThread.class: 1getFilePath: logFormat=2022-10-12, LogWriteUtil.logPathDir=/custom/metro/log
10-12 17:16:27.569 14913 14934 D LogWriteUtil.class=LogFileHandlerThread.class: 2getFilePath: filePath=/custom/metro/log/2022-10-12
10-12 17:16:27.569 14913 14934 D LogWriteUtil.class=LogFileHandlerThread.class: getFileNameSuffix: file=/custom/metro/log/2022-10-12
10-12 17:16:27.569 14913 14934 D LogWriteUtil.class=LogFileHandlerThread.class: 3getCurrentFileName: logFileName=app39.log
10-12 17:16:27.569 14913 14934 D TAG     : 2,initFile: /custom/metro/log/2022-10-12/app39.log, logFile.length=0, getCurrentFileName()=app39.log, writeFileName=/custom/metro/log/2022-10-12/app38.log
10-12 17:16:27.569 14913 14934 D LogWriteUtil.class=LogFileHandlerThread.class: 8,initFile: logFile=/custom/metro/log/2022-10-12/app39.log, logFile.length=0
10-12 17:16:27.571 14913 15009 D DisApiSingletonReceive: parseStationAtsData: atsInfo=com.gbcom.library_base.data.StationAtsApiData@7a727fe
10-12 17:16:27.572 14913 15009 D BtrunCConfig: isR2Nubmer is true
10-12 17:16:27.572 14913 15009 D com.ztegota.system.GotaSystem: getMdn +866022013
10-12 17:16:27.572 14913 15009 D TAG     : getUserId: userId2=+866022013
10-12 17:16:27.572 14913 15009 D BtrunCConfig: isR2Nubmer is true
10-12 17:16:27.572 14913 15009 D com.ztegota.system.GotaSystem: getMdn +866022013
10-12 17:16:27.572 14913 15009 D TAG     : getUserId: userId2=+866022013
10-12 17:16:27.572 14913 15009 D BtrunCConfig: isR2Nubmer is true
10-12 17:16:27.572 14913 15009 D com.ztegota.system.GotaSystem: getMdn +866022013
10-12 17:16:27.572 14913 15009 D TAG     : getUserId: userId2=+866022013
10-12 17:16:27.572 14913 15009 D BtrunCConfig: isR2Nubmer is true
10-12 17:16:27.572 14913 15009 D com.ztegota.system.GotaSystem: getMdn +866022013
10-12 17:16:27.572 14913 15009 D TAG     : getUserId: userId2=+866022013
10-12 17:16:27.591 14913 14913 D IndexFragment: initView: applyFxData() - ats=[StationAts(createTime=1665566187, trainGroupNumber=212, serviceNumber=000, trainCrewNumber=000, trainPosition=1, trainRunningPosition=1, railName=T1306, stationID=013, terminalStationID=000, destinationID=000, identityID=+866022013), StationAts(createTime=1665566187, trainGroupNumber=202, serviceNumber=000, trainCrewNumber=000, trainPosition=1, trainRunningPosition=2, railName=T1303, stationID=013, terminalStationID=000, destinationID=000, identityID=+866022013), StationAts(createTime=1665566187, trainGroupNumber=299, serviceNumber=801, trainCrewNumber=000, trainPosition=1, trainRunningPosition=2, railName=T1301, stationID=013, terminalStationID=000, destinationID=000, identityID=+866022013), StationAts(createTime=1665566187, trainGroupNumber=201, serviceNumber=000, trainCrewNumber=000, trainPosition=1, trainRunningPosition=1, railName=T1304, stationID=013, terminalStationID=000, destinationID=000, identityID=+866022013)]
10-12 17:16:27.614   672   672 I cnss-daemon: RTM_NEWNEIGH message received: 28
10-12 17:16:27.614   672   672 E cnss-daemon: Stale or unreachable neighbors, ndm state: 4
10-12 17:16:27.822 14913 15009 D MainViewModel: getSystemTime_currentThreadID2: 260
10-12 17:16:27.826 14913 15007 D TAG     : getSystemTime_currentThreadID3s: 258, isActive=true
10-12 17:16:28.200 14913 14971 I rilj    : EMCI Detial(CellId--->Tav): 5889,255,2,"46009",255,65535,59,65535,255,255,50,27,16,255,1202590897205,0,0,0,0,0,0,0,0
10-12 17:16:28.200 14913 14971 D LTERILJ : [UNSL]< RIL_UNSOL_NOTIFY_EMCI_DETAIL
10-12 17:16:28.201 14913 14968 D LTEPhone: EVENT_FOR_EMCI_DETAIL
10-12 17:16:28.202 14913 14968 D LTEServiceTracker: setCellId cellId:5889,"46009"
10-12 17:16:28.204 14913 14913 I APP_LogUtils.kt: [(LogUtils.kt:50).i()] [com.gbcom.library_base.service.LLteService] lte_resp_sys_for_emci_detail - EmciDetail=com.ztegota.system.common.EmciDetail@47c8e7b
10-12 17:16:28.207 14913 14934 D LogWriteUtil.class=LogFileHandlerThread.class: 1getFilePath: logFormat=2022-10-12, LogWriteUtil.logPathDir=/custom/metro/log
10-12 17:16:28.207 14913 14934 D LogWriteUtil.class=LogFileHandlerThread.class: 2getFilePath: filePath=/custom/metro/log/2022-10-12
10-12 17:16:28.207 14913 14934 D LogWriteUtil.class=LogFileHandlerThread.class: 1getCurrentFileName: LogWriteUtil.logfile=app.log
10-12 17:16:28.209 14913 14934 D LogWriteUtil.class=LogFileHandlerThread.class: 1getFilePath: logFormat=2022-10-12, LogWriteUtil.logPathDir=/custom/metro/log
10-12 17:16:28.209 14913 14934 D LogWriteUtil.class=LogFileHandlerThread.class: 2getFilePath: filePath=/custom/metro/log/2022-10-12
10-12 17:16:28.209 14913 14934 D LogWriteUtil.class=LogFileHandlerThread.class: getFileNameSuffix: file=/custom/metro/log/2022-10-12
10-12 17:16:28.211 14913 14934 D LogWriteUtil.class=LogFileHandlerThread.class: 2getCurrentFileName: index=3, LogWriteUtil.logfile=app.log, getFileNameSuffix=39
10-12 17:16:28.212 14913 14934 D LogWriteUtil.class=LogFileHandlerThread.class: 1getFilePath: logFormat=2022-10-12, LogWriteUtil.logPathDir=/custom/metro/log
10-12 17:16:28.213 14913 14934 D LogWriteUtil.class=LogFileHandlerThread.class: 2getFilePath: filePath=/custom/metro/log/2022-10-12
10-12 17:16:28.213 14913 14934 D LogWriteUtil.class=LogFileHandlerThread.class: getFileNameSuffix: file=/custom/metro/log/2022-10-12
10-12 17:16:28.215 14913 14934 D LogWriteUtil.class=LogFileHandlerThread.class: 3getCurrentFileName: logFileName=app39.log
10-12 17:16:28.215 14913 14934 D LogWriteUtil.class=LogFileHandlerThread.class: 1,initFile: getFilePath()=/custom/metro/log/2022-10-12, getCurrentFileName=app39.log
10-12 17:16:28.217 14913 14934 D LogWriteUtil.class=LogFileHandlerThread.class: 1getFilePath: logFormat=2022-10-12, LogWriteUtil.logPathDir=/custom/metro/log
10-12 17:16:28.217 14913 14934 D LogWriteUtil.class=LogFileHandlerThread.class: 2getFilePath: filePath=/custom/metro/log/2022-10-12
10-12 17:16:28.217 14913 14934 D LogWriteUtil.class=LogFileHandlerThread.class: 1getCurrentFileName: LogWriteUtil.logfile=app.log
10-12 17:16:28.219 14913 14934 D LogWriteUtil.class=LogFileHandlerThread.class: 1getFilePath: logFormat=2022-10-12, LogWriteUtil.logPathDir=/custom/metro/log
10-12 17:16:28.219 14913 14934 D LogWriteUtil.class=LogFileHandlerThread.class: 2getFilePath: filePath=/custom/metro/log/2022-10-12
10-12 17:16:28.219 14913 14934 D LogWriteUtil.class=LogFileHandlerThread.class: getFileNameSuffix: file=/custom/metro/log/2022-10-12
10-12 17:16:28.221 14913 14934 D LogWriteUtil.class=LogFileHandlerThread.class: 2getCurrentFileName: index=3, LogWriteUtil.logfile=app.log, getFileNameSuffix=39
10-12 17:16:28.222 14913 14934 D LogWriteUtil.class=LogFileHandlerThread.class: 1getFilePath: logFormat=2022-10-12, LogWriteUtil.logPathDir=/custom/metro/log
10-12 17:16:28.222 14913 14934 D LogWriteUtil.class=LogFileHandlerThread.class: 2getFilePath: filePath=/custom/metro/log/2022-10-12
10-12 17:16:28.223 14913 14934 D LogWriteUtil.class=LogFileHandlerThread.class: getFileNameSuffix: file=/custom/metro/log/2022-10-12
10-12 17:16:28.225 14913 14934 D LogWriteUtil.class=LogFileHandlerThread.class: 3getCurrentFileName: logFileName=app39.log
10-12 17:16:28.225 14913 14934 D LogWriteUtil.class=LogFileHandlerThread.class: 1getCurrentFileName: LogWriteUtil.logfile=app.log
10-12 17:16:28.227 14913 14934 D LogWriteUtil.class=LogFileHandlerThread.class: 1getFilePath: logFormat=2022-10-12, LogWriteUtil.logPathDir=/custom/metro/log
10-12 17:16:28.227 14913 14934 D LogWriteUtil.class=LogFileHandlerThread.class: 2getFilePath: filePath=/custom/metro/log/2022-10-12
10-12 17:16:28.227 14913 14934 D LogWriteUtil.class=LogFileHandlerThread.class: getFileNameSuffix: file=/custom/metro/log/2022-10-12
10-12 17:16:28.229 14913 14934 D LogWriteUtil.class=LogFileHandlerThread.class: 2getCurrentFileName: index=3, LogWriteUtil.logfile=app.log, getFileNameSuffix=39
10-12 17:16:28.230 14913 14934 D LogWriteUtil.class=LogFileHandlerThread.class: 1getFilePath: logFormat=2022-10-12, LogWriteUtil.logPathDir=/custom/metro/log
10-12 17:16:28.231 14913 14934 D LogWriteUtil.class=LogFileHandlerThread.class: 2getFilePath: filePath=/custom/metro/log/2022-10-12
10-12 17:16:28.231 14913 14934 D LogWriteUtil.class=LogFileHandlerThread.class: getFileNameSuffix: file=/custom/metro/log/2022-10-12
10-12 17:16:28.232 14913 14934 D LogWriteUtil.class=LogFileHandlerThread.class: 3getCurrentFileName: logFileName=app39.log
10-12 17:16:28.233 14913 14934 D TAG     : 2,initFile: /custom/metro/log/2022-10-12/app39.log, logFile.length=0, getCurrentFileName()=app39.log, writeFileName=/custom/metro/log/2022-10-12/app38.log
10-12 17:16:28.234 14913 14934 D LogWriteUtil.class=LogFileHandlerThread.class: 8,initFile: logFile=/custom/metro/log/2022-10-12/app39.log, logFile.length=0
10-12 17:16:28.327 14913 14989 D UdpDisServices: udp receive - api receive data disApi, udp service id=248  - udp.packet.address=/172.2.208.8, udp.pack.socketAddress=/172.2.208.8:64002, udp.port=64002- running=true - message={"MsgSeqID":87900,"MsgName":"GetStationATSRsp","MsgInfo":{"Code":10011,"StationATSInfos":[{"TrainGroupNumber":"212","ServiceNumber":"000","TrainCrewNumber":"000","TrainPosition":"1","TrainRunningPosition":"1","RailName":"T1306","StationID":"013","TerminalStationID":"000","DestinationID":"000"},{"TrainGroupNumber":"202","ServiceNumber":"000","TrainCrewNumber":"000","TrainPosition":"1","TrainRunningPosition":"2","RailName":"T1303","StationID":"013","TerminalStationID":"000","DestinationID":"000"},{"TrainGroupNumber":"299","ServiceNumber":"801","TrainCrewNumber":"000","TrainPosition":"1","TrainRunningPosition":"2","RailName":"T1301","StationID":"013","TerminalStationID":"000","DestinationID":"000"},{"TrainGroupNumber":"201","ServiceNumber":"000","TrainCrewNumber":"000","TrainPosition":"1","TrainRunningPosition":"1","RailName":"T1304","StationID":"013","TerminalStationID":"000","DestinationID":"000"}]}}
10-12 17:16:28.330 14913 15007 D MainViewModel: getSystemTime_currentThreadID2: 258
10-12 17:16:28.330 14913 14989 I APP_LogUtils.kt: [(LogUtils.kt:50).i()] [UdpDisServices] udp receive - api receive data disApi, udp service id=248 - running=true  - ip=/172.2.208.8 - port=64002 - message={"MsgSeqID":87900,"MsgName":"GetStationATSRsp","MsgInfo":{"Code":10011,"StationATSInfos":[{"TrainGroupNumber":"212","ServiceNumber":"000","TrainCrewNumber":"000","TrainPosition":"1","TrainRunningPosition":"1","RailName":"T1306","StationID":"013","TerminalStationID":"000","DestinationID":"000"},{"TrainGroupNumber":"202","ServiceNumber":"000","TrainCrewNumber":"000","TrainPosition":"1","TrainRunningPosition":"2","RailName":"T1303","StationID":"013","TerminalStationID":"000","DestinationID":"000"},{"TrainGroupNumber":"299","ServiceNumber":"801","TrainCrewNumber":"000","TrainPosition":"1","TrainRunningPosition":"2","RailName":"T1301","StationID":"013","TerminalStationID":"000","DestinationID":"000"},{"TrainGroupNumber":"201","ServiceNumber":"000","TrainCrewNumber":"000","TrainPosition":"1","TrainRunningPosition":"1","RailName":"T1304","StationID":"013","TerminalStationID":"000","DestinationID":"000"}]}}
10-12 17:16:28.333 14913 14934 D LogWriteUtil.class=LogFileHandlerThread.class: 1getFilePath: logFormat=2022-10-12, LogWriteUtil.logPathDir=/custom/metro/log
10-12 17:16:28.334 14913 14934 D LogWriteUtil.class=LogFileHandlerThread.class: 2getFilePath: filePath=/custom/metro/log/2022-10-12
10-12 17:16:28.335 14913 14968 D LoopTimer: handleMessage 0,timeinterval:20000,started:true,mTickCallback:com.ztegota.system.lte.CSQRequestor$3@5a73f6e
10-12 17:16:28.335 14913 14968 D LoopTimer: beginRequest()..., onTick()
10-12 17:16:28.336 14913 14968 D PTTRequestor: PTTRequestor beginRequest...
10-12 17:16:28.336 14913 14968 D LTERILJ : requestLteSignal!
