10-11 16:58:46.815  5501  5603 I APP_LogUtils.kt: [(LogUtils.kt:50).i()] [UdpDisServices] start: send(String) - thread ID=106, send msg={"MsgName":"GetStationATSReq","MsgSeqID":30,"AppID":"172.2.200.12","MsgInfo":{}}
10-11 16:58:46.817  5501  5603 D UdpDcRepository: api send - Thread ID=106, obj={"MsgName":"AppHeartbeat","MsgSeqID":31,"AppID":"172.2.200.12","MsgInfo":{"SDKLongNumber":"+866022012"}}
10-11 16:58:46.818  5501  5522 D LogWriteUtil.class=LogFileHandlerThread.class: 1getFilePath: logFormat=2022-10-11, LogWriteUtil.logPathDir=/custom/metro/log
10-11 16:58:46.818  5501  5522 D LogWriteUtil.class=LogFileHandlerThread.class: 2getFilePath: filePath=/custom/metro/log/2022-10-11
10-11 16:58:46.818  5501  5522 D LogWriteUtil.class=LogFileHandlerThread.class: 1getCurrentFileName: LogWriteUtil.logfile=app.log
10-11 16:58:46.820  5501  5522 D LogWriteUtil.class=LogFileHandlerThread.class: 1getFilePath: logFormat=2022-10-11, LogWriteUtil.logPathDir=/custom/metro/log
10-11 16:58:46.820  5501  5522 D LogWriteUtil.class=LogFileHandlerThread.class: 2getFilePath: filePath=/custom/metro/log/2022-10-11
10-11 16:58:46.821  5501  5522 D LogWriteUtil.class=LogFileHandlerThread.class: getFileNameSuffix: file=/custom/metro/log/2022-10-11
10-11 16:58:46.822  5501  5522 D LogWriteUtil.class=LogFileHandlerThread.class: 2getCurrentFileName: index=3, LogWriteUtil.logfile=app.log, getFileNameSuffix=14
10-11 16:58:46.824  5501  5603 I APP_LogUtils.kt: [(LogUtils.kt:50).i()] [UdpDisServices] start: send(String) - thread ID=106, send msg={"MsgName":"AppHeartbeat","MsgSeqID":31,"AppID":"172.2.200.12","MsgInfo":{"SDKLongNumber":"+866022012"}}
10-11 16:58:46.824  5501  5522 D LogWriteUtil.class=LogFileHandlerThread.class: 1getFilePath: logFormat=2022-10-11, LogWriteUtil.logPathDir=/custom/metro/log
10-11 16:58:46.824  5501  5522 D LogWriteUtil.class=LogFileHandlerThread.class: 2getFilePath: filePath=/custom/metro/log/2022-10-11
10-11 16:58:46.825  5501  5522 D LogWriteUtil.class=LogFileHandlerThread.class: getFileNameSuffix: file=/custom/metro/log/2022-10-11
10-11 16:58:46.826  5501  5522 D LogWriteUtil.class=LogFileHandlerThread.class: 3getCurrentFileName: logFileName=app14.log
10-11 16:58:46.826  5501  5522 D LogWriteUtil.class=LogFileHandlerThread.class: 1,initFile: getFilePath()=/custom/metro/log/2022-10-11, getCurrentFileName=app14.log
10-11 16:58:46.827  5501  5522 D LogWriteUtil.class=LogFileHandlerThread.class: 1getFilePath: logFormat=2022-10-11, LogWriteUtil.logPathDir=/custom/metro/log
10-11 16:58:46.828  5501  5522 D LogWriteUtil.class=LogFileHandlerThread.class: 2getFilePath: filePath=/custom/metro/log/2022-10-11
10-11 16:58:46.828  5501  5522 D LogWriteUtil.class=LogFileHandlerThread.class: 1getCurrentFileName: LogWriteUtil.logfile=app.log
10-11 16:58:46.829  5501  5522 D LogWriteUtil.class=LogFileHandlerThread.class: 1getFilePath: logFormat=2022-10-11, LogWriteUtil.logPathDir=/custom/metro/log
10-11 16:58:46.829  5501  5522 D LogWriteUtil.class=LogFileHandlerThread.class: 2getFilePath: filePath=/custom/metro/log/2022-10-11
10-11 16:58:46.830  5501  5522 D LogWriteUtil.class=LogFileHandlerThread.class: getFileNameSuffix: file=/custom/metro/log/2022-10-11
10-11 16:58:46.830  5501  5522 D LogWriteUtil.class=LogFileHandlerThread.class: 2getCurrentFileName: index=3, LogWriteUtil.logfile=app.log, getFileNameSuffix=14
10-11 16:58:46.832  5501  5522 D LogWriteUtil.class=LogFileHandlerThread.class: 1getFilePath: logFormat=2022-10-11, LogWriteUtil.logPathDir=/custom/metro/log
10-11 16:58:46.832  5501  5522 D LogWriteUtil.class=LogFileHandlerThread.class: 2getFilePath: filePath=/custom/metro/log/2022-10-11
10-11 16:58:46.834  5501  5522 D LogWriteUtil.class=LogFileHandlerThread.class: getFileNameSuffix: file=/custom/metro/log/2022-10-11
10-11 16:58:46.836  5501  5522 D LogWriteUtil.class=LogFileHandlerThread.class: 3getCurrentFileName: logFileName=app14.log
10-11 16:58:46.836  5501  5522 D LogWriteUtil.class=LogFileHandlerThread.class: 1getCurrentFileName: LogWriteUtil.logfile=app.log
10-11 16:58:46.837  5501  5522 D LogWriteUtil.class=LogFileHandlerThread.class: 1getFilePath: logFormat=2022-10-11, LogWriteUtil.logPathDir=/custom/metro/log
10-11 16:58:46.838  5501  5522 D LogWriteUtil.class=LogFileHandlerThread.class: 2getFilePath: filePath=/custom/metro/log/2022-10-11
10-11 16:58:46.838  5501  5522 D LogWriteUtil.class=LogFileHandlerThread.class: getFileNameSuffix: file=/custom/metro/log/2022-10-11
10-11 16:58:46.839  5501  5522 D LogWriteUtil.class=LogFileHandlerThread.class: 2getCurrentFileName: index=3, LogWriteUtil.logfile=app.log, getFileNameSuffix=14
10-11 16:58:46.840  5501  5522 D LogWriteUtil.class=LogFileHandlerThread.class: 1getFilePath: logFormat=2022-10-11, LogWriteUtil.logPathDir=/custom/metro/log
10-11 16:58:46.840  5501  5522 D LogWriteUtil.class=LogFileHandlerThread.class: 2getFilePath: filePath=/custom/metro/log/2022-10-11
10-11 16:58:46.841  5501  5522 D LogWriteUtil.class=LogFileHandlerThread.class: getFileNameSuffix: file=/custom/metro/log/2022-10-11
10-11 16:58:46.841  5501  5522 D LogWriteUtil.class=LogFileHandlerThread.class: 3getCurrentFileName: logFileName=app14.log
10-11 16:58:46.842  5501  5522 D TAG     : 2,initFile: /custom/metro/log/2022-10-11/app14.log, logFile.length=0, getCurrentFileName()=app14.log, writeFileName=/custom/metro/log/2022-10-11/app13.log
10-11 16:58:46.842  5501  5522 D LogWriteUtil.class=LogFileHandlerThread.class: 8,initFile: logFile=/custom/metro/log/2022-10-11/app14.log, logFile.length=0
10-11 16:58:46.845  5501  5522 D LogWriteUtil.class=LogFileHandlerThread.class: 1getFilePath: logFormat=2022-10-11, LogWriteUtil.logPathDir=/custom/metro/log
10-11 16:58:46.845  5501  5522 D LogWriteUtil.class=LogFileHandlerThread.class: 2getFilePath: filePath=/custom/metro/log/2022-10-11
10-11 16:58:46.846  5501  5522 D LogWriteUtil.class=LogFileHandlerThread.class: 1getCurrentFileName: LogWriteUtil.logfile=app.log
10-11 16:58:46.848  5501  5522 D LogWriteUtil.class=LogFileHandlerThread.class: 1getFilePath: logFormat=2022-10-11, LogWriteUtil.logPathDir=/custom/metro/log
10-11 16:58:46.849  5501  5501 D MainActivity: updateSignalIcon: signal=4
10-11 16:58:46.849  5501  5522 D LogWriteUtil.class=LogFileHandlerThread.class: 2getFilePath: filePath=/custom/metro/log/2022-10-11
10-11 16:58:46.849  5501  5522 D LogWriteUtil.class=LogFileHandlerThread.class: getFileNameSuffix: file=/custom/metro/log/2022-10-11
10-11 16:58:46.850  5501  5522 D LogWriteUtil.class=LogFileHandlerThread.class: 2getCurrentFileName: index=3, LogWriteUtil.logfile=app.log, getFileNameSuffix=14
10-11 16:58:46.851  5501  5522 D LogWriteUtil.class=LogFileHandlerThread.class: 1getFilePath: logFormat=2022-10-11, LogWriteUtil.logPathDir=/custom/metro/log
10-11 16:58:46.851  5501  5522 D LogWriteUtil.class=LogFileHandlerThread.class: 2getFilePath: filePath=/custom/metro/log/2022-10-11
10-11 16:58:46.852  5501  5522 D LogWriteUtil.class=LogFileHandlerThread.class: getFileNameSuffix: file=/custom/metro/log/2022-10-11
10-11 16:58:46.853  5501  5522 D LogWriteUtil.class=LogFileHandlerThread.class: 3getCurrentFileName: logFileName=app14.log
10-11 16:58:46.853  5501  5522 D LogWriteUtil.class=LogFileHandlerThread.class: 1,initFile: getFilePath()=/custom/metro/log/2022-10-11, getCurrentFileName=app14.log
10-11 16:58:46.854  5501  5522 D LogWriteUtil.class=LogFileHandlerThread.class: 1getFilePath: logFormat=2022-10-11, LogWriteUtil.logPathDir=/custom/metro/log
10-11 16:58:46.855  5501  5522 D LogWriteUtil.class=LogFileHandlerThread.class: 2getFilePath: filePath=/custom/metro/log/2022-10-11
10-11 16:58:46.855  5501  5522 D LogWriteUtil.class=LogFileHandlerThread.class: 1getCurrentFileName: LogWriteUtil.logfile=app.log
10-11 16:58:46.856  5501  5522 D LogWriteUtil.class=LogFileHandlerThread.class: 1getFilePath: logFormat=2022-10-11, LogWriteUtil.logPathDir=/custom/metro/log
10-11 16:58:46.856  5501  5522 D LogWriteUtil.class=LogFileHandlerThread.class: 2getFilePath: filePath=/custom/metro/log/2022-10-11
10-11 16:58:46.856  5501  5522 D LogWriteUtil.class=LogFileHandlerThread.class: getFileNameSuffix: file=/custom/metro/log/2022-10-11
10-11 16:58:46.856  5501  5522 D LogWriteUtil.class=LogFileHandlerThread.class: 2getCurrentFileName: index=3, LogWriteUtil.logfile=app.log, getFileNameSuffix=14
10-11 16:58:46.857  5501  5522 D LogWriteUtil.class=LogFileHandlerThread.class: 1getFilePath: logFormat=2022-10-11, LogWriteUtil.logPathDir=/custom/metro/log
10-11 16:58:46.857  5501  5522 D LogWriteUtil.class=LogFileHandlerThread.class: 2getFilePath: filePath=/custom/metro/log/2022-10-11
10-11 16:58:46.857  5501  5522 D LogWriteUtil.class=LogFileHandlerThread.class: getFileNameSuffix: file=/custom/metro/log/2022-10-11
10-11 16:58:46.858  5501  5522 D LogWriteUtil.class=LogFileHandlerThread.class: 3getCurrentFileName: logFileName=app14.log
10-11 16:58:46.858  5501  5522 D LogWriteUtil.class=LogFileHandlerThread.class: 1getCurrentFileName: LogWriteUtil.logfile=app.log
10-11 16:58:46.859  5501  5522 D LogWriteUtil.class=LogFileHandlerThread.class: 1getFilePath: logFormat=2022-10-11, LogWriteUtil.logPathDir=/custom/metro/log
10-11 16:58:46.859  5501  5522 D LogWriteUtil.class=LogFileHandlerThread.class: 2getFilePath: filePath=/custom/metro/log/2022-10-11
10-11 16:58:46.859  5501  5522 D LogWriteUtil.class=LogFileHandlerThread.class: getFileNameSuffix: file=/custom/metro/log/2022-10-11
10-11 16:58:46.860  5501  5522 D LogWriteUtil.class=LogFileHandlerThread.class: 2getCurrentFileName: index=3, LogWriteUtil.logfile=app.log, getFileNameSuffix=14
10-11 16:58:46.861  5501  5522 D LogWriteUtil.class=LogFileHandlerThread.class: 1getFilePath: logFormat=2022-10-11, LogWriteUtil.logPathDir=/custom/metro/log
10-11 16:58:46.861  5501  5522 D LogWriteUtil.class=LogFileHandlerThread.class: 2getFilePath: filePath=/custom/metro/log/2022-10-11
10-11 16:58:46.862  5501  5522 D LogWriteUtil.class=LogFileHandlerThread.class: getFileNameSuffix: file=/custom/metro/log/2022-10-11
10-11 16:58:46.862  5501  5566 D UdpDisServices: udp receive - api receive data disApi, udp service id=86  - udp.packet.address=/172.2.208.8, udp.pack.socketAddress=/172.2.208.8:64002, udp.port=64002- running=true - message={"MsgSeqID":1255753,"MsgName":"DisReceivedNotify","MsgInfo":{"AppMsgSeqID":30,"Code":10001}}
10-11 16:58:46.862  5501  5522 D LogWriteUtil.class=LogFileHandlerThread.class: 3getCurrentFileName: logFileName=app14.log
10-11 16:58:46.862  5501  5522 D TAG     : 2,initFile: /custom/metro/log/2022-10-11/app14.log, logFile.length=0, getCurrentFileName()=app14.log, writeFileName=/custom/metro/log/2022-10-11/app13.log
10-11 16:58:46.862  5501  5522 D LogWriteUtil.class=LogFileHandlerThread.class: 8,initFile: logFile=/custom/metro/log/2022-10-11/app14.log, logFile.length=0
10-11 16:58:46.863  5501  5566 I APP_LogUtils.kt: [(LogUtils.kt:50).i()] [UdpDisServices] udp receive - api receive data disApi, udp service id=86 - running=true  - ip=/172.2.208.8 - port=64002 - message={"MsgSeqID":1255753,"MsgName":"DisReceivedNotify","MsgInfo":{"AppMsgSeqID":30,"Code":10001}}
10-11 16:58:46.865  5501  5522 D LogWriteUtil.class=LogFileHandlerThread.class: 1getFilePath: logFormat=2022-10-11, LogWriteUtil.logPathDir=/custom/metro/log
10-11 16:58:46.865  5501  5522 D LogWriteUtil.class=LogFileHandlerThread.class: 2getFilePath: filePath=/custom/metro/log/2022-10-11
10-11 16:58:46.865  5501  5522 D LogWriteUtil.class=LogFileHandlerThread.class: 1getCurrentFileName: LogWriteUtil.logfile=app.log
10-11 16:58:46.866  5501  5522 D LogWriteUtil.class=LogFileHandlerThread.class: 1getFilePath: logFormat=2022-10-11, LogWriteUtil.logPathDir=/custom/metro/log
10-11 16:58:46.866  5501  5522 D LogWriteUtil.class=LogFileHandlerThread.class: 2getFilePath: filePath=/custom/metro/log/2022-10-11
10-11 16:58:46.866  5501  5522 D LogWriteUtil.class=LogFileHandlerThread.class: getFileNameSuffix: file=/custom/metro/log/2022-10-11
10-11 16:58:46.866  5501  5522 D LogWriteUtil.class=LogFileHandlerThread.class: 2getCurrentFileName: index=3, LogWriteUtil.logfile=app.log, getFileNameSuffix=14
10-11 16:58:46.867  5501  5522 D LogWriteUtil.class=LogFileHandlerThread.class: 1getFilePath: logFormat=2022-10-11, LogWriteUtil.logPathDir=/custom/metro/log
10-11 16:58:46.868  5501  5522 D LogWriteUtil.class=LogFileHandlerThread.class: 2getFilePath: filePath=/custom/metro/log/2022-10-11
10-11 16:58:46.868  5501  5522 D LogWriteUtil.class=LogFileHandlerThread.class: getFileNameSuffix: file=/custom/metro/log/2022-10-11
10-11 16:58:46.868  5501  5522 D LogWriteUtil.class=LogFileHandlerThread.class: 3getCurrentFileName: logFileName=app14.log
10-11 16:58:46.868  5501  5522 D LogWriteUtil.class=LogFileHandlerThread.class: 1,initFile: getFilePath()=/custom/metro/log/2022-10-11, getCurrentFileName=app14.log
10-11 16:58:46.869  5501  5522 D LogWriteUtil.class=LogFileHandlerThread.class: 1getFilePath: logFormat=2022-10-11, LogWriteUtil.logPathDir=/custom/metro/log
10-11 16:58:46.869  5501  5522 D LogWriteUtil.class=LogFileHandlerThread.class: 2getFilePath: filePath=/custom/metro/log/2022-10-11
10-11 16:58:46.869  5501  5522 D LogWriteUtil.class=LogFileHandlerThread.class: 1getCurrentFileName: LogWriteUtil.logfile=app.log
10-11 16:58:46.870  5501  5522 D LogWriteUtil.class=LogFileHandlerThread.class: 1getFilePath: logFormat=2022-10-11, LogWriteUtil.logPathDir=/custom/metro/log
10-11 16:58:46.870  5501  5522 D LogWriteUtil.class=LogFileHandlerThread.class: 2getFilePath: filePath=/custom/metro/log/2022-10-11
10-11 16:58:46.870  5501  5522 D LogWriteUtil.class=LogFileHandlerThread.class: getFileNameSuffix: file=/custom/metro/log/2022-10-11
10-11 16:58:46.871  5501  5522 D LogWriteUtil.class=LogFileHandlerThread.class: 2getCurrentFileName: index=3, LogWriteUtil.logfile=app.log, getFileNameSuffix=14
10-11 16:58:46.872  5501  5522 D LogWriteUtil.class=LogFileHandlerThread.class: 1getFilePath: logFormat=2022-10-11, LogWriteUtil.logPathDir=/custom/metro/log
10-11 16:58:46.872  5501  5522 D LogWriteUtil.class=LogFileHandlerThread.class: 2getFilePath: filePath=/custom/metro/log/2022-10-11
10-11 16:58:46.872  5501  5522 D LogWriteUtil.class=LogFileHandlerThread.class: getFileNameSuffix: file=/custom/metro/log/2022-10-11
10-11 16:58:46.872  5501  5522 D LogWriteUtil.class=LogFileHandlerThread.class: 3getCurrentFileName: logFileName=app14.log
10-11 16:58:46.873  5501  5522 D LogWriteUtil.class=LogFileHandlerThread.class: 1getCurrentFileName: LogWriteUtil.logfile=app.log
10-11 16:58:46.874  5501  5522 D LogWriteUtil.class=LogFileHandlerThread.class: 1getFilePath: logFormat=2022-10-11, LogWriteUtil.logPathDir=/custom/metro/log
10-11 16:58:46.874  5501  5522 D LogWriteUtil.class=LogFileHandlerThread.class: 2getFilePath: filePath=/custom/metro/log/2022-10-11
10-11 16:58:46.874  5501  5522 D LogWriteUtil.class=LogFileHandlerThread.class: getFileNameSuffix: file=/custom/metro/log/2022-10-11
10-11 16:58:46.875  5501  5522 D LogWriteUtil.class=LogFileHandlerThread.class: 2getCurrentFileName: index=3, LogWriteUtil.logfile=app.log, getFileNameSuffix=14
10-11 16:58:46.875  5501  5522 D LogWriteUtil.class=LogFileHandlerThread.class: 1getFilePath: logFormat=2022-10-11, LogWriteUtil.logPathDir=/custom/metro/log
10-11 16:58:46.876  5501  5522 D LogWriteUtil.class=LogFileHandlerThread.class: 2getFilePath: filePath=/custom/metro/log/2022-10-11
10-11 16:58:46.876  5501  5522 D LogWriteUtil.class=LogFileHandlerThread.class: getFileNameSuffix: file=/custom/metro/log/2022-10-11
10-11 16:58:46.876  5501  5522 D LogWriteUtil.class=LogFileHandlerThread.class: 3getCurrentFileName: logFileName=app14.log
10-11 16:58:46.876  5501  5522 D TAG     : 2,initFile: /custom/metro/log/2022-10-11/app14.log, logFile.length=0, getCurrentFileName()=app14.log, writeFileName=/custom/metro/log/2022-10-11/app13.log
10-11 16:58:46.877  5501  5522 D LogWriteUtil.class=LogFileHandlerThread.class: 8,initFile: logFile=/custom/metro/log/2022-10-11/app14.log, logFile.length=0
10-11 16:58:46.883  5501  5501 E train_jni_log: getHandsetStatus===popen buffer=0
10-11 16:58:46.883  5501  5501 E train_jni_log: getHandsetStatus===popen iRet=0
10-11 16:58:46.886  5501  5501 D TAG     : getHeadsetStatus: 0
10-11 16:58:46.887  5501  5501 D TAG     : getHeadsetStatus: headsetStatus=200
10-11 16:58:46.887  5501  5501 D TAG     : getHeadsetStatus: headsetStatus2=200
10-11 16:58:46.890  5501  5597 D BtrunCConfig: isR2Nubmer is true
10-11 16:58:46.890  5501  5597 D com.ztegota.system.GotaSystem: getMdn +866022012
10-11 16:58:46.890  5501  5597 D TAG     : getUserId: userId2=+866022012
10-11 16:58:46.890  5501  5501 D MainActivity: showStatus: aa---result---result=true, url=192.168.42.131
10-11 16:58:46.890  5501  5599 D MainViewModel: getLteIp: test1111111=172.2.200.12
10-11 16:58:46.891  5501  5597 I APP_LogUtils.kt: [(LogUtils.kt:50).i()] [MainViewModel] GotaSystem SDK:V2.13 2021-04-20, Host Soft Version:GM655+V1.0.6.8B02, Host Hard Version:GM655MB_C, Host Build Time:2021 12 28  16:23:13 CST;
10-11 16:58:46.893  5501  5566 D UdpDisServices: udp receive - api receive data disApi, udp service id=86  - udp.packet.address=/172.2.208.8, udp.pack.socketAddress=/172.2.208.8:64002, udp.port=64002- running=true - message={"MsgSeqID":1255754,"MsgName":"GetStationATSRsp","MsgInfo":{"Code":10011,"StationATSInfos":[{"TrainGroupNumber":"212","ServiceNumber":"000","TrainCrewNumber":"000","TrainPosition":"1","TrainRunningPosition":"1","RailName":"T1212","StationID":"012","TerminalStationID":"000","DestinationID":"000"}]}}
10-11 16:58:46.893  5501  5522 D LogWriteUtil.class=LogFileHandlerThread.class: 1getFilePath: logFormat=2022-10-11, LogWriteUtil.logPathDir=/custom/metro/log
10-11 16:58:46.893  5501  5522 D LogWriteUtil.class=LogFileHandlerThread.class: 2getFilePath: filePath=/custom/metro/log/2022-10-11
10-11 16:58:46.893  5501  5522 D LogWriteUtil.class=LogFileHandlerThread.class: 1getCurrentFileName: LogWriteUtil.logfile=app.log
10-11 16:58:46.894  5501  5522 D LogWriteUtil.class=LogFileHandlerThread.class: 1getFilePath: logFormat=2022-10-11, LogWriteUtil.logPathDir=/custom/metro/log
10-11 16:58:46.894  5501  5522 D LogWriteUtil.class=LogFileHandlerThread.class: 2getFilePath: filePath=/custom/metro/log/2022-10-11
10-11 16:58:46.894  5501  5566 I APP_LogUtils.kt: [(LogUtils.kt:50).i()] [UdpDisServices] udp receive - api receive data disApi, udp service id=86 - running=true  - ip=/172.2.208.8 - port=64002 - message={"MsgSeqID":1255754,"MsgName":"GetStationATSRsp","MsgInfo":{"Code":10011,"StationATSInfos":[{"TrainGroupNumber":"212","ServiceNumber":"000","TrainCrewNumber":"000","TrainPosition":"1","TrainRunningPosition":"1","RailName":"T1212","StationID":"012","TerminalStationID":"000","DestinationID":"000"}]}}
10-11 16:58:46.894  5501  5522 D LogWriteUtil.class=LogFileHandlerThread.class: getFileNameSuffix: file=/custom/metro/log/2022-10-11
10-11 16:58:46.894  5501  5522 D LogWriteUtil.class=LogFileHandlerThread.class: 2getCurrentFileName: index=3, LogWriteUtil.logfile=app.log, getFileNameSuffix=14
10-11 16:58:46.894  5501  5522 D LogWriteUtil.class=LogFileHandlerThread.class: 1getFilePath: logFormat=2022-10-11, LogWriteUtil.logPathDir=/custom/metro/log
10-11 16:58:46.895  5501  5522 D LogWriteUtil.class=LogFileHandlerThread.class: 2getFilePath: filePath=/custom/metro/log/2022-10-11
10-11 16:58:46.895  5501  5522 D LogWriteUtil.class=LogFileHandlerThread.class: getFileNameSuffix: file=/custom/metro/log/2022-10-11
10-11 16:58:46.895  5501  5501 D MainActivity: onMessageEvent  -- gginit: disApi, id=1---event={"MsgSeqID":1255753,"MsgName":"DisReceivedNotify","MsgInfo":{"AppMsgSeqID":30,"Code":10001}}
10-11 16:58:46.895  5501  5501 D MainViewModel: 1processDisApi: disApi, id=1
10-11 16:58:46.895  5501  5501 D MainActivity: onMessageEvent  -- gginit: disApi, id=1---event={"MsgSeqID":1255754,"MsgName":"GetStationATSRsp","MsgInfo":{"Code":10011,"StationATSInfos":[{"TrainGroupNumber":"212","ServiceNumber":"000","TrainCrewNumber":"000","TrainPosition":"1","TrainRunningPosition":"1","RailName":"T1212","StationID":"012","TerminalStationID":"000","DestinationID":"000"}]}}
10-11 16:58:46.895  5501  5501 D MainViewModel: 1processDisApi: disApi, id=1
10-11 16:58:46.896  5501  5566 D UdpDisServices: udp receive - api receive data disApi, udp service id=86  - udp.packet.address=/172.2.208.8, udp.pack.socketAddress=/172.2.208.8:64002, udp.port=64002- running=true - message={"MsgSeqID":1255755,"MsgName":"DisReceivedNotify","MsgInfo":{"AppMsgSeqID":31,"Code":10001}}
10-11 16:58:46.896  5501  5597 D DisApiSingletonReceive: processingData: disApi, id=100 - data={"MsgSeqID":1255753,"MsgName":"DisReceivedNotify","MsgInfo":{"AppMsgSeqID":30,"Code":10001}}
10-11 16:58:46.896  5501  5522 D LogWriteUtil.class=LogFileHandlerThread.class: 3getCurrentFileName: logFileName=app14.log
10-11 16:58:46.896  5501  5522 D LogWriteUtil.class=LogFileHandlerThread.class: 1,initFile: getFilePath()=/custom/metro/log/2022-10-11, getCurrentFileName=app14.log
10-11 16:58:46.897  5501  5522 D LogWriteUtil.class=LogFileHandlerThread.class: 1getFilePath: logFormat=2022-10-11, LogWriteUtil.logPathDir=/custom/metro/log
10-11 16:58:46.897  5501  5522 D LogWriteUtil.class=LogFileHandlerThread.class: 2getFilePath: filePath=/custom/metro/log/2022-10-11
10-11 16:58:46.897  5501  5522 D LogWriteUtil.class=LogFileHandlerThread.class: 1getCurrentFileName: LogWriteUtil.logfile=app.log
10-11 16:58:46.897  5501  5595 D DisApiSingletonReceive: processingData: disApi, id=98 - data={"MsgSeqID":1255754,"MsgName":"GetStationATSRsp","MsgInfo":{"Code":10011,"StationATSInfos":[{"TrainGroupNumber":"212","ServiceNumber":"000","TrainCrewNumber":"000","TrainPosition":"1","TrainRunningPosition":"1","RailName":"T1212","StationID":"012","TerminalStationID":"000","DestinationID":"000"}]}}
10-11 16:58:46.897  5501  5522 D LogWriteUtil.class=LogFileHandlerThread.class: 1getFilePath: logFormat=2022-10-11, LogWriteUtil.logPathDir=/custom/metro/log
10-11 16:58:46.897  5501  5522 D LogWriteUtil.class=LogFileHandlerThread.class: 2getFilePath: filePath=/custom/metro/log/2022-10-11
10-11 16:58:46.897  5501  5522 D LogWriteUtil.class=LogFileHandlerThread.class: getFileNameSuffix: file=/custom/metro/log/2022-10-11
10-11 16:58:46.897  5501  5522 D LogWriteUtil.class=LogFileHandlerThread.class: 2getCurrentFileName: index=3, LogWriteUtil.logfile=app.log, getFileNameSuffix=14
10-11 16:58:46.898  5501  5522 D LogWriteUtil.class=LogFileHandlerThread.class: 1getFilePath: logFormat=2022-10-11, LogWriteUtil.logPathDir=/custom/metro/log
10-11 16:58:46.898  5501  5522 D LogWriteUtil.class=LogFileHandlerThread.class: 2getFilePath: filePath=/custom/metro/log/2022-10-11
10-11 16:58:46.898  5501  5597 D DisApiSingletonReceive: processingDisReceivedNotify: info=DisReceivedNotifyApiData(msgName=DisReceivedNotify, msgSeqID=1255753, msgInfo=ReceivedNotifyData(appMsgSeqID=0, code=10001))
10-11 16:58:46.898  5501  5522 D LogWriteUtil.class=LogFileHandlerThread.class: getFileNameSuffix: file=/custom/metro/log/2022-10-11
10-11 16:58:46.898  5501  5522 D LogWriteUtil.class=LogFileHandlerThread.class: 3getCurrentFileName: logFileName=app14.log
10-11 16:58:46.898  5501  5522 D LogWriteUtil.class=LogFileHandlerThread.class: 1getCurrentFileName: LogWriteUtil.logfile=app.log
10-11 16:58:46.898  5501  5522 D LogWriteUtil.class=LogFileHandlerThread.class: 1getFilePath: logFormat=2022-10-11, LogWriteUtil.logPathDir=/custom/metro/log
10-11 16:58:46.898  5501  5522 D LogWriteUtil.class=LogFileHandlerThread.class: 2getFilePath: filePath=/custom/metro/log/2022-10-11
10-11 16:58:46.898  5501  5522 D LogWriteUtil.class=LogFileHandlerThread.class: getFileNameSuffix: file=/custom/metro/log/2022-10-11
10-11 16:58:46.899  5501  5522 D LogWriteUtil.class=LogFileHandlerThread.class: 2getCurrentFileName: index=3, LogWriteUtil.logfile=app.log, getFileNameSuffix=14
10-11 16:58:46.899  5501  5522 D LogWriteUtil.class=LogFileHandlerThread.class: 1getFilePath: logFormat=2022-10-11, LogWriteUtil.logPathDir=/custom/metro/log
10-11 16:58:46.899  5501  5522 D LogWriteUtil.class=LogFileHandlerThread.class: 2getFilePath: filePath=/custom/metro/log/2022-10-11
10-11 16:58:46.899  5501  5522 D LogWriteUtil.class=LogFileHandlerThread.class: getFileNameSuffix: file=/custom/metro/log/2022-10-11
10-11 16:58:46.899  5501  5522 D LogWriteUtil.class=LogFileHandlerThread.class: 3getCurrentFileName: logFileName=app14.log
10-11 16:58:46.899  5501  5522 D TAG     : 2,initFile: /custom/metro/log/2022-10-11/app14.log, logFile.length=0, getCurrentFileName()=app14.log, writeFileName=/custom/metro/log/2022-10-11/app13.log
10-11 16:58:46.899  5501  5522 D LogWriteUtil.class=LogFileHandlerThread.class: 8,initFile: logFile=/custom/metro/log/2022-10-11/app14.log, logFile.length=0
10-11 16:58:46.900  5501  5595 D DisApiSingletonReceive: parseStationAtsData: atsInfo=com.gbcom.library_base.data.StationAtsApiData@794d5b0
10-11 16:58:46.900  5501  5522 D LogWriteUtil.class=LogFileHandlerThread.class: 1getFilePath: logFormat=2022-10-11, LogWriteUtil.logPathDir=/custom/metro/log
10-11 16:58:46.900  5501  5522 D LogWriteUtil.class=LogFileHandlerThread.class: 2getFilePath: filePath=/custom/metro/log/2022-10-11
10-11 16:58:46.900  5501  5522 D LogWriteUtil.class=LogFileHandlerThread.class: 1getCurrentFileName: LogWriteUtil.logfile=app.log
10-11 16:58:46.900  5501  5566 I APP_LogUtils.kt: [(LogUtils.kt:50).i()] [UdpDisServices] udp receive - api receive data disApi, udp service id=86 - running=true  - ip=/172.2.208.8 - port=64002 - message={"MsgSeqID":1255755,"MsgName":"DisReceivedNotify","MsgInfo":{"AppMsgSeqID":31,"Code":10001}}
10-11 16:58:46.900  5501  5522 D LogWriteUtil.class=LogFileHandlerThread.class: 1getFilePath: logFormat=2022-10-11, LogWriteUtil.logPathDir=/custom/metro/log
10-11 16:58:46.900  5501  5522 D LogWriteUtil.class=LogFileHandlerThread.class: 2getFilePath: filePath=/custom/metro/log/2022-10-11
10-11 16:58:46.900  5501  5522 D LogWriteUtil.class=LogFileHandlerThread.class: getFileNameSuffix: file=/custom/metro/log/2022-10-11
10-11 16:58:46.901  5501  5522 D LogWriteUtil.class=LogFileHandlerThread.class: 2getCurrentFileName: index=3, LogWriteUtil.logfile=app.log, getFileNameSuffix=14
10-11 16:58:46.901  5501  5501 D MainActivity: onMessageEvent  -- gginit: disApi, id=1---event={"MsgSeqID":1255755,"MsgName":"DisReceivedNotify","MsgInfo":{"AppMsgSeqID":31,"Code":10001}}
10-11 16:58:46.901  5501  5501 D MainViewModel: 1processDisApi: disApi, id=1
10-11 16:58:46.901  5501  5522 D LogWriteUtil.class=LogFileHandlerThread.class: 1getFilePath: logFormat=2022-10-11, LogWriteUtil.logPathDir=/custom/metro/log
10-11 16:58:46.901  5501  5522 D LogWriteUtil.class=LogFileHandlerThread.class: 2getFilePath: filePath=/custom/metro/log/2022-10-11
10-11 16:58:46.901  5501  5522 D LogWriteUtil.class=LogFileHandlerThread.class: getFileNameSuffix: file=/custom/metro/log/2022-10-11
10-11 16:58:46.901  5501  5522 D LogWriteUtil.class=LogFileHandlerThread.class: 3getCurrentFileName: logFileName=app14.log
10-11 16:58:46.902  5501  5522 D LogWriteUtil.class=LogFileHandlerThread.class: 1,initFile: getFilePath()=/custom/metro/log/2022-10-11, getCurrentFileName=app14.log
10-11 16:58:46.902  5501  5597 D DisApiSingletonReceive: processingData: disApi, id=100 - data={"MsgSeqID":1255755,"MsgName":"DisReceivedNotify","MsgInfo":{"AppMsgSeqID":31,"Code":10001}}
10-11 16:58:46.902  5501  5522 D LogWriteUtil.class=LogFileHandlerThread.class: 1getFilePath: logFormat=2022-10-11, LogWriteUtil.logPathDir=/custom/metro/log
10-11 16:58:46.902  5501  5522 D LogWriteUtil.class=LogFileHandlerThread.class: 2getFilePath: filePath=/custom/metro/log/2022-10-11
10-11 16:58:46.902  5501  5522 D LogWriteUtil.class=LogFileHandlerThread.class: 1getCurrentFileName: LogWriteUtil.logfile=app.log
10-11 16:58:46.902  5501  5522 D LogWriteUtil.class=LogFileHandlerThread.class: 1getFilePath: logFormat=2022-10-11, LogWriteUtil.logPathDir=/custom/metro/log
10-11 16:58:46.902  5501  5522 D LogWriteUtil.class=LogFileHandlerThread.class: 2getFilePath: filePath=/custom/metro/log/2022-10-11
10-11 16:58:46.903  5501  5522 D LogWriteUtil.class=LogFileHandlerThread.class: getFileNameSuffix: file=/custom/metro/log/2022-10-11
10-11 16:58:46.903  5501  5522 D LogWriteUtil.class=LogFileHandlerThread.class: 2getCurrentFileName: index=3, LogWriteUtil.logfile=app.log, getFileNameSuffix=14
10-11 16:58:46.903  5501  5522 D LogWriteUtil.class=LogFileHandlerThread.class: 1getFilePath: logFormat=2022-10-11, LogWriteUtil.logPathDir=/custom/metro/log
10-11 16:58:46.903  5501  5522 D LogWriteUtil.class=LogFileHandlerThread.class: 2getFilePath: filePath=/custom/metro/log/2022-10-11
10-11 16:58:46.903  5501  5522 D LogWriteUtil.class=LogFileHandlerThread.class: getFileNameSuffix: file=/custom/metro/log/2022-10-11
10-11 16:58:46.904  5501  5522 D LogWriteUtil.class=LogFileHandlerThread.class: 3getCurrentFileName: logFileName=app14.log
10-11 16:58:46.904  5501  5522 D LogWriteUtil.class=LogFileHandlerThread.class: 1getCurrentFileName: LogWriteUtil.logfile=app.log
10-11 16:58:46.904  5501  5522 D LogWriteUtil.class=LogFileHandlerThread.class: 1getFilePath: logFormat=2022-10-11, LogWriteUtil.logPathDir=/custom/metro/log
10-11 16:58:46.904  5501  5522 D LogWriteUtil.class=LogFileHandlerThread.class: 2getFilePath: filePath=/custom/metro/log/2022-10-11
10-11 16:58:46.904  5501  5522 D LogWriteUtil.class=LogFileHandlerThread.class: getFileNameSuffix: file=/custom/metro/log/2022-10-11
10-11 16:58:46.904  5501  5595 D BtrunCConfig: isR2Nubmer is true
10-11 16:58:46.904  5501  5597 D DisApiSingletonReceive: processingDisReceivedNotify: info=DisReceivedNotifyApiData(msgName=DisReceivedNotify, msgSeqID=1255755, msgInfo=ReceivedNotifyData(appMsgSeqID=0, code=10001))
10-11 16:58:46.904  5501  5595 D com.ztegota.system.GotaSystem: getMdn +866022012
10-11 16:58:46.905  5501  5595 D TAG     : getUserId: userId2=+866022012
10-11 16:58:46.905  5501  5522 D LogWriteUtil.class=LogFileHandlerThread.class: 2getCurrentFileName: index=3, LogWriteUtil.logfile=app.log, getFileNameSuffix=14
10-11 16:58:46.905  5501  5522 D LogWriteUtil.class=LogFileHandlerThread.class: 1getFilePath: logFormat=2022-10-11, LogWriteUtil.logPathDir=/custom/metro/log
10-11 16:58:46.905  5501  5522 D LogWriteUtil.class=LogFileHandlerThread.class: 2getFilePath: filePath=/custom/metro/log/2022-10-11
10-11 16:58:46.905  5501  5522 D LogWriteUtil.class=LogFileHandlerThread.class: getFileNameSuffix: file=/custom/metro/log/2022-10-11
10-11 16:58:46.905  5501  5522 D LogWriteUtil.class=LogFileHandlerThread.class: 3getCurrentFileName: logFileName=app14.log
10-11 16:58:46.905  5501  5522 D TAG     : 2,initFile: /custom/metro/log/2022-10-11/app14.log, logFile.length=0, getCurrentFileName()=app14.log, writeFileName=/custom/metro/log/2022-10-11/app13.log
10-11 16:58:46.906  5501  5522 D LogWriteUtil.class=LogFileHandlerThread.class: 8,initFile: logFile=/custom/metro/log/2022-10-11/app14.log, logFile.length=0
10-11 16:58:46.906  5501  5522 D LogWriteUtil.class=LogFileHandlerThread.class: 1getFilePath: logFormat=2022-10-11, LogWriteUtil.logPathDir=/custom/metro/log
10-11 16:58:46.906  5501  5522 D LogWriteUtil.class=LogFileHandlerThread.class: 2getFilePath: filePath=/custom/metro/log/2022-10-11
10-11 16:58:46.906  5501  5522 D LogWriteUtil.class=LogFileHandlerThread.class: 1getCurrentFileName: LogWriteUtil.logfile=app.log
10-11 16:58:46.907  5501  5522 D LogWriteUtil.class=LogFileHandlerThread.class: 1getFilePath: logFormat=2022-10-11, LogWriteUtil.logPathDir=/custom/metro/log
10-11 16:58:46.907  5501  5522 D LogWriteUtil.class=LogFileHandlerThread.class: 2getFilePath: filePath=/custom/metro/log/2022-10-11
10-11 16:58:46.907  5501  5522 D LogWriteUtil.class=LogFileHandlerThread.class: getFileNameSuffix: file=/custom/metro/log/2022-10-11
10-11 16:58:46.907  5501  5522 D LogWriteUtil.class=LogFileHandlerThread.class: 2getCurrentFileName: index=3, LogWriteUtil.logfile=app.log, getFileNameSuffix=14
10-11 16:58:46.907  5501  5522 D LogWriteUtil.class=LogFileHandlerThread.class: 1getFilePath: logFormat=2022-10-11, LogWriteUtil.logPathDir=/custom/metro/log
10-11 16:58:46.907  5501  5522 D LogWriteUtil.class=LogFileHandlerThread.class: 2getFilePath: filePath=/custom/metro/log/2022-10-11
10-11 16:58:46.907  5501  5522 D LogWriteUtil.class=LogFileHandlerThread.class: getFileNameSuffix: file=/custom/metro/log/2022-10-11
10-11 16:58:46.908  5501  5522 D LogWriteUtil.class=LogFileHandlerThread.class: 3getCurrentFileName: logFileName=app14.log
10-11 16:58:46.908  5501  5522 D LogWriteUtil.class=LogFileHandlerThread.class: 1,initFile: getFilePath()=/custom/metro/log/2022-10-11, getCurrentFileName=app14.log
10-11 16:58:46.908  5501  5522 D LogWriteUtil.class=LogFileHandlerThread.class: 1getFilePath: logFormat=2022-10-11, LogWriteUtil.logPathDir=/custom/metro/log
10-11 16:58:46.908  5501  5522 D LogWriteUtil.class=LogFileHandlerThread.class: 2getFilePath: filePath=/custom/metro/log/2022-10-11
10-11 16:58:46.908  5501  5522 D LogWriteUtil.class=LogFileHandlerThread.class: 1getCurrentFileName: LogWriteUtil.logfile=app.log
10-11 16:58:46.908  5501  5522 D LogWriteUtil.class=LogFileHandlerThread.class: 1getFilePath: logFormat=2022-10-11, LogWriteUtil.logPathDir=/custom/metro/log
10-11 16:58:46.908  5501  5522 D LogWriteUtil.class=LogFileHandlerThread.class: 2getFilePath: filePath=/custom/metro/log/2022-10-11
10-11 16:58:46.909  5501  5522 D LogWriteUtil.class=LogFileHandlerThread.class: getFileNameSuffix: file=/custom/metro/log/2022-10-11
10-11 16:58:46.909  5501  5522 D LogWriteUtil.class=LogFileHandlerThread.class: 2getCurrentFileName: index=3, LogWriteUtil.logfile=app.log, getFileNameSuffix=14
10-11 16:58:46.909  5501  5522 D LogWriteUtil.class=LogFileHandlerThread.class: 1getFilePath: logFormat=2022-10-11, LogWriteUtil.logPathDir=/custom/metro/log
10-11 16:58:46.909  5501  5522 D LogWriteUtil.class=LogFileHandlerThread.class: 2getFilePath: filePath=/custom/metro/log/2022-10-11
10-11 16:58:46.909  5501  5522 D LogWriteUtil.class=LogFileHandlerThread.class: getFileNameSuffix: file=/custom/metro/log/2022-10-11
10-11 16:58:46.909  5501  5522 D LogWriteUtil.class=LogFileHandlerThread.class: 3getCurrentFileName: logFileName=app14.log
10-11 16:58:46.909  5501  5522 D LogWriteUtil.class=LogFileHandlerThread.class: 1getCurrentFileName: LogWriteUtil.logfile=app.log
10-11 16:58:46.910  5501  5522 D LogWriteUtil.class=LogFileHandlerThread.class: 1getFilePath: logFormat=2022-10-11, LogWriteUtil.logPathDir=/custom/metro/log
10-11 16:58:46.910  5501  5522 D LogWriteUtil.class=LogFileHandlerThread.class: 2getFilePath: filePath=/custom/metro/log/2022-10-11
10-11 16:58:46.910  5501  5522 D LogWriteUtil.class=LogFileHandlerThread.class: getFileNameSuffix: file=/custom/metro/log/2022-10-11
10-11 16:58:46.910  5501  5522 D LogWriteUtil.class=LogFileHandlerThread.class: 2getCurrentFileName: index=3, LogWriteUtil.logfile=app.log, getFileNameSuffix=14
10-11 16:58:46.910  5501  5522 D LogWriteUtil.class=LogFileHandlerThread.class: 1getFilePath: logFormat=2022-10-11, LogWriteUtil.logPathDir=/custom/metro/log
10-11 16:58:46.911  5501  5522 D LogWriteUtil.class=LogFileHandlerThread.class: 2getFilePath: filePath=/custom/metro/log/2022-10-11
10-11 16:58:46.911  5501  5522 D LogWriteUtil.class=LogFileHandlerThread.class: getFileNameSuffix: file=/custom/metro/log/2022-10-11
10-11 16:58:46.911  5501  5522 D LogWriteUtil.class=LogFileHandlerThread.class: 3getCurrentFileName: logFileName=app14.log
10-11 16:58:46.911  5501  5522 D TAG     : 2,initFile: /custom/metro/log/2022-10-11/app14.log, logFile.length=0, getCurrentFileName()=app14.log, writeFileName=/custom/metro/log/2022-10-11/app13.log
10-11 16:58:46.911  5501  5522 D LogWriteUtil.class=LogFileHandlerThread.class: 8,initFile: logFile=/custom/metro/log/2022-10-11/app14.log, logFile.length=0
10-11 16:58:46.923  5501  5501 D IndexFragment: initView: applyFxData() - ats=[StationAts(createTime=1665478726, trainGroupNumber=212, serviceNumber=000, trainCrewNumber=000, trainPosition=1, trainRunningPosition=1, railName=T1212, stationID=012, terminalStationID=000, destinationID=000, identityID=+866022012)]
10-11 16:58:46.925  5501  5595 D MainViewModel: getSystemTime_currentThreadID2: 98
10-11 16:58:46.971  5501  5566 D UdpDisServices: udp receive - api receive data disApi, udp service id=86  - udp.packet.address=/172.2.208.8, udp.pack.socketAddress=/172.2.208.8:64002, udp.port=64002- running=true - message={"MsgSeqID":1255735,"MsgName":"GetStationATSRsp","MsgInfo":{"Code":10011,"StationATSInfos":[{"TrainGroupNumber":"212","ServiceNumber":"000","TrainCrewNumber":"000","TrainPosition":"1","TrainRunningPosition":"1","RailName":"T1212","StationID":"012","TerminalStationID":"000","DestinationID":"000"}]}}
10-11 16:58:46.972  5501  5566 I APP_LogUtils.kt: [(LogUtils.kt:50).i()] [UdpDisServices] udp receive - api receive data disApi, udp service id=86 - running=true  - ip=/172.2.208.8 - port=64002 - message={"MsgSeqID":1255735,"MsgName":"GetStationATSRsp","MsgInfo":{"Code":10011,"StationATSInfos":[{"TrainGroupNumber":"212","ServiceNumber":"000","TrainCrewNumber":"000","TrainPosition":"1","TrainRunningPosition":"1","RailName":"T1212","StationID":"012","TerminalStationID":"000","DestinationID":"000"}]}}
10-11 16:58:46.973  5501  5501 D MainActivity: onMessageEvent  -- gginit: disApi, id=1---event={"MsgSeqID":1255735,"MsgName":"GetStationATSRsp","MsgInfo":{"Code":10011,"StationATSInfos":[{"TrainGroupNumber":"212","ServiceNumber":"000","TrainCrewNumber":"000","TrainPosition":"1","TrainRunningPosition":"1","RailName":"T1212","StationID":"012","TerminalStationID":"000","DestinationID":"000"}]}}
10-11 16:58:46.973  5501  5501 D MainViewModel: 1processDisApi: disApi, id=1
10-11 16:58:46.973  5501  5522 D LogWriteUtil.class=LogFileHandlerThread.class: 1getFilePath: logFormat=2022-10-11, LogWriteUtil.logPathDir=/custom/metro/log
10-11 16:58:46.973  5501  5522 D LogWriteUtil.class=LogFileHandlerThread.class: 2getFilePath: filePath=/custom/metro/log/2022-10-11
10-11 16:58:46.973  5501  5522 D LogWriteUtil.class=LogFileHandlerThread.class: 1getCurrentFileName: LogWriteUtil.logfile=app.log
10-11 16:58:46.974  5501  5522 D LogWriteUtil.class=LogFileHandlerThread.class: 1getFilePath: logFormat=2022-10-11, LogWriteUtil.logPathDir=/custom/metro/log
10-11 16:58:46.974  5501  5522 D LogWriteUtil.class=LogFileHandlerThread.class: 2getFilePath: filePath=/custom/metro/log/2022-10-11
10-11 16:58:46.974  5501  5595 D DisApiSingletonReceive: processingData: disApi, id=98 - data={"MsgSeqID":1255735,"MsgName":"GetStationATSRsp","MsgInfo":{"Code":10011,"StationATSInfos":[{"TrainGroupNumber":"212","ServiceNumber":"000","TrainCrewNumber":"000","TrainPosition":"1","TrainRunningPosition":"1","RailName":"T1212","StationID":"012","TerminalStationID":"000","DestinationID":"000"}]}}
10-11 16:58:46.974  5501  5522 D LogWriteUtil.class=LogFileHandlerThread.class: getFileNameSuffix: file=/custom/metro/log/2022-10-11
10-11 16:58:46.974  5501  5522 D LogWriteUtil.class=LogFileHandlerThread.class: 2getCurrentFileName: index=3, LogWriteUtil.logfile=app.log, getFileNameSuffix=14
10-11 16:58:46.975  5501  5522 D LogWriteUtil.class=LogFileHandlerThread.class: 1getFilePath: logFormat=2022-10-11, LogWriteUtil.logPathDir=/custom/metro/log
10-11 16:58:46.975  5501  5522 D LogWriteUtil.class=LogFileHandlerThread.class: 2getFilePath: filePath=/custom/metro/log/2022-10-11
10-11 16:58:46.975  5501  5522 D LogWriteUtil.class=LogFileHandlerThread.class: getFileNameSuffix: file=/custom/metro/log/2022-10-11
10-11 16:58:46.975  5501  5522 D LogWriteUtil.class=LogFileHandlerThread.class: 3getCurrentFileName: logFileName=app14.log
10-11 16:58:46.975  5501  5522 D LogWriteUtil.class=LogFileHandlerThread.class: 1,initFile: getFilePath()=/custom/metro/log/2022-10-11, getCurrentFileName=app14.log
10-11 16:58:46.976  5501  5522 D LogWriteUtil.class=LogFileHandlerThread.class: 1getFilePath: logFormat=2022-10-11, LogWriteUtil.logPathDir=/custom/metro/log
10-11 16:58:46.976  5501  5522 D LogWriteUtil.class=LogFileHandlerThread.class: 2getFilePath: filePath=/custom/metro/log/2022-10-11
10-11 16:58:46.976  5501  5522 D LogWriteUtil.class=LogFileHandlerThread.class: 1getCurrentFileName: LogWriteUtil.logfile=app.log
10-11 16:58:46.977  5501  5522 D LogWriteUtil.class=LogFileHandlerThread.class: 1getFilePath: logFormat=2022-10-11, LogWriteUtil.logPathDir=/custom/metro/log
10-11 16:58:46.977  5501  5522 D LogWriteUtil.class=LogFileHandlerThread.class: 2getFilePath: filePath=/custom/metro/log/2022-10-11
10-11 16:58:46.977  5501  5522 D LogWriteUtil.class=LogFileHandlerThread.class: getFileNameSuffix: file=/custom/metro/log/2022-10-11
10-11 16:58:46.977  5501  5595 D DisApiSingletonReceive: parseStationAtsData: atsInfo=com.gbcom.library_base.data.StationAtsApiData@f699cdc
10-11 16:58:46.977  5501  5522 D LogWriteUtil.class=LogFileHandlerThread.class: 2getCurrentFileName: index=3, LogWriteUtil.logfile=app.log, getFileNameSuffix=14
10-11 16:58:46.978  5501  5595 D BtrunCConfig: isR2Nubmer is true
10-11 16:58:46.978  5501  5595 D com.ztegota.system.GotaSystem: getMdn +866022012
10-11 16:58:46.978  5501  5595 D TAG     : getUserId: userId2=+866022012
10-11 16:58:46.978  5501  5522 D LogWriteUtil.class=LogFileHandlerThread.class: 1getFilePath: logFormat=2022-10-11, LogWriteUtil.logPathDir=/custom/metro/log
10-11 16:58:46.978  5501  5522 D LogWriteUtil.class=LogFileHandlerThread.class: 2getFilePath: filePath=/custom/metro/log/2022-10-11
10-11 16:58:46.978  5501  5522 D LogWriteUtil.class=LogFileHandlerThread.class: getFileNameSuffix: file=/custom/metro/log/2022-10-11
10-11 16:58:46.979  5501  5522 D LogWriteUtil.class=LogFileHandlerThread.class: 3getCurrentFileName: logFileName=app14.log
10-11 16:58:46.979  5501  5522 D LogWriteUtil.class=LogFileHandlerThread.class: 1getCurrentFileName: LogWriteUtil.logfile=app.log
10-11 16:58:46.979  5501  5522 D LogWriteUtil.class=LogFileHandlerThread.class: 1getFilePath: logFormat=2022-10-11, LogWriteUtil.logPathDir=/custom/metro/log
10-11 16:58:46.979  5501  5522 D LogWriteUtil.class=LogFileHandlerThread.class: 2getFilePath: filePath=/custom/metro/log/2022-10-11
10-11 16:58:46.980  5501  5522 D LogWriteUtil.class=LogFileHandlerThread.class: getFileNameSuffix: file=/custom/metro/log/2022-10-11
10-11 16:58:46.980  5501  5522 D LogWriteUtil.class=LogFileHandlerThread.class: 2getCurrentFileName: index=3, LogWriteUtil.logfile=app.log, getFileNameSuffix=14
10-11 16:58:46.981  5501  5522 D LogWriteUtil.class=LogFileHandlerThread.class: 1getFilePath: logFormat=2022-10-11, LogWriteUtil.logPathDir=/custom/metro/log
10-11 16:58:46.981  5501  5522 D LogWriteUtil.class=LogFileHandlerThread.class: 2getFilePath: filePath=/custom/metro/log/2022-10-11
10-11 16:58:46.981  5501  5522 D LogWriteUtil.class=LogFileHandlerThread.class: getFileNameSuffix: file=/custom/metro/log/2022-10-11
10-11 16:58:46.981  5501  5522 D LogWriteUtil.class=LogFileHandlerThread.class: 3getCurrentFileName: logFileName=app14.log
10-11 16:58:46.981  5501  5522 D TAG     : 2,initFile: /custom/metro/log/2022-10-11/app14.log, logFile.length=0, getCurrentFileName()=app14.log, writeFileName=/custom/metro/log/2022-10-11/app13.log
10-11 16:58:46.982  5501  5522 D LogWriteUtil.class=LogFileHandlerThread.class: 8,initFile: logFile=/custom/metro/log/2022-10-11/app14.log, logFile.length=0
10-11 16:58:46.989  5501  5501 D IndexFragment: initView: applyFxData() - ats=[StationAts(createTime=1665478726, trainGroupNumber=212, serviceNumber=000, trainCrewNumber=000, trainPosition=1, trainRunningPosition=1, railName=T1212, stationID=012, terminalStationID=000, destinationID=000, identityID=+866022012)]
10-11 16:58:47.038  5501  5595 D TAG     : getSystemTime_currentThreadID3s: 98, isActive=true
10-11 16:58:47.210  5501  5501 D LTEGroupManager: mTimeOutHanlder handleMessage: !!!
10-11 16:58:47.210  5501  5501 D LTEGroupManager: retry set scan!!! count is 2
10-11 16:58:47.211  5501  5501 D GroupStatusNormal: updateScanGroupInfo() callStaus is 0
10-11 16:58:47.211  5501  5501 D LTEGroupManager: switch group status GroupStatusNormal -----> GroupStatusSetScan
10-11 16:58:47.211  5501  5501 D LTERILJ : [0043]> RIL_REQUEST_ZTE_UPDATE_SCANGROUPINFO
10-11 16:58:47.272  5501  5557 I LTERILJ : XXX set ScanInfo Failed
10-11 16:58:47.273  5501  5557 D LTERILJ : [UNSL]< RIL_UNSOL_NOTIFY_PTT_SCAN_INFO_RSP
10-11 16:58:47.274  5501  5558 D LTEGroupManager: LteGroupTracker handleMessage: GROUPMANAGER_RESP_UPDATE_SCAN_RSP
10-11 16:58:47.274  5501  5557 D LTERILJ : [0043]< RIL_REQUEST_ZTE_UPDATE_SCANGROUPINFO 
10-11 16:58:47.274  5501  5558 D GroupStatusSetScan: handleUpdateScan result is 1
10-11 16:58:47.274  5501  5558 D LTEGroupManager: switch group status GroupStatusSetScan -----> GroupStatusNormal
10-11 16:58:47.432  5501  5595 D MainViewModel: getSystemTime_currentThreadID2: 98
10-11 16:58:47.543  5501  5595 D TAG     : getSystemTime_currentThreadID3s: 98, isActive=true
10-11 16:58:47.617  5501  5557 I rilj    : EMCI Detial(CellId--->Tav): 5378,255,2,"460702",255,65535,59,65535,255,255,57,28,16,255,1185411028021,0,0,0,0,0,0,0,0
10-11 16:58:47.618  5501  5557 D LTERILJ : [UNSL]< RIL_UNSOL_NOTIFY_EMCI_DETAIL
10-11 16:58:47.619  5501  5554 D LTEPhone: EVENT_FOR_EMCI_DETAIL
10-11 16:58:47.619  5501  5554 D LTEServiceTracker: setCellId cellId:5378,"460702"
10-11 16:58:47.621  5501  5501 I APP_LogUtils.kt: [(LogUtils.kt:50).i()] [com.gbcom.library_base.service.LLteService] lte_resp_sys_for_emci_detail - EmciDetail=com.ztegota.system.common.EmciDetail@5377286
10-11 16:58:47.623  5501  5522 D LogWriteUtil.class=LogFileHandlerThread.class: 1getFilePath: logFormat=2022-10-11, LogWriteUtil.logPathDir=/custom/metro/log
10-11 16:58:47.623  5501  5522 D LogWriteUtil.class=LogFileHandlerThread.class: 2getFilePath: filePath=/custom/metro/log/2022-10-11
10-11 16:58:47.623  5501  5522 D LogWriteUtil.class=LogFileHandlerThread.class: 1getCurrentFileName: LogWriteUtil.logfile=app.log
10-11 16:58:47.624  5501  5522 D LogWriteUtil.class=LogFileHandlerThread.class: 1getFilePath: logFormat=2022-10-11, LogWriteUtil.logPathDir=/custom/metro/log
10-11 16:58:47.624  5501  5522 D LogWriteUtil.class=LogFileHandlerThread.class: 2getFilePath: filePath=/custom/metro/log/2022-10-11
10-11 16:58:47.625  5501  5522 D LogWriteUtil.class=LogFileHandlerThread.class: getFileNameSuffix: file=/custom/metro/log/2022-10-11
10-11 16:58:47.625  5501  5522 D LogWriteUtil.class=LogFileHandlerThread.class: 2getCurrentFileName: index=3, LogWriteUtil.logfile=app.log, getFileNameSuffix=14
10-11 16:58:47.627  5501  5522 D LogWriteUtil.class=LogFileHandlerThread.class: 1getFilePath: logFormat=2022-10-11, LogWriteUtil.logPathDir=/custom/metro/log
10-11 16:58:47.627  5501  5522 D LogWriteUtil.class=LogFileHandlerThread.class: 2getFilePath: filePath=/custom/metro/log/2022-10-11
10-11 16:58:47.627  5501  5522 D LogWriteUtil.class=LogFileHandlerThread.class: getFileNameSuffix: file=/custom/metro/log/2022-10-11
10-11 16:58:47.628  5501  5522 D LogWriteUtil.class=LogFileHandlerThread.class: 3getCurrentFileName: logFileName=app14.log
10-11 16:58:47.628  5501  5522 D LogWriteUtil.class=LogFileHandlerThread.class: 1,initFile: getFilePath()=/custom/metro/log/2022-10-11, getCurrentFileName=app14.log
10-11 16:58:47.629  5501  5522 D LogWriteUtil.class=LogFileHandlerThread.class: 1getFilePath: logFormat=2022-10-11, LogWriteUtil.logPathDir=/custom/metro/log
10-11 16:58:47.629  5501  5522 D LogWriteUtil.class=LogFileHandlerThread.class: 2getFilePath: filePath=/custom/metro/log/2022-10-11
10-11 16:58:47.630  5501  5522 D LogWriteUtil.class=LogFileHandlerThread.class: 1getCurrentFileName: LogWriteUtil.logfile=app.log
10-11 16:58:47.631  5501  5522 D LogWriteUtil.class=LogFileHandlerThread.class: 1getFilePath: logFormat=2022-10-11, LogWriteUtil.logPathDir=/custom/metro/log
10-11 16:58:47.631  5501  5522 D LogWriteUtil.class=LogFileHandlerThread.class: 2getFilePath: filePath=/custom/metro/log/2022-10-11
10-11 16:58:47.631  5501  5522 D LogWriteUtil.class=LogFileHandlerThread.class: getFileNameSuffix: file=/custom/metro/log/2022-10-11
10-11 16:58:47.632  5501  5522 D LogWriteUtil.class=LogFileHandlerThread.class: 2getCurrentFileName: index=3, LogWriteUtil.logfile=app.log, getFileNameSuffix=14
10-11 16:58:47.634  5501  5522 D LogWriteUtil.class=LogFileHandlerThread.class: 1getFilePath: logFormat=2022-10-11, LogWriteUtil.logPathDir=/custom/metro/log
10-11 16:58:47.634  5501  5522 D LogWriteUtil.class=LogFileHandlerThread.class: 2getFilePath: filePath=/custom/metro/log/2022-10-11
10-11 16:58:47.634  5501  5522 D LogWriteUtil.class=LogFileHandlerThread.class: getFileNameSuffix: file=/custom/metro/log/2022-10-11
10-11 16:58:47.635  5501  5522 D LogWriteUtil.class=LogFileHandlerThread.class: 3getCurrentFileName: logFileName=app14.log
10-11 16:58:47.635  5501  5522 D LogWriteUtil.class=LogFileHandlerThread.class: 1getCurrentFileName: LogWriteUtil.logfile=app.log
10-11 16:58:47.636  5501  5522 D LogWriteUtil.class=LogFileHandlerThread.class: 1getFilePath: logFormat=2022-10-11, LogWriteUtil.logPathDir=/custom/metro/log
10-11 16:58:47.636  5501  5522 D LogWriteUtil.class=LogFileHandlerThread.class: 2getFilePath: filePath=/custom/metro/log/2022-10-11
10-11 16:58:47.637  5501  5522 D LogWriteUtil.class=LogFileHandlerThread.class: getFileNameSuffix: file=/custom/metro/log/2022-10-11
10-11 16:58:47.637  5501  5522 D LogWriteUtil.class=LogFileHandlerThread.class: 2getCurrentFileName: index=3, LogWriteUtil.logfile=app.log, getFileNameSuffix=14
10-11 16:58:47.639  5501  5522 D LogWriteUtil.class=LogFileHandlerThread.class: 1getFilePath: logFormat=2022-10-11, LogWriteUtil.logPathDir=/custom/metro/log
10-11 16:58:47.639  5501  5522 D LogWriteUtil.class=LogFileHandlerThread.class: 2getFilePath: filePath=/custom/metro/log/2022-10-11
10-11 16:58:47.639  5501  5522 D LogWriteUtil.class=LogFileHandlerThread.class: getFileNameSuffix: file=/custom/metro/log/2022-10-11
