10-11 16:58:52.837  5501  5522 D TAG     : 2,initFile: /custom/metro/log/2022-10-11/app14.log, logFile.length=0, getCurrentFileName()=app14.log, writeFileName=/custom/metro/log/2022-10-11/app13.log
10-11 16:58:52.837  5501  5522 D LogWriteUtil.class=LogFileHandlerThread.class: 8,initFile: logFile=/custom/metro/log/2022-10-11/app14.log, logFile.length=0
10-11 16:58:52.838  5501  5522 D LogWriteUtil.class=LogFileHandlerThread.class: 1getFilePath: logFormat=2022-10-11, LogWriteUtil.logPathDir=/custom/metro/log
10-11 16:58:52.839  5501  5522 D LogWriteUtil.class=LogFileHandlerThread.class: 2getFilePath: filePath=/custom/metro/log/2022-10-11
10-11 16:58:52.839  5501  5522 D LogWriteUtil.class=LogFileHandlerThread.class: 1getCurrentFileName: LogWriteUtil.logfile=app.log
10-11 16:58:52.840  5501  5522 D LogWriteUtil.class=LogFileHandlerThread.class: 1getFilePath: logFormat=2022-10-11, LogWriteUtil.logPathDir=/custom/metro/log
10-11 16:58:52.840  5501  5522 D LogWriteUtil.class=LogFileHandlerThread.class: 2getFilePath: filePath=/custom/metro/log/2022-10-11
10-11 16:58:52.840  5501  5522 D LogWriteUtil.class=LogFileHandlerThread.class: getFileNameSuffix: file=/custom/metro/log/2022-10-11
10-11 16:58:52.841  5501  5522 D LogWriteUtil.class=LogFileHandlerThread.class: 2getCurrentFileName: index=3, LogWriteUtil.logfile=app.log, getFileNameSuffix=14
10-11 16:58:52.841  5501  5522 D LogWriteUtil.class=LogFileHandlerThread.class: 1getFilePath: logFormat=2022-10-11, LogWriteUtil.logPathDir=/custom/metro/log
10-11 16:58:52.841  5501  5522 D LogWriteUtil.class=LogFileHandlerThread.class: 2getFilePath: filePath=/custom/metro/log/2022-10-11
10-11 16:58:52.842  5501  5522 D LogWriteUtil.class=LogFileHandlerThread.class: getFileNameSuffix: file=/custom/metro/log/2022-10-11
10-11 16:58:52.842  5501  5522 D LogWriteUtil.class=LogFileHandlerThread.class: 3getCurrentFileName: logFileName=app14.log
10-11 16:58:52.842  5501  5522 D LogWriteUtil.class=LogFileHandlerThread.class: 1,initFile: getFilePath()=/custom/metro/log/2022-10-11, getCurrentFileName=app14.log
10-11 16:58:52.843  5501  5522 D LogWriteUtil.class=LogFileHandlerThread.class: 1getFilePath: logFormat=2022-10-11, LogWriteUtil.logPathDir=/custom/metro/log
10-11 16:58:52.843  5501  5522 D LogWriteUtil.class=LogFileHandlerThread.class: 2getFilePath: filePath=/custom/metro/log/2022-10-11
10-11 16:58:52.843  5501  5522 D LogWriteUtil.class=LogFileHandlerThread.class: 1getCurrentFileName: LogWriteUtil.logfile=app.log
10-11 16:58:52.847  5501  5522 D LogWriteUtil.class=LogFileHandlerThread.class: 1getFilePath: logFormat=2022-10-11, LogWriteUtil.logPathDir=/custom/metro/log
10-11 16:58:52.847  5501  5522 D LogWriteUtil.class=LogFileHandlerThread.class: 2getFilePath: filePath=/custom/metro/log/2022-10-11
10-11 16:58:52.847  5501  5522 D LogWriteUtil.class=LogFileHandlerThread.class: getFileNameSuffix: file=/custom/metro/log/2022-10-11
10-11 16:58:52.848  5501  5522 D LogWriteUtil.class=LogFileHandlerThread.class: 2getCurrentFileName: index=3, LogWriteUtil.logfile=app.log, getFileNameSuffix=14
10-11 16:58:52.848  5501  5522 D LogWriteUtil.class=LogFileHandlerThread.class: 1getFilePath: logFormat=2022-10-11, LogWriteUtil.logPathDir=/custom/metro/log
10-11 16:58:52.848  5501  5522 D LogWriteUtil.class=LogFileHandlerThread.class: 2getFilePath: filePath=/custom/metro/log/2022-10-11
10-11 16:58:52.849  5501  5522 D LogWriteUtil.class=LogFileHandlerThread.class: getFileNameSuffix: file=/custom/metro/log/2022-10-11
10-11 16:58:52.849  5501  5522 D LogWriteUtil.class=LogFileHandlerThread.class: 3getCurrentFileName: logFileName=app14.log
10-11 16:58:52.849  5501  5522 D LogWriteUtil.class=LogFileHandlerThread.class: 1getCurrentFileName: LogWriteUtil.logfile=app.log
10-11 16:58:52.850  5501  5522 D LogWriteUtil.class=LogFileHandlerThread.class: 1getFilePath: logFormat=2022-10-11, LogWriteUtil.logPathDir=/custom/metro/log
10-11 16:58:52.850  5501  5522 D LogWriteUtil.class=LogFileHandlerThread.class: 2getFilePath: filePath=/custom/metro/log/2022-10-11
10-11 16:58:52.850  5501  5522 D LogWriteUtil.class=LogFileHandlerThread.class: getFileNameSuffix: file=/custom/metro/log/2022-10-11
10-11 16:58:52.851  5501  5522 D LogWriteUtil.class=LogFileHandlerThread.class: 2getCurrentFileName: index=3, LogWriteUtil.logfile=app.log, getFileNameSuffix=14
10-11 16:58:52.851  5501  5522 D LogWriteUtil.class=LogFileHandlerThread.class: 1getFilePath: logFormat=2022-10-11, LogWriteUtil.logPathDir=/custom/metro/log
10-11 16:58:52.852  5501  5522 D LogWriteUtil.class=LogFileHandlerThread.class: 2getFilePath: filePath=/custom/metro/log/2022-10-11
10-11 16:58:52.852  5501  5522 D LogWriteUtil.class=LogFileHandlerThread.class: getFileNameSuffix: file=/custom/metro/log/2022-10-11
10-11 16:58:52.852  5501  5522 D LogWriteUtil.class=LogFileHandlerThread.class: 3getCurrentFileName: logFileName=app14.log
10-11 16:58:52.852  5501  5522 D TAG     : 2,initFile: /custom/metro/log/2022-10-11/app14.log, logFile.length=0, getCurrentFileName()=app14.log, writeFileName=/custom/metro/log/2022-10-11/app13.log
10-11 16:58:52.853  5501  5522 D LogWriteUtil.class=LogFileHandlerThread.class: 8,initFile: logFile=/custom/metro/log/2022-10-11/app14.log, logFile.length=0
10-11 16:58:52.859  5501  5501 D MainActivity: updateSignalIcon: signal=4
10-11 16:58:52.862  5501  5566 D UdpDisServices: udp receive - api receive data disApi, udp service id=86  - udp.packet.address=/172.2.208.8, udp.pack.socketAddress=/172.2.208.8:64002, udp.port=64002- running=true - message={"MsgSeqID":1255785,"MsgName":"DisReceivedNotify","MsgInfo":{"AppMsgSeqID":34,"Code":10001}}
10-11 16:58:52.863  5501  5566 I APP_LogUtils.kt: [(LogUtils.kt:50).i()] [UdpDisServices] udp receive - api receive data disApi, udp service id=86 - running=true  - ip=/172.2.208.8 - port=64002 - message={"MsgSeqID":1255785,"MsgName":"DisReceivedNotify","MsgInfo":{"AppMsgSeqID":34,"Code":10001}}
10-11 16:58:52.865  5501  5522 D LogWriteUtil.class=LogFileHandlerThread.class: 1getFilePath: logFormat=2022-10-11, LogWriteUtil.logPathDir=/custom/metro/log
10-11 16:58:52.865  5501  5522 D LogWriteUtil.class=LogFileHandlerThread.class: 2getFilePath: filePath=/custom/metro/log/2022-10-11
10-11 16:58:52.865  5501  5522 D LogWriteUtil.class=LogFileHandlerThread.class: 1getCurrentFileName: LogWriteUtil.logfile=app.log
10-11 16:58:52.866  5501  5522 D LogWriteUtil.class=LogFileHandlerThread.class: 1getFilePath: logFormat=2022-10-11, LogWriteUtil.logPathDir=/custom/metro/log
10-11 16:58:52.866  5501  5522 D LogWriteUtil.class=LogFileHandlerThread.class: 2getFilePath: filePath=/custom/metro/log/2022-10-11
10-11 16:58:52.866  5501  5522 D LogWriteUtil.class=LogFileHandlerThread.class: getFileNameSuffix: file=/custom/metro/log/2022-10-11
10-11 16:58:52.866  5501  5522 D LogWriteUtil.class=LogFileHandlerThread.class: 2getCurrentFileName: index=3, LogWriteUtil.logfile=app.log, getFileNameSuffix=14
10-11 16:58:52.867  5501  5522 D LogWriteUtil.class=LogFileHandlerThread.class: 1getFilePath: logFormat=2022-10-11, LogWriteUtil.logPathDir=/custom/metro/log
10-11 16:58:52.868  5501  5522 D LogWriteUtil.class=LogFileHandlerThread.class: 2getFilePath: filePath=/custom/metro/log/2022-10-11
10-11 16:58:52.868  5501  5522 D LogWriteUtil.class=LogFileHandlerThread.class: getFileNameSuffix: file=/custom/metro/log/2022-10-11
10-11 16:58:52.868  5501  5522 D LogWriteUtil.class=LogFileHandlerThread.class: 3getCurrentFileName: logFileName=app14.log
10-11 16:58:52.868  5501  5522 D LogWriteUtil.class=LogFileHandlerThread.class: 1,initFile: getFilePath()=/custom/metro/log/2022-10-11, getCurrentFileName=app14.log
10-11 16:58:52.869  5501  5522 D LogWriteUtil.class=LogFileHandlerThread.class: 1getFilePath: logFormat=2022-10-11, LogWriteUtil.logPathDir=/custom/metro/log
10-11 16:58:52.869  5501  5522 D LogWriteUtil.class=LogFileHandlerThread.class: 2getFilePath: filePath=/custom/metro/log/2022-10-11
10-11 16:58:52.869  5501  5522 D LogWriteUtil.class=LogFileHandlerThread.class: 1getCurrentFileName: LogWriteUtil.logfile=app.log
10-11 16:58:52.869  5501  5522 D LogWriteUtil.class=LogFileHandlerThread.class: 1getFilePath: logFormat=2022-10-11, LogWriteUtil.logPathDir=/custom/metro/log
10-11 16:58:52.869  5501  5522 D LogWriteUtil.class=LogFileHandlerThread.class: 2getFilePath: filePath=/custom/metro/log/2022-10-11
10-11 16:58:52.870  5501  5522 D LogWriteUtil.class=LogFileHandlerThread.class: getFileNameSuffix: file=/custom/metro/log/2022-10-11
10-11 16:58:52.870  5501  5522 D LogWriteUtil.class=LogFileHandlerThread.class: 2getCurrentFileName: index=3, LogWriteUtil.logfile=app.log, getFileNameSuffix=14
10-11 16:58:52.870  5501  5522 D LogWriteUtil.class=LogFileHandlerThread.class: 1getFilePath: logFormat=2022-10-11, LogWriteUtil.logPathDir=/custom/metro/log
10-11 16:58:52.873  5501  5522 D LogWriteUtil.class=LogFileHandlerThread.class: 2getFilePath: filePath=/custom/metro/log/2022-10-11
10-11 16:58:52.873  5501  5522 D LogWriteUtil.class=LogFileHandlerThread.class: getFileNameSuffix: file=/custom/metro/log/2022-10-11
10-11 16:58:52.873  5501  5522 D LogWriteUtil.class=LogFileHandlerThread.class: 3getCurrentFileName: logFileName=app14.log
10-11 16:58:52.874  5501  5522 D LogWriteUtil.class=LogFileHandlerThread.class: 1getCurrentFileName: LogWriteUtil.logfile=app.log
10-11 16:58:52.874  5501  5522 D LogWriteUtil.class=LogFileHandlerThread.class: 1getFilePath: logFormat=2022-10-11, LogWriteUtil.logPathDir=/custom/metro/log
10-11 16:58:52.875  5501  5522 D LogWriteUtil.class=LogFileHandlerThread.class: 2getFilePath: filePath=/custom/metro/log/2022-10-11
10-11 16:58:52.875  5501  5522 D LogWriteUtil.class=LogFileHandlerThread.class: getFileNameSuffix: file=/custom/metro/log/2022-10-11
10-11 16:58:52.875  5501  5522 D LogWriteUtil.class=LogFileHandlerThread.class: 2getCurrentFileName: index=3, LogWriteUtil.logfile=app.log, getFileNameSuffix=14
10-11 16:58:52.876  5501  5522 D LogWriteUtil.class=LogFileHandlerThread.class: 1getFilePath: logFormat=2022-10-11, LogWriteUtil.logPathDir=/custom/metro/log
10-11 16:58:52.876  5501  5522 D LogWriteUtil.class=LogFileHandlerThread.class: 2getFilePath: filePath=/custom/metro/log/2022-10-11
10-11 16:58:52.876  5501  5522 D LogWriteUtil.class=LogFileHandlerThread.class: getFileNameSuffix: file=/custom/metro/log/2022-10-11
10-11 16:58:52.876  5501  5522 D LogWriteUtil.class=LogFileHandlerThread.class: 3getCurrentFileName: logFileName=app14.log
10-11 16:58:52.877  5501  5522 D TAG     : 2,initFile: /custom/metro/log/2022-10-11/app14.log, logFile.length=0, getCurrentFileName()=app14.log, writeFileName=/custom/metro/log/2022-10-11/app13.log
10-11 16:58:52.877  5501  5522 D LogWriteUtil.class=LogFileHandlerThread.class: 8,initFile: logFile=/custom/metro/log/2022-10-11/app14.log, logFile.length=0
10-11 16:58:52.884  5501  5501 E train_jni_log: getHandsetStatus===popen buffer=0
10-11 16:58:52.884  5501  5501 E train_jni_log: getHandsetStatus===popen iRet=0
10-11 16:58:52.886  5501  5501 D TAG     : getHeadsetStatus: 0
10-11 16:58:52.888  5501  5501 D TAG     : getHeadsetStatus: headsetStatus=200
10-11 16:58:52.888  5501  5501 D TAG     : getHeadsetStatus: headsetStatus2=200
10-11 16:58:52.890  5501  5597 D BtrunCConfig: isR2Nubmer is true
10-11 16:58:52.891  5501  5566 D UdpDisServices: udp receive - api receive data disApi, udp service id=86  - udp.packet.address=/172.2.208.8, udp.pack.socketAddress=/172.2.208.8:64002, udp.port=64002- running=true - message={"MsgSeqID":1255786,"MsgName":"GetStationATSRsp","MsgInfo":{"Code":10011,"StationATSInfos":[{"TrainGroupNumber":"212","ServiceNumber":"000","TrainCrewNumber":"000","TrainPosition":"1","TrainRunningPosition":"1","RailName":"T1212","StationID":"012","TerminalStationID":"000","DestinationID":"000"}]}}
10-11 16:58:52.891  5501  5597 D com.ztegota.system.GotaSystem: getMdn +866022012
10-11 16:58:52.891  5501  5597 D TAG     : getUserId: userId2=+866022012
10-11 16:58:52.891  5501  5566 I APP_LogUtils.kt: [(LogUtils.kt:50).i()] [UdpDisServices] udp receive - api receive data disApi, udp service id=86 - running=true  - ip=/172.2.208.8 - port=64002 - message={"MsgSeqID":1255786,"MsgName":"GetStationATSRsp","MsgInfo":{"Code":10011,"StationATSInfos":[{"TrainGroupNumber":"212","ServiceNumber":"000","TrainCrewNumber":"000","TrainPosition":"1","TrainRunningPosition":"1","RailName":"T1212","StationID":"012","TerminalStationID":"000","DestinationID":"000"}]}}
10-11 16:58:52.891  5501  5597 D MainViewModel: getLteIp: test1111111=172.2.200.12
10-11 16:58:52.892  5501  5566 D UdpDisServices: udp receive - api receive data disApi, udp service id=86  - udp.packet.address=/172.2.208.8, udp.pack.socketAddress=/172.2.208.8:64002, udp.port=64002- running=true - message={"MsgSeqID":1255787,"MsgName":"DisReceivedNotify","MsgInfo":{"AppMsgSeqID":35,"Code":10001}}
10-11 16:58:52.892  5501  5566 I APP_LogUtils.kt: [(LogUtils.kt:50).i()] [UdpDisServices] udp receive - api receive data disApi, udp service id=86 - running=true  - ip=/172.2.208.8 - port=64002 - message={"MsgSeqID":1255787,"MsgName":"DisReceivedNotify","MsgInfo":{"AppMsgSeqID":35,"Code":10001}}
10-11 16:58:52.892  5501  5595 I APP_LogUtils.kt: [(LogUtils.kt:50).i()] [MainViewModel] GotaSystem SDK:V2.13 2021-04-20, Host Soft Version:GM655+V1.0.6.8B02, Host Hard Version:GM655MB_C, Host Build Time:2021 12 28  16:23:13 CST;
10-11 16:58:52.892  5501  5522 D LogWriteUtil.class=LogFileHandlerThread.class: 1getFilePath: logFormat=2022-10-11, LogWriteUtil.logPathDir=/custom/metro/log
10-11 16:58:52.893  5501  5522 D LogWriteUtil.class=LogFileHandlerThread.class: 2getFilePath: filePath=/custom/metro/log/2022-10-11
10-11 16:58:52.893  5501  5522 D LogWriteUtil.class=LogFileHandlerThread.class: 1getCurrentFileName: LogWriteUtil.logfile=app.log
10-11 16:58:52.893  5501  5522 D LogWriteUtil.class=LogFileHandlerThread.class: 1getFilePath: logFormat=2022-10-11, LogWriteUtil.logPathDir=/custom/metro/log
10-11 16:58:52.893  5501  5522 D LogWriteUtil.class=LogFileHandlerThread.class: 2getFilePath: filePath=/custom/metro/log/2022-10-11
10-11 16:58:52.894  5501  5522 D LogWriteUtil.class=LogFileHandlerThread.class: getFileNameSuffix: file=/custom/metro/log/2022-10-11
10-11 16:58:52.894  5501  5522 D LogWriteUtil.class=LogFileHandlerThread.class: 2getCurrentFileName: index=3, LogWriteUtil.logfile=app.log, getFileNameSuffix=14
10-11 16:58:52.895  5501  5522 D LogWriteUtil.class=LogFileHandlerThread.class: 1getFilePath: logFormat=2022-10-11, LogWriteUtil.logPathDir=/custom/metro/log
10-11 16:58:52.895  5501  5522 D LogWriteUtil.class=LogFileHandlerThread.class: 2getFilePath: filePath=/custom/metro/log/2022-10-11
10-11 16:58:52.895  5501  5522 D LogWriteUtil.class=LogFileHandlerThread.class: getFileNameSuffix: file=/custom/metro/log/2022-10-11
10-11 16:58:52.895  5501  5522 D LogWriteUtil.class=LogFileHandlerThread.class: 3getCurrentFileName: logFileName=app14.log
10-11 16:58:52.896  5501  5522 D LogWriteUtil.class=LogFileHandlerThread.class: 1,initFile: getFilePath()=/custom/metro/log/2022-10-11, getCurrentFileName=app14.log
10-11 16:58:52.896  5501  5522 D LogWriteUtil.class=LogFileHandlerThread.class: 1getFilePath: logFormat=2022-10-11, LogWriteUtil.logPathDir=/custom/metro/log
10-11 16:58:52.896  5501  5522 D LogWriteUtil.class=LogFileHandlerThread.class: 2getFilePath: filePath=/custom/metro/log/2022-10-11
10-11 16:58:52.897  5501  5522 D LogWriteUtil.class=LogFileHandlerThread.class: 1getCurrentFileName: LogWriteUtil.logfile=app.log
10-11 16:58:52.897  5501  5522 D LogWriteUtil.class=LogFileHandlerThread.class: 1getFilePath: logFormat=2022-10-11, LogWriteUtil.logPathDir=/custom/metro/log
10-11 16:58:52.897  5501  5522 D LogWriteUtil.class=LogFileHandlerThread.class: 2getFilePath: filePath=/custom/metro/log/2022-10-11
10-11 16:58:52.898  5501  5522 D LogWriteUtil.class=LogFileHandlerThread.class: getFileNameSuffix: file=/custom/metro/log/2022-10-11
10-11 16:58:52.898  5501  5501 D MainActivity: onMessageEvent  -- gginit: disApi, id=1---event={"MsgSeqID":1255785,"MsgName":"DisReceivedNotify","MsgInfo":{"AppMsgSeqID":34,"Code":10001}}
10-11 16:58:52.898  5501  5501 D MainViewModel: 1processDisApi: disApi, id=1
10-11 16:58:52.898  5501  5522 D LogWriteUtil.class=LogFileHandlerThread.class: 2getCurrentFileName: index=3, LogWriteUtil.logfile=app.log, getFileNameSuffix=14
10-11 16:58:52.899  5501  5522 D LogWriteUtil.class=LogFileHandlerThread.class: 1getFilePath: logFormat=2022-10-11, LogWriteUtil.logPathDir=/custom/metro/log
10-11 16:58:52.899  5501  5522 D LogWriteUtil.class=LogFileHandlerThread.class: 2getFilePath: filePath=/custom/metro/log/2022-10-11
10-11 16:58:52.899  5501  5522 D LogWriteUtil.class=LogFileHandlerThread.class: getFileNameSuffix: file=/custom/metro/log/2022-10-11
10-11 16:58:52.899  5501  5522 D LogWriteUtil.class=LogFileHandlerThread.class: 3getCurrentFileName: logFileName=app14.log
10-11 16:58:52.900  5501  5522 D LogWriteUtil.class=LogFileHandlerThread.class: 1getCurrentFileName: LogWriteUtil.logfile=app.log
10-11 16:58:52.901  5501  5522 D LogWriteUtil.class=LogFileHandlerThread.class: 1getFilePath: logFormat=2022-10-11, LogWriteUtil.logPathDir=/custom/metro/log
10-11 16:58:52.901  5501  5501 D MainActivity: onMessageEvent  -- gginit: disApi, id=1---event={"MsgSeqID":1255786,"MsgName":"GetStationATSRsp","MsgInfo":{"Code":10011,"StationATSInfos":[{"TrainGroupNumber":"212","ServiceNumber":"000","TrainCrewNumber":"000","TrainPosition":"1","TrainRunningPosition":"1","RailName":"T1212","StationID":"012","TerminalStationID":"000","DestinationID":"000"}]}}
10-11 16:58:52.901  5501  5522 D LogWriteUtil.class=LogFileHandlerThread.class: 2getFilePath: filePath=/custom/metro/log/2022-10-11
10-11 16:58:52.901  5501  5501 D MainViewModel: 1processDisApi: disApi, id=1
10-11 16:58:52.901  5501  5522 D LogWriteUtil.class=LogFileHandlerThread.class: getFileNameSuffix: file=/custom/metro/log/2022-10-11
10-11 16:58:52.902  5501  5501 D MainActivity: onMessageEvent  -- gginit: disApi, id=1---event={"MsgSeqID":1255787,"MsgName":"DisReceivedNotify","MsgInfo":{"AppMsgSeqID":35,"Code":10001}}
10-11 16:58:52.902  5501  5501 D MainViewModel: 1processDisApi: disApi, id=1
10-11 16:58:52.902  5501  5602 D DisApiSingletonReceive: processingData: disApi, id=105 - data={"MsgSeqID":1255785,"MsgName":"DisReceivedNotify","MsgInfo":{"AppMsgSeqID":34,"Code":10001}}
10-11 16:58:52.902  5501  5595 D DisApiSingletonReceive: processingData: disApi, id=98 - data={"MsgSeqID":1255786,"MsgName":"GetStationATSRsp","MsgInfo":{"Code":10011,"StationATSInfos":[{"TrainGroupNumber":"212","ServiceNumber":"000","TrainCrewNumber":"000","TrainPosition":"1","TrainRunningPosition":"1","RailName":"T1212","StationID":"012","TerminalStationID":"000","DestinationID":"000"}]}}
10-11 16:58:52.902  5501  5522 D LogWriteUtil.class=LogFileHandlerThread.class: 2getCurrentFileName: index=3, LogWriteUtil.logfile=app.log, getFileNameSuffix=14
10-11 16:58:52.902  5501  5501 D MainActivity: showStatus: aa---result---result=true, url=192.168.42.131
10-11 16:58:52.903  5501  5601 D DisApiSingletonReceive: processingData: disApi, id=104 - data={"MsgSeqID":1255787,"MsgName":"DisReceivedNotify","MsgInfo":{"AppMsgSeqID":35,"Code":10001}}
10-11 16:58:52.904  5501  5522 D LogWriteUtil.class=LogFileHandlerThread.class: 1getFilePath: logFormat=2022-10-11, LogWriteUtil.logPathDir=/custom/metro/log
10-11 16:58:52.904  5501  5522 D LogWriteUtil.class=LogFileHandlerThread.class: 2getFilePath: filePath=/custom/metro/log/2022-10-11
10-11 16:58:52.904  5501  5522 D LogWriteUtil.class=LogFileHandlerThread.class: getFileNameSuffix: file=/custom/metro/log/2022-10-11
10-11 16:58:52.905  5501  5522 D LogWriteUtil.class=LogFileHandlerThread.class: 3getCurrentFileName: logFileName=app14.log
10-11 16:58:52.905  5501  5522 D TAG     : 2,initFile: /custom/metro/log/2022-10-11/app14.log, logFile.length=0, getCurrentFileName()=app14.log, writeFileName=/custom/metro/log/2022-10-11/app13.log
10-11 16:58:52.905  5501  5522 D LogWriteUtil.class=LogFileHandlerThread.class: 8,initFile: logFile=/custom/metro/log/2022-10-11/app14.log, logFile.length=0
10-11 16:58:52.906  5501  5601 D DisApiSingletonReceive: processingDisReceivedNotify: info=DisReceivedNotifyApiData(msgName=DisReceivedNotify, msgSeqID=1255787, msgInfo=ReceivedNotifyData(appMsgSeqID=0, code=10001))
10-11 16:58:52.907  5501  5522 D LogWriteUtil.class=LogFileHandlerThread.class: 1getFilePath: logFormat=2022-10-11, LogWriteUtil.logPathDir=/custom/metro/log
10-11 16:58:52.907  5501  5522 D LogWriteUtil.class=LogFileHandlerThread.class: 2getFilePath: filePath=/custom/metro/log/2022-10-11
10-11 16:58:52.907  5501  5522 D LogWriteUtil.class=LogFileHandlerThread.class: 1getCurrentFileName: LogWriteUtil.logfile=app.log
10-11 16:58:52.908  5501  5522 D LogWriteUtil.class=LogFileHandlerThread.class: 1getFilePath: logFormat=2022-10-11, LogWriteUtil.logPathDir=/custom/metro/log
10-11 16:58:52.908  5501  5522 D LogWriteUtil.class=LogFileHandlerThread.class: 2getFilePath: filePath=/custom/metro/log/2022-10-11
10-11 16:58:52.908  5501  5522 D LogWriteUtil.class=LogFileHandlerThread.class: getFileNameSuffix: file=/custom/metro/log/2022-10-11
10-11 16:58:52.908  5501  5522 D LogWriteUtil.class=LogFileHandlerThread.class: 2getCurrentFileName: index=3, LogWriteUtil.logfile=app.log, getFileNameSuffix=14
10-11 16:58:52.909  5501  5522 D LogWriteUtil.class=LogFileHandlerThread.class: 1getFilePath: logFormat=2022-10-11, LogWriteUtil.logPathDir=/custom/metro/log
10-11 16:58:52.909  5501  5522 D LogWriteUtil.class=LogFileHandlerThread.class: 2getFilePath: filePath=/custom/metro/log/2022-10-11
10-11 16:58:52.909  5501  5522 D LogWriteUtil.class=LogFileHandlerThread.class: getFileNameSuffix: file=/custom/metro/log/2022-10-11
10-11 16:58:52.910  5501  5595 D DisApiSingletonReceive: parseStationAtsData: atsInfo=com.gbcom.library_base.data.StationAtsApiData@ddb4d21
10-11 16:58:52.910  5501  5522 D LogWriteUtil.class=LogFileHandlerThread.class: 3getCurrentFileName: logFileName=app14.log
10-11 16:58:52.910  5501  5595 D BtrunCConfig: isR2Nubmer is true
10-11 16:58:52.910  5501  5522 D LogWriteUtil.class=LogFileHandlerThread.class: 1,initFile: getFilePath()=/custom/metro/log/2022-10-11, getCurrentFileName=app14.log
10-11 16:58:52.910  5501  5595 D com.ztegota.system.GotaSystem: getMdn +866022012
10-11 16:58:52.910  5501  5595 D TAG     : getUserId: userId2=+866022012
10-11 16:58:52.911  5501  5522 D LogWriteUtil.class=LogFileHandlerThread.class: 1getFilePath: logFormat=2022-10-11, LogWriteUtil.logPathDir=/custom/metro/log
10-11 16:58:52.911  5501  5522 D LogWriteUtil.class=LogFileHandlerThread.class: 2getFilePath: filePath=/custom/metro/log/2022-10-11
10-11 16:58:52.911  5501  5522 D LogWriteUtil.class=LogFileHandlerThread.class: 1getCurrentFileName: LogWriteUtil.logfile=app.log
10-11 16:58:52.912  5501  5522 D LogWriteUtil.class=LogFileHandlerThread.class: 1getFilePath: logFormat=2022-10-11, LogWriteUtil.logPathDir=/custom/metro/log
10-11 16:58:52.912  5501  5522 D LogWriteUtil.class=LogFileHandlerThread.class: 2getFilePath: filePath=/custom/metro/log/2022-10-11
10-11 16:58:52.912  5501  5522 D LogWriteUtil.class=LogFileHandlerThread.class: getFileNameSuffix: file=/custom/metro/log/2022-10-11
10-11 16:58:52.912  5501  5522 D LogWriteUtil.class=LogFileHandlerThread.class: 2getCurrentFileName: index=3, LogWriteUtil.logfile=app.log, getFileNameSuffix=14
10-11 16:58:52.913  5501  5522 D LogWriteUtil.class=LogFileHandlerThread.class: 1getFilePath: logFormat=2022-10-11, LogWriteUtil.logPathDir=/custom/metro/log
10-11 16:58:52.913  5501  5522 D LogWriteUtil.class=LogFileHandlerThread.class: 2getFilePath: filePath=/custom/metro/log/2022-10-11
10-11 16:58:52.913  5501  5522 D LogWriteUtil.class=LogFileHandlerThread.class: getFileNameSuffix: file=/custom/metro/log/2022-10-11
10-11 16:58:52.913  5501  5522 D LogWriteUtil.class=LogFileHandlerThread.class: 3getCurrentFileName: logFileName=app14.log
10-11 16:58:52.914  5501  5522 D LogWriteUtil.class=LogFileHandlerThread.class: 1getCurrentFileName: LogWriteUtil.logfile=app.log
10-11 16:58:52.914  5501  5522 D LogWriteUtil.class=LogFileHandlerThread.class: 1getFilePath: logFormat=2022-10-11, LogWriteUtil.logPathDir=/custom/metro/log
10-11 16:58:52.914  5501  5522 D LogWriteUtil.class=LogFileHandlerThread.class: 2getFilePath: filePath=/custom/metro/log/2022-10-11
10-11 16:58:52.914  5501  5522 D LogWriteUtil.class=LogFileHandlerThread.class: getFileNameSuffix: file=/custom/metro/log/2022-10-11
10-11 16:58:52.915  5501  5522 D LogWriteUtil.class=LogFileHandlerThread.class: 2getCurrentFileName: index=3, LogWriteUtil.logfile=app.log, getFileNameSuffix=14
10-11 16:58:52.916  5501  5522 D LogWriteUtil.class=LogFileHandlerThread.class: 1getFilePath: logFormat=2022-10-11, LogWriteUtil.logPathDir=/custom/metro/log
10-11 16:58:52.916  5501  5522 D LogWriteUtil.class=LogFileHandlerThread.class: 2getFilePath: filePath=/custom/metro/log/2022-10-11
10-11 16:58:52.916  5501  5522 D LogWriteUtil.class=LogFileHandlerThread.class: getFileNameSuffix: file=/custom/metro/log/2022-10-11
10-11 16:58:52.916  5501  5602 D DisApiSingletonReceive: processingDisReceivedNotify: info=DisReceivedNotifyApiData(msgName=DisReceivedNotify, msgSeqID=1255785, msgInfo=ReceivedNotifyData(appMsgSeqID=0, code=10001))
10-11 16:58:52.916  5501  5522 D LogWriteUtil.class=LogFileHandlerThread.class: 3getCurrentFileName: logFileName=app14.log
10-11 16:58:52.916  5501  5522 D TAG     : 2,initFile: /custom/metro/log/2022-10-11/app14.log, logFile.length=0, getCurrentFileName()=app14.log, writeFileName=/custom/metro/log/2022-10-11/app13.log
10-11 16:58:52.917  5501  5522 D LogWriteUtil.class=LogFileHandlerThread.class: 8,initFile: logFile=/custom/metro/log/2022-10-11/app14.log, logFile.length=0
10-11 16:58:52.918  5501  5522 D LogWriteUtil.class=LogFileHandlerThread.class: 1getFilePath: logFormat=2022-10-11, LogWriteUtil.logPathDir=/custom/metro/log
10-11 16:58:52.918  5501  5522 D LogWriteUtil.class=LogFileHandlerThread.class: 2getFilePath: filePath=/custom/metro/log/2022-10-11
10-11 16:58:52.918  5501  5522 D LogWriteUtil.class=LogFileHandlerThread.class: 1getCurrentFileName: LogWriteUtil.logfile=app.log
10-11 16:58:52.919  5501  5522 D LogWriteUtil.class=LogFileHandlerThread.class: 1getFilePath: logFormat=2022-10-11, LogWriteUtil.logPathDir=/custom/metro/log
10-11 16:58:52.919  5501  5522 D LogWriteUtil.class=LogFileHandlerThread.class: 2getFilePath: filePath=/custom/metro/log/2022-10-11
10-11 16:58:52.919  5501  5522 D LogWriteUtil.class=LogFileHandlerThread.class: getFileNameSuffix: file=/custom/metro/log/2022-10-11
10-11 16:58:52.920  5501  5522 D LogWriteUtil.class=LogFileHandlerThread.class: 2getCurrentFileName: index=3, LogWriteUtil.logfile=app.log, getFileNameSuffix=14
10-11 16:58:52.920  5501  5522 D LogWriteUtil.class=LogFileHandlerThread.class: 1getFilePath: logFormat=2022-10-11, LogWriteUtil.logPathDir=/custom/metro/log
10-11 16:58:52.920  5501  5522 D LogWriteUtil.class=LogFileHandlerThread.class: 2getFilePath: filePath=/custom/metro/log/2022-10-11
10-11 16:58:52.920  5501  5522 D LogWriteUtil.class=LogFileHandlerThread.class: getFileNameSuffix: file=/custom/metro/log/2022-10-11
10-11 16:58:52.920  5501  5522 D LogWriteUtil.class=LogFileHandlerThread.class: 3getCurrentFileName: logFileName=app14.log
10-11 16:58:52.920  5501  5522 D LogWriteUtil.class=LogFileHandlerThread.class: 1,initFile: getFilePath()=/custom/metro/log/2022-10-11, getCurrentFileName=app14.log
10-11 16:58:52.921  5501  5522 D LogWriteUtil.class=LogFileHandlerThread.class: 1getFilePath: logFormat=2022-10-11, LogWriteUtil.logPathDir=/custom/metro/log
10-11 16:58:52.921  5501  5522 D LogWriteUtil.class=LogFileHandlerThread.class: 2getFilePath: filePath=/custom/metro/log/2022-10-11
10-11 16:58:52.921  5501  5522 D LogWriteUtil.class=LogFileHandlerThread.class: 1getCurrentFileName: LogWriteUtil.logfile=app.log
10-11 16:58:52.922  5501  5522 D LogWriteUtil.class=LogFileHandlerThread.class: 1getFilePath: logFormat=2022-10-11, LogWriteUtil.logPathDir=/custom/metro/log
10-11 16:58:52.922  5501  5522 D LogWriteUtil.class=LogFileHandlerThread.class: 2getFilePath: filePath=/custom/metro/log/2022-10-11
10-11 16:58:52.922  5501  5522 D LogWriteUtil.class=LogFileHandlerThread.class: getFileNameSuffix: file=/custom/metro/log/2022-10-11
10-11 16:58:52.923  5501  5522 D LogWriteUtil.class=LogFileHandlerThread.class: 2getCurrentFileName: index=3, LogWriteUtil.logfile=app.log, getFileNameSuffix=14
10-11 16:58:52.923  5501  5522 D LogWriteUtil.class=LogFileHandlerThread.class: 1getFilePath: logFormat=2022-10-11, LogWriteUtil.logPathDir=/custom/metro/log
10-11 16:58:52.923  5501  5522 D LogWriteUtil.class=LogFileHandlerThread.class: 2getFilePath: filePath=/custom/metro/log/2022-10-11
10-11 16:58:52.923  5501  5522 D LogWriteUtil.class=LogFileHandlerThread.class: getFileNameSuffix: file=/custom/metro/log/2022-10-11
10-11 16:58:52.924  5501  5522 D LogWriteUtil.class=LogFileHandlerThread.class: 3getCurrentFileName: logFileName=app14.log
10-11 16:58:52.924  5501  5522 D LogWriteUtil.class=LogFileHandlerThread.class: 1getCurrentFileName: LogWriteUtil.logfile=app.log
10-11 16:58:52.924  5501  5522 D LogWriteUtil.class=LogFileHandlerThread.class: 1getFilePath: logFormat=2022-10-11, LogWriteUtil.logPathDir=/custom/metro/log
10-11 16:58:52.924  5501  5522 D LogWriteUtil.class=LogFileHandlerThread.class: 2getFilePath: filePath=/custom/metro/log/2022-10-11
10-11 16:58:52.924  5501  5522 D LogWriteUtil.class=LogFileHandlerThread.class: getFileNameSuffix: file=/custom/metro/log/2022-10-11
10-11 16:58:52.925  5501  5522 D LogWriteUtil.class=LogFileHandlerThread.class: 2getCurrentFileName: index=3, LogWriteUtil.logfile=app.log, getFileNameSuffix=14
10-11 16:58:52.926  5501  5522 D LogWriteUtil.class=LogFileHandlerThread.class: 1getFilePath: logFormat=2022-10-11, LogWriteUtil.logPathDir=/custom/metro/log
10-11 16:58:52.926  5501  5522 D LogWriteUtil.class=LogFileHandlerThread.class: 2getFilePath: filePath=/custom/metro/log/2022-10-11
10-11 16:58:52.926  5501  5522 D LogWriteUtil.class=LogFileHandlerThread.class: getFileNameSuffix: file=/custom/metro/log/2022-10-11
10-11 16:58:52.926  5501  5522 D LogWriteUtil.class=LogFileHandlerThread.class: 3getCurrentFileName: logFileName=app14.log
10-11 16:58:52.927  5501  5522 D TAG     : 2,initFile: /custom/metro/log/2022-10-11/app14.log, logFile.length=0, getCurrentFileName()=app14.log, writeFileName=/custom/metro/log/2022-10-11/app13.log
10-11 16:58:52.927  5501  5522 D LogWriteUtil.class=LogFileHandlerThread.class: 8,initFile: logFile=/custom/metro/log/2022-10-11/app14.log, logFile.length=0
10-11 16:58:52.936  5501  5501 D IndexFragment: initView: applyFxData() - ats=[StationAts(createTime=1665478732, trainGroupNumber=212, serviceNumber=000, trainCrewNumber=000, trainPosition=1, trainRunningPosition=1, railName=T1212, stationID=012, terminalStationID=000, destinationID=000, identityID=+866022012)]
10-11 16:58:52.985  5501  5501 D SystemFragment: onClickview: 2131231178
10-11 16:58:52.987   608  2059 I AudioPolicyManagerCustom: FLAG None hence request for a primary output
10-11 16:58:52.990   608  1274 I AudioPolicyManagerCustom: FLAG None hence request for a primary output
10-11 16:58:52.991  5501  5501 D GroupHelper: getGroupByNumber : group nuber is +866027312
10-11 16:58:52.994  5501  5501 V GroupHelper: getGroupByNumber result cursor: android.content.ContentResolver$CursorWrapperInner@9fe9a5d
10-11 16:58:52.994   608  1054 D audio_hw_primary: out_set_parameters: enter: usecase(1: low-latency-playback) kvpairs: routing=2
10-11 16:58:52.997  5501  5501 D GroupHelper: modifyGroup : target group name is S2
10-11 16:58:52.998  5501  5554 D GotaSystemHandler: handleMessage msg.what =GROUPMANAGER_RESP_UPDATE_SCAN_GROUP;msg.arg1=0
10-11 16:58:52.998  5501  5554 D LTEPhone: processRequest msg.what=GROUPMANAGER_RESP_UPDATE_SCAN_GROUP
10-11 16:58:52.998   608  1054 D audio_hw_primary: select_devices for use case (low-latency-playback)
10-11 16:58:52.998  5501  5554 D LTEGroupManager: LteGroupTracker handleMessage: GROUPMANAGER_RESP_UPDATE_SCAN_GROUP
10-11 16:58:52.998   608  1054 D audio_hw_extn: audio_extn_set_anc_parameters: anc_enabled:0
10-11 16:58:52.998  5501  5554 D LTEGroupManager: updateScanGroupInfo()
10-11 16:58:52.998   608  1054 D audio_hw_spkr_prot: audio_extn_fbsp_set_parameters: Speaker protection disabled
10-11 16:58:52.998  5501  5554 D GroupStatusNormal: setScanGroup,scanInfo:cause:0,count:0,
10-11 16:58:53.024  5501  5554 D GroupStatusNormal: setScanGroup,DynamicGroup in db null,do nothing
10-11 16:58:53.024  5501  5554 D GroupStatusNormal: updateScanGroupInfo() callStaus is 0
10-11 16:58:53.024  5501  5554 D LTEGroupManager: switch group status GroupStatusNormal -----> GroupStatusSetScan
10-11 16:58:53.024  5501  5554 D LTERILJ : [0045]> RIL_REQUEST_ZTE_UPDATE_SCANGROUPINFO
10-11 16:58:53.024  5501  5501 D GroupHelper: modifyGroup : target group name is S2
10-11 16:58:53.049  5501  5501 D GroupHelper: modifyGroup : target group name is S2
10-11 16:58:53.079  5501  5557 D LTERILJ : [0045]< RIL_REQUEST_ZTE_UPDATE_SCANGROUPINFO 
10-11 16:58:53.082  5501  5501 D GroupHelper: modifyGroup : target group name is S2
10-11 16:58:53.115  5501  5501 D GotaSettingsHelper: String putValues key:4 value:0
10-11 16:58:53.116  5501  5501 E SettingsProvider: update
10-11 16:58:53.140  5501  5557 I LTERILJ : XXX set ScanInfo success
10-11 16:58:53.140  5501  5557 D LTERILJ : [UNSL]< RIL_UNSOL_NOTIFY_PTT_SCAN_INFO_RSP
10-11 16:58:53.142  5501  5558 D LTEGroupManager: LteGroupTracker handleMessage: GROUPMANAGER_RESP_UPDATE_SCAN_RSP
10-11 16:58:53.142  5501  5558 D GroupStatusSetScan: handleUpdateScan result is 0
10-11 16:58:53.143  5501  5558 D LTEGroupManager: switch group status GroupStatusSetScan -----> GroupStatusNormal
10-11 16:58:53.145  5501  5558 D GroupStatusSetScan: handleUpdateScan in:cause:0,count:0, out:cause:0,count:0,
10-11 16:58:53.145  5501  5558 D GroupStatusSetScan: handleUpdateScan in equals out, set scaninfo done.
10-11 16:58:53.148  5501  5595 D MainViewModel: getSystemTime_currentThreadID2: 98
10-11 16:58:53.166  5501  5595 D TAG     : getSystemTime_currentThreadID3s: 98, isActive=true
10-11 16:58:53.169  5501  5566 D UdpDisServices: udp receive - api receive data disApi, udp service id=86  - udp.packet.address=/172.2.208.8, udp.pack.socketAddress=/172.2.208.8:64002, udp.port=64002- running=true - message={"MsgSeqID":1255771,"MsgName":"GetStationATSRsp","MsgInfo":{"Code":10011,"StationATSInfos":[{"TrainGroupNumber":"212","ServiceNumber":"000","TrainCrewNumber":"000","TrainPosition":"1","TrainRunningPosition":"1","RailName":"T1212","StationID":"012","TerminalStationID":"000","DestinationID":"000"}]}}
10-11 16:58:53.170  5501  5566 I APP_LogUtils.kt: [(LogUtils.kt:50).i()] [UdpDisServices] udp receive - api receive data disApi, udp service id=86 - running=true  - ip=/172.2.208.8 - port=64002 - message={"MsgSeqID":1255771,"MsgName":"GetStationATSRsp","MsgInfo":{"Code":10011,"StationATSInfos":[{"TrainGroupNumber":"212","ServiceNumber":"000","TrainCrewNumber":"000","TrainPosition":"1","TrainRunningPosition":"1","RailName":"T1212","StationID":"012","TerminalStationID":"000","DestinationID":"000"}]}}
10-11 16:58:53.172  5501  5522 D LogWriteUtil.class=LogFileHandlerThread.class: 1getFilePath: logFormat=2022-10-11, LogWriteUtil.logPathDir=/custom/metro/log
10-11 16:58:53.172  5501  5522 D LogWriteUtil.class=LogFileHandlerThread.class: 2getFilePath: filePath=/custom/metro/log/2022-10-11
10-11 16:58:53.173  5501  5522 D LogWriteUtil.class=LogFileHandlerThread.class: 1getCurrentFileName: LogWriteUtil.logfile=app.log
10-11 16:58:53.174  5501  5522 D LogWriteUtil.class=LogFileHandlerThread.class: 1getFilePath: logFormat=2022-10-11, LogWriteUtil.logPathDir=/custom/metro/log
10-11 16:58:53.174  5501  5522 D LogWriteUtil.class=LogFileHandlerThread.class: 2getFilePath: filePath=/custom/metro/log/2022-10-11
10-11 16:58:53.174  5501  5522 D LogWriteUtil.class=LogFileHandlerThread.class: getFileNameSuffix: file=/custom/metro/log/2022-10-11
10-11 16:58:53.175  5501  5522 D LogWriteUtil.class=LogFileHandlerThread.class: 2getCurrentFileName: index=3, LogWriteUtil.logfile=app.log, getFileNameSuffix=14
10-11 16:58:53.176  5501  5522 D LogWriteUtil.class=LogFileHandlerThread.class: 1getFilePath: logFormat=2022-10-11, LogWriteUtil.logPathDir=/custom/metro/log
10-11 16:58:53.176  5501  5522 D LogWriteUtil.class=LogFileHandlerThread.class: 2getFilePath: filePath=/custom/metro/log/2022-10-11
10-11 16:58:53.176  5501  5522 D LogWriteUtil.class=LogFileHandlerThread.class: getFileNameSuffix: file=/custom/metro/log/2022-10-11
10-11 16:58:53.176  5501  5501 D MainActivity: onMessageEvent  -- gginit: disApi, id=1---event={"MsgSeqID":1255771,"MsgName":"GetStationATSRsp","MsgInfo":{"Code":10011,"StationATSInfos":[{"TrainGroupNumber":"212","ServiceNumber":"000","TrainCrewNumber":"000","TrainPosition":"1","TrainRunningPosition":"1","RailName":"T1212","StationID":"012","TerminalStationID":"000","DestinationID":"000"}]}}
10-11 16:58:53.176  5501  5501 D MainViewModel: 1processDisApi: disApi, id=1
10-11 16:58:53.177  5501  5522 D LogWriteUtil.class=LogFileHandlerThread.class: 3getCurrentFileName: logFileName=app14.log
10-11 16:58:53.177  5501  5522 D LogWriteUtil.class=LogFileHandlerThread.class: 1,initFile: getFilePath()=/custom/metro/log/2022-10-11, getCurrentFileName=app14.log
10-11 16:58:53.178  5501  5522 D LogWriteUtil.class=LogFileHandlerThread.class: 1getFilePath: logFormat=2022-10-11, LogWriteUtil.logPathDir=/custom/metro/log
10-11 16:58:53.178  5501  5522 D LogWriteUtil.class=LogFileHandlerThread.class: 2getFilePath: filePath=/custom/metro/log/2022-10-11
10-11 16:58:53.179  5501  5522 D LogWriteUtil.class=LogFileHandlerThread.class: 1getCurrentFileName: LogWriteUtil.logfile=app.log
10-11 16:58:53.179  5501  5522 D LogWriteUtil.class=LogFileHandlerThread.class: 1getFilePath: logFormat=2022-10-11, LogWriteUtil.logPathDir=/custom/metro/log
10-11 16:58:53.179  5501  5522 D LogWriteUtil.class=LogFileHandlerThread.class: 2getFilePath: filePath=/custom/metro/log/2022-10-11
10-11 16:58:53.180  5501  5522 D LogWriteUtil.class=LogFileHandlerThread.class: getFileNameSuffix: file=/custom/metro/log/2022-10-11
10-11 16:58:53.180  5501  5595 D DisApiSingletonReceive: processingData: disApi, id=98 - data={"MsgSeqID":1255771,"MsgName":"GetStationATSRsp","MsgInfo":{"Code":10011,"StationATSInfos":[{"TrainGroupNumber":"212","ServiceNumber":"000","TrainCrewNumber":"000","TrainPosition":"1","TrainRunningPosition":"1","RailName":"T1212","StationID":"012","TerminalStationID":"000","DestinationID":"000"}]}}
10-11 16:58:53.180  5501  5522 D LogWriteUtil.class=LogFileHandlerThread.class: 2getCurrentFileName: index=3, LogWriteUtil.logfile=app.log, getFileNameSuffix=14
10-11 16:58:53.180  5501  5522 D LogWriteUtil.class=LogFileHandlerThread.class: 1getFilePath: logFormat=2022-10-11, LogWriteUtil.logPathDir=/custom/metro/log
10-11 16:58:53.181  5501  5522 D LogWriteUtil.class=LogFileHandlerThread.class: 2getFilePath: filePath=/custom/metro/log/2022-10-11
10-11 16:58:53.181  5501  5522 D LogWriteUtil.class=LogFileHandlerThread.class: getFileNameSuffix: file=/custom/metro/log/2022-10-11
10-11 16:58:53.181  5501  5522 D LogWriteUtil.class=LogFileHandlerThread.class: 3getCurrentFileName: logFileName=app14.log
10-11 16:58:53.181  5501  5522 D LogWriteUtil.class=LogFileHandlerThread.class: 1getCurrentFileName: LogWriteUtil.logfile=app.log
10-11 16:58:53.182  5501  5522 D LogWriteUtil.class=LogFileHandlerThread.class: 1getFilePath: logFormat=2022-10-11, LogWriteUtil.logPathDir=/custom/metro/log
10-11 16:58:53.182  5501  5522 D LogWriteUtil.class=LogFileHandlerThread.class: 2getFilePath: filePath=/custom/metro/log/2022-10-11
10-11 16:58:53.182  5501  5522 D LogWriteUtil.class=LogFileHandlerThread.class: getFileNameSuffix: file=/custom/metro/log/2022-10-11
10-11 16:58:53.184  5501  5522 D LogWriteUtil.class=LogFileHandlerThread.class: 2getCurrentFileName: index=3, LogWriteUtil.logfile=app.log, getFileNameSuffix=14
10-11 16:58:53.184  5501  5522 D LogWriteUtil.class=LogFileHandlerThread.class: 1getFilePath: logFormat=2022-10-11, LogWriteUtil.logPathDir=/custom/metro/log
10-11 16:58:53.184  5501  5522 D LogWriteUtil.class=LogFileHandlerThread.class: 2getFilePath: filePath=/custom/metro/log/2022-10-11
10-11 16:58:53.185  5501  5522 D LogWriteUtil.class=LogFileHandlerThread.class: getFileNameSuffix: file=/custom/metro/log/2022-10-11
10-11 16:58:53.185  5501  5522 D LogWriteUtil.class=LogFileHandlerThread.class: 3getCurrentFileName: logFileName=app14.log
10-11 16:58:53.185  5501  5522 D TAG     : 2,initFile: /custom/metro/log/2022-10-11/app14.log, logFile.length=0, getCurrentFileName()=app14.log, writeFileName=/custom/metro/log/2022-10-11/app13.log
10-11 16:58:53.185  5501  5522 D LogWriteUtil.class=LogFileHandlerThread.class: 8,initFile: logFile=/custom/metro/log/2022-10-11/app14.log, logFile.length=0
10-11 16:58:53.193  5501  5595 D DisApiSingletonReceive: parseStationAtsData: atsInfo=com.gbcom.library_base.data.StationAtsApiData@cc97a0
10-11 16:58:53.195  5501  5595 D BtrunCConfig: isR2Nubmer is true
10-11 16:58:53.195  5501  5595 D com.ztegota.system.GotaSystem: getMdn +866022012
10-11 16:58:53.195  5501  5595 D TAG     : getUserId: userId2=+866022012
10-11 16:58:53.205  5501  5501 D IndexFragment: initView: applyFxData() - ats=[StationAts(createTime=1665478733, trainGroupNumber=212, serviceNumber=000, trainCrewNumber=000, trainPosition=1, trainRunningPosition=1, railName=T1212, stationID=012, terminalStationID=000, destinationID=000, identityID=+866022012)]
10-11 16:58:53.234  5501  5565 D UdpMasterServices: udp receive - 1 - gginit api receive data masterApi, udp service id=85 - running=true - message={"MsgName":"GetFileListReq","MsgSeqID":2328,"MsgInfo":{"StartTime":1665478549}}
10-11 16:58:53.234  5501  5565 D UdpMasterServices: ++++++++++++++++++++++++++++++++++++++++++++++++++++++++++++++++++++++++++++++++++++
10-11 16:58:53.235  5501  5565 I APP_LogUtils.kt: [(LogUtils.kt:50).i()] [UdpMasterServices] xlog - api receive data disApi, udp service id=85 - running=true - message={"MsgName":"GetFileListReq","MsgSeqID":2328,"MsgInfo":{"StartTime":1665478549}}
10-11 16:58:53.236  5501  5565 D UdpMasterServices: receive: data id=85, running=true, msg=null
10-11 16:58:53.236  5501  5522 D LogWriteUtil.class=LogFileHandlerThread.class: 1getFilePath: logFormat=2022-10-11, LogWriteUtil.logPathDir=/custom/metro/log
10-11 16:58:53.237  5501  5522 D LogWriteUtil.class=LogFileHandlerThread.class: 2getFilePath: filePath=/custom/metro/log/2022-10-11
10-11 16:58:53.237  5501  5522 D LogWriteUtil.class=LogFileHandlerThread.class: 1getCurrentFileName: LogWriteUtil.logfile=app.log
10-11 16:58:53.237  5501  5522 D LogWriteUtil.class=LogFileHandlerThread.class: 1getFilePath: logFormat=2022-10-11, LogWriteUtil.logPathDir=/custom/metro/log
10-11 16:58:53.237  5501  5522 D LogWriteUtil.class=LogFileHandlerThread.class: 2getFilePath: filePath=/custom/metro/log/2022-10-11
10-11 16:58:53.237  5501  5522 D LogWriteUtil.class=LogFileHandlerThread.class: getFileNameSuffix: file=/custom/metro/log/2022-10-11
10-11 16:58:53.238  5501  5522 D LogWriteUtil.class=LogFileHandlerThread.class: 2getCurrentFileName: index=3, LogWriteUtil.logfile=app.log, getFileNameSuffix=14
10-11 16:58:53.238  5501  5522 D LogWriteUtil.class=LogFileHandlerThread.class: 1getFilePath: logFormat=2022-10-11, LogWriteUtil.logPathDir=/custom/metro/log
10-11 16:58:53.238  5501  5522 D LogWriteUtil.class=LogFileHandlerThread.class: 2getFilePath: filePath=/custom/metro/log/2022-10-11
10-11 16:58:53.238  5501  5522 D LogWriteUtil.class=LogFileHandlerThread.class: getFileNameSuffix: file=/custom/metro/log/2022-10-11
10-11 16:58:53.238  5501  5522 D LogWriteUtil.class=LogFileHandlerThread.class: 3getCurrentFileName: logFileName=app14.log
10-11 16:58:53.238  5501  5522 D LogWriteUtil.class=LogFileHandlerThread.class: 1,initFile: getFilePath()=/custom/metro/log/2022-10-11, getCurrentFileName=app14.log
10-11 16:58:53.239  5501  5522 D LogWriteUtil.class=LogFileHandlerThread.class: 1getFilePath: logFormat=2022-10-11, LogWriteUtil.logPathDir=/custom/metro/log
10-11 16:58:53.239  5501  5522 D LogWriteUtil.class=LogFileHandlerThread.class: 2getFilePath: filePath=/custom/metro/log/2022-10-11
10-11 16:58:53.239  5501  5522 D LogWriteUtil.class=LogFileHandlerThread.class: 1getCurrentFileName: LogWriteUtil.logfile=app.log
10-11 16:58:53.239  5501  5522 D LogWriteUtil.class=LogFileHandlerThread.class: 1getFilePath: logFormat=2022-10-11, LogWriteUtil.logPathDir=/custom/metro/log
10-11 16:58:53.239  5501  5522 D LogWriteUtil.class=LogFileHandlerThread.class: 2getFilePath: filePath=/custom/metro/log/2022-10-11
10-11 16:58:53.239  5501  5522 D LogWriteUtil.class=LogFileHandlerThread.class: getFileNameSuffix: file=/custom/metro/log/2022-10-11
10-11 16:58:53.240  5501  5522 D LogWriteUtil.class=LogFileHandlerThread.class: 2getCurrentFileName: index=3, LogWriteUtil.logfile=app.log, getFileNameSuffix=14
10-11 16:58:53.240  5501  5522 D LogWriteUtil.class=LogFileHandlerThread.class: 1getFilePath: logFormat=2022-10-11, LogWriteUtil.logPathDir=/custom/metro/log
10-11 16:58:53.240  5501  5522 D LogWriteUtil.class=LogFileHandlerThread.class: 2getFilePath: filePath=/custom/metro/log/2022-10-11
10-11 16:58:53.240  5501  5522 D LogWriteUtil.class=LogFileHandlerThread.class: getFileNameSuffix: file=/custom/metro/log/2022-10-11
10-11 16:58:53.240  5501  5522 D LogWriteUtil.class=LogFileHandlerThread.class: 3getCurrentFileName: logFileName=app14.log
10-11 16:58:53.241  5501  5522 D LogWriteUtil.class=LogFileHandlerThread.class: 1getCurrentFileName: LogWriteUtil.logfile=app.log
10-11 16:58:53.241  5501  5522 D LogWriteUtil.class=LogFileHandlerThread.class: 1getFilePath: logFormat=2022-10-11, LogWriteUtil.logPathDir=/custom/metro/log
10-11 16:58:53.241  5501  5522 D LogWriteUtil.class=LogFileHandlerThread.class: 2getFilePath: filePath=/custom/metro/log/2022-10-11
10-11 16:58:53.241  5501  5522 D LogWriteUtil.class=LogFileHandlerThread.class: getFileNameSuffix: file=/custom/metro/log/2022-10-11
10-11 16:58:53.241  5501  5522 D LogWriteUtil.class=LogFileHandlerThread.class: 2getCurrentFileName: index=3, LogWriteUtil.logfile=app.log, getFileNameSuffix=14
10-11 16:58:53.241  5501  5522 D LogWriteUtil.class=LogFileHandlerThread.class: 1getFilePath: logFormat=2022-10-11, LogWriteUtil.logPathDir=/custom/metro/log
10-11 16:58:53.242  5501  5522 D LogWriteUtil.class=LogFileHandlerThread.class: 2getFilePath: filePath=/custom/metro/log/2022-10-11
10-11 16:58:53.242  5501  5522 D LogWriteUtil.class=LogFileHandlerThread.class: getFileNameSuffix: file=/custom/metro/log/2022-10-11
10-11 16:58:53.242  5501  5522 D LogWriteUtil.class=LogFileHandlerThread.class: 3getCurrentFileName: logFileName=app14.log
10-11 16:58:53.242  5501  5522 D TAG     : 2,initFile: /custom/metro/log/2022-10-11/app14.log, logFile.length=0, getCurrentFileName()=app14.log, writeFileName=/custom/metro/log/2022-10-11/app13.log
10-11 16:58:53.242  5501  5522 D LogWriteUtil.class=LogFileHandlerThread.class: 8,initFile: logFile=/custom/metro/log/2022-10-11/app14.log, logFile.length=0
--------- beginning of system
10-11 16:58:53.260  5501  5595 W ContextImpl: Calling a method in the system process without a qualified user: android.app.ContextImpl.sendBroadcast:877 android.content.ContextWrapper.sendBroadcast:421 com.gbcom.library_base.udp.MasterApiReceive.processingFileListData:153 com.gbcom.library_base.udp.MasterApiReceive.processingData:60 com.gbcom.library_main.mvvm.viewmodel.MainViewModel$processingMasterApi$1.invokeSuspend:251 
10-11 16:58:53.262  1500  2379 E ActivityManager: Sending non-protected broadcast com.gbcom.action.ACTION_MASTER_FILE_LIST_TASK from system 5501:com.gbcom.metrosystem/1000 pkg com.gbcom.metrosystem
10-11 16:58:53.262  1500  2379 E ActivityManager: java.lang.Throwable
10-11 16:58:53.262  1500  2379 E ActivityManager: 	at com.android.server.am.ActivityManagerService.checkBroadcastFromSystem(ActivityManagerService.java:18272)
10-11 16:58:53.262  1500  2379 E ActivityManager: 	at com.android.server.am.ActivityManagerService.broadcastIntentLocked(ActivityManagerService.java:18753)
10-11 16:58:53.262  1500  2379 E ActivityManager: 	at com.android.server.am.ActivityManagerService.broadcastIntent(ActivityManagerService.java:18935)
10-11 16:58:53.262  1500  2379 E ActivityManager: 	at android.app.ActivityManagerNative.onTransact(ActivityManagerNative.java:499)
10-11 16:58:53.262  1500  2379 E ActivityManager: 	at com.android.server.am.ActivityManagerService.onTransact(ActivityManagerService.java:2869)
10-11 16:58:53.262  1500  2379 E ActivityManager: 	at android.os.Binder.execTransact(Binder.java:565)
10-11 16:58:53.297  1500  2379 E ActivityManager: Sending non-protected broadcast com.gbcom.action.ACTION_MASTER_FILE_LIST_TASK from system 5501:com.gbcom.metrosystem/1000 pkg com.gbcom.metrosystem
10-11 16:58:53.297  1500  2379 E ActivityManager: java.lang.Throwable
10-11 16:58:53.297  1500  2379 E ActivityManager: 	at com.android.server.am.ActivityManagerService.checkBroadcastFromSystem(ActivityManagerService.java:18272)
10-11 16:58:53.297  1500  2379 E ActivityManager: 	at com.android.server.am.ActivityManagerService.broadcastIntentLocked(ActivityManagerService.java:18844)
10-11 16:58:53.297  1500  2379 E ActivityManager: 	at com.android.server.am.ActivityManagerService.broadcastIntent(ActivityManagerService.java:18935)
10-11 16:58:53.297  1500  2379 E ActivityManager: 	at android.app.ActivityManagerNative.onTransact(ActivityManagerNative.java:499)
10-11 16:58:53.297  1500  2379 E ActivityManager: 	at com.android.server.am.ActivityManagerService.onTransact(ActivityManagerService.java:2869)
10-11 16:58:53.297  1500  2379 E ActivityManager: 	at android.os.Binder.execTransact(Binder.java:565)
