10-12 10:30:44.178  2699  2751 D LTERILJ : [UNSL]< RIL_UNSOL_NOTIFY_EMCI_DETAIL
10-12 10:30:44.179  2699  2748 D LTEPhone: EVENT_FOR_EMCI_DETAIL
10-12 10:30:44.179  2699  2748 D LTEServiceTracker: setCellId cellId:5889,"46009"
10-12 10:30:44.181  2699  2699 I APP_LogUtils.kt: [(LogUtils.kt:50).i()] [com.gbcom.library_base.service.LLteService] lte_resp_sys_for_emci_detail - EmciDetail=com.ztegota.system.common.EmciDetail@491c614
10-12 10:30:44.184  2699  2813 D LogWriteUtil.class=LogFileHandlerThread.class: 1getFilePath: logFormat=2022-10-12, LogWriteUtil.logPathDir=/custom/metro/log
10-12 10:30:44.184  2699  2813 D LogWriteUtil.class=LogFileHandlerThread.class: 2getFilePath: filePath=/custom/metro/log/2022-10-12
10-12 10:30:44.184  2699  2813 D LogWriteUtil.class=LogFileHandlerThread.class: 1getCurrentFileName: LogWriteUtil.logfile=app.log
10-12 10:30:44.185  2699  2813 D LogWriteUtil.class=LogFileHandlerThread.class: 1getFilePath: logFormat=2022-10-12, LogWriteUtil.logPathDir=/custom/metro/log
10-12 10:30:44.186  2699  2813 D LogWriteUtil.class=LogFileHandlerThread.class: 2getFilePath: filePath=/custom/metro/log/2022-10-12
10-12 10:30:44.186  2699  2813 D LogWriteUtil.class=LogFileHandlerThread.class: getFileNameSuffix: file=/custom/metro/log/2022-10-12
10-12 10:30:44.187  2699  2813 D LogWriteUtil.class=LogFileHandlerThread.class: 2getCurrentFileName: index=3, LogWriteUtil.logfile=app.log, getFileNameSuffix=7
10-12 10:30:44.189  2699  2813 D LogWriteUtil.class=LogFileHandlerThread.class: 1getFilePath: logFormat=2022-10-12, LogWriteUtil.logPathDir=/custom/metro/log
10-12 10:30:44.189  2699  2813 D LogWriteUtil.class=LogFileHandlerThread.class: 2getFilePath: filePath=/custom/metro/log/2022-10-12
10-12 10:30:44.189  2699  2813 D LogWriteUtil.class=LogFileHandlerThread.class: getFileNameSuffix: file=/custom/metro/log/2022-10-12
10-12 10:30:44.190  2699  2813 D LogWriteUtil.class=LogFileHandlerThread.class: 3getCurrentFileName: logFileName=app7.log
10-12 10:30:44.190  2699  2813 D LogWriteUtil.class=LogFileHandlerThread.class: 1,initFile: getFilePath()=/custom/metro/log/2022-10-12, getCurrentFileName=app7.log
10-12 10:30:44.191  2699  2813 D LogWriteUtil.class=LogFileHandlerThread.class: 1getFilePath: logFormat=2022-10-12, LogWriteUtil.logPathDir=/custom/metro/log
10-12 10:30:44.192  2699  2813 D LogWriteUtil.class=LogFileHandlerThread.class: 2getFilePath: filePath=/custom/metro/log/2022-10-12
10-12 10:30:44.192  2699  2813 D LogWriteUtil.class=LogFileHandlerThread.class: 1getCurrentFileName: LogWriteUtil.logfile=app.log
10-12 10:30:44.193  2699  2813 D LogWriteUtil.class=LogFileHandlerThread.class: 1getFilePath: logFormat=2022-10-12, LogWriteUtil.logPathDir=/custom/metro/log
10-12 10:30:44.193  2699  2813 D LogWriteUtil.class=LogFileHandlerThread.class: 2getFilePath: filePath=/custom/metro/log/2022-10-12
10-12 10:30:44.194  2699  2813 D LogWriteUtil.class=LogFileHandlerThread.class: getFileNameSuffix: file=/custom/metro/log/2022-10-12
10-12 10:30:44.194  2699  2813 D LogWriteUtil.class=LogFileHandlerThread.class: 2getCurrentFileName: index=3, LogWriteUtil.logfile=app.log, getFileNameSuffix=7
10-12 10:30:44.196  2699  2813 D LogWriteUtil.class=LogFileHandlerThread.class: 1getFilePath: logFormat=2022-10-12, LogWriteUtil.logPathDir=/custom/metro/log
10-12 10:30:44.196  2699  2813 D LogWriteUtil.class=LogFileHandlerThread.class: 2getFilePath: filePath=/custom/metro/log/2022-10-12
10-12 10:30:44.196  2699  2813 D LogWriteUtil.class=LogFileHandlerThread.class: getFileNameSuffix: file=/custom/metro/log/2022-10-12
10-12 10:30:44.197  2699  2813 D LogWriteUtil.class=LogFileHandlerThread.class: 3getCurrentFileName: logFileName=app7.log
10-12 10:30:44.198  2699  2813 D LogWriteUtil.class=LogFileHandlerThread.class: 1getCurrentFileName: LogWriteUtil.logfile=app.log
10-12 10:30:44.199  2699  2813 D LogWriteUtil.class=LogFileHandlerThread.class: 1getFilePath: logFormat=2022-10-12, LogWriteUtil.logPathDir=/custom/metro/log
10-12 10:30:44.199  2699  2813 D LogWriteUtil.class=LogFileHandlerThread.class: 2getFilePath: filePath=/custom/metro/log/2022-10-12
10-12 10:30:44.199  2699  2813 D LogWriteUtil.class=LogFileHandlerThread.class: getFileNameSuffix: file=/custom/metro/log/2022-10-12
10-12 10:30:44.200  2699  2813 D LogWriteUtil.class=LogFileHandlerThread.class: 2getCurrentFileName: index=3, LogWriteUtil.logfile=app.log, getFileNameSuffix=7
10-12 10:30:44.202  2699  2813 D LogWriteUtil.class=LogFileHandlerThread.class: 1getFilePath: logFormat=2022-10-12, LogWriteUtil.logPathDir=/custom/metro/log
10-12 10:30:44.202  2699  2813 D LogWriteUtil.class=LogFileHandlerThread.class: 2getFilePath: filePath=/custom/metro/log/2022-10-12
10-12 10:30:44.202  2699  2813 D LogWriteUtil.class=LogFileHandlerThread.class: getFileNameSuffix: file=/custom/metro/log/2022-10-12
10-12 10:30:44.203  2699  2813 D LogWriteUtil.class=LogFileHandlerThread.class: 3getCurrentFileName: logFileName=app7.log
10-12 10:30:44.203  2699  2813 D TAG     : 2,initFile: /custom/metro/log/2022-10-12/app7.log, logFile.length=1005702, getCurrentFileName()=app7.log, writeFileName=/custom/metro/log/2022-10-12/app7.log
10-12 10:30:44.203  2699  2813 D LogWriteUtil.class=LogFileHandlerThread.class: 8,initFile: logFile=/custom/metro/log/2022-10-12/app7.log, logFile.length=1005702
10-12 10:30:44.288  2699  4939 D MainViewModel: getSystemTime_currentThreadID2: 174
10-12 10:30:44.289  2699  5361 D TAG     : getSystemTime_currentThreadID3s: 211, isActive=true
10-12 10:30:44.531  2699  3252 D UdpDcRepository: api send - Thread ID=113, obj={"MsgName":"GetStationATSReq","MsgSeqID":3307,"AppID":"172.2.200.13","MsgInfo":{}}
10-12 10:30:44.536  2699  3252 I APP_LogUtils.kt: [(LogUtils.kt:50).i()] [UdpDisServices] start: send(String) - thread ID=113, send msg={"MsgName":"GetStationATSReq","MsgSeqID":3307,"AppID":"172.2.200.13","MsgInfo":{}}
10-12 10:30:44.538  2699  2813 D LogWriteUtil.class=LogFileHandlerThread.class: 1getFilePath: logFormat=2022-10-12, LogWriteUtil.logPathDir=/custom/metro/log
10-12 10:30:44.539  2699  2813 D LogWriteUtil.class=LogFileHandlerThread.class: 2getFilePath: filePath=/custom/metro/log/2022-10-12
10-12 10:30:44.539  2699  2813 D LogWriteUtil.class=LogFileHandlerThread.class: 1getCurrentFileName: LogWriteUtil.logfile=app.log
10-12 10:30:44.540  2699  2813 D LogWriteUtil.class=LogFileHandlerThread.class: 1getFilePath: logFormat=2022-10-12, LogWriteUtil.logPathDir=/custom/metro/log
10-12 10:30:44.540  2699  2813 D LogWriteUtil.class=LogFileHandlerThread.class: 2getFilePath: filePath=/custom/metro/log/2022-10-12
10-12 10:30:44.540  2699  2813 D LogWriteUtil.class=LogFileHandlerThread.class: getFileNameSuffix: file=/custom/metro/log/2022-10-12
10-12 10:30:44.541  2699  2813 D LogWriteUtil.class=LogFileHandlerThread.class: 2getCurrentFileName: index=3, LogWriteUtil.logfile=app.log, getFileNameSuffix=7
10-12 10:30:44.542  2699  2813 D LogWriteUtil.class=LogFileHandlerThread.class: 1getFilePath: logFormat=2022-10-12, LogWriteUtil.logPathDir=/custom/metro/log
10-12 10:30:44.542  2699  2813 D LogWriteUtil.class=LogFileHandlerThread.class: 2getFilePath: filePath=/custom/metro/log/2022-10-12
10-12 10:30:44.542  2699  2813 D LogWriteUtil.class=LogFileHandlerThread.class: getFileNameSuffix: file=/custom/metro/log/2022-10-12
10-12 10:30:44.543  2699  2813 D LogWriteUtil.class=LogFileHandlerThread.class: 3getCurrentFileName: logFileName=app7.log
10-12 10:30:44.543  2699  2813 D LogWriteUtil.class=LogFileHandlerThread.class: 1,initFile: getFilePath()=/custom/metro/log/2022-10-12, getCurrentFileName=app7.log
10-12 10:30:44.544  2699  3252 D UdpDcRepository: api send - Thread ID=113, obj={"MsgName":"AppHeartbeat","MsgSeqID":3308,"AppID":"172.2.200.13","MsgInfo":{"SDKLongNumber":"+866022013"}}
10-12 10:30:44.544  2699  2813 D LogWriteUtil.class=LogFileHandlerThread.class: 1getFilePath: logFormat=2022-10-12, LogWriteUtil.logPathDir=/custom/metro/log
10-12 10:30:44.544  2699  2813 D LogWriteUtil.class=LogFileHandlerThread.class: 2getFilePath: filePath=/custom/metro/log/2022-10-12
10-12 10:30:44.545  2699  2813 D LogWriteUtil.class=LogFileHandlerThread.class: 1getCurrentFileName: LogWriteUtil.logfile=app.log
10-12 10:30:44.546  2699  2813 D LogWriteUtil.class=LogFileHandlerThread.class: 1getFilePath: logFormat=2022-10-12, LogWriteUtil.logPathDir=/custom/metro/log
10-12 10:30:44.546  2699  2813 D LogWriteUtil.class=LogFileHandlerThread.class: 2getFilePath: filePath=/custom/metro/log/2022-10-12
10-12 10:30:44.546  2699  2813 D LogWriteUtil.class=LogFileHandlerThread.class: getFileNameSuffix: file=/custom/metro/log/2022-10-12
10-12 10:30:44.548  2699  2813 D LogWriteUtil.class=LogFileHandlerThread.class: 2getCurrentFileName: index=3, LogWriteUtil.logfile=app.log, getFileNameSuffix=7
10-12 10:30:44.549  2699  2813 D LogWriteUtil.class=LogFileHandlerThread.class: 1getFilePath: logFormat=2022-10-12, LogWriteUtil.logPathDir=/custom/metro/log
10-12 10:30:44.549  2699  2813 D LogWriteUtil.class=LogFileHandlerThread.class: 2getFilePath: filePath=/custom/metro/log/2022-10-12
10-12 10:30:44.549  2699  2813 D LogWriteUtil.class=LogFileHandlerThread.class: getFileNameSuffix: file=/custom/metro/log/2022-10-12
10-12 10:30:44.550  2699  2813 D LogWriteUtil.class=LogFileHandlerThread.class: 3getCurrentFileName: logFileName=app7.log
10-12 10:30:44.550  2699  2813 D LogWriteUtil.class=LogFileHandlerThread.class: 1getCurrentFileName: LogWriteUtil.logfile=app.log
10-12 10:30:44.550  2699  3252 I APP_LogUtils.kt: [(LogUtils.kt:50).i()] [UdpDisServices] start: send(String) - thread ID=113, send msg={"MsgName":"AppHeartbeat","MsgSeqID":3308,"AppID":"172.2.200.13","MsgInfo":{"SDKLongNumber":"+866022013"}}
10-12 10:30:44.552  2699  2813 D LogWriteUtil.class=LogFileHandlerThread.class: 1getFilePath: logFormat=2022-10-12, LogWriteUtil.logPathDir=/custom/metro/log
10-12 10:30:44.552  2699  2813 D LogWriteUtil.class=LogFileHandlerThread.class: 2getFilePath: filePath=/custom/metro/log/2022-10-12
10-12 10:30:44.552  2699  2813 D LogWriteUtil.class=LogFileHandlerThread.class: getFileNameSuffix: file=/custom/metro/log/2022-10-12
10-12 10:30:44.553  2699  2813 D LogWriteUtil.class=LogFileHandlerThread.class: 2getCurrentFileName: index=3, LogWriteUtil.logfile=app.log, getFileNameSuffix=7
10-12 10:30:44.554  2699  2813 D LogWriteUtil.class=LogFileHandlerThread.class: 1getFilePath: logFormat=2022-10-12, LogWriteUtil.logPathDir=/custom/metro/log
10-12 10:30:44.554  2699  2813 D LogWriteUtil.class=LogFileHandlerThread.class: 2getFilePath: filePath=/custom/metro/log/2022-10-12
10-12 10:30:44.554  2699  2813 D LogWriteUtil.class=LogFileHandlerThread.class: getFileNameSuffix: file=/custom/metro/log/2022-10-12
10-12 10:30:44.555  2699  2813 D LogWriteUtil.class=LogFileHandlerThread.class: 3getCurrentFileName: logFileName=app7.log
10-12 10:30:44.555  2699  2813 D TAG     : 2,initFile: /custom/metro/log/2022-10-12/app7.log, logFile.length=1005882, getCurrentFileName()=app7.log, writeFileName=/custom/metro/log/2022-10-12/app7.log
10-12 10:30:44.555  2699  2813 D LogWriteUtil.class=LogFileHandlerThread.class: 8,initFile: logFile=/custom/metro/log/2022-10-12/app7.log, logFile.length=1005882
10-12 10:30:44.557  2699  2813 D LogWriteUtil.class=LogFileHandlerThread.class: 1getFilePath: logFormat=2022-10-12, LogWriteUtil.logPathDir=/custom/metro/log
10-12 10:30:44.558  2699  2813 D LogWriteUtil.class=LogFileHandlerThread.class: 2getFilePath: filePath=/custom/metro/log/2022-10-12
10-12 10:30:44.558  2699  2813 D LogWriteUtil.class=LogFileHandlerThread.class: 1getCurrentFileName: LogWriteUtil.logfile=app.log
10-12 10:30:44.559  2699  2813 D LogWriteUtil.class=LogFileHandlerThread.class: 1getFilePath: logFormat=2022-10-12, LogWriteUtil.logPathDir=/custom/metro/log
10-12 10:30:44.559  2699  2813 D LogWriteUtil.class=LogFileHandlerThread.class: 2getFilePath: filePath=/custom/metro/log/2022-10-12
10-12 10:30:44.559  2699  2813 D LogWriteUtil.class=LogFileHandlerThread.class: getFileNameSuffix: file=/custom/metro/log/2022-10-12
10-12 10:30:44.560  2699  2813 D LogWriteUtil.class=LogFileHandlerThread.class: 2getCurrentFileName: index=3, LogWriteUtil.logfile=app.log, getFileNameSuffix=7
10-12 10:30:44.561  2699  2813 D LogWriteUtil.class=LogFileHandlerThread.class: 1getFilePath: logFormat=2022-10-12, LogWriteUtil.logPathDir=/custom/metro/log
10-12 10:30:44.561  2699  2813 D LogWriteUtil.class=LogFileHandlerThread.class: 2getFilePath: filePath=/custom/metro/log/2022-10-12
10-12 10:30:44.561  2699  2813 D LogWriteUtil.class=LogFileHandlerThread.class: getFileNameSuffix: file=/custom/metro/log/2022-10-12
10-12 10:30:44.562  2699  2813 D LogWriteUtil.class=LogFileHandlerThread.class: 3getCurrentFileName: logFileName=app7.log
10-12 10:30:44.562  2699  2813 D LogWriteUtil.class=LogFileHandlerThread.class: 1,initFile: getFilePath()=/custom/metro/log/2022-10-12, getCurrentFileName=app7.log
10-12 10:30:44.563  2699  2813 D LogWriteUtil.class=LogFileHandlerThread.class: 1getFilePath: logFormat=2022-10-12, LogWriteUtil.logPathDir=/custom/metro/log
10-12 10:30:44.563  2699  2813 D LogWriteUtil.class=LogFileHandlerThread.class: 2getFilePath: filePath=/custom/metro/log/2022-10-12
10-12 10:30:44.563  2699  2813 D LogWriteUtil.class=LogFileHandlerThread.class: 1getCurrentFileName: LogWriteUtil.logfile=app.log
10-12 10:30:44.564  2699  2813 D LogWriteUtil.class=LogFileHandlerThread.class: 1getFilePath: logFormat=2022-10-12, LogWriteUtil.logPathDir=/custom/metro/log
10-12 10:30:44.564  2699  2813 D LogWriteUtil.class=LogFileHandlerThread.class: 2getFilePath: filePath=/custom/metro/log/2022-10-12
10-12 10:30:44.565  2699  2813 D LogWriteUtil.class=LogFileHandlerThread.class: getFileNameSuffix: file=/custom/metro/log/2022-10-12
10-12 10:30:44.565  2699  2813 D LogWriteUtil.class=LogFileHandlerThread.class: 2getCurrentFileName: index=3, LogWriteUtil.logfile=app.log, getFileNameSuffix=7
10-12 10:30:44.566  2699  2813 D LogWriteUtil.class=LogFileHandlerThread.class: 1getFilePath: logFormat=2022-10-12, LogWriteUtil.logPathDir=/custom/metro/log
10-12 10:30:44.566  2699  2813 D LogWriteUtil.class=LogFileHandlerThread.class: 2getFilePath: filePath=/custom/metro/log/2022-10-12
10-12 10:30:44.568  2699  2813 D LogWriteUtil.class=LogFileHandlerThread.class: getFileNameSuffix: file=/custom/metro/log/2022-10-12
10-12 10:30:44.568  2699  2813 D LogWriteUtil.class=LogFileHandlerThread.class: 3getCurrentFileName: logFileName=app7.log
10-12 10:30:44.569  2699  2813 D LogWriteUtil.class=LogFileHandlerThread.class: 1getCurrentFileName: LogWriteUtil.logfile=app.log
10-12 10:30:44.570  2699  2813 D LogWriteUtil.class=LogFileHandlerThread.class: 1getFilePath: logFormat=2022-10-12, LogWriteUtil.logPathDir=/custom/metro/log
10-12 10:30:44.570  2699  2813 D LogWriteUtil.class=LogFileHandlerThread.class: 2getFilePath: filePath=/custom/metro/log/2022-10-12
10-12 10:30:44.570  2699  2813 D LogWriteUtil.class=LogFileHandlerThread.class: getFileNameSuffix: file=/custom/metro/log/2022-10-12
10-12 10:30:44.570  2699  2813 D LogWriteUtil.class=LogFileHandlerThread.class: 2getCurrentFileName: index=3, LogWriteUtil.logfile=app.log, getFileNameSuffix=7
10-12 10:30:44.571  2699  2813 D LogWriteUtil.class=LogFileHandlerThread.class: 1getFilePath: logFormat=2022-10-12, LogWriteUtil.logPathDir=/custom/metro/log
10-12 10:30:44.571  2699  2813 D LogWriteUtil.class=LogFileHandlerThread.class: 2getFilePath: filePath=/custom/metro/log/2022-10-12
10-12 10:30:44.571  2699  2813 D LogWriteUtil.class=LogFileHandlerThread.class: getFileNameSuffix: file=/custom/metro/log/2022-10-12
10-12 10:30:44.572  2699  2813 D LogWriteUtil.class=LogFileHandlerThread.class: 3getCurrentFileName: logFileName=app7.log
10-12 10:30:44.572  2699  2813 D TAG     : 2,initFile: /custom/metro/log/2022-10-12/app7.log, logFile.length=1006076, getCurrentFileName()=app7.log, writeFileName=/custom/metro/log/2022-10-12/app7.log
10-12 10:30:44.572  2699  2813 D LogWriteUtil.class=LogFileHandlerThread.class: 8,initFile: logFile=/custom/metro/log/2022-10-12/app7.log, logFile.length=1006076
10-12 10:30:44.586  2699  3221 D UdpDisServices: udp receive - api receive data disApi, udp service id=98  - udp.packet.address=/172.2.208.8, udp.pack.socketAddress=/172.2.208.8:64002, udp.port=64002- running=true - message={"MsgSeqID":831,"MsgName":"DisReceivedNotify","MsgInfo":{"AppMsgSeqID":3307,"Code":10001}}
10-12 10:30:44.587  2699  3221 I APP_LogUtils.kt: [(LogUtils.kt:50).i()] [UdpDisServices] udp receive - api receive data disApi, udp service id=98 - running=true  - ip=/172.2.208.8 - port=64002 - message={"MsgSeqID":831,"MsgName":"DisReceivedNotify","MsgInfo":{"AppMsgSeqID":3307,"Code":10001}}
10-12 10:30:44.588  2699  2699 D MainActivity: onMessageEvent  -- gginit: disApi, id=1---event={"MsgSeqID":831,"MsgName":"DisReceivedNotify","MsgInfo":{"AppMsgSeqID":3307,"Code":10001}}
10-12 10:30:44.588  2699  2699 D MainViewModel: 1processDisApi: disApi, id=1
10-12 10:30:44.589  2699  2813 D LogWriteUtil.class=LogFileHandlerThread.class: 1getFilePath: logFormat=2022-10-12, LogWriteUtil.logPathDir=/custom/metro/log
10-12 10:30:44.589  2699  2813 D LogWriteUtil.class=LogFileHandlerThread.class: 2getFilePath: filePath=/custom/metro/log/2022-10-12
10-12 10:30:44.589  2699  2813 D LogWriteUtil.class=LogFileHandlerThread.class: 1getCurrentFileName: LogWriteUtil.logfile=app.log
10-12 10:30:44.589  2699  5357 D DisApiSingletonReceive: processingData: disApi, id=210 - data={"MsgSeqID":831,"MsgName":"DisReceivedNotify","MsgInfo":{"AppMsgSeqID":3307,"Code":10001}}
10-12 10:30:44.589  2699  2813 D LogWriteUtil.class=LogFileHandlerThread.class: 1getFilePath: logFormat=2022-10-12, LogWriteUtil.logPathDir=/custom/metro/log
10-12 10:30:44.590  2699  2813 D LogWriteUtil.class=LogFileHandlerThread.class: 2getFilePath: filePath=/custom/metro/log/2022-10-12
10-12 10:30:44.590  2699  2813 D LogWriteUtil.class=LogFileHandlerThread.class: getFileNameSuffix: file=/custom/metro/log/2022-10-12
10-12 10:30:44.590  2699  2813 D LogWriteUtil.class=LogFileHandlerThread.class: 2getCurrentFileName: index=3, LogWriteUtil.logfile=app.log, getFileNameSuffix=7
10-12 10:30:44.591  2699  2813 D LogWriteUtil.class=LogFileHandlerThread.class: 1getFilePath: logFormat=2022-10-12, LogWriteUtil.logPathDir=/custom/metro/log
10-12 10:30:44.591  2699  2813 D LogWriteUtil.class=LogFileHandlerThread.class: 2getFilePath: filePath=/custom/metro/log/2022-10-12
10-12 10:30:44.591  2699  5357 D DisApiSingletonReceive: processingDisReceivedNotify: info=DisReceivedNotifyApiData(msgName=DisReceivedNotify, msgSeqID=831, msgInfo=ReceivedNotifyData(appMsgSeqID=0, code=10001))
10-12 10:30:44.591  2699  2813 D LogWriteUtil.class=LogFileHandlerThread.class: getFileNameSuffix: file=/custom/metro/log/2022-10-12
10-12 10:30:44.592  2699  2813 D LogWriteUtil.class=LogFileHandlerThread.class: 3getCurrentFileName: logFileName=app7.log
10-12 10:30:44.592  2699  2813 D LogWriteUtil.class=LogFileHandlerThread.class: 1,initFile: getFilePath()=/custom/metro/log/2022-10-12, getCurrentFileName=app7.log
10-12 10:30:44.593  2699  2813 D LogWriteUtil.class=LogFileHandlerThread.class: 1getFilePath: logFormat=2022-10-12, LogWriteUtil.logPathDir=/custom/metro/log
10-12 10:30:44.593  2699  2813 D LogWriteUtil.class=LogFileHandlerThread.class: 2getFilePath: filePath=/custom/metro/log/2022-10-12
10-12 10:30:44.593  2699  2813 D LogWriteUtil.class=LogFileHandlerThread.class: 1getCurrentFileName: LogWriteUtil.logfile=app.log
10-12 10:30:44.594  2699  2813 D LogWriteUtil.class=LogFileHandlerThread.class: 1getFilePath: logFormat=2022-10-12, LogWriteUtil.logPathDir=/custom/metro/log
10-12 10:30:44.594  2699  2813 D LogWriteUtil.class=LogFileHandlerThread.class: 2getFilePath: filePath=/custom/metro/log/2022-10-12
10-12 10:30:44.594  2699  2813 D LogWriteUtil.class=LogFileHandlerThread.class: getFileNameSuffix: file=/custom/metro/log/2022-10-12
10-12 10:30:44.594  2699  2813 D LogWriteUtil.class=LogFileHandlerThread.class: 2getCurrentFileName: index=3, LogWriteUtil.logfile=app.log, getFileNameSuffix=7
10-12 10:30:44.595  2699  2813 D LogWriteUtil.class=LogFileHandlerThread.class: 1getFilePath: logFormat=2022-10-12, LogWriteUtil.logPathDir=/custom/metro/log
10-12 10:30:44.595  2699  2813 D LogWriteUtil.class=LogFileHandlerThread.class: 2getFilePath: filePath=/custom/metro/log/2022-10-12
10-12 10:30:44.595  2699  2813 D LogWriteUtil.class=LogFileHandlerThread.class: getFileNameSuffix: file=/custom/metro/log/2022-10-12
10-12 10:30:44.595  2699  2813 D LogWriteUtil.class=LogFileHandlerThread.class: 3getCurrentFileName: logFileName=app7.log
10-12 10:30:44.596  2699  2813 D LogWriteUtil.class=LogFileHandlerThread.class: 1getCurrentFileName: LogWriteUtil.logfile=app.log
10-12 10:30:44.596  2699  2813 D LogWriteUtil.class=LogFileHandlerThread.class: 1getFilePath: logFormat=2022-10-12, LogWriteUtil.logPathDir=/custom/metro/log
10-12 10:30:44.596  2699  2813 D LogWriteUtil.class=LogFileHandlerThread.class: 2getFilePath: filePath=/custom/metro/log/2022-10-12
10-12 10:30:44.597  2699  2813 D LogWriteUtil.class=LogFileHandlerThread.class: getFileNameSuffix: file=/custom/metro/log/2022-10-12
10-12 10:30:44.597  2699  2813 D LogWriteUtil.class=LogFileHandlerThread.class: 2getCurrentFileName: index=3, LogWriteUtil.logfile=app.log, getFileNameSuffix=7
10-12 10:30:44.598  2699  2813 D LogWriteUtil.class=LogFileHandlerThread.class: 1getFilePath: logFormat=2022-10-12, LogWriteUtil.logPathDir=/custom/metro/log
10-12 10:30:44.598  2699  2813 D LogWriteUtil.class=LogFileHandlerThread.class: 2getFilePath: filePath=/custom/metro/log/2022-10-12
10-12 10:30:44.598  2699  2813 D LogWriteUtil.class=LogFileHandlerThread.class: getFileNameSuffix: file=/custom/metro/log/2022-10-12
10-12 10:30:44.598  2699  2813 D LogWriteUtil.class=LogFileHandlerThread.class: 3getCurrentFileName: logFileName=app7.log
10-12 10:30:44.599  2699  2813 D TAG     : 2,initFile: /custom/metro/log/2022-10-12/app7.log, logFile.length=1006294, getCurrentFileName()=app7.log, writeFileName=/custom/metro/log/2022-10-12/app7.log
10-12 10:30:44.599  2699  2813 D LogWriteUtil.class=LogFileHandlerThread.class: 8,initFile: logFile=/custom/metro/log/2022-10-12/app7.log, logFile.length=1006294
10-12 10:30:44.622  2699  3221 D UdpDisServices: udp receive - api receive data disApi, udp service id=98  - udp.packet.address=/172.2.208.8, udp.pack.socketAddress=/172.2.208.8:64002, udp.port=64002- running=true - message={"MsgSeqID":832,"MsgName":"GetStationATSRsp","MsgInfo":{"Code":10011,"StationATSInfos":[{"TrainGroupNumber":"202","ServiceNumber":"000","TrainCrewNumber":"000","TrainPosition":"1","TrainRunningPosition":"2","RailName":"T1303","StationID":"013","TerminalStationID":"000","DestinationID":"000"},{"TrainGroupNumber":"299","ServiceNumber":"801","TrainCrewNumber":"000","TrainPosition":"1","TrainRunningPosition":"2","RailName":"T1301","StationID":"013","TerminalStationID":"000","DestinationID":"000"},{"TrainGroupNumber":"201","ServiceNumber":"000","TrainCrewNumber":"000","TrainPosition":"1","TrainRunningPosition":"1","RailName":"T1304","StationID":"013","TerminalStationID":"000","DestinationID":"000"}]}}
10-12 10:30:44.623  2699  3221 I APP_LogUtils.kt: [(LogUtils.kt:50).i()] [UdpDisServices] udp receive - api receive data disApi, udp service id=98 - running=true  - ip=/172.2.208.8 - port=64002 - message={"MsgSeqID":832,"MsgName":"GetStationATSRsp","MsgInfo":{"Code":10011,"StationATSInfos":[{"TrainGroupNumber":"202","ServiceNumber":"000","TrainCrewNumber":"000","TrainPosition":"1","TrainRunningPosition":"2","RailName":"T1303","StationID":"013","TerminalStationID":"000","DestinationID":"000"},{"TrainGroupNumber":"299","ServiceNumber":"801","TrainCrewNumber":"000","TrainPosition":"1","TrainRunningPosition":"2","RailName":"T1301","StationID":"013","TerminalStationID":"000","DestinationID":"000"},{"TrainGroupNumber":"201","ServiceNumber":"000","TrainCrewNumber":"000","TrainPosition":"1","TrainRunningPosition":"1","RailName":"T1304","StationID":"013","TerminalStationID":"000","DestinationID":"000"}]}}
10-12 10:30:44.623  2699  3221 D UdpDisServices: udp receive - api receive data disApi, udp service id=98  - udp.packet.address=/172.2.208.8, udp.pack.socketAddress=/172.2.208.8:64002, udp.port=64002- running=true - message={"MsgSeqID":833,"MsgName":"DisReceivedNotify","MsgInfo":{"AppMsgSeqID":3308,"Code":10001}}
10-12 10:30:44.624  2699  2699 D MainActivity: onMessageEvent  -- gginit: disApi, id=1---event={"MsgSeqID":832,"MsgName":"GetStationATSRsp","MsgInfo":{"Code":10011,"StationATSInfos":[{"TrainGroupNumber":"202","ServiceNumber":"000","TrainCrewNumber":"000","TrainPosition":"1","TrainRunningPosition":"2","RailName":"T1303","StationID":"013","TerminalStationID":"000","DestinationID":"000"},{"TrainGroupNumber":"299","ServiceNumber":"801","TrainCrewNumber":"000","TrainPosition":"1","TrainRunningPosition":"2","RailName":"T1301","StationID":"013","TerminalStationID":"000","DestinationID":"000"},{"TrainGroupNumber":"201","ServiceNumber":"000","TrainCrewNumber":"000","TrainPosition":"1","TrainRunningPosition":"1","RailName":"T1304","StationID":"013","TerminalStationID":"000","DestinationID":"000"}]}}
10-12 10:30:44.624  2699  2699 D MainViewModel: 1processDisApi: disApi, id=1
10-12 10:30:44.624  2699  3221 I APP_LogUtils.kt: [(LogUtils.kt:50).i()] [UdpDisServices] udp receive - api receive data disApi, udp service id=98 - running=true  - ip=/172.2.208.8 - port=64002 - message={"MsgSeqID":833,"MsgName":"DisReceivedNotify","MsgInfo":{"AppMsgSeqID":3308,"Code":10001}}
10-12 10:30:44.624  2699  2813 D LogWriteUtil.class=LogFileHandlerThread.class: 1getFilePath: logFormat=2022-10-12, LogWriteUtil.logPathDir=/custom/metro/log
10-12 10:30:44.624  2699  2813 D LogWriteUtil.class=LogFileHandlerThread.class: 2getFilePath: filePath=/custom/metro/log/2022-10-12
10-12 10:30:44.624  2699  2813 D LogWriteUtil.class=LogFileHandlerThread.class: 1getCurrentFileName: LogWriteUtil.logfile=app.log
10-12 10:30:44.624  2699  2699 D MainActivity: onMessageEvent  -- gginit: disApi, id=1---event={"MsgSeqID":833,"MsgName":"DisReceivedNotify","MsgInfo":{"AppMsgSeqID":3308,"Code":10001}}
10-12 10:30:44.624  2699  2699 D MainViewModel: 1processDisApi: disApi, id=1
10-12 10:30:44.625  2699  2813 D LogWriteUtil.class=LogFileHandlerThread.class: 1getFilePath: logFormat=2022-10-12, LogWriteUtil.logPathDir=/custom/metro/log
10-12 10:30:44.625  2699  4939 D DisApiSingletonReceive: processingData: disApi, id=174 - data={"MsgSeqID":833,"MsgName":"DisReceivedNotify","MsgInfo":{"AppMsgSeqID":3308,"Code":10001}}
10-12 10:30:44.625  2699  2813 D LogWriteUtil.class=LogFileHandlerThread.class: 2getFilePath: filePath=/custom/metro/log/2022-10-12
10-12 10:30:44.625  2699  2813 D LogWriteUtil.class=LogFileHandlerThread.class: getFileNameSuffix: file=/custom/metro/log/2022-10-12
10-12 10:30:44.626  2699  2813 D LogWriteUtil.class=LogFileHandlerThread.class: 2getCurrentFileName: index=3, LogWriteUtil.logfile=app.log, getFileNameSuffix=7
10-12 10:30:44.626  2699  2813 D LogWriteUtil.class=LogFileHandlerThread.class: 1getFilePath: logFormat=2022-10-12, LogWriteUtil.logPathDir=/custom/metro/log
10-12 10:30:44.627  2699  4939 D DisApiSingletonReceive: processingDisReceivedNotify: info=DisReceivedNotifyApiData(msgName=DisReceivedNotify, msgSeqID=833, msgInfo=ReceivedNotifyData(appMsgSeqID=0, code=10001))
10-12 10:30:44.627  2699  2813 D LogWriteUtil.class=LogFileHandlerThread.class: 2getFilePath: filePath=/custom/metro/log/2022-10-12
10-12 10:30:44.628  2699  2813 D LogWriteUtil.class=LogFileHandlerThread.class: getFileNameSuffix: file=/custom/metro/log/2022-10-12
10-12 10:30:44.628  2699  5357 D DisApiSingletonReceive: processingData: disApi, id=210 - data={"MsgSeqID":832,"MsgName":"GetStationATSRsp","MsgInfo":{"Code":10011,"StationATSInfos":[{"TrainGroupNumber":"202","ServiceNumber":"000","TrainCrewNumber":"000","TrainPosition":"1","TrainRunningPosition":"2","RailName":"T1303","StationID":"013","TerminalStationID":"000","DestinationID":"000"},{"TrainGroupNumber":"299","ServiceNumber":"801","TrainCrewNumber":"000","TrainPosition":"1","TrainRunningPosition":"2","RailName":"T1301","StationID":"013","TerminalStationID":"000","DestinationID":"000"},{"TrainGroupNumber":"201","ServiceNumber":"000","TrainCrewNumber":"000","TrainPosition":"1","TrainRunningPosition":"1","RailName":"T1304","StationID":"013","TerminalStationID":"000","DestinationID":"000"}]}}
10-12 10:30:44.628  2699  2813 D LogWriteUtil.class=LogFileHandlerThread.class: 3getCurrentFileName: logFileName=app7.log
10-12 10:30:44.628  2699  2813 D LogWriteUtil.class=LogFileHandlerThread.class: 1,initFile: getFilePath()=/custom/metro/log/2022-10-12, getCurrentFileName=app7.log
10-12 10:30:44.629  2699  2813 D LogWriteUtil.class=LogFileHandlerThread.class: 1getFilePath: logFormat=2022-10-12, LogWriteUtil.logPathDir=/custom/metro/log
10-12 10:30:44.629  2699  2813 D LogWriteUtil.class=LogFileHandlerThread.class: 2getFilePath: filePath=/custom/metro/log/2022-10-12
10-12 10:30:44.629  2699  2813 D LogWriteUtil.class=LogFileHandlerThread.class: 1getCurrentFileName: LogWriteUtil.logfile=app.log
10-12 10:30:44.630  2699  5357 D DisApiSingletonReceive: parseStationAtsData: atsInfo=com.gbcom.library_base.data.StationAtsApiData@74fe403
10-12 10:30:44.630  2699  2813 D LogWriteUtil.class=LogFileHandlerThread.class: 1getFilePath: logFormat=2022-10-12, LogWriteUtil.logPathDir=/custom/metro/log
10-12 10:30:44.630  2699  2813 D LogWriteUtil.class=LogFileHandlerThread.class: 2getFilePath: filePath=/custom/metro/log/2022-10-12
10-12 10:30:44.630  2699  2813 D LogWriteUtil.class=LogFileHandlerThread.class: getFileNameSuffix: file=/custom/metro/log/2022-10-12
10-12 10:30:44.630  2699  5357 D BtrunCConfig: isR2Nubmer is true
10-12 10:30:44.630  2699  5357 D com.ztegota.system.GotaSystem: getMdn +866022013
10-12 10:30:44.630  2699  5357 D TAG     : getUserId: userId2=+866022013
10-12 10:30:44.630  2699  5357 D BtrunCConfig: isR2Nubmer is true
10-12 10:30:44.630  2699  5357 D com.ztegota.system.GotaSystem: getMdn +866022013
10-12 10:30:44.630  2699  5357 D TAG     : getUserId: userId2=+866022013
10-12 10:30:44.630  2699  5357 D BtrunCConfig: isR2Nubmer is true
10-12 10:30:44.630  2699  2813 D LogWriteUtil.class=LogFileHandlerThread.class: 2getCurrentFileName: index=3, LogWriteUtil.logfile=app.log, getFileNameSuffix=7
10-12 10:30:44.630  2699  5357 D com.ztegota.system.GotaSystem: getMdn +866022013
10-12 10:30:44.630  2699  5357 D TAG     : getUserId: userId2=+866022013
10-12 10:30:44.631  2699  2813 D LogWriteUtil.class=LogFileHandlerThread.class: 1getFilePath: logFormat=2022-10-12, LogWriteUtil.logPathDir=/custom/metro/log
10-12 10:30:44.631  2699  2813 D LogWriteUtil.class=LogFileHandlerThread.class: 2getFilePath: filePath=/custom/metro/log/2022-10-12
10-12 10:30:44.631  2699  2813 D LogWriteUtil.class=LogFileHandlerThread.class: getFileNameSuffix: file=/custom/metro/log/2022-10-12
10-12 10:30:44.632  2699  2813 D LogWriteUtil.class=LogFileHandlerThread.class: 3getCurrentFileName: logFileName=app7.log
10-12 10:30:44.632  2699  2813 D LogWriteUtil.class=LogFileHandlerThread.class: 1getCurrentFileName: LogWriteUtil.logfile=app.log
10-12 10:30:44.633  2699  2813 D LogWriteUtil.class=LogFileHandlerThread.class: 1getFilePath: logFormat=2022-10-12, LogWriteUtil.logPathDir=/custom/metro/log
10-12 10:30:44.633  2699  2813 D LogWriteUtil.class=LogFileHandlerThread.class: 2getFilePath: filePath=/custom/metro/log/2022-10-12
10-12 10:30:44.633  2699  2813 D LogWriteUtil.class=LogFileHandlerThread.class: getFileNameSuffix: file=/custom/metro/log/2022-10-12
10-12 10:30:44.633  2699  2813 D LogWriteUtil.class=LogFileHandlerThread.class: 2getCurrentFileName: index=3, LogWriteUtil.logfile=app.log, getFileNameSuffix=7
10-12 10:30:44.634  2699  2813 D LogWriteUtil.class=LogFileHandlerThread.class: 1getFilePath: logFormat=2022-10-12, LogWriteUtil.logPathDir=/custom/metro/log
10-12 10:30:44.634  2699  2813 D LogWriteUtil.class=LogFileHandlerThread.class: 2getFilePath: filePath=/custom/metro/log/2022-10-12
10-12 10:30:44.635  2699  2813 D LogWriteUtil.class=LogFileHandlerThread.class: getFileNameSuffix: file=/custom/metro/log/2022-10-12
10-12 10:30:44.635  2699  2813 D LogWriteUtil.class=LogFileHandlerThread.class: 3getCurrentFileName: logFileName=app7.log
10-12 10:30:44.635  2699  2813 D TAG     : 2,initFile: /custom/metro/log/2022-10-12/app7.log, logFile.length=1006564, getCurrentFileName()=app7.log, writeFileName=/custom/metro/log/2022-10-12/app7.log
10-12 10:30:44.635  2699  2813 D LogWriteUtil.class=LogFileHandlerThread.class: 8,initFile: logFile=/custom/metro/log/2022-10-12/app7.log, logFile.length=1006564
10-12 10:30:44.637  2699  2813 D LogWriteUtil.class=LogFileHandlerThread.class: 1getFilePath: logFormat=2022-10-12, LogWriteUtil.logPathDir=/custom/metro/log
10-12 10:30:44.637  2699  2813 D LogWriteUtil.class=LogFileHandlerThread.class: 2getFilePath: filePath=/custom/metro/log/2022-10-12
10-12 10:30:44.638  2699  2813 D LogWriteUtil.class=LogFileHandlerThread.class: 1getCurrentFileName: LogWriteUtil.logfile=app.log
10-12 10:30:44.638  2699  2813 D LogWriteUtil.class=LogFileHandlerThread.class: 1getFilePath: logFormat=2022-10-12, LogWriteUtil.logPathDir=/custom/metro/log
10-12 10:30:44.638  2699  2813 D LogWriteUtil.class=LogFileHandlerThread.class: 2getFilePath: filePath=/custom/metro/log/2022-10-12
10-12 10:30:44.639  2699  2813 D LogWriteUtil.class=LogFileHandlerThread.class: getFileNameSuffix: file=/custom/metro/log/2022-10-12
10-12 10:30:44.639  2699  2813 D LogWriteUtil.class=LogFileHandlerThread.class: 2getCurrentFileName: index=3, LogWriteUtil.logfile=app.log, getFileNameSuffix=7
10-12 10:30:44.640  2699  2813 D LogWriteUtil.class=LogFileHandlerThread.class: 1getFilePath: logFormat=2022-10-12, LogWriteUtil.logPathDir=/custom/metro/log
10-12 10:30:44.640  2699  2813 D LogWriteUtil.class=LogFileHandlerThread.class: 2getFilePath: filePath=/custom/metro/log/2022-10-12
10-12 10:30:44.640  2699  2813 D LogWriteUtil.class=LogFileHandlerThread.class: getFileNameSuffix: file=/custom/metro/log/2022-10-12
10-12 10:30:44.640  2699  2813 D LogWriteUtil.class=LogFileHandlerThread.class: 3getCurrentFileName: logFileName=app7.log
10-12 10:30:44.640  2699  2813 D LogWriteUtil.class=LogFileHandlerThread.class: 1,initFile: getFilePath()=/custom/metro/log/2022-10-12, getCurrentFileName=app7.log
10-12 10:30:44.641  2699  2813 D LogWriteUtil.class=LogFileHandlerThread.class: 1getFilePath: logFormat=2022-10-12, LogWriteUtil.logPathDir=/custom/metro/log
10-12 10:30:44.641  2699  2813 D LogWriteUtil.class=LogFileHandlerThread.class: 2getFilePath: filePath=/custom/metro/log/2022-10-12
10-12 10:30:44.641  2699  2813 D LogWriteUtil.class=LogFileHandlerThread.class: 1getCurrentFileName: LogWriteUtil.logfile=app.log
10-12 10:30:44.642  2699  2813 D LogWriteUtil.class=LogFileHandlerThread.class: 1getFilePath: logFormat=2022-10-12, LogWriteUtil.logPathDir=/custom/metro/log
10-12 10:30:44.642  2699  2813 D LogWriteUtil.class=LogFileHandlerThread.class: 2getFilePath: filePath=/custom/metro/log/2022-10-12
10-12 10:30:44.642  2699  2813 D LogWriteUtil.class=LogFileHandlerThread.class: getFileNameSuffix: file=/custom/metro/log/2022-10-12
10-12 10:30:44.643  2699  2813 D LogWriteUtil.class=LogFileHandlerThread.class: 2getCurrentFileName: index=3, LogWriteUtil.logfile=app.log, getFileNameSuffix=7
10-12 10:30:44.644  2699  2813 D LogWriteUtil.class=LogFileHandlerThread.class: 1getFilePath: logFormat=2022-10-12, LogWriteUtil.logPathDir=/custom/metro/log
10-12 10:30:44.644  2699  2813 D LogWriteUtil.class=LogFileHandlerThread.class: 2getFilePath: filePath=/custom/metro/log/2022-10-12
10-12 10:30:44.644  2699  2813 D LogWriteUtil.class=LogFileHandlerThread.class: getFileNameSuffix: file=/custom/metro/log/2022-10-12
10-12 10:30:44.644  2699  2813 D LogWriteUtil.class=LogFileHandlerThread.class: 3getCurrentFileName: logFileName=app7.log
10-12 10:30:44.645  2699  2813 D LogWriteUtil.class=LogFileHandlerThread.class: 1getCurrentFileName: LogWriteUtil.logfile=app.log
10-12 10:30:44.645  2699  2813 D LogWriteUtil.class=LogFileHandlerThread.class: 1getFilePath: logFormat=2022-10-12, LogWriteUtil.logPathDir=/custom/metro/log
10-12 10:30:44.645  2699  2813 D LogWriteUtil.class=LogFileHandlerThread.class: 2getFilePath: filePath=/custom/metro/log/2022-10-12
10-12 10:30:44.645  2699  2813 D LogWriteUtil.class=LogFileHandlerThread.class: getFileNameSuffix: file=/custom/metro/log/2022-10-12
10-12 10:30:44.646  2699  2813 D LogWriteUtil.class=LogFileHandlerThread.class: 2getCurrentFileName: index=3, LogWriteUtil.logfile=app.log, getFileNameSuffix=7
10-12 10:30:44.647  2699  2813 D LogWriteUtil.class=LogFileHandlerThread.class: 1getFilePath: logFormat=2022-10-12, LogWriteUtil.logPathDir=/custom/metro/log
10-12 10:30:44.648  2699  2813 D LogWriteUtil.class=LogFileHandlerThread.class: 2getFilePath: filePath=/custom/metro/log/2022-10-12
10-12 10:30:44.648  2699  2813 D LogWriteUtil.class=LogFileHandlerThread.class: getFileNameSuffix: file=/custom/metro/log/2022-10-12
10-12 10:30:44.648  2699  2813 D LogWriteUtil.class=LogFileHandlerThread.class: 3getCurrentFileName: logFileName=app7.log
10-12 10:30:44.648  2699  2813 D TAG     : 2,initFile: /custom/metro/log/2022-10-12/app7.log, logFile.length=1007449, getCurrentFileName()=app7.log, writeFileName=/custom/metro/log/2022-10-12/app7.log
10-12 10:30:44.649  2699  2813 D LogWriteUtil.class=LogFileHandlerThread.class: 8,initFile: logFile=/custom/metro/log/2022-10-12/app7.log, logFile.length=1007449
10-12 10:30:44.651  2699  2699 D IndexFragment: initView: applyFxData() - ats=[StationAts(createTime=1665541844, trainGroupNumber=202, serviceNumber=000, trainCrewNumber=000, trainPosition=1, trainRunningPosition=2, railName=T1303, stationID=013, terminalStationID=000, destinationID=000, identityID=+866022013), StationAts(createTime=1665541844, trainGroupNumber=299, serviceNumber=801, trainCrewNumber=000, trainPosition=1, trainRunningPosition=2, railName=T1301, stationID=013, terminalStationID=000, destinationID=000, identityID=+866022013), StationAts(createTime=1665541844, trainGroupNumber=201, serviceNumber=000, trainCrewNumber=000, trainPosition=1, trainRunningPosition=1, railName=T1304, stationID=013, terminalStationID=000, destinationID=000, identityID=+866022013)]
10-12 10:30:44.744  2699  3221 D UdpDisServices: udp receive - api receive data disApi, udp service id=98  - udp.packet.address=/172.2.208.8, udp.pack.socketAddress=/172.2.208.8:64002, udp.port=64002- running=true - message={"MsgSeqID":817,"MsgName":"GetStationATSRsp","MsgInfo":{"Code":10011,"StationATSInfos":[{"TrainGroupNumber":"202","ServiceNumber":"000","TrainCrewNumber":"000","TrainPosition":"1","TrainRunningPosition":"2","RailName":"T1303","StationID":"013","TerminalStationID":"000","DestinationID":"000"},{"TrainGroupNumber":"299","ServiceNumber":"801","TrainCrewNumber":"000","TrainPosition":"1","TrainRunningPosition":"2","RailName":"T1301","StationID":"013","TerminalStationID":"000","DestinationID":"000"},{"TrainGroupNumber":"201","ServiceNumber":"000","TrainCrewNumber":"000","TrainPosition":"1","TrainRunningPosition":"1","RailName":"T1304","StationID":"013","TerminalStationID":"000","DestinationID":"000"}]}}
10-12 10:30:44.745  2699  3221 I APP_LogUtils.kt: [(LogUtils.kt:50).i()] [UdpDisServices] udp receive - api receive data disApi, udp service id=98 - running=true  - ip=/172.2.208.8 - port=64002 - message={"MsgSeqID":817,"MsgName":"GetStationATSRsp","MsgInfo":{"Code":10011,"StationATSInfos":[{"TrainGroupNumber":"202","ServiceNumber":"000","TrainCrewNumber":"000","TrainPosition":"1","TrainRunningPosition":"2","RailName":"T1303","StationID":"013","TerminalStationID":"000","DestinationID":"000"},{"TrainGroupNumber":"299","ServiceNumber":"801","TrainCrewNumber":"000","TrainPosition":"1","TrainRunningPosition":"2","RailName":"T1301","StationID":"013","TerminalStationID":"000","DestinationID":"000"},{"TrainGroupNumber":"201","ServiceNumber":"000","TrainCrewNumber":"000","TrainPosition":"1","TrainRunningPosition":"1","RailName":"T1304","StationID":"013","TerminalStationID":"000","DestinationID":"000"}]}}
10-12 10:30:44.746  2699  2699 D MainActivity: onMessageEvent  -- gginit: disApi, id=1---event={"MsgSeqID":817,"MsgName":"GetStationATSRsp","MsgInfo":{"Code":10011,"StationATSInfos":[{"TrainGroupNumber":"202","ServiceNumber":"000","TrainCrewNumber":"000","TrainPosition":"1","TrainRunningPosition":"2","RailName":"T1303","StationID":"013","TerminalStationID":"000","DestinationID":"000"},{"TrainGroupNumber":"299","ServiceNumber":"801","TrainCrewNumber":"000","TrainPosition":"1","TrainRunningPosition":"2","RailName":"T1301","StationID":"013","TerminalStationID":"000","DestinationID":"000"},{"TrainGroupNumber":"201","ServiceNumber":"000","TrainCrewNumber":"000","TrainPosition":"1","TrainRunningPosition":"1","RailName":"T1304","StationID":"013","TerminalStationID":"000","DestinationID":"000"}]}}
10-12 10:30:44.746  2699  2699 D MainViewModel: 1processDisApi: disApi, id=1
10-12 10:30:44.746  2699  2813 D LogWriteUtil.class=LogFileHandlerThread.class: 1getFilePath: logFormat=2022-10-12, LogWriteUtil.logPathDir=/custom/metro/log
10-12 10:30:44.746  2699  2813 D LogWriteUtil.class=LogFileHandlerThread.class: 2getFilePath: filePath=/custom/metro/log/2022-10-12
10-12 10:30:44.747  2699  2813 D LogWriteUtil.class=LogFileHandlerThread.class: 1getCurrentFileName: LogWriteUtil.logfile=app.log
10-12 10:30:44.747  2699  5357 D DisApiSingletonReceive: processingData: disApi, id=210 - data={"MsgSeqID":817,"MsgName":"GetStationATSRsp","MsgInfo":{"Code":10011,"StationATSInfos":[{"TrainGroupNumber":"202","ServiceNumber":"000","TrainCrewNumber":"000","TrainPosition":"1","TrainRunningPosition":"2","RailName":"T1303","StationID":"013","TerminalStationID":"000","DestinationID":"000"},{"TrainGroupNumber":"299","ServiceNumber":"801","TrainCrewNumber":"000","TrainPosition":"1","TrainRunningPosition":"2","RailName":"T1301","StationID":"013","TerminalStationID":"000","DestinationID":"000"},{"TrainGroupNumber":"201","ServiceNumber":"000","TrainCrewNumber":"000","TrainPosition":"1","TrainRunningPosition":"1","RailName":"T1304","StationID":"013","TerminalStationID":"000","DestinationID":"000"}]}}
10-12 10:30:44.747  2699  2813 D LogWriteUtil.class=LogFileHandlerThread.class: 1getFilePath: logFormat=2022-10-12, LogWriteUtil.logPathDir=/custom/metro/log
10-12 10:30:44.747  2699  2813 D LogWriteUtil.class=LogFileHandlerThread.class: 2getFilePath: filePath=/custom/metro/log/2022-10-12
10-12 10:30:44.748  2699  2813 D LogWriteUtil.class=LogFileHandlerThread.class: getFileNameSuffix: file=/custom/metro/log/2022-10-12
10-12 10:30:44.748  2699  2813 D LogWriteUtil.class=LogFileHandlerThread.class: 2getCurrentFileName: index=3, LogWriteUtil.logfile=app.log, getFileNameSuffix=7
10-12 10:30:44.749  2699  2813 D LogWriteUtil.class=LogFileHandlerThread.class: 1getFilePath: logFormat=2022-10-12, LogWriteUtil.logPathDir=/custom/metro/log
10-12 10:30:44.749  2699  5357 D DisApiSingletonReceive: parseStationAtsData: atsInfo=com.gbcom.library_base.data.StationAtsApiData@36991fe
10-12 10:30:44.749  2699  2813 D LogWriteUtil.class=LogFileHandlerThread.class: 2getFilePath: filePath=/custom/metro/log/2022-10-12
10-12 10:30:44.749  2699  2813 D LogWriteUtil.class=LogFileHandlerThread.class: getFileNameSuffix: file=/custom/metro/log/2022-10-12
10-12 10:30:44.749  2699  5357 D BtrunCConfig: isR2Nubmer is true
10-12 10:30:44.749  2699  5357 D com.ztegota.system.GotaSystem: getMdn +866022013
10-12 10:30:44.749  2699  5357 D TAG     : getUserId: userId2=+866022013
10-12 10:30:44.749  2699  5357 D BtrunCConfig: isR2Nubmer is true
10-12 10:30:44.750  2699  2813 D LogWriteUtil.class=LogFileHandlerThread.class: 3getCurrentFileName: logFileName=app7.log
10-12 10:30:44.750  2699  5357 D com.ztegota.system.GotaSystem: getMdn +866022013
10-12 10:30:44.750  2699  2813 D LogWriteUtil.class=LogFileHandlerThread.class: 1,initFile: getFilePath()=/custom/metro/log/2022-10-12, getCurrentFileName=app7.log
10-12 10:30:44.750  2699  5357 D TAG     : getUserId: userId2=+866022013
10-12 10:30:44.750  2699  5357 D BtrunCConfig: isR2Nubmer is true
10-12 10:30:44.750  2699  5357 D com.ztegota.system.GotaSystem: getMdn +866022013
10-12 10:30:44.750  2699  5357 D TAG     : getUserId: userId2=+866022013
10-12 10:30:44.750  2699  2813 D LogWriteUtil.class=LogFileHandlerThread.class: 1getFilePath: logFormat=2022-10-12, LogWriteUtil.logPathDir=/custom/metro/log
10-12 10:30:44.750  2699  2813 D LogWriteUtil.class=LogFileHandlerThread.class: 2getFilePath: filePath=/custom/metro/log/2022-10-12
10-12 10:30:44.750  2699  2813 D LogWriteUtil.class=LogFileHandlerThread.class: 1getCurrentFileName: LogWriteUtil.logfile=app.log
10-12 10:30:44.751  2699  2813 D LogWriteUtil.class=LogFileHandlerThread.class: 1getFilePath: logFormat=2022-10-12, LogWriteUtil.logPathDir=/custom/metro/log
10-12 10:30:44.751  2699  2813 D LogWriteUtil.class=LogFileHandlerThread.class: 2getFilePath: filePath=/custom/metro/log/2022-10-12
10-12 10:30:44.751  2699  2813 D LogWriteUtil.class=LogFileHandlerThread.class: getFileNameSuffix: file=/custom/metro/log/2022-10-12
10-12 10:30:44.751  2699  2813 D LogWriteUtil.class=LogFileHandlerThread.class: 2getCurrentFileName: index=3, LogWriteUtil.logfile=app.log, getFileNameSuffix=7
10-12 10:30:44.752  2699  2813 D LogWriteUtil.class=LogFileHandlerThread.class: 1getFilePath: logFormat=2022-10-12, LogWriteUtil.logPathDir=/custom/metro/log
10-12 10:30:44.752  2699  2813 D LogWriteUtil.class=LogFileHandlerThread.class: 2getFilePath: filePath=/custom/metro/log/2022-10-12
10-12 10:30:44.752  2699  2813 D LogWriteUtil.class=LogFileHandlerThread.class: getFileNameSuffix: file=/custom/metro/log/2022-10-12
10-12 10:30:44.753  2699  2813 D LogWriteUtil.class=LogFileHandlerThread.class: 3getCurrentFileName: logFileName=app7.log
10-12 10:30:44.753  2699  2813 D LogWriteUtil.class=LogFileHandlerThread.class: 1getCurrentFileName: LogWriteUtil.logfile=app.log
10-12 10:30:44.753  2699  2813 D LogWriteUtil.class=LogFileHandlerThread.class: 1getFilePath: logFormat=2022-10-12, LogWriteUtil.logPathDir=/custom/metro/log
10-12 10:30:44.754  2699  2813 D LogWriteUtil.class=LogFileHandlerThread.class: 2getFilePath: filePath=/custom/metro/log/2022-10-12
10-12 10:30:44.754  2699  2813 D LogWriteUtil.class=LogFileHandlerThread.class: getFileNameSuffix: file=/custom/metro/log/2022-10-12
10-12 10:30:44.754  2699  2813 D LogWriteUtil.class=LogFileHandlerThread.class: 2getCurrentFileName: index=3, LogWriteUtil.logfile=app.log, getFileNameSuffix=7
10-12 10:30:44.755  2699  2813 D LogWriteUtil.class=LogFileHandlerThread.class: 1getFilePath: logFormat=2022-10-12, LogWriteUtil.logPathDir=/custom/metro/log
10-12 10:30:44.755  2699  2813 D LogWriteUtil.class=LogFileHandlerThread.class: 2getFilePath: filePath=/custom/metro/log/2022-10-12
10-12 10:30:44.755  2699  2813 D LogWriteUtil.class=LogFileHandlerThread.class: getFileNameSuffix: file=/custom/metro/log/2022-10-12
10-12 10:30:44.755  2699  2813 D LogWriteUtil.class=LogFileHandlerThread.class: 3getCurrentFileName: logFileName=app7.log
10-12 10:30:44.755  2699  2813 D TAG     : 2,initFile: /custom/metro/log/2022-10-12/app7.log, logFile.length=1007719, getCurrentFileName()=app7.log, writeFileName=/custom/metro/log/2022-10-12/app7.log
10-12 10:30:44.755  2699  2813 D LogWriteUtil.class=LogFileHandlerThread.class: 8,initFile: logFile=/custom/metro/log/2022-10-12/app7.log, logFile.length=1007719
10-12 10:30:44.759  2699  2699 D IndexFragment: initView: applyFxData() - ats=[StationAts(createTime=1665541844, trainGroupNumber=202, serviceNumber=000, trainCrewNumber=000, trainPosition=1, trainRunningPosition=2, railName=T1303, stationID=013, terminalStationID=000, destinationID=000, identityID=+866022013), StationAts(createTime=1665541844, trainGroupNumber=299, serviceNumber=801, trainCrewNumber=000, trainPosition=1, trainRunningPosition=2, railName=T1301, stationID=013, terminalStationID=000, destinationID=000, identityID=+866022013), StationAts(createTime=1665541844, trainGroupNumber=201, serviceNumber=000, trainCrewNumber=000, trainPosition=1, trainRunningPosition=1, railName=T1304, stationID=013, terminalStationID=000, destinationID=000, identityID=+866022013)]
10-12 10:30:44.803  2699  5357 D MainViewModel: getSystemTime_currentThreadID2: 210
10-12 10:30:44.804  2699  5361 D TAG     : getSystemTime_currentThreadID3s: 211, isActive=true
10-12 10:30:45.174  2699  2751 I rilj    : EMCI Detial(CellId--->Tav): 5889,255,2,"46009",255,65535,59,65535,255,255,59,27,16,255,1202590897205,0,0,0,0,0,0,0,0
10-12 10:30:45.175  2699  2751 D LTERILJ : [UNSL]< RIL_UNSOL_NOTIFY_EMCI_DETAIL
10-12 10:30:45.176  2699  2748 D LTEPhone: EVENT_FOR_EMCI_DETAIL
10-12 10:30:45.176  2699  2748 D LTEServiceTracker: setCellId cellId:5889,"46009"
10-12 10:30:45.178  2699  2699 I APP_LogUtils.kt: [(LogUtils.kt:50).i()] [com.gbcom.library_base.service.LLteService] lte_resp_sys_for_emci_detail - EmciDetail=com.ztegota.system.common.EmciDetail@99fd07b
10-12 10:30:45.181  2699  2813 D LogWriteUtil.class=LogFileHandlerThread.class: 1getFilePath: logFormat=2022-10-12, LogWriteUtil.logPathDir=/custom/metro/log
10-12 10:30:45.181  2699  2813 D LogWriteUtil.class=LogFileHandlerThread.class: 2getFilePath: filePath=/custom/metro/log/2022-10-12
10-12 10:30:45.181  2699  2813 D LogWriteUtil.class=LogFileHandlerThread.class: 1getCurrentFileName: LogWriteUtil.logfile=app.log
10-12 10:30:45.182  2699  2813 D LogWriteUtil.class=LogFileHandlerThread.class: 1getFilePath: logFormat=2022-10-12, LogWriteUtil.logPathDir=/custom/metro/log
10-12 10:30:45.183  2699  2813 D LogWriteUtil.class=LogFileHandlerThread.class: 2getFilePath: filePath=/custom/metro/log/2022-10-12
10-12 10:30:45.183  2699  2813 D LogWriteUtil.class=LogFileHandlerThread.class: getFileNameSuffix: file=/custom/metro/log/2022-10-12
