10-11 16:09:25.938  3867  3867 W ContextImpl: Calling a method in the system process without a qualified user: android.app.ContextImpl.bindService:1421 android.content.ContextWrapper.bindService:636 com.gbcom.library_main.mvvm.view.MainActivity.init:616 com.gbcom.library_main.mvvm.view.MainActivity.main:129 com.gbcom.library_base.base.activity.BaseActivity.onCreate:25 
10-11 16:09:25.941  3867  3867 W ContextImpl: Calling a method in the system process without a qualified user: android.app.ContextImpl.startService:1357 android.content.ContextWrapper.startService:613 com.gbcom.library_main.mvvm.view.MainActivity.main:132 com.gbcom.library_base.base.activity.BaseActivity.onCreate:25 android.app.Activity.performCreate:6723 
10-11 16:09:25.952  3867  3932 I chatty  : uid=1000(system) DefaultDispatch expire 3 lines
10-11 16:09:25.961  3867  3942 I chatty  : uid=1000(system) DefaultDispatch expire 1 line
10-11 16:09:25.963  3867  3955 I chatty  : uid=1000(system) DefaultDispatch expire 4 lines
10-11 16:09:25.992  3867  3964 I chatty  : uid=1000(system) Timer-0 expire 6 lines
10-11 16:09:25.995  3867  3956 I chatty  : uid=1000(system) DefaultDispatch expire 1 line
10-11 16:09:26.027  3867  3923 I chatty  : uid=1000(system) RILRemoteReceiv expire 2 lines
10-11 16:09:26.028  3867  3920 I chatty  : uid=1000(system) GotaSystem expire 2 lines
10-11 16:09:26.045  3867  3867 I chatty  : uid=1000(system) com.gbcom.metrosystem expire 7 lines
10-11 16:09:26.048  3867  3965 I chatty  : uid=1000(system) pool-5-thread-1 expire 9 lines
10-11 16:09:26.082  3867  3956 I chatty  : uid=1000(system) DefaultDispatch expire 5 lines
10-11 16:09:26.088  3867  3888 I chatty  : uid=1000(system) LogFile expire 182 lines
10-11 16:09:26.090  3867  3931 I chatty  : uid=1000(system) DefaultDispatch expire 14 lines
10-11 16:09:26.093  1500  2426 D AlarmManagerService: Setting time of day to sec=1665475766
10-11 16:09:26.096  1500  2426 W AlarmManagerService: Unable to set rtc to 1665475766: Invalid argument
10-11 16:09:26.143  3867  3888 I chatty  : uid=1000(system) LogFile expire 124 lines
10-11 16:09:26.226  3867  3867 I chatty  : uid=1000(system) com.gbcom.metrosystem expire 37 lines
10-11 16:09:26.238  3867  3872 I chatty  : uid=1000(system) Jit thread pool expire 6 lines
10-11 16:09:26.609  3867  3920 I chatty  : uid=1000(system) GotaSystem expire 24 lines
10-11 16:09:26.663  3867  3923 I chatty  : uid=1000(system) RILRemoteReceiv expire 2 lines
10-11 16:09:26.717  3867  3958 I chatty  : uid=1000(system) DefaultDispatch expire 2 lines
10-11 16:09:26.717  3867  3960 I chatty  : uid=1000(system) DefaultDispatch expire 2 lines
10-11 16:09:26.717  3867  3932 I chatty  : uid=1000(system) DefaultDispatch expire 2 lines
10-11 16:09:26.717  3867  3955 I chatty  : uid=1000(system) DefaultDispatch expire 1 line
10-11 16:09:26.717  3867  3963 I chatty  : uid=1000(system) DefaultDispatch expire 4 lines
10-11 16:09:26.717  3867  3961 I chatty  : uid=1000(system) DefaultDispatch expire 3 lines
10-11 16:09:26.717  3867  3956 I chatty  : uid=1000(system) DefaultDispatch expire 2 lines
10-11 16:09:26.730  1500  1584 I ActivityManager: Displayed com.gbcom.metrosystem/com.gbcom.library_main.mvvm.view.MainActivity: +1s20ms
10-11 16:09:26.732  1700  1700 V PhoneStatusBarPolicy: updateManagedProfile: mManagedProfileFocused: false
10-11 16:09:26.774  3867  3963 I chatty  : uid=1000(system) DefaultDispatch expire 1 line
10-11 16:09:26.781  3867  3867 I chatty  : uid=1000(system) com.gbcom.metrosystem expire 19 lines
10-11 16:09:26.798  3867  3960 I chatty  : uid=1000(system) DefaultDispatch expire 1 line
10-11 16:09:26.830  3867  3955 I chatty  : uid=1000(system) DefaultDispatch expire 35 lines
10-11 16:09:26.831  3867  3888 I chatty  : uid=1000(system) LogFile expire 136 lines
10-11 16:09:26.895   740   740 I MSM-irqbalance: Decided to move IRQ3 from CPU1 [P:0] to CPU6 [P:1] (banned)
10-11 16:09:26.897   740   740 I MSM-irqbalance: Decided to move IRQ5 from CPU1 [P:0] to CPU4 [P:1] (banned)
10-11 16:09:26.898   740   740 I MSM-irqbalance: Decided to move IRQ3 from CPU2 [P:0] to CPU7 [P:1] (banned)
10-11 16:09:26.899   740   740 I MSM-irqbalance: Decided to move IRQ5 from CPU2 [P:0] to CPU5 [P:1] (banned)
10-11 16:09:26.900   740   740 I MSM-irqbalance: Decided to move IRQ3 from CPU3 [P:0] to CPU6 [P:1] (banned)
10-11 16:09:26.900   740   740 I MSM-irqbalance: Decided to move IRQ5 from CPU3 [P:0] to CPU4 [P:1] (banned)
10-11 16:09:26.901   740   740 I MSM-irqbalance: Decided to move IRQ3 from CPU0 [P:0] to CPU7 [P:1] (banned)
10-11 16:09:26.902   740   740 I MSM-irqbalance: Decided to move IRQ5 from CPU0 [P:0] to CPU5 [P:1] (banned)
10-11 16:09:26.975   564   896 E libnav  : CablComputeBacklightLevel(): UpdateType = DifferentSceneUpdate
10-11 16:09:27.048  3867  3923 I chatty  : uid=1000(system) RILRemoteReceiv expire 5 lines
10-11 16:09:27.048  3867  3920 I chatty  : uid=1000(system) GotaSystem expire 11 lines
10-11 16:09:27.128  1500  2068 W ActivityManager: Duplicate finish request for ActivityRecord{779a2a7 u0 com.gbcom.metrosystem/com.gbcom.module_check.mvvm.view.MainActivity t156 f}
10-11 16:09:27.176  3867  3924 I chatty  : uid=1000(system) LtePhoneRespons expire 3 lines
10-11 16:09:27.522  1500  1500 W WindowManager: Attempted to remove non-existing token: android.os.Binder@519c233
10-11 16:09:27.689  3867  3930 I chatty  : uid=1000(system) DefaultDispatch expire 16 lines
10-11 16:09:27.694  3867  3888 I chatty  : uid=1000(system) LogFile expire 196 lines
10-11 16:09:27.717  3867  3955 W ContextImpl: Calling a method in the system process without a qualified user: android.app.ContextImpl.sendBroadcast:877 android.content.ContextWrapper.sendBroadcast:421 com.gbcom.library_base.udp.MasterApiReceive.processingFileListData:153 com.gbcom.library_base.udp.MasterApiReceive.processingData:60 com.gbcom.library_main.mvvm.viewmodel.MainViewModel$processingMasterApi$1.invokeSuspend:251 
10-11 16:09:27.720  1500  2379 E ActivityManager: Sending non-protected broadcast com.gbcom.action.ACTION_MASTER_FILE_LIST_TASK from system 3867:com.gbcom.metrosystem/1000 pkg com.gbcom.metrosystem
10-11 16:09:27.720  1500  2379 E ActivityManager: java.lang.Throwable
10-11 16:09:27.720  1500  2379 E ActivityManager: 	at com.android.server.am.ActivityManagerService.checkBroadcastFromSystem(ActivityManagerService.java:18272)
10-11 16:09:27.720  1500  2379 E ActivityManager: 	at com.android.server.am.ActivityManagerService.broadcastIntentLocked(ActivityManagerService.java:18753)
10-11 16:09:27.720  1500  2379 E ActivityManager: 	at com.android.server.am.ActivityManagerService.broadcastIntent(ActivityManagerService.java:18935)
10-11 16:09:27.720  1500  2379 E ActivityManager: 	at android.app.ActivityManagerNative.onTransact(ActivityManagerNative.java:499)
10-11 16:09:27.720  1500  2379 E ActivityManager: 	at com.android.server.am.ActivityManagerService.onTransact(ActivityManagerService.java:2869)
10-11 16:09:27.720  1500  2379 E ActivityManager: 	at android.os.Binder.execTransact(Binder.java:565)
10-11 16:09:27.722  1500  2379 E ActivityManager: Sending non-protected broadcast com.gbcom.action.ACTION_MASTER_FILE_LIST_TASK from system 3867:com.gbcom.metrosystem/1000 pkg com.gbcom.metrosystem
10-11 16:09:27.722  1500  2379 E ActivityManager: java.lang.Throwable
10-11 16:09:27.722  1500  2379 E ActivityManager: 	at com.android.server.am.ActivityManagerService.checkBroadcastFromSystem(ActivityManagerService.java:18272)
10-11 16:09:27.722  1500  2379 E ActivityManager: 	at com.android.server.am.ActivityManagerService.broadcastIntentLocked(ActivityManagerService.java:18844)
10-11 16:09:27.722  1500  2379 E ActivityManager: 	at com.android.server.am.ActivityManagerService.broadcastIntent(ActivityManagerService.java:18935)
10-11 16:09:27.722  1500  2379 E ActivityManager: 	at android.app.ActivityManagerNative.onTransact(ActivityManagerNative.java:499)
10-11 16:09:27.722  1500  2379 E ActivityManager: 	at com.android.server.am.ActivityManagerService.onTransact(ActivityManagerService.java:2869)
10-11 16:09:27.722  1500  2379 E ActivityManager: 	at android.os.Binder.execTransact(Binder.java:565)
10-11 16:09:27.727  3867  3954 I chatty  : uid=1000(system) DefaultDispatch expire 1 line
10-11 16:09:27.731  3867  3955 I chatty  : uid=1000(system) DefaultDispatch expire 5 lines
10-11 16:09:27.733  3867  3962 I chatty  : uid=1000(system) DefaultDispatch expire 2 lines
10-11 16:09:27.751  3867  3955 W ActivityThread: ClassLoader.getResourceAsStream: The class loader returned by Thread.getContextClassLoader() may fail for processes that host multiple applications. You should explicitly specify a context class loader. For example: Thread.setContextClassLoader(getClass().getClassLoader());
10-11 16:09:27.791  3867  3867 I chatty  : uid=1000(system) com.gbcom.metrosystem expire 28 lines
10-11 16:09:27.799  3867  3888 I chatty  : uid=1000(system) LogFile expire 169 lines
10-11 16:09:27.990  3867  3954 I chatty  : uid=1000(system) DefaultDispatch expire 5 lines
10-11 16:09:28.030  3867  3923 I chatty  : uid=1000(system) RILRemoteReceiv expire 4 lines
10-11 16:09:28.030  3867  3920 I chatty  : uid=1000(system) GotaSystem expire 4 lines
10-11 16:09:28.883  3867  3922 I chatty  : uid=1000(system) heartbeat expire 1 line
10-11 16:09:29.011  3867  3964 I chatty  : uid=1000(system) Timer-0 expire 4 lines
10-11 16:09:29.057  3867  3960 I chatty  : uid=1000(system) DefaultDispatch expire 1 line
10-11 16:09:29.058  3867  3955 I chatty  : uid=1000(system) DefaultDispatch expire 1 line
10-11 16:09:29.059  3867  3962 I chatty  : uid=1000(system) DefaultDispatch expire 16 lines
10-11 16:09:29.078  3867  3888 I chatty  : uid=1000(system) LogFile expire 179 lines
10-11 16:09:29.087  3867  3931 I chatty  : uid=1000(system) DefaultDispatch expire 10 lines
10-11 16:09:29.089  3867  3867 I chatty  : uid=1000(system) com.gbcom.metrosystem expire 12 lines
10-11 16:09:29.118  3867  3954 I chatty  : uid=1000(system) DefaultDispatch expire 2 lines
10-11 16:09:30.031  3867  3923 I chatty  : uid=1000(system) RILRemoteReceiv expire 9 lines
10-11 16:09:30.032  3867  3920 I chatty  : uid=1000(system) GotaSystem expire 6 lines
10-11 16:09:30.034  3867  3867 I chatty  : uid=1000(system) com.gbcom.metrosystem expire 15 lines
10-11 16:09:30.035  3867  3888 I chatty  : uid=1000(system) LogFile expire 167 lines
10-11 16:09:30.076  3867  3962 I chatty  : uid=1000(system) DefaultDispatch expire 12 lines
10-11 16:09:30.235  3867  3924 I chatty  : uid=1000(system) LtePhoneRespons expire 3 lines
10-11 16:09:30.627   608  2059 I AudioPolicyManagerCustom: FLAG None hence request for a primary output
10-11 16:09:30.629   608   608 I AudioPolicyManagerCustom: FLAG None hence request for a primary output
10-11 16:09:30.633   608  1054 D audio_hw_primary: out_set_parameters: enter: usecase(1: low-latency-playback) kvpairs: routing=2
10-11 16:09:30.634   608  1054 D audio_hw_extn: audio_extn_set_anc_parameters: anc_enabled:0
10-11 16:09:30.634   608  1054 D audio_hw_spkr_prot: audio_extn_fbsp_set_parameters: Speaker protection disabled
10-11 16:09:30.637   608  1054 D audio_hw_primary: start_output_stream: enter: stream(0xf191d800)usecase(1: low-latency-playback) devices(0x2)
10-11 16:09:30.638   441  2262 E ANDR-PERF-MPCTL: Invalid profile no. 0, total profiles 0 only
10-11 16:09:30.639   608  1054 D audio_hw_primary: select_devices for use case (low-latency-playback)
10-11 16:09:30.639   608  1054 D audio_hw_primary: select_devices: out_snd_device(2: speaker) in_snd_device(0: )
10-11 16:09:30.639   608  1054 I msm8916_platform: platform_check_and_set_codec_backend_cfg:becf: afe: bitwidth 16, samplerate 48000 channels 2, backend_idx 0 usecase = 1 device (speaker)
10-11 16:09:30.639   608  1054 D msm8916_platform: platform_can_split_snd_device: snd_device(2) num devices(1) new_snd_devices(998982)
10-11 16:09:30.639   608  1054 I msm8916_platform: platform_check_and_set_codec_backend_cfg: becf: new_snd_devices[0] is speaker
10-11 16:09:30.639   608  1054 I msm8916_platform: platform_check_codec_backend_cfg:becf: afe: Codec selected backend: 0 current bit width: 16 sample rate: 48000 channels: 2
10-11 16:09:30.639   608  1054 D msm8916_platform: platform_check_codec_backend_cfg:becf: afe: playback on non-44.1-support device Configure afe to default Sample Rate(48k)
10-11 16:09:30.640   608  1054 D msm8916_platform: platform_check_codec_backend_cfg:becf: afe: only 48KHZ sample rate is supported Configure afe to default Sample Rate(48k)
10-11 16:09:30.640   608  1054 I msm8916_platform: platform_check_codec_backend_cfg:becf: afe: Codec selected backend: 0 updated bit width: 16 and sample rate: 48000
10-11 16:09:30.640   608  1054 D audio_hw_primary: check_usecases_codec_backend:becf: force routing 0
10-11 16:09:30.640   608  1054 E msm8916_platform: platform_check_backends_match: Invalid snd_device = 
10-11 16:09:30.640   608  1054 D audio_hw_primary: check_usecases_codec_backend:becf: (40) check_usecases curr device: speaker, usecase device: backends match 0
10-11 16:09:30.640   608  1054 D audio_hw_primary: check_usecases_codec_backend:becf: check_usecases num.of Usecases to switch 0
10-11 16:09:30.640   608  1054 D hardware_info: hw_info_append_hw_type : device_name = speaker
10-11 16:09:30.640   608  1054 D msm8916_platform: platform_can_split_snd_device: snd_device(2) num devices(0) new_snd_devices(0)
10-11 16:09:30.640   608  1054 D audio_hw_primary: enable_snd_device: snd_device(2: speaker)
10-11 16:09:30.640   608  1054 I soundtrigger: audio_extn_sound_trigger_update_device_status: device 0x2 of type 0 for Event 1, with Raise=0
10-11 16:09:30.640   608  1054 D aud_dev_arbi: acquireOneDevice: device owner for device 2 is 1
10-11 16:09:30.641  3867  3960 I chatty  : uid=1000(system) DefaultDispatch expire 5 lines
10-11 16:09:30.655   608  1054 I audio_hw_primary: select_devices Selected apptype: 69937
10-11 16:09:30.655   608  1054 D soundtrigger: audio_extn_sound_trigger_update_stream_status: uc_id 1 of type 0 for Event 3, with Raise=0
10-11 16:09:30.656   608  1054 I audio_hw_utils: audio_extn_utils_send_app_type_cfg PLAYBACK app_type = 69937, acdb_dev_id = 14, sample_rate = 48000
10-11 16:09:30.656   608  1054 D msm8916_platform: platform_can_split_snd_device: snd_device(2) num devices(1) new_snd_devices(0)
10-11 16:09:30.656   608  1054 D ACDB-LOADER: ACDB -> send_audio_cal, acdb_id = 14, path = 0, app id = 0x11131, sample rate = 48000
10-11 16:09:30.656   608  1054 D ACDB-LOADER: ACDB -> send_asm_topology
10-11 16:09:30.656   608  1054 D ACDB-LOADER: ACDB -> ACDB_CMD_GET_AUDPROC_STREAM_TOPOLOGY_ID
10-11 16:09:30.657   608  1054 D ACDB-LOADER: ACDB -> send_adm_topology
10-11 16:09:30.657   608  1054 D ACDB-LOADER: ACDB -> ACDB_CMD_GET_AUDPROC_COMMON_TOPOLOGY_ID
10-11 16:09:30.657   608  1054 D ACDB-LOADER: ACDB -> send_audtable
10-11 16:09:30.657   608  1054 D ACDB-LOADER: ACDB -> ACDB_CMD_GET_AUDPROC_COMMON_TABLE_SIZE
10-11 16:09:30.657   608  1054 D ACDB-LOADER: ACDB -> ACDB_CMD_GET_AUDPROC_COMMON_TABLE
10-11 16:09:30.657   608  1054 D ACDB-LOADER: ACDB -> AUDIO_SET_AUDPROC_CAL
10-11 16:09:30.657   608  1054 D ACDB-LOADER: ACDB -> send_audvoltable
10-11 16:09:30.657   608  1054 D ACDB-LOADER: ACDB -> ACDB_CMD_GET_AUDPROC_GAIN_DEP_STEP_TABLE, vol index 0
10-11 16:09:30.657   608  1054 D ACDB-LOADER: ACDB -> AUDIO_SET_VOL_CAL cal type = 12
10-11 16:09:30.657   608  1054 D ACDB-LOADER: ACDB -> send_audstrmtable
10-11 16:09:30.657   608  1054 D ACDB-LOADER: ACDB -> ACDB_CMD_GET_AUDPROC_STREAM_TABLE_V2
10-11 16:09:30.657   608  1054 D ACDB-LOADER: ACDB -> audstrm_cal->cal_type.cal_data.cal_size = 16
10-11 16:09:30.657   608  1054 D ACDB-LOADER: ACDB -> send_afe_topology
10-11 16:09:30.657   608  1054 D ACDB-LOADER: ACDB -> ACDB_CMD_GET_AFE_TOPOLOGY_ID
10-11 16:09:30.657   608  1054 D ACDB-LOADER: ACDB -> GET_AFE_TOPOLOGY_ID for adcd_id 14, Topology Id 1025e
10-11 16:09:30.657   608  1054 D ACDB-LOADER: ACDB -> send_afe_cal
10-11 16:09:30.657   608  1054 D ACDB-LOADER: ACDB -> ACDB_CMD_GET_AFE_COMMON_TABLE
10-11 16:09:30.657   608  1054 D ACDB-LOADER: ACDB -> AUDIO_SET_AFE_CAL
10-11 16:09:30.657   608  1054 D ACDB-LOADER: ACDB -> send_hw_delay : acdb_id = 14 path = 0
10-11 16:09:30.657   608  1054 D ACDB-LOADER: ACDB -> ACDB_AVSYNC_INFO: ACDB_CMD_GET_DEVICE_PROPERTY
10-11 16:09:30.657   608  1054 D audio_hw_primary: enable_audio_route: apply mixer and update path: low-latency-playback
10-11 16:09:30.661   608  1054 D audio_hw_primary: select_devices: done
10-11 16:09:30.665   608  1054 D msm8916_platform: platform_set_channel_map mixer_ctl_name:Playback Channel Map12
10-11 16:09:30.666   608  1054 D msm8916_platform: platform_set_channel_map: set mapping(1 2 0 0 0 0 0 0) for channel:2
10-11 16:09:30.725   608  1054 D audio_hw_primary: start_output_stream: exit
10-11 16:09:30.886   564   896 E libnav  : CablComputeBacklightLevel(): UpdateType = DifferentSceneUpdate
10-11 16:09:31.878   608  3379 I AudioPolicyManagerCustom: FLAG None hence request for a primary output
10-11 16:09:31.880   608  1692 I AudioPolicyManagerCustom: FLAG None hence request for a primary output
10-11 16:09:31.883   608  1054 D audio_hw_primary: out_set_parameters: enter: usecase(1: low-latency-playback) kvpairs: routing=2
10-11 16:09:31.884   608  1054 D audio_hw_primary: select_devices for use case (low-latency-playback)
10-11 16:09:31.884   608  1054 D audio_hw_extn: audio_extn_set_anc_parameters: anc_enabled:0
10-11 16:09:31.884   608  1054 D audio_hw_spkr_prot: audio_extn_fbsp_set_parameters: Speaker protection disabled
10-11 16:09:31.896   740   740 I MSM-irqbalance: Decided to move IRQ5 from CPU1 [P:0] to CPU6 [P:1] (banned)
10-11 16:09:31.897   740   740 I MSM-irqbalance: Decided to move IRQ3 from CPU1 [P:0] to CPU4 [P:1] (banned)
10-11 16:09:31.898   740   740 I MSM-irqbalance: Decided to move IRQ5 from CPU2 [P:0] to CPU7 [P:1] (banned)
10-11 16:09:31.900   740   740 I MSM-irqbalance: Decided to move IRQ3 from CPU2 [P:0] to CPU5 [P:1] (banned)
10-11 16:09:31.900   740   740 I MSM-irqbalance: Decided to move IRQ5 from CPU3 [P:0] to CPU6 [P:1] (banned)
10-11 16:09:31.901   740   740 I MSM-irqbalance: Decided to move IRQ3 from CPU3 [P:0] to CPU4 [P:1] (banned)
10-11 16:09:31.902   740   740 I MSM-irqbalance: Decided to move IRQ3 from CPU0 [P:0] to CPU7 [P:1] (banned)
10-11 16:09:31.903   740   740 I MSM-irqbalance: Decided to move IRQ5 from CPU0 [P:0] to CPU5 [P:1] (banned)
10-11 16:09:31.965  3867  3872 I chatty  : uid=1000(system) Jit thread pool expire 3 lines
10-11 16:09:32.010  3867  3964 I chatty  : uid=1000(system) Timer-0 expire 4 lines
10-11 16:09:32.034  3867  3888 I chatty  : uid=1000(system) LogFile expire 173 lines
10-11 16:09:32.047  3867  3931 I chatty  : uid=1000(system) DefaultDispatch expire 6 lines
10-11 16:09:32.252  3867  3867 I chatty  : uid=1000(system) com.gbcom.metrosystem expire 16 lines
10-11 16:09:32.275  3867  3930 I chatty  : uid=1000(system) DefaultDispatch expire 16 lines
10-11 16:09:32.290  3867  3960 I chatty  : uid=1000(system) DefaultDispatch expire 8 lines
10-11 16:09:32.300  3867  3962 I chatty  : uid=1000(system) DefaultDispatch expire 12 lines
10-11 16:09:32.301  3867  3867 I chatty  : uid=1000(system) com.gbcom.metrosystem expire 9 lines
10-11 16:09:32.301  3867  3888 I chatty  : uid=1000(system) LogFile expire 187 lines
10-11 16:09:32.303  3867  3955 I chatty  : uid=1000(system) DefaultDispatch expire 3 lines
10-11 16:09:32.303  3867  3961 I chatty  : uid=1000(system) DefaultDispatch expire 1 line
10-11 16:09:32.372  3867  3931 I chatty  : uid=1000(system) DefaultDispatch expire 2 lines
10-11 16:09:32.530   637   637 I cnss-daemon: RTM_NEWNEIGH message received: 28
10-11 16:09:32.530   637   637 E cnss-daemon: Stale or unreachable neighbors, ndm state: 4
10-11 16:09:32.642   564   896 E libnav  : CablComputeBacklightLevel(): UpdateType = DifferentSceneUpdate
10-11 16:09:32.939  3867  3922 I chatty  : uid=1000(system) heartbeat expire 1 line
10-11 16:09:32.993  1720  1720 W InputMethodService: Window size has been changed. This may cause jankiness of resizing window: -1 -> -2
10-11 16:09:33.029  3867  3923 I chatty  : uid=1000(system) RILRemoteReceiv expire 2 lines
10-11 16:09:33.030  3867  3920 I chatty  : uid=1000(system) GotaSystem expire 6 lines
10-11 16:09:33.030  1720  1720 W InputConnectionWrapper: Fixing selection indices to 0, 0
10-11 16:09:33.040  3867  3888 I chatty  : uid=1000(system) LogFile expire 172 lines
10-11 16:09:33.354  3867  3867 I chatty  : uid=1000(system) com.gbcom.metrosystem expire 12 lines
10-11 16:09:33.359  3867  3960 I chatty  : uid=1000(system) DefaultDispatch expire 4 lines
10-11 16:09:33.372  3867  3931 I chatty  : uid=1000(system) DefaultDispatch expire 4 lines
10-11 16:09:33.402  3867  3954 I chatty  : uid=1000(system) DefaultDispatch expire 11 lines
10-11 16:09:33.414  3867  3923 I chatty  : uid=1000(system) RILRemoteReceiv expire 7 lines
10-11 16:09:33.415  3867  3924 I chatty  : uid=1000(system) LtePhoneRespons expire 3 lines
10-11 16:09:33.426   564   896 E libnav  : CablComputeBacklightLevel(): UpdateType = DifferentSceneUpdate
10-11 16:09:33.956  1500  1519 I         : pmi8950_exists ro.boot.pmi8950_exist=[false] 
10-11 16:09:33.956  1500  1519 I         : PMI8950 not exist,so force to set  vibrator as exists !!
10-11 16:09:33.957  1500  1519 I         : pmi8950_exists ro.boot.pmi8950_exist=[false] 
10-11 16:09:33.957  1500  1519 I         : PMI8950 not exist,so force to set  vibrator as exists !!
10-11 16:09:33.998  1500  1500 I         : pmi8950_exists ro.boot.pmi8950_exist=[false] 
10-11 16:09:33.998  1500  1500 I         : PMI8950 not exist,so force to set  vibrator as exists !!
10-11 16:09:34.256  1500  1518 I         : pmi8950_exists ro.boot.pmi8950_exist=[false] 
10-11 16:09:34.257  1500  1518 I         : PMI8950 not exist,so force to set  vibrator as exists !!
10-11 16:09:34.257  1500  1518 I         : pmi8950_exists ro.boot.pmi8950_exist=[false] 
10-11 16:09:34.257  1500  1518 I         : PMI8950 not exist,so force to set  vibrator as exists !!
10-11 16:09:34.298  1500  1500 I         : pmi8950_exists ro.boot.pmi8950_exist=[false] 
10-11 16:09:34.298  1500  1500 I         : PMI8950 not exist,so force to set  vibrator as exists !!
10-11 16:09:34.622  1500  1519 I         : pmi8950_exists ro.boot.pmi8950_exist=[false] 
10-11 16:09:34.622  1500  1519 I         : PMI8950 not exist,so force to set  vibrator as exists !!
10-11 16:09:34.623  1500  1519 I         : pmi8950_exists ro.boot.pmi8950_exist=[false] 
10-11 16:09:34.623  1500  1519 I         : PMI8950 not exist,so force to set  vibrator as exists !!
10-11 16:09:34.664  1500  1500 I         : pmi8950_exists ro.boot.pmi8950_exist=[false] 
10-11 16:09:34.665  1500  1500 I         : PMI8950 not exist,so force to set  vibrator as exists !!
10-11 16:09:35.011  3867  3964 I chatty  : uid=1000(system) Timer-0 expire 4 lines
10-11 16:09:35.029   608  1054 D audio_hw_primary: out_standby: enter: stream (0xf191d800) usecase(1: low-latency-playback)
10-11 16:09:35.043  1500  2377 I         : pmi8950_exists ro.boot.pmi8950_exist=[false] 
10-11 16:09:35.043  1500  2377 I         : PMI8950 not exist,so force to set  vibrator as exists !!
10-11 16:09:35.043  1500  2377 I         : pmi8950_exists ro.boot.pmi8950_exist=[false] 
10-11 16:09:35.043  1500  2377 I         : PMI8950 not exist,so force to set  vibrator as exists !!
10-11 16:09:35.059  3867  3888 D LogWriteUtil.class=LogFileHandlerThread.class: 1getFilePath: logFormat=2022-10-11, LogWriteUtil.logPathDir=/custom/metro/log
10-11 16:09:35.059  3867  3888 D LogWriteUtil.class=LogFileHandlerThread.class: 2getFilePath: filePath=/custom/metro/log/2022-10-11
10-11 16:09:35.059  3867  3888 D LogWriteUtil.class=LogFileHandlerThread.class: getFileNameSuffix: file=/custom/metro/log/2022-10-11
10-11 16:09:35.060  3867  3888 D LogWriteUtil.class=LogFileHandlerThread.class: 3getCurrentFileName: logFileName=app11.log
10-11 16:09:35.060  3867  3888 D LogWriteUtil.class=LogFileHandlerThread.class: 1getCurrentFileName: LogWriteUtil.logfile=app.log
10-11 16:09:35.061  3867  3888 D LogWriteUtil.class=LogFileHandlerThread.class: 1getFilePath: logFormat=2022-10-11, LogWriteUtil.logPathDir=/custom/metro/log
10-11 16:09:35.061  3867  3888 D LogWriteUtil.class=LogFileHandlerThread.class: 2getFilePath: filePath=/custom/metro/log/2022-10-11
10-11 16:09:35.061  3867  3888 D LogWriteUtil.class=LogFileHandlerThread.class: getFileNameSuffix: file=/custom/metro/log/2022-10-11
10-11 16:09:35.061  3867  3888 D LogWriteUtil.class=LogFileHandlerThread.class: 2getCurrentFileName: index=3, LogWriteUtil.logfile=app.log, getFileNameSuffix=11
10-11 16:09:35.062  3867  3888 D LogWriteUtil.class=LogFileHandlerThread.class: 1getFilePath: logFormat=2022-10-11, LogWriteUtil.logPathDir=/custom/metro/log
10-11 16:09:35.062  3867  3888 D LogWriteUtil.class=LogFileHandlerThread.class: 2getFilePath: filePath=/custom/metro/log/2022-10-11
10-11 16:09:35.062  3867  3888 D LogWriteUtil.class=LogFileHandlerThread.class: getFileNameSuffix: file=/custom/metro/log/2022-10-11
10-11 16:09:35.063  3867  3888 D LogWriteUtil.class=LogFileHandlerThread.class: 3getCurrentFileName: logFileName=app11.log
10-11 16:09:35.063  3867  3888 D TAG     : 2,initFile: /custom/metro/log/2022-10-11/app11.log, logFile.length=0, getCurrentFileName()=app11.log, writeFileName=/custom/metro/log/2022-10-11/app10.log
10-11 16:09:35.063  3867  3888 D LogWriteUtil.class=LogFileHandlerThread.class: 8,initFile: logFile=/custom/metro/log/2022-10-11/app11.log, logFile.length=0
10-11 16:09:35.064  3867  3867 E train_jni_log: getHandsetStatus===popen buffer=0
10-11 16:09:35.064  3867  3867 E train_jni_log: getHandsetStatus===popen iRet=0
10-11 16:09:35.065  3867  3867 D TAG     : getHeadsetStatus: 0
10-11 16:09:35.073  3867  3867 D TAG     : getHeadsetStatus: headsetStatus=200
10-11 16:09:35.074  3867  3867 D TAG     : getHeadsetStatus: headsetStatus2=200
10-11 16:09:35.077  3867  3954 D BtrunCConfig: isR2Nubmer is true
10-11 16:09:35.077  3867  3954 D com.ztegota.system.GotaSystem: getMdn +866022012
10-11 16:09:35.077  3867  3954 D TAG     : getUserId: userId2=+866022012
10-11 16:09:35.077  3867  3955 D MainViewModel: getLteIp: test1111111=172.2.200.12
10-11 16:09:35.078  3867  3962 I APP_LogUtils.kt: [(LogUtils.kt:50).i()] [MainViewModel] GotaSystem SDK:V2.13 2021-04-20, Host Soft Version:GM655+V1.0.6.8B02, Host Hard Version:GM655MB_C, Host Build Time:2021 12 28  16:23:13 CST;
10-11 16:09:35.080  3867  3888 D LogWriteUtil.class=LogFileHandlerThread.class: 1getFilePath: logFormat=2022-10-11, LogWriteUtil.logPathDir=/custom/metro/log
10-11 16:09:35.080  3867  3888 D LogWriteUtil.class=LogFileHandlerThread.class: 2getFilePath: filePath=/custom/metro/log/2022-10-11
10-11 16:09:35.080  3867  3888 D LogWriteUtil.class=LogFileHandlerThread.class: 1getCurrentFileName: LogWriteUtil.logfile=app.log
10-11 16:09:35.080  3867  3888 D LogWriteUtil.class=LogFileHandlerThread.class: 1getFilePath: logFormat=2022-10-11, LogWriteUtil.logPathDir=/custom/metro/log
10-11 16:09:35.081  3867  3888 D LogWriteUtil.class=LogFileHandlerThread.class: 2getFilePath: filePath=/custom/metro/log/2022-10-11
10-11 16:09:35.081  3867  3888 D LogWriteUtil.class=LogFileHandlerThread.class: getFileNameSuffix: file=/custom/metro/log/2022-10-11
10-11 16:09:35.081  3867  3867 I APP_LogUtils.kt: [(LogUtils.kt:50).i()] [com.gbcom.library_base.service.LLteService] lte_resp_sys_for_emci_detail - EmciDetail=com.ztegota.system.common.EmciDetail@486d2f0
10-11 16:09:35.081  3867  3888 D LogWriteUtil.class=LogFileHandlerThread.class: 2getCurrentFileName: index=3, LogWriteUtil.logfile=app.log, getFileNameSuffix=11
10-11 16:09:35.081  3867  3867 D MainActivity: showStatus: aa---result---result=true, url=192.168.42.131
10-11 16:09:35.082  3867  3888 D LogWriteUtil.class=LogFileHandlerThread.class: 1getFilePath: logFormat=2022-10-11, LogWriteUtil.logPathDir=/custom/metro/log
10-11 16:09:35.082  3867  3888 D LogWriteUtil.class=LogFileHandlerThread.class: 2getFilePath: filePath=/custom/metro/log/2022-10-11
10-11 16:09:35.082  3867  3888 D LogWriteUtil.class=LogFileHandlerThread.class: getFileNameSuffix: file=/custom/metro/log/2022-10-11
10-11 16:09:35.082  3867  3888 D LogWriteUtil.class=LogFileHandlerThread.class: 3getCurrentFileName: logFileName=app11.log
10-11 16:09:35.082  3867  3888 D LogWriteUtil.class=LogFileHandlerThread.class: 1,initFile: getFilePath()=/custom/metro/log/2022-10-11, getCurrentFileName=app11.log
10-11 16:09:35.083  3867  3888 D LogWriteUtil.class=LogFileHandlerThread.class: 1getFilePath: logFormat=2022-10-11, LogWriteUtil.logPathDir=/custom/metro/log
10-11 16:09:35.083  3867  3888 D LogWriteUtil.class=LogFileHandlerThread.class: 2getFilePath: filePath=/custom/metro/log/2022-10-11
10-11 16:09:35.083  3867  3888 D LogWriteUtil.class=LogFileHandlerThread.class: 1getCurrentFileName: LogWriteUtil.logfile=app.log
10-11 16:09:35.083  3867  3888 D LogWriteUtil.class=LogFileHandlerThread.class: 1getFilePath: logFormat=2022-10-11, LogWriteUtil.logPathDir=/custom/metro/log
10-11 16:09:35.084  3867  3888 D LogWriteUtil.class=LogFileHandlerThread.class: 2getFilePath: filePath=/custom/metro/log/2022-10-11
10-11 16:09:35.084  3867  3888 D LogWriteUtil.class=LogFileHandlerThread.class: getFileNameSuffix: file=/custom/metro/log/2022-10-11
10-11 16:09:35.084  3867  3888 D LogWriteUtil.class=LogFileHandlerThread.class: 2getCurrentFileName: index=3, LogWriteUtil.logfile=app.log, getFileNameSuffix=11
10-11 16:09:35.084  3867  3888 D LogWriteUtil.class=LogFileHandlerThread.class: 1getFilePath: logFormat=2022-10-11, LogWriteUtil.logPathDir=/custom/metro/log
10-11 16:09:35.084  3867  3888 D LogWriteUtil.class=LogFileHandlerThread.class: 2getFilePath: filePath=/custom/metro/log/2022-10-11
10-11 16:09:35.084  3867  3888 D LogWriteUtil.class=LogFileHandlerThread.class: getFileNameSuffix: file=/custom/metro/log/2022-10-11
10-11 16:09:35.085  3867  3888 D LogWriteUtil.class=LogFileHandlerThread.class: 3getCurrentFileName: logFileName=app11.log
10-11 16:09:35.085  3867  3888 D LogWriteUtil.class=LogFileHandlerThread.class: 1getCurrentFileName: LogWriteUtil.logfile=app.log
10-11 16:09:35.086  3867  3888 D LogWriteUtil.class=LogFileHandlerThread.class: 1getFilePath: logFormat=2022-10-11, LogWriteUtil.logPathDir=/custom/metro/log
10-11 16:09:35.086  1500  1500 I         : pmi8950_exists ro.boot.pmi8950_exist=[false] 
10-11 16:09:35.086  1500  1500 I         : PMI8950 not exist,so force to set  vibrator as exists !!
10-11 16:09:35.086  3867  3888 D LogWriteUtil.class=LogFileHandlerThread.class: 2getFilePath: filePath=/custom/metro/log/2022-10-11
10-11 16:09:35.086  3867  3888 D LogWriteUtil.class=LogFileHandlerThread.class: getFileNameSuffix: file=/custom/metro/log/2022-10-11
10-11 16:09:35.086  3867  3888 D LogWriteUtil.class=LogFileHandlerThread.class: 2getCurrentFileName: index=3, LogWriteUtil.logfile=app.log, getFileNameSuffix=11
10-11 16:09:35.086  3867  3888 D LogWriteUtil.class=LogFileHandlerThread.class: 1getFilePath: logFormat=2022-10-11, LogWriteUtil.logPathDir=/custom/metro/log
10-11 16:09:35.087  3867  3888 D LogWriteUtil.class=LogFileHandlerThread.class: 2getFilePath: filePath=/custom/metro/log/2022-10-11
10-11 16:09:35.087  3867  3888 D LogWriteUtil.class=LogFileHandlerThread.class: getFileNameSuffix: file=/custom/metro/log/2022-10-11
10-11 16:09:35.087  3867  3888 D LogWriteUtil.class=LogFileHandlerThread.class: 3getCurrentFileName: logFileName=app11.log
10-11 16:09:35.087  3867  3888 D TAG     : 2,initFile: /custom/metro/log/2022-10-11/app11.log, logFile.length=0, getCurrentFileName()=app11.log, writeFileName=/custom/metro/log/2022-10-11/app10.log
10-11 16:09:35.087  3867  3888 D LogWriteUtil.class=LogFileHandlerThread.class: 8,initFile: logFile=/custom/metro/log/2022-10-11/app11.log, logFile.length=0
10-11 16:09:35.088  3867  3888 D LogWriteUtil.class=LogFileHandlerThread.class: 1getFilePath: logFormat=2022-10-11, LogWriteUtil.logPathDir=/custom/metro/log
10-11 16:09:35.088  3867  3888 D LogWriteUtil.class=LogFileHandlerThread.class: 2getFilePath: filePath=/custom/metro/log/2022-10-11
10-11 16:09:35.089  3867  3888 D LogWriteUtil.class=LogFileHandlerThread.class: 1getCurrentFileName: LogWriteUtil.logfile=app.log
10-11 16:09:35.089  3867  3931 D UdpDisServices: udp receive - api receive data disApi, udp service id=78  - udp.packet.address=/172.2.208.8, udp.pack.socketAddress=/172.2.208.8:64002, udp.port=64002- running=true - message={"MsgSeqID":1240265,"MsgName":"DisReceivedNotify","MsgInfo":{"AppMsgSeqID":10,"Code":10001}}
10-11 16:09:35.089  3867  3888 D LogWriteUtil.class=LogFileHandlerThread.class: 1getFilePath: logFormat=2022-10-11, LogWriteUtil.logPathDir=/custom/metro/log
10-11 16:09:35.089  3867  3888 D LogWriteUtil.class=LogFileHandlerThread.class: 2getFilePath: filePath=/custom/metro/log/2022-10-11
10-11 16:09:35.089  3867  3888 D LogWriteUtil.class=LogFileHandlerThread.class: getFileNameSuffix: file=/custom/metro/log/2022-10-11
10-11 16:09:35.090  3867  3888 D LogWriteUtil.class=LogFileHandlerThread.class: 2getCurrentFileName: index=3, LogWriteUtil.logfile=app.log, getFileNameSuffix=11
10-11 16:09:35.090  3867  3931 I APP_LogUtils.kt: [(LogUtils.kt:50).i()] [UdpDisServices] udp receive - api receive data disApi, udp service id=78 - running=true  - ip=/172.2.208.8 - port=64002 - message={"MsgSeqID":1240265,"MsgName":"DisReceivedNotify","MsgInfo":{"AppMsgSeqID":10,"Code":10001}}
10-11 16:09:35.090  3867  3888 D LogWriteUtil.class=LogFileHandlerThread.class: 1getFilePath: logFormat=2022-10-11, LogWriteUtil.logPathDir=/custom/metro/log
10-11 16:09:35.090  3867  3888 D LogWriteUtil.class=LogFileHandlerThread.class: 2getFilePath: filePath=/custom/metro/log/2022-10-11
10-11 16:09:35.090  3867  3888 D LogWriteUtil.class=LogFileHandlerThread.class: getFileNameSuffix: file=/custom/metro/log/2022-10-11
10-11 16:09:35.091  3867  3888 D LogWriteUtil.class=LogFileHandlerThread.class: 3getCurrentFileName: logFileName=app11.log
10-11 16:09:35.091  3867  3888 D LogWriteUtil.class=LogFileHandlerThread.class: 1,initFile: getFilePath()=/custom/metro/log/2022-10-11, getCurrentFileName=app11.log
10-11 16:09:35.091  3867  3888 D LogWriteUtil.class=LogFileHandlerThread.class: 1getFilePath: logFormat=2022-10-11, LogWriteUtil.logPathDir=/custom/metro/log
10-11 16:09:35.091  3867  3888 D LogWriteUtil.class=LogFileHandlerThread.class: 2getFilePath: filePath=/custom/metro/log/2022-10-11
10-11 16:09:35.091  3867  3888 D LogWriteUtil.class=LogFileHandlerThread.class: 1getCurrentFileName: LogWriteUtil.logfile=app.log
10-11 16:09:35.092  3867  3888 D LogWriteUtil.class=LogFileHandlerThread.class: 1getFilePath: logFormat=2022-10-11, LogWriteUtil.logPathDir=/custom/metro/log
10-11 16:09:35.092  3867  3888 D LogWriteUtil.class=LogFileHandlerThread.class: 2getFilePath: filePath=/custom/metro/log/2022-10-11
10-11 16:09:35.092  3867  3888 D LogWriteUtil.class=LogFileHandlerThread.class: getFileNameSuffix: file=/custom/metro/log/2022-10-11
10-11 16:09:35.092  3867  3888 D LogWriteUtil.class=LogFileHandlerThread.class: 2getCurrentFileName: index=3, LogWriteUtil.logfile=app.log, getFileNameSuffix=11
10-11 16:09:35.093  3867  3888 D LogWriteUtil.class=LogFileHandlerThread.class: 1getFilePath: logFormat=2022-10-11, LogWriteUtil.logPathDir=/custom/metro/log
10-11 16:09:35.093  3867  3888 D LogWriteUtil.class=LogFileHandlerThread.class: 2getFilePath: filePath=/custom/metro/log/2022-10-11
10-11 16:09:35.093  3867  3888 D LogWriteUtil.class=LogFileHandlerThread.class: getFileNameSuffix: file=/custom/metro/log/2022-10-11
10-11 16:09:35.093  3867  3888 D LogWriteUtil.class=LogFileHandlerThread.class: 3getCurrentFileName: logFileName=app11.log
10-11 16:09:35.093  3867  3888 D LogWriteUtil.class=LogFileHandlerThread.class: 1getCurrentFileName: LogWriteUtil.logfile=app.log
10-11 16:09:35.094  3867  3888 D LogWriteUtil.class=LogFileHandlerThread.class: 1getFilePath: logFormat=2022-10-11, LogWriteUtil.logPathDir=/custom/metro/log
10-11 16:09:35.094  3867  3888 D LogWriteUtil.class=LogFileHandlerThread.class: 2getFilePath: filePath=/custom/metro/log/2022-10-11
10-11 16:09:35.094  3867  3888 D LogWriteUtil.class=LogFileHandlerThread.class: getFileNameSuffix: file=/custom/metro/log/2022-10-11
10-11 16:09:35.094  3867  3888 D LogWriteUtil.class=LogFileHandlerThread.class: 2getCurrentFileName: index=3, LogWriteUtil.logfile=app.log, getFileNameSuffix=11
10-11 16:09:35.095  3867  3888 D LogWriteUtil.class=LogFileHandlerThread.class: 1getFilePath: logFormat=2022-10-11, LogWriteUtil.logPathDir=/custom/metro/log
10-11 16:09:35.095  3867  3888 D LogWriteUtil.class=LogFileHandlerThread.class: 2getFilePath: filePath=/custom/metro/log/2022-10-11
10-11 16:09:35.095  3867  3888 D LogWriteUtil.class=LogFileHandlerThread.class: getFileNameSuffix: file=/custom/metro/log/2022-10-11
10-11 16:09:35.095  3867  3888 D LogWriteUtil.class=LogFileHandlerThread.class: 3getCurrentFileName: logFileName=app11.log
10-11 16:09:35.095  3867  3888 D TAG     : 2,initFile: /custom/metro/log/2022-10-11/app11.log, logFile.length=0, getCurrentFileName()=app11.log, writeFileName=/custom/metro/log/2022-10-11/app10.log
10-11 16:09:35.095  3867  3888 D LogWriteUtil.class=LogFileHandlerThread.class: 8,initFile: logFile=/custom/metro/log/2022-10-11/app11.log, logFile.length=0
10-11 16:09:35.096  3867  3888 D LogWriteUtil.class=LogFileHandlerThread.class: 1getFilePath: logFormat=2022-10-11, LogWriteUtil.logPathDir=/custom/metro/log
10-11 16:09:35.096  3867  3888 D LogWriteUtil.class=LogFileHandlerThread.class: 2getFilePath: filePath=/custom/metro/log/2022-10-11
10-11 16:09:35.096  3867  3888 D LogWriteUtil.class=LogFileHandlerThread.class: 1getCurrentFileName: LogWriteUtil.logfile=app.log
10-11 16:09:35.097  3867  3888 D LogWriteUtil.class=LogFileHandlerThread.class: 1getFilePath: logFormat=2022-10-11, LogWriteUtil.logPathDir=/custom/metro/log
10-11 16:09:35.097  3867  3888 D LogWriteUtil.class=LogFileHandlerThread.class: 2getFilePath: filePath=/custom/metro/log/2022-10-11
10-11 16:09:35.097  3867  3888 D LogWriteUtil.class=LogFileHandlerThread.class: getFileNameSuffix: file=/custom/metro/log/2022-10-11
10-11 16:09:35.097  3867  3888 D LogWriteUtil.class=LogFileHandlerThread.class: 2getCurrentFileName: index=3, LogWriteUtil.logfile=app.log, getFileNameSuffix=11
10-11 16:09:35.098  3867  3888 D LogWriteUtil.class=LogFileHandlerThread.class: 1getFilePath: logFormat=2022-10-11, LogWriteUtil.logPathDir=/custom/metro/log
10-11 16:09:35.098  3867  3888 D LogWriteUtil.class=LogFileHandlerThread.class: 2getFilePath: filePath=/custom/metro/log/2022-10-11
10-11 16:09:35.098  3867  3888 D LogWriteUtil.class=LogFileHandlerThread.class: getFileNameSuffix: file=/custom/metro/log/2022-10-11
10-11 16:09:35.098  3867  3888 D LogWriteUtil.class=LogFileHandlerThread.class: 3getCurrentFileName: logFileName=app11.log
10-11 16:09:35.098  3867  3888 D LogWriteUtil.class=LogFileHandlerThread.class: 1,initFile: getFilePath()=/custom/metro/log/2022-10-11, getCurrentFileName=app11.log
10-11 16:09:35.099  3867  3888 D LogWriteUtil.class=LogFileHandlerThread.class: 1getFilePath: logFormat=2022-10-11, LogWriteUtil.logPathDir=/custom/metro/log
10-11 16:09:35.099  3867  3888 D LogWriteUtil.class=LogFileHandlerThread.class: 2getFilePath: filePath=/custom/metro/log/2022-10-11
10-11 16:09:35.099  3867  3888 D LogWriteUtil.class=LogFileHandlerThread.class: 1getCurrentFileName: LogWriteUtil.logfile=app.log
10-11 16:09:35.100  3867  3888 D LogWriteUtil.class=LogFileHandlerThread.class: 1getFilePath: logFormat=2022-10-11, LogWriteUtil.logPathDir=/custom/metro/log
10-11 16:09:35.100  3867  3888 D LogWriteUtil.class=LogFileHandlerThread.class: 2getFilePath: filePath=/custom/metro/log/2022-10-11
10-11 16:09:35.100  3867  3888 D LogWriteUtil.class=LogFileHandlerThread.class: getFileNameSuffix: file=/custom/metro/log/2022-10-11
10-11 16:09:35.100  3867  3888 D LogWriteUtil.class=LogFileHandlerThread.class: 2getCurrentFileName: index=3, LogWriteUtil.logfile=app.log, getFileNameSuffix=11
10-11 16:09:35.101  3867  3888 D LogWriteUtil.class=LogFileHandlerThread.class: 1getFilePath: logFormat=2022-10-11, LogWriteUtil.logPathDir=/custom/metro/log
10-11 16:09:35.101  3867  3888 D LogWriteUtil.class=LogFileHandlerThread.class: 2getFilePath: filePath=/custom/metro/log/2022-10-11
10-11 16:09:35.101  3867  3888 D LogWriteUtil.class=LogFileHandlerThread.class: getFileNameSuffix: file=/custom/metro/log/2022-10-11
10-11 16:09:35.101  3867  3888 D LogWriteUtil.class=LogFileHandlerThread.class: 3getCurrentFileName: logFileName=app11.log
10-11 16:09:35.101  3867  3888 D LogWriteUtil.class=LogFileHandlerThread.class: 1getCurrentFileName: LogWriteUtil.logfile=app.log
10-11 16:09:35.102  3867  3888 D LogWriteUtil.class=LogFileHandlerThread.class: 1getFilePath: logFormat=2022-10-11, LogWriteUtil.logPathDir=/custom/metro/log
10-11 16:09:35.102  3867  3888 D LogWriteUtil.class=LogFileHandlerThread.class: 2getFilePath: filePath=/custom/metro/log/2022-10-11
10-11 16:09:35.102  3867  3888 D LogWriteUtil.class=LogFileHandlerThread.class: getFileNameSuffix: file=/custom/metro/log/2022-10-11
10-11 16:09:35.102  3867  3888 D LogWriteUtil.class=LogFileHandlerThread.class: 2getCurrentFileName: index=3, LogWriteUtil.logfile=app.log, getFileNameSuffix=11
10-11 16:09:35.103  3867  3888 D LogWriteUtil.class=LogFileHandlerThread.class: 1getFilePath: logFormat=2022-10-11, LogWriteUtil.logPathDir=/custom/metro/log
10-11 16:09:35.103  3867  3888 D LogWriteUtil.class=LogFileHandlerThread.class: 2getFilePath: filePath=/custom/metro/log/2022-10-11
10-11 16:09:35.103  3867  3888 D LogWriteUtil.class=LogFileHandlerThread.class: getFileNameSuffix: file=/custom/metro/log/2022-10-11
10-11 16:09:35.103  3867  3888 D LogWriteUtil.class=LogFileHandlerThread.class: 3getCurrentFileName: logFileName=app11.log
10-11 16:09:35.103  3867  3888 D TAG     : 2,initFile: /custom/metro/log/2022-10-11/app11.log, logFile.length=0, getCurrentFileName()=app11.log, writeFileName=/custom/metro/log/2022-10-11/app10.log
10-11 16:09:35.103  3867  3888 D LogWriteUtil.class=LogFileHandlerThread.class: 8,initFile: logFile=/custom/metro/log/2022-10-11/app11.log, logFile.length=0
10-11 16:09:35.104  3867  3867 D MainActivity: onMessageEvent  -- gginit: disApi, id=1---event={"MsgSeqID":1240265,"MsgName":"DisReceivedNotify","MsgInfo":{"AppMsgSeqID":10,"Code":10001}}
10-11 16:09:35.104  3867  3867 D MainViewModel: 1processDisApi: disApi, id=1
10-11 16:09:35.109  3867  3962 D DisApiSingletonReceive: processingData: disApi, id=99 - data={"MsgSeqID":1240265,"MsgName":"DisReceivedNotify","MsgInfo":{"AppMsgSeqID":10,"Code":10001}}
10-11 16:09:35.112  3867  3962 D DisApiSingletonReceive: processingDisReceivedNotify: info=DisReceivedNotifyApiData(msgName=DisReceivedNotify, msgSeqID=1240265, msgInfo=ReceivedNotifyData(appMsgSeqID=0, code=10001))
10-11 16:09:35.119  3867  3931 D UdpDisServices: udp receive - api receive data disApi, udp service id=78  - udp.packet.address=/172.2.208.8, udp.pack.socketAddress=/172.2.208.8:64002, udp.port=64002- running=true - message={"MsgSeqID":1240266,"MsgName":"GetStationATSRsp","MsgInfo":{"Code":10011,"StationATSInfos":[{"TrainGroupNumber":"212","ServiceNumber":"000","TrainCrewNumber":"000","TrainPosition":"1","TrainRunningPosition":"1","RailName":"T1212","StationID":"012","TerminalStationID":"000","DestinationID":"000"}]}}
10-11 16:09:35.120  3867  3931 I APP_LogUtils.kt: [(LogUtils.kt:50).i()] [UdpDisServices] udp receive - api receive data disApi, udp service id=78 - running=true  - ip=/172.2.208.8 - port=64002 - message={"MsgSeqID":1240266,"MsgName":"GetStationATSRsp","MsgInfo":{"Code":10011,"StationATSInfos":[{"TrainGroupNumber":"212","ServiceNumber":"000","TrainCrewNumber":"000","TrainPosition":"1","TrainRunningPosition":"1","RailName":"T1212","StationID":"012","TerminalStationID":"000","DestinationID":"000"}]}}
10-11 16:09:35.121  3867  3931 D UdpDisServices: udp receive - api receive data disApi, udp service id=78  - udp.packet.address=/172.2.208.8, udp.pack.socketAddress=/172.2.208.8:64002, udp.port=64002- running=true - message={"MsgSeqID":1240267,"MsgName":"DisReceivedNotify","MsgInfo":{"AppMsgSeqID":11,"Code":10001}}
10-11 16:09:35.122  3867  3867 D MainActivity: onMessageEvent  -- gginit: disApi, id=1---event={"MsgSeqID":1240266,"MsgName":"GetStationATSRsp","MsgInfo":{"Code":10011,"StationATSInfos":[{"TrainGroupNumber":"212","ServiceNumber":"000","TrainCrewNumber":"000","TrainPosition":"1","TrainRunningPosition":"1","RailName":"T1212","StationID":"012","TerminalStationID":"000","DestinationID":"000"}]}}
10-11 16:09:35.122  3867  3867 D MainViewModel: 1processDisApi: disApi, id=1
10-11 16:09:35.122  3867  3888 D LogWriteUtil.class=LogFileHandlerThread.class: 1getFilePath: logFormat=2022-10-11, LogWriteUtil.logPathDir=/custom/metro/log
10-11 16:09:35.122  3867  3888 D LogWriteUtil.class=LogFileHandlerThread.class: 2getFilePath: filePath=/custom/metro/log/2022-10-11
10-11 16:09:35.123  3867  3888 D LogWriteUtil.class=LogFileHandlerThread.class: 1getCurrentFileName: LogWriteUtil.logfile=app.log
10-11 16:09:35.123  3867  3962 D DisApiSingletonReceive: processingData: disApi, id=99 - data={"MsgSeqID":1240266,"MsgName":"GetStationATSRsp","MsgInfo":{"Code":10011,"StationATSInfos":[{"TrainGroupNumber":"212","ServiceNumber":"000","TrainCrewNumber":"000","TrainPosition":"1","TrainRunningPosition":"1","RailName":"T1212","StationID":"012","TerminalStationID":"000","DestinationID":"000"}]}}
10-11 16:09:35.123  3867  3888 D LogWriteUtil.class=LogFileHandlerThread.class: 1getFilePath: logFormat=2022-10-11, LogWriteUtil.logPathDir=/custom/metro/log
10-11 16:09:35.123  3867  3888 D LogWriteUtil.class=LogFileHandlerThread.class: 2getFilePath: filePath=/custom/metro/log/2022-10-11
10-11 16:09:35.123  3867  3888 D LogWriteUtil.class=LogFileHandlerThread.class: getFileNameSuffix: file=/custom/metro/log/2022-10-11
10-11 16:09:35.124  3867  3888 D LogWriteUtil.class=LogFileHandlerThread.class: 2getCurrentFileName: index=3, LogWriteUtil.logfile=app.log, getFileNameSuffix=11
10-11 16:09:35.124  3867  3931 I APP_LogUtils.kt: [(LogUtils.kt:50).i()] [UdpDisServices] udp receive - api receive data disApi, udp service id=78 - running=true  - ip=/172.2.208.8 - port=64002 - message={"MsgSeqID":1240267,"MsgName":"DisReceivedNotify","MsgInfo":{"AppMsgSeqID":11,"Code":10001}}
10-11 16:09:35.124  3867  3888 D LogWriteUtil.class=LogFileHandlerThread.class: 1getFilePath: logFormat=2022-10-11, LogWriteUtil.logPathDir=/custom/metro/log
10-11 16:09:35.125  3867  3888 D LogWriteUtil.class=LogFileHandlerThread.class: 2getFilePath: filePath=/custom/metro/log/2022-10-11
10-11 16:09:35.125  3867  3867 D MainActivity: onMessageEvent  -- gginit: disApi, id=1---event={"MsgSeqID":1240267,"MsgName":"DisReceivedNotify","MsgInfo":{"AppMsgSeqID":11,"Code":10001}}
10-11 16:09:35.125  3867  3888 D LogWriteUtil.class=LogFileHandlerThread.class: getFileNameSuffix: file=/custom/metro/log/2022-10-11
10-11 16:09:35.125  3867  3867 D MainViewModel: 1processDisApi: disApi, id=1
10-11 16:09:35.125  3867  3888 D LogWriteUtil.class=LogFileHandlerThread.class: 3getCurrentFileName: logFileName=app11.log
10-11 16:09:35.125  3867  3888 D LogWriteUtil.class=LogFileHandlerThread.class: 1,initFile: getFilePath()=/custom/metro/log/2022-10-11, getCurrentFileName=app11.log
10-11 16:09:35.126  3867  3888 D LogWriteUtil.class=LogFileHandlerThread.class: 1getFilePath: logFormat=2022-10-11, LogWriteUtil.logPathDir=/custom/metro/log
10-11 16:09:35.126  3867  3954 D DisApiSingletonReceive: processingData: disApi, id=91 - data={"MsgSeqID":1240267,"MsgName":"DisReceivedNotify","MsgInfo":{"AppMsgSeqID":11,"Code":10001}}
10-11 16:09:35.126  3867  3888 D LogWriteUtil.class=LogFileHandlerThread.class: 2getFilePath: filePath=/custom/metro/log/2022-10-11
10-11 16:09:35.126  3867  3888 D LogWriteUtil.class=LogFileHandlerThread.class: 1getCurrentFileName: LogWriteUtil.logfile=app.log
10-11 16:09:35.127  3867  3888 D LogWriteUtil.class=LogFileHandlerThread.class: 1getFilePath: logFormat=2022-10-11, LogWriteUtil.logPathDir=/custom/metro/log
10-11 16:09:35.127  3867  3888 D LogWriteUtil.class=LogFileHandlerThread.class: 2getFilePath: filePath=/custom/metro/log/2022-10-11
10-11 16:09:35.127  3867  3888 D LogWriteUtil.class=LogFileHandlerThread.class: getFileNameSuffix: file=/custom/metro/log/2022-10-11
10-11 16:09:35.128  3867  3888 D LogWriteUtil.class=LogFileHandlerThread.class: 2getCurrentFileName: index=3, LogWriteUtil.logfile=app.log, getFileNameSuffix=11
10-11 16:09:35.129  3867  3888 D LogWriteUtil.class=LogFileHandlerThread.class: 1getFilePath: logFormat=2022-10-11, LogWriteUtil.logPathDir=/custom/metro/log
10-11 16:09:35.129  3867  3888 D LogWriteUtil.class=LogFileHandlerThread.class: 2getFilePath: filePath=/custom/metro/log/2022-10-11
10-11 16:09:35.130  3867  3888 D LogWriteUtil.class=LogFileHandlerThread.class: getFileNameSuffix: file=/custom/metro/log/2022-10-11
10-11 16:09:35.132  3867  3888 D LogWriteUtil.class=LogFileHandlerThread.class: 3getCurrentFileName: logFileName=app11.log
10-11 16:09:35.132  3867  3888 D LogWriteUtil.class=LogFileHandlerThread.class: 1getCurrentFileName: LogWriteUtil.logfile=app.log
10-11 16:09:35.132  3867  3962 D DisApiSingletonReceive: parseStationAtsData: atsInfo=com.gbcom.library_base.data.StationAtsApiData@79e2e1c
10-11 16:09:35.133  3867  3954 D DisApiSingletonReceive: processingDisReceivedNotify: info=DisReceivedNotifyApiData(msgName=DisReceivedNotify, msgSeqID=1240267, msgInfo=ReceivedNotifyData(appMsgSeqID=0, code=10001))
10-11 16:09:35.133  3867  3888 D LogWriteUtil.class=LogFileHandlerThread.class: 1getFilePath: logFormat=2022-10-11, LogWriteUtil.logPathDir=/custom/metro/log
10-11 16:09:35.133  3867  3888 D LogWriteUtil.class=LogFileHandlerThread.class: 2getFilePath: filePath=/custom/metro/log/2022-10-11
