10-12 11:33:12.129  7494  7516 D LogWriteUtil.class=LogFileHandlerThread.class: 1getFilePath: logFormat=2022-10-12, LogWriteUtil.logPathDir=/custom/metro/log
10-12 11:33:12.129  7494  7516 D LogWriteUtil.class=LogFileHandlerThread.class: 2getFilePath: filePath=/custom/metro/log/2022-10-12
10-12 11:33:12.129  7494  7516 D LogWriteUtil.class=LogFileHandlerThread.class: getFileNameSuffix: file=/custom/metro/log/2022-10-12
10-12 11:33:12.130  7494  7516 D LogWriteUtil.class=LogFileHandlerThread.class: 2getCurrentFileName: index=3, LogWriteUtil.logfile=app.log, getFileNameSuffix=14
10-12 11:33:12.130  7494  7516 D LogWriteUtil.class=LogFileHandlerThread.class: 1getFilePath: logFormat=2022-10-12, LogWriteUtil.logPathDir=/custom/metro/log
10-12 11:33:12.131  7494  7516 D LogWriteUtil.class=LogFileHandlerThread.class: 2getFilePath: filePath=/custom/metro/log/2022-10-12
10-12 11:33:12.131  7494  7516 D LogWriteUtil.class=LogFileHandlerThread.class: getFileNameSuffix: file=/custom/metro/log/2022-10-12
10-12 11:33:12.131  7494  7516 D LogWriteUtil.class=LogFileHandlerThread.class: 3getCurrentFileName: logFileName=app14.log
10-12 11:33:12.132  7494  7516 D LogWriteUtil.class=LogFileHandlerThread.class: 1getCurrentFileName: LogWriteUtil.logfile=app.log
10-12 11:33:12.133  7494  7516 D LogWriteUtil.class=LogFileHandlerThread.class: 1getFilePath: logFormat=2022-10-12, LogWriteUtil.logPathDir=/custom/metro/log
10-12 11:33:12.133  7494  7516 D LogWriteUtil.class=LogFileHandlerThread.class: 2getFilePath: filePath=/custom/metro/log/2022-10-12
10-12 11:33:12.133  7494  7516 D LogWriteUtil.class=LogFileHandlerThread.class: getFileNameSuffix: file=/custom/metro/log/2022-10-12
10-12 11:33:12.133  7494  7516 D LogWriteUtil.class=LogFileHandlerThread.class: 2getCurrentFileName: index=3, LogWriteUtil.logfile=app.log, getFileNameSuffix=14
10-12 11:33:12.134  7494  7516 D LogWriteUtil.class=LogFileHandlerThread.class: 1getFilePath: logFormat=2022-10-12, LogWriteUtil.logPathDir=/custom/metro/log
10-12 11:33:12.134  7494  7516 D LogWriteUtil.class=LogFileHandlerThread.class: 2getFilePath: filePath=/custom/metro/log/2022-10-12
10-12 11:33:12.134  7494  7516 D LogWriteUtil.class=LogFileHandlerThread.class: getFileNameSuffix: file=/custom/metro/log/2022-10-12
10-12 11:33:12.135  7494  7516 D LogWriteUtil.class=LogFileHandlerThread.class: 3getCurrentFileName: logFileName=app14.log
10-12 11:33:12.135  7494  7516 D TAG     : 2,initFile: /custom/metro/log/2022-10-12/app14.log, logFile.length=0, getCurrentFileName()=app14.log, writeFileName=/custom/metro/log/2022-10-12/app131665545514234.log
10-12 11:33:12.135  7494  7516 D LogWriteUtil.class=LogFileHandlerThread.class: 8,initFile: logFile=/custom/metro/log/2022-10-12/app14.log, logFile.length=0
10-12 11:33:12.590  7494  7586 D MainViewModel: getSystemTime_currentThreadID2: 207
10-12 11:33:12.627  7494  7586 D TAG     : getSystemTime_currentThreadID3s: 207, isActive=true
10-12 11:33:12.921  7494  7551 I rilj    : EMCI Detial(CellId--->Tav): 5889,255,2,"46009",255,65535,59,65535,255,255,56,28,16,255,1202590897205,0,0,0,0,0,0,0,0
10-12 11:33:12.921  7494  7551 D LTERILJ : [UNSL]< RIL_UNSOL_NOTIFY_EMCI_DETAIL
10-12 11:33:12.922  7494  7589 D UdpDcRepository: api send - Thread ID=210, obj={"MsgName":"GetStationATSReq","MsgSeqID":52,"AppID":"172.2.200.13","MsgInfo":{}}
10-12 11:33:12.922  7494  7548 D LTEPhone: EVENT_FOR_EMCI_DETAIL
10-12 11:33:12.922  7494  7548 D LTEServiceTracker: setCellId cellId:5889,"46009"
10-12 11:33:12.924  7494  7494 I APP_LogUtils.kt: [(LogUtils.kt:50).i()] [com.gbcom.library_base.service.LLteService] lte_resp_sys_for_emci_detail - EmciDetail=com.ztegota.system.common.EmciDetail@eca3e38
10-12 11:33:12.925  7494  7516 D LogWriteUtil.class=LogFileHandlerThread.class: 1getFilePath: logFormat=2022-10-12, LogWriteUtil.logPathDir=/custom/metro/log
10-12 11:33:12.926  7494  7516 D LogWriteUtil.class=LogFileHandlerThread.class: 2getFilePath: filePath=/custom/metro/log/2022-10-12
10-12 11:33:12.926  7494  7516 D LogWriteUtil.class=LogFileHandlerThread.class: 1getCurrentFileName: LogWriteUtil.logfile=app.log
10-12 11:33:12.927  7494  7589 I APP_LogUtils.kt: [(LogUtils.kt:50).i()] [UdpDisServices] start: send(String) - thread ID=210, send msg={"MsgName":"GetStationATSReq","MsgSeqID":52,"AppID":"172.2.200.13","MsgInfo":{}}
10-12 11:33:12.927  7494  7516 D LogWriteUtil.class=LogFileHandlerThread.class: 1getFilePath: logFormat=2022-10-12, LogWriteUtil.logPathDir=/custom/metro/log
10-12 11:33:12.927  7494  7516 D LogWriteUtil.class=LogFileHandlerThread.class: 2getFilePath: filePath=/custom/metro/log/2022-10-12
10-12 11:33:12.927  7494  7516 D LogWriteUtil.class=LogFileHandlerThread.class: getFileNameSuffix: file=/custom/metro/log/2022-10-12
10-12 11:33:12.928  7494  7516 D LogWriteUtil.class=LogFileHandlerThread.class: 2getCurrentFileName: index=3, LogWriteUtil.logfile=app.log, getFileNameSuffix=14
10-12 11:33:12.929  7494  7516 D LogWriteUtil.class=LogFileHandlerThread.class: 1getFilePath: logFormat=2022-10-12, LogWriteUtil.logPathDir=/custom/metro/log
10-12 11:33:12.929  7494  7589 D UdpDcRepository: api send - Thread ID=210, obj={"MsgName":"AppHeartbeat","MsgSeqID":53,"AppID":"172.2.200.13","MsgInfo":{"SDKLongNumber":"+866022013"}}
10-12 11:33:12.929  7494  7516 D LogWriteUtil.class=LogFileHandlerThread.class: 2getFilePath: filePath=/custom/metro/log/2022-10-12
10-12 11:33:12.930  7494  7516 D LogWriteUtil.class=LogFileHandlerThread.class: getFileNameSuffix: file=/custom/metro/log/2022-10-12
10-12 11:33:12.930  7494  7516 D LogWriteUtil.class=LogFileHandlerThread.class: 3getCurrentFileName: logFileName=app14.log
10-12 11:33:12.930  7494  7516 D LogWriteUtil.class=LogFileHandlerThread.class: 1,initFile: getFilePath()=/custom/metro/log/2022-10-12, getCurrentFileName=app14.log
10-12 11:33:12.931  7494  7516 D LogWriteUtil.class=LogFileHandlerThread.class: 1getFilePath: logFormat=2022-10-12, LogWriteUtil.logPathDir=/custom/metro/log
10-12 11:33:12.932  7494  7516 D LogWriteUtil.class=LogFileHandlerThread.class: 2getFilePath: filePath=/custom/metro/log/2022-10-12
10-12 11:33:12.932  7494  7516 D LogWriteUtil.class=LogFileHandlerThread.class: 1getCurrentFileName: LogWriteUtil.logfile=app.log
10-12 11:33:12.933  7494  7516 D LogWriteUtil.class=LogFileHandlerThread.class: 1getFilePath: logFormat=2022-10-12, LogWriteUtil.logPathDir=/custom/metro/log
10-12 11:33:12.933  7494  7516 D LogWriteUtil.class=LogFileHandlerThread.class: 2getFilePath: filePath=/custom/metro/log/2022-10-12
10-12 11:33:12.933  7494  7516 D LogWriteUtil.class=LogFileHandlerThread.class: getFileNameSuffix: file=/custom/metro/log/2022-10-12
10-12 11:33:12.934  7494  7589 I APP_LogUtils.kt: [(LogUtils.kt:50).i()] [UdpDisServices] start: send(String) - thread ID=210, send msg={"MsgName":"AppHeartbeat","MsgSeqID":53,"AppID":"172.2.200.13","MsgInfo":{"SDKLongNumber":"+866022013"}}
10-12 11:33:12.934  7494  7516 D LogWriteUtil.class=LogFileHandlerThread.class: 2getCurrentFileName: index=3, LogWriteUtil.logfile=app.log, getFileNameSuffix=14
10-12 11:33:12.934  7494  7494 D MainActivity: updateSignalIcon: signal=4
10-12 11:33:12.935  7494  7516 D LogWriteUtil.class=LogFileHandlerThread.class: 1getFilePath: logFormat=2022-10-12, LogWriteUtil.logPathDir=/custom/metro/log
10-12 11:33:12.935  7494  7516 D LogWriteUtil.class=LogFileHandlerThread.class: 2getFilePath: filePath=/custom/metro/log/2022-10-12
10-12 11:33:12.936  7494  7516 D LogWriteUtil.class=LogFileHandlerThread.class: getFileNameSuffix: file=/custom/metro/log/2022-10-12
10-12 11:33:12.936  7494  7516 D LogWriteUtil.class=LogFileHandlerThread.class: 3getCurrentFileName: logFileName=app14.log
10-12 11:33:12.936  7494  7516 D LogWriteUtil.class=LogFileHandlerThread.class: 1getCurrentFileName: LogWriteUtil.logfile=app.log
10-12 11:33:12.937  7494  7516 D LogWriteUtil.class=LogFileHandlerThread.class: 1getFilePath: logFormat=2022-10-12, LogWriteUtil.logPathDir=/custom/metro/log
10-12 11:33:12.938  7494  7516 D LogWriteUtil.class=LogFileHandlerThread.class: 2getFilePath: filePath=/custom/metro/log/2022-10-12
10-12 11:33:12.938  7494  7516 D LogWriteUtil.class=LogFileHandlerThread.class: getFileNameSuffix: file=/custom/metro/log/2022-10-12
10-12 11:33:12.938  7494  7516 D LogWriteUtil.class=LogFileHandlerThread.class: 2getCurrentFileName: index=3, LogWriteUtil.logfile=app.log, getFileNameSuffix=14
10-12 11:33:12.940  7494  7516 D LogWriteUtil.class=LogFileHandlerThread.class: 1getFilePath: logFormat=2022-10-12, LogWriteUtil.logPathDir=/custom/metro/log
10-12 11:33:12.940  7494  7516 D LogWriteUtil.class=LogFileHandlerThread.class: 2getFilePath: filePath=/custom/metro/log/2022-10-12
10-12 11:33:12.940  7494  7516 D LogWriteUtil.class=LogFileHandlerThread.class: getFileNameSuffix: file=/custom/metro/log/2022-10-12
10-12 11:33:12.941  7494  7516 D LogWriteUtil.class=LogFileHandlerThread.class: 3getCurrentFileName: logFileName=app14.log
10-12 11:33:12.941  7494  7516 D TAG     : 2,initFile: /custom/metro/log/2022-10-12/app14.log, logFile.length=0, getCurrentFileName()=app14.log, writeFileName=/custom/metro/log/2022-10-12/app131665545514234.log
10-12 11:33:12.941  7494  7516 D LogWriteUtil.class=LogFileHandlerThread.class: 8,initFile: logFile=/custom/metro/log/2022-10-12/app14.log, logFile.length=0
10-12 11:33:12.945  7494  7516 D LogWriteUtil.class=LogFileHandlerThread.class: 1getFilePath: logFormat=2022-10-12, LogWriteUtil.logPathDir=/custom/metro/log
10-12 11:33:12.945  7494  7516 D LogWriteUtil.class=LogFileHandlerThread.class: 2getFilePath: filePath=/custom/metro/log/2022-10-12
10-12 11:33:12.945  7494  7516 D LogWriteUtil.class=LogFileHandlerThread.class: 1getCurrentFileName: LogWriteUtil.logfile=app.log
10-12 11:33:12.946  7494  7516 D LogWriteUtil.class=LogFileHandlerThread.class: 1getFilePath: logFormat=2022-10-12, LogWriteUtil.logPathDir=/custom/metro/log
10-12 11:33:12.946  7494  7516 D LogWriteUtil.class=LogFileHandlerThread.class: 2getFilePath: filePath=/custom/metro/log/2022-10-12
10-12 11:33:12.947  7494  7516 D LogWriteUtil.class=LogFileHandlerThread.class: getFileNameSuffix: file=/custom/metro/log/2022-10-12
10-12 11:33:12.947  7494  7516 D LogWriteUtil.class=LogFileHandlerThread.class: 2getCurrentFileName: index=3, LogWriteUtil.logfile=app.log, getFileNameSuffix=14
10-12 11:33:12.948  7494  7516 D LogWriteUtil.class=LogFileHandlerThread.class: 1getFilePath: logFormat=2022-10-12, LogWriteUtil.logPathDir=/custom/metro/log
10-12 11:33:12.949  7494  7516 D LogWriteUtil.class=LogFileHandlerThread.class: 2getFilePath: filePath=/custom/metro/log/2022-10-12
10-12 11:33:12.949  7494  7516 D LogWriteUtil.class=LogFileHandlerThread.class: getFileNameSuffix: file=/custom/metro/log/2022-10-12
10-12 11:33:12.950  7494  7516 D LogWriteUtil.class=LogFileHandlerThread.class: 3getCurrentFileName: logFileName=app14.log
10-12 11:33:12.950  7494  7516 D LogWriteUtil.class=LogFileHandlerThread.class: 1,initFile: getFilePath()=/custom/metro/log/2022-10-12, getCurrentFileName=app14.log
10-12 11:33:12.951  7494  7516 D LogWriteUtil.class=LogFileHandlerThread.class: 1getFilePath: logFormat=2022-10-12, LogWriteUtil.logPathDir=/custom/metro/log
10-12 11:33:12.951  7494  7516 D LogWriteUtil.class=LogFileHandlerThread.class: 2getFilePath: filePath=/custom/metro/log/2022-10-12
10-12 11:33:12.951  7494  7516 D LogWriteUtil.class=LogFileHandlerThread.class: 1getCurrentFileName: LogWriteUtil.logfile=app.log
10-12 11:33:12.952  7494  7516 D LogWriteUtil.class=LogFileHandlerThread.class: 1getFilePath: logFormat=2022-10-12, LogWriteUtil.logPathDir=/custom/metro/log
10-12 11:33:12.952  7494  7516 D LogWriteUtil.class=LogFileHandlerThread.class: 2getFilePath: filePath=/custom/metro/log/2022-10-12
10-12 11:33:12.953  7494  7516 D LogWriteUtil.class=LogFileHandlerThread.class: getFileNameSuffix: file=/custom/metro/log/2022-10-12
10-12 11:33:12.953  7494  7516 D LogWriteUtil.class=LogFileHandlerThread.class: 2getCurrentFileName: index=3, LogWriteUtil.logfile=app.log, getFileNameSuffix=14
10-12 11:33:12.956  7494  7516 D LogWriteUtil.class=LogFileHandlerThread.class: 1getFilePath: logFormat=2022-10-12, LogWriteUtil.logPathDir=/custom/metro/log
10-12 11:33:12.956  7494  7516 D LogWriteUtil.class=LogFileHandlerThread.class: 2getFilePath: filePath=/custom/metro/log/2022-10-12
10-12 11:33:12.956  7494  7516 D LogWriteUtil.class=LogFileHandlerThread.class: getFileNameSuffix: file=/custom/metro/log/2022-10-12
10-12 11:33:12.957  7494  7516 D LogWriteUtil.class=LogFileHandlerThread.class: 3getCurrentFileName: logFileName=app14.log
10-12 11:33:12.957  7494  7516 D LogWriteUtil.class=LogFileHandlerThread.class: 1getCurrentFileName: LogWriteUtil.logfile=app.log
10-12 11:33:12.958  7494  7516 D LogWriteUtil.class=LogFileHandlerThread.class: 1getFilePath: logFormat=2022-10-12, LogWriteUtil.logPathDir=/custom/metro/log
10-12 11:33:12.958  7494  7516 D LogWriteUtil.class=LogFileHandlerThread.class: 2getFilePath: filePath=/custom/metro/log/2022-10-12
10-12 11:33:12.958  7494  7516 D LogWriteUtil.class=LogFileHandlerThread.class: getFileNameSuffix: file=/custom/metro/log/2022-10-12
10-12 11:33:12.958  7494  7516 D LogWriteUtil.class=LogFileHandlerThread.class: 2getCurrentFileName: index=3, LogWriteUtil.logfile=app.log, getFileNameSuffix=14
10-12 11:33:12.959  7494  7516 D LogWriteUtil.class=LogFileHandlerThread.class: 1getFilePath: logFormat=2022-10-12, LogWriteUtil.logPathDir=/custom/metro/log
10-12 11:33:12.959  7494  7516 D LogWriteUtil.class=LogFileHandlerThread.class: 2getFilePath: filePath=/custom/metro/log/2022-10-12
10-12 11:33:12.960  7494  7516 D LogWriteUtil.class=LogFileHandlerThread.class: getFileNameSuffix: file=/custom/metro/log/2022-10-12
10-12 11:33:12.960  7494  7516 D LogWriteUtil.class=LogFileHandlerThread.class: 3getCurrentFileName: logFileName=app14.log
10-12 11:33:12.960  7494  7516 D TAG     : 2,initFile: /custom/metro/log/2022-10-12/app14.log, logFile.length=0, getCurrentFileName()=app14.log, writeFileName=/custom/metro/log/2022-10-12/app131665545514234.log
10-12 11:33:12.960  7494  7516 D LogWriteUtil.class=LogFileHandlerThread.class: 8,initFile: logFile=/custom/metro/log/2022-10-12/app14.log, logFile.length=0
10-12 11:33:12.962  7494  7516 D LogWriteUtil.class=LogFileHandlerThread.class: 1getFilePath: logFormat=2022-10-12, LogWriteUtil.logPathDir=/custom/metro/log
10-12 11:33:12.962  7494  7516 D LogWriteUtil.class=LogFileHandlerThread.class: 2getFilePath: filePath=/custom/metro/log/2022-10-12
10-12 11:33:12.962  7494  7516 D LogWriteUtil.class=LogFileHandlerThread.class: 1getCurrentFileName: LogWriteUtil.logfile=app.log
10-12 11:33:12.963  7494  7516 D LogWriteUtil.class=LogFileHandlerThread.class: 1getFilePath: logFormat=2022-10-12, LogWriteUtil.logPathDir=/custom/metro/log
10-12 11:33:12.963  7494  7516 D LogWriteUtil.class=LogFileHandlerThread.class: 2getFilePath: filePath=/custom/metro/log/2022-10-12
10-12 11:33:12.963  7494  7516 D LogWriteUtil.class=LogFileHandlerThread.class: getFileNameSuffix: file=/custom/metro/log/2022-10-12
10-12 11:33:12.964  7494  7516 D LogWriteUtil.class=LogFileHandlerThread.class: 2getCurrentFileName: index=3, LogWriteUtil.logfile=app.log, getFileNameSuffix=14
10-12 11:33:12.964  7494  7516 D LogWriteUtil.class=LogFileHandlerThread.class: 1getFilePath: logFormat=2022-10-12, LogWriteUtil.logPathDir=/custom/metro/log
10-12 11:33:12.965  7494  7516 D LogWriteUtil.class=LogFileHandlerThread.class: 2getFilePath: filePath=/custom/metro/log/2022-10-12
10-12 11:33:12.965  7494  7516 D LogWriteUtil.class=LogFileHandlerThread.class: getFileNameSuffix: file=/custom/metro/log/2022-10-12
10-12 11:33:12.965  7494  7516 D LogWriteUtil.class=LogFileHandlerThread.class: 3getCurrentFileName: logFileName=app14.log
10-12 11:33:12.965  7494  7516 D LogWriteUtil.class=LogFileHandlerThread.class: 1,initFile: getFilePath()=/custom/metro/log/2022-10-12, getCurrentFileName=app14.log
10-12 11:33:12.966  7494  7516 D LogWriteUtil.class=LogFileHandlerThread.class: 1getFilePath: logFormat=2022-10-12, LogWriteUtil.logPathDir=/custom/metro/log
10-12 11:33:12.966  7494  7516 D LogWriteUtil.class=LogFileHandlerThread.class: 2getFilePath: filePath=/custom/metro/log/2022-10-12
10-12 11:33:12.966  7494  7516 D LogWriteUtil.class=LogFileHandlerThread.class: 1getCurrentFileName: LogWriteUtil.logfile=app.log
10-12 11:33:12.967  7494  7516 D LogWriteUtil.class=LogFileHandlerThread.class: 1getFilePath: logFormat=2022-10-12, LogWriteUtil.logPathDir=/custom/metro/log
10-12 11:33:12.967  7494  7516 D LogWriteUtil.class=LogFileHandlerThread.class: 2getFilePath: filePath=/custom/metro/log/2022-10-12
10-12 11:33:12.967  7494  7516 D LogWriteUtil.class=LogFileHandlerThread.class: getFileNameSuffix: file=/custom/metro/log/2022-10-12
10-12 11:33:12.968  7494  7516 D LogWriteUtil.class=LogFileHandlerThread.class: 2getCurrentFileName: index=3, LogWriteUtil.logfile=app.log, getFileNameSuffix=14
10-12 11:33:12.969  7494  7516 D LogWriteUtil.class=LogFileHandlerThread.class: 1getFilePath: logFormat=2022-10-12, LogWriteUtil.logPathDir=/custom/metro/log
10-12 11:33:12.969  7494  7516 D LogWriteUtil.class=LogFileHandlerThread.class: 2getFilePath: filePath=/custom/metro/log/2022-10-12
10-12 11:33:12.969  7494  7516 D LogWriteUtil.class=LogFileHandlerThread.class: getFileNameSuffix: file=/custom/metro/log/2022-10-12
10-12 11:33:12.969  7494  7516 D LogWriteUtil.class=LogFileHandlerThread.class: 3getCurrentFileName: logFileName=app14.log
10-12 11:33:12.969  7494  7516 D LogWriteUtil.class=LogFileHandlerThread.class: 1getCurrentFileName: LogWriteUtil.logfile=app.log
10-12 11:33:12.970  7494  7516 D LogWriteUtil.class=LogFileHandlerThread.class: 1getFilePath: logFormat=2022-10-12, LogWriteUtil.logPathDir=/custom/metro/log
10-12 11:33:12.970  7494  7516 D LogWriteUtil.class=LogFileHandlerThread.class: 2getFilePath: filePath=/custom/metro/log/2022-10-12
10-12 11:33:12.970  7494  7516 D LogWriteUtil.class=LogFileHandlerThread.class: getFileNameSuffix: file=/custom/metro/log/2022-10-12
10-12 11:33:12.971  7494  7516 D LogWriteUtil.class=LogFileHandlerThread.class: 2getCurrentFileName: index=3, LogWriteUtil.logfile=app.log, getFileNameSuffix=14
10-12 11:33:12.972  7494  7494 E train_jni_log: getHandsetStatus===popen buffer=0
10-12 11:33:12.972  7494  7494 E train_jni_log: getHandsetStatus===popen iRet=0
10-12 11:33:12.972  7494  7516 D LogWriteUtil.class=LogFileHandlerThread.class: 1getFilePath: logFormat=2022-10-12, LogWriteUtil.logPathDir=/custom/metro/log
10-12 11:33:12.973  7494  7516 D LogWriteUtil.class=LogFileHandlerThread.class: 2getFilePath: filePath=/custom/metro/log/2022-10-12
10-12 11:33:12.973  7494  7516 D LogWriteUtil.class=LogFileHandlerThread.class: getFileNameSuffix: file=/custom/metro/log/2022-10-12
10-12 11:33:12.973  7494  7516 D LogWriteUtil.class=LogFileHandlerThread.class: 3getCurrentFileName: logFileName=app14.log
10-12 11:33:12.973  7494  7516 D TAG     : 2,initFile: /custom/metro/log/2022-10-12/app14.log, logFile.length=0, getCurrentFileName()=app14.log, writeFileName=/custom/metro/log/2022-10-12/app131665545514234.log
10-12 11:33:12.973  7494  7516 D LogWriteUtil.class=LogFileHandlerThread.class: 8,initFile: logFile=/custom/metro/log/2022-10-12/app14.log, logFile.length=0
10-12 11:33:12.975  7494  7494 D TAG     : getHeadsetStatus: 0
10-12 11:33:12.977  7494  7494 D TAG     : getHeadsetStatus: headsetStatus=200
10-12 11:33:12.977  7494  7494 D TAG     : getHeadsetStatus: headsetStatus2=200
10-12 11:33:12.979  7494  7578 D BtrunCConfig: isR2Nubmer is true
10-12 11:33:12.979  7494  7558 D UdpDisServices: udp receive - api receive data disApi, udp service id=185  - udp.packet.address=/172.2.208.8, udp.pack.socketAddress=/172.2.208.8:64002, udp.port=64002- running=true - message={"MsgSeqID":20732,"MsgName":"DisReceivedNotify","MsgInfo":{"AppMsgSeqID":52,"Code":10001}}
10-12 11:33:12.979  7494  7586 D MainViewModel: getLteIp: test1111111=172.2.200.13
10-12 11:33:12.979  7494  7578 D com.ztegota.system.GotaSystem: getMdn +866022013
10-12 11:33:12.979  7494  7578 D TAG     : getUserId: userId2=+866022013
10-12 11:33:12.979  7494  7558 I APP_LogUtils.kt: [(LogUtils.kt:50).i()] [UdpDisServices] udp receive - api receive data disApi, udp service id=185 - running=true  - ip=/172.2.208.8 - port=64002 - message={"MsgSeqID":20732,"MsgName":"DisReceivedNotify","MsgInfo":{"AppMsgSeqID":52,"Code":10001}}
10-12 11:33:12.980  7494  7585 I APP_LogUtils.kt: [(LogUtils.kt:50).i()] [MainViewModel] GotaSystem SDK:V2.13 2021-04-20, Host Soft Version:GM655+V1.0.6.8B02, Host Hard Version:GM655MB_C, Host Build Time:2021 12 28  16:23:13 CST;
10-12 11:33:12.980  7494  7516 D LogWriteUtil.class=LogFileHandlerThread.class: 1getFilePath: logFormat=2022-10-12, LogWriteUtil.logPathDir=/custom/metro/log
10-12 11:33:12.980  7494  7516 D LogWriteUtil.class=LogFileHandlerThread.class: 2getFilePath: filePath=/custom/metro/log/2022-10-12
10-12 11:33:12.981  7494  7516 D LogWriteUtil.class=LogFileHandlerThread.class: 1getCurrentFileName: LogWriteUtil.logfile=app.log
10-12 11:33:12.981  7494  7516 D LogWriteUtil.class=LogFileHandlerThread.class: 1getFilePath: logFormat=2022-10-12, LogWriteUtil.logPathDir=/custom/metro/log
10-12 11:33:12.981  7494  7516 D LogWriteUtil.class=LogFileHandlerThread.class: 2getFilePath: filePath=/custom/metro/log/2022-10-12
10-12 11:33:12.981  7494  7516 D LogWriteUtil.class=LogFileHandlerThread.class: getFileNameSuffix: file=/custom/metro/log/2022-10-12
10-12 11:33:12.982  7494  7494 D MainActivity: showStatus: aa---result---result=true, url=192.168.42.131
10-12 11:33:12.982  7494  7516 D LogWriteUtil.class=LogFileHandlerThread.class: 2getCurrentFileName: index=3, LogWriteUtil.logfile=app.log, getFileNameSuffix=14
10-12 11:33:12.982  7494  7516 D LogWriteUtil.class=LogFileHandlerThread.class: 1getFilePath: logFormat=2022-10-12, LogWriteUtil.logPathDir=/custom/metro/log
10-12 11:33:12.982  7494  7516 D LogWriteUtil.class=LogFileHandlerThread.class: 2getFilePath: filePath=/custom/metro/log/2022-10-12
10-12 11:33:12.982  7494  7516 D LogWriteUtil.class=LogFileHandlerThread.class: getFileNameSuffix: file=/custom/metro/log/2022-10-12
10-12 11:33:12.983  7494  7516 D LogWriteUtil.class=LogFileHandlerThread.class: 3getCurrentFileName: logFileName=app14.log
10-12 11:33:12.983  7494  7516 D LogWriteUtil.class=LogFileHandlerThread.class: 1,initFile: getFilePath()=/custom/metro/log/2022-10-12, getCurrentFileName=app14.log
10-12 11:33:12.984  7494  7516 D LogWriteUtil.class=LogFileHandlerThread.class: 1getFilePath: logFormat=2022-10-12, LogWriteUtil.logPathDir=/custom/metro/log
10-12 11:33:12.984  7494  7516 D LogWriteUtil.class=LogFileHandlerThread.class: 2getFilePath: filePath=/custom/metro/log/2022-10-12
10-12 11:33:12.984  7494  7516 D LogWriteUtil.class=LogFileHandlerThread.class: 1getCurrentFileName: LogWriteUtil.logfile=app.log
10-12 11:33:12.984  7494  7494 D MainActivity: onMessageEvent  -- gginit: disApi, id=1---event={"MsgSeqID":20732,"MsgName":"DisReceivedNotify","MsgInfo":{"AppMsgSeqID":52,"Code":10001}}
10-12 11:33:12.984  7494  7516 D LogWriteUtil.class=LogFileHandlerThread.class: 1getFilePath: logFormat=2022-10-12, LogWriteUtil.logPathDir=/custom/metro/log
10-12 11:33:12.984  7494  7494 D MainViewModel: 1processDisApi: disApi, id=1
10-12 11:33:12.984  7494  7516 D LogWriteUtil.class=LogFileHandlerThread.class: 2getFilePath: filePath=/custom/metro/log/2022-10-12
10-12 11:33:12.984  7494  7516 D LogWriteUtil.class=LogFileHandlerThread.class: getFileNameSuffix: file=/custom/metro/log/2022-10-12
10-12 11:33:12.985  7494  7516 D LogWriteUtil.class=LogFileHandlerThread.class: 2getCurrentFileName: index=3, LogWriteUtil.logfile=app.log, getFileNameSuffix=14
10-12 11:33:12.985  7494  7516 D LogWriteUtil.class=LogFileHandlerThread.class: 1getFilePath: logFormat=2022-10-12, LogWriteUtil.logPathDir=/custom/metro/log
10-12 11:33:12.985  7494  7516 D LogWriteUtil.class=LogFileHandlerThread.class: 2getFilePath: filePath=/custom/metro/log/2022-10-12
10-12 11:33:12.986  7494  7516 D LogWriteUtil.class=LogFileHandlerThread.class: getFileNameSuffix: file=/custom/metro/log/2022-10-12
10-12 11:33:12.986  7494  7578 D DisApiSingletonReceive: processingData: disApi, id=199 - data={"MsgSeqID":20732,"MsgName":"DisReceivedNotify","MsgInfo":{"AppMsgSeqID":52,"Code":10001}}
10-12 11:33:12.986  7494  7516 D LogWriteUtil.class=LogFileHandlerThread.class: 3getCurrentFileName: logFileName=app14.log
10-12 11:33:12.986  7494  7516 D LogWriteUtil.class=LogFileHandlerThread.class: 1getCurrentFileName: LogWriteUtil.logfile=app.log
10-12 11:33:12.987  7494  7516 D LogWriteUtil.class=LogFileHandlerThread.class: 1getFilePath: logFormat=2022-10-12, LogWriteUtil.logPathDir=/custom/metro/log
10-12 11:33:12.987  7494  7516 D LogWriteUtil.class=LogFileHandlerThread.class: 2getFilePath: filePath=/custom/metro/log/2022-10-12
10-12 11:33:12.987  7494  7516 D LogWriteUtil.class=LogFileHandlerThread.class: getFileNameSuffix: file=/custom/metro/log/2022-10-12
10-12 11:33:12.987  7494  7516 D LogWriteUtil.class=LogFileHandlerThread.class: 2getCurrentFileName: index=3, LogWriteUtil.logfile=app.log, getFileNameSuffix=14
10-12 11:33:12.988  7494  7578 D DisApiSingletonReceive: processingDisReceivedNotify: info=DisReceivedNotifyApiData(msgName=DisReceivedNotify, msgSeqID=20732, msgInfo=ReceivedNotifyData(appMsgSeqID=0, code=10001))
10-12 11:33:12.988  7494  7516 D LogWriteUtil.class=LogFileHandlerThread.class: 1getFilePath: logFormat=2022-10-12, LogWriteUtil.logPathDir=/custom/metro/log
10-12 11:33:12.988  7494  7516 D LogWriteUtil.class=LogFileHandlerThread.class: 2getFilePath: filePath=/custom/metro/log/2022-10-12
10-12 11:33:12.988  7494  7516 D LogWriteUtil.class=LogFileHandlerThread.class: getFileNameSuffix: file=/custom/metro/log/2022-10-12
10-12 11:33:12.989  7494  7516 D LogWriteUtil.class=LogFileHandlerThread.class: 3getCurrentFileName: logFileName=app14.log
10-12 11:33:12.989  7494  7516 D TAG     : 2,initFile: /custom/metro/log/2022-10-12/app14.log, logFile.length=0, getCurrentFileName()=app14.log, writeFileName=/custom/metro/log/2022-10-12/app131665545514234.log
10-12 11:33:12.989  7494  7516 D LogWriteUtil.class=LogFileHandlerThread.class: 8,initFile: logFile=/custom/metro/log/2022-10-12/app14.log, logFile.length=0
10-12 11:33:12.990  7494  7516 D LogWriteUtil.class=LogFileHandlerThread.class: 1getFilePath: logFormat=2022-10-12, LogWriteUtil.logPathDir=/custom/metro/log
10-12 11:33:12.990  7494  7516 D LogWriteUtil.class=LogFileHandlerThread.class: 2getFilePath: filePath=/custom/metro/log/2022-10-12
10-12 11:33:12.990  7494  7516 D LogWriteUtil.class=LogFileHandlerThread.class: 1getCurrentFileName: LogWriteUtil.logfile=app.log
10-12 11:33:12.991  7494  7516 D LogWriteUtil.class=LogFileHandlerThread.class: 1getFilePath: logFormat=2022-10-12, LogWriteUtil.logPathDir=/custom/metro/log
10-12 11:33:12.991  7494  7516 D LogWriteUtil.class=LogFileHandlerThread.class: 2getFilePath: filePath=/custom/metro/log/2022-10-12
10-12 11:33:12.991  7494  7516 D LogWriteUtil.class=LogFileHandlerThread.class: getFileNameSuffix: file=/custom/metro/log/2022-10-12
10-12 11:33:12.991  7494  7516 D LogWriteUtil.class=LogFileHandlerThread.class: 2getCurrentFileName: index=3, LogWriteUtil.logfile=app.log, getFileNameSuffix=14
10-12 11:33:12.992  7494  7516 D LogWriteUtil.class=LogFileHandlerThread.class: 1getFilePath: logFormat=2022-10-12, LogWriteUtil.logPathDir=/custom/metro/log
10-12 11:33:12.992  7494  7516 D LogWriteUtil.class=LogFileHandlerThread.class: 2getFilePath: filePath=/custom/metro/log/2022-10-12
10-12 11:33:12.992  7494  7516 D LogWriteUtil.class=LogFileHandlerThread.class: getFileNameSuffix: file=/custom/metro/log/2022-10-12
10-12 11:33:12.993  7494  7516 D LogWriteUtil.class=LogFileHandlerThread.class: 3getCurrentFileName: logFileName=app14.log
10-12 11:33:12.993  7494  7516 D LogWriteUtil.class=LogFileHandlerThread.class: 1,initFile: getFilePath()=/custom/metro/log/2022-10-12, getCurrentFileName=app14.log
10-12 11:33:12.993  7494  7516 D LogWriteUtil.class=LogFileHandlerThread.class: 1getFilePath: logFormat=2022-10-12, LogWriteUtil.logPathDir=/custom/metro/log
10-12 11:33:12.993  7494  7516 D LogWriteUtil.class=LogFileHandlerThread.class: 2getFilePath: filePath=/custom/metro/log/2022-10-12
10-12 11:33:12.994  7494  7516 D LogWriteUtil.class=LogFileHandlerThread.class: 1getCurrentFileName: LogWriteUtil.logfile=app.log
10-12 11:33:12.994  7494  7516 D LogWriteUtil.class=LogFileHandlerThread.class: 1getFilePath: logFormat=2022-10-12, LogWriteUtil.logPathDir=/custom/metro/log
10-12 11:33:12.994  7494  7516 D LogWriteUtil.class=LogFileHandlerThread.class: 2getFilePath: filePath=/custom/metro/log/2022-10-12
10-12 11:33:12.995  7494  7516 D LogWriteUtil.class=LogFileHandlerThread.class: getFileNameSuffix: file=/custom/metro/log/2022-10-12
10-12 11:33:12.995  7494  7516 D LogWriteUtil.class=LogFileHandlerThread.class: 2getCurrentFileName: index=3, LogWriteUtil.logfile=app.log, getFileNameSuffix=14
10-12 11:33:12.996  7494  7516 D LogWriteUtil.class=LogFileHandlerThread.class: 1getFilePath: logFormat=2022-10-12, LogWriteUtil.logPathDir=/custom/metro/log
10-12 11:33:12.996  7494  7516 D LogWriteUtil.class=LogFileHandlerThread.class: 2getFilePath: filePath=/custom/metro/log/2022-10-12
10-12 11:33:12.996  7494  7516 D LogWriteUtil.class=LogFileHandlerThread.class: getFileNameSuffix: file=/custom/metro/log/2022-10-12
10-12 11:33:12.996  7494  7516 D LogWriteUtil.class=LogFileHandlerThread.class: 3getCurrentFileName: logFileName=app14.log
10-12 11:33:12.996  7494  7516 D LogWriteUtil.class=LogFileHandlerThread.class: 1getCurrentFileName: LogWriteUtil.logfile=app.log
10-12 11:33:12.997  7494  7516 D LogWriteUtil.class=LogFileHandlerThread.class: 1getFilePath: logFormat=2022-10-12, LogWriteUtil.logPathDir=/custom/metro/log
10-12 11:33:12.997  7494  7516 D LogWriteUtil.class=LogFileHandlerThread.class: 2getFilePath: filePath=/custom/metro/log/2022-10-12
10-12 11:33:12.997  7494  7516 D LogWriteUtil.class=LogFileHandlerThread.class: getFileNameSuffix: file=/custom/metro/log/2022-10-12
10-12 11:33:12.997  7494  7516 D LogWriteUtil.class=LogFileHandlerThread.class: 2getCurrentFileName: index=3, LogWriteUtil.logfile=app.log, getFileNameSuffix=14
10-12 11:33:12.998  7494  7516 D LogWriteUtil.class=LogFileHandlerThread.class: 1getFilePath: logFormat=2022-10-12, LogWriteUtil.logPathDir=/custom/metro/log
10-12 11:33:12.998  7494  7516 D LogWriteUtil.class=LogFileHandlerThread.class: 2getFilePath: filePath=/custom/metro/log/2022-10-12
10-12 11:33:12.998  7494  7516 D LogWriteUtil.class=LogFileHandlerThread.class: getFileNameSuffix: file=/custom/metro/log/2022-10-12
10-12 11:33:12.998  7494  7516 D LogWriteUtil.class=LogFileHandlerThread.class: 3getCurrentFileName: logFileName=app14.log
10-12 11:33:12.999  7494  7516 D TAG     : 2,initFile: /custom/metro/log/2022-10-12/app14.log, logFile.length=0, getCurrentFileName()=app14.log, writeFileName=/custom/metro/log/2022-10-12/app131665545514234.log
10-12 11:33:12.999  7494  7516 D LogWriteUtil.class=LogFileHandlerThread.class: 8,initFile: logFile=/custom/metro/log/2022-10-12/app14.log, logFile.length=0
10-12 11:33:13.036  7494  7558 D UdpDisServices: udp receive - api receive data disApi, udp service id=185  - udp.packet.address=/172.2.208.8, udp.pack.socketAddress=/172.2.208.8:64002, udp.port=64002- running=true - message={"MsgSeqID":20733,"MsgName":"GetStationATSRsp","MsgInfo":{"Code":10011,"StationATSInfos":[{"TrainGroupNumber":"202","ServiceNumber":"000","TrainCrewNumber":"000","TrainPosition":"1","TrainRunningPosition":"2","RailName":"T1303","StationID":"013","TerminalStationID":"000","DestinationID":"000"},{"TrainGroupNumber":"299","ServiceNumber":"801","TrainCrewNumber":"000","TrainPosition":"1","TrainRunningPosition":"2","RailName":"T1301","StationID":"013","TerminalStationID":"000","DestinationID":"000"},{"TrainGroupNumber":"201","ServiceNumber":"000","TrainCrewNumber":"000","TrainPosition":"1","TrainRunningPosition":"1","RailName":"T1304","StationID":"013","TerminalStationID":"000","DestinationID":"000"}]}}
10-12 11:33:13.037  7494  7558 I APP_LogUtils.kt: [(LogUtils.kt:50).i()] [UdpDisServices] udp receive - api receive data disApi, udp service id=185 - running=true  - ip=/172.2.208.8 - port=64002 - message={"MsgSeqID":20733,"MsgName":"GetStationATSRsp","MsgInfo":{"Code":10011,"StationATSInfos":[{"TrainGroupNumber":"202","ServiceNumber":"000","TrainCrewNumber":"000","TrainPosition":"1","TrainRunningPosition":"2","RailName":"T1303","StationID":"013","TerminalStationID":"000","DestinationID":"000"},{"TrainGroupNumber":"299","ServiceNumber":"801","TrainCrewNumber":"000","TrainPosition":"1","TrainRunningPosition":"2","RailName":"T1301","StationID":"013","TerminalStationID":"000","DestinationID":"000"},{"TrainGroupNumber":"201","ServiceNumber":"000","TrainCrewNumber":"000","TrainPosition":"1","TrainRunningPosition":"1","RailName":"T1304","StationID":"013","TerminalStationID":"000","DestinationID":"000"}]}}
10-12 11:33:13.038  7494  7494 D MainActivity: onMessageEvent  -- gginit: disApi, id=1---event={"MsgSeqID":20733,"MsgName":"GetStationATSRsp","MsgInfo":{"Code":10011,"StationATSInfos":[{"TrainGroupNumber":"202","ServiceNumber":"000","TrainCrewNumber":"000","TrainPosition":"1","TrainRunningPosition":"2","RailName":"T1303","StationID":"013","TerminalStationID":"000","DestinationID":"000"},{"TrainGroupNumber":"299","ServiceNumber":"801","TrainCrewNumber":"000","TrainPosition":"1","TrainRunningPosition":"2","RailName":"T1301","StationID":"013","TerminalStationID":"000","DestinationID":"000"},{"TrainGroupNumber":"201","ServiceNumber":"000","TrainCrewNumber":"000","TrainPosition":"1","TrainRunningPosition":"1","RailName":"T1304","StationID":"013","TerminalStationID":"000","DestinationID":"000"}]}}
10-12 11:33:13.038  7494  7558 D UdpDisServices: udp receive - api receive data disApi, udp service id=185  - udp.packet.address=/172.2.208.8, udp.pack.socketAddress=/172.2.208.8:64002, udp.port=64002- running=true - message={"MsgSeqID":20734,"MsgName":"DisReceivedNotify","MsgInfo":{"AppMsgSeqID":53,"Code":10001}}
10-12 11:33:13.038  7494  7494 D MainViewModel: 1processDisApi: disApi, id=1
10-12 11:33:13.038  7494  7516 D LogWriteUtil.class=LogFileHandlerThread.class: 1getFilePath: logFormat=2022-10-12, LogWriteUtil.logPathDir=/custom/metro/log
10-12 11:33:13.038  7494  7516 D LogWriteUtil.class=LogFileHandlerThread.class: 2getFilePath: filePath=/custom/metro/log/2022-10-12
10-12 11:33:13.039  7494  7516 D LogWriteUtil.class=LogFileHandlerThread.class: 1getCurrentFileName: LogWriteUtil.logfile=app.log
10-12 11:33:13.039  7494  7578 D DisApiSingletonReceive: processingData: disApi, id=199 - data={"MsgSeqID":20733,"MsgName":"GetStationATSRsp","MsgInfo":{"Code":10011,"StationATSInfos":[{"TrainGroupNumber":"202","ServiceNumber":"000","TrainCrewNumber":"000","TrainPosition":"1","TrainRunningPosition":"2","RailName":"T1303","StationID":"013","TerminalStationID":"000","DestinationID":"000"},{"TrainGroupNumber":"299","ServiceNumber":"801","TrainCrewNumber":"000","TrainPosition":"1","TrainRunningPosition":"2","RailName":"T1301","StationID":"013","TerminalStationID":"000","DestinationID":"000"},{"TrainGroupNumber":"201","ServiceNumber":"000","TrainCrewNumber":"000","TrainPosition":"1","TrainRunningPosition":"1","RailName":"T1304","StationID":"013","TerminalStationID":"000","DestinationID":"000"}]}}
10-12 11:33:13.039  7494  7516 D LogWriteUtil.class=LogFileHandlerThread.class: 1getFilePath: logFormat=2022-10-12, LogWriteUtil.logPathDir=/custom/metro/log
10-12 11:33:13.039  7494  7558 I APP_LogUtils.kt: [(LogUtils.kt:50).i()] [UdpDisServices] udp receive - api receive data disApi, udp service id=185 - running=true  - ip=/172.2.208.8 - port=64002 - message={"MsgSeqID":20734,"MsgName":"DisReceivedNotify","MsgInfo":{"AppMsgSeqID":53,"Code":10001}}
10-12 11:33:13.039  7494  7516 D LogWriteUtil.class=LogFileHandlerThread.class: 2getFilePath: filePath=/custom/metro/log/2022-10-12
10-12 11:33:13.040  7494  7516 D LogWriteUtil.class=LogFileHandlerThread.class: getFileNameSuffix: file=/custom/metro/log/2022-10-12
10-12 11:33:13.040  7494  7494 D MainActivity: onMessageEvent  -- gginit: disApi, id=1---event={"MsgSeqID":20734,"MsgName":"DisReceivedNotify","MsgInfo":{"AppMsgSeqID":53,"Code":10001}}
10-12 11:33:13.040  7494  7494 D MainViewModel: 1processDisApi: disApi, id=1
10-12 11:33:13.041  7494  7516 D LogWriteUtil.class=LogFileHandlerThread.class: 2getCurrentFileName: index=3, LogWriteUtil.logfile=app.log, getFileNameSuffix=14
10-12 11:33:13.041  7494  7585 D DisApiSingletonReceive: processingData: disApi, id=206 - data={"MsgSeqID":20734,"MsgName":"DisReceivedNotify","MsgInfo":{"AppMsgSeqID":53,"Code":10001}}
10-12 11:33:13.042  7494  7516 D LogWriteUtil.class=LogFileHandlerThread.class: 1getFilePath: logFormat=2022-10-12, LogWriteUtil.logPathDir=/custom/metro/log
10-12 11:33:13.042  7494  7516 D LogWriteUtil.class=LogFileHandlerThread.class: 2getFilePath: filePath=/custom/metro/log/2022-10-12
10-12 11:33:13.043  7494  7516 D LogWriteUtil.class=LogFileHandlerThread.class: getFileNameSuffix: file=/custom/metro/log/2022-10-12
10-12 11:33:13.043  7494  7516 D LogWriteUtil.class=LogFileHandlerThread.class: 3getCurrentFileName: logFileName=app14.log
10-12 11:33:13.043  7494  7516 D LogWriteUtil.class=LogFileHandlerThread.class: 1,initFile: getFilePath()=/custom/metro/log/2022-10-12, getCurrentFileName=app14.log
10-12 11:33:13.043  7494  7578 D DisApiSingletonReceive: parseStationAtsData: atsInfo=com.gbcom.library_base.data.StationAtsApiData@c0105e4
10-12 11:33:13.043  7494  7585 D DisApiSingletonReceive: processingDisReceivedNotify: info=DisReceivedNotifyApiData(msgName=DisReceivedNotify, msgSeqID=20734, msgInfo=ReceivedNotifyData(appMsgSeqID=0, code=10001))
10-12 11:33:13.044  7494  7578 D BtrunCConfig: isR2Nubmer is true
10-12 11:33:13.044  7494  7578 D com.ztegota.system.GotaSystem: getMdn +866022013
10-12 11:33:13.044  7494  7578 D TAG     : getUserId: userId2=+866022013
10-12 11:33:13.044  7494  7578 D BtrunCConfig: isR2Nubmer is true
10-12 11:33:13.044  7494  7516 D LogWriteUtil.class=LogFileHandlerThread.class: 1getFilePath: logFormat=2022-10-12, LogWriteUtil.logPathDir=/custom/metro/log
10-12 11:33:13.044  7494  7578 D com.ztegota.system.GotaSystem: getMdn +866022013
10-12 11:33:13.044  7494  7516 D LogWriteUtil.class=LogFileHandlerThread.class: 2getFilePath: filePath=/custom/metro/log/2022-10-12
10-12 11:33:13.044  7494  7578 D TAG     : getUserId: userId2=+866022013
10-12 11:33:13.044  7494  7578 D BtrunCConfig: isR2Nubmer is true
10-12 11:33:13.045  7494  7578 D com.ztegota.system.GotaSystem: getMdn +866022013
10-12 11:33:13.045  7494  7516 D LogWriteUtil.class=LogFileHandlerThread.class: 1getCurrentFileName: LogWriteUtil.logfile=app.log
10-12 11:33:13.045  7494  7578 D TAG     : getUserId: userId2=+866022013
10-12 11:33:13.045  7494  7516 D LogWriteUtil.class=LogFileHandlerThread.class: 1getFilePath: logFormat=2022-10-12, LogWriteUtil.logPathDir=/custom/metro/log
10-12 11:33:13.046  7494  7516 D LogWriteUtil.class=LogFileHandlerThread.class: 2getFilePath: filePath=/custom/metro/log/2022-10-12
10-12 11:33:13.046  7494  7516 D LogWriteUtil.class=LogFileHandlerThread.class: getFileNameSuffix: file=/custom/metro/log/2022-10-12
10-12 11:33:13.046  7494  7516 D LogWriteUtil.class=LogFileHandlerThread.class: 2getCurrentFileName: index=3, LogWriteUtil.logfile=app.log, getFileNameSuffix=14
10-12 11:33:13.047  7494  7516 D LogWriteUtil.class=LogFileHandlerThread.class: 1getFilePath: logFormat=2022-10-12, LogWriteUtil.logPathDir=/custom/metro/log
10-12 11:33:13.047  7494  7516 D LogWriteUtil.class=LogFileHandlerThread.class: 2getFilePath: filePath=/custom/metro/log/2022-10-12
10-12 11:33:13.048  7494  7516 D LogWriteUtil.class=LogFileHandlerThread.class: getFileNameSuffix: file=/custom/metro/log/2022-10-12
10-12 11:33:13.048  7494  7516 D LogWriteUtil.class=LogFileHandlerThread.class: 3getCurrentFileName: logFileName=app14.log
10-12 11:33:13.049  7494  7516 D LogWriteUtil.class=LogFileHandlerThread.class: 1getCurrentFileName: LogWriteUtil.logfile=app.log
10-12 11:33:13.050  7494  7516 D LogWriteUtil.class=LogFileHandlerThread.class: 1getFilePath: logFormat=2022-10-12, LogWriteUtil.logPathDir=/custom/metro/log
10-12 11:33:13.050  7494  7516 D LogWriteUtil.class=LogFileHandlerThread.class: 2getFilePath: filePath=/custom/metro/log/2022-10-12
10-12 11:33:13.050  7494  7516 D LogWriteUtil.class=LogFileHandlerThread.class: getFileNameSuffix: file=/custom/metro/log/2022-10-12
10-12 11:33:13.051  7494  7516 D LogWriteUtil.class=LogFileHandlerThread.class: 2getCurrentFileName: index=3, LogWriteUtil.logfile=app.log, getFileNameSuffix=14
10-12 11:33:13.052  7494  7516 D LogWriteUtil.class=LogFileHandlerThread.class: 1getFilePath: logFormat=2022-10-12, LogWriteUtil.logPathDir=/custom/metro/log
10-12 11:33:13.053  7494  7516 D LogWriteUtil.class=LogFileHandlerThread.class: 2getFilePath: filePath=/custom/metro/log/2022-10-12
10-12 11:33:13.053  7494  7516 D LogWriteUtil.class=LogFileHandlerThread.class: getFileNameSuffix: file=/custom/metro/log/2022-10-12
10-12 11:33:13.053  7494  7516 D LogWriteUtil.class=LogFileHandlerThread.class: 3getCurrentFileName: logFileName=app14.log
10-12 11:33:13.053  7494  7516 D TAG     : 2,initFile: /custom/metro/log/2022-10-12/app14.log, logFile.length=0, getCurrentFileName()=app14.log, writeFileName=/custom/metro/log/2022-10-12/app131665545514234.log
10-12 11:33:13.053  7494  7516 D LogWriteUtil.class=LogFileHandlerThread.class: 8,initFile: logFile=/custom/metro/log/2022-10-12/app14.log, logFile.length=0
10-12 11:33:13.055  7494  7516 D LogWriteUtil.class=LogFileHandlerThread.class: 1getFilePath: logFormat=2022-10-12, LogWriteUtil.logPathDir=/custom/metro/log
10-12 11:33:13.055  7494  7516 D LogWriteUtil.class=LogFileHandlerThread.class: 2getFilePath: filePath=/custom/metro/log/2022-10-12
10-12 11:33:13.055  7494  7516 D LogWriteUtil.class=LogFileHandlerThread.class: 1getCurrentFileName: LogWriteUtil.logfile=app.log
10-12 11:33:13.055  7494  7516 D LogWriteUtil.class=LogFileHandlerThread.class: 1getFilePath: logFormat=2022-10-12, LogWriteUtil.logPathDir=/custom/metro/log
10-12 11:33:13.056  7494  7516 D LogWriteUtil.class=LogFileHandlerThread.class: 2getFilePath: filePath=/custom/metro/log/2022-10-12
10-12 11:33:13.056  7494  7516 D LogWriteUtil.class=LogFileHandlerThread.class: getFileNameSuffix: file=/custom/metro/log/2022-10-12
10-12 11:33:13.056  7494  7516 D LogWriteUtil.class=LogFileHandlerThread.class: 2getCurrentFileName: index=3, LogWriteUtil.logfile=app.log, getFileNameSuffix=14
10-12 11:33:13.057  7494  7516 D LogWriteUtil.class=LogFileHandlerThread.class: 1getFilePath: logFormat=2022-10-12, LogWriteUtil.logPathDir=/custom/metro/log
10-12 11:33:13.057  7494  7516 D LogWriteUtil.class=LogFileHandlerThread.class: 2getFilePath: filePath=/custom/metro/log/2022-10-12
10-12 11:33:13.057  7494  7516 D LogWriteUtil.class=LogFileHandlerThread.class: getFileNameSuffix: file=/custom/metro/log/2022-10-12
10-12 11:33:13.057  7494  7516 D LogWriteUtil.class=LogFileHandlerThread.class: 3getCurrentFileName: logFileName=app14.log
10-12 11:33:13.057  7494  7516 D LogWriteUtil.class=LogFileHandlerThread.class: 1,initFile: getFilePath()=/custom/metro/log/2022-10-12, getCurrentFileName=app14.log
10-12 11:33:13.058  7494  7516 D LogWriteUtil.class=LogFileHandlerThread.class: 1getFilePath: logFormat=2022-10-12, LogWriteUtil.logPathDir=/custom/metro/log
10-12 11:33:13.058  7494  7516 D LogWriteUtil.class=LogFileHandlerThread.class: 2getFilePath: filePath=/custom/metro/log/2022-10-12
10-12 11:33:13.058  7494  7516 D LogWriteUtil.class=LogFileHandlerThread.class: 1getCurrentFileName: LogWriteUtil.logfile=app.log
10-12 11:33:13.059  7494  7516 D LogWriteUtil.class=LogFileHandlerThread.class: 1getFilePath: logFormat=2022-10-12, LogWriteUtil.logPathDir=/custom/metro/log
10-12 11:33:13.059  7494  7516 D LogWriteUtil.class=LogFileHandlerThread.class: 2getFilePath: filePath=/custom/metro/log/2022-10-12
10-12 11:33:13.059  7494  7516 D LogWriteUtil.class=LogFileHandlerThread.class: getFileNameSuffix: file=/custom/metro/log/2022-10-12
10-12 11:33:13.060  7494  7516 D LogWriteUtil.class=LogFileHandlerThread.class: 2getCurrentFileName: index=3, LogWriteUtil.logfile=app.log, getFileNameSuffix=14
10-12 11:33:13.060  7494  7516 D LogWriteUtil.class=LogFileHandlerThread.class: 1getFilePath: logFormat=2022-10-12, LogWriteUtil.logPathDir=/custom/metro/log
10-12 11:33:13.060  7494  7516 D LogWriteUtil.class=LogFileHandlerThread.class: 2getFilePath: filePath=/custom/metro/log/2022-10-12
10-12 11:33:13.060  7494  7516 D LogWriteUtil.class=LogFileHandlerThread.class: getFileNameSuffix: file=/custom/metro/log/2022-10-12
10-12 11:33:13.061  7494  7516 D LogWriteUtil.class=LogFileHandlerThread.class: 3getCurrentFileName: logFileName=app14.log
10-12 11:33:13.061  7494  7516 D LogWriteUtil.class=LogFileHandlerThread.class: 1getCurrentFileName: LogWriteUtil.logfile=app.log
10-12 11:33:13.062  7494  7516 D LogWriteUtil.class=LogFileHandlerThread.class: 1getFilePath: logFormat=2022-10-12, LogWriteUtil.logPathDir=/custom/metro/log
10-12 11:33:13.062  7494  7516 D LogWriteUtil.class=LogFileHandlerThread.class: 2getFilePath: filePath=/custom/metro/log/2022-10-12
10-12 11:33:13.062  7494  7516 D LogWriteUtil.class=LogFileHandlerThread.class: getFileNameSuffix: file=/custom/metro/log/2022-10-12
10-12 11:33:13.063  7494  7516 D LogWriteUtil.class=LogFileHandlerThread.class: 2getCurrentFileName: index=3, LogWriteUtil.logfile=app.log, getFileNameSuffix=14
10-12 11:33:13.063  7494  7516 D LogWriteUtil.class=LogFileHandlerThread.class: 1getFilePath: logFormat=2022-10-12, LogWriteUtil.logPathDir=/custom/metro/log
10-12 11:33:13.063  7494  7516 D LogWriteUtil.class=LogFileHandlerThread.class: 2getFilePath: filePath=/custom/metro/log/2022-10-12
10-12 11:33:13.064  7494  7516 D LogWriteUtil.class=LogFileHandlerThread.class: getFileNameSuffix: file=/custom/metro/log/2022-10-12
10-12 11:33:13.064  7494  7516 D LogWriteUtil.class=LogFileHandlerThread.class: 3getCurrentFileName: logFileName=app14.log
10-12 11:33:13.064  7494  7516 D TAG     : 2,initFile: /custom/metro/log/2022-10-12/app14.log, logFile.length=0, getCurrentFileName()=app14.log, writeFileName=/custom/metro/log/2022-10-12/app131665545514234.log
10-12 11:33:13.064  7494  7516 D LogWriteUtil.class=LogFileHandlerThread.class: 8,initFile: logFile=/custom/metro/log/2022-10-12/app14.log, logFile.length=0
10-12 11:33:13.066  7494  7494 D IndexFragment: initView: applyFxData() - ats=[StationAts(createTime=1665545593, trainGroupNumber=202, serviceNumber=000, trainCrewNumber=000, trainPosition=1, trainRunningPosition=2, railName=T1303, stationID=013, terminalStationID=000, destinationID=000, identityID=+866022013), StationAts(createTime=1665545593, trainGroupNumber=299, serviceNumber=801, trainCrewNumber=000, trainPosition=1, trainRunningPosition=2, railName=T1301, stationID=013, terminalStationID=000, destinationID=000, identityID=+866022013), StationAts(createTime=1665545593, trainGroupNumber=201, serviceNumber=000, trainCrewNumber=000, trainPosition=1, trainRunningPosition=1, railName=T1304, stationID=013, terminalStationID=000, destinationID=000, identityID=+866022013)]
10-12 11:33:13.096   810   810 I MSM-irqbalance: Decided to move IRQ5 from CPU2 [P:0] to CPU7 [P:1] (banned)
10-12 11:33:13.097   810   810 I MSM-irqbalance: Decided to move IRQ3 from CPU3 [P:0] to CPU5 [P:1] (banned)
10-12 11:33:13.098   810   810 I MSM-irqbalance: Decided to move IRQ5 from CPU3 [P:0] to CPU4 [P:1] (banned)
10-12 11:33:13.098   810   810 I MSM-irqbalance: Decided to move IRQ5 from CPU0 [P:0] to CPU6 [P:1] (banned)
10-12 11:33:13.099   810   810 I MSM-irqbalance: Decided to move IRQ5 from CPU1 [P:0] to CPU7 [P:1] (banned)
10-12 11:33:13.117  7494  7578 D MainViewModel: getSystemTime_currentThreadID2: 199
10-12 11:33:13.131  7494  7587 D TAG     : getSystemTime_currentThreadID3s: 208, isActive=true
10-12 11:33:13.226  7494  7559 D UdpMasterServices: udp receive - 1 - gginit api receive data masterApi, udp service id=186 - running=true - message={"MsgName":"HeartBeatReq","MsgSeqID":5325,"MsgInfo":{"Time":1665545592}}
10-12 11:33:13.226  7494  7559 D UdpMasterServices: ++++++++++++++++++++++++++++++++++++++++++++++++++++++++++++++++++++++++++++++++++++
10-12 11:33:13.228  7494  7559 I APP_LogUtils.kt: [(LogUtils.kt:50).i()] [UdpMasterServices] xlog - api receive data disApi, udp service id=186 - running=true - message={"MsgName":"HeartBeatReq","MsgSeqID":5325,"MsgInfo":{"Time":1665545592}}
10-12 11:33:13.229  7494  7559 D UdpMasterServices: receive: data id=186, running=true, msg=null
10-12 11:33:13.229  7494  7559 D UdpMasterServices: udp receive - 1 - gginit api receive data masterApi, udp service id=186 - running=true - message={"MsgName":"GetStatusReq","MsgSeqID":5326,"MsgInfo":{}}
10-12 11:33:13.229  7494  7559 D UdpMasterServices: ++++++++++++++++++++++++++++++++++++++++++++++++++++++++++++++++++++++++++++++++++++
10-12 11:33:13.230  7494  7559 I APP_LogUtils.kt: [(LogUtils.kt:50).i()] [UdpMasterServices] xlog - api receive data disApi, udp service id=186 - running=true - message={"MsgName":"GetStatusReq","MsgSeqID":5326,"MsgInfo":{}}
10-12 11:33:13.232  7494  7516 D LogWriteUtil.class=LogFileHandlerThread.class: 1getFilePath: logFormat=2022-10-12, LogWriteUtil.logPathDir=/custom/metro/log
10-12 11:33:13.232  7494  7559 D UdpMasterServices: receive: data id=186, running=true, msg=null
10-12 11:33:13.232  7494  7516 D LogWriteUtil.class=LogFileHandlerThread.class: 2getFilePath: filePath=/custom/metro/log/2022-10-12
10-12 11:33:13.233  7494  7559 D UdpMasterServices: udp receive - 1 - gginit api receive data masterApi, udp service id=186 - running=true - message={"MsgName":"GetOperLogReq","MsgSeqID":5327,"MsgInfo":{"StartTime":1}}
