10-12 11:33:23.454  7494  7516 D LogWriteUtil.class=LogFileHandlerThread.class: 2getFilePath: filePath=/custom/metro/log/2022-10-12
10-12 11:33:23.455  7494  7516 D LogWriteUtil.class=LogFileHandlerThread.class: getFileNameSuffix: file=/custom/metro/log/2022-10-12
10-12 11:33:23.462  7494  7516 D LogWriteUtil.class=LogFileHandlerThread.class: 2getCurrentFileName: index=3, LogWriteUtil.logfile=app.log, getFileNameSuffix=14
10-12 11:33:23.463  7494  7516 D LogWriteUtil.class=LogFileHandlerThread.class: 1getFilePath: logFormat=2022-10-12, LogWriteUtil.logPathDir=/custom/metro/log
10-12 11:33:23.463  7494  7516 D LogWriteUtil.class=LogFileHandlerThread.class: 2getFilePath: filePath=/custom/metro/log/2022-10-12
10-12 11:33:23.463  7494  7516 D LogWriteUtil.class=LogFileHandlerThread.class: getFileNameSuffix: file=/custom/metro/log/2022-10-12
10-12 11:33:23.464  7494  7516 D LogWriteUtil.class=LogFileHandlerThread.class: 3getCurrentFileName: logFileName=app14.log
10-12 11:33:23.464  7494  7516 D LogWriteUtil.class=LogFileHandlerThread.class: 1,initFile: getFilePath()=/custom/metro/log/2022-10-12, getCurrentFileName=app14.log
10-12 11:33:23.465  7494  7516 D LogWriteUtil.class=LogFileHandlerThread.class: 1getFilePath: logFormat=2022-10-12, LogWriteUtil.logPathDir=/custom/metro/log
10-12 11:33:23.465  7494  7516 D LogWriteUtil.class=LogFileHandlerThread.class: 2getFilePath: filePath=/custom/metro/log/2022-10-12
10-12 11:33:23.465  7494  7516 D LogWriteUtil.class=LogFileHandlerThread.class: 1getCurrentFileName: LogWriteUtil.logfile=app.log
10-12 11:33:23.466  7494  7516 D LogWriteUtil.class=LogFileHandlerThread.class: 1getFilePath: logFormat=2022-10-12, LogWriteUtil.logPathDir=/custom/metro/log
10-12 11:33:23.466  7494  7516 D LogWriteUtil.class=LogFileHandlerThread.class: 2getFilePath: filePath=/custom/metro/log/2022-10-12
10-12 11:33:23.466  7494  7516 D LogWriteUtil.class=LogFileHandlerThread.class: getFileNameSuffix: file=/custom/metro/log/2022-10-12
10-12 11:33:23.466  7494  7516 D LogWriteUtil.class=LogFileHandlerThread.class: 2getCurrentFileName: index=3, LogWriteUtil.logfile=app.log, getFileNameSuffix=14
10-12 11:33:23.467  7494  7516 D LogWriteUtil.class=LogFileHandlerThread.class: 1getFilePath: logFormat=2022-10-12, LogWriteUtil.logPathDir=/custom/metro/log
10-12 11:33:23.467  7494  7516 D LogWriteUtil.class=LogFileHandlerThread.class: 2getFilePath: filePath=/custom/metro/log/2022-10-12
10-12 11:33:23.468  7494  7516 D LogWriteUtil.class=LogFileHandlerThread.class: getFileNameSuffix: file=/custom/metro/log/2022-10-12
10-12 11:33:23.468  7494  7516 D LogWriteUtil.class=LogFileHandlerThread.class: 3getCurrentFileName: logFileName=app14.log
10-12 11:33:23.468  7494  7516 D LogWriteUtil.class=LogFileHandlerThread.class: 1getCurrentFileName: LogWriteUtil.logfile=app.log
10-12 11:33:23.469  7494  7516 D LogWriteUtil.class=LogFileHandlerThread.class: 1getFilePath: logFormat=2022-10-12, LogWriteUtil.logPathDir=/custom/metro/log
10-12 11:33:23.469  7494  7516 D LogWriteUtil.class=LogFileHandlerThread.class: 2getFilePath: filePath=/custom/metro/log/2022-10-12
10-12 11:33:23.469  7494  7516 D LogWriteUtil.class=LogFileHandlerThread.class: getFileNameSuffix: file=/custom/metro/log/2022-10-12
10-12 11:33:23.470  7494  7516 D LogWriteUtil.class=LogFileHandlerThread.class: 2getCurrentFileName: index=3, LogWriteUtil.logfile=app.log, getFileNameSuffix=14
10-12 11:33:23.470  7494  7585 I APP_LogUtils.kt: [(LogUtils.kt:50).i()] [UdpMasterServices] start: send1 - masterApi - thread ID=206 - message={"MsgSeqID":33,"MsgName":"GetStatusRsp","MsgInfo":{"NetMask":"255.255.255.0","DeviceId":"BT-FX300","Gateway":"","SelfCheckFailReason":"","Uptime":8325,"SystemVersion":"TX300-ANDROID-7.1-R0018","AppVersion":"FX400-APK-3.0.1-V1.1.5","SelfCheckStatus":1,"Time":1665545603,"FwVersion":"qualcomm"}}
10-12 11:33:23.470  7494  7516 D LogWriteUtil.class=LogFileHandlerThread.class: 1getFilePath: logFormat=2022-10-12, LogWriteUtil.logPathDir=/custom/metro/log
10-12 11:33:23.470  7494  7516 D LogWriteUtil.class=LogFileHandlerThread.class: 2getFilePath: filePath=/custom/metro/log/2022-10-12
10-12 11:33:23.471  7494  7516 D LogWriteUtil.class=LogFileHandlerThread.class: getFileNameSuffix: file=/custom/metro/log/2022-10-12
10-12 11:33:23.471  7494  7516 D LogWriteUtil.class=LogFileHandlerThread.class: 3getCurrentFileName: logFileName=app14.log
10-12 11:33:23.472  7494  7516 D TAG     : 2,initFile: /custom/metro/log/2022-10-12/app14.log, logFile.length=0, getCurrentFileName()=app14.log, writeFileName=/custom/metro/log/2022-10-12/app131665545514234.log
10-12 11:33:23.472  7494  7516 D LogWriteUtil.class=LogFileHandlerThread.class: 8,initFile: logFile=/custom/metro/log/2022-10-12/app14.log, logFile.length=0
10-12 11:33:23.474  7494  7516 D LogWriteUtil.class=LogFileHandlerThread.class: 1getFilePath: logFormat=2022-10-12, LogWriteUtil.logPathDir=/custom/metro/log
10-12 11:33:23.474  7494  7516 D LogWriteUtil.class=LogFileHandlerThread.class: 2getFilePath: filePath=/custom/metro/log/2022-10-12
10-12 11:33:23.474  7494  7516 D LogWriteUtil.class=LogFileHandlerThread.class: 1getCurrentFileName: LogWriteUtil.logfile=app.log
10-12 11:33:23.475  7494  7516 D LogWriteUtil.class=LogFileHandlerThread.class: 1getFilePath: logFormat=2022-10-12, LogWriteUtil.logPathDir=/custom/metro/log
10-12 11:33:23.475  7494  7516 D LogWriteUtil.class=LogFileHandlerThread.class: 2getFilePath: filePath=/custom/metro/log/2022-10-12
10-12 11:33:23.475  7494  7516 D LogWriteUtil.class=LogFileHandlerThread.class: getFileNameSuffix: file=/custom/metro/log/2022-10-12
10-12 11:33:23.476  7494  7516 D LogWriteUtil.class=LogFileHandlerThread.class: 2getCurrentFileName: index=3, LogWriteUtil.logfile=app.log, getFileNameSuffix=14
10-12 11:33:23.477  7494  7516 D LogWriteUtil.class=LogFileHandlerThread.class: 1getFilePath: logFormat=2022-10-12, LogWriteUtil.logPathDir=/custom/metro/log
10-12 11:33:23.477  7494  7516 D LogWriteUtil.class=LogFileHandlerThread.class: 2getFilePath: filePath=/custom/metro/log/2022-10-12
10-12 11:33:23.477  7494  7516 D LogWriteUtil.class=LogFileHandlerThread.class: getFileNameSuffix: file=/custom/metro/log/2022-10-12
10-12 11:33:23.478  7494  7516 D LogWriteUtil.class=LogFileHandlerThread.class: 3getCurrentFileName: logFileName=app14.log
10-12 11:33:23.478  7494  7516 D LogWriteUtil.class=LogFileHandlerThread.class: 1,initFile: getFilePath()=/custom/metro/log/2022-10-12, getCurrentFileName=app14.log
10-12 11:33:23.478  7494  7516 D LogWriteUtil.class=LogFileHandlerThread.class: 1getFilePath: logFormat=2022-10-12, LogWriteUtil.logPathDir=/custom/metro/log
10-12 11:33:23.479  7494  7516 D LogWriteUtil.class=LogFileHandlerThread.class: 2getFilePath: filePath=/custom/metro/log/2022-10-12
10-12 11:33:23.479  7494  7516 D LogWriteUtil.class=LogFileHandlerThread.class: 1getCurrentFileName: LogWriteUtil.logfile=app.log
10-12 11:33:23.479  7494  7516 D LogWriteUtil.class=LogFileHandlerThread.class: 1getFilePath: logFormat=2022-10-12, LogWriteUtil.logPathDir=/custom/metro/log
10-12 11:33:23.479  7494  7516 D LogWriteUtil.class=LogFileHandlerThread.class: 2getFilePath: filePath=/custom/metro/log/2022-10-12
10-12 11:33:23.480  7494  7516 D LogWriteUtil.class=LogFileHandlerThread.class: getFileNameSuffix: file=/custom/metro/log/2022-10-12
10-12 11:33:23.481  7494  7516 D LogWriteUtil.class=LogFileHandlerThread.class: 2getCurrentFileName: index=3, LogWriteUtil.logfile=app.log, getFileNameSuffix=14
10-12 11:33:23.482  7494  7516 D LogWriteUtil.class=LogFileHandlerThread.class: 1getFilePath: logFormat=2022-10-12, LogWriteUtil.logPathDir=/custom/metro/log
10-12 11:33:23.482  7494  7516 D LogWriteUtil.class=LogFileHandlerThread.class: 2getFilePath: filePath=/custom/metro/log/2022-10-12
10-12 11:33:23.483  7494  7516 D LogWriteUtil.class=LogFileHandlerThread.class: getFileNameSuffix: file=/custom/metro/log/2022-10-12
10-12 11:33:23.483  7494  7516 D LogWriteUtil.class=LogFileHandlerThread.class: 3getCurrentFileName: logFileName=app14.log
10-12 11:33:23.483  7494  7516 D LogWriteUtil.class=LogFileHandlerThread.class: 1getCurrentFileName: LogWriteUtil.logfile=app.log
10-12 11:33:23.484  7494  7516 D LogWriteUtil.class=LogFileHandlerThread.class: 1getFilePath: logFormat=2022-10-12, LogWriteUtil.logPathDir=/custom/metro/log
10-12 11:33:23.485  7494  7516 D LogWriteUtil.class=LogFileHandlerThread.class: 2getFilePath: filePath=/custom/metro/log/2022-10-12
10-12 11:33:23.485  7494  7516 D LogWriteUtil.class=LogFileHandlerThread.class: getFileNameSuffix: file=/custom/metro/log/2022-10-12
10-12 11:33:23.486  7494  7516 D LogWriteUtil.class=LogFileHandlerThread.class: 2getCurrentFileName: index=3, LogWriteUtil.logfile=app.log, getFileNameSuffix=14
10-12 11:33:23.486  7494  7516 D LogWriteUtil.class=LogFileHandlerThread.class: 1getFilePath: logFormat=2022-10-12, LogWriteUtil.logPathDir=/custom/metro/log
10-12 11:33:23.487  7494  7516 D LogWriteUtil.class=LogFileHandlerThread.class: 2getFilePath: filePath=/custom/metro/log/2022-10-12
10-12 11:33:23.487  7494  7516 D LogWriteUtil.class=LogFileHandlerThread.class: getFileNameSuffix: file=/custom/metro/log/2022-10-12
10-12 11:33:23.487  7494  7516 D LogWriteUtil.class=LogFileHandlerThread.class: 3getCurrentFileName: logFileName=app14.log
10-12 11:33:23.487  7494  7516 D TAG     : 2,initFile: /custom/metro/log/2022-10-12/app14.log, logFile.length=0, getCurrentFileName()=app14.log, writeFileName=/custom/metro/log/2022-10-12/app131665545514234.log
10-12 11:33:23.488  7494  7516 D LogWriteUtil.class=LogFileHandlerThread.class: 8,initFile: logFile=/custom/metro/log/2022-10-12/app14.log, logFile.length=0
10-12 11:33:23.490  7494  7516 D LogWriteUtil.class=LogFileHandlerThread.class: 1getFilePath: logFormat=2022-10-12, LogWriteUtil.logPathDir=/custom/metro/log
10-12 11:33:23.490  7494  7516 D LogWriteUtil.class=LogFileHandlerThread.class: 2getFilePath: filePath=/custom/metro/log/2022-10-12
10-12 11:33:23.490  7494  7516 D LogWriteUtil.class=LogFileHandlerThread.class: 1getCurrentFileName: LogWriteUtil.logfile=app.log
10-12 11:33:23.491  7494  7516 D LogWriteUtil.class=LogFileHandlerThread.class: 1getFilePath: logFormat=2022-10-12, LogWriteUtil.logPathDir=/custom/metro/log
10-12 11:33:23.491  7494  7516 D LogWriteUtil.class=LogFileHandlerThread.class: 2getFilePath: filePath=/custom/metro/log/2022-10-12
10-12 11:33:23.491  7494  7516 D LogWriteUtil.class=LogFileHandlerThread.class: getFileNameSuffix: file=/custom/metro/log/2022-10-12
10-12 11:33:23.491  7494  7516 D LogWriteUtil.class=LogFileHandlerThread.class: 2getCurrentFileName: index=3, LogWriteUtil.logfile=app.log, getFileNameSuffix=14
10-12 11:33:23.492  7494  7516 D LogWriteUtil.class=LogFileHandlerThread.class: 1getFilePath: logFormat=2022-10-12, LogWriteUtil.logPathDir=/custom/metro/log
10-12 11:33:23.492  7494  7516 D LogWriteUtil.class=LogFileHandlerThread.class: 2getFilePath: filePath=/custom/metro/log/2022-10-12
10-12 11:33:23.493  7494  7516 D LogWriteUtil.class=LogFileHandlerThread.class: getFileNameSuffix: file=/custom/metro/log/2022-10-12
10-12 11:33:23.493  7494  7516 D LogWriteUtil.class=LogFileHandlerThread.class: 3getCurrentFileName: logFileName=app14.log
10-12 11:33:23.493  7494  7516 D LogWriteUtil.class=LogFileHandlerThread.class: 1,initFile: getFilePath()=/custom/metro/log/2022-10-12, getCurrentFileName=app14.log
10-12 11:33:23.494  7494  7516 D LogWriteUtil.class=LogFileHandlerThread.class: 1getFilePath: logFormat=2022-10-12, LogWriteUtil.logPathDir=/custom/metro/log
10-12 11:33:23.494  7494  7516 D LogWriteUtil.class=LogFileHandlerThread.class: 2getFilePath: filePath=/custom/metro/log/2022-10-12
10-12 11:33:23.494  7494  7516 D LogWriteUtil.class=LogFileHandlerThread.class: 1getCurrentFileName: LogWriteUtil.logfile=app.log
10-12 11:33:23.495  7494  7516 D LogWriteUtil.class=LogFileHandlerThread.class: 1getFilePath: logFormat=2022-10-12, LogWriteUtil.logPathDir=/custom/metro/log
10-12 11:33:23.495  7494  7516 D LogWriteUtil.class=LogFileHandlerThread.class: 2getFilePath: filePath=/custom/metro/log/2022-10-12
10-12 11:33:23.495  7494  7516 D LogWriteUtil.class=LogFileHandlerThread.class: getFileNameSuffix: file=/custom/metro/log/2022-10-12
10-12 11:33:23.496  7494  7516 D LogWriteUtil.class=LogFileHandlerThread.class: 2getCurrentFileName: index=3, LogWriteUtil.logfile=app.log, getFileNameSuffix=14
10-12 11:33:23.496  7494  7516 D LogWriteUtil.class=LogFileHandlerThread.class: 1getFilePath: logFormat=2022-10-12, LogWriteUtil.logPathDir=/custom/metro/log
10-12 11:33:23.497  7494  7516 D LogWriteUtil.class=LogFileHandlerThread.class: 2getFilePath: filePath=/custom/metro/log/2022-10-12
10-12 11:33:23.497  7494  7516 D LogWriteUtil.class=LogFileHandlerThread.class: getFileNameSuffix: file=/custom/metro/log/2022-10-12
10-12 11:33:23.497  7494  7516 D LogWriteUtil.class=LogFileHandlerThread.class: 3getCurrentFileName: logFileName=app14.log
10-12 11:33:23.497  7494  7516 D LogWriteUtil.class=LogFileHandlerThread.class: 1getCurrentFileName: LogWriteUtil.logfile=app.log
10-12 11:33:23.498  7494  7516 D LogWriteUtil.class=LogFileHandlerThread.class: 1getFilePath: logFormat=2022-10-12, LogWriteUtil.logPathDir=/custom/metro/log
10-12 11:33:23.498  7494  7516 D LogWriteUtil.class=LogFileHandlerThread.class: 2getFilePath: filePath=/custom/metro/log/2022-10-12
10-12 11:33:23.499  7494  7516 D LogWriteUtil.class=LogFileHandlerThread.class: getFileNameSuffix: file=/custom/metro/log/2022-10-12
10-12 11:33:23.499  7494  7516 D LogWriteUtil.class=LogFileHandlerThread.class: 2getCurrentFileName: index=3, LogWriteUtil.logfile=app.log, getFileNameSuffix=14
10-12 11:33:23.500  7494  7516 D LogWriteUtil.class=LogFileHandlerThread.class: 1getFilePath: logFormat=2022-10-12, LogWriteUtil.logPathDir=/custom/metro/log
10-12 11:33:23.500  7494  7516 D LogWriteUtil.class=LogFileHandlerThread.class: 2getFilePath: filePath=/custom/metro/log/2022-10-12
10-12 11:33:23.501  7494  7516 D LogWriteUtil.class=LogFileHandlerThread.class: getFileNameSuffix: file=/custom/metro/log/2022-10-12
10-12 11:33:23.502  7494  7516 D LogWriteUtil.class=LogFileHandlerThread.class: 3getCurrentFileName: logFileName=app14.log
10-12 11:33:23.502  7494  7516 D TAG     : 2,initFile: /custom/metro/log/2022-10-12/app14.log, logFile.length=0, getCurrentFileName()=app14.log, writeFileName=/custom/metro/log/2022-10-12/app131665545514234.log
10-12 11:33:23.502  7494  7516 D LogWriteUtil.class=LogFileHandlerThread.class: 8,initFile: logFile=/custom/metro/log/2022-10-12/app14.log, logFile.length=0
10-12 11:33:23.504  7494  7516 D LogWriteUtil.class=LogFileHandlerThread.class: 1getFilePath: logFormat=2022-10-12, LogWriteUtil.logPathDir=/custom/metro/log
10-12 11:33:23.504  7494  7516 D LogWriteUtil.class=LogFileHandlerThread.class: 2getFilePath: filePath=/custom/metro/log/2022-10-12
10-12 11:33:23.504  7494  7516 D LogWriteUtil.class=LogFileHandlerThread.class: 1getCurrentFileName: LogWriteUtil.logfile=app.log
10-12 11:33:23.506  7494  7516 D LogWriteUtil.class=LogFileHandlerThread.class: 1getFilePath: logFormat=2022-10-12, LogWriteUtil.logPathDir=/custom/metro/log
10-12 11:33:23.506  7494  7516 D LogWriteUtil.class=LogFileHandlerThread.class: 2getFilePath: filePath=/custom/metro/log/2022-10-12
10-12 11:33:23.506  7494  7516 D LogWriteUtil.class=LogFileHandlerThread.class: getFileNameSuffix: file=/custom/metro/log/2022-10-12
10-12 11:33:23.506  7494  7516 D LogWriteUtil.class=LogFileHandlerThread.class: 2getCurrentFileName: index=3, LogWriteUtil.logfile=app.log, getFileNameSuffix=14
10-12 11:33:23.507  7494  7516 D LogWriteUtil.class=LogFileHandlerThread.class: 1getFilePath: logFormat=2022-10-12, LogWriteUtil.logPathDir=/custom/metro/log
10-12 11:33:23.508  7494  7516 D LogWriteUtil.class=LogFileHandlerThread.class: 2getFilePath: filePath=/custom/metro/log/2022-10-12
10-12 11:33:23.508  7494  7516 D LogWriteUtil.class=LogFileHandlerThread.class: getFileNameSuffix: file=/custom/metro/log/2022-10-12
10-12 11:33:23.508  7494  7516 D LogWriteUtil.class=LogFileHandlerThread.class: 3getCurrentFileName: logFileName=app14.log
10-12 11:33:23.508  7494  7516 D LogWriteUtil.class=LogFileHandlerThread.class: 1,initFile: getFilePath()=/custom/metro/log/2022-10-12, getCurrentFileName=app14.log
10-12 11:33:23.509  7494  7516 D LogWriteUtil.class=LogFileHandlerThread.class: 1getFilePath: logFormat=2022-10-12, LogWriteUtil.logPathDir=/custom/metro/log
10-12 11:33:23.509  7494  7516 D LogWriteUtil.class=LogFileHandlerThread.class: 2getFilePath: filePath=/custom/metro/log/2022-10-12
10-12 11:33:23.509  7494  7516 D LogWriteUtil.class=LogFileHandlerThread.class: 1getCurrentFileName: LogWriteUtil.logfile=app.log
10-12 11:33:23.510  7494  7516 D LogWriteUtil.class=LogFileHandlerThread.class: 1getFilePath: logFormat=2022-10-12, LogWriteUtil.logPathDir=/custom/metro/log
10-12 11:33:23.510  7494  7516 D LogWriteUtil.class=LogFileHandlerThread.class: 2getFilePath: filePath=/custom/metro/log/2022-10-12
10-12 11:33:23.510  7494  7516 D LogWriteUtil.class=LogFileHandlerThread.class: getFileNameSuffix: file=/custom/metro/log/2022-10-12
10-12 11:33:23.511  7494  7516 D LogWriteUtil.class=LogFileHandlerThread.class: 2getCurrentFileName: index=3, LogWriteUtil.logfile=app.log, getFileNameSuffix=14
10-12 11:33:23.512  7494  7516 D LogWriteUtil.class=LogFileHandlerThread.class: 1getFilePath: logFormat=2022-10-12, LogWriteUtil.logPathDir=/custom/metro/log
10-12 11:33:23.512  7494  7516 D LogWriteUtil.class=LogFileHandlerThread.class: 2getFilePath: filePath=/custom/metro/log/2022-10-12
10-12 11:33:23.513  7494  7516 D LogWriteUtil.class=LogFileHandlerThread.class: getFileNameSuffix: file=/custom/metro/log/2022-10-12
10-12 11:33:23.513  7494  7516 D LogWriteUtil.class=LogFileHandlerThread.class: 3getCurrentFileName: logFileName=app14.log
10-12 11:33:23.513  7494  7516 D LogWriteUtil.class=LogFileHandlerThread.class: 1getCurrentFileName: LogWriteUtil.logfile=app.log
10-12 11:33:23.514  7494  7516 D LogWriteUtil.class=LogFileHandlerThread.class: 1getFilePath: logFormat=2022-10-12, LogWriteUtil.logPathDir=/custom/metro/log
10-12 11:33:23.514  7494  7516 D LogWriteUtil.class=LogFileHandlerThread.class: 2getFilePath: filePath=/custom/metro/log/2022-10-12
10-12 11:33:23.514  7494  7516 D LogWriteUtil.class=LogFileHandlerThread.class: getFileNameSuffix: file=/custom/metro/log/2022-10-12
10-12 11:33:23.515  7494  7516 D LogWriteUtil.class=LogFileHandlerThread.class: 2getCurrentFileName: index=3, LogWriteUtil.logfile=app.log, getFileNameSuffix=14
10-12 11:33:23.516  7494  7516 D LogWriteUtil.class=LogFileHandlerThread.class: 1getFilePath: logFormat=2022-10-12, LogWriteUtil.logPathDir=/custom/metro/log
10-12 11:33:23.516  7494  7516 D LogWriteUtil.class=LogFileHandlerThread.class: 2getFilePath: filePath=/custom/metro/log/2022-10-12
10-12 11:33:23.516  7494  7516 D LogWriteUtil.class=LogFileHandlerThread.class: getFileNameSuffix: file=/custom/metro/log/2022-10-12
10-12 11:33:23.516  7494  7516 D LogWriteUtil.class=LogFileHandlerThread.class: 3getCurrentFileName: logFileName=app14.log
10-12 11:33:23.516  7494  7516 D TAG     : 2,initFile: /custom/metro/log/2022-10-12/app14.log, logFile.length=0, getCurrentFileName()=app14.log, writeFileName=/custom/metro/log/2022-10-12/app131665545514234.log
10-12 11:33:23.517  7494  7516 D LogWriteUtil.class=LogFileHandlerThread.class: 8,initFile: logFile=/custom/metro/log/2022-10-12/app14.log, logFile.length=0
10-12 11:33:23.517  7494  7494 D SystemFragment: onClickview: 2131230883
10-12 11:33:23.521   640  7045 I AudioPolicyManagerCustom: FLAG None hence request for a primary output
10-12 11:33:23.522   640  4965 I AudioPolicyManagerCustom: FLAG None hence request for a primary output
10-12 11:33:23.525  7494  7494 D GroupHelper: getGroupByNumber : group nuber is +866027313
10-12 11:33:23.527  7494  7494 V GroupHelper: getGroupByNumber result cursor: android.content.ContentResolver$CursorWrapperInner@d6f24d2
10-12 11:33:23.531  7494  7494 D GroupHelper: modifyGroup : target group name is S2
10-12 11:33:23.531  7494  7548 D GotaSystemHandler: handleMessage msg.what =GROUPMANAGER_RESP_UPDATE_SCAN_GROUP;msg.arg1=0
10-12 11:33:23.531  7494  7548 D LTEPhone: processRequest msg.what=GROUPMANAGER_RESP_UPDATE_SCAN_GROUP
10-12 11:33:23.532  7494  7548 D LTEGroupManager: LteGroupTracker handleMessage: GROUPMANAGER_RESP_UPDATE_SCAN_GROUP
10-12 11:33:23.532  7494  7548 D LTEGroupManager: updateScanGroupInfo()
10-12 11:33:23.532  7494  7548 D GroupStatusNormal: setScanGroup,scanInfo:cause:2,count:1,+866027313 
10-12 11:33:23.546  7494  7558 D UdpDisServices: udp receive - api receive data disApi, udp service id=185  - udp.packet.address=/172.2.208.8, udp.pack.socketAddress=/172.2.208.8:64002, udp.port=64002- running=true - message={"MsgSeqID":20733,"MsgName":"GetStationATSRsp","MsgInfo":{"Code":10011,"StationATSInfos":[{"TrainGroupNumber":"202","ServiceNumber":"000","TrainCrewNumber":"000","TrainPosition":"1","TrainRunningPosition":"2","RailName":"T1303","StationID":"013","TerminalStationID":"000","DestinationID":"000"},{"TrainGroupNumber":"299","ServiceNumber":"801","TrainCrewNumber":"000","TrainPosition":"1","TrainRunningPosition":"2","RailName":"T1301","StationID":"013","TerminalStationID":"000","DestinationID":"000"},{"TrainGroupNumber":"201","ServiceNumber":"000","TrainCrewNumber":"000","TrainPosition":"1","TrainRunningPosition":"1","RailName":"T1304","StationID":"013","TerminalStationID":"000","DestinationID":"000"}]}}
10-12 11:33:23.546  7494  7558 I APP_LogUtils.kt: [(LogUtils.kt:50).i()] [UdpDisServices] udp receive - api receive data disApi, udp service id=185 - running=true  - ip=/172.2.208.8 - port=64002 - message={"MsgSeqID":20733,"MsgName":"GetStationATSRsp","MsgInfo":{"Code":10011,"StationATSInfos":[{"TrainGroupNumber":"202","ServiceNumber":"000","TrainCrewNumber":"000","TrainPosition":"1","TrainRunningPosition":"2","RailName":"T1303","StationID":"013","TerminalStationID":"000","DestinationID":"000"},{"TrainGroupNumber":"299","ServiceNumber":"801","TrainCrewNumber":"000","TrainPosition":"1","TrainRunningPosition":"2","RailName":"T1301","StationID":"013","TerminalStationID":"000","DestinationID":"000"},{"TrainGroupNumber":"201","ServiceNumber":"000","TrainCrewNumber":"000","TrainPosition":"1","TrainRunningPosition":"1","RailName":"T1304","StationID":"013","TerminalStationID":"000","DestinationID":"000"}]}}
10-12 11:33:23.547  7494  7516 D LogWriteUtil.class=LogFileHandlerThread.class: 1getFilePath: logFormat=2022-10-12, LogWriteUtil.logPathDir=/custom/metro/log
10-12 11:33:23.548  7494  7516 D LogWriteUtil.class=LogFileHandlerThread.class: 2getFilePath: filePath=/custom/metro/log/2022-10-12
10-12 11:33:23.548  7494  7516 D LogWriteUtil.class=LogFileHandlerThread.class: 1getCurrentFileName: LogWriteUtil.logfile=app.log
10-12 11:33:23.548  7494  7516 D LogWriteUtil.class=LogFileHandlerThread.class: 1getFilePath: logFormat=2022-10-12, LogWriteUtil.logPathDir=/custom/metro/log
10-12 11:33:23.548  7494  7516 D LogWriteUtil.class=LogFileHandlerThread.class: 2getFilePath: filePath=/custom/metro/log/2022-10-12
10-12 11:33:23.549  7494  7516 D LogWriteUtil.class=LogFileHandlerThread.class: getFileNameSuffix: file=/custom/metro/log/2022-10-12
10-12 11:33:23.549  7494  7516 D LogWriteUtil.class=LogFileHandlerThread.class: 2getCurrentFileName: index=3, LogWriteUtil.logfile=app.log, getFileNameSuffix=14
10-12 11:33:23.550  7494  7516 D LogWriteUtil.class=LogFileHandlerThread.class: 1getFilePath: logFormat=2022-10-12, LogWriteUtil.logPathDir=/custom/metro/log
10-12 11:33:23.550  7494  7516 D LogWriteUtil.class=LogFileHandlerThread.class: 2getFilePath: filePath=/custom/metro/log/2022-10-12
10-12 11:33:23.550  7494  7516 D LogWriteUtil.class=LogFileHandlerThread.class: getFileNameSuffix: file=/custom/metro/log/2022-10-12
10-12 11:33:23.552  7494  7516 D LogWriteUtil.class=LogFileHandlerThread.class: 3getCurrentFileName: logFileName=app14.log
10-12 11:33:23.552  7494  7516 D LogWriteUtil.class=LogFileHandlerThread.class: 1,initFile: getFilePath()=/custom/metro/log/2022-10-12, getCurrentFileName=app14.log
10-12 11:33:23.553  7494  7516 D LogWriteUtil.class=LogFileHandlerThread.class: 1getFilePath: logFormat=2022-10-12, LogWriteUtil.logPathDir=/custom/metro/log
10-12 11:33:23.553  7494  7516 D LogWriteUtil.class=LogFileHandlerThread.class: 2getFilePath: filePath=/custom/metro/log/2022-10-12
10-12 11:33:23.553  7494  7516 D LogWriteUtil.class=LogFileHandlerThread.class: 1getCurrentFileName: LogWriteUtil.logfile=app.log
10-12 11:33:23.554  7494  7516 D LogWriteUtil.class=LogFileHandlerThread.class: 1getFilePath: logFormat=2022-10-12, LogWriteUtil.logPathDir=/custom/metro/log
10-12 11:33:23.554  7494  7516 D LogWriteUtil.class=LogFileHandlerThread.class: 2getFilePath: filePath=/custom/metro/log/2022-10-12
10-12 11:33:23.554  7494  7516 D LogWriteUtil.class=LogFileHandlerThread.class: getFileNameSuffix: file=/custom/metro/log/2022-10-12
10-12 11:33:23.555  7494  7516 D LogWriteUtil.class=LogFileHandlerThread.class: 2getCurrentFileName: index=3, LogWriteUtil.logfile=app.log, getFileNameSuffix=14
10-12 11:33:23.555  7494  7516 D LogWriteUtil.class=LogFileHandlerThread.class: 1getFilePath: logFormat=2022-10-12, LogWriteUtil.logPathDir=/custom/metro/log
10-12 11:33:23.555  7494  7516 D LogWriteUtil.class=LogFileHandlerThread.class: 2getFilePath: filePath=/custom/metro/log/2022-10-12
10-12 11:33:23.555  7494  7516 D LogWriteUtil.class=LogFileHandlerThread.class: getFileNameSuffix: file=/custom/metro/log/2022-10-12
10-12 11:33:23.556  7494  7516 D LogWriteUtil.class=LogFileHandlerThread.class: 3getCurrentFileName: logFileName=app14.log
10-12 11:33:23.556  7494  7548 D GroupStatusNormal: setScanGroup,DynamicGroup in db null,do nothing
10-12 11:33:23.556  7494  7516 D LogWriteUtil.class=LogFileHandlerThread.class: 1getCurrentFileName: LogWriteUtil.logfile=app.log
10-12 11:33:23.556  7494  7548 D GroupStatusNormal: updateScanGroupInfo() callStaus is 0
10-12 11:33:23.556  7494  7494 D GroupHelper: modifyGroup : target group name is S2
10-12 11:33:23.556  7494  7548 D LTEGroupManager: switch group status GroupStatusNormal -----> GroupStatusSetScan
10-12 11:33:23.556  7494  7548 D LTERILJ : [0057]> RIL_REQUEST_ZTE_UPDATE_SCANGROUPINFO
10-12 11:33:23.557  7494  7516 D LogWriteUtil.class=LogFileHandlerThread.class: 1getFilePath: logFormat=2022-10-12, LogWriteUtil.logPathDir=/custom/metro/log
10-12 11:33:23.557  7494  7516 D LogWriteUtil.class=LogFileHandlerThread.class: 2getFilePath: filePath=/custom/metro/log/2022-10-12
10-12 11:33:23.557  7494  7516 D LogWriteUtil.class=LogFileHandlerThread.class: getFileNameSuffix: file=/custom/metro/log/2022-10-12
10-12 11:33:23.557  7494  7516 D LogWriteUtil.class=LogFileHandlerThread.class: 2getCurrentFileName: index=3, LogWriteUtil.logfile=app.log, getFileNameSuffix=14
10-12 11:33:23.559  7494  7516 D LogWriteUtil.class=LogFileHandlerThread.class: 1getFilePath: logFormat=2022-10-12, LogWriteUtil.logPathDir=/custom/metro/log
10-12 11:33:23.559  7494  7516 D LogWriteUtil.class=LogFileHandlerThread.class: 2getFilePath: filePath=/custom/metro/log/2022-10-12
10-12 11:33:23.559  7494  7516 D LogWriteUtil.class=LogFileHandlerThread.class: getFileNameSuffix: file=/custom/metro/log/2022-10-12
10-12 11:33:23.559  7494  7516 D LogWriteUtil.class=LogFileHandlerThread.class: 3getCurrentFileName: logFileName=app14.log
10-12 11:33:23.559  7494  7516 D TAG     : 2,initFile: /custom/metro/log/2022-10-12/app14.log, logFile.length=0, getCurrentFileName()=app14.log, writeFileName=/custom/metro/log/2022-10-12/app131665545514234.log
10-12 11:33:23.560  7494  7516 D LogWriteUtil.class=LogFileHandlerThread.class: 8,initFile: logFile=/custom/metro/log/2022-10-12/app14.log, logFile.length=0
10-12 11:33:23.579  7494  7494 D GroupHelper: modifyGroup : target group name is S2
10-12 11:33:23.600  7494  7494 D GroupHelper: modifyGroup : target group name is S2
10-12 11:33:23.613  7494  7551 D LTERILJ : [0057]< RIL_REQUEST_ZTE_UPDATE_SCANGROUPINFO 
10-12 11:33:23.625   640  1055 D audio_hw_primary: out_set_parameters: enter: usecase(1: low-latency-playback) kvpairs: routing=2
10-12 11:33:23.625   640  1055 D audio_hw_extn: audio_extn_set_anc_parameters: anc_enabled:0
10-12 11:33:23.625   640  1055 D audio_hw_spkr_prot: audio_extn_fbsp_set_parameters: Speaker protection disabled
10-12 11:33:23.627  7494  7494 D GotaSettingsHelper: String putValues key:4 value:2
10-12 11:33:23.627  7494  7494 E SettingsProvider: update
10-12 11:33:23.630   640  1055 D audio_hw_primary: start_output_stream: enter: stream(0xf2637800)usecase(1: low-latency-playback) devices(0x2)
10-12 11:33:23.631   445  2276 E ANDR-PERF-MPCTL: Invalid profile no. 0, total profiles 0 only
10-12 11:33:23.631   640  1055 D audio_hw_primary: select_devices for use case (low-latency-playback)
10-12 11:33:23.631   640  1055 D audio_hw_primary: select_devices: out_snd_device(2: speaker) in_snd_device(0: )
10-12 11:33:23.631   640  1055 I msm8916_platform: platform_check_and_set_codec_backend_cfg:becf: afe: bitwidth 16, samplerate 48000 channels 2, backend_idx 0 usecase = 1 device (speaker)
10-12 11:33:23.631   640  1055 D msm8916_platform: platform_can_split_snd_device: snd_device(2) num devices(1) new_snd_devices(999836)
10-12 11:33:23.631   640  1055 I msm8916_platform: platform_check_and_set_codec_backend_cfg: becf: new_snd_devices[0] is speaker
10-12 11:33:23.631   640  1055 I msm8916_platform: platform_check_codec_backend_cfg:becf: afe: Codec selected backend: 0 current bit width: 16 sample rate: 48000 channels: 2
10-12 11:33:23.631   640  1055 D msm8916_platform: platform_check_codec_backend_cfg:becf: afe: playback on non-44.1-support device Configure afe to default Sample Rate(48k)
10-12 11:33:23.631   640  1055 D msm8916_platform: platform_check_codec_backend_cfg:becf: afe: only 48KHZ sample rate is supported Configure afe to default Sample Rate(48k)
10-12 11:33:23.631   640  1055 I msm8916_platform: platform_check_codec_backend_cfg:becf: afe: Codec selected backend: 0 updated bit width: 16 and sample rate: 48000
10-12 11:33:23.631   640  1055 D audio_hw_primary: check_usecases_codec_backend:becf: force routing 0
10-12 11:33:23.631   640  1055 E msm8916_platform: platform_check_backends_match: Invalid snd_device = 
10-12 11:33:23.632   640  1055 D audio_hw_primary: check_usecases_codec_backend:becf: (40) check_usecases curr device: speaker, usecase device: backends match 0
10-12 11:33:23.632   640  1055 D audio_hw_primary: check_usecases_codec_backend:becf: check_usecases num.of Usecases to switch 0
10-12 11:33:23.632   640  1055 D hardware_info: hw_info_append_hw_type : device_name = speaker
10-12 11:33:23.632   640  1055 D msm8916_platform: platform_can_split_snd_device: snd_device(2) num devices(0) new_snd_devices(0)
10-12 11:33:23.632   640  1055 D audio_hw_primary: enable_snd_device: snd_device(2: speaker)
10-12 11:33:23.632   640  1055 I soundtrigger: audio_extn_sound_trigger_update_device_status: device 0x2 of type 0 for Event 1, with Raise=0
10-12 11:33:23.632   640  1055 D aud_dev_arbi: acquireOneDevice: device owner for device 2 is 1
10-12 11:33:23.648   640  1055 I audio_hw_primary: select_devices Selected apptype: 69937
10-12 11:33:23.648   640  1055 D soundtrigger: audio_extn_sound_trigger_update_stream_status: uc_id 1 of type 0 for Event 3, with Raise=0
10-12 11:33:23.649   640  1055 I audio_hw_utils: audio_extn_utils_send_app_type_cfg PLAYBACK app_type = 69937, acdb_dev_id = 14, sample_rate = 48000
10-12 11:33:23.650   640  1055 D msm8916_platform: platform_can_split_snd_device: snd_device(2) num devices(1) new_snd_devices(0)
10-12 11:33:23.650   640  1055 D ACDB-LOADER: ACDB -> send_audio_cal, acdb_id = 14, path = 0, app id = 0x11131, sample rate = 48000
10-12 11:33:23.650   640  1055 D ACDB-LOADER: ACDB -> send_asm_topology
10-12 11:33:23.650   640  1055 D ACDB-LOADER: ACDB -> ACDB_CMD_GET_AUDPROC_STREAM_TOPOLOGY_ID
10-12 11:33:23.650   640  1055 D ACDB-LOADER: ACDB -> send_adm_topology
10-12 11:33:23.650   640  1055 D ACDB-LOADER: ACDB -> ACDB_CMD_GET_AUDPROC_COMMON_TOPOLOGY_ID
10-12 11:33:23.650   640  1055 D ACDB-LOADER: ACDB -> send_audtable
10-12 11:33:23.650   640  1055 D ACDB-LOADER: ACDB -> ACDB_CMD_GET_AUDPROC_COMMON_TABLE_SIZE
10-12 11:33:23.650   640  1055 D ACDB-LOADER: ACDB -> ACDB_CMD_GET_AUDPROC_COMMON_TABLE
10-12 11:33:23.650   640  1055 D ACDB-LOADER: ACDB -> AUDIO_SET_AUDPROC_CAL
10-12 11:33:23.650   640  1055 D ACDB-LOADER: ACDB -> send_audvoltable
10-12 11:33:23.650   640  1055 D ACDB-LOADER: ACDB -> ACDB_CMD_GET_AUDPROC_GAIN_DEP_STEP_TABLE, vol index 0
10-12 11:33:23.650   640  1055 D ACDB-LOADER: ACDB -> AUDIO_SET_VOL_CAL cal type = 12
10-12 11:33:23.650   640  1055 D ACDB-LOADER: ACDB -> send_audstrmtable
10-12 11:33:23.650   640  1055 D ACDB-LOADER: ACDB -> ACDB_CMD_GET_AUDPROC_STREAM_TABLE_V2
10-12 11:33:23.650   640  1055 D ACDB-LOADER: ACDB -> audstrm_cal->cal_type.cal_data.cal_size = 16
10-12 11:33:23.650   640  1055 D ACDB-LOADER: ACDB -> send_afe_topology
10-12 11:33:23.650   640  1055 D ACDB-LOADER: ACDB -> ACDB_CMD_GET_AFE_TOPOLOGY_ID
10-12 11:33:23.650   640  1055 D ACDB-LOADER: ACDB -> GET_AFE_TOPOLOGY_ID for adcd_id 14, Topology Id 1025e
10-12 11:33:23.650   640  1055 D ACDB-LOADER: ACDB -> send_afe_cal
10-12 11:33:23.650   640  1055 D ACDB-LOADER: ACDB -> ACDB_CMD_GET_AFE_COMMON_TABLE
10-12 11:33:23.650  7494  7494 D MainActivity: onMessageEvent  -- gginit: disApi, id=1---event={"MsgSeqID":20733,"MsgName":"GetStationATSRsp","MsgInfo":{"Code":10011,"StationATSInfos":[{"TrainGroupNumber":"202","ServiceNumber":"000","TrainCrewNumber":"000","TrainPosition":"1","TrainRunningPosition":"2","RailName":"T1303","StationID":"013","TerminalStationID":"000","DestinationID":"000"},{"TrainGroupNumber":"299","ServiceNumber":"801","TrainCrewNumber":"000","TrainPosition":"1","TrainRunningPosition":"2","RailName":"T1301","StationID":"013","TerminalStationID":"000","DestinationID":"000"},{"TrainGroupNumber":"201","ServiceNumber":"000","TrainCrewNumber":"000","TrainPosition":"1","TrainRunningPosition":"1","RailName":"T1304","StationID":"013","TerminalStationID":"000","DestinationID":"000"}]}}
10-12 11:33:23.650   640  1055 D ACDB-LOADER: ACDB -> AUDIO_SET_AFE_CAL
10-12 11:33:23.651   640  1055 D ACDB-LOADER: ACDB -> send_hw_delay : acdb_id = 14 path = 0
10-12 11:33:23.650  7494  7494 D MainViewModel: 1processDisApi: disApi, id=1
10-12 11:33:23.651   640  1055 D ACDB-LOADER: ACDB -> ACDB_AVSYNC_INFO: ACDB_CMD_GET_DEVICE_PROPERTY
10-12 11:33:23.651   640  1055 D audio_hw_primary: enable_audio_route: apply mixer and update path: low-latency-playback
10-12 11:33:23.652  7494  7585 D DisApiSingletonReceive: processingData: disApi, id=206 - data={"MsgSeqID":20733,"MsgName":"GetStationATSRsp","MsgInfo":{"Code":10011,"StationATSInfos":[{"TrainGroupNumber":"202","ServiceNumber":"000","TrainCrewNumber":"000","TrainPosition":"1","TrainRunningPosition":"2","RailName":"T1303","StationID":"013","TerminalStationID":"000","DestinationID":"000"},{"TrainGroupNumber":"299","ServiceNumber":"801","TrainCrewNumber":"000","TrainPosition":"1","TrainRunningPosition":"2","RailName":"T1301","StationID":"013","TerminalStationID":"000","DestinationID":"000"},{"TrainGroupNumber":"201","ServiceNumber":"000","TrainCrewNumber":"000","TrainPosition":"1","TrainRunningPosition":"1","RailName":"T1304","StationID":"013","TerminalStationID":"000","DestinationID":"000"}]}}
10-12 11:33:23.654  7494  7585 D DisApiSingletonReceive: parseStationAtsData: atsInfo=com.gbcom.library_base.data.StationAtsApiData@1f6d9a3
10-12 11:33:23.655  7494  7585 D BtrunCConfig: isR2Nubmer is true
10-12 11:33:23.655  7494  7585 D com.ztegota.system.GotaSystem: getMdn +866022013
10-12 11:33:23.655  7494  7585 D TAG     : getUserId: userId2=+866022013
10-12 11:33:23.655  7494  7585 D BtrunCConfig: isR2Nubmer is true
10-12 11:33:23.655  7494  7585 D com.ztegota.system.GotaSystem: getMdn +866022013
10-12 11:33:23.655  7494  7585 D TAG     : getUserId: userId2=+866022013
10-12 11:33:23.655  7494  7585 D BtrunCConfig: isR2Nubmer is true
10-12 11:33:23.655  7494  7585 D com.ztegota.system.GotaSystem: getMdn +866022013
10-12 11:33:23.655  7494  7585 D TAG     : getUserId: userId2=+866022013
10-12 11:33:23.655   640  1055 D audio_hw_primary: select_devices: done
10-12 11:33:23.660   640  1055 D msm8916_platform: platform_set_channel_map mixer_ctl_name:Playback Channel Map12
10-12 11:33:23.661   640  1055 D msm8916_platform: platform_set_channel_map: set mapping(1 2 0 0 0 0 0 0) for channel:2
10-12 11:33:23.669  7494  7494 D IndexFragment: initView: applyFxData() - ats=[StationAts(createTime=1665545603, trainGroupNumber=202, serviceNumber=000, trainCrewNumber=000, trainPosition=1, trainRunningPosition=2, railName=T1303, stationID=013, terminalStationID=000, destinationID=000, identityID=+866022013), StationAts(createTime=1665545603, trainGroupNumber=299, serviceNumber=801, trainCrewNumber=000, trainPosition=1, trainRunningPosition=2, railName=T1301, stationID=013, terminalStationID=000, destinationID=000, identityID=+866022013), StationAts(createTime=1665545603, trainGroupNumber=201, serviceNumber=000, trainCrewNumber=000, trainPosition=1, trainRunningPosition=1, railName=T1304, stationID=013, terminalStationID=000, destinationID=000, identityID=+866022013)]
10-12 11:33:23.670  7494  7551 I LTERILJ : XXX set ScanInfo success
10-12 11:33:23.671  7494  7551 D LTERILJ : [UNSL]< RIL_UNSOL_NOTIFY_PTT_SCAN_INFO_RSP
10-12 11:33:23.671  7494  7552 D LTEGroupManager: LteGroupTracker handleMessage: GROUPMANAGER_RESP_UPDATE_SCAN_RSP
10-12 11:33:23.671  7494  7552 D GroupStatusSetScan: handleUpdateScan result is 0
10-12 11:33:23.676  7494  7552 D LTEGroupManager: switch group status GroupStatusSetScan -----> GroupStatusNormal
10-12 11:33:23.676  7494  7552 D GroupStatusSetScan: handleUpdateScan in:cause:2,count:1,+866027313  out:cause:2,count:1,+866027313 
10-12 11:33:23.676  7494  7552 D GroupStatusSetScan: handleUpdateScan in equals out, set scaninfo done.
10-12 11:33:23.727   640  1055 D audio_hw_primary: start_output_stream: exit
10-12 11:33:23.757  7494  7585 D MainViewModel: getSystemTime_currentThreadID2: 206
10-12 11:33:23.805  7494  7587 D TAG     : getSystemTime_currentThreadID3s: 208, isActive=true
10-12 11:33:23.854  7494  7494 D SystemFragment: onClickview: 2131230883
10-12 11:33:23.856   640  4967 I AudioPolicyManagerCustom: FLAG None hence request for a primary output
10-12 11:33:23.858   640  1695 I AudioPolicyManagerCustom: FLAG None hence request for a primary output
10-12 11:33:23.864  7494  7494 D GroupHelper: getGroupByNumber : group nuber is +866027313
10-12 11:33:23.867  7494  7494 V GroupHelper: getGroupByNumber result cursor: android.content.ContentResolver$CursorWrapperInner@433115
10-12 11:33:23.920  7494  7551 I rilj    : EMCI Detial(CellId--->Tav): 5889,255,2,"46009",255,65535,59,65535,255,255,58,28,16,255,1202590897205,0,0,0,0,0,0,0,0
10-12 11:33:23.920  7494  7551 D LTERILJ : [UNSL]< RIL_UNSOL_NOTIFY_EMCI_DETAIL
10-12 11:33:23.921  7494  7548 D LTEPhone: EVENT_FOR_EMCI_DETAIL
10-12 11:33:23.921  7494  7548 D LTEServiceTracker: setCellId cellId:5889,"46009"
10-12 11:33:23.922  7494  7494 I APP_LogUtils.kt: [(LogUtils.kt:50).i()] [com.gbcom.library_base.service.LLteService] lte_resp_sys_for_emci_detail - EmciDetail=com.ztegota.system.common.EmciDetail@ce7c2a
10-12 11:33:23.924  7494  7516 D LogWriteUtil.class=LogFileHandlerThread.class: 1getFilePath: logFormat=2022-10-12, LogWriteUtil.logPathDir=/custom/metro/log
10-12 11:33:23.924  7494  7516 D LogWriteUtil.class=LogFileHandlerThread.class: 2getFilePath: filePath=/custom/metro/log/2022-10-12
10-12 11:33:23.925  7494  7516 D LogWriteUtil.class=LogFileHandlerThread.class: 1getCurrentFileName: LogWriteUtil.logfile=app.log
10-12 11:33:23.927  7494  7516 D LogWriteUtil.class=LogFileHandlerThread.class: 1getFilePath: logFormat=2022-10-12, LogWriteUtil.logPathDir=/custom/metro/log
10-12 11:33:23.927  7494  7516 D LogWriteUtil.class=LogFileHandlerThread.class: 2getFilePath: filePath=/custom/metro/log/2022-10-12
10-12 11:33:23.927  7494  7516 D LogWriteUtil.class=LogFileHandlerThread.class: getFileNameSuffix: file=/custom/metro/log/2022-10-12
10-12 11:33:23.928  7494  7516 D LogWriteUtil.class=LogFileHandlerThread.class: 2getCurrentFileName: index=3, LogWriteUtil.logfile=app.log, getFileNameSuffix=14
10-12 11:33:23.929  7494  7516 D LogWriteUtil.class=LogFileHandlerThread.class: 1getFilePath: logFormat=2022-10-12, LogWriteUtil.logPathDir=/custom/metro/log
10-12 11:33:23.929  7494  7516 D LogWriteUtil.class=LogFileHandlerThread.class: 2getFilePath: filePath=/custom/metro/log/2022-10-12
10-12 11:33:23.929  7494  7516 D LogWriteUtil.class=LogFileHandlerThread.class: getFileNameSuffix: file=/custom/metro/log/2022-10-12
10-12 11:33:23.930  7494  7516 D LogWriteUtil.class=LogFileHandlerThread.class: 3getCurrentFileName: logFileName=app14.log
10-12 11:33:23.930  7494  7516 D LogWriteUtil.class=LogFileHandlerThread.class: 1,initFile: getFilePath()=/custom/metro/log/2022-10-12, getCurrentFileName=app14.log
10-12 11:33:23.931  7494  7516 D LogWriteUtil.class=LogFileHandlerThread.class: 1getFilePath: logFormat=2022-10-12, LogWriteUtil.logPathDir=/custom/metro/log
10-12 11:33:23.931  7494  7516 D LogWriteUtil.class=LogFileHandlerThread.class: 2getFilePath: filePath=/custom/metro/log/2022-10-12
10-12 11:33:23.931  7494  7516 D LogWriteUtil.class=LogFileHandlerThread.class: 1getCurrentFileName: LogWriteUtil.logfile=app.log
10-12 11:33:23.932  7494  7516 D LogWriteUtil.class=LogFileHandlerThread.class: 1getFilePath: logFormat=2022-10-12, LogWriteUtil.logPathDir=/custom/metro/log
10-12 11:33:23.932  7494  7516 D LogWriteUtil.class=LogFileHandlerThread.class: 2getFilePath: filePath=/custom/metro/log/2022-10-12
10-12 11:33:23.932  7494  7516 D LogWriteUtil.class=LogFileHandlerThread.class: getFileNameSuffix: file=/custom/metro/log/2022-10-12
10-12 11:33:23.934  7494  7516 D LogWriteUtil.class=LogFileHandlerThread.class: 2getCurrentFileName: index=3, LogWriteUtil.logfile=app.log, getFileNameSuffix=14
10-12 11:33:23.935  7494  7516 D LogWriteUtil.class=LogFileHandlerThread.class: 1getFilePath: logFormat=2022-10-12, LogWriteUtil.logPathDir=/custom/metro/log
10-12 11:33:23.935  7494  7516 D LogWriteUtil.class=LogFileHandlerThread.class: 2getFilePath: filePath=/custom/metro/log/2022-10-12
10-12 11:33:23.935  7494  7516 D LogWriteUtil.class=LogFileHandlerThread.class: getFileNameSuffix: file=/custom/metro/log/2022-10-12
10-12 11:33:23.937  7494  7516 D LogWriteUtil.class=LogFileHandlerThread.class: 3getCurrentFileName: logFileName=app14.log
10-12 11:33:23.937  7494  7516 D LogWriteUtil.class=LogFileHandlerThread.class: 1getCurrentFileName: LogWriteUtil.logfile=app.log
10-12 11:33:23.938  7494  7516 D LogWriteUtil.class=LogFileHandlerThread.class: 1getFilePath: logFormat=2022-10-12, LogWriteUtil.logPathDir=/custom/metro/log
10-12 11:33:23.938  7494  7516 D LogWriteUtil.class=LogFileHandlerThread.class: 2getFilePath: filePath=/custom/metro/log/2022-10-12
10-12 11:33:23.938  7494  7516 D LogWriteUtil.class=LogFileHandlerThread.class: getFileNameSuffix: file=/custom/metro/log/2022-10-12
10-12 11:33:23.939  7494  7516 D LogWriteUtil.class=LogFileHandlerThread.class: 2getCurrentFileName: index=3, LogWriteUtil.logfile=app.log, getFileNameSuffix=14
10-12 11:33:23.939  7494  7516 D LogWriteUtil.class=LogFileHandlerThread.class: 1getFilePath: logFormat=2022-10-12, LogWriteUtil.logPathDir=/custom/metro/log
10-12 11:33:23.940  7494  7516 D LogWriteUtil.class=LogFileHandlerThread.class: 2getFilePath: filePath=/custom/metro/log/2022-10-12
10-12 11:33:23.940  7494  7516 D LogWriteUtil.class=LogFileHandlerThread.class: getFileNameSuffix: file=/custom/metro/log/2022-10-12
10-12 11:33:23.940  7494  7516 D LogWriteUtil.class=LogFileHandlerThread.class: 3getCurrentFileName: logFileName=app14.log
10-12 11:33:23.941  7494  7516 D TAG     : 2,initFile: /custom/metro/log/2022-10-12/app14.log, logFile.length=0, getCurrentFileName()=app14.log, writeFileName=/custom/metro/log/2022-10-12/app131665545514234.log
10-12 11:33:23.941  7494  7516 D LogWriteUtil.class=LogFileHandlerThread.class: 8,initFile: logFile=/custom/metro/log/2022-10-12/app14.log, logFile.length=0
10-12 11:33:24.055  7494  7494 D SystemFragment: onClickview: 2131230883
10-12 11:33:24.062   640   640 I AudioPolicyManagerCustom: FLAG None hence request for a primary output
10-12 11:33:24.064   640  7045 I AudioPolicyManagerCustom: FLAG None hence request for a primary output
10-12 11:33:24.065  7494  7494 D GroupHelper: getGroupByNumber : group nuber is +866027313
10-12 11:33:24.067   640  1055 D audio_hw_primary: out_set_parameters: enter: usecase(1: low-latency-playback) kvpairs: routing=2
10-12 11:33:24.069  7494  7494 V GroupHelper: getGroupByNumber result cursor: android.content.ContentResolver$CursorWrapperInner@5d247b8
10-12 11:33:24.069   640  1055 D audio_hw_primary: select_devices for use case (low-latency-playback)
10-12 11:33:24.069   640  1055 D audio_hw_extn: audio_extn_set_anc_parameters: anc_enabled:0
10-12 11:33:24.069   640  1055 D audio_hw_spkr_prot: audio_extn_fbsp_set_parameters: Speaker protection disabled
10-12 11:33:24.230  7494  7494 D SystemFragment: onClickview: 2131230883
10-12 11:33:24.235   640  7045 I AudioPolicyManagerCustom: FLAG None hence request for a primary output
10-12 11:33:24.236   640  4967 I AudioPolicyManagerCustom: FLAG None hence request for a primary output
10-12 11:33:24.238   640  1055 D audio_hw_primary: out_set_parameters: enter: usecase(1: low-latency-playback) kvpairs: routing=2
10-12 11:33:24.241   640  1055 D audio_hw_primary: select_devices for use case (low-latency-playback)
10-12 11:33:24.242   640  1055 D audio_hw_extn: audio_extn_set_anc_parameters: anc_enabled:0
10-12 11:33:24.242   640  1055 D audio_hw_spkr_prot: audio_extn_fbsp_set_parameters: Speaker protection disabled
10-12 11:33:24.243  7494  7494 D GroupHelper: getGroupByNumber : group nuber is +866027313
10-12 11:33:24.246  7494  7494 V GroupHelper: getGroupByNumber result cursor: android.content.ContentResolver$CursorWrapperInner@8b030f6
10-12 11:33:24.262  7494  7585 D MainViewModel: getSystemTime_currentThreadID2: 206
10-12 11:33:24.313  7494  7585 D TAG     : getSystemTime_currentThreadID3s: 206, isActive=true
10-12 11:33:24.765  7494  7585 D MainViewModel: getSystemTime_currentThreadID2: 206
10-12 11:33:24.817  7494  7585 D TAG     : getSystemTime_currentThreadID3s: 206, isActive=true
10-12 11:33:24.848  7494  7494 D SystemFragment: onClickview: 2131231178
10-12 11:33:24.850   640  4967 I AudioPolicyManagerCustom: FLAG None hence request for a primary output
10-12 11:33:24.851   640  4965 I AudioPolicyManagerCustom: FLAG None hence request for a primary output
10-12 11:33:24.854   640  1055 D audio_hw_primary: out_set_parameters: enter: usecase(1: low-latency-playback) kvpairs: routing=2
10-12 11:33:24.855  7494  7494 D GroupHelper: getGroupByNumber : group nuber is +866027313
10-12 11:33:24.857   640  1055 D audio_hw_primary: select_devices for use case (low-latency-playback)
10-12 11:33:24.857   640  1055 D audio_hw_extn: audio_extn_set_anc_parameters: anc_enabled:0
10-12 11:33:24.857   640  1055 D audio_hw_spkr_prot: audio_extn_fbsp_set_parameters: Speaker protection disabled
10-12 11:33:24.860  7494  7494 V GroupHelper: getGroupByNumber result cursor: android.content.ContentResolver$CursorWrapperInner@b8a55d0
10-12 11:33:24.866  7494  7548 D GotaSystemHandler: handleMessage msg.what =GROUPMANAGER_RESP_UPDATE_SCAN_GROUP;msg.arg1=0
10-12 11:33:24.866  7494  7494 D GroupHelper: modifyGroup : target group name is S2
10-12 11:33:24.866  7494  7548 D LTEPhone: processRequest msg.what=GROUPMANAGER_RESP_UPDATE_SCAN_GROUP
10-12 11:33:24.866  7494  7548 D LTEGroupManager: LteGroupTracker handleMessage: GROUPMANAGER_RESP_UPDATE_SCAN_GROUP
10-12 11:33:24.866  7494  7548 D LTEGroupManager: updateScanGroupInfo()
10-12 11:33:24.866  7494  7548 D GroupStatusNormal: setScanGroup,scanInfo:cause:0,count:0,
10-12 11:33:24.905  7494  7548 D GroupStatusNormal: setScanGroup,DynamicGroup in db null,do nothing
10-12 11:33:24.905  7494  7494 D GroupHelper: modifyGroup : target group name is S2
10-12 11:33:24.905  7494  7548 D GroupStatusNormal: updateScanGroupInfo() callStaus is 0
10-12 11:33:24.905  7494  7548 D LTEGroupManager: switch group status GroupStatusNormal -----> GroupStatusSetScan
10-12 11:33:24.906  7494  7548 D LTERILJ : [0058]> RIL_REQUEST_ZTE_UPDATE_SCANGROUPINFO
10-12 11:33:24.921  7494  7551 I rilj    : EMCI Detial(CellId--->Tav): 5889,255,2,"46009",255,65535,59,65535,255,255,57,28,16,255,1202590897205,0,0,0,0,0,0,0,0
10-12 11:33:24.921  7494  7551 D LTERILJ : [UNSL]< RIL_UNSOL_NOTIFY_EMCI_DETAIL
10-12 11:33:24.922  7494  7548 D LTEPhone: EVENT_FOR_EMCI_DETAIL
10-12 11:33:24.922  7494  7548 D LTEServiceTracker: setCellId cellId:5889,"46009"
10-12 11:33:24.924  7494  7589 D UdpDcRepository: api send - Thread ID=210, obj={"MsgName":"GetStationATSReq","MsgSeqID":60,"AppID":"172.2.200.13","MsgInfo":{}}
10-12 11:33:24.933   671   671 I cnss-daemon: RTM_NEWNEIGH message received: 28
10-12 11:33:24.933   671   671 I cnss-daemon: NDA_DST received: 192.168.42.133 ul: 562995137259712
10-12 11:33:24.933   671   671 I cnss-daemon: NDA_LLADDR received
10-12 11:33:24.933  7494  7589 I APP_LogUtils.kt: [(LogUtils.kt:50).i()] [UdpDisServices] start: send(String) - thread ID=210, send msg={"MsgName":"GetStationATSReq","MsgSeqID":60,"AppID":"172.2.200.13","MsgInfo":{}}
10-12 11:33:24.934  7494  7589 D UdpDcRepository: api send - Thread ID=210, obj={"MsgName":"AppHeartbeat","MsgSeqID":61,"AppID":"172.2.200.13","MsgInfo":{"SDKLongNumber":"+866022013"}}
10-12 11:33:24.934  7494  7516 D LogWriteUtil.class=LogFileHandlerThread.class: 1getFilePath: logFormat=2022-10-12, LogWriteUtil.logPathDir=/custom/metro/log
