10-12 10:30:49.454  2699  2813 D LogWriteUtil.class=LogFileHandlerThread.class: 2getFilePath: filePath=/custom/metro/log/2022-10-12
10-12 10:30:49.454  2699  2813 D LogWriteUtil.class=LogFileHandlerThread.class: getFileNameSuffix: file=/custom/metro/log/2022-10-12
10-12 10:30:49.454  2699  2813 D LogWriteUtil.class=LogFileHandlerThread.class: 2getCurrentFileName: index=3, LogWriteUtil.logfile=app.log, getFileNameSuffix=7
10-12 10:30:49.455  2699  2813 D LogWriteUtil.class=LogFileHandlerThread.class: 1getFilePath: logFormat=2022-10-12, LogWriteUtil.logPathDir=/custom/metro/log
10-12 10:30:49.455  2699  2813 D LogWriteUtil.class=LogFileHandlerThread.class: 2getFilePath: filePath=/custom/metro/log/2022-10-12
10-12 10:30:49.455  2699  2813 D LogWriteUtil.class=LogFileHandlerThread.class: getFileNameSuffix: file=/custom/metro/log/2022-10-12
10-12 10:30:49.455  2699  2813 D LogWriteUtil.class=LogFileHandlerThread.class: 3getCurrentFileName: logFileName=app7.log
10-12 10:30:49.455  2699  2813 D TAG     : 2,initFile: /custom/metro/log/2022-10-12/app7.log, logFile.length=1017223, getCurrentFileName()=app7.log, writeFileName=/custom/metro/log/2022-10-12/app7.log
10-12 10:30:49.456  2699  2813 D LogWriteUtil.class=LogFileHandlerThread.class: 8,initFile: logFile=/custom/metro/log/2022-10-12/app7.log, logFile.length=1017223
10-12 10:30:49.888  2699  5198 D MainViewModel: getSystemTime_currentThreadID2: 197
10-12 10:30:49.891  2699  4939 D TAG     : getSystemTime_currentThreadID3s: 174, isActive=true
10-12 10:30:50.175  2699  2751 I rilj    : EMCI Detial(CellId--->Tav): 5889,255,2,"46009",255,65535,59,65535,255,255,56,27,16,255,1202590897205,0,0,0,0,0,0,0,0
10-12 10:30:50.176  2699  2751 D LTERILJ : [UNSL]< RIL_UNSOL_NOTIFY_EMCI_DETAIL
10-12 10:30:50.176  2699  2748 D LTEPhone: EVENT_FOR_EMCI_DETAIL
10-12 10:30:50.176  2699  2748 D LTEServiceTracker: setCellId cellId:5889,"46009"
10-12 10:30:50.179  2699  2699 I APP_LogUtils.kt: [(LogUtils.kt:50).i()] [com.gbcom.library_base.service.LLteService] lte_resp_sys_for_emci_detail - EmciDetail=com.ztegota.system.common.EmciDetail@2c46141
10-12 10:30:50.181  2699  2813 D LogWriteUtil.class=LogFileHandlerThread.class: 1getFilePath: logFormat=2022-10-12, LogWriteUtil.logPathDir=/custom/metro/log
10-12 10:30:50.181  2699  2813 D LogWriteUtil.class=LogFileHandlerThread.class: 2getFilePath: filePath=/custom/metro/log/2022-10-12
10-12 10:30:50.182  2699  2813 D LogWriteUtil.class=LogFileHandlerThread.class: 1getCurrentFileName: LogWriteUtil.logfile=app.log
10-12 10:30:50.183  2699  2813 D LogWriteUtil.class=LogFileHandlerThread.class: 1getFilePath: logFormat=2022-10-12, LogWriteUtil.logPathDir=/custom/metro/log
10-12 10:30:50.183  2699  2813 D LogWriteUtil.class=LogFileHandlerThread.class: 2getFilePath: filePath=/custom/metro/log/2022-10-12
10-12 10:30:50.184  2699  2813 D LogWriteUtil.class=LogFileHandlerThread.class: getFileNameSuffix: file=/custom/metro/log/2022-10-12
10-12 10:30:50.185  2699  2813 D LogWriteUtil.class=LogFileHandlerThread.class: 2getCurrentFileName: index=3, LogWriteUtil.logfile=app.log, getFileNameSuffix=7
10-12 10:30:50.187  2699  2813 D LogWriteUtil.class=LogFileHandlerThread.class: 1getFilePath: logFormat=2022-10-12, LogWriteUtil.logPathDir=/custom/metro/log
10-12 10:30:50.187  2699  2813 D LogWriteUtil.class=LogFileHandlerThread.class: 2getFilePath: filePath=/custom/metro/log/2022-10-12
10-12 10:30:50.188  2699  2813 D LogWriteUtil.class=LogFileHandlerThread.class: getFileNameSuffix: file=/custom/metro/log/2022-10-12
10-12 10:30:50.188  2699  2813 D LogWriteUtil.class=LogFileHandlerThread.class: 3getCurrentFileName: logFileName=app7.log
10-12 10:30:50.188  2699  2813 D LogWriteUtil.class=LogFileHandlerThread.class: 1,initFile: getFilePath()=/custom/metro/log/2022-10-12, getCurrentFileName=app7.log
10-12 10:30:50.190  2699  2813 D LogWriteUtil.class=LogFileHandlerThread.class: 1getFilePath: logFormat=2022-10-12, LogWriteUtil.logPathDir=/custom/metro/log
10-12 10:30:50.190  2699  2813 D LogWriteUtil.class=LogFileHandlerThread.class: 2getFilePath: filePath=/custom/metro/log/2022-10-12
10-12 10:30:50.190  2699  2813 D LogWriteUtil.class=LogFileHandlerThread.class: 1getCurrentFileName: LogWriteUtil.logfile=app.log
10-12 10:30:50.192  2699  2813 D LogWriteUtil.class=LogFileHandlerThread.class: 1getFilePath: logFormat=2022-10-12, LogWriteUtil.logPathDir=/custom/metro/log
10-12 10:30:50.192  2699  2813 D LogWriteUtil.class=LogFileHandlerThread.class: 2getFilePath: filePath=/custom/metro/log/2022-10-12
10-12 10:30:50.192  2699  2813 D LogWriteUtil.class=LogFileHandlerThread.class: getFileNameSuffix: file=/custom/metro/log/2022-10-12
10-12 10:30:50.193  2699  2813 D LogWriteUtil.class=LogFileHandlerThread.class: 2getCurrentFileName: index=3, LogWriteUtil.logfile=app.log, getFileNameSuffix=7
10-12 10:30:50.194  2699  2813 D LogWriteUtil.class=LogFileHandlerThread.class: 1getFilePath: logFormat=2022-10-12, LogWriteUtil.logPathDir=/custom/metro/log
10-12 10:30:50.194  2699  2813 D LogWriteUtil.class=LogFileHandlerThread.class: 2getFilePath: filePath=/custom/metro/log/2022-10-12
10-12 10:30:50.194  2699  2813 D LogWriteUtil.class=LogFileHandlerThread.class: getFileNameSuffix: file=/custom/metro/log/2022-10-12
10-12 10:30:50.195  2699  2813 D LogWriteUtil.class=LogFileHandlerThread.class: 3getCurrentFileName: logFileName=app7.log
10-12 10:30:50.195  2699  2813 D LogWriteUtil.class=LogFileHandlerThread.class: 1getCurrentFileName: LogWriteUtil.logfile=app.log
10-12 10:30:50.196  2699  2813 D LogWriteUtil.class=LogFileHandlerThread.class: 1getFilePath: logFormat=2022-10-12, LogWriteUtil.logPathDir=/custom/metro/log
10-12 10:30:50.196  2699  2813 D LogWriteUtil.class=LogFileHandlerThread.class: 2getFilePath: filePath=/custom/metro/log/2022-10-12
10-12 10:30:50.196  2699  2813 D LogWriteUtil.class=LogFileHandlerThread.class: getFileNameSuffix: file=/custom/metro/log/2022-10-12
10-12 10:30:50.197  2699  2813 D LogWriteUtil.class=LogFileHandlerThread.class: 2getCurrentFileName: index=3, LogWriteUtil.logfile=app.log, getFileNameSuffix=7
10-12 10:30:50.198  2699  2813 D LogWriteUtil.class=LogFileHandlerThread.class: 1getFilePath: logFormat=2022-10-12, LogWriteUtil.logPathDir=/custom/metro/log
10-12 10:30:50.198  2699  2813 D LogWriteUtil.class=LogFileHandlerThread.class: 2getFilePath: filePath=/custom/metro/log/2022-10-12
10-12 10:30:50.198  2699  2813 D LogWriteUtil.class=LogFileHandlerThread.class: getFileNameSuffix: file=/custom/metro/log/2022-10-12
10-12 10:30:50.199  2699  2813 D LogWriteUtil.class=LogFileHandlerThread.class: 3getCurrentFileName: logFileName=app7.log
10-12 10:30:50.199  2699  2813 D TAG     : 2,initFile: /custom/metro/log/2022-10-12/app7.log, logFile.length=1017446, getCurrentFileName()=app7.log, writeFileName=/custom/metro/log/2022-10-12/app7.log
10-12 10:30:50.199  2699  2813 D LogWriteUtil.class=LogFileHandlerThread.class: 8,initFile: logFile=/custom/metro/log/2022-10-12/app7.log, logFile.length=1017446
10-12 10:30:50.397  2699  4939 D MainViewModel: getSystemTime_currentThreadID2: 174
10-12 10:30:50.398  2699  4618 D TAG     : getSystemTime_currentThreadID3s: 164, isActive=true
10-12 10:30:50.533  2699  3252 D UdpDcRepository: api send - Thread ID=113, obj={"MsgName":"GetStationATSReq","MsgSeqID":3311,"AppID":"172.2.200.13","MsgInfo":{}}
10-12 10:30:50.540  2699  3252 I APP_LogUtils.kt: [(LogUtils.kt:50).i()] [UdpDisServices] start: send(String) - thread ID=113, send msg={"MsgName":"GetStationATSReq","MsgSeqID":3311,"AppID":"172.2.200.13","MsgInfo":{}}
10-12 10:30:50.542  2699  2813 D LogWriteUtil.class=LogFileHandlerThread.class: 1getFilePath: logFormat=2022-10-12, LogWriteUtil.logPathDir=/custom/metro/log
10-12 10:30:50.542  2699  2813 D LogWriteUtil.class=LogFileHandlerThread.class: 2getFilePath: filePath=/custom/metro/log/2022-10-12
10-12 10:30:50.543  2699  2813 D LogWriteUtil.class=LogFileHandlerThread.class: 1getCurrentFileName: LogWriteUtil.logfile=app.log
10-12 10:30:50.544  2699  2813 D LogWriteUtil.class=LogFileHandlerThread.class: 1getFilePath: logFormat=2022-10-12, LogWriteUtil.logPathDir=/custom/metro/log
10-12 10:30:50.545  2699  2813 D LogWriteUtil.class=LogFileHandlerThread.class: 2getFilePath: filePath=/custom/metro/log/2022-10-12
10-12 10:30:50.545  2699  2813 D LogWriteUtil.class=LogFileHandlerThread.class: getFileNameSuffix: file=/custom/metro/log/2022-10-12
10-12 10:30:50.545  2699  3252 D UdpDcRepository: api send - Thread ID=113, obj={"MsgName":"AppHeartbeat","MsgSeqID":3312,"AppID":"172.2.200.13","MsgInfo":{"SDKLongNumber":"+866022013"}}
10-12 10:30:50.546  2699  2813 D LogWriteUtil.class=LogFileHandlerThread.class: 2getCurrentFileName: index=3, LogWriteUtil.logfile=app.log, getFileNameSuffix=7
10-12 10:30:50.548  2699  2813 D LogWriteUtil.class=LogFileHandlerThread.class: 1getFilePath: logFormat=2022-10-12, LogWriteUtil.logPathDir=/custom/metro/log
10-12 10:30:50.548  2699  2813 D LogWriteUtil.class=LogFileHandlerThread.class: 2getFilePath: filePath=/custom/metro/log/2022-10-12
10-12 10:30:50.548  2699  2813 D LogWriteUtil.class=LogFileHandlerThread.class: getFileNameSuffix: file=/custom/metro/log/2022-10-12
10-12 10:30:50.548  2699  2813 D LogWriteUtil.class=LogFileHandlerThread.class: 3getCurrentFileName: logFileName=app7.log
10-12 10:30:50.548  2699  2813 D LogWriteUtil.class=LogFileHandlerThread.class: 1,initFile: getFilePath()=/custom/metro/log/2022-10-12, getCurrentFileName=app7.log
10-12 10:30:50.550  2699  3252 I APP_LogUtils.kt: [(LogUtils.kt:50).i()] [UdpDisServices] start: send(String) - thread ID=113, send msg={"MsgName":"AppHeartbeat","MsgSeqID":3312,"AppID":"172.2.200.13","MsgInfo":{"SDKLongNumber":"+866022013"}}
10-12 10:30:50.551  2699  2813 D LogWriteUtil.class=LogFileHandlerThread.class: 1getFilePath: logFormat=2022-10-12, LogWriteUtil.logPathDir=/custom/metro/log
10-12 10:30:50.551  2699  2813 D LogWriteUtil.class=LogFileHandlerThread.class: 2getFilePath: filePath=/custom/metro/log/2022-10-12
10-12 10:30:50.551  2699  2813 D LogWriteUtil.class=LogFileHandlerThread.class: 1getCurrentFileName: LogWriteUtil.logfile=app.log
10-12 10:30:50.552  2699  2813 D LogWriteUtil.class=LogFileHandlerThread.class: 1getFilePath: logFormat=2022-10-12, LogWriteUtil.logPathDir=/custom/metro/log
10-12 10:30:50.552  2699  2813 D LogWriteUtil.class=LogFileHandlerThread.class: 2getFilePath: filePath=/custom/metro/log/2022-10-12
10-12 10:30:50.552  2699  2813 D LogWriteUtil.class=LogFileHandlerThread.class: getFileNameSuffix: file=/custom/metro/log/2022-10-12
10-12 10:30:50.553  2699  2813 D LogWriteUtil.class=LogFileHandlerThread.class: 2getCurrentFileName: index=3, LogWriteUtil.logfile=app.log, getFileNameSuffix=7
10-12 10:30:50.554  2699  2813 D LogWriteUtil.class=LogFileHandlerThread.class: 1getFilePath: logFormat=2022-10-12, LogWriteUtil.logPathDir=/custom/metro/log
10-12 10:30:50.554  2699  2813 D LogWriteUtil.class=LogFileHandlerThread.class: 2getFilePath: filePath=/custom/metro/log/2022-10-12
10-12 10:30:50.554  2699  2813 D LogWriteUtil.class=LogFileHandlerThread.class: getFileNameSuffix: file=/custom/metro/log/2022-10-12
10-12 10:30:50.554  2699  2813 D LogWriteUtil.class=LogFileHandlerThread.class: 3getCurrentFileName: logFileName=app7.log
10-12 10:30:50.555  2699  2813 D LogWriteUtil.class=LogFileHandlerThread.class: 1getCurrentFileName: LogWriteUtil.logfile=app.log
10-12 10:30:50.555  2699  2813 D LogWriteUtil.class=LogFileHandlerThread.class: 1getFilePath: logFormat=2022-10-12, LogWriteUtil.logPathDir=/custom/metro/log
10-12 10:30:50.555  2699  2813 D LogWriteUtil.class=LogFileHandlerThread.class: 2getFilePath: filePath=/custom/metro/log/2022-10-12
10-12 10:30:50.556  2699  2813 D LogWriteUtil.class=LogFileHandlerThread.class: getFileNameSuffix: file=/custom/metro/log/2022-10-12
10-12 10:30:50.556  2699  2813 D LogWriteUtil.class=LogFileHandlerThread.class: 2getCurrentFileName: index=3, LogWriteUtil.logfile=app.log, getFileNameSuffix=7
10-12 10:30:50.557  2699  2813 D LogWriteUtil.class=LogFileHandlerThread.class: 1getFilePath: logFormat=2022-10-12, LogWriteUtil.logPathDir=/custom/metro/log
10-12 10:30:50.557  2699  2813 D LogWriteUtil.class=LogFileHandlerThread.class: 2getFilePath: filePath=/custom/metro/log/2022-10-12
10-12 10:30:50.557  2699  2813 D LogWriteUtil.class=LogFileHandlerThread.class: getFileNameSuffix: file=/custom/metro/log/2022-10-12
10-12 10:30:50.558  2699  2813 D LogWriteUtil.class=LogFileHandlerThread.class: 3getCurrentFileName: logFileName=app7.log
10-12 10:30:50.558  2699  2813 D TAG     : 2,initFile: /custom/metro/log/2022-10-12/app7.log, logFile.length=1017626, getCurrentFileName()=app7.log, writeFileName=/custom/metro/log/2022-10-12/app7.log
10-12 10:30:50.558  2699  2813 D LogWriteUtil.class=LogFileHandlerThread.class: 8,initFile: logFile=/custom/metro/log/2022-10-12/app7.log, logFile.length=1017626
10-12 10:30:50.559  2699  2813 D LogWriteUtil.class=LogFileHandlerThread.class: 1getFilePath: logFormat=2022-10-12, LogWriteUtil.logPathDir=/custom/metro/log
10-12 10:30:50.560  2699  2813 D LogWriteUtil.class=LogFileHandlerThread.class: 2getFilePath: filePath=/custom/metro/log/2022-10-12
10-12 10:30:50.560  2699  2813 D LogWriteUtil.class=LogFileHandlerThread.class: 1getCurrentFileName: LogWriteUtil.logfile=app.log
10-12 10:30:50.561  2699  2813 D LogWriteUtil.class=LogFileHandlerThread.class: 1getFilePath: logFormat=2022-10-12, LogWriteUtil.logPathDir=/custom/metro/log
10-12 10:30:50.561  2699  2813 D LogWriteUtil.class=LogFileHandlerThread.class: 2getFilePath: filePath=/custom/metro/log/2022-10-12
10-12 10:30:50.561  2699  2813 D LogWriteUtil.class=LogFileHandlerThread.class: getFileNameSuffix: file=/custom/metro/log/2022-10-12
10-12 10:30:50.561  2699  2813 D LogWriteUtil.class=LogFileHandlerThread.class: 2getCurrentFileName: index=3, LogWriteUtil.logfile=app.log, getFileNameSuffix=7
10-12 10:30:50.562  2699  2813 D LogWriteUtil.class=LogFileHandlerThread.class: 1getFilePath: logFormat=2022-10-12, LogWriteUtil.logPathDir=/custom/metro/log
10-12 10:30:50.562  2699  2813 D LogWriteUtil.class=LogFileHandlerThread.class: 2getFilePath: filePath=/custom/metro/log/2022-10-12
10-12 10:30:50.563  2699  2813 D LogWriteUtil.class=LogFileHandlerThread.class: getFileNameSuffix: file=/custom/metro/log/2022-10-12
10-12 10:30:50.563  2699  2813 D LogWriteUtil.class=LogFileHandlerThread.class: 3getCurrentFileName: logFileName=app7.log
10-12 10:30:50.563  2699  2813 D LogWriteUtil.class=LogFileHandlerThread.class: 1,initFile: getFilePath()=/custom/metro/log/2022-10-12, getCurrentFileName=app7.log
10-12 10:30:50.564  2699  2813 D LogWriteUtil.class=LogFileHandlerThread.class: 1getFilePath: logFormat=2022-10-12, LogWriteUtil.logPathDir=/custom/metro/log
10-12 10:30:50.564  2699  2813 D LogWriteUtil.class=LogFileHandlerThread.class: 2getFilePath: filePath=/custom/metro/log/2022-10-12
10-12 10:30:50.564  2699  2813 D LogWriteUtil.class=LogFileHandlerThread.class: 1getCurrentFileName: LogWriteUtil.logfile=app.log
10-12 10:30:50.565  2699  2813 D LogWriteUtil.class=LogFileHandlerThread.class: 1getFilePath: logFormat=2022-10-12, LogWriteUtil.logPathDir=/custom/metro/log
10-12 10:30:50.565  2699  2813 D LogWriteUtil.class=LogFileHandlerThread.class: 2getFilePath: filePath=/custom/metro/log/2022-10-12
10-12 10:30:50.565  2699  2813 D LogWriteUtil.class=LogFileHandlerThread.class: getFileNameSuffix: file=/custom/metro/log/2022-10-12
10-12 10:30:50.566  2699  2813 D LogWriteUtil.class=LogFileHandlerThread.class: 2getCurrentFileName: index=3, LogWriteUtil.logfile=app.log, getFileNameSuffix=7
10-12 10:30:50.567  2699  2813 D LogWriteUtil.class=LogFileHandlerThread.class: 1getFilePath: logFormat=2022-10-12, LogWriteUtil.logPathDir=/custom/metro/log
10-12 10:30:50.567  2699  2813 D LogWriteUtil.class=LogFileHandlerThread.class: 2getFilePath: filePath=/custom/metro/log/2022-10-12
10-12 10:30:50.567  2699  2813 D LogWriteUtil.class=LogFileHandlerThread.class: getFileNameSuffix: file=/custom/metro/log/2022-10-12
10-12 10:30:50.568  2699  2813 D LogWriteUtil.class=LogFileHandlerThread.class: 3getCurrentFileName: logFileName=app7.log
10-12 10:30:50.568  2699  2813 D LogWriteUtil.class=LogFileHandlerThread.class: 1getCurrentFileName: LogWriteUtil.logfile=app.log
10-12 10:30:50.569  2699  2813 D LogWriteUtil.class=LogFileHandlerThread.class: 1getFilePath: logFormat=2022-10-12, LogWriteUtil.logPathDir=/custom/metro/log
10-12 10:30:50.569  2699  2813 D LogWriteUtil.class=LogFileHandlerThread.class: 2getFilePath: filePath=/custom/metro/log/2022-10-12
10-12 10:30:50.569  2699  2813 D LogWriteUtil.class=LogFileHandlerThread.class: getFileNameSuffix: file=/custom/metro/log/2022-10-12
10-12 10:30:50.569  2699  2813 D LogWriteUtil.class=LogFileHandlerThread.class: 2getCurrentFileName: index=3, LogWriteUtil.logfile=app.log, getFileNameSuffix=7
10-12 10:30:50.570  2699  2813 D LogWriteUtil.class=LogFileHandlerThread.class: 1getFilePath: logFormat=2022-10-12, LogWriteUtil.logPathDir=/custom/metro/log
10-12 10:30:50.570  2699  2813 D LogWriteUtil.class=LogFileHandlerThread.class: 2getFilePath: filePath=/custom/metro/log/2022-10-12
10-12 10:30:50.571  2699  2813 D LogWriteUtil.class=LogFileHandlerThread.class: getFileNameSuffix: file=/custom/metro/log/2022-10-12
10-12 10:30:50.571  2699  2813 D LogWriteUtil.class=LogFileHandlerThread.class: 3getCurrentFileName: logFileName=app7.log
10-12 10:30:50.571  2699  2813 D TAG     : 2,initFile: /custom/metro/log/2022-10-12/app7.log, logFile.length=1017820, getCurrentFileName()=app7.log, writeFileName=/custom/metro/log/2022-10-12/app7.log
10-12 10:30:50.571  2699  2813 D LogWriteUtil.class=LogFileHandlerThread.class: 8,initFile: logFile=/custom/metro/log/2022-10-12/app7.log, logFile.length=1017820
10-12 10:30:50.576  2699  3221 D UdpDisServices: udp receive - api receive data disApi, udp service id=98  - udp.packet.address=/172.2.208.8, udp.pack.socketAddress=/172.2.208.8:64002, udp.port=64002- running=true - message={"MsgSeqID":863,"MsgName":"DisReceivedNotify","MsgInfo":{"AppMsgSeqID":3311,"Code":10001}}
10-12 10:30:50.577  2699  3221 I APP_LogUtils.kt: [(LogUtils.kt:50).i()] [UdpDisServices] udp receive - api receive data disApi, udp service id=98 - running=true  - ip=/172.2.208.8 - port=64002 - message={"MsgSeqID":863,"MsgName":"DisReceivedNotify","MsgInfo":{"AppMsgSeqID":3311,"Code":10001}}
10-12 10:30:50.578  2699  2699 D MainActivity: onMessageEvent  -- gginit: disApi, id=1---event={"MsgSeqID":863,"MsgName":"DisReceivedNotify","MsgInfo":{"AppMsgSeqID":3311,"Code":10001}}
10-12 10:30:50.578  2699  2699 D MainViewModel: 1processDisApi: disApi, id=1
10-12 10:30:50.579  2699  2813 D LogWriteUtil.class=LogFileHandlerThread.class: 1getFilePath: logFormat=2022-10-12, LogWriteUtil.logPathDir=/custom/metro/log
10-12 10:30:50.579  2699  2813 D LogWriteUtil.class=LogFileHandlerThread.class: 2getFilePath: filePath=/custom/metro/log/2022-10-12
10-12 10:30:50.579  2699  2813 D LogWriteUtil.class=LogFileHandlerThread.class: 1getCurrentFileName: LogWriteUtil.logfile=app.log
10-12 10:30:50.579  2699  5361 D DisApiSingletonReceive: processingData: disApi, id=211 - data={"MsgSeqID":863,"MsgName":"DisReceivedNotify","MsgInfo":{"AppMsgSeqID":3311,"Code":10001}}
10-12 10:30:50.579  2699  2813 D LogWriteUtil.class=LogFileHandlerThread.class: 1getFilePath: logFormat=2022-10-12, LogWriteUtil.logPathDir=/custom/metro/log
10-12 10:30:50.579  2699  2813 D LogWriteUtil.class=LogFileHandlerThread.class: 2getFilePath: filePath=/custom/metro/log/2022-10-12
10-12 10:30:50.580  2699  2813 D LogWriteUtil.class=LogFileHandlerThread.class: getFileNameSuffix: file=/custom/metro/log/2022-10-12
10-12 10:30:50.580  2699  2813 D LogWriteUtil.class=LogFileHandlerThread.class: 2getCurrentFileName: index=3, LogWriteUtil.logfile=app.log, getFileNameSuffix=7
10-12 10:30:50.581  2699  2813 D LogWriteUtil.class=LogFileHandlerThread.class: 1getFilePath: logFormat=2022-10-12, LogWriteUtil.logPathDir=/custom/metro/log
10-12 10:30:50.581  2699  2813 D LogWriteUtil.class=LogFileHandlerThread.class: 2getFilePath: filePath=/custom/metro/log/2022-10-12
10-12 10:30:50.581  2699  5361 D DisApiSingletonReceive: processingDisReceivedNotify: info=DisReceivedNotifyApiData(msgName=DisReceivedNotify, msgSeqID=863, msgInfo=ReceivedNotifyData(appMsgSeqID=0, code=10001))
10-12 10:30:50.581  2699  2813 D LogWriteUtil.class=LogFileHandlerThread.class: getFileNameSuffix: file=/custom/metro/log/2022-10-12
10-12 10:30:50.581  2699  2813 D LogWriteUtil.class=LogFileHandlerThread.class: 3getCurrentFileName: logFileName=app7.log
10-12 10:30:50.581  2699  2813 D LogWriteUtil.class=LogFileHandlerThread.class: 1,initFile: getFilePath()=/custom/metro/log/2022-10-12, getCurrentFileName=app7.log
10-12 10:30:50.581  2699  2813 D LogWriteUtil.class=LogFileHandlerThread.class: 1getFilePath: logFormat=2022-10-12, LogWriteUtil.logPathDir=/custom/metro/log
10-12 10:30:50.581  2699  2813 D LogWriteUtil.class=LogFileHandlerThread.class: 2getFilePath: filePath=/custom/metro/log/2022-10-12
10-12 10:30:50.582  2699  2813 D LogWriteUtil.class=LogFileHandlerThread.class: 1getCurrentFileName: LogWriteUtil.logfile=app.log
10-12 10:30:50.582  2699  2813 D LogWriteUtil.class=LogFileHandlerThread.class: 1getFilePath: logFormat=2022-10-12, LogWriteUtil.logPathDir=/custom/metro/log
10-12 10:30:50.582  2699  2813 D LogWriteUtil.class=LogFileHandlerThread.class: 2getFilePath: filePath=/custom/metro/log/2022-10-12
10-12 10:30:50.582  2699  2813 D LogWriteUtil.class=LogFileHandlerThread.class: getFileNameSuffix: file=/custom/metro/log/2022-10-12
10-12 10:30:50.582  2699  2813 D LogWriteUtil.class=LogFileHandlerThread.class: 2getCurrentFileName: index=3, LogWriteUtil.logfile=app.log, getFileNameSuffix=7
10-12 10:30:50.583  2699  2813 D LogWriteUtil.class=LogFileHandlerThread.class: 1getFilePath: logFormat=2022-10-12, LogWriteUtil.logPathDir=/custom/metro/log
10-12 10:30:50.583  2699  2813 D LogWriteUtil.class=LogFileHandlerThread.class: 2getFilePath: filePath=/custom/metro/log/2022-10-12
10-12 10:30:50.583  2699  2813 D LogWriteUtil.class=LogFileHandlerThread.class: getFileNameSuffix: file=/custom/metro/log/2022-10-12
10-12 10:30:50.583  2699  2813 D LogWriteUtil.class=LogFileHandlerThread.class: 3getCurrentFileName: logFileName=app7.log
10-12 10:30:50.583  2699  2813 D LogWriteUtil.class=LogFileHandlerThread.class: 1getCurrentFileName: LogWriteUtil.logfile=app.log
10-12 10:30:50.584  2699  2813 D LogWriteUtil.class=LogFileHandlerThread.class: 1getFilePath: logFormat=2022-10-12, LogWriteUtil.logPathDir=/custom/metro/log
10-12 10:30:50.584  2699  2813 D LogWriteUtil.class=LogFileHandlerThread.class: 2getFilePath: filePath=/custom/metro/log/2022-10-12
10-12 10:30:50.584  2699  2813 D LogWriteUtil.class=LogFileHandlerThread.class: getFileNameSuffix: file=/custom/metro/log/2022-10-12
10-12 10:30:50.584  2699  2813 D LogWriteUtil.class=LogFileHandlerThread.class: 2getCurrentFileName: index=3, LogWriteUtil.logfile=app.log, getFileNameSuffix=7
10-12 10:30:50.585  2699  2813 D LogWriteUtil.class=LogFileHandlerThread.class: 1getFilePath: logFormat=2022-10-12, LogWriteUtil.logPathDir=/custom/metro/log
10-12 10:30:50.585  2699  2813 D LogWriteUtil.class=LogFileHandlerThread.class: 2getFilePath: filePath=/custom/metro/log/2022-10-12
10-12 10:30:50.585  2699  2813 D LogWriteUtil.class=LogFileHandlerThread.class: getFileNameSuffix: file=/custom/metro/log/2022-10-12
10-12 10:30:50.585  2699  2813 D LogWriteUtil.class=LogFileHandlerThread.class: 3getCurrentFileName: logFileName=app7.log
10-12 10:30:50.585  2699  2813 D TAG     : 2,initFile: /custom/metro/log/2022-10-12/app7.log, logFile.length=1018038, getCurrentFileName()=app7.log, writeFileName=/custom/metro/log/2022-10-12/app7.log
10-12 10:30:50.585  2699  2813 D LogWriteUtil.class=LogFileHandlerThread.class: 8,initFile: logFile=/custom/metro/log/2022-10-12/app7.log, logFile.length=1018038
10-12 10:30:50.609  2699  3221 D UdpDisServices: udp receive - api receive data disApi, udp service id=98  - udp.packet.address=/172.2.208.8, udp.pack.socketAddress=/172.2.208.8:64002, udp.port=64002- running=true - message={"MsgSeqID":864,"MsgName":"GetStationATSRsp","MsgInfo":{"Code":10011,"StationATSInfos":[{"TrainGroupNumber":"202","ServiceNumber":"000","TrainCrewNumber":"000","TrainPosition":"1","TrainRunningPosition":"2","RailName":"T1303","StationID":"013","TerminalStationID":"000","DestinationID":"000"},{"TrainGroupNumber":"299","ServiceNumber":"801","TrainCrewNumber":"000","TrainPosition":"1","TrainRunningPosition":"2","RailName":"T1301","StationID":"013","TerminalStationID":"000","DestinationID":"000"},{"TrainGroupNumber":"201","ServiceNumber":"000","TrainCrewNumber":"000","TrainPosition":"1","TrainRunningPosition":"1","RailName":"T1304","StationID":"013","TerminalStationID":"000","DestinationID":"000"}]}}
10-12 10:30:50.610  2699  3221 I APP_LogUtils.kt: [(LogUtils.kt:50).i()] [UdpDisServices] udp receive - api receive data disApi, udp service id=98 - running=true  - ip=/172.2.208.8 - port=64002 - message={"MsgSeqID":864,"MsgName":"GetStationATSRsp","MsgInfo":{"Code":10011,"StationATSInfos":[{"TrainGroupNumber":"202","ServiceNumber":"000","TrainCrewNumber":"000","TrainPosition":"1","TrainRunningPosition":"2","RailName":"T1303","StationID":"013","TerminalStationID":"000","DestinationID":"000"},{"TrainGroupNumber":"299","ServiceNumber":"801","TrainCrewNumber":"000","TrainPosition":"1","TrainRunningPosition":"2","RailName":"T1301","StationID":"013","TerminalStationID":"000","DestinationID":"000"},{"TrainGroupNumber":"201","ServiceNumber":"000","TrainCrewNumber":"000","TrainPosition":"1","TrainRunningPosition":"1","RailName":"T1304","StationID":"013","TerminalStationID":"000","DestinationID":"000"}]}}
10-12 10:30:50.611  2699  2699 D MainActivity: onMessageEvent  -- gginit: disApi, id=1---event={"MsgSeqID":864,"MsgName":"GetStationATSRsp","MsgInfo":{"Code":10011,"StationATSInfos":[{"TrainGroupNumber":"202","ServiceNumber":"000","TrainCrewNumber":"000","TrainPosition":"1","TrainRunningPosition":"2","RailName":"T1303","StationID":"013","TerminalStationID":"000","DestinationID":"000"},{"TrainGroupNumber":"299","ServiceNumber":"801","TrainCrewNumber":"000","TrainPosition":"1","TrainRunningPosition":"2","RailName":"T1301","StationID":"013","TerminalStationID":"000","DestinationID":"000"},{"TrainGroupNumber":"201","ServiceNumber":"000","TrainCrewNumber":"000","TrainPosition":"1","TrainRunningPosition":"1","RailName":"T1304","StationID":"013","TerminalStationID":"000","DestinationID":"000"}]}}
10-12 10:30:50.611  2699  2699 D MainViewModel: 1processDisApi: disApi, id=1
10-12 10:30:50.611  2699  3221 D UdpDisServices: udp receive - api receive data disApi, udp service id=98  - udp.packet.address=/172.2.208.8, udp.pack.socketAddress=/172.2.208.8:64002, udp.port=64002- running=true - message={"MsgSeqID":865,"MsgName":"DisReceivedNotify","MsgInfo":{"AppMsgSeqID":3312,"Code":10001}}
10-12 10:30:50.612  2699  5361 D DisApiSingletonReceive: processingData: disApi, id=211 - data={"MsgSeqID":864,"MsgName":"GetStationATSRsp","MsgInfo":{"Code":10011,"StationATSInfos":[{"TrainGroupNumber":"202","ServiceNumber":"000","TrainCrewNumber":"000","TrainPosition":"1","TrainRunningPosition":"2","RailName":"T1303","StationID":"013","TerminalStationID":"000","DestinationID":"000"},{"TrainGroupNumber":"299","ServiceNumber":"801","TrainCrewNumber":"000","TrainPosition":"1","TrainRunningPosition":"2","RailName":"T1301","StationID":"013","TerminalStationID":"000","DestinationID":"000"},{"TrainGroupNumber":"201","ServiceNumber":"000","TrainCrewNumber":"000","TrainPosition":"1","TrainRunningPosition":"1","RailName":"T1304","StationID":"013","TerminalStationID":"000","DestinationID":"000"}]}}
10-12 10:30:50.612  2699  2813 D LogWriteUtil.class=LogFileHandlerThread.class: 1getFilePath: logFormat=2022-10-12, LogWriteUtil.logPathDir=/custom/metro/log
10-12 10:30:50.612  2699  2813 D LogWriteUtil.class=LogFileHandlerThread.class: 2getFilePath: filePath=/custom/metro/log/2022-10-12
10-12 10:30:50.612  2699  2813 D LogWriteUtil.class=LogFileHandlerThread.class: 1getCurrentFileName: LogWriteUtil.logfile=app.log
10-12 10:30:50.613  2699  2813 D LogWriteUtil.class=LogFileHandlerThread.class: 1getFilePath: logFormat=2022-10-12, LogWriteUtil.logPathDir=/custom/metro/log
10-12 10:30:50.613  2699  2813 D LogWriteUtil.class=LogFileHandlerThread.class: 2getFilePath: filePath=/custom/metro/log/2022-10-12
10-12 10:30:50.613  2699  2813 D LogWriteUtil.class=LogFileHandlerThread.class: getFileNameSuffix: file=/custom/metro/log/2022-10-12
10-12 10:30:50.614  2699  2813 D LogWriteUtil.class=LogFileHandlerThread.class: 2getCurrentFileName: index=3, LogWriteUtil.logfile=app.log, getFileNameSuffix=7
10-12 10:30:50.614  2699  5361 D DisApiSingletonReceive: parseStationAtsData: atsInfo=com.gbcom.library_base.data.StationAtsApiData@5a6d4
10-12 10:30:50.614  2699  5361 D BtrunCConfig: isR2Nubmer is true
10-12 10:30:50.614  2699  5361 D com.ztegota.system.GotaSystem: getMdn +866022013
10-12 10:30:50.614  2699  5361 D TAG     : getUserId: userId2=+866022013
10-12 10:30:50.614  2699  5361 D BtrunCConfig: isR2Nubmer is true
10-12 10:30:50.614  2699  5361 D com.ztegota.system.GotaSystem: getMdn +866022013
10-12 10:30:50.614  2699  5361 D TAG     : getUserId: userId2=+866022013
10-12 10:30:50.614  2699  5361 D BtrunCConfig: isR2Nubmer is true
10-12 10:30:50.614  2699  5361 D com.ztegota.system.GotaSystem: getMdn +866022013
10-12 10:30:50.614  2699  5361 D TAG     : getUserId: userId2=+866022013
10-12 10:30:50.615  2699  2813 D LogWriteUtil.class=LogFileHandlerThread.class: 1getFilePath: logFormat=2022-10-12, LogWriteUtil.logPathDir=/custom/metro/log
10-12 10:30:50.615  2699  2813 D LogWriteUtil.class=LogFileHandlerThread.class: 2getFilePath: filePath=/custom/metro/log/2022-10-12
10-12 10:30:50.615  2699  2813 D LogWriteUtil.class=LogFileHandlerThread.class: getFileNameSuffix: file=/custom/metro/log/2022-10-12
10-12 10:30:50.615  2699  2813 D LogWriteUtil.class=LogFileHandlerThread.class: 3getCurrentFileName: logFileName=app7.log
10-12 10:30:50.615  2699  2813 D LogWriteUtil.class=LogFileHandlerThread.class: 1,initFile: getFilePath()=/custom/metro/log/2022-10-12, getCurrentFileName=app7.log
10-12 10:30:50.616  2699  2813 D LogWriteUtil.class=LogFileHandlerThread.class: 1getFilePath: logFormat=2022-10-12, LogWriteUtil.logPathDir=/custom/metro/log
10-12 10:30:50.616  2699  2813 D LogWriteUtil.class=LogFileHandlerThread.class: 2getFilePath: filePath=/custom/metro/log/2022-10-12
10-12 10:30:50.617  2699  2813 D LogWriteUtil.class=LogFileHandlerThread.class: 1getCurrentFileName: LogWriteUtil.logfile=app.log
10-12 10:30:50.618  2699  3221 I APP_LogUtils.kt: [(LogUtils.kt:50).i()] [UdpDisServices] udp receive - api receive data disApi, udp service id=98 - running=true  - ip=/172.2.208.8 - port=64002 - message={"MsgSeqID":865,"MsgName":"DisReceivedNotify","MsgInfo":{"AppMsgSeqID":3312,"Code":10001}}
10-12 10:30:50.618  2699  2813 D LogWriteUtil.class=LogFileHandlerThread.class: 1getFilePath: logFormat=2022-10-12, LogWriteUtil.logPathDir=/custom/metro/log
10-12 10:30:50.618  2699  2813 D LogWriteUtil.class=LogFileHandlerThread.class: 2getFilePath: filePath=/custom/metro/log/2022-10-12
10-12 10:30:50.618  2699  2813 D LogWriteUtil.class=LogFileHandlerThread.class: getFileNameSuffix: file=/custom/metro/log/2022-10-12
10-12 10:30:50.619  2699  2813 D LogWriteUtil.class=LogFileHandlerThread.class: 2getCurrentFileName: index=3, LogWriteUtil.logfile=app.log, getFileNameSuffix=7
10-12 10:30:50.619  2699  2699 D MainActivity: onMessageEvent  -- gginit: disApi, id=1---event={"MsgSeqID":865,"MsgName":"DisReceivedNotify","MsgInfo":{"AppMsgSeqID":3312,"Code":10001}}
10-12 10:30:50.619  2699  2699 D MainViewModel: 1processDisApi: disApi, id=1
10-12 10:30:50.620  2699  4618 D DisApiSingletonReceive: processingData: disApi, id=164 - data={"MsgSeqID":865,"MsgName":"DisReceivedNotify","MsgInfo":{"AppMsgSeqID":3312,"Code":10001}}
10-12 10:30:50.620  2699  2813 D LogWriteUtil.class=LogFileHandlerThread.class: 1getFilePath: logFormat=2022-10-12, LogWriteUtil.logPathDir=/custom/metro/log
10-12 10:30:50.620  2699  2813 D LogWriteUtil.class=LogFileHandlerThread.class: 2getFilePath: filePath=/custom/metro/log/2022-10-12
10-12 10:30:50.620  2699  2813 D LogWriteUtil.class=LogFileHandlerThread.class: getFileNameSuffix: file=/custom/metro/log/2022-10-12
10-12 10:30:50.620  2699  2813 D LogWriteUtil.class=LogFileHandlerThread.class: 3getCurrentFileName: logFileName=app7.log
10-12 10:30:50.621  2699  2813 D LogWriteUtil.class=LogFileHandlerThread.class: 1getCurrentFileName: LogWriteUtil.logfile=app.log
10-12 10:30:50.621  2699  4618 D DisApiSingletonReceive: processingDisReceivedNotify: info=DisReceivedNotifyApiData(msgName=DisReceivedNotify, msgSeqID=865, msgInfo=ReceivedNotifyData(appMsgSeqID=0, code=10001))
10-12 10:30:50.622  2699  2813 D LogWriteUtil.class=LogFileHandlerThread.class: 1getFilePath: logFormat=2022-10-12, LogWriteUtil.logPathDir=/custom/metro/log
10-12 10:30:50.622  2699  2813 D LogWriteUtil.class=LogFileHandlerThread.class: 2getFilePath: filePath=/custom/metro/log/2022-10-12
10-12 10:30:50.622  2699  2813 D LogWriteUtil.class=LogFileHandlerThread.class: getFileNameSuffix: file=/custom/metro/log/2022-10-12
10-12 10:30:50.623  2699  2813 D LogWriteUtil.class=LogFileHandlerThread.class: 2getCurrentFileName: index=3, LogWriteUtil.logfile=app.log, getFileNameSuffix=7
10-12 10:30:50.624  2699  2813 D LogWriteUtil.class=LogFileHandlerThread.class: 1getFilePath: logFormat=2022-10-12, LogWriteUtil.logPathDir=/custom/metro/log
10-12 10:30:50.624  2699  2813 D LogWriteUtil.class=LogFileHandlerThread.class: 2getFilePath: filePath=/custom/metro/log/2022-10-12
10-12 10:30:50.624  2699  2813 D LogWriteUtil.class=LogFileHandlerThread.class: getFileNameSuffix: file=/custom/metro/log/2022-10-12
10-12 10:30:50.626  2699  2813 D LogWriteUtil.class=LogFileHandlerThread.class: 3getCurrentFileName: logFileName=app7.log
10-12 10:30:50.626  2699  2813 D TAG     : 2,initFile: /custom/metro/log/2022-10-12/app7.log, logFile.length=1018308, getCurrentFileName()=app7.log, writeFileName=/custom/metro/log/2022-10-12/app7.log
10-12 10:30:50.626  2699  2813 D LogWriteUtil.class=LogFileHandlerThread.class: 8,initFile: logFile=/custom/metro/log/2022-10-12/app7.log, logFile.length=1018308
10-12 10:30:50.628  2699  2813 D LogWriteUtil.class=LogFileHandlerThread.class: 1getFilePath: logFormat=2022-10-12, LogWriteUtil.logPathDir=/custom/metro/log
10-12 10:30:50.628  2699  2813 D LogWriteUtil.class=LogFileHandlerThread.class: 2getFilePath: filePath=/custom/metro/log/2022-10-12
10-12 10:30:50.628  2699  2813 D LogWriteUtil.class=LogFileHandlerThread.class: 1getCurrentFileName: LogWriteUtil.logfile=app.log
10-12 10:30:50.629  2699  2813 D LogWriteUtil.class=LogFileHandlerThread.class: 1getFilePath: logFormat=2022-10-12, LogWriteUtil.logPathDir=/custom/metro/log
10-12 10:30:50.629  2699  2813 D LogWriteUtil.class=LogFileHandlerThread.class: 2getFilePath: filePath=/custom/metro/log/2022-10-12
10-12 10:30:50.630  2699  2813 D LogWriteUtil.class=LogFileHandlerThread.class: getFileNameSuffix: file=/custom/metro/log/2022-10-12
10-12 10:30:50.630  2699  2813 D LogWriteUtil.class=LogFileHandlerThread.class: 2getCurrentFileName: index=3, LogWriteUtil.logfile=app.log, getFileNameSuffix=7
10-12 10:30:50.631  2699  2813 D LogWriteUtil.class=LogFileHandlerThread.class: 1getFilePath: logFormat=2022-10-12, LogWriteUtil.logPathDir=/custom/metro/log
10-12 10:30:50.632  2699  2813 D LogWriteUtil.class=LogFileHandlerThread.class: 2getFilePath: filePath=/custom/metro/log/2022-10-12
10-12 10:30:50.632  2699  2813 D LogWriteUtil.class=LogFileHandlerThread.class: getFileNameSuffix: file=/custom/metro/log/2022-10-12
10-12 10:30:50.632  2699  2813 D LogWriteUtil.class=LogFileHandlerThread.class: 3getCurrentFileName: logFileName=app7.log
10-12 10:30:50.632  2699  2813 D LogWriteUtil.class=LogFileHandlerThread.class: 1,initFile: getFilePath()=/custom/metro/log/2022-10-12, getCurrentFileName=app7.log
10-12 10:30:50.633  2699  2813 D LogWriteUtil.class=LogFileHandlerThread.class: 1getFilePath: logFormat=2022-10-12, LogWriteUtil.logPathDir=/custom/metro/log
10-12 10:30:50.633  2699  2813 D LogWriteUtil.class=LogFileHandlerThread.class: 2getFilePath: filePath=/custom/metro/log/2022-10-12
10-12 10:30:50.633  2699  2813 D LogWriteUtil.class=LogFileHandlerThread.class: 1getCurrentFileName: LogWriteUtil.logfile=app.log
10-12 10:30:50.634  2699  2813 D LogWriteUtil.class=LogFileHandlerThread.class: 1getFilePath: logFormat=2022-10-12, LogWriteUtil.logPathDir=/custom/metro/log
10-12 10:30:50.634  2699  2813 D LogWriteUtil.class=LogFileHandlerThread.class: 2getFilePath: filePath=/custom/metro/log/2022-10-12
10-12 10:30:50.634  2699  2813 D LogWriteUtil.class=LogFileHandlerThread.class: getFileNameSuffix: file=/custom/metro/log/2022-10-12
10-12 10:30:50.634  2699  2813 D LogWriteUtil.class=LogFileHandlerThread.class: 2getCurrentFileName: index=3, LogWriteUtil.logfile=app.log, getFileNameSuffix=7
10-12 10:30:50.635  2699  2813 D LogWriteUtil.class=LogFileHandlerThread.class: 1getFilePath: logFormat=2022-10-12, LogWriteUtil.logPathDir=/custom/metro/log
10-12 10:30:50.635  2699  2813 D LogWriteUtil.class=LogFileHandlerThread.class: 2getFilePath: filePath=/custom/metro/log/2022-10-12
10-12 10:30:50.636  2699  2813 D LogWriteUtil.class=LogFileHandlerThread.class: getFileNameSuffix: file=/custom/metro/log/2022-10-12
10-12 10:30:50.636  2699  2813 D LogWriteUtil.class=LogFileHandlerThread.class: 3getCurrentFileName: logFileName=app7.log
10-12 10:30:50.636  2699  2813 D LogWriteUtil.class=LogFileHandlerThread.class: 1getCurrentFileName: LogWriteUtil.logfile=app.log
10-12 10:30:50.637  2699  2813 D LogWriteUtil.class=LogFileHandlerThread.class: 1getFilePath: logFormat=2022-10-12, LogWriteUtil.logPathDir=/custom/metro/log
10-12 10:30:50.637  2699  2813 D LogWriteUtil.class=LogFileHandlerThread.class: 2getFilePath: filePath=/custom/metro/log/2022-10-12
10-12 10:30:50.637  2699  2699 D IndexFragment: initView: applyFxData() - ats=[StationAts(createTime=1665541850, trainGroupNumber=202, serviceNumber=000, trainCrewNumber=000, trainPosition=1, trainRunningPosition=2, railName=T1303, stationID=013, terminalStationID=000, destinationID=000, identityID=+866022013), StationAts(createTime=1665541850, trainGroupNumber=299, serviceNumber=801, trainCrewNumber=000, trainPosition=1, trainRunningPosition=2, railName=T1301, stationID=013, terminalStationID=000, destinationID=000, identityID=+866022013), StationAts(createTime=1665541850, trainGroupNumber=201, serviceNumber=000, trainCrewNumber=000, trainPosition=1, trainRunningPosition=1, railName=T1304, stationID=013, terminalStationID=000, destinationID=000, identityID=+866022013)]
10-12 10:30:50.637  2699  2813 D LogWriteUtil.class=LogFileHandlerThread.class: getFileNameSuffix: file=/custom/metro/log/2022-10-12
10-12 10:30:50.637  2699  2813 D LogWriteUtil.class=LogFileHandlerThread.class: 2getCurrentFileName: index=3, LogWriteUtil.logfile=app.log, getFileNameSuffix=7
10-12 10:30:50.638  2699  2813 D LogWriteUtil.class=LogFileHandlerThread.class: 1getFilePath: logFormat=2022-10-12, LogWriteUtil.logPathDir=/custom/metro/log
10-12 10:30:50.638  2699  2813 D LogWriteUtil.class=LogFileHandlerThread.class: 2getFilePath: filePath=/custom/metro/log/2022-10-12
10-12 10:30:50.638  2699  2813 D LogWriteUtil.class=LogFileHandlerThread.class: getFileNameSuffix: file=/custom/metro/log/2022-10-12
10-12 10:30:50.639  2699  2813 D LogWriteUtil.class=LogFileHandlerThread.class: 3getCurrentFileName: logFileName=app7.log
10-12 10:30:50.639  2699  2813 D TAG     : 2,initFile: /custom/metro/log/2022-10-12/app7.log, logFile.length=1019193, getCurrentFileName()=app7.log, writeFileName=/custom/metro/log/2022-10-12/app7.log
10-12 10:30:50.639  2699  2813 D LogWriteUtil.class=LogFileHandlerThread.class: 8,initFile: logFile=/custom/metro/log/2022-10-12/app7.log, logFile.length=1019193
10-12 10:30:50.906  2699  5361 D MainViewModel: getSystemTime_currentThreadID2: 211
10-12 10:30:50.908  2699  4618 D TAG     : getSystemTime_currentThreadID3s: 164, isActive=true
10-12 10:30:50.947  2699  3221 D UdpDisServices: udp receive - api receive data disApi, udp service id=98  - udp.packet.address=/172.2.208.8, udp.pack.socketAddress=/172.2.208.8:64002, udp.port=64002- running=true - message={"MsgSeqID":832,"MsgName":"GetStationATSRsp","MsgInfo":{"Code":10011,"StationATSInfos":[{"TrainGroupNumber":"202","ServiceNumber":"000","TrainCrewNumber":"000","TrainPosition":"1","TrainRunningPosition":"2","RailName":"T1303","StationID":"013","TerminalStationID":"000","DestinationID":"000"},{"TrainGroupNumber":"299","ServiceNumber":"801","TrainCrewNumber":"000","TrainPosition":"1","TrainRunningPosition":"2","RailName":"T1301","StationID":"013","TerminalStationID":"000","DestinationID":"000"},{"TrainGroupNumber":"201","ServiceNumber":"000","TrainCrewNumber":"000","TrainPosition":"1","TrainRunningPosition":"1","RailName":"T1304","StationID":"013","TerminalStationID":"000","DestinationID":"000"}]}}
10-12 10:30:50.949  2699  3221 I APP_LogUtils.kt: [(LogUtils.kt:50).i()] [UdpDisServices] udp receive - api receive data disApi, udp service id=98 - running=true  - ip=/172.2.208.8 - port=64002 - message={"MsgSeqID":832,"MsgName":"GetStationATSRsp","MsgInfo":{"Code":10011,"StationATSInfos":[{"TrainGroupNumber":"202","ServiceNumber":"000","TrainCrewNumber":"000","TrainPosition":"1","TrainRunningPosition":"2","RailName":"T1303","StationID":"013","TerminalStationID":"000","DestinationID":"000"},{"TrainGroupNumber":"299","ServiceNumber":"801","TrainCrewNumber":"000","TrainPosition":"1","TrainRunningPosition":"2","RailName":"T1301","StationID":"013","TerminalStationID":"000","DestinationID":"000"},{"TrainGroupNumber":"201","ServiceNumber":"000","TrainCrewNumber":"000","TrainPosition":"1","TrainRunningPosition":"1","RailName":"T1304","StationID":"013","TerminalStationID":"000","DestinationID":"000"}]}}
10-12 10:30:50.950  2699  3221 D UdpDisServices: udp receive - api receive data disApi, udp service id=98  - udp.packet.address=/172.2.208.8, udp.pack.socketAddress=/172.2.208.8:64002, udp.port=64002- running=true - message={"MsgSeqID":849,"MsgName":"GetStationATSRsp","MsgInfo":{"Code":10011,"StationATSInfos":[{"TrainGroupNumber":"202","ServiceNumber":"000","TrainCrewNumber":"000","TrainPosition":"1","TrainRunningPosition":"2","RailName":"T1303","StationID":"013","TerminalStationID":"000","DestinationID":"000"},{"TrainGroupNumber":"299","ServiceNumber":"801","TrainCrewNumber":"000","TrainPosition":"1","TrainRunningPosition":"2","RailName":"T1301","StationID":"013","TerminalStationID":"000","DestinationID":"000"},{"TrainGroupNumber":"201","ServiceNumber":"000","TrainCrewNumber":"000","TrainPosition":"1","TrainRunningPosition":"1","RailName":"T1304","StationID":"013","TerminalStationID":"000","DestinationID":"000"}]}}
10-12 10:30:50.950  2699  2699 D MainActivity: onMessageEvent  -- gginit: disApi, id=1---event={"MsgSeqID":832,"MsgName":"GetStationATSRsp","MsgInfo":{"Code":10011,"StationATSInfos":[{"TrainGroupNumber":"202","ServiceNumber":"000","TrainCrewNumber":"000","TrainPosition":"1","TrainRunningPosition":"2","RailName":"T1303","StationID":"013","TerminalStationID":"000","DestinationID":"000"},{"TrainGroupNumber":"299","ServiceNumber":"801","TrainCrewNumber":"000","TrainPosition":"1","TrainRunningPosition":"2","RailName":"T1301","StationID":"013","TerminalStationID":"000","DestinationID":"000"},{"TrainGroupNumber":"201","ServiceNumber":"000","TrainCrewNumber":"000","TrainPosition":"1","TrainRunningPosition":"1","RailName":"T1304","StationID":"013","TerminalStationID":"000","DestinationID":"000"}]}}
10-12 10:30:50.950  2699  2699 D MainViewModel: 1processDisApi: disApi, id=1
10-12 10:30:50.951  2699  3221 I APP_LogUtils.kt: [(LogUtils.kt:50).i()] [UdpDisServices] udp receive - api receive data disApi, udp service id=98 - running=true  - ip=/172.2.208.8 - port=64002 - message={"MsgSeqID":849,"MsgName":"GetStationATSRsp","MsgInfo":{"Code":10011,"StationATSInfos":[{"TrainGroupNumber":"202","ServiceNumber":"000","TrainCrewNumber":"000","TrainPosition":"1","TrainRunningPosition":"2","RailName":"T1303","StationID":"013","TerminalStationID":"000","DestinationID":"000"},{"TrainGroupNumber":"299","ServiceNumber":"801","TrainCrewNumber":"000","TrainPosition":"1","TrainRunningPosition":"2","RailName":"T1301","StationID":"013","TerminalStationID":"000","DestinationID":"000"},{"TrainGroupNumber":"201","ServiceNumber":"000","TrainCrewNumber":"000","TrainPosition":"1","TrainRunningPosition":"1","RailName":"T1304","StationID":"013","TerminalStationID":"000","DestinationID":"000"}]}}
10-12 10:30:50.951  2699  2813 D LogWriteUtil.class=LogFileHandlerThread.class: 1getFilePath: logFormat=2022-10-12, LogWriteUtil.logPathDir=/custom/metro/log
10-12 10:30:50.951  2699  2813 D LogWriteUtil.class=LogFileHandlerThread.class: 2getFilePath: filePath=/custom/metro/log/2022-10-12
10-12 10:30:50.951  2699  4618 D DisApiSingletonReceive: processingData: disApi, id=164 - data={"MsgSeqID":832,"MsgName":"GetStationATSRsp","MsgInfo":{"Code":10011,"StationATSInfos":[{"TrainGroupNumber":"202","ServiceNumber":"000","TrainCrewNumber":"000","TrainPosition":"1","TrainRunningPosition":"2","RailName":"T1303","StationID":"013","TerminalStationID":"000","DestinationID":"000"},{"TrainGroupNumber":"299","ServiceNumber":"801","TrainCrewNumber":"000","TrainPosition":"1","TrainRunningPosition":"2","RailName":"T1301","StationID":"013","TerminalStationID":"000","DestinationID":"000"},{"TrainGroupNumber":"201","ServiceNumber":"000","TrainCrewNumber":"000","TrainPosition":"1","TrainRunningPosition":"1","RailName":"T1304","StationID":"013","TerminalStationID":"000","DestinationID":"000"}]}}
10-12 10:30:50.952  2699  2813 D LogWriteUtil.class=LogFileHandlerThread.class: 1getCurrentFileName: LogWriteUtil.logfile=app.log
10-12 10:30:50.952  2699  2699 D MainActivity: onMessageEvent  -- gginit: disApi, id=1---event={"MsgSeqID":849,"MsgName":"GetStationATSRsp","MsgInfo":{"Code":10011,"StationATSInfos":[{"TrainGroupNumber":"202","ServiceNumber":"000","TrainCrewNumber":"000","TrainPosition":"1","TrainRunningPosition":"2","RailName":"T1303","StationID":"013","TerminalStationID":"000","DestinationID":"000"},{"TrainGroupNumber":"299","ServiceNumber":"801","TrainCrewNumber":"000","TrainPosition":"1","TrainRunningPosition":"2","RailName":"T1301","StationID":"013","TerminalStationID":"000","DestinationID":"000"},{"TrainGroupNumber":"201","ServiceNumber":"000","TrainCrewNumber":"000","TrainPosition":"1","TrainRunningPosition":"1","RailName":"T1304","StationID":"013","TerminalStationID":"000","DestinationID":"000"}]}}
10-12 10:30:50.952  2699  2699 D MainViewModel: 1processDisApi: disApi, id=1
10-12 10:30:50.953  2699  2813 D LogWriteUtil.class=LogFileHandlerThread.class: 1getFilePath: logFormat=2022-10-12, LogWriteUtil.logPathDir=/custom/metro/log
10-12 10:30:50.953  2699  2813 D LogWriteUtil.class=LogFileHandlerThread.class: 2getFilePath: filePath=/custom/metro/log/2022-10-12
10-12 10:30:50.954  2699  2813 D LogWriteUtil.class=LogFileHandlerThread.class: getFileNameSuffix: file=/custom/metro/log/2022-10-12
10-12 10:30:50.954  2699  4618 D DisApiSingletonReceive: parseStationAtsData: atsInfo=com.gbcom.library_base.data.StationAtsApiData@d42f779
10-12 10:30:50.954  2699  4618 D BtrunCConfig: isR2Nubmer is true
10-12 10:30:50.954  2699  2813 D LogWriteUtil.class=LogFileHandlerThread.class: 2getCurrentFileName: index=3, LogWriteUtil.logfile=app.log, getFileNameSuffix=7
10-12 10:30:50.954  2699  4618 D com.ztegota.system.GotaSystem: getMdn +866022013
10-12 10:30:50.954  2699  4618 D TAG     : getUserId: userId2=+866022013
10-12 10:30:50.954  2699  4618 D BtrunCConfig: isR2Nubmer is true
10-12 10:30:50.954  2699  4618 D com.ztegota.system.GotaSystem: getMdn +866022013
10-12 10:30:50.954  2699  4618 D TAG     : getUserId: userId2=+866022013
10-12 10:30:50.954  2699  4618 D BtrunCConfig: isR2Nubmer is true
10-12 10:30:50.954  2699  4618 D com.ztegota.system.GotaSystem: getMdn +866022013
10-12 10:30:50.955  2699  4618 D TAG     : getUserId: userId2=+866022013
10-12 10:30:50.955  2699  2813 D LogWriteUtil.class=LogFileHandlerThread.class: 1getFilePath: logFormat=2022-10-12, LogWriteUtil.logPathDir=/custom/metro/log
10-12 10:30:50.955  2699  2813 D LogWriteUtil.class=LogFileHandlerThread.class: 2getFilePath: filePath=/custom/metro/log/2022-10-12
10-12 10:30:50.955  2699  5198 D DisApiSingletonReceive: processingData: disApi, id=197 - data={"MsgSeqID":849,"MsgName":"GetStationATSRsp","MsgInfo":{"Code":10011,"StationATSInfos":[{"TrainGroupNumber":"202","ServiceNumber":"000","TrainCrewNumber":"000","TrainPosition":"1","TrainRunningPosition":"2","RailName":"T1303","StationID":"013","TerminalStationID":"000","DestinationID":"000"},{"TrainGroupNumber":"299","ServiceNumber":"801","TrainCrewNumber":"000","TrainPosition":"1","TrainRunningPosition":"2","RailName":"T1301","StationID":"013","TerminalStationID":"000","DestinationID":"000"},{"TrainGroupNumber":"201","ServiceNumber":"000","TrainCrewNumber":"000","TrainPosition":"1","TrainRunningPosition":"1","RailName":"T1304","StationID":"013","TerminalStationID":"000","DestinationID":"000"}]}}
10-12 10:30:50.955  2699  2813 D LogWriteUtil.class=LogFileHandlerThread.class: getFileNameSuffix: file=/custom/metro/log/2022-10-12
10-12 10:30:50.956  2699  2813 D LogWriteUtil.class=LogFileHandlerThread.class: 3getCurrentFileName: logFileName=app7.log
10-12 10:30:50.956  2699  2813 D LogWriteUtil.class=LogFileHandlerThread.class: 1,initFile: getFilePath()=/custom/metro/log/2022-10-12, getCurrentFileName=app7.log
10-12 10:30:50.957  2699  2813 D LogWriteUtil.class=LogFileHandlerThread.class: 1getFilePath: logFormat=2022-10-12, LogWriteUtil.logPathDir=/custom/metro/log
