--------- beginning of main
10-11 14:28:31.555   791   791 I MSM-irqbalance: Decided to move IRQ5 from CPU2 [P:0] to CPU7 [P:1] (banned)
10-11 14:28:31.557   791   791 I MSM-irqbalance: Decided to move IRQ188 from CPU3 [P:0] to CPU4 [P:1] (banned)
10-11 14:28:31.558   791   791 I MSM-irqbalance: Decided to move IRQ5 from CPU3 [P:0] to CPU6 [P:1] (banned)
10-11 14:28:31.560   791   791 I MSM-irqbalance: Decided to move IRQ5 from CPU0 [P:0] to CPU5 [P:1] (banned)
10-11 14:28:31.562   791   791 I MSM-irqbalance: Decided to move IRQ5 from CPU1 [P:0] to CPU7 [P:1] (banned)
10-11 14:28:34.176   660   660 I cnss-daemon: RTM_NEWNEIGH message received: 28
10-11 14:28:34.177   660   660 E cnss-daemon: Stale or unreachable neighbors, ndm state: 4
10-11 14:28:34.778  1427  2520 E LocSvc_libulp: I/int ulp_msg_process_system_update(const UlpSystemEvent): systemEvent:5 
10-11 14:28:36.754   791   791 I MSM-irqbalance: Decided to move IRQ5 from CPU2 [P:0] to CPU7 [P:1] (banned)
10-11 14:28:36.757   791   791 I MSM-irqbalance: Decided to move IRQ5 from CPU3 [P:0] to CPU4 [P:1] (banned)
10-11 14:28:36.759   791   791 I MSM-irqbalance: Decided to move IRQ5 from CPU0 [P:0] to CPU6 [P:1] (banned)
10-11 14:28:36.760   791   791 I MSM-irqbalance: Decided to move IRQ5 from CPU1 [P:0] to CPU5 [P:1] (banned)
10-11 14:28:41.758   660   660 I cnss-daemon: RTM_NEWNEIGH message received: 28
10-11 14:28:41.759   660   660 E cnss-daemon: Stale or unreachable neighbors, ndm state: 4
10-11 14:28:41.768   791   791 I MSM-irqbalance: Decided to move IRQ5 from CPU2 [P:0] to CPU7 [P:1] (banned)
10-11 14:28:41.770   791   791 I MSM-irqbalance: Decided to move IRQ5 from CPU3 [P:0] to CPU4 [P:1] (banned)
10-11 14:28:41.772   791   791 I MSM-irqbalance: Decided to move IRQ5 from CPU0 [P:0] to CPU6 [P:1] (banned)
10-11 14:28:41.773   791   791 I MSM-irqbalance: Decided to move IRQ5 from CPU1 [P:0] to CPU5 [P:1] (banned)
10-11 14:28:43.239   660   660 I cnss-daemon: RTM_NEWNEIGH message received: 28
10-11 14:28:43.239   660   660 E cnss-daemon: Stale or unreachable neighbors, ndm state: 4
10-11 14:28:44.270   660   660 I cnss-daemon: RTM_NEWNEIGH message received: 28
10-11 14:28:44.270   660   660 E cnss-daemon: Stale or unreachable neighbors, ndm state: 4
10-11 14:28:46.777   791   791 I MSM-irqbalance: Decided to move IRQ5 from CPU2 [P:0] to CPU7 [P:1] (banned)
10-11 14:28:46.779   791   791 I MSM-irqbalance: Decided to move IRQ5 from CPU0 [P:0] to CPU4 [P:1] (banned)
10-11 14:28:46.781   791   791 I MSM-irqbalance: Decided to move IRQ5 from CPU3 [P:0] to CPU6 [P:1] (banned)
10-11 14:28:46.782   791   791 I MSM-irqbalance: Decided to move IRQ5 from CPU1 [P:0] to CPU5 [P:1] (banned)
10-11 14:28:51.776   791   791 I MSM-irqbalance: Decided to move IRQ5 from CPU2 [P:0] to CPU7 [P:1] (banned)
10-11 14:28:51.778   791   791 I MSM-irqbalance: Decided to move IRQ5 from CPU0 [P:0] to CPU4 [P:1] (banned)
10-11 14:28:51.779   791   791 I MSM-irqbalance: Decided to move IRQ5 from CPU3 [P:0] to CPU6 [P:1] (banned)
10-11 14:28:51.780   791   791 I MSM-irqbalance: Decided to move IRQ5 from CPU1 [P:0] to CPU5 [P:1] (banned)
10-11 14:28:53.749   660   660 I cnss-daemon: RTM_NEWNEIGH message received: 28
10-11 14:28:53.749   660   660 E cnss-daemon: Stale or unreachable neighbors, ndm state: 16
10-11 14:28:53.749   660   660 I cnss-daemon: RTM_NEWNEIGH message received: 28
10-11 14:28:53.749   660   660 I cnss-daemon: NDA_DST received: 192.168.42.131 ul: 562995103705280
10-11 14:28:53.749   660   660 I cnss-daemon: NDA_LLADDR received
10-11 14:28:56.934   791   791 I MSM-irqbalance: Decided to move IRQ5 from CPU2 [P:0] to CPU7 [P:1] (banned)
10-11 14:28:56.937   791   791 I MSM-irqbalance: Decided to move IRQ5 from CPU0 [P:0] to CPU4 [P:1] (banned)
10-11 14:28:56.941   791   791 I MSM-irqbalance: Decided to move IRQ5 from CPU3 [P:0] to CPU6 [P:1] (banned)
10-11 14:28:56.944   791   791 I MSM-irqbalance: Decided to move IRQ5 from CPU1 [P:0] to CPU5 [P:1] (banned)
10-11 14:28:59.356  1427  1652 E ActivityManager: Sending non-protected broadcast NTP Service from system uid 1000 pkg com.gbcom.metrosystem
10-11 14:28:59.356  1427  1652 E ActivityManager: java.lang.Throwable
10-11 14:28:59.356  1427  1652 E ActivityManager: 	at com.android.server.am.ActivityManagerService.checkBroadcastFromSystem(ActivityManagerService.java:18277)
10-11 14:28:59.356  1427  1652 E ActivityManager: 	at com.android.server.am.ActivityManagerService.broadcastIntentLocked(ActivityManagerService.java:18844)
10-11 14:28:59.356  1427  1652 E ActivityManager: 	at com.android.server.am.ActivityManagerService.broadcastIntentInPackage(ActivityManagerService.java:18957)
10-11 14:28:59.356  1427  1652 E ActivityManager: 	at com.android.server.am.PendingIntentRecord.sendInner(PendingIntentRecord.java:308)
10-11 14:28:59.356  1427  1652 E ActivityManager: 	at com.android.server.am.PendingIntentRecord.sendWithResult(PendingIntentRecord.java:205)
10-11 14:28:59.356  1427  1652 E ActivityManager: 	at com.android.server.am.ActivityManagerService.sendIntentSender(ActivityManagerService.java:7409)
10-11 14:28:59.356  1427  1652 E ActivityManager: 	at android.app.PendingIntent.send(PendingIntent.java:836)
10-11 14:28:59.356  1427  1652 E ActivityManager: 	at com.android.server.AlarmManagerService$DeliveryTracker.deliverLocked(AlarmManagerService.java:3113)
10-11 14:28:59.356  1427  1652 E ActivityManager: 	at com.android.server.AlarmManagerService.deliverAlarmsLocked(AlarmManagerService.java:2546)
10-11 14:28:59.356  1427  1652 E ActivityManager: 	at com.android.server.AlarmManagerService$AlarmThread.run(AlarmManagerService.java:2667)
10-11 14:29:00.011  1700  1700 D KeyguardUpdateMonitor: received broadcast android.intent.action.TIME_TICK
10-11 14:29:00.012  1700  1700 D KeyguardUpdateMonitor: handleTimeUpdate
10-11 14:29:00.801  1956  1956 V BoostFramework: mAcquireFunc method = public int com.qualcomm.qti.Performance.perfLockAcquire(int,int[])
10-11 14:29:00.801  1956  1956 V BoostFramework: mReleaseFunc method = public int com.qualcomm.qti.Performance.perfLockRelease()
10-11 14:29:00.802  1956  1956 V BoostFramework: mAcquireTouchFunc method = public int com.qualcomm.qti.Performance.perfLockAcquireTouch(android.view.MotionEvent,android.util.DisplayMetrics,int,int[])
10-11 14:29:00.802  1956  1956 V BoostFramework: mIOPStart method = public int com.qualcomm.qti.Performance.perfIOPrefetchStart(int,java.lang.String)
10-11 14:29:00.802  1956  1956 V BoostFramework: mIOPStop method = public int com.qualcomm.qti.Performance.perfIOPrefetchStop()
10-11 14:29:00.811  1956  1956 V BoostFramework: BoostFramework() : mPerf = com.qualcomm.qti.Performance@6b0e7f4
10-11 14:29:00.846   621  2067 I AudioPolicyManagerCustom: FLAG None hence request for a primary output
10-11 14:29:00.847   621  4304 I AudioPolicyManagerCustom: FLAG None hence request for a primary output
10-11 14:29:00.947   621  1065 D audio_hw_primary: out_set_parameters: enter: usecase(1: low-latency-playback) kvpairs: routing=2
10-11 14:29:00.948   621  1065 D audio_hw_extn: audio_extn_set_anc_parameters: anc_enabled:0
10-11 14:29:00.948   621  1065 D audio_hw_spkr_prot: audio_extn_fbsp_set_parameters: Speaker protection disabled
10-11 14:29:00.961   621  1065 D audio_hw_primary: start_output_stream: enter: stream(0xef9b7800)usecase(1: low-latency-playback) devices(0x2)
10-11 14:29:00.964   439  2283 E ANDR-PERF-MPCTL: Invalid profile no. 0, total profiles 0 only
10-11 14:29:00.964   621  1065 D audio_hw_primary: select_devices for use case (low-latency-playback)
10-11 14:29:00.964   621  1065 D audio_hw_primary: select_devices: out_snd_device(2: speaker) in_snd_device(0: )
10-11 14:29:00.964   621  1065 I msm8916_platform: platform_check_and_set_codec_backend_cfg:becf: afe: bitwidth 16, samplerate 48000 channels 2, backend_idx 0 usecase = 1 device (speaker)
10-11 14:29:00.965   621  1065 D msm8916_platform: platform_can_split_snd_device: snd_device(2) num devices(1) new_snd_devices(999542)
10-11 14:29:00.965   621  1065 I msm8916_platform: platform_check_and_set_codec_backend_cfg: becf: new_snd_devices[0] is speaker
10-11 14:29:00.965   621  1065 I msm8916_platform: platform_check_codec_backend_cfg:becf: afe: Codec selected backend: 0 current bit width: 16 sample rate: 48000 channels: 2
10-11 14:29:00.965   621  1065 D msm8916_platform: platform_check_codec_backend_cfg:becf: afe: playback on non-44.1-support device Configure afe to default Sample Rate(48k)
10-11 14:29:00.965   621  1065 D msm8916_platform: platform_check_codec_backend_cfg:becf: afe: only 48KHZ sample rate is supported Configure afe to default Sample Rate(48k)
10-11 14:29:00.965   621  1065 I msm8916_platform: platform_check_codec_backend_cfg:becf: afe: Codec selected backend: 0 updated bit width: 16 and sample rate: 48000
10-11 14:29:00.965   621  1065 D audio_hw_primary: check_usecases_codec_backend:becf: force routing 0
10-11 14:29:00.965   621  1065 E msm8916_platform: platform_check_backends_match: Invalid snd_device = 
10-11 14:29:00.966   621  1065 D audio_hw_primary: check_usecases_codec_backend:becf: (40) check_usecases curr device: speaker, usecase device: backends match 0
10-11 14:29:00.966   621  1065 D audio_hw_primary: check_usecases_codec_backend:becf: check_usecases num.of Usecases to switch 0
10-11 14:29:00.966   621  1065 D hardware_info: hw_info_append_hw_type : device_name = speaker
10-11 14:29:00.966   621  1065 D msm8916_platform: platform_can_split_snd_device: snd_device(2) num devices(0) new_snd_devices(0)
10-11 14:29:00.966   621  1065 D audio_hw_primary: enable_snd_device: snd_device(2: speaker)
10-11 14:29:00.966   621  1065 I soundtrigger: audio_extn_sound_trigger_update_device_status: device 0x2 of type 0 for Event 1, with Raise=0
10-11 14:29:00.966   621  1065 D aud_dev_arbi: acquireOneDevice: device owner for device 2 is 1
10-11 14:29:00.980   621  1065 I audio_hw_primary: select_devices Selected apptype: 69937
10-11 14:29:00.980   621  1065 D soundtrigger: audio_extn_sound_trigger_update_stream_status: uc_id 1 of type 0 for Event 3, with Raise=0
10-11 14:29:00.981   621  1065 I audio_hw_utils: audio_extn_utils_send_app_type_cfg PLAYBACK app_type = 69937, acdb_dev_id = 14, sample_rate = 48000
10-11 14:29:00.981   621  1065 D msm8916_platform: platform_can_split_snd_device: snd_device(2) num devices(1) new_snd_devices(0)
10-11 14:29:00.981   621  1065 D ACDB-LOADER: ACDB -> send_audio_cal, acdb_id = 14, path = 0, app id = 0x11131, sample rate = 48000
10-11 14:29:00.982   621  1065 D ACDB-LOADER: ACDB -> send_asm_topology
10-11 14:29:00.982   621  1065 D ACDB-LOADER: ACDB -> ACDB_CMD_GET_AUDPROC_STREAM_TOPOLOGY_ID
10-11 14:29:00.982   621  1065 D ACDB-LOADER: ACDB -> send_adm_topology
10-11 14:29:00.982   621  1065 D ACDB-LOADER: ACDB -> ACDB_CMD_GET_AUDPROC_COMMON_TOPOLOGY_ID
10-11 14:29:00.982   621  1065 D ACDB-LOADER: ACDB -> send_audtable
10-11 14:29:00.982   621  1065 D ACDB-LOADER: ACDB -> ACDB_CMD_GET_AUDPROC_COMMON_TABLE_SIZE
10-11 14:29:00.982   621  1065 D ACDB-LOADER: ACDB -> ACDB_CMD_GET_AUDPROC_COMMON_TABLE
10-11 14:29:00.982   621  1065 D ACDB-LOADER: ACDB -> AUDIO_SET_AUDPROC_CAL
10-11 14:29:00.982   621  1065 D ACDB-LOADER: ACDB -> send_audvoltable
10-11 14:29:00.982   621  1065 D ACDB-LOADER: ACDB -> ACDB_CMD_GET_AUDPROC_GAIN_DEP_STEP_TABLE, vol index 0
10-11 14:29:00.982   621  1065 D ACDB-LOADER: ACDB -> AUDIO_SET_VOL_CAL cal type = 12
10-11 14:29:00.982   621  1065 D ACDB-LOADER: ACDB -> send_audstrmtable
10-11 14:29:00.982   621  1065 D ACDB-LOADER: ACDB -> ACDB_CMD_GET_AUDPROC_STREAM_TABLE_V2
10-11 14:29:00.982   621  1065 D ACDB-LOADER: ACDB -> audstrm_cal->cal_type.cal_data.cal_size = 16
10-11 14:29:00.982   621  1065 D ACDB-LOADER: ACDB -> send_afe_topology
10-11 14:29:00.982   621  1065 D ACDB-LOADER: ACDB -> ACDB_CMD_GET_AFE_TOPOLOGY_ID
10-11 14:29:00.982   621  1065 D ACDB-LOADER: ACDB -> GET_AFE_TOPOLOGY_ID for adcd_id 14, Topology Id 1025e
10-11 14:29:00.982   621  1065 D ACDB-LOADER: ACDB -> send_afe_cal
10-11 14:29:00.982   621  1065 D ACDB-LOADER: ACDB -> ACDB_CMD_GET_AFE_COMMON_TABLE
10-11 14:29:00.983   621  1065 D ACDB-LOADER: ACDB -> AUDIO_SET_AFE_CAL
10-11 14:29:00.983   621  1065 D ACDB-LOADER: ACDB -> send_hw_delay : acdb_id = 14 path = 0
10-11 14:29:00.983   621  1065 D ACDB-LOADER: ACDB -> ACDB_AVSYNC_INFO: ACDB_CMD_GET_DEVICE_PROPERTY
10-11 14:29:00.983   621  1065 D audio_hw_primary: enable_audio_route: apply mixer and update path: low-latency-playback
10-11 14:29:00.989   621  1065 D audio_hw_primary: select_devices: done
10-11 14:29:00.993   621  1065 D msm8916_platform: platform_set_channel_map mixer_ctl_name:Playback Channel Map12
10-11 14:29:00.993   621  1065 D msm8916_platform: platform_set_channel_map: set mapping(1 2 0 0 0 0 0 0) for channel:2
10-11 14:29:01.002   621  2067 I AudioPolicyManagerCustom: FLAG None hence request for a primary output
10-11 14:29:01.003   621  4304 I AudioPolicyManagerCustom: FLAG None hence request for a primary output
10-11 14:29:01.052   621  1065 D audio_hw_primary: start_output_stream: exit
10-11 14:29:01.158   621  4303 I AudioPolicyManagerCustom: FLAG None hence request for a primary output
10-11 14:29:01.159   621  1692 I AudioPolicyManagerCustom: FLAG None hence request for a primary output
10-11 14:29:01.161   621  3500 I AudioPolicyManagerCustom: Direct PCM is disabled for this request
10-11 14:29:01.163   621  2067 D compress_voip: voice_extn_compress_voip_out_get_parameters: enter
10-11 14:29:01.313   621  4303 I AudioPolicyManagerCustom: FLAG None hence request for a primary output
10-11 14:29:01.314   621  1692 I AudioPolicyManagerCustom: FLAG None hence request for a primary output
10-11 14:29:01.468   621  2067 I AudioPolicyManagerCustom: FLAG None hence request for a primary output
10-11 14:29:01.469   621  4304 I AudioPolicyManagerCustom: FLAG None hence request for a primary output
10-11 14:29:01.471   621  1065 D audio_hw_primary: out_set_parameters: enter: usecase(1: low-latency-playback) kvpairs: routing=2
10-11 14:29:01.475   621  1065 D audio_hw_primary: select_devices for use case (low-latency-playback)
10-11 14:29:01.475   621  1065 D audio_hw_extn: audio_extn_set_anc_parameters: anc_enabled:0
10-11 14:29:01.475   621  1065 D audio_hw_spkr_prot: audio_extn_fbsp_set_parameters: Speaker protection disabled
10-11 14:29:01.607   621  4304 I AudioPolicyManagerCustom: FLAG None hence request for a primary output
10-11 14:29:01.608   621   621 I AudioPolicyManagerCustom: FLAG None hence request for a primary output
10-11 14:29:01.945   791   791 I MSM-irqbalance: Decided to move IRQ5 from CPU2 [P:0] to CPU7 [P:1] (banned)
10-11 14:29:01.948   791   791 I MSM-irqbalance: Decided to move IRQ5 from CPU0 [P:0] to CPU4 [P:1] (banned)
10-11 14:29:01.949   791   791 I MSM-irqbalance: Decided to move IRQ5 from CPU3 [P:0] to CPU6 [P:1] (banned)
10-11 14:29:01.950   791   791 I MSM-irqbalance: Decided to move IRQ5 from CPU1 [P:0] to CPU5 [P:1] (banned)
10-11 14:29:02.768   621  1302 I AudioPolicyManagerCustom: FLAG None hence request for a primary output
10-11 14:29:02.770   621  3500 I AudioPolicyManagerCustom: FLAG None hence request for a primary output
10-11 14:29:02.774   621  1065 D audio_hw_primary: out_set_parameters: enter: usecase(1: low-latency-playback) kvpairs: routing=2
10-11 14:29:02.775   621  1065 D audio_hw_primary: select_devices for use case (low-latency-playback)
10-11 14:29:02.775   621  1065 D audio_hw_extn: audio_extn_set_anc_parameters: anc_enabled:0
10-11 14:29:02.776   621  1065 D audio_hw_spkr_prot: audio_extn_fbsp_set_parameters: Speaker protection disabled
--------- beginning of system
10-11 14:29:02.799  1427  1663 I ActivityManager: START u0 {act=android.intent.action.MAIN cat=[android.intent.category.HOME,android.intent.category.DEFAULT] cmp=android/com.android.internal.app.ResolverActivity} from uid 1000 on display 0
10-11 14:29:02.813  1427  1663 D ActivityTrigger: ActivityTrigger activityPauseTrigger 
10-11 14:29:02.882  1427  1982 I ActivityManager: Start proc 4932:system:ui/1000 for activity android/com.android.internal.app.ResolverActivity
10-11 14:29:02.882  1427  1982 V BoostFramework: BoostFramework() : mPerf = com.qualcomm.qti.Performance@39775fe
10-11 14:29:03.058  4932  4932 V BoostFramework: mAcquireFunc method = public int com.qualcomm.qti.Performance.perfLockAcquire(int,int[])
10-11 14:29:03.059  4932  4932 V BoostFramework: mReleaseFunc method = public int com.qualcomm.qti.Performance.perfLockRelease()
10-11 14:29:03.059  4932  4932 V BoostFramework: mAcquireTouchFunc method = public int com.qualcomm.qti.Performance.perfLockAcquireTouch(android.view.MotionEvent,android.util.DisplayMetrics,int,int[])
10-11 14:29:03.059  4932  4932 V BoostFramework: mIOPStart method = public int com.qualcomm.qti.Performance.perfIOPrefetchStart(int,java.lang.String)
10-11 14:29:03.059  4932  4932 V BoostFramework: mIOPStop method = public int com.qualcomm.qti.Performance.perfIOPrefetchStop()
10-11 14:29:03.071  4932  4932 V BoostFramework: BoostFramework() : mPerf = com.qualcomm.qti.Performance@9b8aa1e
10-11 14:29:03.071  4932  4932 V BoostFramework: BoostFramework() : mPerf = com.qualcomm.qti.Performance@8a9c2ff
10-11 14:29:03.187  1956  1963 I art     : Do partial code cache collection, code=21KB, data=31KB
10-11 14:29:03.188  1956  1963 I art     : After code cache collection, code=21KB, data=31KB
10-11 14:29:03.188  1956  1963 I art     : Increasing code cache capacity to 128KB
10-11 14:29:03.232  1427  1527 I ActivityManager: Displayed android/com.android.internal.app.ResolverActivity: +398ms
10-11 14:29:03.234  1700  1700 V PhoneStatusBarPolicy: updateManagedProfile: mManagedProfileFocused: false
10-11 14:29:03.564   574   901 E libnav  : CablComputeBacklightLevel(): UpdateType = DifferentSceneUpdate
10-11 14:29:03.947  4932  4932 V BoostFramework: BoostFramework() : mPerf = com.qualcomm.qti.Performance@b15f01
10-11 14:29:04.106   621  3500 I AudioPolicyManagerCustom: FLAG None hence request for a primary output
10-11 14:29:04.107  1427  1453 I PackageManager: Setting last chosen activity com.android.launcher/com.android.launcher2.Launcher for user 0:
10-11 14:29:04.107   621  4304 I AudioPolicyManagerCustom: FLAG None hence request for a primary output
10-11 14:29:04.107  1427  1453 I PackageManager:   Action: "android.intent.action.MAIN"
10-11 14:29:04.107  1427  1453 I PackageManager:   Category: "android.intent.category.HOME"
10-11 14:29:04.107  1427  1453 I PackageManager:   Category: "android.intent.category.DEFAULT"
10-11 14:29:04.107  1427  1453 I PackageManager:   AutoVerify=false
10-11 14:29:04.109   621  1065 D audio_hw_primary: out_set_parameters: enter: usecase(1: low-latency-playback) kvpairs: routing=2
10-11 14:29:04.111  1427  1815 I ActivityManager: START u0 {act=android.intent.action.MAIN cat=[android.intent.category.HOME,android.intent.category.DEFAULT] flg=0x3000000 cmp=com.android.launcher/com.android.launcher2.Launcher} from uid 1000 on display 0
10-11 14:29:04.111   621  1065 D audio_hw_primary: select_devices for use case (low-latency-playback)
10-11 14:29:04.111   621  1065 D audio_hw_extn: audio_extn_set_anc_parameters: anc_enabled:0
10-11 14:29:04.111   621  1065 D audio_hw_spkr_prot: audio_extn_fbsp_set_parameters: Speaker protection disabled
10-11 14:29:04.119   439  2283 E ANDR-PERF-MPCTL: Invalid profile no. 0, total profiles 0 only
10-11 14:29:04.131  1427  1815 D ActivityTrigger: ActivityTrigger activityPauseTrigger 
10-11 14:29:04.133  1427  1815 V BoostFramework: BoostFramework() : mPerf = com.qualcomm.qti.Performance@703c012
10-11 14:29:04.148  1427  1481 D ActivityTrigger: ActivityTrigger activityStopTrigger 
10-11 14:29:04.149  1427  1481 D ActivityTrigger: ActivityTrigger activityStopTrigger 
10-11 14:29:04.287  1700  1700 V PhoneStatusBarPolicy: updateManagedProfile: mManagedProfileFocused: false
10-11 14:29:04.359  4820  4820 V BoostFramework: mAcquireFunc method = public int com.qualcomm.qti.Performance.perfLockAcquire(int,int[])
10-11 14:29:04.360  4820  4820 V BoostFramework: mReleaseFunc method = public int com.qualcomm.qti.Performance.perfLockRelease()
10-11 14:29:04.360  4820  4820 V BoostFramework: mAcquireTouchFunc method = public int com.qualcomm.qti.Performance.perfLockAcquireTouch(android.view.MotionEvent,android.util.DisplayMetrics,int,int[])
10-11 14:29:04.360  4820  4820 V BoostFramework: mIOPStart method = public int com.qualcomm.qti.Performance.perfIOPrefetchStart(int,java.lang.String)
10-11 14:29:04.361  4820  4820 V BoostFramework: mIOPStop method = public int com.qualcomm.qti.Performance.perfIOPrefetchStop()
10-11 14:29:04.369  4820  4820 V BoostFramework: BoostFramework() : mPerf = com.qualcomm.qti.Performance@564f85
10-11 14:29:04.471  4820  4820 V BoostFramework: BoostFramework() : mPerf = com.qualcomm.qti.Performance@9f7ea3e
10-11 14:29:04.575   574   901 E libnav  : CablComputeBacklightLevel(): UpdateType = DifferentSceneUpdate
10-11 14:29:04.683  4820  4958 I Adreno  : QUALCOMM build                   : 42611ec, Iafd347b9ec
10-11 14:29:04.683  4820  4958 I Adreno  : Build Date                       : 01/22/18
10-11 14:29:04.683  4820  4958 I Adreno  : OpenGL ES Shader Compiler Version: XE031.09.00.04
10-11 14:29:04.683  4820  4958 I Adreno  : Local Branch                     : 
10-11 14:29:04.683  4820  4958 I Adreno  : Remote Branch                    : quic/gfx-adreno.lnx.1.0.r5-rel
10-11 14:29:04.683  4820  4958 I Adreno  : Remote Branch                    : NONE
10-11 14:29:04.683  4820  4958 I Adreno  : Reconstruct Branch               : NOTHING
10-11 14:29:04.697  4820  4958 I OpenGLRenderer: Initialized EGL, version 1.4
10-11 14:29:04.697  4820  4958 D OpenGLRenderer: Swap behavior 1
10-11 14:29:04.758  1427  1527 I ActivityManager: Displayed com.android.launcher/com.android.launcher2.Launcher: +624ms
10-11 14:29:04.807  1427  1427 W WindowManager: Attempted to remove non-existing token: android.os.Binder@94fca14
10-11 14:29:04.822   574   901 E libnav  : CablComputeBacklightLevel(): UpdateType = DifferentSceneUpdate
10-11 14:29:05.270  4820  4820 V BoostFramework: BoostFramework() : mPerf = com.qualcomm.qti.Performance@d8f9114
10-11 14:29:05.276  1427  1454 I         : pmi8950_exists ro.boot.pmi8950_exist=[false] 
10-11 14:29:05.276  1427  1454 I         : PMI8950 not exist,so force to set  vibrator as exists !!
10-11 14:29:05.278  1427  4960 I         : pmi8950_exists ro.boot.pmi8950_exist=[false] 
10-11 14:29:05.279  1427  4960 I         : PMI8950 not exist,so force to set  vibrator as exists !!
10-11 14:29:05.307  4820  4958 W OpenGLRenderer: Incorrectly called buildLayer on View: ShortcutAndWidgetContainer, destroying layer...
10-11 14:29:05.309  1427  4960 I         : pmi8950_exists ro.boot.pmi8950_exist=[false] 
10-11 14:29:05.310  1427  4960 I         : PMI8950 not exist,so force to set  vibrator as exists !!
10-11 14:29:05.403   621  4304 I AudioPolicyManagerCustom: FLAG None hence request for a primary output
10-11 14:29:05.405   621   621 I AudioPolicyManagerCustom: FLAG None hence request for a primary output
10-11 14:29:05.407   621  1065 D audio_hw_primary: out_set_parameters: enter: usecase(1: low-latency-playback) kvpairs: routing=2
10-11 14:29:05.410   621  1065 D audio_hw_primary: select_devices for use case (low-latency-playback)
10-11 14:29:05.410   621  1065 D audio_hw_extn: audio_extn_set_anc_parameters: anc_enabled:0
10-11 14:29:05.410   621  1065 D audio_hw_spkr_prot: audio_extn_fbsp_set_parameters: Speaker protection disabled
10-11 14:29:06.029   574   901 E libnav  : CablComputeBacklightLevel(): UpdateType = DifferentSceneUpdate
10-11 14:29:06.656   621   621 I AudioPolicyManagerCustom: FLAG None hence request for a primary output
10-11 14:29:06.659   621  2067 I AudioPolicyManagerCustom: FLAG None hence request for a primary output
10-11 14:29:06.662  1427  1454 I ActivityManager: START u0 {act=android.intent.action.MAIN cat=[android.intent.category.LAUNCHER] flg=0x10200000 cmp=com.gbcom.metrosystem/.mvvm.view.SplashActivity (has extras)} from uid 10014 on display 0
10-11 14:29:06.663   621  1065 D audio_hw_primary: out_set_parameters: enter: usecase(1: low-latency-playback) kvpairs: routing=2
10-11 14:29:06.667   621  1065 D audio_hw_primary: select_devices for use case (low-latency-playback)
10-11 14:29:06.668   621  1065 D audio_hw_extn: audio_extn_set_anc_parameters: anc_enabled:0
10-11 14:29:06.668   621  1065 D audio_hw_spkr_prot: audio_extn_fbsp_set_parameters: Speaker protection disabled
10-11 14:29:06.677   439  2283 E ANDR-PERF-MPCTL: Invalid profile no. 0, total profiles 0 only
10-11 14:29:06.688  1427  1454 D ActivityTrigger: ActivityTrigger activityPauseTrigger 
10-11 14:29:06.743  1427  1982 I ActivityManager: Start proc 4965:com.gbcom.metrosystem/1000 for activity com.gbcom.metrosystem/.mvvm.view.SplashActivity
10-11 14:29:06.743  1427  1982 V BoostFramework: BoostFramework() : mPerf = com.qualcomm.qti.Performance@aa8c635
10-11 14:29:06.849  1700  1700 V PhoneStatusBarPolicy: updateManagedProfile: mManagedProfileFocused: false
10-11 14:29:06.856  4965  4965 I chatty  : uid=1000(system) com.gbcom.metrosystem expire 216 lines
10-11 14:29:06.891  4965  4965 W ContextImpl: Calling a method in the system process without a qualified user: android.app.ContextImpl.bindService:1421 android.content.ContextWrapper.bindService:636 com.gbcom.library_base.BaseApp.onCreate:199 com.gbcom.library_base.constant.CommonApp.onCreate:14 com.gbcom.metrosystem.App.onCreate:9 
10-11 14:29:06.939   791   791 I MSM-irqbalance: Decided to move IRQ3 from CPU2 [P:0] to CPU5 [P:1] (banned)
10-11 14:29:06.939   791   791 I MSM-irqbalance: Decided to move IRQ5 from CPU2 [P:0] to CPU4 [P:1] (banned)
10-11 14:29:06.940   791   791 I MSM-irqbalance: Decided to move IRQ3 from CPU0 [P:0] to CPU6 [P:1] (banned)
10-11 14:29:06.941   791   791 I MSM-irqbalance: Decided to move IRQ5 from CPU0 [P:0] to CPU7 [P:1] (banned)
10-11 14:29:06.941   791   791 I MSM-irqbalance: Decided to move IRQ3 from CPU3 [P:0] to CPU5 [P:1] (banned)
10-11 14:29:06.942   791   791 I MSM-irqbalance: Decided to move IRQ5 from CPU3 [P:0] to CPU4 [P:1] (banned)
10-11 14:29:06.942   791   791 I MSM-irqbalance: Decided to move IRQ3 from CPU1 [P:0] to CPU6 [P:1] (banned)
10-11 14:29:06.943   791   791 I MSM-irqbalance: Decided to move IRQ5 from CPU1 [P:0] to CPU7 [P:1] (banned)
10-11 14:29:07.245   574   901 E libnav  : CablComputeBacklightLevel(): UpdateType = DifferentSceneUpdate
10-11 14:29:07.320  4986  4986 I LogFile : type=1400 audit(0.0:102): avc: denied { search } for name="metro" dev="mmcblk0p51" ino=81921 scontext=u:r:system_app:s0 tcontext=u:object_r:unlabeled:s0 tclass=dir permissive=1
10-11 14:29:07.320  4986  4986 I LogFile : type=1400 audit(0.0:103): avc: denied { getattr } for path="/custom/metro/log/2022-10-11" dev="mmcblk0p51" ino=81980 scontext=u:r:system_app:s0 tcontext=u:object_r:unlabeled:s0 tclass=dir permissive=1
10-11 14:29:07.331  4965  4986 I chatty  : uid=1000(system) LogFile expire 26 lines
10-11 14:29:07.320  4986  4986 I LogFile : type=1400 audit(0.0:104): avc: denied { read } for name="2022-10-11" dev="mmcblk0p51" ino=81980 scontext=u:r:system_app:s0 tcontext=u:object_r:unlabeled:s0 tclass=dir permissive=1
10-11 14:29:07.320  4986  4986 I LogFile : type=1400 audit(0.0:105): avc: denied { open } for path="/custom/metro/log/2022-10-11" dev="mmcblk0p51" ino=81980 scontext=u:r:system_app:s0 tcontext=u:object_r:unlabeled:s0 tclass=dir permissive=1
10-11 14:29:07.330  4986  4986 I LogFile : type=1400 audit(0.0:106): avc: denied { write } for name="2022-10-11" dev="mmcblk0p51" ino=81980 scontext=u:r:system_app:s0 tcontext=u:object_r:unlabeled:s0 tclass=dir permissive=1
10-11 14:29:07.330  4986  4986 I LogFile : type=1400 audit(0.0:107): avc: denied { add_name } for name="app41665469747342.log" scontext=u:r:system_app:s0 tcontext=u:object_r:unlabeled:s0 tclass=dir permissive=1
10-11 14:29:07.330  4986  4986 I LogFile : type=1400 audit(0.0:108): avc: denied { create } for name="app41665469747342.log" scontext=u:r:system_app:s0 tcontext=u:object_r:unlabeled:s0 tclass=file permissive=1
10-11 14:29:07.330  4986  4986 I LogFile : type=1400 audit(0.0:109): avc: denied { read write open } for path="/custom/metro/log/2022-10-11/app41665469747342.log" dev="mmcblk0p51" ino=81990 scontext=u:r:system_app:s0 tcontext=u:object_r:unlabeled:s0 tclass=file permissive=1
10-11 14:29:07.330  4986  4986 I LogFile : type=1400 audit(0.0:110): avc: denied { getattr } for path="/custom/metro/log/2022-10-11/app41665469747342.log" dev="mmcblk0p51" ino=81990 scontext=u:r:system_app:s0 tcontext=u:object_r:unlabeled:s0 tclass=file permissive=1
10-11 14:29:07.349  4965  4965 W ContextImpl: Calling a method in the system process without a qualified user: android.app.ContextImpl.bindService:1421 android.content.ContextWrapper.bindService:636 com.gbcom.metrosystem.mvvm.view.SplashActivity.initLteService:227 com.gbcom.metrosystem.mvvm.view.SplashActivity.main:87 com.gbcom.library_base.base.activity.BaseActivity.onCreate:25 
10-11 14:29:07.354  4965  4965 W ContextImpl: Calling a method in the system process without a qualified user: android.app.ContextImpl.startService:1357 android.content.ContextWrapper.startService:613 com.gbcom.metrosystem.mvvm.view.SplashActivity.initLteService:230 com.gbcom.metrosystem.mvvm.view.SplashActivity.main:87 com.gbcom.library_base.base.activity.BaseActivity.onCreate:25 
10-11 14:29:07.374  4965  4965 W ContextImpl: Calling a method in the system process without a qualified user: android.app.ContextImpl.startService:1357 android.content.ContextWrapper.startService:613 com.gbcom.metrosystem.mvvm.view.SplashActivity.initNTP:131 com.gbcom.metrosystem.mvvm.view.SplashActivity.main:89 com.gbcom.library_base.base.activity.BaseActivity.onCreate:25 
10-11 14:29:07.378  4965  4965 W ContextImpl: Calling a method in the system process without a qualified user: android.app.ContextImpl.bindService:1421 android.content.ContextWrapper.bindService:636 com.gbcom.metrosystem.mvvm.view.SplashActivity.initNTP:132 com.gbcom.metrosystem.mvvm.view.SplashActivity.main:89 com.gbcom.library_base.base.activity.BaseActivity.onCreate:25 
10-11 14:29:07.440  4993  4993 I sh      : type=1400 audit(0.0:111): avc: denied { write } for name="value" dev="sysfs" ino=41755 scontext=u:r:system_app:s0 tcontext=u:object_r:sysfs:s0 tclass=file permissive=1
10-11 14:29:07.490  4998  4998 I sh      : type=1400 audit(0.0:112): avc: denied { getattr } for path="/system/xbin/su" dev="mmcblk0p24" ino=6898 scontext=u:r:system_app:s0 tcontext=u:object_r:su_exec:s0 tclass=file permissive=1
10-11 14:29:07.490  4998  4998 I sh      : type=1400 audit(0.0:113): avc: denied { execute } for name="su" dev="mmcblk0p24" ino=6898 scontext=u:r:system_app:s0 tcontext=u:object_r:su_exec:s0 tclass=file permissive=1
10-11 14:29:07.490  4998  4998 I sh      : type=1400 audit(0.0:114): avc: denied { read open } for path="/system/xbin/su" dev="mmcblk0p24" ino=6898 scontext=u:r:system_app:s0 tcontext=u:object_r:su_exec:s0 tclass=file permissive=1
10-11 14:29:07.490  4998  4998 I sh      : type=1400 audit(0.0:115): avc: denied { execute_no_trans } for path="/system/xbin/su" dev="mmcblk0p24" ino=6898 scontext=u:r:system_app:s0 tcontext=u:object_r:su_exec:s0 tclass=file permissive=1
10-11 14:29:07.500  4998  4998 I su      : type=1400 audit(0.0:116): avc: denied { setgid } for capability=6 scontext=u:r:system_app:s0 tcontext=u:r:system_app:s0 tclass=capability permissive=1
10-11 14:29:07.500  4998  4998 I su      : type=1400 audit(0.0:117): avc: denied { setuid } for capability=7 scontext=u:r:system_app:s0 tcontext=u:r:system_app:s0 tclass=capability permissive=1
10-11 14:29:07.540  5000  5000 I chmod   : type=1400 audit(0.0:118): avc: denied { getattr } for path="/custom" dev="mmcblk0p51" ino=2 scontext=u:r:system_app:s0 tcontext=u:object_r:unlabeled:s0 tclass=dir permissive=1
10-11 14:29:07.540  5000  5000 I chmod   : type=1400 audit(0.0:119): avc: denied { setattr } for name="/" dev="mmcblk0p51" ino=2 scontext=u:r:system_app:s0 tcontext=u:object_r:unlabeled:s0 tclass=dir permissive=1
10-11 14:29:07.610  5002  5002 I chmod   : type=1400 audit(0.0:120): avc: denied { setattr } for name="metro" dev="mmcblk0p51" ino=81921 scontext=u:r:system_app:s0 tcontext=u:object_r:unlabeled:s0 tclass=dir permissive=1
10-11 14:29:07.680  5004  5004 I chmod   : type=1400 audit(0.0:121): avc: denied { fowner } for capability=3 scontext=u:r:system_app:s0 tcontext=u:r:system_app:s0 tclass=capability permissive=1
10-11 14:29:08.109  4965  4965 W ContextImpl: Calling a method in the system process without a qualified user: android.app.ContextImpl.sendBroadcast:877 android.content.ContextWrapper.sendBroadcast:421 com.ztegota.system.lte.LTERIL.setLteRilStatus:5104 com.ztegota.system.lte.LTERIL.<init>:1045 com.ztegota.system.lte.LTEPhone.<init>:131 
10-11 14:29:08.111  1427  2391 E ActivityManager: Sending non-protected broadcast com.ztegota.remote.ril_status from system 4965:com.gbcom.metrosystem/1000 pkg com.gbcom.metrosystem
10-11 14:29:08.111  1427  2391 E ActivityManager: java.lang.Throwable
10-11 14:29:08.111  1427  2391 E ActivityManager: 	at com.android.server.am.ActivityManagerService.checkBroadcastFromSystem(ActivityManagerService.java:18272)
10-11 14:29:08.111  1427  2391 E ActivityManager: 	at com.android.server.am.ActivityManagerService.broadcastIntentLocked(ActivityManagerService.java:18844)
10-11 14:29:08.111  1427  2391 E ActivityManager: 	at com.android.server.am.ActivityManagerService.broadcastIntent(ActivityManagerService.java:18935)
10-11 14:29:08.111  1427  2391 E ActivityManager: 	at android.app.ActivityManagerNative.onTransact(ActivityManagerNative.java:499)
10-11 14:29:08.111  1427  2391 E ActivityManager: 	at com.android.server.am.ActivityManagerService.onTransact(ActivityManagerService.java:2869)
10-11 14:29:08.111  1427  2391 E ActivityManager: 	at android.os.Binder.execTransact(Binder.java:565)
10-11 14:29:08.126  4965  5021 I chatty  : uid=1000(system) RILRemoteReceiv expire 12 lines
10-11 14:29:08.139  4965  5021 W ContextImpl: Calling a method in the system process without a qualified user: android.app.ContextImpl.sendBroadcast:877 android.content.ContextWrapper.sendBroadcast:421 com.ztegota.system.lte.LTERIL.setLteRilStatus:5104 com.ztegota.system.lte.LTERIL.processUnsolicited:1619 com.ztegota.system.lte.LTERIL.processResponse:1172 
10-11 14:29:08.141  1427  1815 E ActivityManager: Sending non-protected broadcast com.ztegota.remote.ril_status from system 4965:com.gbcom.metrosystem/1000 pkg com.gbcom.metrosystem
10-11 14:29:08.141  1427  1815 E ActivityManager: java.lang.Throwable
10-11 14:29:08.141  1427  1815 E ActivityManager: 	at com.android.server.am.ActivityManagerService.checkBroadcastFromSystem(ActivityManagerService.java:18272)
10-11 14:29:08.141  1427  1815 E ActivityManager: 	at com.android.server.am.ActivityManagerService.broadcastIntentLocked(ActivityManagerService.java:18844)
10-11 14:29:08.141  1427  1815 E ActivityManager: 	at com.android.server.am.ActivityManagerService.broadcastIntent(ActivityManagerService.java:18935)
10-11 14:29:08.141  1427  1815 E ActivityManager: 	at android.app.ActivityManagerNative.onTransact(ActivityManagerNative.java:499)
10-11 14:29:08.141  1427  1815 E ActivityManager: 	at com.android.server.am.ActivityManagerService.onTransact(ActivityManagerService.java:2869)
10-11 14:29:08.141  1427  1815 E ActivityManager: 	at android.os.Binder.execTransact(Binder.java:565)
10-11 14:29:08.154  4965  5018 I chatty  : uid=1000(system) GotaSystem expire 32 lines
10-11 14:29:08.391  4965  4965 I chatty  : uid=1000(system) com.gbcom.metrosystem expire 196 lines
10-11 14:29:08.503  4965  5018 W ContextImpl: Calling a method in the system process without a qualified user: android.app.ContextImpl.sendBroadcast:892 android.content.ContextWrapper.sendBroadcast:426 com.ztegota.system.GotaSystem$GotaSystemHandler.handleMessage:144 android.os.Handler.dispatchMessage:102 android.os.Looper.loop:154 
10-11 14:29:08.505  1427  1815 E ActivityManager: Sending non-protected broadcast com.ztegota.action.SERVICE_COMPLETED from system 4965:com.gbcom.metrosystem/1000 pkg com.gbcom.metrosystem
10-11 14:29:08.505  1427  1815 E ActivityManager: java.lang.Throwable
10-11 14:29:08.505  1427  1815 E ActivityManager: 	at com.android.server.am.ActivityManagerService.checkBroadcastFromSystem(ActivityManagerService.java:18272)
10-11 14:29:08.505  1427  1815 E ActivityManager: 	at com.android.server.am.ActivityManagerService.broadcastIntentLocked(ActivityManagerService.java:18753)
10-11 14:29:08.505  1427  1815 E ActivityManager: 	at com.android.server.am.ActivityManagerService.broadcastIntent(ActivityManagerService.java:18935)
10-11 14:29:08.505  1427  1815 E ActivityManager: 	at android.app.ActivityManagerNative.onTransact(ActivityManagerNative.java:499)
10-11 14:29:08.505  1427  1815 E ActivityManager: 	at com.android.server.am.ActivityManagerService.onTransact(ActivityManagerService.java:2869)
10-11 14:29:08.505  1427  1815 E ActivityManager: 	at android.os.Binder.execTransact(Binder.java:565)
10-11 14:29:08.523  1427  1815 E ActivityManager: Sending non-protected broadcast com.ztegota.action.SERVICE_COMPLETED from system 4965:com.gbcom.metrosystem/1000 pkg com.gbcom.metrosystem
10-11 14:29:08.523  1427  1815 E ActivityManager: java.lang.Throwable
10-11 14:29:08.523  1427  1815 E ActivityManager: 	at com.android.server.am.ActivityManagerService.checkBroadcastFromSystem(ActivityManagerService.java:18272)
10-11 14:29:08.523  1427  1815 E ActivityManager: 	at com.android.server.am.ActivityManagerService.broadcastIntentLocked(ActivityManagerService.java:18844)
10-11 14:29:08.523  1427  1815 E ActivityManager: 	at com.android.server.am.ActivityManagerService.broadcastIntent(ActivityManagerService.java:18935)
10-11 14:29:08.523  1427  1815 E ActivityManager: 	at android.app.ActivityManagerNative.onTransact(ActivityManagerNative.java:499)
10-11 14:29:08.523  1427  1815 E ActivityManager: 	at com.android.server.am.ActivityManagerService.onTransact(ActivityManagerService.java:2869)
10-11 14:29:08.523  1427  1815 E ActivityManager: 	at android.os.Binder.execTransact(Binder.java:565)
10-11 14:29:08.594  4965  5021 I chatty  : uid=1000(system) RILRemoteReceiv expire 5 lines
10-11 14:29:08.596  4965  5017 I chatty  : uid=1000(system) RenderThread expire 3 lines
10-11 14:29:08.678  4965  5029 I chatty  : uid=1000(system) DefaultDispatch expire 3 lines
10-11 14:29:08.687  4965  5031 I chatty  : uid=1000(system) pool-3-thread-1 expire 9 lines
10-11 14:29:08.731  1427  2383 D AlarmManagerService: Setting time of day to sec=1665469748
10-11 14:29:08.730  1427  2383 W AlarmManagerService: Unable to set rtc to 1665469748: Invalid argument
10-11 14:29:08.791  4965  4965 W ContextImpl: Calling a method in the system process without a qualified user: android.app.ContextImpl.sendBroadcast:877 android.content.ContextWrapper.sendBroadcast:421 com.gbcom.library_base.service.LLteService.updateStatus:378 com.gbcom.library_base.service.LLteService.access$updateStatus:31 com.gbcom.library_base.service.LLteService$mHandler$1.handleMessage:205 
10-11 14:29:08.793  1427  1663 E ActivityManager: Sending non-protected broadcast com.gbcom.action.ACTION_BTRUNC_IS_NOT_CONNECTED from system 4965:com.gbcom.metrosystem/1000 pkg com.gbcom.metrosystem
10-11 14:29:08.793  1427  1663 E ActivityManager: java.lang.Throwable
10-11 14:29:08.793  1427  1663 E ActivityManager: 	at com.android.server.am.ActivityManagerService.checkBroadcastFromSystem(ActivityManagerService.java:18272)
10-11 14:29:08.793  1427  1663 E ActivityManager: 	at com.android.server.am.ActivityManagerService.broadcastIntentLocked(ActivityManagerService.java:18753)
10-11 14:29:08.793  1427  1663 E ActivityManager: 	at com.android.server.am.ActivityManagerService.broadcastIntent(ActivityManagerService.java:18935)
10-11 14:29:08.793  1427  1663 E ActivityManager: 	at android.app.ActivityManagerNative.onTransact(ActivityManagerNative.java:499)
10-11 14:29:08.793  1427  1663 E ActivityManager: 	at com.android.server.am.ActivityManagerService.onTransact(ActivityManagerService.java:2869)
10-11 14:29:08.793  1427  1663 E ActivityManager: 	at android.os.Binder.execTransact(Binder.java:565)
10-11 14:29:08.795  1427  1663 E ActivityManager: Sending non-protected broadcast com.gbcom.action.ACTION_BTRUNC_IS_NOT_CONNECTED from system 4965:com.gbcom.metrosystem/1000 pkg com.gbcom.metrosystem
10-11 14:29:08.795  1427  1663 E ActivityManager: java.lang.Throwable
10-11 14:29:08.795  1427  1663 E ActivityManager: 	at com.android.server.am.ActivityManagerService.checkBroadcastFromSystem(ActivityManagerService.java:18272)
10-11 14:29:08.795  1427  1663 E ActivityManager: 	at com.android.server.am.ActivityManagerService.broadcastIntentLocked(ActivityManagerService.java:18844)
10-11 14:29:08.795  1427  1663 E ActivityManager: 	at com.android.server.am.ActivityManagerService.broadcastIntent(ActivityManagerService.java:18935)
10-11 14:29:08.795  1427  1663 E ActivityManager: 	at android.app.ActivityManagerNative.onTransact(ActivityManagerNative.java:499)
10-11 14:29:08.795  1427  1663 E ActivityManager: 	at com.android.server.am.ActivityManagerService.onTransact(ActivityManagerService.java:2869)
10-11 14:29:08.795  1427  1663 E ActivityManager: 	at android.os.Binder.execTransact(Binder.java:565)
10-11 14:29:08.804  4965  4986 I chatty  : uid=1000(system) LogFile expire 170 lines
10-11 14:29:08.808  4965  5021 I chatty  : uid=1000(system) RILRemoteReceiv expire 22 lines
10-11 14:29:08.808  1427  1527 I ActivityManager: Displayed com.gbcom.metrosystem/.mvvm.view.SplashActivity: +2s106ms
10-11 14:29:08.808  1427  1481 D ActivityTrigger: ActivityTrigger activityStopTrigger 
10-11 14:29:09.019  4965  5018 I chatty  : uid=1000(system) GotaSystem expire 12 lines
10-11 14:29:09.026  4965  5023 I chatty  : uid=1000(system) LteEcmHandler expire 4 lines
10-11 14:29:09.027  4965  4965 I chatty  : uid=1000(system) com.gbcom.metrosystem expire 27 lines
10-11 14:29:09.821   621  1065 D audio_hw_primary: out_standby: enter: stream (0xef9b7800) usecase(1: low-latency-playback)
10-11 14:29:09.959   621  1065 D audio_hw_primary: disable_audio_route: reset and update mixer path: low-latency-playback
10-11 14:29:09.966   621  1065 D soundtrigger: audio_extn_sound_trigger_update_stream_status: uc_id 1 of type 0 for Event 2, with Raise=0
10-11 14:29:09.966   621  1065 D hardware_info: hw_info_append_hw_type : device_name = speaker
10-11 14:29:09.966   621  1065 D audio_hw_primary: disable_snd_device: snd_device(2: speaker)
10-11 14:29:09.966   621  1065 D msm8916_platform: platform_can_split_snd_device: snd_device(2) num devices(0) new_snd_devices(0)
10-11 14:29:09.979   621  1065 D aud_dev_arbi: releaseOneDevice: not sending command, device argument (2) does not match any registered device
10-11 14:29:09.980   621  1065 D aud_dev_arbi: releaseOneDevice: device 2 owner is 0
10-11 14:29:09.980   621  1065 I soundtrigger: audio_extn_sound_trigger_update_device_status: device 0x2 of type 0 for Event 0, with Raise=0
10-11 14:29:09.980   621  1065 D audio_hw_primary: out_standby: exit
10-11 14:29:10.225  4965  5029 I chatty  : uid=1000(system) DefaultDispatch expire 12 lines
10-11 14:29:11.202  4965  5018 W ContextImpl: Calling a method in the system process without a qualified user: android.app.ContextImpl.sendBroadcast:877 android.content.ContextWrapper.sendBroadcast:421 com.ztegota.system.lte.LTEPhone.handleMessage:570 android.os.Handler.dispatchMessage:102 android.os.Looper.loop:154 
10-11 14:29:11.205  1427  2391 E ActivityManager: Sending non-protected broadcast android.intent.action.LTEPHONE_NO_SIM from system 4965:com.gbcom.metrosystem/1000 pkg com.gbcom.metrosystem
10-11 14:29:11.205  1427  2391 E ActivityManager: java.lang.Throwable
10-11 14:29:11.205  1427  2391 E ActivityManager: 	at com.android.server.am.ActivityManagerService.checkBroadcastFromSystem(ActivityManagerService.java:18272)
10-11 14:29:11.205  1427  2391 E ActivityManager: 	at com.android.server.am.ActivityManagerService.broadcastIntentLocked(ActivityManagerService.java:18844)
10-11 14:29:11.205  1427  2391 E ActivityManager: 	at com.android.server.am.ActivityManagerService.broadcastIntent(ActivityManagerService.java:18935)
10-11 14:29:11.205  1427  2391 E ActivityManager: 	at android.app.ActivityManagerNative.onTransact(ActivityManagerNative.java:499)
10-11 14:29:11.205  1427  2391 E ActivityManager: 	at com.android.server.am.ActivityManagerService.onTransact(ActivityManagerService.java:2869)
10-11 14:29:11.205  1427  2391 E ActivityManager: 	at android.os.Binder.execTransact(Binder.java:565)
10-11 14:29:11.212  4965  5021 I chatty  : uid=1000(system) RILRemoteReceiv expire 32 lines
10-11 14:29:11.212  4965  5023 I chatty  : uid=1000(system) LteEcmHandler expire 17 lines
10-11 14:29:11.215  4965  5021 W ContextImpl: Calling a method in the system process without a qualified user: android.app.ContextImpl.sendBroadcast:877 android.content.ContextWrapper.sendBroadcast:421 com.ztegota.system.lte.LTERIL.processUnsolicited:1781 com.ztegota.system.lte.LTERIL.processResponse:1172 com.ztegota.system.lte.LTERIL.access$10:1164 
10-11 14:29:11.256  4965  5018 I chatty  : uid=1000(system) GotaSystem expire 69 lines
10-11 14:29:11.258  1427  1719 E ActivityManager: Sending non-protected broadcast com.ztegota.lte.number from system 4965:com.gbcom.metrosystem/1000 pkg com.gbcom.metrosystem
10-11 14:29:11.258  1427  1719 E ActivityManager: java.lang.Throwable
10-11 14:29:11.258  1427  1719 E ActivityManager: 	at com.android.server.am.ActivityManagerService.checkBroadcastFromSystem(ActivityManagerService.java:18272)
10-11 14:29:11.258  1427  1719 E ActivityManager: 	at com.android.server.am.ActivityManagerService.broadcastIntentLocked(ActivityManagerService.java:18844)
10-11 14:29:11.258  1427  1719 E ActivityManager: 	at com.android.server.am.ActivityManagerService.broadcastIntent(ActivityManagerService.java:18935)
10-11 14:29:11.258  1427  1719 E ActivityManager: 	at android.app.ActivityManagerNative.onTransact(ActivityManagerNative.java:499)
10-11 14:29:11.258  1427  1719 E ActivityManager: 	at com.android.server.am.ActivityManagerService.onTransact(ActivityManagerService.java:2869)
10-11 14:29:11.258  1427  1719 E ActivityManager: 	at android.os.Binder.execTransact(Binder.java:565)
10-11 14:29:11.294  4965  4965 I chatty  : uid=1000(system) com.gbcom.metrosystem expire 15 lines
10-11 14:29:11.309  4965  5018 W ContextImpl: Calling a method in the system process without a qualified user: android.app.ContextImpl.sendBroadcast:877 android.content.ContextWrapper.sendBroadcast:421 com.ztegota.system.lte.LTEPhone.handleMessage:663 android.os.Handler.dispatchMessage:102 android.os.Looper.loop:154 
10-11 14:29:11.312  1427  2385 E ActivityManager: Sending non-protected broadcast LTE.ECMCONNECT.STATUS from system 4965:com.gbcom.metrosystem/1000 pkg com.gbcom.metrosystem
10-11 14:29:11.312  1427  2385 E ActivityManager: java.lang.Throwable
10-11 14:29:11.312  1427  2385 E ActivityManager: 	at com.android.server.am.ActivityManagerService.checkBroadcastFromSystem(ActivityManagerService.java:18272)
10-11 14:29:11.312  1427  2385 E ActivityManager: 	at com.android.server.am.ActivityManagerService.broadcastIntentLocked(ActivityManagerService.java:18844)
10-11 14:29:11.312  1427  2385 E ActivityManager: 	at com.android.server.am.ActivityManagerService.broadcastIntent(ActivityManagerService.java:18935)
10-11 14:29:11.312  1427  2385 E ActivityManager: 	at android.app.ActivityManagerNative.onTransact(ActivityManagerNative.java:499)
10-11 14:29:11.312  1427  2385 E ActivityManager: 	at com.android.server.am.ActivityManagerService.onTransact(ActivityManagerService.java:2869)
10-11 14:29:11.312  1427  2385 E ActivityManager: 	at android.os.Binder.execTransact(Binder.java:565)
10-11 14:29:11.326  4965  5018 W ContextImpl: Calling a method in the system process without a qualified user: android.app.ContextImpl.sendBroadcast:877 android.content.ContextWrapper.sendBroadcast:421 com.ztegota.system.lte.LTEPhone.handleMessage:667 android.os.Handler.dispatchMessage:102 android.os.Looper.loop:154 
10-11 14:29:11.328  1427  1719 E ActivityManager: Sending non-protected broadcast com.ztegota.remote.lte_status from system 4965:com.gbcom.metrosystem/1000 pkg com.gbcom.metrosystem
10-11 14:29:11.328  1427  1719 E ActivityManager: java.lang.Throwable
10-11 14:29:11.328  1427  1719 E ActivityManager: 	at com.android.server.am.ActivityManagerService.checkBroadcastFromSystem(ActivityManagerService.java:18272)
10-11 14:29:11.328  1427  1719 E ActivityManager: 	at com.android.server.am.ActivityManagerService.broadcastIntentLocked(ActivityManagerService.java:18753)
10-11 14:29:11.328  1427  1719 E ActivityManager: 	at com.android.server.am.ActivityManagerService.broadcastIntent(ActivityManagerService.java:18935)
10-11 14:29:11.328  1427  1719 E ActivityManager: 	at android.app.ActivityManagerNative.onTransact(ActivityManagerNative.java:499)
10-11 14:29:11.328  1427  1719 E ActivityManager: 	at com.android.server.am.ActivityManagerService.onTransact(ActivityManagerService.java:2869)
10-11 14:29:11.328  1427  1719 E ActivityManager: 	at android.os.Binder.execTransact(Binder.java:565)
10-11 14:29:11.341  1427  1719 E ActivityManager: Sending non-protected broadcast com.ztegota.remote.lte_status from system 4965:com.gbcom.metrosystem/1000 pkg com.gbcom.metrosystem
10-11 14:29:11.341  1427  1719 E ActivityManager: java.lang.Throwable
10-11 14:29:11.341  1427  1719 E ActivityManager: 	at com.android.server.am.ActivityManagerService.checkBroadcastFromSystem(ActivityManagerService.java:18272)
10-11 14:29:11.341  1427  1719 E ActivityManager: 	at com.android.server.am.ActivityManagerService.broadcastIntentLocked(ActivityManagerService.java:18844)
