10-12 11:33:20.150  7494  7558 I APP_LogUtils.kt: [(LogUtils.kt:50).i()] [UdpDisServices] udp receive - api receive data disApi, udp service id=185 - running=true  - ip=/172.2.208.8 - port=64002 - message={"MsgSeqID":20733,"MsgName":"GetStationATSRsp","MsgInfo":{"Code":10011,"StationATSInfos":[{"TrainGroupNumber":"202","ServiceNumber":"000","TrainCrewNumber":"000","TrainPosition":"1","TrainRunningPosition":"2","RailName":"T1303","StationID":"013","TerminalStationID":"000","DestinationID":"000"},{"TrainGroupNumber":"299","ServiceNumber":"801","TrainCrewNumber":"000","TrainPosition":"1","TrainRunningPosition":"2","RailName":"T1301","StationID":"013","TerminalStationID":"000","DestinationID":"000"},{"TrainGroupNumber":"201","ServiceNumber":"000","TrainCrewNumber":"000","TrainPosition":"1","TrainRunningPosition":"1","RailName":"T1304","StationID":"013","TerminalStationID":"000","DestinationID":"000"}]}}
10-12 11:33:20.150  7494  7516 D LogWriteUtil.class=LogFileHandlerThread.class: 1getFilePath: logFormat=2022-10-12, LogWriteUtil.logPathDir=/custom/metro/log
10-12 11:33:20.150  7494  7516 D LogWriteUtil.class=LogFileHandlerThread.class: 2getFilePath: filePath=/custom/metro/log/2022-10-12
10-12 11:33:20.150  7494  7494 D MainActivity: onMessageEvent  -- gginit: disApi, id=1---event={"MsgSeqID":20733,"MsgName":"GetStationATSRsp","MsgInfo":{"Code":10011,"StationATSInfos":[{"TrainGroupNumber":"202","ServiceNumber":"000","TrainCrewNumber":"000","TrainPosition":"1","TrainRunningPosition":"2","RailName":"T1303","StationID":"013","TerminalStationID":"000","DestinationID":"000"},{"TrainGroupNumber":"299","ServiceNumber":"801","TrainCrewNumber":"000","TrainPosition":"1","TrainRunningPosition":"2","RailName":"T1301","StationID":"013","TerminalStationID":"000","DestinationID":"000"},{"TrainGroupNumber":"201","ServiceNumber":"000","TrainCrewNumber":"000","TrainPosition":"1","TrainRunningPosition":"1","RailName":"T1304","StationID":"013","TerminalStationID":"000","DestinationID":"000"}]}}
10-12 11:33:20.150  7494  7516 D LogWriteUtil.class=LogFileHandlerThread.class: getFileNameSuffix: file=/custom/metro/log/2022-10-12
10-12 11:33:20.150  7494  7494 D MainViewModel: 1processDisApi: disApi, id=1
10-12 11:33:20.151  7494  7516 D LogWriteUtil.class=LogFileHandlerThread.class: 3getCurrentFileName: logFileName=app14.log
10-12 11:33:20.151  7494  7516 D LogWriteUtil.class=LogFileHandlerThread.class: 1,initFile: getFilePath()=/custom/metro/log/2022-10-12, getCurrentFileName=app14.log
10-12 11:33:20.151  7494  7516 D LogWriteUtil.class=LogFileHandlerThread.class: 1getFilePath: logFormat=2022-10-12, LogWriteUtil.logPathDir=/custom/metro/log
10-12 11:33:20.152  7494  7516 D LogWriteUtil.class=LogFileHandlerThread.class: 2getFilePath: filePath=/custom/metro/log/2022-10-12
10-12 11:33:20.152  7494  7585 D DisApiSingletonReceive: parseStationAtsData: atsInfo=com.gbcom.library_base.data.StationAtsApiData@51ce341
10-12 11:33:20.152  7494  7516 D LogWriteUtil.class=LogFileHandlerThread.class: 1getCurrentFileName: LogWriteUtil.logfile=app.log
10-12 11:33:20.152  7494  7585 D BtrunCConfig: isR2Nubmer is true
10-12 11:33:20.152  7494  7585 D com.ztegota.system.GotaSystem: getMdn +866022013
10-12 11:33:20.152  7494  7585 D TAG     : getUserId: userId2=+866022013
10-12 11:33:20.152  7494  7585 D BtrunCConfig: isR2Nubmer is true
10-12 11:33:20.152  7494  7585 D com.ztegota.system.GotaSystem: getMdn +866022013
10-12 11:33:20.152  7494  7585 D TAG     : getUserId: userId2=+866022013
10-12 11:33:20.152  7494  7585 D BtrunCConfig: isR2Nubmer is true
10-12 11:33:20.152  7494  7585 D com.ztegota.system.GotaSystem: getMdn +866022013
10-12 11:33:20.152  7494  7585 D TAG     : getUserId: userId2=+866022013
10-12 11:33:20.152  7494  7516 D LogWriteUtil.class=LogFileHandlerThread.class: 1getFilePath: logFormat=2022-10-12, LogWriteUtil.logPathDir=/custom/metro/log
10-12 11:33:20.152  7494  7516 D LogWriteUtil.class=LogFileHandlerThread.class: 2getFilePath: filePath=/custom/metro/log/2022-10-12
10-12 11:33:20.152  7494  7516 D LogWriteUtil.class=LogFileHandlerThread.class: getFileNameSuffix: file=/custom/metro/log/2022-10-12
10-12 11:33:20.152  7494  7578 D DisApiSingletonReceive: processingData: disApi, id=199 - data={"MsgSeqID":20733,"MsgName":"GetStationATSRsp","MsgInfo":{"Code":10011,"StationATSInfos":[{"TrainGroupNumber":"202","ServiceNumber":"000","TrainCrewNumber":"000","TrainPosition":"1","TrainRunningPosition":"2","RailName":"T1303","StationID":"013","TerminalStationID":"000","DestinationID":"000"},{"TrainGroupNumber":"299","ServiceNumber":"801","TrainCrewNumber":"000","TrainPosition":"1","TrainRunningPosition":"2","RailName":"T1301","StationID":"013","TerminalStationID":"000","DestinationID":"000"},{"TrainGroupNumber":"201","ServiceNumber":"000","TrainCrewNumber":"000","TrainPosition":"1","TrainRunningPosition":"1","RailName":"T1304","StationID":"013","TerminalStationID":"000","DestinationID":"000"}]}}
10-12 11:33:20.153  7494  7516 D LogWriteUtil.class=LogFileHandlerThread.class: 2getCurrentFileName: index=3, LogWriteUtil.logfile=app.log, getFileNameSuffix=14
10-12 11:33:20.153  7494  7516 D LogWriteUtil.class=LogFileHandlerThread.class: 1getFilePath: logFormat=2022-10-12, LogWriteUtil.logPathDir=/custom/metro/log
10-12 11:33:20.153  7494  7516 D LogWriteUtil.class=LogFileHandlerThread.class: 2getFilePath: filePath=/custom/metro/log/2022-10-12
10-12 11:33:20.154  7494  7516 D LogWriteUtil.class=LogFileHandlerThread.class: getFileNameSuffix: file=/custom/metro/log/2022-10-12
10-12 11:33:20.154  7494  7516 D LogWriteUtil.class=LogFileHandlerThread.class: 3getCurrentFileName: logFileName=app14.log
10-12 11:33:20.154  7494  7516 D LogWriteUtil.class=LogFileHandlerThread.class: 1getCurrentFileName: LogWriteUtil.logfile=app.log
10-12 11:33:20.155  7494  7516 D LogWriteUtil.class=LogFileHandlerThread.class: 1getFilePath: logFormat=2022-10-12, LogWriteUtil.logPathDir=/custom/metro/log
10-12 11:33:20.155  7494  7578 D DisApiSingletonReceive: parseStationAtsData: atsInfo=com.gbcom.library_base.data.StationAtsApiData@fd0c0e6
10-12 11:33:20.155  7494  7516 D LogWriteUtil.class=LogFileHandlerThread.class: 2getFilePath: filePath=/custom/metro/log/2022-10-12
10-12 11:33:20.155  7494  7516 D LogWriteUtil.class=LogFileHandlerThread.class: getFileNameSuffix: file=/custom/metro/log/2022-10-12
10-12 11:33:20.156  7494  7578 D BtrunCConfig: isR2Nubmer is true
10-12 11:33:20.156  7494  7578 D com.ztegota.system.GotaSystem: getMdn +866022013
10-12 11:33:20.156  7494  7578 D TAG     : getUserId: userId2=+866022013
10-12 11:33:20.156  7494  7578 D BtrunCConfig: isR2Nubmer is true
10-12 11:33:20.156  7494  7578 D com.ztegota.system.GotaSystem: getMdn +866022013
10-12 11:33:20.156  7494  7516 D LogWriteUtil.class=LogFileHandlerThread.class: 2getCurrentFileName: index=3, LogWriteUtil.logfile=app.log, getFileNameSuffix=14
10-12 11:33:20.156  7494  7578 D TAG     : getUserId: userId2=+866022013
10-12 11:33:20.156  7494  7578 D BtrunCConfig: isR2Nubmer is true
10-12 11:33:20.156  7494  7578 D com.ztegota.system.GotaSystem: getMdn +866022013
10-12 11:33:20.156  7494  7578 D TAG     : getUserId: userId2=+866022013
10-12 11:33:20.157  7494  7516 D LogWriteUtil.class=LogFileHandlerThread.class: 1getFilePath: logFormat=2022-10-12, LogWriteUtil.logPathDir=/custom/metro/log
10-12 11:33:20.157  7494  7516 D LogWriteUtil.class=LogFileHandlerThread.class: 2getFilePath: filePath=/custom/metro/log/2022-10-12
10-12 11:33:20.158  7494  7516 D LogWriteUtil.class=LogFileHandlerThread.class: getFileNameSuffix: file=/custom/metro/log/2022-10-12
10-12 11:33:20.158  7494  7516 D LogWriteUtil.class=LogFileHandlerThread.class: 3getCurrentFileName: logFileName=app14.log
10-12 11:33:20.158  7494  7516 D TAG     : 2,initFile: /custom/metro/log/2022-10-12/app14.log, logFile.length=0, getCurrentFileName()=app14.log, writeFileName=/custom/metro/log/2022-10-12/app131665545514234.log
10-12 11:33:20.159  7494  7516 D LogWriteUtil.class=LogFileHandlerThread.class: 8,initFile: logFile=/custom/metro/log/2022-10-12/app14.log, logFile.length=0
10-12 11:33:20.161  7494  7516 D LogWriteUtil.class=LogFileHandlerThread.class: 1getFilePath: logFormat=2022-10-12, LogWriteUtil.logPathDir=/custom/metro/log
10-12 11:33:20.162  7494  7516 D LogWriteUtil.class=LogFileHandlerThread.class: 2getFilePath: filePath=/custom/metro/log/2022-10-12
10-12 11:33:20.162  7494  7516 D LogWriteUtil.class=LogFileHandlerThread.class: 1getCurrentFileName: LogWriteUtil.logfile=app.log
10-12 11:33:20.162  7494  7516 D LogWriteUtil.class=LogFileHandlerThread.class: 1getFilePath: logFormat=2022-10-12, LogWriteUtil.logPathDir=/custom/metro/log
10-12 11:33:20.162  7494  7516 D LogWriteUtil.class=LogFileHandlerThread.class: 2getFilePath: filePath=/custom/metro/log/2022-10-12
10-12 11:33:20.163  7494  7516 D LogWriteUtil.class=LogFileHandlerThread.class: getFileNameSuffix: file=/custom/metro/log/2022-10-12
10-12 11:33:20.163  7494  7516 D LogWriteUtil.class=LogFileHandlerThread.class: 2getCurrentFileName: index=3, LogWriteUtil.logfile=app.log, getFileNameSuffix=14
10-12 11:33:20.164  7494  7516 D LogWriteUtil.class=LogFileHandlerThread.class: 1getFilePath: logFormat=2022-10-12, LogWriteUtil.logPathDir=/custom/metro/log
10-12 11:33:20.164  7494  7516 D LogWriteUtil.class=LogFileHandlerThread.class: 2getFilePath: filePath=/custom/metro/log/2022-10-12
10-12 11:33:20.164  7494  7516 D LogWriteUtil.class=LogFileHandlerThread.class: getFileNameSuffix: file=/custom/metro/log/2022-10-12
10-12 11:33:20.164  7494  7516 D LogWriteUtil.class=LogFileHandlerThread.class: 3getCurrentFileName: logFileName=app14.log
10-12 11:33:20.164  7494  7516 D LogWriteUtil.class=LogFileHandlerThread.class: 1,initFile: getFilePath()=/custom/metro/log/2022-10-12, getCurrentFileName=app14.log
10-12 11:33:20.165  7494  7516 D LogWriteUtil.class=LogFileHandlerThread.class: 1getFilePath: logFormat=2022-10-12, LogWriteUtil.logPathDir=/custom/metro/log
10-12 11:33:20.165  7494  7516 D LogWriteUtil.class=LogFileHandlerThread.class: 2getFilePath: filePath=/custom/metro/log/2022-10-12
10-12 11:33:20.165  7494  7516 D LogWriteUtil.class=LogFileHandlerThread.class: 1getCurrentFileName: LogWriteUtil.logfile=app.log
10-12 11:33:20.166  7494  7516 D LogWriteUtil.class=LogFileHandlerThread.class: 1getFilePath: logFormat=2022-10-12, LogWriteUtil.logPathDir=/custom/metro/log
10-12 11:33:20.166  7494  7516 D LogWriteUtil.class=LogFileHandlerThread.class: 2getFilePath: filePath=/custom/metro/log/2022-10-12
10-12 11:33:20.166  7494  7516 D LogWriteUtil.class=LogFileHandlerThread.class: getFileNameSuffix: file=/custom/metro/log/2022-10-12
10-12 11:33:20.166  7494  7516 D LogWriteUtil.class=LogFileHandlerThread.class: 2getCurrentFileName: index=3, LogWriteUtil.logfile=app.log, getFileNameSuffix=14
10-12 11:33:20.167  7494  7516 D LogWriteUtil.class=LogFileHandlerThread.class: 1getFilePath: logFormat=2022-10-12, LogWriteUtil.logPathDir=/custom/metro/log
10-12 11:33:20.167  7494  7516 D LogWriteUtil.class=LogFileHandlerThread.class: 2getFilePath: filePath=/custom/metro/log/2022-10-12
10-12 11:33:20.167  7494  7516 D LogWriteUtil.class=LogFileHandlerThread.class: getFileNameSuffix: file=/custom/metro/log/2022-10-12
10-12 11:33:20.167  7494  7516 D LogWriteUtil.class=LogFileHandlerThread.class: 3getCurrentFileName: logFileName=app14.log
10-12 11:33:20.167  7494  7516 D LogWriteUtil.class=LogFileHandlerThread.class: 1getCurrentFileName: LogWriteUtil.logfile=app.log
10-12 11:33:20.168  7494  7516 D LogWriteUtil.class=LogFileHandlerThread.class: 1getFilePath: logFormat=2022-10-12, LogWriteUtil.logPathDir=/custom/metro/log
10-12 11:33:20.168  7494  7516 D LogWriteUtil.class=LogFileHandlerThread.class: 2getFilePath: filePath=/custom/metro/log/2022-10-12
10-12 11:33:20.168  7494  7516 D LogWriteUtil.class=LogFileHandlerThread.class: getFileNameSuffix: file=/custom/metro/log/2022-10-12
10-12 11:33:20.169  7494  7516 D LogWriteUtil.class=LogFileHandlerThread.class: 2getCurrentFileName: index=3, LogWriteUtil.logfile=app.log, getFileNameSuffix=14
10-12 11:33:20.169  7494  7516 D LogWriteUtil.class=LogFileHandlerThread.class: 1getFilePath: logFormat=2022-10-12, LogWriteUtil.logPathDir=/custom/metro/log
10-12 11:33:20.169  7494  7516 D LogWriteUtil.class=LogFileHandlerThread.class: 2getFilePath: filePath=/custom/metro/log/2022-10-12
10-12 11:33:20.169  7494  7516 D LogWriteUtil.class=LogFileHandlerThread.class: getFileNameSuffix: file=/custom/metro/log/2022-10-12
10-12 11:33:20.170  7494  7516 D LogWriteUtil.class=LogFileHandlerThread.class: 3getCurrentFileName: logFileName=app14.log
10-12 11:33:20.170  7494  7516 D TAG     : 2,initFile: /custom/metro/log/2022-10-12/app14.log, logFile.length=0, getCurrentFileName()=app14.log, writeFileName=/custom/metro/log/2022-10-12/app131665545514234.log
10-12 11:33:20.170  7494  7516 D LogWriteUtil.class=LogFileHandlerThread.class: 8,initFile: logFile=/custom/metro/log/2022-10-12/app14.log, logFile.length=0
10-12 11:33:20.176  7494  7494 D IndexFragment: initView: applyFxData() - ats=[StationAts(createTime=1665545600, trainGroupNumber=202, serviceNumber=000, trainCrewNumber=000, trainPosition=1, trainRunningPosition=2, railName=T1303, stationID=013, terminalStationID=000, destinationID=000, identityID=+866022013), StationAts(createTime=1665545600, trainGroupNumber=299, serviceNumber=801, trainCrewNumber=000, trainPosition=1, trainRunningPosition=2, railName=T1301, stationID=013, terminalStationID=000, destinationID=000, identityID=+866022013), StationAts(createTime=1665545600, trainGroupNumber=201, serviceNumber=000, trainCrewNumber=000, trainPosition=1, trainRunningPosition=1, railName=T1304, stationID=013, terminalStationID=000, destinationID=000, identityID=+866022013)]
10-12 11:33:20.228  7494  7578 D MainViewModel: getSystemTime_currentThreadID2: 199
10-12 11:33:20.274  7494  7578 D TAG     : getSystemTime_currentThreadID3s: 199, isActive=true
10-12 11:33:20.734  7494  7578 D MainViewModel: getSystemTime_currentThreadID2: 199
10-12 11:33:20.778  7494  7578 D TAG     : getSystemTime_currentThreadID3s: 199, isActive=true
10-12 11:33:20.929  7494  7551 I rilj    : EMCI Detial(CellId--->Tav): 5889,255,2,"46009",255,65535,59,65535,255,255,59,28,16,255,1202590897205,0,0,0,0,0,0,0,0
10-12 11:33:20.929  7494  7551 D LTERILJ : [UNSL]< RIL_UNSOL_NOTIFY_EMCI_DETAIL
10-12 11:33:20.930  7494  7548 D LTEPhone: EVENT_FOR_EMCI_DETAIL
10-12 11:33:20.931  7494  7548 D LTEServiceTracker: setCellId cellId:5889,"46009"
10-12 11:33:20.933  7494  7494 I APP_LogUtils.kt: [(LogUtils.kt:50).i()] [com.gbcom.library_base.service.LLteService] lte_resp_sys_for_emci_detail - EmciDetail=com.ztegota.system.common.EmciDetail@de9b979
10-12 11:33:20.936  7494  7516 D LogWriteUtil.class=LogFileHandlerThread.class: 1getFilePath: logFormat=2022-10-12, LogWriteUtil.logPathDir=/custom/metro/log
10-12 11:33:20.936  7494  7516 D LogWriteUtil.class=LogFileHandlerThread.class: 2getFilePath: filePath=/custom/metro/log/2022-10-12
10-12 11:33:20.936  7494  7516 D LogWriteUtil.class=LogFileHandlerThread.class: 1getCurrentFileName: LogWriteUtil.logfile=app.log
10-12 11:33:20.937  7494  7516 D LogWriteUtil.class=LogFileHandlerThread.class: 1getFilePath: logFormat=2022-10-12, LogWriteUtil.logPathDir=/custom/metro/log
10-12 11:33:20.937  7494  7516 D LogWriteUtil.class=LogFileHandlerThread.class: 2getFilePath: filePath=/custom/metro/log/2022-10-12
10-12 11:33:20.937  7494  7516 D LogWriteUtil.class=LogFileHandlerThread.class: getFileNameSuffix: file=/custom/metro/log/2022-10-12
10-12 11:33:20.938  7494  7516 D LogWriteUtil.class=LogFileHandlerThread.class: 2getCurrentFileName: index=3, LogWriteUtil.logfile=app.log, getFileNameSuffix=14
10-12 11:33:20.939  7494  7516 D LogWriteUtil.class=LogFileHandlerThread.class: 1getFilePath: logFormat=2022-10-12, LogWriteUtil.logPathDir=/custom/metro/log
10-12 11:33:20.940  7494  7516 D LogWriteUtil.class=LogFileHandlerThread.class: 2getFilePath: filePath=/custom/metro/log/2022-10-12
10-12 11:33:20.940  7494  7516 D LogWriteUtil.class=LogFileHandlerThread.class: getFileNameSuffix: file=/custom/metro/log/2022-10-12
10-12 11:33:20.940  7494  7516 D LogWriteUtil.class=LogFileHandlerThread.class: 3getCurrentFileName: logFileName=app14.log
10-12 11:33:20.941  7494  7516 D LogWriteUtil.class=LogFileHandlerThread.class: 1,initFile: getFilePath()=/custom/metro/log/2022-10-12, getCurrentFileName=app14.log
10-12 11:33:20.942  7494  7516 D LogWriteUtil.class=LogFileHandlerThread.class: 1getFilePath: logFormat=2022-10-12, LogWriteUtil.logPathDir=/custom/metro/log
10-12 11:33:20.942  7494  7516 D LogWriteUtil.class=LogFileHandlerThread.class: 2getFilePath: filePath=/custom/metro/log/2022-10-12
10-12 11:33:20.942  7494  7516 D LogWriteUtil.class=LogFileHandlerThread.class: 1getCurrentFileName: LogWriteUtil.logfile=app.log
10-12 11:33:20.943  7494  7516 D LogWriteUtil.class=LogFileHandlerThread.class: 1getFilePath: logFormat=2022-10-12, LogWriteUtil.logPathDir=/custom/metro/log
10-12 11:33:20.943  7494  7516 D LogWriteUtil.class=LogFileHandlerThread.class: 2getFilePath: filePath=/custom/metro/log/2022-10-12
10-12 11:33:20.944  7494  7516 D LogWriteUtil.class=LogFileHandlerThread.class: getFileNameSuffix: file=/custom/metro/log/2022-10-12
10-12 11:33:20.944  7494  7516 D LogWriteUtil.class=LogFileHandlerThread.class: 2getCurrentFileName: index=3, LogWriteUtil.logfile=app.log, getFileNameSuffix=14
10-12 11:33:20.945  7494  7516 D LogWriteUtil.class=LogFileHandlerThread.class: 1getFilePath: logFormat=2022-10-12, LogWriteUtil.logPathDir=/custom/metro/log
10-12 11:33:20.946  7494  7516 D LogWriteUtil.class=LogFileHandlerThread.class: 2getFilePath: filePath=/custom/metro/log/2022-10-12
10-12 11:33:20.946  7494  7516 D LogWriteUtil.class=LogFileHandlerThread.class: getFileNameSuffix: file=/custom/metro/log/2022-10-12
10-12 11:33:20.947  7494  7516 D LogWriteUtil.class=LogFileHandlerThread.class: 3getCurrentFileName: logFileName=app14.log
10-12 11:33:20.947  7494  7516 D LogWriteUtil.class=LogFileHandlerThread.class: 1getCurrentFileName: LogWriteUtil.logfile=app.log
10-12 11:33:20.948  7494  7516 D LogWriteUtil.class=LogFileHandlerThread.class: 1getFilePath: logFormat=2022-10-12, LogWriteUtil.logPathDir=/custom/metro/log
10-12 11:33:20.948  7494  7516 D LogWriteUtil.class=LogFileHandlerThread.class: 2getFilePath: filePath=/custom/metro/log/2022-10-12
10-12 11:33:20.948  7494  7516 D LogWriteUtil.class=LogFileHandlerThread.class: getFileNameSuffix: file=/custom/metro/log/2022-10-12
10-12 11:33:20.949  7494  7516 D LogWriteUtil.class=LogFileHandlerThread.class: 2getCurrentFileName: index=3, LogWriteUtil.logfile=app.log, getFileNameSuffix=14
10-12 11:33:20.950  7494  7516 D LogWriteUtil.class=LogFileHandlerThread.class: 1getFilePath: logFormat=2022-10-12, LogWriteUtil.logPathDir=/custom/metro/log
10-12 11:33:20.951  7494  7516 D LogWriteUtil.class=LogFileHandlerThread.class: 2getFilePath: filePath=/custom/metro/log/2022-10-12
10-12 11:33:20.951  7494  7516 D LogWriteUtil.class=LogFileHandlerThread.class: getFileNameSuffix: file=/custom/metro/log/2022-10-12
10-12 11:33:20.952  7494  7516 D LogWriteUtil.class=LogFileHandlerThread.class: 3getCurrentFileName: logFileName=app14.log
10-12 11:33:20.952  7494  7516 D TAG     : 2,initFile: /custom/metro/log/2022-10-12/app14.log, logFile.length=0, getCurrentFileName()=app14.log, writeFileName=/custom/metro/log/2022-10-12/app131665545514234.log
10-12 11:33:20.952  7494  7516 D LogWriteUtil.class=LogFileHandlerThread.class: 8,initFile: logFile=/custom/metro/log/2022-10-12/app14.log, logFile.length=0
10-12 11:33:20.962   671   671 I cnss-daemon: RTM_NEWNEIGH message received: 28
10-12 11:33:20.962   671   671 E cnss-daemon: Stale or unreachable neighbors, ndm state: 16
10-12 11:33:20.964   671   671 I cnss-daemon: RTM_NEWNEIGH message received: 28
10-12 11:33:20.964   671   671 I cnss-daemon: NDA_DST received: 192.168.42.131 ul: 562995103705280
10-12 11:33:20.964   671   671 I cnss-daemon: NDA_LLADDR received
10-12 11:33:21.238  7494  7578 D MainViewModel: getSystemTime_currentThreadID2: 199
10-12 11:33:21.284  7494  7578 D TAG     : getSystemTime_currentThreadID3s: 199, isActive=true
10-12 11:33:21.743  7494  7578 D MainViewModel: getSystemTime_currentThreadID2: 199
10-12 11:33:21.788  7494  7578 D TAG     : getSystemTime_currentThreadID3s: 199, isActive=true
10-12 11:33:21.922  7494  7551 I rilj    : EMCI Detial(CellId--->Tav): 5889,255,2,"46009",255,65535,59,65535,255,255,59,26,16,255,1202590897205,0,0,0,0,0,0,0,0
10-12 11:33:21.923  7494  7551 D LTERILJ : [UNSL]< RIL_UNSOL_NOTIFY_EMCI_DETAIL
10-12 11:33:21.924  7494  7589 D UdpDcRepository: api send - Thread ID=210, obj={"MsgName":"GetStationATSReq","MsgSeqID":58,"AppID":"172.2.200.13","MsgInfo":{}}
10-12 11:33:21.924  7494  7548 D LTEPhone: EVENT_FOR_EMCI_DETAIL
10-12 11:33:21.924  7494  7548 D LTEServiceTracker: setCellId cellId:5889,"46009"
10-12 11:33:21.926  7494  7494 I APP_LogUtils.kt: [(LogUtils.kt:50).i()] [com.gbcom.library_base.service.LLteService] lte_resp_sys_for_emci_detail - EmciDetail=com.ztegota.system.common.EmciDetail@29ed0ca
10-12 11:33:21.928  7494  7516 D LogWriteUtil.class=LogFileHandlerThread.class: 1getFilePath: logFormat=2022-10-12, LogWriteUtil.logPathDir=/custom/metro/log
10-12 11:33:21.928  7494  7516 D LogWriteUtil.class=LogFileHandlerThread.class: 2getFilePath: filePath=/custom/metro/log/2022-10-12
10-12 11:33:21.928  7494  7589 I APP_LogUtils.kt: [(LogUtils.kt:50).i()] [UdpDisServices] start: send(String) - thread ID=210, send msg={"MsgName":"GetStationATSReq","MsgSeqID":58,"AppID":"172.2.200.13","MsgInfo":{}}
10-12 11:33:21.928  7494  7516 D LogWriteUtil.class=LogFileHandlerThread.class: 1getCurrentFileName: LogWriteUtil.logfile=app.log
10-12 11:33:21.929  7494  7516 D LogWriteUtil.class=LogFileHandlerThread.class: 1getFilePath: logFormat=2022-10-12, LogWriteUtil.logPathDir=/custom/metro/log
10-12 11:33:21.929  7494  7516 D LogWriteUtil.class=LogFileHandlerThread.class: 2getFilePath: filePath=/custom/metro/log/2022-10-12
10-12 11:33:21.929  7494  7516 D LogWriteUtil.class=LogFileHandlerThread.class: getFileNameSuffix: file=/custom/metro/log/2022-10-12
10-12 11:33:21.930  7494  7516 D LogWriteUtil.class=LogFileHandlerThread.class: 2getCurrentFileName: index=3, LogWriteUtil.logfile=app.log, getFileNameSuffix=14
10-12 11:33:21.931  7494  7516 D LogWriteUtil.class=LogFileHandlerThread.class: 1getFilePath: logFormat=2022-10-12, LogWriteUtil.logPathDir=/custom/metro/log
10-12 11:33:21.932  7494  7516 D LogWriteUtil.class=LogFileHandlerThread.class: 2getFilePath: filePath=/custom/metro/log/2022-10-12
10-12 11:33:21.932  7494  7589 D UdpDcRepository: api send - Thread ID=210, obj={"MsgName":"AppHeartbeat","MsgSeqID":59,"AppID":"172.2.200.13","MsgInfo":{"SDKLongNumber":"+866022013"}}
10-12 11:33:21.932  7494  7516 D LogWriteUtil.class=LogFileHandlerThread.class: getFileNameSuffix: file=/custom/metro/log/2022-10-12
10-12 11:33:21.933  7494  7516 D LogWriteUtil.class=LogFileHandlerThread.class: 3getCurrentFileName: logFileName=app14.log
10-12 11:33:21.933  7494  7516 D LogWriteUtil.class=LogFileHandlerThread.class: 1,initFile: getFilePath()=/custom/metro/log/2022-10-12, getCurrentFileName=app14.log
10-12 11:33:21.934  7494  7516 D LogWriteUtil.class=LogFileHandlerThread.class: 1getFilePath: logFormat=2022-10-12, LogWriteUtil.logPathDir=/custom/metro/log
10-12 11:33:21.934  7494  7516 D LogWriteUtil.class=LogFileHandlerThread.class: 2getFilePath: filePath=/custom/metro/log/2022-10-12
10-12 11:33:21.934  7494  7516 D LogWriteUtil.class=LogFileHandlerThread.class: 1getCurrentFileName: LogWriteUtil.logfile=app.log
10-12 11:33:21.935  7494  7516 D LogWriteUtil.class=LogFileHandlerThread.class: 1getFilePath: logFormat=2022-10-12, LogWriteUtil.logPathDir=/custom/metro/log
10-12 11:33:21.935  7494  7516 D LogWriteUtil.class=LogFileHandlerThread.class: 2getFilePath: filePath=/custom/metro/log/2022-10-12
10-12 11:33:21.935  7494  7516 D LogWriteUtil.class=LogFileHandlerThread.class: getFileNameSuffix: file=/custom/metro/log/2022-10-12
10-12 11:33:21.936  7494  7516 D LogWriteUtil.class=LogFileHandlerThread.class: 2getCurrentFileName: index=3, LogWriteUtil.logfile=app.log, getFileNameSuffix=14
10-12 11:33:21.937  7494  7589 I APP_LogUtils.kt: [(LogUtils.kt:50).i()] [UdpDisServices] start: send(String) - thread ID=210, send msg={"MsgName":"AppHeartbeat","MsgSeqID":59,"AppID":"172.2.200.13","MsgInfo":{"SDKLongNumber":"+866022013"}}
10-12 11:33:21.937  7494  7516 D LogWriteUtil.class=LogFileHandlerThread.class: 1getFilePath: logFormat=2022-10-12, LogWriteUtil.logPathDir=/custom/metro/log
10-12 11:33:21.937  7494  7516 D LogWriteUtil.class=LogFileHandlerThread.class: 2getFilePath: filePath=/custom/metro/log/2022-10-12
10-12 11:33:21.937  7494  7516 D LogWriteUtil.class=LogFileHandlerThread.class: getFileNameSuffix: file=/custom/metro/log/2022-10-12
10-12 11:33:21.938  7494  7516 D LogWriteUtil.class=LogFileHandlerThread.class: 3getCurrentFileName: logFileName=app14.log
10-12 11:33:21.938  7494  7516 D LogWriteUtil.class=LogFileHandlerThread.class: 1getCurrentFileName: LogWriteUtil.logfile=app.log
10-12 11:33:21.939  7494  7516 D LogWriteUtil.class=LogFileHandlerThread.class: 1getFilePath: logFormat=2022-10-12, LogWriteUtil.logPathDir=/custom/metro/log
10-12 11:33:21.939  7494  7516 D LogWriteUtil.class=LogFileHandlerThread.class: 2getFilePath: filePath=/custom/metro/log/2022-10-12
10-12 11:33:21.939  7494  7516 D LogWriteUtil.class=LogFileHandlerThread.class: getFileNameSuffix: file=/custom/metro/log/2022-10-12
10-12 11:33:21.940  7494  7516 D LogWriteUtil.class=LogFileHandlerThread.class: 2getCurrentFileName: index=3, LogWriteUtil.logfile=app.log, getFileNameSuffix=14
10-12 11:33:21.941  7494  7516 D LogWriteUtil.class=LogFileHandlerThread.class: 1getFilePath: logFormat=2022-10-12, LogWriteUtil.logPathDir=/custom/metro/log
10-12 11:33:21.941  7494  7516 D LogWriteUtil.class=LogFileHandlerThread.class: 2getFilePath: filePath=/custom/metro/log/2022-10-12
10-12 11:33:21.942  7494  7516 D LogWriteUtil.class=LogFileHandlerThread.class: getFileNameSuffix: file=/custom/metro/log/2022-10-12
10-12 11:33:21.943  7494  7494 D MainActivity: updateSignalIcon: signal=4
10-12 11:33:21.947  7494  7516 D LogWriteUtil.class=LogFileHandlerThread.class: 3getCurrentFileName: logFileName=app14.log
10-12 11:33:21.947  7494  7516 D TAG     : 2,initFile: /custom/metro/log/2022-10-12/app14.log, logFile.length=0, getCurrentFileName()=app14.log, writeFileName=/custom/metro/log/2022-10-12/app131665545514234.log
10-12 11:33:21.948  7494  7516 D LogWriteUtil.class=LogFileHandlerThread.class: 8,initFile: logFile=/custom/metro/log/2022-10-12/app14.log, logFile.length=0
10-12 11:33:21.953  7494  7516 D LogWriteUtil.class=LogFileHandlerThread.class: 1getFilePath: logFormat=2022-10-12, LogWriteUtil.logPathDir=/custom/metro/log
10-12 11:33:21.953  7494  7516 D LogWriteUtil.class=LogFileHandlerThread.class: 2getFilePath: filePath=/custom/metro/log/2022-10-12
10-12 11:33:21.953  7494  7516 D LogWriteUtil.class=LogFileHandlerThread.class: 1getCurrentFileName: LogWriteUtil.logfile=app.log
10-12 11:33:21.956  7494  7516 D LogWriteUtil.class=LogFileHandlerThread.class: 1getFilePath: logFormat=2022-10-12, LogWriteUtil.logPathDir=/custom/metro/log
10-12 11:33:21.956  7494  7516 D LogWriteUtil.class=LogFileHandlerThread.class: 2getFilePath: filePath=/custom/metro/log/2022-10-12
10-12 11:33:21.956  7494  7516 D LogWriteUtil.class=LogFileHandlerThread.class: getFileNameSuffix: file=/custom/metro/log/2022-10-12
10-12 11:33:21.956  7494  7516 D LogWriteUtil.class=LogFileHandlerThread.class: 2getCurrentFileName: index=3, LogWriteUtil.logfile=app.log, getFileNameSuffix=14
10-12 11:33:21.958  7494  7516 D LogWriteUtil.class=LogFileHandlerThread.class: 1getFilePath: logFormat=2022-10-12, LogWriteUtil.logPathDir=/custom/metro/log
10-12 11:33:21.958  7494  7516 D LogWriteUtil.class=LogFileHandlerThread.class: 2getFilePath: filePath=/custom/metro/log/2022-10-12
10-12 11:33:21.958  7494  7516 D LogWriteUtil.class=LogFileHandlerThread.class: getFileNameSuffix: file=/custom/metro/log/2022-10-12
10-12 11:33:21.958  7494  7516 D LogWriteUtil.class=LogFileHandlerThread.class: 3getCurrentFileName: logFileName=app14.log
10-12 11:33:21.959  7494  7516 D LogWriteUtil.class=LogFileHandlerThread.class: 1,initFile: getFilePath()=/custom/metro/log/2022-10-12, getCurrentFileName=app14.log
10-12 11:33:21.959  7494  7516 D LogWriteUtil.class=LogFileHandlerThread.class: 1getFilePath: logFormat=2022-10-12, LogWriteUtil.logPathDir=/custom/metro/log
10-12 11:33:21.959  7494  7516 D LogWriteUtil.class=LogFileHandlerThread.class: 2getFilePath: filePath=/custom/metro/log/2022-10-12
10-12 11:33:21.960  7494  7516 D LogWriteUtil.class=LogFileHandlerThread.class: 1getCurrentFileName: LogWriteUtil.logfile=app.log
10-12 11:33:21.960  7494  7516 D LogWriteUtil.class=LogFileHandlerThread.class: 1getFilePath: logFormat=2022-10-12, LogWriteUtil.logPathDir=/custom/metro/log
10-12 11:33:21.960  7494  7516 D LogWriteUtil.class=LogFileHandlerThread.class: 2getFilePath: filePath=/custom/metro/log/2022-10-12
10-12 11:33:21.961  7494  7516 D LogWriteUtil.class=LogFileHandlerThread.class: getFileNameSuffix: file=/custom/metro/log/2022-10-12
10-12 11:33:21.961  7494  7516 D LogWriteUtil.class=LogFileHandlerThread.class: 2getCurrentFileName: index=3, LogWriteUtil.logfile=app.log, getFileNameSuffix=14
10-12 11:33:21.964  7494  7516 D LogWriteUtil.class=LogFileHandlerThread.class: 1getFilePath: logFormat=2022-10-12, LogWriteUtil.logPathDir=/custom/metro/log
10-12 11:33:21.964  7494  7516 D LogWriteUtil.class=LogFileHandlerThread.class: 2getFilePath: filePath=/custom/metro/log/2022-10-12
10-12 11:33:21.965  7494  7516 D LogWriteUtil.class=LogFileHandlerThread.class: getFileNameSuffix: file=/custom/metro/log/2022-10-12
10-12 11:33:21.965  7494  7516 D LogWriteUtil.class=LogFileHandlerThread.class: 3getCurrentFileName: logFileName=app14.log
10-12 11:33:21.965  7494  7516 D LogWriteUtil.class=LogFileHandlerThread.class: 1getCurrentFileName: LogWriteUtil.logfile=app.log
10-12 11:33:21.966  7494  7516 D LogWriteUtil.class=LogFileHandlerThread.class: 1getFilePath: logFormat=2022-10-12, LogWriteUtil.logPathDir=/custom/metro/log
10-12 11:33:21.966  7494  7516 D LogWriteUtil.class=LogFileHandlerThread.class: 2getFilePath: filePath=/custom/metro/log/2022-10-12
10-12 11:33:21.966  7494  7516 D LogWriteUtil.class=LogFileHandlerThread.class: getFileNameSuffix: file=/custom/metro/log/2022-10-12
10-12 11:33:21.966  7494  7516 D LogWriteUtil.class=LogFileHandlerThread.class: 2getCurrentFileName: index=3, LogWriteUtil.logfile=app.log, getFileNameSuffix=14
10-12 11:33:21.967  7494  7516 D LogWriteUtil.class=LogFileHandlerThread.class: 1getFilePath: logFormat=2022-10-12, LogWriteUtil.logPathDir=/custom/metro/log
10-12 11:33:21.967  7494  7516 D LogWriteUtil.class=LogFileHandlerThread.class: 2getFilePath: filePath=/custom/metro/log/2022-10-12
10-12 11:33:21.967  7494  7516 D LogWriteUtil.class=LogFileHandlerThread.class: getFileNameSuffix: file=/custom/metro/log/2022-10-12
10-12 11:33:21.968  7494  7516 D LogWriteUtil.class=LogFileHandlerThread.class: 3getCurrentFileName: logFileName=app14.log
10-12 11:33:21.968  7494  7516 D TAG     : 2,initFile: /custom/metro/log/2022-10-12/app14.log, logFile.length=0, getCurrentFileName()=app14.log, writeFileName=/custom/metro/log/2022-10-12/app131665545514234.log
10-12 11:33:21.968  7494  7516 D LogWriteUtil.class=LogFileHandlerThread.class: 8,initFile: logFile=/custom/metro/log/2022-10-12/app14.log, logFile.length=0
10-12 11:33:21.970  7494  7516 D LogWriteUtil.class=LogFileHandlerThread.class: 1getFilePath: logFormat=2022-10-12, LogWriteUtil.logPathDir=/custom/metro/log
10-12 11:33:21.970  7494  7516 D LogWriteUtil.class=LogFileHandlerThread.class: 2getFilePath: filePath=/custom/metro/log/2022-10-12
10-12 11:33:21.970  7494  7516 D LogWriteUtil.class=LogFileHandlerThread.class: 1getCurrentFileName: LogWriteUtil.logfile=app.log
10-12 11:33:21.971  7494  7516 D LogWriteUtil.class=LogFileHandlerThread.class: 1getFilePath: logFormat=2022-10-12, LogWriteUtil.logPathDir=/custom/metro/log
10-12 11:33:21.972  7494  7516 D LogWriteUtil.class=LogFileHandlerThread.class: 2getFilePath: filePath=/custom/metro/log/2022-10-12
10-12 11:33:21.972  7494  7516 D LogWriteUtil.class=LogFileHandlerThread.class: getFileNameSuffix: file=/custom/metro/log/2022-10-12
10-12 11:33:21.972  7494  7516 D LogWriteUtil.class=LogFileHandlerThread.class: 2getCurrentFileName: index=3, LogWriteUtil.logfile=app.log, getFileNameSuffix=14
10-12 11:33:21.975  7494  7516 D LogWriteUtil.class=LogFileHandlerThread.class: 1getFilePath: logFormat=2022-10-12, LogWriteUtil.logPathDir=/custom/metro/log
10-12 11:33:21.975  7494  7516 D LogWriteUtil.class=LogFileHandlerThread.class: 2getFilePath: filePath=/custom/metro/log/2022-10-12
10-12 11:33:21.975  7494  7516 D LogWriteUtil.class=LogFileHandlerThread.class: getFileNameSuffix: file=/custom/metro/log/2022-10-12
10-12 11:33:21.975  7494  7516 D LogWriteUtil.class=LogFileHandlerThread.class: 3getCurrentFileName: logFileName=app14.log
10-12 11:33:21.975  7494  7516 D LogWriteUtil.class=LogFileHandlerThread.class: 1,initFile: getFilePath()=/custom/metro/log/2022-10-12, getCurrentFileName=app14.log
10-12 11:33:21.976  7494  7516 D LogWriteUtil.class=LogFileHandlerThread.class: 1getFilePath: logFormat=2022-10-12, LogWriteUtil.logPathDir=/custom/metro/log
10-12 11:33:21.976  7494  7516 D LogWriteUtil.class=LogFileHandlerThread.class: 2getFilePath: filePath=/custom/metro/log/2022-10-12
10-12 11:33:21.976  7494  7516 D LogWriteUtil.class=LogFileHandlerThread.class: 1getCurrentFileName: LogWriteUtil.logfile=app.log
10-12 11:33:21.977  7494  7516 D LogWriteUtil.class=LogFileHandlerThread.class: 1getFilePath: logFormat=2022-10-12, LogWriteUtil.logPathDir=/custom/metro/log
10-12 11:33:21.977  7494  7516 D LogWriteUtil.class=LogFileHandlerThread.class: 2getFilePath: filePath=/custom/metro/log/2022-10-12
10-12 11:33:21.977  7494  7516 D LogWriteUtil.class=LogFileHandlerThread.class: getFileNameSuffix: file=/custom/metro/log/2022-10-12
10-12 11:33:21.978  7494  7516 D LogWriteUtil.class=LogFileHandlerThread.class: 2getCurrentFileName: index=3, LogWriteUtil.logfile=app.log, getFileNameSuffix=14
10-12 11:33:21.978  7494  7558 D UdpDisServices: udp receive - api receive data disApi, udp service id=185  - udp.packet.address=/172.2.208.8, udp.pack.socketAddress=/172.2.208.8:64002, udp.port=64002- running=true - message={"MsgSeqID":20779,"MsgName":"DisReceivedNotify","MsgInfo":{"AppMsgSeqID":58,"Code":10001}}
10-12 11:33:21.979  7494  7558 I APP_LogUtils.kt: [(LogUtils.kt:50).i()] [UdpDisServices] udp receive - api receive data disApi, udp service id=185 - running=true  - ip=/172.2.208.8 - port=64002 - message={"MsgSeqID":20779,"MsgName":"DisReceivedNotify","MsgInfo":{"AppMsgSeqID":58,"Code":10001}}
10-12 11:33:21.979  7494  7516 D LogWriteUtil.class=LogFileHandlerThread.class: 1getFilePath: logFormat=2022-10-12, LogWriteUtil.logPathDir=/custom/metro/log
10-12 11:33:21.979  7494  7516 D LogWriteUtil.class=LogFileHandlerThread.class: 2getFilePath: filePath=/custom/metro/log/2022-10-12
10-12 11:33:21.980  7494  7516 D LogWriteUtil.class=LogFileHandlerThread.class: getFileNameSuffix: file=/custom/metro/log/2022-10-12
10-12 11:33:21.980  7494  7516 D LogWriteUtil.class=LogFileHandlerThread.class: 3getCurrentFileName: logFileName=app14.log
10-12 11:33:21.981  7494  7516 D LogWriteUtil.class=LogFileHandlerThread.class: 1getCurrentFileName: LogWriteUtil.logfile=app.log
10-12 11:33:21.981  7494  7494 E train_jni_log: getHandsetStatus===popen buffer=0
10-12 11:33:21.981  7494  7494 E train_jni_log: getHandsetStatus===popen iRet=0
10-12 11:33:21.982  7494  7494 D TAG     : getHeadsetStatus: 0
10-12 11:33:21.982  7494  7516 D LogWriteUtil.class=LogFileHandlerThread.class: 1getFilePath: logFormat=2022-10-12, LogWriteUtil.logPathDir=/custom/metro/log
10-12 11:33:21.982  7494  7516 D LogWriteUtil.class=LogFileHandlerThread.class: 2getFilePath: filePath=/custom/metro/log/2022-10-12
10-12 11:33:21.982  7494  7516 D LogWriteUtil.class=LogFileHandlerThread.class: getFileNameSuffix: file=/custom/metro/log/2022-10-12
10-12 11:33:21.983  7494  7516 D LogWriteUtil.class=LogFileHandlerThread.class: 2getCurrentFileName: index=3, LogWriteUtil.logfile=app.log, getFileNameSuffix=14
10-12 11:33:21.983  7494  7516 D LogWriteUtil.class=LogFileHandlerThread.class: 1getFilePath: logFormat=2022-10-12, LogWriteUtil.logPathDir=/custom/metro/log
10-12 11:33:21.983  7494  7516 D LogWriteUtil.class=LogFileHandlerThread.class: 2getFilePath: filePath=/custom/metro/log/2022-10-12
10-12 11:33:21.984  7494  7516 D LogWriteUtil.class=LogFileHandlerThread.class: getFileNameSuffix: file=/custom/metro/log/2022-10-12
10-12 11:33:21.984  7494  7494 D TAG     : getHeadsetStatus: headsetStatus=200
10-12 11:33:21.984  7494  7494 D TAG     : getHeadsetStatus: headsetStatus2=200
10-12 11:33:21.985  7494  7516 D LogWriteUtil.class=LogFileHandlerThread.class: 3getCurrentFileName: logFileName=app14.log
10-12 11:33:21.985  7494  7516 D TAG     : 2,initFile: /custom/metro/log/2022-10-12/app14.log, logFile.length=0, getCurrentFileName()=app14.log, writeFileName=/custom/metro/log/2022-10-12/app131665545514234.log
10-12 11:33:21.986  7494  7516 D LogWriteUtil.class=LogFileHandlerThread.class: 8,initFile: logFile=/custom/metro/log/2022-10-12/app14.log, logFile.length=0
10-12 11:33:21.986  7494  7578 D BtrunCConfig: isR2Nubmer is true
10-12 11:33:21.986  7494  7578 D com.ztegota.system.GotaSystem: getMdn +866022013
10-12 11:33:21.986  7494  7578 D TAG     : getUserId: userId2=+866022013
10-12 11:33:21.986  7494  7585 D MainViewModel: getLteIp: test1111111=172.2.200.13
10-12 11:33:21.987  7494  7567 I APP_LogUtils.kt: [(LogUtils.kt:50).i()] [MainViewModel] GotaSystem SDK:V2.13 2021-04-20, Host Soft Version:GM655+V1.0.6.8B02, Host Hard Version:GM655MB_C, Host Build Time:2021 12 28  16:23:13 CST;
10-12 11:33:21.988  7494  7516 D LogWriteUtil.class=LogFileHandlerThread.class: 1getFilePath: logFormat=2022-10-12, LogWriteUtil.logPathDir=/custom/metro/log
10-12 11:33:21.988  7494  7516 D LogWriteUtil.class=LogFileHandlerThread.class: 2getFilePath: filePath=/custom/metro/log/2022-10-12
10-12 11:33:21.988  7494  7516 D LogWriteUtil.class=LogFileHandlerThread.class: 1getCurrentFileName: LogWriteUtil.logfile=app.log
10-12 11:33:21.989  7494  7494 D MainActivity: showStatus: aa---result---result=true, url=192.168.42.131
10-12 11:33:21.990  7494  7494 D MainActivity: onMessageEvent  -- gginit: disApi, id=1---event={"MsgSeqID":20779,"MsgName":"DisReceivedNotify","MsgInfo":{"AppMsgSeqID":58,"Code":10001}}
10-12 11:33:21.990  7494  7494 D MainViewModel: 1processDisApi: disApi, id=1
10-12 11:33:21.991  7494  7567 D DisApiSingletonReceive: processingData: disApi, id=193 - data={"MsgSeqID":20779,"MsgName":"DisReceivedNotify","MsgInfo":{"AppMsgSeqID":58,"Code":10001}}
10-12 11:33:21.993  7494  7567 D DisApiSingletonReceive: processingDisReceivedNotify: info=DisReceivedNotifyApiData(msgName=DisReceivedNotify, msgSeqID=20779, msgInfo=ReceivedNotifyData(appMsgSeqID=0, code=10001))
10-12 11:33:21.994  7494  7516 D LogWriteUtil.class=LogFileHandlerThread.class: 1getFilePath: logFormat=2022-10-12, LogWriteUtil.logPathDir=/custom/metro/log
10-12 11:33:21.994  7494  7516 D LogWriteUtil.class=LogFileHandlerThread.class: 2getFilePath: filePath=/custom/metro/log/2022-10-12
10-12 11:33:21.994  7494  7516 D LogWriteUtil.class=LogFileHandlerThread.class: getFileNameSuffix: file=/custom/metro/log/2022-10-12
10-12 11:33:21.995  7494  7516 D LogWriteUtil.class=LogFileHandlerThread.class: 2getCurrentFileName: index=3, LogWriteUtil.logfile=app.log, getFileNameSuffix=14
10-12 11:33:21.996  7494  7516 D LogWriteUtil.class=LogFileHandlerThread.class: 1getFilePath: logFormat=2022-10-12, LogWriteUtil.logPathDir=/custom/metro/log
10-12 11:33:21.996  7494  7516 D LogWriteUtil.class=LogFileHandlerThread.class: 2getFilePath: filePath=/custom/metro/log/2022-10-12
10-12 11:33:21.996  7494  7516 D LogWriteUtil.class=LogFileHandlerThread.class: getFileNameSuffix: file=/custom/metro/log/2022-10-12
10-12 11:33:21.996  7494  7516 D LogWriteUtil.class=LogFileHandlerThread.class: 3getCurrentFileName: logFileName=app14.log
10-12 11:33:21.997  7494  7516 D LogWriteUtil.class=LogFileHandlerThread.class: 1,initFile: getFilePath()=/custom/metro/log/2022-10-12, getCurrentFileName=app14.log
10-12 11:33:21.997  7494  7516 D LogWriteUtil.class=LogFileHandlerThread.class: 1getFilePath: logFormat=2022-10-12, LogWriteUtil.logPathDir=/custom/metro/log
10-12 11:33:21.998  7494  7516 D LogWriteUtil.class=LogFileHandlerThread.class: 2getFilePath: filePath=/custom/metro/log/2022-10-12
10-12 11:33:21.998  7494  7516 D LogWriteUtil.class=LogFileHandlerThread.class: 1getCurrentFileName: LogWriteUtil.logfile=app.log
10-12 11:33:21.999  7494  7516 D LogWriteUtil.class=LogFileHandlerThread.class: 1getFilePath: logFormat=2022-10-12, LogWriteUtil.logPathDir=/custom/metro/log
10-12 11:33:21.999  7494  7516 D LogWriteUtil.class=LogFileHandlerThread.class: 2getFilePath: filePath=/custom/metro/log/2022-10-12
10-12 11:33:21.999  7494  7516 D LogWriteUtil.class=LogFileHandlerThread.class: getFileNameSuffix: file=/custom/metro/log/2022-10-12
10-12 11:33:21.999  7494  7516 D LogWriteUtil.class=LogFileHandlerThread.class: 2getCurrentFileName: index=3, LogWriteUtil.logfile=app.log, getFileNameSuffix=14
10-12 11:33:22.000  7494  7516 D LogWriteUtil.class=LogFileHandlerThread.class: 1getFilePath: logFormat=2022-10-12, LogWriteUtil.logPathDir=/custom/metro/log
10-12 11:33:22.001  7494  7516 D LogWriteUtil.class=LogFileHandlerThread.class: 2getFilePath: filePath=/custom/metro/log/2022-10-12
10-12 11:33:22.001  7494  7516 D LogWriteUtil.class=LogFileHandlerThread.class: getFileNameSuffix: file=/custom/metro/log/2022-10-12
10-12 11:33:22.001  7494  7516 D LogWriteUtil.class=LogFileHandlerThread.class: 3getCurrentFileName: logFileName=app14.log
10-12 11:33:22.001  7494  7516 D LogWriteUtil.class=LogFileHandlerThread.class: 1getCurrentFileName: LogWriteUtil.logfile=app.log
10-12 11:33:22.002  7494  7516 D LogWriteUtil.class=LogFileHandlerThread.class: 1getFilePath: logFormat=2022-10-12, LogWriteUtil.logPathDir=/custom/metro/log
10-12 11:33:22.002  7494  7516 D LogWriteUtil.class=LogFileHandlerThread.class: 2getFilePath: filePath=/custom/metro/log/2022-10-12
10-12 11:33:22.003  7494  7516 D LogWriteUtil.class=LogFileHandlerThread.class: getFileNameSuffix: file=/custom/metro/log/2022-10-12
10-12 11:33:22.003  7494  7516 D LogWriteUtil.class=LogFileHandlerThread.class: 2getCurrentFileName: index=3, LogWriteUtil.logfile=app.log, getFileNameSuffix=14
10-12 11:33:22.004  7494  7516 D LogWriteUtil.class=LogFileHandlerThread.class: 1getFilePath: logFormat=2022-10-12, LogWriteUtil.logPathDir=/custom/metro/log
10-12 11:33:22.004  7494  7516 D LogWriteUtil.class=LogFileHandlerThread.class: 2getFilePath: filePath=/custom/metro/log/2022-10-12
10-12 11:33:22.004  7494  7516 D LogWriteUtil.class=LogFileHandlerThread.class: getFileNameSuffix: file=/custom/metro/log/2022-10-12
10-12 11:33:22.004  7494  7516 D LogWriteUtil.class=LogFileHandlerThread.class: 3getCurrentFileName: logFileName=app14.log
10-12 11:33:22.005  7494  7516 D TAG     : 2,initFile: /custom/metro/log/2022-10-12/app14.log, logFile.length=0, getCurrentFileName()=app14.log, writeFileName=/custom/metro/log/2022-10-12/app131665545514234.log
10-12 11:33:22.005  7494  7516 D LogWriteUtil.class=LogFileHandlerThread.class: 8,initFile: logFile=/custom/metro/log/2022-10-12/app14.log, logFile.length=0
10-12 11:33:22.007  7494  7516 D LogWriteUtil.class=LogFileHandlerThread.class: 1getFilePath: logFormat=2022-10-12, LogWriteUtil.logPathDir=/custom/metro/log
10-12 11:33:22.007  7494  7516 D LogWriteUtil.class=LogFileHandlerThread.class: 2getFilePath: filePath=/custom/metro/log/2022-10-12
10-12 11:33:22.007  7494  7516 D LogWriteUtil.class=LogFileHandlerThread.class: 1getCurrentFileName: LogWriteUtil.logfile=app.log
10-12 11:33:22.008  7494  7516 D LogWriteUtil.class=LogFileHandlerThread.class: 1getFilePath: logFormat=2022-10-12, LogWriteUtil.logPathDir=/custom/metro/log
10-12 11:33:22.008  7494  7516 D LogWriteUtil.class=LogFileHandlerThread.class: 2getFilePath: filePath=/custom/metro/log/2022-10-12
10-12 11:33:22.009  7494  7558 D UdpDisServices: udp receive - api receive data disApi, udp service id=185  - udp.packet.address=/172.2.208.8, udp.pack.socketAddress=/172.2.208.8:64002, udp.port=64002- running=true - message={"MsgSeqID":20780,"MsgName":"GetStationATSRsp","MsgInfo":{"Code":10011,"StationATSInfos":[{"TrainGroupNumber":"202","ServiceNumber":"000","TrainCrewNumber":"000","TrainPosition":"1","TrainRunningPosition":"2","RailName":"T1303","StationID":"013","TerminalStationID":"000","DestinationID":"000"},{"TrainGroupNumber":"299","ServiceNumber":"801","TrainCrewNumber":"000","TrainPosition":"1","TrainRunningPosition":"2","RailName":"T1301","StationID":"013","TerminalStationID":"000","DestinationID":"000"},{"TrainGroupNumber":"201","ServiceNumber":"000","TrainCrewNumber":"000","TrainPosition":"1","TrainRunningPosition":"1","RailName":"T1304","StationID":"013","TerminalStationID":"000","DestinationID":"000"}]}}
10-12 11:33:22.009  7494  7516 D LogWriteUtil.class=LogFileHandlerThread.class: getFileNameSuffix: file=/custom/metro/log/2022-10-12
10-12 11:33:22.009  7494  7558 I APP_LogUtils.kt: [(LogUtils.kt:50).i()] [UdpDisServices] udp receive - api receive data disApi, udp service id=185 - running=true  - ip=/172.2.208.8 - port=64002 - message={"MsgSeqID":20780,"MsgName":"GetStationATSRsp","MsgInfo":{"Code":10011,"StationATSInfos":[{"TrainGroupNumber":"202","ServiceNumber":"000","TrainCrewNumber":"000","TrainPosition":"1","TrainRunningPosition":"2","RailName":"T1303","StationID":"013","TerminalStationID":"000","DestinationID":"000"},{"TrainGroupNumber":"299","ServiceNumber":"801","TrainCrewNumber":"000","TrainPosition":"1","TrainRunningPosition":"2","RailName":"T1301","StationID":"013","TerminalStationID":"000","DestinationID":"000"},{"TrainGroupNumber":"201","ServiceNumber":"000","TrainCrewNumber":"000","TrainPosition":"1","TrainRunningPosition":"1","RailName":"T1304","StationID":"013","TerminalStationID":"000","DestinationID":"000"}]}}
10-12 11:33:22.010  7494  7516 D LogWriteUtil.class=LogFileHandlerThread.class: 2getCurrentFileName: index=3, LogWriteUtil.logfile=app.log, getFileNameSuffix=14
10-12 11:33:22.010  7494  7558 D UdpDisServices: udp receive - api receive data disApi, udp service id=185  - udp.packet.address=/172.2.208.8, udp.pack.socketAddress=/172.2.208.8:64002, udp.port=64002- running=true - message={"MsgSeqID":20781,"MsgName":"DisReceivedNotify","MsgInfo":{"AppMsgSeqID":59,"Code":10001}}
10-12 11:33:22.010  7494  7494 D MainActivity: onMessageEvent  -- gginit: disApi, id=1---event={"MsgSeqID":20780,"MsgName":"GetStationATSRsp","MsgInfo":{"Code":10011,"StationATSInfos":[{"TrainGroupNumber":"202","ServiceNumber":"000","TrainCrewNumber":"000","TrainPosition":"1","TrainRunningPosition":"2","RailName":"T1303","StationID":"013","TerminalStationID":"000","DestinationID":"000"},{"TrainGroupNumber":"299","ServiceNumber":"801","TrainCrewNumber":"000","TrainPosition":"1","TrainRunningPosition":"2","RailName":"T1301","StationID":"013","TerminalStationID":"000","DestinationID":"000"},{"TrainGroupNumber":"201","ServiceNumber":"000","TrainCrewNumber":"000","TrainPosition":"1","TrainRunningPosition":"1","RailName":"T1304","StationID":"013","TerminalStationID":"000","DestinationID":"000"}]}}
10-12 11:33:22.010  7494  7494 D MainViewModel: 1processDisApi: disApi, id=1
10-12 11:33:22.011  7494  7516 D LogWriteUtil.class=LogFileHandlerThread.class: 1getFilePath: logFormat=2022-10-12, LogWriteUtil.logPathDir=/custom/metro/log
10-12 11:33:22.011  7494  7516 D LogWriteUtil.class=LogFileHandlerThread.class: 2getFilePath: filePath=/custom/metro/log/2022-10-12
10-12 11:33:22.011  7494  7585 D DisApiSingletonReceive: processingData: disApi, id=206 - data={"MsgSeqID":20780,"MsgName":"GetStationATSRsp","MsgInfo":{"Code":10011,"StationATSInfos":[{"TrainGroupNumber":"202","ServiceNumber":"000","TrainCrewNumber":"000","TrainPosition":"1","TrainRunningPosition":"2","RailName":"T1303","StationID":"013","TerminalStationID":"000","DestinationID":"000"},{"TrainGroupNumber":"299","ServiceNumber":"801","TrainCrewNumber":"000","TrainPosition":"1","TrainRunningPosition":"2","RailName":"T1301","StationID":"013","TerminalStationID":"000","DestinationID":"000"},{"TrainGroupNumber":"201","ServiceNumber":"000","TrainCrewNumber":"000","TrainPosition":"1","TrainRunningPosition":"1","RailName":"T1304","StationID":"013","TerminalStationID":"000","DestinationID":"000"}]}}
10-12 11:33:22.012  7494  7516 D LogWriteUtil.class=LogFileHandlerThread.class: getFileNameSuffix: file=/custom/metro/log/2022-10-12
10-12 11:33:22.012  7494  7516 D LogWriteUtil.class=LogFileHandlerThread.class: 3getCurrentFileName: logFileName=app14.log
10-12 11:33:22.012  7494  7516 D LogWriteUtil.class=LogFileHandlerThread.class: 1,initFile: getFilePath()=/custom/metro/log/2022-10-12, getCurrentFileName=app14.log
10-12 11:33:22.012  7494  7558 I APP_LogUtils.kt: [(LogUtils.kt:50).i()] [UdpDisServices] udp receive - api receive data disApi, udp service id=185 - running=true  - ip=/172.2.208.8 - port=64002 - message={"MsgSeqID":20781,"MsgName":"DisReceivedNotify","MsgInfo":{"AppMsgSeqID":59,"Code":10001}}
10-12 11:33:22.013  7494  7516 D LogWriteUtil.class=LogFileHandlerThread.class: 1getFilePath: logFormat=2022-10-12, LogWriteUtil.logPathDir=/custom/metro/log
10-12 11:33:22.013  7494  7516 D LogWriteUtil.class=LogFileHandlerThread.class: 2getFilePath: filePath=/custom/metro/log/2022-10-12
