10-11 14:06:07.580  2706  3234 D UdpDisServices: udp receive - api receive data disApi, udp service id=99  - udp.packet.address=/172.2.208.8, udp.pack.socketAddress=/172.2.208.8:64002, udp.port=64002- running=true - message={"MsgSeqID":1201140,"MsgName":"GetStationATSRsp","MsgInfo":{"Code":10011,"StationATSInfos":[{"TrainGroupNumber":"212","ServiceNumber":"000","TrainCrewNumber":"000","TrainPosition":"1","TrainRunningPosition":"1","RailName":"T1212","StationID":"012","TerminalStationID":"000","DestinationID":"000"}]}}
10-11 14:06:07.581  2706  3234 I APP_LogUtils.kt: [(LogUtils.kt:50).i()] [UdpDisServices] udp receive - api receive data disApi, udp service id=99 - running=true  - ip=/172.2.208.8 - port=64002 - message={"MsgSeqID":1201140,"MsgName":"GetStationATSRsp","MsgInfo":{"Code":10011,"StationATSInfos":[{"TrainGroupNumber":"212","ServiceNumber":"000","TrainCrewNumber":"000","TrainPosition":"1","TrainRunningPosition":"1","RailName":"T1212","StationID":"012","TerminalStationID":"000","DestinationID":"000"}]}}
10-11 14:06:07.582  2706  2706 D MainActivity: onMessageEvent  -- gginit: disApi, id=1---event={"MsgSeqID":1201140,"MsgName":"GetStationATSRsp","MsgInfo":{"Code":10011,"StationATSInfos":[{"TrainGroupNumber":"212","ServiceNumber":"000","TrainCrewNumber":"000","TrainPosition":"1","TrainRunningPosition":"1","RailName":"T1212","StationID":"012","TerminalStationID":"000","DestinationID":"000"}]}}
10-11 14:06:07.582  2706  2706 D MainViewModel: 1processDisApi: disApi, id=1
10-11 14:06:07.583  2706  3234 D UdpDisServices: udp receive - api receive data disApi, udp service id=99  - udp.packet.address=/172.2.208.8, udp.pack.socketAddress=/172.2.208.8:64002, udp.port=64002- running=true - message={"MsgSeqID":1201155,"MsgName":"GetStationATSRsp","MsgInfo":{"Code":10011,"StationATSInfos":[{"TrainGroupNumber":"212","ServiceNumber":"000","TrainCrewNumber":"000","TrainPosition":"1","TrainRunningPosition":"1","RailName":"T1212","StationID":"012","TerminalStationID":"000","DestinationID":"000"}]}}
10-11 14:06:07.583  2706  4120 D DisApiSingletonReceive: processingData: disApi, id=169 - data={"MsgSeqID":1201140,"MsgName":"GetStationATSRsp","MsgInfo":{"Code":10011,"StationATSInfos":[{"TrainGroupNumber":"212","ServiceNumber":"000","TrainCrewNumber":"000","TrainPosition":"1","TrainRunningPosition":"1","RailName":"T1212","StationID":"012","TerminalStationID":"000","DestinationID":"000"}]}}
10-11 14:06:07.584  2706  3234 I APP_LogUtils.kt: [(LogUtils.kt:50).i()] [UdpDisServices] udp receive - api receive data disApi, udp service id=99 - running=true  - ip=/172.2.208.8 - port=64002 - message={"MsgSeqID":1201155,"MsgName":"GetStationATSRsp","MsgInfo":{"Code":10011,"StationATSInfos":[{"TrainGroupNumber":"212","ServiceNumber":"000","TrainCrewNumber":"000","TrainPosition":"1","TrainRunningPosition":"1","RailName":"T1212","StationID":"012","TerminalStationID":"000","DestinationID":"000"}]}}
10-11 14:06:07.584  2706  2706 D MainActivity: onMessageEvent  -- gginit: disApi, id=1---event={"MsgSeqID":1201155,"MsgName":"GetStationATSRsp","MsgInfo":{"Code":10011,"StationATSInfos":[{"TrainGroupNumber":"212","ServiceNumber":"000","TrainCrewNumber":"000","TrainPosition":"1","TrainRunningPosition":"1","RailName":"T1212","StationID":"012","TerminalStationID":"000","DestinationID":"000"}]}}
10-11 14:06:07.585  2706  2706 D MainViewModel: 1processDisApi: disApi, id=1
10-11 14:06:07.585  2706  2827 D LogWriteUtil.class=LogFileHandlerThread.class: 1getFilePath: logFormat=2022-10-11, LogWriteUtil.logPathDir=/custom/metro/log
10-11 14:06:07.586  2706  2827 D LogWriteUtil.class=LogFileHandlerThread.class: 2getFilePath: filePath=/custom/metro/log/2022-10-11
10-11 14:06:07.586  2706  4119 D DisApiSingletonReceive: processingData: disApi, id=168 - data={"MsgSeqID":1201155,"MsgName":"GetStationATSRsp","MsgInfo":{"Code":10011,"StationATSInfos":[{"TrainGroupNumber":"212","ServiceNumber":"000","TrainCrewNumber":"000","TrainPosition":"1","TrainRunningPosition":"1","RailName":"T1212","StationID":"012","TerminalStationID":"000","DestinationID":"000"}]}}
10-11 14:06:07.586  2706  2827 D LogWriteUtil.class=LogFileHandlerThread.class: getFileNameSuffix: file=/custom/metro/log/2022-10-11
10-11 14:06:07.586  2706  4120 D DisApiSingletonReceive: parseStationAtsData: atsInfo=com.gbcom.library_base.data.StationAtsApiData@64d18ff
10-11 14:06:07.587  2706  2827 D LogWriteUtil.class=LogFileHandlerThread.class: 3getCurrentFileName: logFileName=app3.log
10-11 14:06:07.587  2706  4120 D BtrunCConfig: isR2Nubmer is true
10-11 14:06:07.587  2706  4120 D com.ztegota.system.GotaSystem: getMdn +866022012
10-11 14:06:07.587  2706  4120 D TAG     : getUserId: userId2=+866022012
10-11 14:06:07.587  2706  2827 D LogWriteUtil.class=LogFileHandlerThread.class: 1getCurrentFileName: LogWriteUtil.logfile=app.log
10-11 14:06:07.589  2706  2827 D LogWriteUtil.class=LogFileHandlerThread.class: 1getFilePath: logFormat=2022-10-11, LogWriteUtil.logPathDir=/custom/metro/log
10-11 14:06:07.589  2706  2827 D LogWriteUtil.class=LogFileHandlerThread.class: 2getFilePath: filePath=/custom/metro/log/2022-10-11
10-11 14:06:07.590  2706  2827 D LogWriteUtil.class=LogFileHandlerThread.class: getFileNameSuffix: file=/custom/metro/log/2022-10-11
10-11 14:06:07.590  2706  2827 D LogWriteUtil.class=LogFileHandlerThread.class: 2getCurrentFileName: index=3, LogWriteUtil.logfile=app.log, getFileNameSuffix=3
10-11 14:06:07.590  2706  4119 D DisApiSingletonReceive: parseStationAtsData: atsInfo=com.gbcom.library_base.data.StationAtsApiData@ab86cc
10-11 14:06:07.591  2706  4119 D BtrunCConfig: isR2Nubmer is true
10-11 14:06:07.591  2706  4119 D com.ztegota.system.GotaSystem: getMdn +866022012
10-11 14:06:07.591  2706  4119 D TAG     : getUserId: userId2=+866022012
10-11 14:06:07.591  2706  2827 D LogWriteUtil.class=LogFileHandlerThread.class: 1getFilePath: logFormat=2022-10-11, LogWriteUtil.logPathDir=/custom/metro/log
10-11 14:06:07.591  2706  2827 D LogWriteUtil.class=LogFileHandlerThread.class: 2getFilePath: filePath=/custom/metro/log/2022-10-11
10-11 14:06:07.591  2706  2827 D LogWriteUtil.class=LogFileHandlerThread.class: getFileNameSuffix: file=/custom/metro/log/2022-10-11
10-11 14:06:07.592  2706  2827 D LogWriteUtil.class=LogFileHandlerThread.class: 3getCurrentFileName: logFileName=app3.log
10-11 14:06:07.593  2706  2827 D TAG     : 2,initFile: /custom/metro/log/2022-10-11/app3.log, logFile.length=132945, getCurrentFileName()=app3.log, writeFileName=/custom/metro/log/2022-10-11/app3.log
10-11 14:06:07.593  2706  2827 D LogWriteUtil.class=LogFileHandlerThread.class: 8,initFile: logFile=/custom/metro/log/2022-10-11/app3.log, logFile.length=132945
10-11 14:06:07.595  2706  2827 D LogWriteUtil.class=LogFileHandlerThread.class: 1getFilePath: logFormat=2022-10-11, LogWriteUtil.logPathDir=/custom/metro/log
10-11 14:06:07.595  2706  2827 D LogWriteUtil.class=LogFileHandlerThread.class: 2getFilePath: filePath=/custom/metro/log/2022-10-11
10-11 14:06:07.596  2706  2827 D LogWriteUtil.class=LogFileHandlerThread.class: 1getCurrentFileName: LogWriteUtil.logfile=app.log
10-11 14:06:07.597  2706  2827 D LogWriteUtil.class=LogFileHandlerThread.class: 1getFilePath: logFormat=2022-10-11, LogWriteUtil.logPathDir=/custom/metro/log
10-11 14:06:07.597  2706  2827 D LogWriteUtil.class=LogFileHandlerThread.class: 2getFilePath: filePath=/custom/metro/log/2022-10-11
10-11 14:06:07.597  2706  2827 D LogWriteUtil.class=LogFileHandlerThread.class: getFileNameSuffix: file=/custom/metro/log/2022-10-11
10-11 14:06:07.598  2706  2827 D LogWriteUtil.class=LogFileHandlerThread.class: 2getCurrentFileName: index=3, LogWriteUtil.logfile=app.log, getFileNameSuffix=3
10-11 14:06:07.604  2706  2706 D IndexFragment: initView: applyFxData() - ats=[StationAts(createTime=1665468367, trainGroupNumber=212, serviceNumber=000, trainCrewNumber=000, trainPosition=1, trainRunningPosition=1, railName=T1212, stationID=012, terminalStationID=000, destinationID=000, identityID=+866022012)]
10-11 14:06:07.604  2706  2827 D LogWriteUtil.class=LogFileHandlerThread.class: 1getFilePath: logFormat=2022-10-11, LogWriteUtil.logPathDir=/custom/metro/log
10-11 14:06:07.604  2706  2827 D LogWriteUtil.class=LogFileHandlerThread.class: 2getFilePath: filePath=/custom/metro/log/2022-10-11
10-11 14:06:07.604  2706  2827 D LogWriteUtil.class=LogFileHandlerThread.class: getFileNameSuffix: file=/custom/metro/log/2022-10-11
10-11 14:06:07.605  2706  2827 D LogWriteUtil.class=LogFileHandlerThread.class: 3getCurrentFileName: logFileName=app3.log
10-11 14:06:07.605  2706  2827 D LogWriteUtil.class=LogFileHandlerThread.class: 1,initFile: getFilePath()=/custom/metro/log/2022-10-11, getCurrentFileName=app3.log
10-11 14:06:07.605  2706  2827 D LogWriteUtil.class=LogFileHandlerThread.class: 1getFilePath: logFormat=2022-10-11, LogWriteUtil.logPathDir=/custom/metro/log
10-11 14:06:07.605  2706  2827 D LogWriteUtil.class=LogFileHandlerThread.class: 2getFilePath: filePath=/custom/metro/log/2022-10-11
10-11 14:06:07.606  2706  2827 D LogWriteUtil.class=LogFileHandlerThread.class: 1getCurrentFileName: LogWriteUtil.logfile=app.log
10-11 14:06:07.606  2706  2827 D LogWriteUtil.class=LogFileHandlerThread.class: 1getFilePath: logFormat=2022-10-11, LogWriteUtil.logPathDir=/custom/metro/log
10-11 14:06:07.607  2706  2827 D LogWriteUtil.class=LogFileHandlerThread.class: 2getFilePath: filePath=/custom/metro/log/2022-10-11
10-11 14:06:07.607  2706  2827 D LogWriteUtil.class=LogFileHandlerThread.class: getFileNameSuffix: file=/custom/metro/log/2022-10-11
10-11 14:06:07.607  2706  2827 D LogWriteUtil.class=LogFileHandlerThread.class: 2getCurrentFileName: index=3, LogWriteUtil.logfile=app.log, getFileNameSuffix=3
10-11 14:06:07.608  2706  2827 D LogWriteUtil.class=LogFileHandlerThread.class: 1getFilePath: logFormat=2022-10-11, LogWriteUtil.logPathDir=/custom/metro/log
10-11 14:06:07.609  2706  2827 D LogWriteUtil.class=LogFileHandlerThread.class: 2getFilePath: filePath=/custom/metro/log/2022-10-11
10-11 14:06:07.609  2706  2827 D LogWriteUtil.class=LogFileHandlerThread.class: getFileNameSuffix: file=/custom/metro/log/2022-10-11
10-11 14:06:07.609  2706  2827 D LogWriteUtil.class=LogFileHandlerThread.class: 3getCurrentFileName: logFileName=app3.log
10-11 14:06:07.609  2706  2827 D LogWriteUtil.class=LogFileHandlerThread.class: 1getCurrentFileName: LogWriteUtil.logfile=app.log
10-11 14:06:07.610  2706  2827 D LogWriteUtil.class=LogFileHandlerThread.class: 1getFilePath: logFormat=2022-10-11, LogWriteUtil.logPathDir=/custom/metro/log
10-11 14:06:07.610  2706  2827 D LogWriteUtil.class=LogFileHandlerThread.class: 2getFilePath: filePath=/custom/metro/log/2022-10-11
10-11 14:06:07.610  2706  2827 D LogWriteUtil.class=LogFileHandlerThread.class: getFileNameSuffix: file=/custom/metro/log/2022-10-11
10-11 14:06:07.611  2706  2827 D LogWriteUtil.class=LogFileHandlerThread.class: 2getCurrentFileName: index=3, LogWriteUtil.logfile=app.log, getFileNameSuffix=3
10-11 14:06:07.612  2706  2827 D LogWriteUtil.class=LogFileHandlerThread.class: 1getFilePath: logFormat=2022-10-11, LogWriteUtil.logPathDir=/custom/metro/log
10-11 14:06:07.612  2706  2827 D LogWriteUtil.class=LogFileHandlerThread.class: 2getFilePath: filePath=/custom/metro/log/2022-10-11
10-11 14:06:07.612  2706  2827 D LogWriteUtil.class=LogFileHandlerThread.class: getFileNameSuffix: file=/custom/metro/log/2022-10-11
10-11 14:06:07.613  2706  2827 D LogWriteUtil.class=LogFileHandlerThread.class: 3getCurrentFileName: logFileName=app3.log
10-11 14:06:07.613  2706  2827 D TAG     : 2,initFile: /custom/metro/log/2022-10-11/app3.log, logFile.length=133125, getCurrentFileName()=app3.log, writeFileName=/custom/metro/log/2022-10-11/app3.log
10-11 14:06:07.613  2706  2827 D LogWriteUtil.class=LogFileHandlerThread.class: 8,initFile: logFile=/custom/metro/log/2022-10-11/app3.log, logFile.length=133125
10-11 14:06:07.614  2706  2827 D LogWriteUtil.class=LogFileHandlerThread.class: 1getFilePath: logFormat=2022-10-11, LogWriteUtil.logPathDir=/custom/metro/log
10-11 14:06:07.614  2706  2827 D LogWriteUtil.class=LogFileHandlerThread.class: 2getFilePath: filePath=/custom/metro/log/2022-10-11
10-11 14:06:07.615  2706  2827 D LogWriteUtil.class=LogFileHandlerThread.class: 1getCurrentFileName: LogWriteUtil.logfile=app.log
10-11 14:06:07.615  2706  2827 D LogWriteUtil.class=LogFileHandlerThread.class: 1getFilePath: logFormat=2022-10-11, LogWriteUtil.logPathDir=/custom/metro/log
10-11 14:06:07.615  2706  2827 D LogWriteUtil.class=LogFileHandlerThread.class: 2getFilePath: filePath=/custom/metro/log/2022-10-11
10-11 14:06:07.616  2706  2827 D LogWriteUtil.class=LogFileHandlerThread.class: getFileNameSuffix: file=/custom/metro/log/2022-10-11
10-11 14:06:07.616  2706  2827 D LogWriteUtil.class=LogFileHandlerThread.class: 2getCurrentFileName: index=3, LogWriteUtil.logfile=app.log, getFileNameSuffix=3
10-11 14:06:07.617  2706  2827 D LogWriteUtil.class=LogFileHandlerThread.class: 1getFilePath: logFormat=2022-10-11, LogWriteUtil.logPathDir=/custom/metro/log
10-11 14:06:07.617  2706  2827 D LogWriteUtil.class=LogFileHandlerThread.class: 2getFilePath: filePath=/custom/metro/log/2022-10-11
10-11 14:06:07.617  2706  2827 D LogWriteUtil.class=LogFileHandlerThread.class: getFileNameSuffix: file=/custom/metro/log/2022-10-11
10-11 14:06:07.617  2706  2827 D LogWriteUtil.class=LogFileHandlerThread.class: 3getCurrentFileName: logFileName=app3.log
10-11 14:06:07.618  2706  2827 D LogWriteUtil.class=LogFileHandlerThread.class: 1,initFile: getFilePath()=/custom/metro/log/2022-10-11, getCurrentFileName=app3.log
10-11 14:06:07.619  2706  2827 D LogWriteUtil.class=LogFileHandlerThread.class: 1getFilePath: logFormat=2022-10-11, LogWriteUtil.logPathDir=/custom/metro/log
10-11 14:06:07.619  2706  2827 D LogWriteUtil.class=LogFileHandlerThread.class: 2getFilePath: filePath=/custom/metro/log/2022-10-11
10-11 14:06:07.619  2706  2827 D LogWriteUtil.class=LogFileHandlerThread.class: 1getCurrentFileName: LogWriteUtil.logfile=app.log
10-11 14:06:07.620  2706  2827 D LogWriteUtil.class=LogFileHandlerThread.class: 1getFilePath: logFormat=2022-10-11, LogWriteUtil.logPathDir=/custom/metro/log
10-11 14:06:07.620  2706  2827 D LogWriteUtil.class=LogFileHandlerThread.class: 2getFilePath: filePath=/custom/metro/log/2022-10-11
10-11 14:06:07.621  2706  2827 D LogWriteUtil.class=LogFileHandlerThread.class: getFileNameSuffix: file=/custom/metro/log/2022-10-11
10-11 14:06:07.621  2706  2827 D LogWriteUtil.class=LogFileHandlerThread.class: 2getCurrentFileName: index=3, LogWriteUtil.logfile=app.log, getFileNameSuffix=3
10-11 14:06:07.622  2706  2827 D LogWriteUtil.class=LogFileHandlerThread.class: 1getFilePath: logFormat=2022-10-11, LogWriteUtil.logPathDir=/custom/metro/log
10-11 14:06:07.623  2706  2827 D LogWriteUtil.class=LogFileHandlerThread.class: 2getFilePath: filePath=/custom/metro/log/2022-10-11
10-11 14:06:07.623  2706  2827 D LogWriteUtil.class=LogFileHandlerThread.class: getFileNameSuffix: file=/custom/metro/log/2022-10-11
10-11 14:06:07.623  2706  2827 D LogWriteUtil.class=LogFileHandlerThread.class: 3getCurrentFileName: logFileName=app3.log
10-11 14:06:07.623  2706  2827 D LogWriteUtil.class=LogFileHandlerThread.class: 1getCurrentFileName: LogWriteUtil.logfile=app.log
10-11 14:06:07.624  2706  2827 D LogWriteUtil.class=LogFileHandlerThread.class: 1getFilePath: logFormat=2022-10-11, LogWriteUtil.logPathDir=/custom/metro/log
10-11 14:06:07.624  2706  2827 D LogWriteUtil.class=LogFileHandlerThread.class: 2getFilePath: filePath=/custom/metro/log/2022-10-11
10-11 14:06:07.624  2706  2827 D LogWriteUtil.class=LogFileHandlerThread.class: getFileNameSuffix: file=/custom/metro/log/2022-10-11
10-11 14:06:07.624  2706  2827 D LogWriteUtil.class=LogFileHandlerThread.class: 2getCurrentFileName: index=3, LogWriteUtil.logfile=app.log, getFileNameSuffix=3
10-11 14:06:07.626  2706  2827 D LogWriteUtil.class=LogFileHandlerThread.class: 1getFilePath: logFormat=2022-10-11, LogWriteUtil.logPathDir=/custom/metro/log
10-11 14:06:07.626  2706  2827 D LogWriteUtil.class=LogFileHandlerThread.class: 2getFilePath: filePath=/custom/metro/log/2022-10-11
10-11 14:06:07.626  2706  2827 D LogWriteUtil.class=LogFileHandlerThread.class: getFileNameSuffix: file=/custom/metro/log/2022-10-11
10-11 14:06:07.627  2706  2827 D LogWriteUtil.class=LogFileHandlerThread.class: 3getCurrentFileName: logFileName=app3.log
10-11 14:06:07.627  2706  2827 D TAG     : 2,initFile: /custom/metro/log/2022-10-11/app3.log, logFile.length=133604, getCurrentFileName()=app3.log, writeFileName=/custom/metro/log/2022-10-11/app3.log
10-11 14:06:07.627  2706  2827 D LogWriteUtil.class=LogFileHandlerThread.class: 8,initFile: logFile=/custom/metro/log/2022-10-11/app3.log, logFile.length=133604
10-11 14:06:07.895  2706  4119 D MainViewModel: getSystemTime_currentThreadID2: 168
10-11 14:06:07.941  2706  4120 D TAG     : getSystemTime_currentThreadID3s: 169, isActive=true
10-11 14:06:07.941  2706  4076 D TAG     : getSystemTime_currentThreadID3s: 166, isActive=true
10-11 14:06:07.942  2706  3971 D TAG     : getSystemTime_currentThreadID3s: 160, isActive=true
10-11 14:06:08.399  2706  3971 D MainViewModel: getSystemTime_currentThreadID2: 160
10-11 14:06:08.446  2706  3971 D TAG     : getSystemTime_currentThreadID3s: 160, isActive=true
10-11 14:06:08.446  2706  4119 D TAG     : getSystemTime_currentThreadID3s: 168, isActive=true
10-11 14:06:08.446  2706  4120 D TAG     : getSystemTime_currentThreadID3s: 169, isActive=true
10-11 14:06:08.563  2706  2763 I rilj    : EMCI Detial(CellId--->Tav): 5378,255,2,"460702",255,65535,59,65535,255,255,60,27,16,255,1185411028021,0,0,0,0,0,0,0,0
10-11 14:06:08.564  2706  2763 D LTERILJ : [UNSL]< RIL_UNSOL_NOTIFY_EMCI_DETAIL
10-11 14:06:08.565  2706  2760 D LTEPhone: EVENT_FOR_EMCI_DETAIL
10-11 14:06:08.565  2706  2760 D LTEServiceTracker: setCellId cellId:5378,"460702"
10-11 14:06:08.567  2706  2706 I APP_LogUtils.kt: [(LogUtils.kt:50).i()] [com.gbcom.library_base.service.LLteService] lte_resp_sys_for_emci_detail - EmciDetail=com.ztegota.system.common.EmciDetail@5eb5d93
10-11 14:06:08.568  2706  2827 D LogWriteUtil.class=LogFileHandlerThread.class: 1getFilePath: logFormat=2022-10-11, LogWriteUtil.logPathDir=/custom/metro/log
10-11 14:06:08.569  2706  2827 D LogWriteUtil.class=LogFileHandlerThread.class: 2getFilePath: filePath=/custom/metro/log/2022-10-11
10-11 14:06:08.569  2706  2827 D LogWriteUtil.class=LogFileHandlerThread.class: 1getCurrentFileName: LogWriteUtil.logfile=app.log
10-11 14:06:08.570  2706  2827 D LogWriteUtil.class=LogFileHandlerThread.class: 1getFilePath: logFormat=2022-10-11, LogWriteUtil.logPathDir=/custom/metro/log
10-11 14:06:08.571  2706  2827 D LogWriteUtil.class=LogFileHandlerThread.class: 2getFilePath: filePath=/custom/metro/log/2022-10-11
10-11 14:06:08.571  2706  2827 D LogWriteUtil.class=LogFileHandlerThread.class: getFileNameSuffix: file=/custom/metro/log/2022-10-11
10-11 14:06:08.572  2706  2827 D LogWriteUtil.class=LogFileHandlerThread.class: 2getCurrentFileName: index=3, LogWriteUtil.logfile=app.log, getFileNameSuffix=3
10-11 14:06:08.573  2706  2827 D LogWriteUtil.class=LogFileHandlerThread.class: 1getFilePath: logFormat=2022-10-11, LogWriteUtil.logPathDir=/custom/metro/log
10-11 14:06:08.573  2706  2827 D LogWriteUtil.class=LogFileHandlerThread.class: 2getFilePath: filePath=/custom/metro/log/2022-10-11
10-11 14:06:08.574  2706  2827 D LogWriteUtil.class=LogFileHandlerThread.class: getFileNameSuffix: file=/custom/metro/log/2022-10-11
10-11 14:06:08.574  2706  2827 D LogWriteUtil.class=LogFileHandlerThread.class: 3getCurrentFileName: logFileName=app3.log
10-11 14:06:08.575  2706  2827 D LogWriteUtil.class=LogFileHandlerThread.class: 1,initFile: getFilePath()=/custom/metro/log/2022-10-11, getCurrentFileName=app3.log
10-11 14:06:08.576  2706  2827 D LogWriteUtil.class=LogFileHandlerThread.class: 1getFilePath: logFormat=2022-10-11, LogWriteUtil.logPathDir=/custom/metro/log
10-11 14:06:08.577  2706  2827 D LogWriteUtil.class=LogFileHandlerThread.class: 2getFilePath: filePath=/custom/metro/log/2022-10-11
10-11 14:06:08.577  2706  2827 D LogWriteUtil.class=LogFileHandlerThread.class: 1getCurrentFileName: LogWriteUtil.logfile=app.log
10-11 14:06:08.579  2706  2827 D LogWriteUtil.class=LogFileHandlerThread.class: 1getFilePath: logFormat=2022-10-11, LogWriteUtil.logPathDir=/custom/metro/log
10-11 14:06:08.579  2706  2827 D LogWriteUtil.class=LogFileHandlerThread.class: 2getFilePath: filePath=/custom/metro/log/2022-10-11
10-11 14:06:08.579  2706  2827 D LogWriteUtil.class=LogFileHandlerThread.class: getFileNameSuffix: file=/custom/metro/log/2022-10-11
10-11 14:06:08.580  2706  2827 D LogWriteUtil.class=LogFileHandlerThread.class: 2getCurrentFileName: index=3, LogWriteUtil.logfile=app.log, getFileNameSuffix=3
10-11 14:06:08.581  2706  2827 D LogWriteUtil.class=LogFileHandlerThread.class: 1getFilePath: logFormat=2022-10-11, LogWriteUtil.logPathDir=/custom/metro/log
10-11 14:06:08.581  2706  2827 D LogWriteUtil.class=LogFileHandlerThread.class: 2getFilePath: filePath=/custom/metro/log/2022-10-11
10-11 14:06:08.581  2706  2827 D LogWriteUtil.class=LogFileHandlerThread.class: getFileNameSuffix: file=/custom/metro/log/2022-10-11
10-11 14:06:08.582  2706  2827 D LogWriteUtil.class=LogFileHandlerThread.class: 3getCurrentFileName: logFileName=app3.log
10-11 14:06:08.583  2706  2827 D LogWriteUtil.class=LogFileHandlerThread.class: 1getCurrentFileName: LogWriteUtil.logfile=app.log
10-11 14:06:08.584  2706  2827 D LogWriteUtil.class=LogFileHandlerThread.class: 1getFilePath: logFormat=2022-10-11, LogWriteUtil.logPathDir=/custom/metro/log
10-11 14:06:08.584  2706  2827 D LogWriteUtil.class=LogFileHandlerThread.class: 2getFilePath: filePath=/custom/metro/log/2022-10-11
10-11 14:06:08.584  2706  2827 D LogWriteUtil.class=LogFileHandlerThread.class: getFileNameSuffix: file=/custom/metro/log/2022-10-11
10-11 14:06:08.585  2706  2827 D LogWriteUtil.class=LogFileHandlerThread.class: 2getCurrentFileName: index=3, LogWriteUtil.logfile=app.log, getFileNameSuffix=3
10-11 14:06:08.587  2706  2827 D LogWriteUtil.class=LogFileHandlerThread.class: 1getFilePath: logFormat=2022-10-11, LogWriteUtil.logPathDir=/custom/metro/log
10-11 14:06:08.587  2706  2827 D LogWriteUtil.class=LogFileHandlerThread.class: 2getFilePath: filePath=/custom/metro/log/2022-10-11
10-11 14:06:08.587  2706  2827 D LogWriteUtil.class=LogFileHandlerThread.class: getFileNameSuffix: file=/custom/metro/log/2022-10-11
10-11 14:06:08.588  2706  2827 D LogWriteUtil.class=LogFileHandlerThread.class: 3getCurrentFileName: logFileName=app3.log
10-11 14:06:08.588  2706  2827 D TAG     : 2,initFile: /custom/metro/log/2022-10-11/app3.log, logFile.length=134083, getCurrentFileName()=app3.log, writeFileName=/custom/metro/log/2022-10-11/app3.log
10-11 14:06:08.589  2706  2827 D LogWriteUtil.class=LogFileHandlerThread.class: 8,initFile: logFile=/custom/metro/log/2022-10-11/app3.log, logFile.length=134083
10-11 14:06:08.646  2706  2957 D UdpMasterServices: udp receive - 1 - gginit api receive data masterApi, udp service id=91 - running=true - message={"MsgName":"HeartBeatReq","MsgSeqID":922,"MsgInfo":{"Time":1665468367}}
10-11 14:06:08.647  2706  2957 D UdpMasterServices: ++++++++++++++++++++++++++++++++++++++++++++++++++++++++++++++++++++++++++++++++++++
10-11 14:06:08.648  2706  2957 I APP_LogUtils.kt: [(LogUtils.kt:50).i()] [UdpMasterServices] xlog - api receive data disApi, udp service id=91 - running=true - message={"MsgName":"HeartBeatReq","MsgSeqID":922,"MsgInfo":{"Time":1665468367}}
10-11 14:06:08.649  2706  2957 D UdpMasterServices: receive: data id=91, running=true, msg=null
10-11 14:06:08.652  2706  2827 D LogWriteUtil.class=LogFileHandlerThread.class: 1getFilePath: logFormat=2022-10-11, LogWriteUtil.logPathDir=/custom/metro/log
10-11 14:06:08.652  2706  2827 D LogWriteUtil.class=LogFileHandlerThread.class: 2getFilePath: filePath=/custom/metro/log/2022-10-11
10-11 14:06:08.653  2706  2957 D UdpMasterServices: udp receive - 1 - gginit api receive data masterApi, udp service id=91 - running=true - message={"MsgName":"GetStatusReq","MsgSeqID":923,"MsgInfo":{}}
10-11 14:06:08.654  2706  2957 D UdpMasterServices: ++++++++++++++++++++++++++++++++++++++++++++++++++++++++++++++++++++++++++++++++++++
10-11 14:06:08.654  2706  2827 D LogWriteUtil.class=LogFileHandlerThread.class: 1getCurrentFileName: LogWriteUtil.logfile=app.log
10-11 14:06:08.655  2706  4119 D MasterApiReceive: processingHeartBeatData: HeartBeatInfo(time=1665468367, devSite=0)
10-11 14:06:08.655  2706  2957 I APP_LogUtils.kt: [(LogUtils.kt:50).i()] [UdpMasterServices] xlog - api receive data disApi, udp service id=91 - running=true - message={"MsgName":"GetStatusReq","MsgSeqID":923,"MsgInfo":{}}
10-11 14:06:08.655  2706  2827 D LogWriteUtil.class=LogFileHandlerThread.class: 1getFilePath: logFormat=2022-10-11, LogWriteUtil.logPathDir=/custom/metro/log
10-11 14:06:08.656  2706  2827 D LogWriteUtil.class=LogFileHandlerThread.class: 2getFilePath: filePath=/custom/metro/log/2022-10-11
10-11 14:06:08.656  2706  2827 D LogWriteUtil.class=LogFileHandlerThread.class: getFileNameSuffix: file=/custom/metro/log/2022-10-11
10-11 14:06:08.656  2706  2827 D LogWriteUtil.class=LogFileHandlerThread.class: 2getCurrentFileName: index=3, LogWriteUtil.logfile=app.log, getFileNameSuffix=3
10-11 14:06:08.657  2706  2827 D LogWriteUtil.class=LogFileHandlerThread.class: 1getFilePath: logFormat=2022-10-11, LogWriteUtil.logPathDir=/custom/metro/log
10-11 14:06:08.658  2706  2827 D LogWriteUtil.class=LogFileHandlerThread.class: 2getFilePath: filePath=/custom/metro/log/2022-10-11
10-11 14:06:08.658  2706  2957 D UdpMasterServices: receive: data id=91, running=true, msg=null
10-11 14:06:08.658  2706  2827 D LogWriteUtil.class=LogFileHandlerThread.class: getFileNameSuffix: file=/custom/metro/log/2022-10-11
10-11 14:06:08.658  2706  2957 D UdpMasterServices: udp receive - 1 - gginit api receive data masterApi, udp service id=91 - running=true - message={"MsgName":"GetOperLogReq","MsgSeqID":924,"MsgInfo":{"StartTime":1}}
10-11 14:06:08.658  2706  2957 D UdpMasterServices: ++++++++++++++++++++++++++++++++++++++++++++++++++++++++++++++++++++++++++++++++++++
10-11 14:06:08.659  2706  2827 D LogWriteUtil.class=LogFileHandlerThread.class: 3getCurrentFileName: logFileName=app3.log
10-11 14:06:08.659  2706  2827 D LogWriteUtil.class=LogFileHandlerThread.class: 1,initFile: getFilePath()=/custom/metro/log/2022-10-11, getCurrentFileName=app3.log
10-11 14:06:08.660  2706  2957 I APP_LogUtils.kt: [(LogUtils.kt:50).i()] [UdpMasterServices] xlog - api receive data disApi, udp service id=91 - running=true - message={"MsgName":"GetOperLogReq","MsgSeqID":924,"MsgInfo":{"StartTime":1}}
10-11 14:06:08.660  2706  2827 D LogWriteUtil.class=LogFileHandlerThread.class: 1getFilePath: logFormat=2022-10-11, LogWriteUtil.logPathDir=/custom/metro/log
10-11 14:06:08.660  2706  2827 D LogWriteUtil.class=LogFileHandlerThread.class: 2getFilePath: filePath=/custom/metro/log/2022-10-11
10-11 14:06:08.661  2706  2827 D LogWriteUtil.class=LogFileHandlerThread.class: 1getCurrentFileName: LogWriteUtil.logfile=app.log
10-11 14:06:08.661  2706  4119 I APP_LogUtils.kt: [(LogUtils.kt:50).i()] [UdpMasterServices] start: send1 - masterApi - thread ID=168 - message={"MsgName":"HeartBeatRsp","MsgSeqID":575,"MsgInfo":{"Time":1665468368}}
10-11 14:06:08.661  2706  2957 D UdpMasterServices: receive: data id=91, running=true, msg=null
10-11 14:06:08.661  2706  2827 D LogWriteUtil.class=LogFileHandlerThread.class: 1getFilePath: logFormat=2022-10-11, LogWriteUtil.logPathDir=/custom/metro/log
10-11 14:06:08.661  2706  2827 D LogWriteUtil.class=LogFileHandlerThread.class: 2getFilePath: filePath=/custom/metro/log/2022-10-11
10-11 14:06:08.662  2706  2827 D LogWriteUtil.class=LogFileHandlerThread.class: getFileNameSuffix: file=/custom/metro/log/2022-10-11
10-11 14:06:08.662  2706  2827 D LogWriteUtil.class=LogFileHandlerThread.class: 2getCurrentFileName: index=3, LogWriteUtil.logfile=app.log, getFileNameSuffix=3
10-11 14:06:08.663  2706  2827 D LogWriteUtil.class=LogFileHandlerThread.class: 1getFilePath: logFormat=2022-10-11, LogWriteUtil.logPathDir=/custom/metro/log
10-11 14:06:08.663  2706  3971 D MasterApiReceive: processingStatusData: mMasterData=MasterAppStatusApiData(msgName=GetStatusReq, msgSeqID=923, msgInfo={})
10-11 14:06:08.663  2706  2827 D LogWriteUtil.class=LogFileHandlerThread.class: 2getFilePath: filePath=/custom/metro/log/2022-10-11
10-11 14:06:08.663  2706  2827 D LogWriteUtil.class=LogFileHandlerThread.class: getFileNameSuffix: file=/custom/metro/log/2022-10-11
10-11 14:06:08.664  2706  2827 D LogWriteUtil.class=LogFileHandlerThread.class: 3getCurrentFileName: logFileName=app3.log
10-11 14:06:08.664  2706  2827 D LogWriteUtil.class=LogFileHandlerThread.class: 1getCurrentFileName: LogWriteUtil.logfile=app.log
10-11 14:06:08.665  2706  2827 D LogWriteUtil.class=LogFileHandlerThread.class: 1getFilePath: logFormat=2022-10-11, LogWriteUtil.logPathDir=/custom/metro/log
10-11 14:06:08.665  2706  2827 D LogWriteUtil.class=LogFileHandlerThread.class: 2getFilePath: filePath=/custom/metro/log/2022-10-11
10-11 14:06:08.665  2706  2827 D LogWriteUtil.class=LogFileHandlerThread.class: getFileNameSuffix: file=/custom/metro/log/2022-10-11
10-11 14:06:08.666  2706  2827 D LogWriteUtil.class=LogFileHandlerThread.class: 2getCurrentFileName: index=3, LogWriteUtil.logfile=app.log, getFileNameSuffix=3
10-11 14:06:08.667  2706  4120 D MasterApiReceive: processingOperLogData: mMasterData=MasterOperLogData(msgName=GetOperLogReq, msgSeqID=924, msgInfo=OperLogInfo(startTime=1))
10-11 14:06:08.667  2706  2827 D LogWriteUtil.class=LogFileHandlerThread.class: 1getFilePath: logFormat=2022-10-11, LogWriteUtil.logPathDir=/custom/metro/log
10-11 14:06:08.667  2706  2827 D LogWriteUtil.class=LogFileHandlerThread.class: 2getFilePath: filePath=/custom/metro/log/2022-10-11
10-11 14:06:08.667  2706  2827 D LogWriteUtil.class=LogFileHandlerThread.class: getFileNameSuffix: file=/custom/metro/log/2022-10-11
10-11 14:06:08.668  2706  2827 D LogWriteUtil.class=LogFileHandlerThread.class: 3getCurrentFileName: logFileName=app3.log
10-11 14:06:08.668  2706  2827 D TAG     : 2,initFile: /custom/metro/log/2022-10-11/app3.log, logFile.length=134263, getCurrentFileName()=app3.log, writeFileName=/custom/metro/log/2022-10-11/app3.log
10-11 14:06:08.669  2706  2827 D LogWriteUtil.class=LogFileHandlerThread.class: 8,initFile: logFile=/custom/metro/log/2022-10-11/app3.log, logFile.length=134263
10-11 14:06:08.670  2706  2827 D LogWriteUtil.class=LogFileHandlerThread.class: 1getFilePath: logFormat=2022-10-11, LogWriteUtil.logPathDir=/custom/metro/log
10-11 14:06:08.670  2706  2827 D LogWriteUtil.class=LogFileHandlerThread.class: 2getFilePath: filePath=/custom/metro/log/2022-10-11
10-11 14:06:08.671  2706  2827 D LogWriteUtil.class=LogFileHandlerThread.class: 1getCurrentFileName: LogWriteUtil.logfile=app.log
10-11 14:06:08.671  2706  2827 D LogWriteUtil.class=LogFileHandlerThread.class: 1getFilePath: logFormat=2022-10-11, LogWriteUtil.logPathDir=/custom/metro/log
10-11 14:06:08.672  2706  2827 D LogWriteUtil.class=LogFileHandlerThread.class: 2getFilePath: filePath=/custom/metro/log/2022-10-11
10-11 14:06:08.672  2706  2827 D LogWriteUtil.class=LogFileHandlerThread.class: getFileNameSuffix: file=/custom/metro/log/2022-10-11
10-11 14:06:08.672  2706  2827 D LogWriteUtil.class=LogFileHandlerThread.class: 2getCurrentFileName: index=3, LogWriteUtil.logfile=app.log, getFileNameSuffix=3
10-11 14:06:08.673  2706  2827 D LogWriteUtil.class=LogFileHandlerThread.class: 1getFilePath: logFormat=2022-10-11, LogWriteUtil.logPathDir=/custom/metro/log
10-11 14:06:08.673  2706  2827 D LogWriteUtil.class=LogFileHandlerThread.class: 2getFilePath: filePath=/custom/metro/log/2022-10-11
10-11 14:06:08.673  2706  2827 D LogWriteUtil.class=LogFileHandlerThread.class: getFileNameSuffix: file=/custom/metro/log/2022-10-11
10-11 14:06:08.673  2706  2827 D LogWriteUtil.class=LogFileHandlerThread.class: 3getCurrentFileName: logFileName=app3.log
10-11 14:06:08.673  2706  2827 D LogWriteUtil.class=LogFileHandlerThread.class: 1,initFile: getFilePath()=/custom/metro/log/2022-10-11, getCurrentFileName=app3.log
10-11 14:06:08.674  2706  2827 D LogWriteUtil.class=LogFileHandlerThread.class: 1getFilePath: logFormat=2022-10-11, LogWriteUtil.logPathDir=/custom/metro/log
10-11 14:06:08.674  2706  2827 D LogWriteUtil.class=LogFileHandlerThread.class: 2getFilePath: filePath=/custom/metro/log/2022-10-11
10-11 14:06:08.675  2706  2827 D LogWriteUtil.class=LogFileHandlerThread.class: 1getCurrentFileName: LogWriteUtil.logfile=app.log
10-11 14:06:08.675  2706  2827 D LogWriteUtil.class=LogFileHandlerThread.class: 1getFilePath: logFormat=2022-10-11, LogWriteUtil.logPathDir=/custom/metro/log
10-11 14:06:08.675  2706  2827 D LogWriteUtil.class=LogFileHandlerThread.class: 2getFilePath: filePath=/custom/metro/log/2022-10-11
10-11 14:06:08.676  2706  2827 D LogWriteUtil.class=LogFileHandlerThread.class: getFileNameSuffix: file=/custom/metro/log/2022-10-11
10-11 14:06:08.676  2706  2827 D LogWriteUtil.class=LogFileHandlerThread.class: 2getCurrentFileName: index=3, LogWriteUtil.logfile=app.log, getFileNameSuffix=3
10-11 14:06:08.677  2706  2827 D LogWriteUtil.class=LogFileHandlerThread.class: 1getFilePath: logFormat=2022-10-11, LogWriteUtil.logPathDir=/custom/metro/log
10-11 14:06:08.677  2706  2827 D LogWriteUtil.class=LogFileHandlerThread.class: 2getFilePath: filePath=/custom/metro/log/2022-10-11
10-11 14:06:08.677  2706  2827 D LogWriteUtil.class=LogFileHandlerThread.class: getFileNameSuffix: file=/custom/metro/log/2022-10-11
10-11 14:06:08.677  2706  2827 D LogWriteUtil.class=LogFileHandlerThread.class: 3getCurrentFileName: logFileName=app3.log
10-11 14:06:08.677  2706  2827 D LogWriteUtil.class=LogFileHandlerThread.class: 1getCurrentFileName: LogWriteUtil.logfile=app.log
10-11 14:06:08.678  2706  2827 D LogWriteUtil.class=LogFileHandlerThread.class: 1getFilePath: logFormat=2022-10-11, LogWriteUtil.logPathDir=/custom/metro/log
10-11 14:06:08.678  2706  2827 D LogWriteUtil.class=LogFileHandlerThread.class: 2getFilePath: filePath=/custom/metro/log/2022-10-11
10-11 14:06:08.679  2706  2827 D LogWriteUtil.class=LogFileHandlerThread.class: getFileNameSuffix: file=/custom/metro/log/2022-10-11
10-11 14:06:08.679  2706  2827 D LogWriteUtil.class=LogFileHandlerThread.class: 2getCurrentFileName: index=3, LogWriteUtil.logfile=app.log, getFileNameSuffix=3
10-11 14:06:08.680  2706  2827 D LogWriteUtil.class=LogFileHandlerThread.class: 1getFilePath: logFormat=2022-10-11, LogWriteUtil.logPathDir=/custom/metro/log
10-11 14:06:08.680  2706  2827 D LogWriteUtil.class=LogFileHandlerThread.class: 2getFilePath: filePath=/custom/metro/log/2022-10-11
10-11 14:06:08.680  2706  2827 D LogWriteUtil.class=LogFileHandlerThread.class: getFileNameSuffix: file=/custom/metro/log/2022-10-11
10-11 14:06:08.680  2706  2827 D LogWriteUtil.class=LogFileHandlerThread.class: 3getCurrentFileName: logFileName=app3.log
10-11 14:06:08.680  2706  2827 D TAG     : 2,initFile: /custom/metro/log/2022-10-11/app3.log, logFile.length=134478, getCurrentFileName()=app3.log, writeFileName=/custom/metro/log/2022-10-11/app3.log
10-11 14:06:08.681  2706  2827 D LogWriteUtil.class=LogFileHandlerThread.class: 8,initFile: logFile=/custom/metro/log/2022-10-11/app3.log, logFile.length=134478
10-11 14:06:08.682  2706  2827 D LogWriteUtil.class=LogFileHandlerThread.class: 1getFilePath: logFormat=2022-10-11, LogWriteUtil.logPathDir=/custom/metro/log
10-11 14:06:08.682  2706  2827 D LogWriteUtil.class=LogFileHandlerThread.class: 2getFilePath: filePath=/custom/metro/log/2022-10-11
10-11 14:06:08.682  2706  2827 D LogWriteUtil.class=LogFileHandlerThread.class: 1getCurrentFileName: LogWriteUtil.logfile=app.log
10-11 14:06:08.683  2706  2827 D LogWriteUtil.class=LogFileHandlerThread.class: 1getFilePath: logFormat=2022-10-11, LogWriteUtil.logPathDir=/custom/metro/log
10-11 14:06:08.683  2706  2827 D LogWriteUtil.class=LogFileHandlerThread.class: 2getFilePath: filePath=/custom/metro/log/2022-10-11
10-11 14:06:08.683  2706  2827 D LogWriteUtil.class=LogFileHandlerThread.class: getFileNameSuffix: file=/custom/metro/log/2022-10-11
10-11 14:06:08.684  2706  2827 D LogWriteUtil.class=LogFileHandlerThread.class: 2getCurrentFileName: index=3, LogWriteUtil.logfile=app.log, getFileNameSuffix=3
10-11 14:06:08.685  2706  2827 D LogWriteUtil.class=LogFileHandlerThread.class: 1getFilePath: logFormat=2022-10-11, LogWriteUtil.logPathDir=/custom/metro/log
10-11 14:06:08.685  2706  2827 D LogWriteUtil.class=LogFileHandlerThread.class: 2getFilePath: filePath=/custom/metro/log/2022-10-11
10-11 14:06:08.685  2706  2827 D LogWriteUtil.class=LogFileHandlerThread.class: getFileNameSuffix: file=/custom/metro/log/2022-10-11
10-11 14:06:08.685  2706  2827 D LogWriteUtil.class=LogFileHandlerThread.class: 3getCurrentFileName: logFileName=app3.log
10-11 14:06:08.685  2706  2827 D LogWriteUtil.class=LogFileHandlerThread.class: 1,initFile: getFilePath()=/custom/metro/log/2022-10-11, getCurrentFileName=app3.log
10-11 14:06:08.686  2706  3971 I APP_LogUtils.kt: [(LogUtils.kt:50).i()] [UdpMasterServices] start: send1 - masterApi - thread ID=160 - message={"MsgSeqID":576,"MsgName":"GetStatusRsp","MsgInfo":{"NetMask":"255.255.255.0","DeviceId":"BT-FX300","Gateway":"","SelfCheckFailReason":"","Uptime":1453,"SystemVersion":"TX300-ANDROID-7.1-R0018","AppVersion":"FX400-APK-3.0.1-V1.0.9","SelfCheckStatus":1,"Time":1665468368,"FwVersion":"qualcomm"}}
10-11 14:06:08.686  2706  2827 D LogWriteUtil.class=LogFileHandlerThread.class: 1getFilePath: logFormat=2022-10-11, LogWriteUtil.logPathDir=/custom/metro/log
10-11 14:06:08.686  2706  2827 D LogWriteUtil.class=LogFileHandlerThread.class: 2getFilePath: filePath=/custom/metro/log/2022-10-11
10-11 14:06:08.686  2706  2827 D LogWriteUtil.class=LogFileHandlerThread.class: 1getCurrentFileName: LogWriteUtil.logfile=app.log
10-11 14:06:08.687  2706  2827 D LogWriteUtil.class=LogFileHandlerThread.class: 1getFilePath: logFormat=2022-10-11, LogWriteUtil.logPathDir=/custom/metro/log
10-11 14:06:08.687  2706  2827 D LogWriteUtil.class=LogFileHandlerThread.class: 2getFilePath: filePath=/custom/metro/log/2022-10-11
10-11 14:06:08.687  2706  2827 D LogWriteUtil.class=LogFileHandlerThread.class: getFileNameSuffix: file=/custom/metro/log/2022-10-11
10-11 14:06:08.688  2706  2827 D LogWriteUtil.class=LogFileHandlerThread.class: 2getCurrentFileName: index=3, LogWriteUtil.logfile=app.log, getFileNameSuffix=3
10-11 14:06:08.689  2706  2827 D LogWriteUtil.class=LogFileHandlerThread.class: 1getFilePath: logFormat=2022-10-11, LogWriteUtil.logPathDir=/custom/metro/log
10-11 14:06:08.689  2706  2827 D LogWriteUtil.class=LogFileHandlerThread.class: 2getFilePath: filePath=/custom/metro/log/2022-10-11
10-11 14:06:08.689  2706  2827 D LogWriteUtil.class=LogFileHandlerThread.class: getFileNameSuffix: file=/custom/metro/log/2022-10-11
10-11 14:06:08.690  2706  2827 D LogWriteUtil.class=LogFileHandlerThread.class: 3getCurrentFileName: logFileName=app3.log
10-11 14:06:08.690  2706  2827 D LogWriteUtil.class=LogFileHandlerThread.class: 1getCurrentFileName: LogWriteUtil.logfile=app.log
10-11 14:06:08.691  2706  2827 D LogWriteUtil.class=LogFileHandlerThread.class: 1getFilePath: logFormat=2022-10-11, LogWriteUtil.logPathDir=/custom/metro/log
10-11 14:06:08.691  2706  2827 D LogWriteUtil.class=LogFileHandlerThread.class: 2getFilePath: filePath=/custom/metro/log/2022-10-11
10-11 14:06:08.691  2706  2827 D LogWriteUtil.class=LogFileHandlerThread.class: getFileNameSuffix: file=/custom/metro/log/2022-10-11
10-11 14:06:08.691  2706  2827 D LogWriteUtil.class=LogFileHandlerThread.class: 2getCurrentFileName: index=3, LogWriteUtil.logfile=app.log, getFileNameSuffix=3
10-11 14:06:08.693  2706  2827 D LogWriteUtil.class=LogFileHandlerThread.class: 1getFilePath: logFormat=2022-10-11, LogWriteUtil.logPathDir=/custom/metro/log
10-11 14:06:08.693  2706  2827 D LogWriteUtil.class=LogFileHandlerThread.class: 2getFilePath: filePath=/custom/metro/log/2022-10-11
10-11 14:06:08.693  2706  2827 D LogWriteUtil.class=LogFileHandlerThread.class: getFileNameSuffix: file=/custom/metro/log/2022-10-11
10-11 14:06:08.693  2706  2827 D LogWriteUtil.class=LogFileHandlerThread.class: 3getCurrentFileName: logFileName=app3.log
10-11 14:06:08.693  2706  2827 D TAG     : 2,initFile: /custom/metro/log/2022-10-11/app3.log, logFile.length=134676, getCurrentFileName()=app3.log, writeFileName=/custom/metro/log/2022-10-11/app3.log
10-11 14:06:08.694  2706  2827 D LogWriteUtil.class=LogFileHandlerThread.class: 8,initFile: logFile=/custom/metro/log/2022-10-11/app3.log, logFile.length=134676
10-11 14:06:08.695  2706  2827 D LogWriteUtil.class=LogFileHandlerThread.class: 1getFilePath: logFormat=2022-10-11, LogWriteUtil.logPathDir=/custom/metro/log
10-11 14:06:08.695  2706  2827 D LogWriteUtil.class=LogFileHandlerThread.class: 2getFilePath: filePath=/custom/metro/log/2022-10-11
10-11 14:06:08.695  2706  2827 D LogWriteUtil.class=LogFileHandlerThread.class: 1getCurrentFileName: LogWriteUtil.logfile=app.log
10-11 14:06:08.697  2706  2827 D LogWriteUtil.class=LogFileHandlerThread.class: 1getFilePath: logFormat=2022-10-11, LogWriteUtil.logPathDir=/custom/metro/log
10-11 14:06:08.698  2706  2827 D LogWriteUtil.class=LogFileHandlerThread.class: 2getFilePath: filePath=/custom/metro/log/2022-10-11
10-11 14:06:08.698  2706  2827 D LogWriteUtil.class=LogFileHandlerThread.class: getFileNameSuffix: file=/custom/metro/log/2022-10-11
10-11 14:06:08.699  2706  2827 D LogWriteUtil.class=LogFileHandlerThread.class: 2getCurrentFileName: index=3, LogWriteUtil.logfile=app.log, getFileNameSuffix=3
10-11 14:06:08.705  2706  2827 D LogWriteUtil.class=LogFileHandlerThread.class: 1getFilePath: logFormat=2022-10-11, LogWriteUtil.logPathDir=/custom/metro/log
10-11 14:06:08.705  2706  2827 D LogWriteUtil.class=LogFileHandlerThread.class: 2getFilePath: filePath=/custom/metro/log/2022-10-11
10-11 14:06:08.705  2706  2827 D LogWriteUtil.class=LogFileHandlerThread.class: getFileNameSuffix: file=/custom/metro/log/2022-10-11
10-11 14:06:08.705  2706  2827 D LogWriteUtil.class=LogFileHandlerThread.class: 3getCurrentFileName: logFileName=app3.log
10-11 14:06:08.705  2706  2827 D LogWriteUtil.class=LogFileHandlerThread.class: 1,initFile: getFilePath()=/custom/metro/log/2022-10-11, getCurrentFileName=app3.log
10-11 14:06:08.706  2706  2827 D LogWriteUtil.class=LogFileHandlerThread.class: 1getFilePath: logFormat=2022-10-11, LogWriteUtil.logPathDir=/custom/metro/log
10-11 14:06:08.706  2706  2827 D LogWriteUtil.class=LogFileHandlerThread.class: 2getFilePath: filePath=/custom/metro/log/2022-10-11
10-11 14:06:08.707  2706  2827 D LogWriteUtil.class=LogFileHandlerThread.class: 1getCurrentFileName: LogWriteUtil.logfile=app.log
10-11 14:06:08.708  2706  2827 D LogWriteUtil.class=LogFileHandlerThread.class: 1getFilePath: logFormat=2022-10-11, LogWriteUtil.logPathDir=/custom/metro/log
10-11 14:06:08.708  2706  2827 D LogWriteUtil.class=LogFileHandlerThread.class: 2getFilePath: filePath=/custom/metro/log/2022-10-11
10-11 14:06:08.708  2706  2827 D LogWriteUtil.class=LogFileHandlerThread.class: getFileNameSuffix: file=/custom/metro/log/2022-10-11
10-11 14:06:08.710  2706  2827 D LogWriteUtil.class=LogFileHandlerThread.class: 2getCurrentFileName: index=3, LogWriteUtil.logfile=app.log, getFileNameSuffix=3
10-11 14:06:08.712  2706  2827 D LogWriteUtil.class=LogFileHandlerThread.class: 1getFilePath: logFormat=2022-10-11, LogWriteUtil.logPathDir=/custom/metro/log
10-11 14:06:08.712  2706  2827 D LogWriteUtil.class=LogFileHandlerThread.class: 2getFilePath: filePath=/custom/metro/log/2022-10-11
10-11 14:06:08.712  2706  2827 D LogWriteUtil.class=LogFileHandlerThread.class: getFileNameSuffix: file=/custom/metro/log/2022-10-11
10-11 14:06:08.712  2706  2827 D LogWriteUtil.class=LogFileHandlerThread.class: 3getCurrentFileName: logFileName=app3.log
10-11 14:06:08.712  2706  2827 D LogWriteUtil.class=LogFileHandlerThread.class: 1getCurrentFileName: LogWriteUtil.logfile=app.log
10-11 14:06:08.713  2706  2827 D LogWriteUtil.class=LogFileHandlerThread.class: 1getFilePath: logFormat=2022-10-11, LogWriteUtil.logPathDir=/custom/metro/log
10-11 14:06:08.713  2706  2827 D LogWriteUtil.class=LogFileHandlerThread.class: 2getFilePath: filePath=/custom/metro/log/2022-10-11
10-11 14:06:08.714  2706  2827 D LogWriteUtil.class=LogFileHandlerThread.class: getFileNameSuffix: file=/custom/metro/log/2022-10-11
10-11 14:06:08.714  2706  2827 D LogWriteUtil.class=LogFileHandlerThread.class: 2getCurrentFileName: index=3, LogWriteUtil.logfile=app.log, getFileNameSuffix=3
10-11 14:06:08.715  2706  2827 D LogWriteUtil.class=LogFileHandlerThread.class: 1getFilePath: logFormat=2022-10-11, LogWriteUtil.logPathDir=/custom/metro/log
10-11 14:06:08.715  2706  2827 D LogWriteUtil.class=LogFileHandlerThread.class: 2getFilePath: filePath=/custom/metro/log/2022-10-11
10-11 14:06:08.715  2706  2827 D LogWriteUtil.class=LogFileHandlerThread.class: getFileNameSuffix: file=/custom/metro/log/2022-10-11
10-11 14:06:08.715  2706  2827 D LogWriteUtil.class=LogFileHandlerThread.class: 3getCurrentFileName: logFileName=app3.log
10-11 14:06:08.715  2706  2827 D TAG     : 2,initFile: /custom/metro/log/2022-10-11/app3.log, logFile.length=134888, getCurrentFileName()=app3.log, writeFileName=/custom/metro/log/2022-10-11/app3.log
10-11 14:06:08.715  2706  2827 D LogWriteUtil.class=LogFileHandlerThread.class: 8,initFile: logFile=/custom/metro/log/2022-10-11/app3.log, logFile.length=134888
10-11 14:06:08.717  2706  2827 D LogWriteUtil.class=LogFileHandlerThread.class: 1getFilePath: logFormat=2022-10-11, LogWriteUtil.logPathDir=/custom/metro/log
10-11 14:06:08.717  2706  2827 D LogWriteUtil.class=LogFileHandlerThread.class: 2getFilePath: filePath=/custom/metro/log/2022-10-11
10-11 14:06:08.717  2706  2827 D LogWriteUtil.class=LogFileHandlerThread.class: 1getCurrentFileName: LogWriteUtil.logfile=app.log
10-11 14:06:08.718  2706  2827 D LogWriteUtil.class=LogFileHandlerThread.class: 1getFilePath: logFormat=2022-10-11, LogWriteUtil.logPathDir=/custom/metro/log
10-11 14:06:08.718  2706  2827 D LogWriteUtil.class=LogFileHandlerThread.class: 2getFilePath: filePath=/custom/metro/log/2022-10-11
10-11 14:06:08.719  2706  2827 D LogWriteUtil.class=LogFileHandlerThread.class: getFileNameSuffix: file=/custom/metro/log/2022-10-11
10-11 14:06:08.719  2706  2827 D LogWriteUtil.class=LogFileHandlerThread.class: 2getCurrentFileName: index=3, LogWriteUtil.logfile=app.log, getFileNameSuffix=3
10-11 14:06:08.720  2706  2827 D LogWriteUtil.class=LogFileHandlerThread.class: 1getFilePath: logFormat=2022-10-11, LogWriteUtil.logPathDir=/custom/metro/log
10-11 14:06:08.720  2706  2827 D LogWriteUtil.class=LogFileHandlerThread.class: 2getFilePath: filePath=/custom/metro/log/2022-10-11
10-11 14:06:08.720  2706  2827 D LogWriteUtil.class=LogFileHandlerThread.class: getFileNameSuffix: file=/custom/metro/log/2022-10-11
10-11 14:06:08.721  2706  2827 D LogWriteUtil.class=LogFileHandlerThread.class: 3getCurrentFileName: logFileName=app3.log
10-11 14:06:08.721  2706  2827 D LogWriteUtil.class=LogFileHandlerThread.class: 1,initFile: getFilePath()=/custom/metro/log/2022-10-11, getCurrentFileName=app3.log
10-11 14:06:08.722  2706  2827 D LogWriteUtil.class=LogFileHandlerThread.class: 1getFilePath: logFormat=2022-10-11, LogWriteUtil.logPathDir=/custom/metro/log
10-11 14:06:08.722  2706  2827 D LogWriteUtil.class=LogFileHandlerThread.class: 2getFilePath: filePath=/custom/metro/log/2022-10-11
10-11 14:06:08.722  2706  2827 D LogWriteUtil.class=LogFileHandlerThread.class: 1getCurrentFileName: LogWriteUtil.logfile=app.log
10-11 14:06:08.723  2706  2827 D LogWriteUtil.class=LogFileHandlerThread.class: 1getFilePath: logFormat=2022-10-11, LogWriteUtil.logPathDir=/custom/metro/log
10-11 14:06:08.723  2706  2827 D LogWriteUtil.class=LogFileHandlerThread.class: 2getFilePath: filePath=/custom/metro/log/2022-10-11
10-11 14:06:08.723  2706  2827 D LogWriteUtil.class=LogFileHandlerThread.class: getFileNameSuffix: file=/custom/metro/log/2022-10-11
10-11 14:06:08.724  2706  2827 D LogWriteUtil.class=LogFileHandlerThread.class: 2getCurrentFileName: index=3, LogWriteUtil.logfile=app.log, getFileNameSuffix=3
10-11 14:06:08.724  2706  2827 D LogWriteUtil.class=LogFileHandlerThread.class: 1getFilePath: logFormat=2022-10-11, LogWriteUtil.logPathDir=/custom/metro/log
10-11 14:06:08.725  2706  2827 D LogWriteUtil.class=LogFileHandlerThread.class: 2getFilePath: filePath=/custom/metro/log/2022-10-11
10-11 14:06:08.725  2706  2827 D LogWriteUtil.class=LogFileHandlerThread.class: getFileNameSuffix: file=/custom/metro/log/2022-10-11
10-11 14:06:08.725  2706  2827 D LogWriteUtil.class=LogFileHandlerThread.class: 3getCurrentFileName: logFileName=app3.log
10-11 14:06:08.725  2706  2827 D LogWriteUtil.class=LogFileHandlerThread.class: 1getCurrentFileName: LogWriteUtil.logfile=app.log
10-11 14:06:08.726  2706  2827 D LogWriteUtil.class=LogFileHandlerThread.class: 1getFilePath: logFormat=2022-10-11, LogWriteUtil.logPathDir=/custom/metro/log
10-11 14:06:08.726  2706  2827 D LogWriteUtil.class=LogFileHandlerThread.class: 2getFilePath: filePath=/custom/metro/log/2022-10-11
10-11 14:06:08.727  2706  2827 D LogWriteUtil.class=LogFileHandlerThread.class: getFileNameSuffix: file=/custom/metro/log/2022-10-11
10-11 14:06:08.727  2706  2827 D LogWriteUtil.class=LogFileHandlerThread.class: 2getCurrentFileName: index=3, LogWriteUtil.logfile=app.log, getFileNameSuffix=3
10-11 14:06:08.728  2706  2827 D LogWriteUtil.class=LogFileHandlerThread.class: 1getFilePath: logFormat=2022-10-11, LogWriteUtil.logPathDir=/custom/metro/log
10-11 14:06:08.728  2706  2827 D LogWriteUtil.class=LogFileHandlerThread.class: 2getFilePath: filePath=/custom/metro/log/2022-10-11
