10-12 17:16:26.210 14913 14934 D LogWriteUtil.class=LogFileHandlerThread.class: getFileNameSuffix: file=/custom/metro/log/2022-10-12
10-12 17:16:26.212 14913 14934 D LogWriteUtil.class=LogFileHandlerThread.class: 2getCurrentFileName: index=3, LogWriteUtil.logfile=app.log, getFileNameSuffix=39
10-12 17:16:26.214 14913 14934 D LogWriteUtil.class=LogFileHandlerThread.class: 1getFilePath: logFormat=2022-10-12, LogWriteUtil.logPathDir=/custom/metro/log
10-12 17:16:26.214 14913 14934 D LogWriteUtil.class=LogFileHandlerThread.class: 2getFilePath: filePath=/custom/metro/log/2022-10-12
10-12 17:16:26.214 14913 14934 D LogWriteUtil.class=LogFileHandlerThread.class: getFileNameSuffix: file=/custom/metro/log/2022-10-12
10-12 17:16:26.215 14913 14934 D LogWriteUtil.class=LogFileHandlerThread.class: 3getCurrentFileName: logFileName=app39.log
10-12 17:16:26.215 14913 14934 D LogWriteUtil.class=LogFileHandlerThread.class: 1getCurrentFileName: LogWriteUtil.logfile=app.log
10-12 17:16:26.216 14913 14934 D LogWriteUtil.class=LogFileHandlerThread.class: 1getFilePath: logFormat=2022-10-12, LogWriteUtil.logPathDir=/custom/metro/log
10-12 17:16:26.217 14913 14934 D LogWriteUtil.class=LogFileHandlerThread.class: 2getFilePath: filePath=/custom/metro/log/2022-10-12
10-12 17:16:26.217 14913 14934 D LogWriteUtil.class=LogFileHandlerThread.class: getFileNameSuffix: file=/custom/metro/log/2022-10-12
10-12 17:16:26.218 14913 14934 D LogWriteUtil.class=LogFileHandlerThread.class: 2getCurrentFileName: index=3, LogWriteUtil.logfile=app.log, getFileNameSuffix=39
10-12 17:16:26.219 14913 14934 D LogWriteUtil.class=LogFileHandlerThread.class: 1getFilePath: logFormat=2022-10-12, LogWriteUtil.logPathDir=/custom/metro/log
10-12 17:16:26.219 14913 14934 D LogWriteUtil.class=LogFileHandlerThread.class: 2getFilePath: filePath=/custom/metro/log/2022-10-12
10-12 17:16:26.220 14913 14934 D LogWriteUtil.class=LogFileHandlerThread.class: getFileNameSuffix: file=/custom/metro/log/2022-10-12
10-12 17:16:26.220 14913 14934 D LogWriteUtil.class=LogFileHandlerThread.class: 3getCurrentFileName: logFileName=app39.log
10-12 17:16:26.221 14913 14934 D TAG     : 2,initFile: /custom/metro/log/2022-10-12/app39.log, logFile.length=0, getCurrentFileName()=app39.log, writeFileName=/custom/metro/log/2022-10-12/app38.log
10-12 17:16:26.221 14913 14934 D LogWriteUtil.class=LogFileHandlerThread.class: 8,initFile: logFile=/custom/metro/log/2022-10-12/app39.log, logFile.length=0
10-12 17:16:26.243 14913 15009 D MainViewModel: getSystemTime_currentThreadID2: 260
10-12 17:16:26.245 14913 15009 D TAG     : getSystemTime_currentThreadID3s: 260, isActive=true
10-12 17:16:26.255  1436  2413 I         : pmi8950_exists ro.boot.pmi8950_exist=[false] 
10-12 17:16:26.255  1436  2413 I         : PMI8950 not exist,so force to set  vibrator as exists !!
10-12 17:16:26.255  1436  2413 I         : pmi8950_exists ro.boot.pmi8950_exist=[false] 
10-12 17:16:26.255  1436  2413 I         : PMI8950 not exist,so force to set  vibrator as exists !!
10-12 17:16:26.303  1436  1436 I         : pmi8950_exists ro.boot.pmi8950_exist=[false] 
10-12 17:16:26.303  1436  1436 I         : PMI8950 not exist,so force to set  vibrator as exists !!
10-12 17:16:26.327 14913 14989 D UdpDisServices: udp receive - api receive data disApi, udp service id=248  - udp.packet.address=/172.2.208.8, udp.pack.socketAddress=/172.2.208.8:64002, udp.port=64002- running=true - message={"MsgSeqID":87873,"MsgName":"AppOnlineRsp","MsgInfo":{"Code":1}}
10-12 17:16:26.328 14913 14989 I APP_LogUtils.kt: [(LogUtils.kt:50).i()] [UdpDisServices] udp receive - api receive data disApi, udp service id=248 - running=true  - ip=/172.2.208.8 - port=64002 - message={"MsgSeqID":87873,"MsgName":"AppOnlineRsp","MsgInfo":{"Code":1}}
10-12 17:16:26.329 14913 14934 D LogWriteUtil.class=LogFileHandlerThread.class: 1getFilePath: logFormat=2022-10-12, LogWriteUtil.logPathDir=/custom/metro/log
10-12 17:16:26.329 14913 14934 D LogWriteUtil.class=LogFileHandlerThread.class: 2getFilePath: filePath=/custom/metro/log/2022-10-12
10-12 17:16:26.329 14913 14913 D MainActivity: onMessageEvent  -- gginit: disApi, id=1---event={"MsgSeqID":87873,"MsgName":"AppOnlineRsp","MsgInfo":{"Code":1}}
10-12 17:16:26.329 14913 14934 D LogWriteUtil.class=LogFileHandlerThread.class: 1getCurrentFileName: LogWriteUtil.logfile=app.log
10-12 17:16:26.329 14913 14913 D MainViewModel: 1processDisApi: disApi, id=1
10-12 17:16:26.330 14913 14989 D UdpDisServices: udp receive - api receive data disApi, udp service id=248  - udp.packet.address=/172.2.208.8, udp.pack.socketAddress=/172.2.208.8:64002, udp.port=64002- running=true - message={"MsgSeqID":87876,"MsgName":"GetStationATSRsp","MsgInfo":{"Code":10011,"StationATSInfos":[{"TrainGroupNumber":"212","ServiceNumber":"000","TrainCrewNumber":"000","TrainPosition":"1","TrainRunningPosition":"1","RailName":"T1306","StationID":"013","TerminalStationID":"000","DestinationID":"000"},{"TrainGroupNumber":"202","ServiceNumber":"000","TrainCrewNumber":"000","TrainPosition":"1","TrainRunningPosition":"2","RailName":"T1303","StationID":"013","TerminalStationID":"000","DestinationID":"000"},{"TrainGroupNumber":"299","ServiceNumber":"801","TrainCrewNumber":"000","TrainPosition":"1","TrainRunningPosition":"2","RailName":"T1301","StationID":"013","TerminalStationID":"000","DestinationID":"000"},{"TrainGroupNumber":"201","ServiceNumber":"000","TrainCrewNumber":"000","TrainPosition":"1","TrainRunningPosition":"1","RailName":"T1304","StationID":"013","TerminalStationID":"000","DestinationID":"000"}]}}
10-12 17:16:26.330 14913 14934 D LogWriteUtil.class=LogFileHandlerThread.class: 1getFilePath: logFormat=2022-10-12, LogWriteUtil.logPathDir=/custom/metro/log
10-12 17:16:26.331 14913 14934 D LogWriteUtil.class=LogFileHandlerThread.class: 2getFilePath: filePath=/custom/metro/log/2022-10-12
10-12 17:16:26.331 14913 14934 D LogWriteUtil.class=LogFileHandlerThread.class: getFileNameSuffix: file=/custom/metro/log/2022-10-12
10-12 17:16:26.332 14913 15007 D DisApiSingletonReceive: processingData: disApi, id=258 - data={"MsgSeqID":87873,"MsgName":"AppOnlineRsp","MsgInfo":{"Code":1}}
10-12 17:16:26.332 14913 14934 D LogWriteUtil.class=LogFileHandlerThread.class: 2getCurrentFileName: index=3, LogWriteUtil.logfile=app.log, getFileNameSuffix=39
10-12 17:16:26.332 14913 15007 D DisApiSingletonReceive: processingDisApi: else
10-12 17:16:26.334 14913 14934 D LogWriteUtil.class=LogFileHandlerThread.class: 1getFilePath: logFormat=2022-10-12, LogWriteUtil.logPathDir=/custom/metro/log
10-12 17:16:26.334 14913 14989 I APP_LogUtils.kt: [(LogUtils.kt:50).i()] [UdpDisServices] udp receive - api receive data disApi, udp service id=248 - running=true  - ip=/172.2.208.8 - port=64002 - message={"MsgSeqID":87876,"MsgName":"GetStationATSRsp","MsgInfo":{"Code":10011,"StationATSInfos":[{"TrainGroupNumber":"212","ServiceNumber":"000","TrainCrewNumber":"000","TrainPosition":"1","TrainRunningPosition":"1","RailName":"T1306","StationID":"013","TerminalStationID":"000","DestinationID":"000"},{"TrainGroupNumber":"202","ServiceNumber":"000","TrainCrewNumber":"000","TrainPosition":"1","TrainRunningPosition":"2","RailName":"T1303","StationID":"013","TerminalStationID":"000","DestinationID":"000"},{"TrainGroupNumber":"299","ServiceNumber":"801","TrainCrewNumber":"000","TrainPosition":"1","TrainRunningPosition":"2","RailName":"T1301","StationID":"013","TerminalStationID":"000","DestinationID":"000"},{"TrainGroupNumber":"201","ServiceNumber":"000","TrainCrewNumber":"000","TrainPosition":"1","TrainRunningPosition":"1","RailName":"T1304","StationID":"013","TerminalStationID":"000","DestinationID":"000"}]}}
10-12 17:16:26.334 14913 14934 D LogWriteUtil.class=LogFileHandlerThread.class: 2getFilePath: filePath=/custom/metro/log/2022-10-12
10-12 17:16:26.334 14913 14934 D LogWriteUtil.class=LogFileHandlerThread.class: getFileNameSuffix: file=/custom/metro/log/2022-10-12
10-12 17:16:26.335 14913 14934 D LogWriteUtil.class=LogFileHandlerThread.class: 3getCurrentFileName: logFileName=app39.log
10-12 17:16:26.335 14913 14934 D LogWriteUtil.class=LogFileHandlerThread.class: 1,initFile: getFilePath()=/custom/metro/log/2022-10-12, getCurrentFileName=app39.log
10-12 17:16:26.336 14913 14913 D MainActivity: onMessageEvent  -- gginit: disApi, id=1---event={"MsgSeqID":87876,"MsgName":"GetStationATSRsp","MsgInfo":{"Code":10011,"StationATSInfos":[{"TrainGroupNumber":"212","ServiceNumber":"000","TrainCrewNumber":"000","TrainPosition":"1","TrainRunningPosition":"1","RailName":"T1306","StationID":"013","TerminalStationID":"000","DestinationID":"000"},{"TrainGroupNumber":"202","ServiceNumber":"000","TrainCrewNumber":"000","TrainPosition":"1","TrainRunningPosition":"2","RailName":"T1303","StationID":"013","TerminalStationID":"000","DestinationID":"000"},{"TrainGroupNumber":"299","ServiceNumber":"801","TrainCrewNumber":"000","TrainPosition":"1","TrainRunningPosition":"2","RailName":"T1301","StationID":"013","TerminalStationID":"000","DestinationID":"000"},{"TrainGroupNumber":"201","ServiceNumber":"000","TrainCrewNumber":"000","TrainPosition":"1","TrainRunningPosition":"1","RailName":"T1304","StationID":"013","TerminalStationID":"000","DestinationID":"000"}]}}
10-12 17:16:26.336 14913 14913 D MainViewModel: 1processDisApi: disApi, id=1
10-12 17:16:26.337 14913 14934 D LogWriteUtil.class=LogFileHandlerThread.class: 1getFilePath: logFormat=2022-10-12, LogWriteUtil.logPathDir=/custom/metro/log
10-12 17:16:26.337 14913 14934 D LogWriteUtil.class=LogFileHandlerThread.class: 2getFilePath: filePath=/custom/metro/log/2022-10-12
10-12 17:16:26.337 14913 14934 D LogWriteUtil.class=LogFileHandlerThread.class: 1getCurrentFileName: LogWriteUtil.logfile=app.log
10-12 17:16:26.338 14913 15009 D DisApiSingletonReceive: processingData: disApi, id=260 - data={"MsgSeqID":87876,"MsgName":"GetStationATSRsp","MsgInfo":{"Code":10011,"StationATSInfos":[{"TrainGroupNumber":"212","ServiceNumber":"000","TrainCrewNumber":"000","TrainPosition":"1","TrainRunningPosition":"1","RailName":"T1306","StationID":"013","TerminalStationID":"000","DestinationID":"000"},{"TrainGroupNumber":"202","ServiceNumber":"000","TrainCrewNumber":"000","TrainPosition":"1","TrainRunningPosition":"2","RailName":"T1303","StationID":"013","TerminalStationID":"000","DestinationID":"000"},{"TrainGroupNumber":"299","ServiceNumber":"801","TrainCrewNumber":"000","TrainPosition":"1","TrainRunningPosition":"2","RailName":"T1301","StationID":"013","TerminalStationID":"000","DestinationID":"000"},{"TrainGroupNumber":"201","ServiceNumber":"000","TrainCrewNumber":"000","TrainPosition":"1","TrainRunningPosition":"1","RailName":"T1304","StationID":"013","TerminalStationID":"000","DestinationID":"000"}]}}
10-12 17:16:26.338 14913 14934 D LogWriteUtil.class=LogFileHandlerThread.class: 1getFilePath: logFormat=2022-10-12, LogWriteUtil.logPathDir=/custom/metro/log
10-12 17:16:26.338 14913 14934 D LogWriteUtil.class=LogFileHandlerThread.class: 2getFilePath: filePath=/custom/metro/log/2022-10-12
10-12 17:16:26.338 14913 14934 D LogWriteUtil.class=LogFileHandlerThread.class: getFileNameSuffix: file=/custom/metro/log/2022-10-12
10-12 17:16:26.339 14913 14934 D LogWriteUtil.class=LogFileHandlerThread.class: 2getCurrentFileName: index=3, LogWriteUtil.logfile=app.log, getFileNameSuffix=39
10-12 17:16:26.340 14913 14934 D LogWriteUtil.class=LogFileHandlerThread.class: 1getFilePath: logFormat=2022-10-12, LogWriteUtil.logPathDir=/custom/metro/log
10-12 17:16:26.340 14913 14934 D LogWriteUtil.class=LogFileHandlerThread.class: 2getFilePath: filePath=/custom/metro/log/2022-10-12
10-12 17:16:26.340 14913 14934 D LogWriteUtil.class=LogFileHandlerThread.class: getFileNameSuffix: file=/custom/metro/log/2022-10-12
10-12 17:16:26.341 14913 14934 D LogWriteUtil.class=LogFileHandlerThread.class: 3getCurrentFileName: logFileName=app39.log
10-12 17:16:26.341 14913 14934 D LogWriteUtil.class=LogFileHandlerThread.class: 1getCurrentFileName: LogWriteUtil.logfile=app.log
10-12 17:16:26.342 14913 14934 D LogWriteUtil.class=LogFileHandlerThread.class: 1getFilePath: logFormat=2022-10-12, LogWriteUtil.logPathDir=/custom/metro/log
10-12 17:16:26.342 14913 14934 D LogWriteUtil.class=LogFileHandlerThread.class: 2getFilePath: filePath=/custom/metro/log/2022-10-12
10-12 17:16:26.343 14913 14934 D LogWriteUtil.class=LogFileHandlerThread.class: getFileNameSuffix: file=/custom/metro/log/2022-10-12
10-12 17:16:26.344 14913 14934 D LogWriteUtil.class=LogFileHandlerThread.class: 2getCurrentFileName: index=3, LogWriteUtil.logfile=app.log, getFileNameSuffix=39
10-12 17:16:26.345 14913 14934 D LogWriteUtil.class=LogFileHandlerThread.class: 1getFilePath: logFormat=2022-10-12, LogWriteUtil.logPathDir=/custom/metro/log
10-12 17:16:26.345 14913 14934 D LogWriteUtil.class=LogFileHandlerThread.class: 2getFilePath: filePath=/custom/metro/log/2022-10-12
10-12 17:16:26.345 14913 14934 D LogWriteUtil.class=LogFileHandlerThread.class: getFileNameSuffix: file=/custom/metro/log/2022-10-12
10-12 17:16:26.346 14913 14934 D LogWriteUtil.class=LogFileHandlerThread.class: 3getCurrentFileName: logFileName=app39.log
10-12 17:16:26.346 14913 14934 D TAG     : 2,initFile: /custom/metro/log/2022-10-12/app39.log, logFile.length=0, getCurrentFileName()=app39.log, writeFileName=/custom/metro/log/2022-10-12/app38.log
10-12 17:16:26.347 14913 14934 D LogWriteUtil.class=LogFileHandlerThread.class: 8,initFile: logFile=/custom/metro/log/2022-10-12/app39.log, logFile.length=0
10-12 17:16:26.348 14913 14934 D LogWriteUtil.class=LogFileHandlerThread.class: 1getFilePath: logFormat=2022-10-12, LogWriteUtil.logPathDir=/custom/metro/log
10-12 17:16:26.348 14913 14934 D LogWriteUtil.class=LogFileHandlerThread.class: 2getFilePath: filePath=/custom/metro/log/2022-10-12
10-12 17:16:26.349 14913 14934 D LogWriteUtil.class=LogFileHandlerThread.class: 1getCurrentFileName: LogWriteUtil.logfile=app.log
10-12 17:16:26.350 14913 14934 D LogWriteUtil.class=LogFileHandlerThread.class: 1getFilePath: logFormat=2022-10-12, LogWriteUtil.logPathDir=/custom/metro/log
10-12 17:16:26.350 14913 14934 D LogWriteUtil.class=LogFileHandlerThread.class: 2getFilePath: filePath=/custom/metro/log/2022-10-12
10-12 17:16:26.350 14913 14934 D LogWriteUtil.class=LogFileHandlerThread.class: getFileNameSuffix: file=/custom/metro/log/2022-10-12
10-12 17:16:26.351 14913 14934 D LogWriteUtil.class=LogFileHandlerThread.class: 2getCurrentFileName: index=3, LogWriteUtil.logfile=app.log, getFileNameSuffix=39
10-12 17:16:26.352 14913 14934 D LogWriteUtil.class=LogFileHandlerThread.class: 1getFilePath: logFormat=2022-10-12, LogWriteUtil.logPathDir=/custom/metro/log
10-12 17:16:26.352 14913 14934 D LogWriteUtil.class=LogFileHandlerThread.class: 2getFilePath: filePath=/custom/metro/log/2022-10-12
10-12 17:16:26.353 14913 14934 D LogWriteUtil.class=LogFileHandlerThread.class: getFileNameSuffix: file=/custom/metro/log/2022-10-12
10-12 17:16:26.354 14913 14934 D LogWriteUtil.class=LogFileHandlerThread.class: 3getCurrentFileName: logFileName=app39.log
10-12 17:16:26.354 14913 14934 D LogWriteUtil.class=LogFileHandlerThread.class: 1,initFile: getFilePath()=/custom/metro/log/2022-10-12, getCurrentFileName=app39.log
10-12 17:16:26.355 14913 14934 D LogWriteUtil.class=LogFileHandlerThread.class: 1getFilePath: logFormat=2022-10-12, LogWriteUtil.logPathDir=/custom/metro/log
10-12 17:16:26.355 14913 14934 D LogWriteUtil.class=LogFileHandlerThread.class: 2getFilePath: filePath=/custom/metro/log/2022-10-12
10-12 17:16:26.355 14913 14934 D LogWriteUtil.class=LogFileHandlerThread.class: 1getCurrentFileName: LogWriteUtil.logfile=app.log
10-12 17:16:26.356 14913 14934 D LogWriteUtil.class=LogFileHandlerThread.class: 1getFilePath: logFormat=2022-10-12, LogWriteUtil.logPathDir=/custom/metro/log
10-12 17:16:26.356 14913 14934 D LogWriteUtil.class=LogFileHandlerThread.class: 2getFilePath: filePath=/custom/metro/log/2022-10-12
10-12 17:16:26.356 14913 14934 D LogWriteUtil.class=LogFileHandlerThread.class: getFileNameSuffix: file=/custom/metro/log/2022-10-12
10-12 17:16:26.357 14913 14934 D LogWriteUtil.class=LogFileHandlerThread.class: 2getCurrentFileName: index=3, LogWriteUtil.logfile=app.log, getFileNameSuffix=39
10-12 17:16:26.358 14913 14934 D LogWriteUtil.class=LogFileHandlerThread.class: 1getFilePath: logFormat=2022-10-12, LogWriteUtil.logPathDir=/custom/metro/log
10-12 17:16:26.358 14913 14934 D LogWriteUtil.class=LogFileHandlerThread.class: 2getFilePath: filePath=/custom/metro/log/2022-10-12
10-12 17:16:26.358 14913 14934 D LogWriteUtil.class=LogFileHandlerThread.class: getFileNameSuffix: file=/custom/metro/log/2022-10-12
10-12 17:16:26.359 14913 14934 D LogWriteUtil.class=LogFileHandlerThread.class: 3getCurrentFileName: logFileName=app39.log
10-12 17:16:26.359 14913 15009 D DisApiSingletonReceive: parseStationAtsData: atsInfo=com.gbcom.library_base.data.StationAtsApiData@b3ad64d
10-12 17:16:26.359 14913 14934 D LogWriteUtil.class=LogFileHandlerThread.class: 1getCurrentFileName: LogWriteUtil.logfile=app.log
10-12 17:16:26.360 14913 15009 D BtrunCConfig: isR2Nubmer is true
10-12 17:16:26.360 14913 15009 D com.ztegota.system.GotaSystem: getMdn +866022013
10-12 17:16:26.360 14913 15009 D TAG     : getUserId: userId2=+866022013
10-12 17:16:26.360 14913 15009 D BtrunCConfig: isR2Nubmer is true
10-12 17:16:26.360 14913 15009 D com.ztegota.system.GotaSystem: getMdn +866022013
10-12 17:16:26.360 14913 15009 D TAG     : getUserId: userId2=+866022013
10-12 17:16:26.360 14913 14934 D LogWriteUtil.class=LogFileHandlerThread.class: 1getFilePath: logFormat=2022-10-12, LogWriteUtil.logPathDir=/custom/metro/log
10-12 17:16:26.360 14913 14934 D LogWriteUtil.class=LogFileHandlerThread.class: 2getFilePath: filePath=/custom/metro/log/2022-10-12
10-12 17:16:26.360 14913 15009 D BtrunCConfig: isR2Nubmer is true
10-12 17:16:26.360 14913 15009 D com.ztegota.system.GotaSystem: getMdn +866022013
10-12 17:16:26.360 14913 14934 D LogWriteUtil.class=LogFileHandlerThread.class: getFileNameSuffix: file=/custom/metro/log/2022-10-12
10-12 17:16:26.360 14913 15009 D TAG     : getUserId: userId2=+866022013
10-12 17:16:26.360 14913 15009 D BtrunCConfig: isR2Nubmer is true
10-12 17:16:26.361 14913 15009 D com.ztegota.system.GotaSystem: getMdn +866022013
10-12 17:16:26.361 14913 15009 D TAG     : getUserId: userId2=+866022013
10-12 17:16:26.361 14913 14934 D LogWriteUtil.class=LogFileHandlerThread.class: 2getCurrentFileName: index=3, LogWriteUtil.logfile=app.log, getFileNameSuffix=39
10-12 17:16:26.362 14913 14934 D LogWriteUtil.class=LogFileHandlerThread.class: 1getFilePath: logFormat=2022-10-12, LogWriteUtil.logPathDir=/custom/metro/log
10-12 17:16:26.362 14913 14934 D LogWriteUtil.class=LogFileHandlerThread.class: 2getFilePath: filePath=/custom/metro/log/2022-10-12
10-12 17:16:26.362 14913 14934 D LogWriteUtil.class=LogFileHandlerThread.class: getFileNameSuffix: file=/custom/metro/log/2022-10-12
10-12 17:16:26.363 14913 14934 D LogWriteUtil.class=LogFileHandlerThread.class: 3getCurrentFileName: logFileName=app39.log
10-12 17:16:26.363 14913 14934 D TAG     : 2,initFile: /custom/metro/log/2022-10-12/app39.log, logFile.length=0, getCurrentFileName()=app39.log, writeFileName=/custom/metro/log/2022-10-12/app38.log
10-12 17:16:26.364 14913 14934 D LogWriteUtil.class=LogFileHandlerThread.class: 8,initFile: logFile=/custom/metro/log/2022-10-12/app39.log, logFile.length=0
10-12 17:16:26.379   613  1046 D audio_hw_primary: out_standby: enter: stream (0xf53b7800) usecase(1: low-latency-playback)
10-12 17:16:26.391 14913 14913 D IndexFragment: initView: applyFxData() - ats=[StationAts(createTime=1665566186, trainGroupNumber=212, serviceNumber=000, trainCrewNumber=000, trainPosition=1, trainRunningPosition=1, railName=T1306, stationID=013, terminalStationID=000, destinationID=000, identityID=+866022013), StationAts(createTime=1665566186, trainGroupNumber=202, serviceNumber=000, trainCrewNumber=000, trainPosition=1, trainRunningPosition=2, railName=T1303, stationID=013, terminalStationID=000, destinationID=000, identityID=+866022013), StationAts(createTime=1665566186, trainGroupNumber=299, serviceNumber=801, trainCrewNumber=000, trainPosition=1, trainRunningPosition=2, railName=T1301, stationID=013, terminalStationID=000, destinationID=000, identityID=+866022013), StationAts(createTime=1665566186, trainGroupNumber=201, serviceNumber=000, trainCrewNumber=000, trainPosition=1, trainRunningPosition=1, railName=T1304, stationID=013, terminalStationID=000, destinationID=000, identityID=+866022013)]
10-12 17:16:26.530   613  1046 D audio_hw_primary: disable_audio_route: reset and update mixer path: low-latency-playback
10-12 17:16:26.537   613  1046 D soundtrigger: audio_extn_sound_trigger_update_stream_status: uc_id 1 of type 0 for Event 2, with Raise=0
10-12 17:16:26.537   613  1046 D hardware_info: hw_info_append_hw_type : device_name = speaker
10-12 17:16:26.537   613  1046 D audio_hw_primary: disable_snd_device: snd_device(2: speaker)
10-12 17:16:26.537   613  1046 D msm8916_platform: platform_can_split_snd_device: snd_device(2) num devices(0) new_snd_devices(0)
10-12 17:16:26.549   613  1046 D aud_dev_arbi: releaseOneDevice: not sending command, device argument (2) does not match any registered device
10-12 17:16:26.549   613  1046 D aud_dev_arbi: releaseOneDevice: device 2 owner is 0
10-12 17:16:26.549   613  1046 I soundtrigger: audio_extn_sound_trigger_update_device_status: device 0x2 of type 0 for Event 0, with Raise=0
10-12 17:16:26.550   613  1046 D audio_hw_primary: out_standby: exit
10-12 17:16:26.739 14913 14913 D MineFragment: onBodyConfig: i=1, editText=123456
10-12 17:16:26.741   613  3732 I AudioPolicyManagerCustom: FLAG None hence request for a primary output
10-12 17:16:26.744   613  6603 I AudioPolicyManagerCustom: FLAG None hence request for a primary output
10-12 17:16:26.752   613  1046 D audio_hw_primary: start_output_stream: enter: stream(0xf53b7800)usecase(1: low-latency-playback) devices(0x2)
10-12 17:16:26.755   440  2277 E ANDR-PERF-MPCTL: Invalid profile no. 0, total profiles 0 only
10-12 17:16:26.755   613  1046 D audio_hw_primary: select_devices for use case (low-latency-playback)
10-12 17:16:26.755   613  1046 D audio_hw_primary: select_devices: out_snd_device(2: speaker) in_snd_device(0: )
10-12 17:16:26.755   613  1046 I msm8916_platform: platform_check_and_set_codec_backend_cfg:becf: afe: bitwidth 16, samplerate 48000 channels 2, backend_idx 0 usecase = 1 device (speaker)
10-12 17:16:26.755   613  1046 D msm8916_platform: platform_can_split_snd_device: snd_device(2) num devices(1) new_snd_devices(999630)
10-12 17:16:26.755   613  1046 I msm8916_platform: platform_check_and_set_codec_backend_cfg: becf: new_snd_devices[0] is speaker
10-12 17:16:26.755   613  1046 I msm8916_platform: platform_check_codec_backend_cfg:becf: afe: Codec selected backend: 0 current bit width: 16 sample rate: 48000 channels: 2
10-12 17:16:26.755   613  1046 D msm8916_platform: platform_check_codec_backend_cfg:becf: afe: playback on non-44.1-support device Configure afe to default Sample Rate(48k)
10-12 17:16:26.755   613  1046 D msm8916_platform: platform_check_codec_backend_cfg:becf: afe: only 48KHZ sample rate is supported Configure afe to default Sample Rate(48k)
10-12 17:16:26.756   613  1046 I msm8916_platform: platform_check_codec_backend_cfg:becf: afe: Codec selected backend: 0 updated bit width: 16 and sample rate: 48000
10-12 17:16:26.756   613  1046 D audio_hw_primary: check_usecases_codec_backend:becf: force routing 0
10-12 17:16:26.756   613  1046 E msm8916_platform: platform_check_backends_match: Invalid snd_device = 
10-12 17:16:26.756   613  1046 D audio_hw_primary: check_usecases_codec_backend:becf: (40) check_usecases curr device: speaker, usecase device: backends match 0
10-12 17:16:26.756   613  1046 D audio_hw_primary: check_usecases_codec_backend:becf: check_usecases num.of Usecases to switch 0
10-12 17:16:26.756   613  1046 D hardware_info: hw_info_append_hw_type : device_name = speaker
10-12 17:16:26.756   613  1046 D msm8916_platform: platform_can_split_snd_device: snd_device(2) num devices(0) new_snd_devices(0)
10-12 17:16:26.756   613  1046 D audio_hw_primary: enable_snd_device: snd_device(2: speaker)
10-12 17:16:26.756   613  1046 I soundtrigger: audio_extn_sound_trigger_update_device_status: device 0x2 of type 0 for Event 1, with Raise=0
10-12 17:16:26.756   613  1046 D aud_dev_arbi: acquireOneDevice: device owner for device 2 is 1
10-12 17:16:26.771   613  1046 I audio_hw_primary: select_devices Selected apptype: 69937
10-12 17:16:26.771   613  1046 D soundtrigger: audio_extn_sound_trigger_update_stream_status: uc_id 1 of type 0 for Event 3, with Raise=0
10-12 17:16:26.772   613  1046 I audio_hw_utils: audio_extn_utils_send_app_type_cfg PLAYBACK app_type = 69937, acdb_dev_id = 14, sample_rate = 48000
10-12 17:16:26.772   613  1046 D msm8916_platform: platform_can_split_snd_device: snd_device(2) num devices(1) new_snd_devices(0)
10-12 17:16:26.773   613  1046 D ACDB-LOADER: ACDB -> send_audio_cal, acdb_id = 14, path = 0, app id = 0x11131, sample rate = 48000
10-12 17:16:26.773   613  1046 D ACDB-LOADER: ACDB -> send_asm_topology
10-12 17:16:26.773   613  1046 D ACDB-LOADER: ACDB -> ACDB_CMD_GET_AUDPROC_STREAM_TOPOLOGY_ID
10-12 17:16:26.773   613  1046 D ACDB-LOADER: ACDB -> send_adm_topology
10-12 17:16:26.773   613  1046 D ACDB-LOADER: ACDB -> ACDB_CMD_GET_AUDPROC_COMMON_TOPOLOGY_ID
10-12 17:16:26.773   613  1046 D ACDB-LOADER: ACDB -> send_audtable
10-12 17:16:26.773   613  1046 D ACDB-LOADER: ACDB -> ACDB_CMD_GET_AUDPROC_COMMON_TABLE_SIZE
10-12 17:16:26.773   613  1046 D ACDB-LOADER: ACDB -> ACDB_CMD_GET_AUDPROC_COMMON_TABLE
10-12 17:16:26.773   613  1046 D ACDB-LOADER: ACDB -> AUDIO_SET_AUDPROC_CAL
10-12 17:16:26.773   613  1046 D ACDB-LOADER: ACDB -> send_audvoltable
10-12 17:16:26.774   613  1046 D ACDB-LOADER: ACDB -> ACDB_CMD_GET_AUDPROC_GAIN_DEP_STEP_TABLE, vol index 0
10-12 17:16:26.774   613  1046 D ACDB-LOADER: ACDB -> AUDIO_SET_VOL_CAL cal type = 12
10-12 17:16:26.774   613  1046 D ACDB-LOADER: ACDB -> send_audstrmtable
10-12 17:16:26.774   613  1046 D ACDB-LOADER: ACDB -> ACDB_CMD_GET_AUDPROC_STREAM_TABLE_V2
10-12 17:16:26.774   613  1046 D ACDB-LOADER: ACDB -> audstrm_cal->cal_type.cal_data.cal_size = 16
10-12 17:16:26.774   613  1046 D ACDB-LOADER: ACDB -> send_afe_topology
10-12 17:16:26.774   613  1046 D ACDB-LOADER: ACDB -> ACDB_CMD_GET_AFE_TOPOLOGY_ID
10-12 17:16:26.774   613  1046 D ACDB-LOADER: ACDB -> GET_AFE_TOPOLOGY_ID for adcd_id 14, Topology Id 1025e
10-12 17:16:26.774   613  1046 D ACDB-LOADER: ACDB -> send_afe_cal
10-12 17:16:26.774   613  1046 D ACDB-LOADER: ACDB -> ACDB_CMD_GET_AFE_COMMON_TABLE
10-12 17:16:26.774   613  1046 D ACDB-LOADER: ACDB -> AUDIO_SET_AFE_CAL
10-12 17:16:26.774   613  1046 D ACDB-LOADER: ACDB -> send_hw_delay : acdb_id = 14 path = 0
10-12 17:16:26.774   613  1046 D ACDB-LOADER: ACDB -> ACDB_AVSYNC_INFO: ACDB_CMD_GET_DEVICE_PROPERTY
10-12 17:16:26.774   613  1046 D audio_hw_primary: enable_audio_route: apply mixer and update path: low-latency-playback
10-12 17:16:26.779   613  1046 D audio_hw_primary: select_devices: done
10-12 17:16:26.784   613  1046 D msm8916_platform: platform_set_channel_map mixer_ctl_name:Playback Channel Map12
10-12 17:16:26.784   613  1046 D msm8916_platform: platform_set_channel_map: set mapping(1 2 0 0 0 0 0 0) for channel:2
10-12 17:16:26.791 14913 15009 D MainViewModel: getSystemTime_currentThreadID2: 260
10-12 17:16:26.793 14913 15009 D TAG     : getSystemTime_currentThreadID3s: 260, isActive=true
10-12 17:16:26.829  1719  1719 W InputMethodService: Window size has been changed. This may cause jankiness of resizing window: -1 -> -2
10-12 17:16:26.846   613  1046 D audio_hw_primary: start_output_stream: exit
10-12 17:16:26.858 14913 14913 W IInputConnectionWrapper: finishComposingText on inactive InputConnection
10-12 17:16:26.859 14913 14913 W IInputConnectionWrapper: finishComposingText on inactive InputConnection
10-12 17:16:26.859 14913 14913 W IInputConnectionWrapper: finishComposingText on inactive InputConnection
10-12 17:16:27.096 14913 14978 D UdpMasterServices: udp receive - 1 - gginit api receive data masterApi, udp service id=239 - running=true - message={"MsgName":"HeartBeatReq","MsgSeqID":12008,"MsgInfo":{"Time":1665566186}}
10-12 17:16:27.096 14913 14978 D UdpMasterServices: ++++++++++++++++++++++++++++++++++++++++++++++++++++++++++++++++++++++++++++++++++++
10-12 17:16:27.100 14913 14978 I APP_LogUtils.kt: [(LogUtils.kt:50).i()] [UdpMasterServices] xlog - api receive data disApi, udp service id=239 - running=true - message={"MsgName":"HeartBeatReq","MsgSeqID":12008,"MsgInfo":{"Time":1665566186}}
10-12 17:16:27.100 14913 14978 D UdpMasterServices: receive: data id=239, running=true, msg=null
10-12 17:16:27.101 14913 14978 D UdpMasterServices: udp receive - 1 - gginit api receive data masterApi, udp service id=239 - running=true - message={"MsgName":"GetStatusReq","MsgSeqID":12009,"MsgInfo":{}}
10-12 17:16:27.101 14913 14978 D UdpMasterServices: ++++++++++++++++++++++++++++++++++++++++++++++++++++++++++++++++++++++++++++++++++++
10-12 17:16:27.101 14913 14934 D LogWriteUtil.class=LogFileHandlerThread.class: 1getFilePath: logFormat=2022-10-12, LogWriteUtil.logPathDir=/custom/metro/log
10-12 17:16:27.101 14913 14934 D LogWriteUtil.class=LogFileHandlerThread.class: 2getFilePath: filePath=/custom/metro/log/2022-10-12
10-12 17:16:27.101 14913 14934 D LogWriteUtil.class=LogFileHandlerThread.class: 1getCurrentFileName: LogWriteUtil.logfile=app.log
10-12 17:16:27.101 14913 14978 I APP_LogUtils.kt: [(LogUtils.kt:50).i()] [UdpMasterServices] xlog - api receive data disApi, udp service id=239 - running=true - message={"MsgName":"GetStatusReq","MsgSeqID":12009,"MsgInfo":{}}
10-12 17:16:27.101 14913 14934 D LogWriteUtil.class=LogFileHandlerThread.class: 1getFilePath: logFormat=2022-10-12, LogWriteUtil.logPathDir=/custom/metro/log
10-12 17:16:27.101 14913 14978 D UdpMasterServices: receive: data id=239, running=true, msg=null
10-12 17:16:27.101 14913 14934 D LogWriteUtil.class=LogFileHandlerThread.class: 2getFilePath: filePath=/custom/metro/log/2022-10-12
10-12 17:16:27.102 14913 14934 D LogWriteUtil.class=LogFileHandlerThread.class: getFileNameSuffix: file=/custom/metro/log/2022-10-12
10-12 17:16:27.102 14913 14978 D UdpMasterServices: udp receive - 1 - gginit api receive data masterApi, udp service id=239 - running=true - message={"MsgName":"GetOperLogReq","MsgSeqID":12010,"MsgInfo":{"StartTime":1}}
10-12 17:16:27.102 14913 14978 D UdpMasterServices: ++++++++++++++++++++++++++++++++++++++++++++++++++++++++++++++++++++++++++++++++++++
10-12 17:16:27.102 14913 14934 D LogWriteUtil.class=LogFileHandlerThread.class: 2getCurrentFileName: index=3, LogWriteUtil.logfile=app.log, getFileNameSuffix=39
10-12 17:16:27.102 14913 14978 I APP_LogUtils.kt: [(LogUtils.kt:50).i()] [UdpMasterServices] xlog - api receive data disApi, udp service id=239 - running=true - message={"MsgName":"GetOperLogReq","MsgSeqID":12010,"MsgInfo":{"StartTime":1}}
10-12 17:16:27.102 14913 14978 D UdpMasterServices: receive: data id=239, running=true, msg=null
10-12 17:16:27.103 14913 14934 D LogWriteUtil.class=LogFileHandlerThread.class: 1getFilePath: logFormat=2022-10-12, LogWriteUtil.logPathDir=/custom/metro/log
10-12 17:16:27.103 14913 14934 D LogWriteUtil.class=LogFileHandlerThread.class: 2getFilePath: filePath=/custom/metro/log/2022-10-12
10-12 17:16:27.103 14913 14934 D LogWriteUtil.class=LogFileHandlerThread.class: getFileNameSuffix: file=/custom/metro/log/2022-10-12
10-12 17:16:27.104 14913 14934 D LogWriteUtil.class=LogFileHandlerThread.class: 3getCurrentFileName: logFileName=app39.log
10-12 17:16:27.104 14913 14934 D LogWriteUtil.class=LogFileHandlerThread.class: 1,initFile: getFilePath()=/custom/metro/log/2022-10-12, getCurrentFileName=app39.log
10-12 17:16:27.104 14913 14934 D LogWriteUtil.class=LogFileHandlerThread.class: 1getFilePath: logFormat=2022-10-12, LogWriteUtil.logPathDir=/custom/metro/log
10-12 17:16:27.105 14913 14934 D LogWriteUtil.class=LogFileHandlerThread.class: 2getFilePath: filePath=/custom/metro/log/2022-10-12
10-12 17:16:27.105 14913 14934 D LogWriteUtil.class=LogFileHandlerThread.class: 1getCurrentFileName: LogWriteUtil.logfile=app.log
10-12 17:16:27.105 14913 14934 D LogWriteUtil.class=LogFileHandlerThread.class: 1getFilePath: logFormat=2022-10-12, LogWriteUtil.logPathDir=/custom/metro/log
10-12 17:16:27.105 14913 14934 D LogWriteUtil.class=LogFileHandlerThread.class: 2getFilePath: filePath=/custom/metro/log/2022-10-12
10-12 17:16:27.105 14913 14934 D LogWriteUtil.class=LogFileHandlerThread.class: getFileNameSuffix: file=/custom/metro/log/2022-10-12
10-12 17:16:27.106 14913 14934 D LogWriteUtil.class=LogFileHandlerThread.class: 2getCurrentFileName: index=3, LogWriteUtil.logfile=app.log, getFileNameSuffix=39
10-12 17:16:27.107 14913 14934 D LogWriteUtil.class=LogFileHandlerThread.class: 1getFilePath: logFormat=2022-10-12, LogWriteUtil.logPathDir=/custom/metro/log
10-12 17:16:27.107 14913 14934 D LogWriteUtil.class=LogFileHandlerThread.class: 2getFilePath: filePath=/custom/metro/log/2022-10-12
10-12 17:16:27.107 14913 14934 D LogWriteUtil.class=LogFileHandlerThread.class: getFileNameSuffix: file=/custom/metro/log/2022-10-12
10-12 17:16:27.108 14913 14934 D LogWriteUtil.class=LogFileHandlerThread.class: 3getCurrentFileName: logFileName=app39.log
10-12 17:16:27.108 14913 14934 D LogWriteUtil.class=LogFileHandlerThread.class: 1getCurrentFileName: LogWriteUtil.logfile=app.log
10-12 17:16:27.108 14913 14934 D LogWriteUtil.class=LogFileHandlerThread.class: 1getFilePath: logFormat=2022-10-12, LogWriteUtil.logPathDir=/custom/metro/log
10-12 17:16:27.108 14913 14934 D LogWriteUtil.class=LogFileHandlerThread.class: 2getFilePath: filePath=/custom/metro/log/2022-10-12
10-12 17:16:27.108 14913 14934 D LogWriteUtil.class=LogFileHandlerThread.class: getFileNameSuffix: file=/custom/metro/log/2022-10-12
10-12 17:16:27.109 14913 15011 D MasterApiReceive: processingOperLogData: mMasterData=MasterOperLogData(msgName=GetOperLogReq, msgSeqID=12010, msgInfo=OperLogInfo(startTime=1))
10-12 17:16:27.109 14913 14934 D LogWriteUtil.class=LogFileHandlerThread.class: 2getCurrentFileName: index=3, LogWriteUtil.logfile=app.log, getFileNameSuffix=39
10-12 17:16:27.109 14913 14934 D LogWriteUtil.class=LogFileHandlerThread.class: 1getFilePath: logFormat=2022-10-12, LogWriteUtil.logPathDir=/custom/metro/log
10-12 17:16:27.109 14913 14934 D LogWriteUtil.class=LogFileHandlerThread.class: 2getFilePath: filePath=/custom/metro/log/2022-10-12
10-12 17:16:27.110 14913 14934 D LogWriteUtil.class=LogFileHandlerThread.class: getFileNameSuffix: file=/custom/metro/log/2022-10-12
10-12 17:16:27.111 14913 14934 D LogWriteUtil.class=LogFileHandlerThread.class: 3getCurrentFileName: logFileName=app39.log
10-12 17:16:27.111 14913 14934 D TAG     : 2,initFile: /custom/metro/log/2022-10-12/app39.log, logFile.length=0, getCurrentFileName()=app39.log, writeFileName=/custom/metro/log/2022-10-12/app38.log
10-12 17:16:27.111 14913 14934 D LogWriteUtil.class=LogFileHandlerThread.class: 8,initFile: logFile=/custom/metro/log/2022-10-12/app39.log, logFile.length=0
10-12 17:16:27.112 14913 14934 D LogWriteUtil.class=LogFileHandlerThread.class: 1getFilePath: logFormat=2022-10-12, LogWriteUtil.logPathDir=/custom/metro/log
10-12 17:16:27.112 14913 14934 D LogWriteUtil.class=LogFileHandlerThread.class: 2getFilePath: filePath=/custom/metro/log/2022-10-12
10-12 17:16:27.112 14913 14934 D LogWriteUtil.class=LogFileHandlerThread.class: 1getCurrentFileName: LogWriteUtil.logfile=app.log
10-12 17:16:27.115 14913 14934 D LogWriteUtil.class=LogFileHandlerThread.class: 1getFilePath: logFormat=2022-10-12, LogWriteUtil.logPathDir=/custom/metro/log
10-12 17:16:27.115 14913 14934 D LogWriteUtil.class=LogFileHandlerThread.class: 2getFilePath: filePath=/custom/metro/log/2022-10-12
10-12 17:16:27.115 14913 14934 D LogWriteUtil.class=LogFileHandlerThread.class: getFileNameSuffix: file=/custom/metro/log/2022-10-12
10-12 17:16:27.116 14913 14934 D LogWriteUtil.class=LogFileHandlerThread.class: 2getCurrentFileName: index=3, LogWriteUtil.logfile=app.log, getFileNameSuffix=39
10-12 17:16:27.116 14913 14934 D LogWriteUtil.class=LogFileHandlerThread.class: 1getFilePath: logFormat=2022-10-12, LogWriteUtil.logPathDir=/custom/metro/log
10-12 17:16:27.117 14913 14934 D LogWriteUtil.class=LogFileHandlerThread.class: 2getFilePath: filePath=/custom/metro/log/2022-10-12
10-12 17:16:27.117 14913 14934 D LogWriteUtil.class=LogFileHandlerThread.class: getFileNameSuffix: file=/custom/metro/log/2022-10-12
10-12 17:16:27.117 14913 14934 D LogWriteUtil.class=LogFileHandlerThread.class: 3getCurrentFileName: logFileName=app39.log
10-12 17:16:27.117 14913 14934 D LogWriteUtil.class=LogFileHandlerThread.class: 1,initFile: getFilePath()=/custom/metro/log/2022-10-12, getCurrentFileName=app39.log
10-12 17:16:27.118 14913 14934 D LogWriteUtil.class=LogFileHandlerThread.class: 1getFilePath: logFormat=2022-10-12, LogWriteUtil.logPathDir=/custom/metro/log
10-12 17:16:27.118 14913 14934 D LogWriteUtil.class=LogFileHandlerThread.class: 2getFilePath: filePath=/custom/metro/log/2022-10-12
10-12 17:16:27.119 14913 14934 D LogWriteUtil.class=LogFileHandlerThread.class: 1getCurrentFileName: LogWriteUtil.logfile=app.log
10-12 17:16:27.119 14913 14934 D LogWriteUtil.class=LogFileHandlerThread.class: 1getFilePath: logFormat=2022-10-12, LogWriteUtil.logPathDir=/custom/metro/log
10-12 17:16:27.119 14913 14934 D LogWriteUtil.class=LogFileHandlerThread.class: 2getFilePath: filePath=/custom/metro/log/2022-10-12
10-12 17:16:27.119 14913 14934 D LogWriteUtil.class=LogFileHandlerThread.class: getFileNameSuffix: file=/custom/metro/log/2022-10-12
10-12 17:16:27.120 14913 14934 D LogWriteUtil.class=LogFileHandlerThread.class: 2getCurrentFileName: index=3, LogWriteUtil.logfile=app.log, getFileNameSuffix=39
10-12 17:16:27.120 14913 14934 D LogWriteUtil.class=LogFileHandlerThread.class: 1getFilePath: logFormat=2022-10-12, LogWriteUtil.logPathDir=/custom/metro/log
10-12 17:16:27.120 14913 14934 D LogWriteUtil.class=LogFileHandlerThread.class: 2getFilePath: filePath=/custom/metro/log/2022-10-12
10-12 17:16:27.121 14913 14934 D LogWriteUtil.class=LogFileHandlerThread.class: getFileNameSuffix: file=/custom/metro/log/2022-10-12
10-12 17:16:27.121 14913 14934 D LogWriteUtil.class=LogFileHandlerThread.class: 3getCurrentFileName: logFileName=app39.log
10-12 17:16:27.121 14913 14934 D LogWriteUtil.class=LogFileHandlerThread.class: 1getCurrentFileName: LogWriteUtil.logfile=app.log
10-12 17:16:27.122 14913 14934 D LogWriteUtil.class=LogFileHandlerThread.class: 1getFilePath: logFormat=2022-10-12, LogWriteUtil.logPathDir=/custom/metro/log
10-12 17:16:27.122 14913 14934 D LogWriteUtil.class=LogFileHandlerThread.class: 2getFilePath: filePath=/custom/metro/log/2022-10-12
10-12 17:16:27.122 14913 14934 D LogWriteUtil.class=LogFileHandlerThread.class: getFileNameSuffix: file=/custom/metro/log/2022-10-12
10-12 17:16:27.123 14913 14934 D LogWriteUtil.class=LogFileHandlerThread.class: 2getCurrentFileName: index=3, LogWriteUtil.logfile=app.log, getFileNameSuffix=39
10-12 17:16:27.124 14913 14934 D LogWriteUtil.class=LogFileHandlerThread.class: 1getFilePath: logFormat=2022-10-12, LogWriteUtil.logPathDir=/custom/metro/log
10-12 17:16:27.124 14913 14934 D LogWriteUtil.class=LogFileHandlerThread.class: 2getFilePath: filePath=/custom/metro/log/2022-10-12
10-12 17:16:27.124 14913 14934 D LogWriteUtil.class=LogFileHandlerThread.class: getFileNameSuffix: file=/custom/metro/log/2022-10-12
10-12 17:16:27.124 14913 14934 D LogWriteUtil.class=LogFileHandlerThread.class: 3getCurrentFileName: logFileName=app39.log
10-12 17:16:27.124 14913 14934 D TAG     : 2,initFile: /custom/metro/log/2022-10-12/app39.log, logFile.length=0, getCurrentFileName()=app39.log, writeFileName=/custom/metro/log/2022-10-12/app38.log
10-12 17:16:27.125 14913 14934 D LogWriteUtil.class=LogFileHandlerThread.class: 8,initFile: logFile=/custom/metro/log/2022-10-12/app39.log, logFile.length=0
10-12 17:16:27.126 14913 14934 D LogWriteUtil.class=LogFileHandlerThread.class: 1getFilePath: logFormat=2022-10-12, LogWriteUtil.logPathDir=/custom/metro/log
10-12 17:16:27.126 14913 14934 D LogWriteUtil.class=LogFileHandlerThread.class: 2getFilePath: filePath=/custom/metro/log/2022-10-12
10-12 17:16:27.126 14913 14934 D LogWriteUtil.class=LogFileHandlerThread.class: 1getCurrentFileName: LogWriteUtil.logfile=app.log
10-12 17:16:27.126 14913 14934 D LogWriteUtil.class=LogFileHandlerThread.class: 1getFilePath: logFormat=2022-10-12, LogWriteUtil.logPathDir=/custom/metro/log
10-12 17:16:27.126 14913 14934 D LogWriteUtil.class=LogFileHandlerThread.class: 2getFilePath: filePath=/custom/metro/log/2022-10-12
10-12 17:16:27.126 14913 14934 D LogWriteUtil.class=LogFileHandlerThread.class: getFileNameSuffix: file=/custom/metro/log/2022-10-12
10-12 17:16:27.127 14913 14934 D LogWriteUtil.class=LogFileHandlerThread.class: 2getCurrentFileName: index=3, LogWriteUtil.logfile=app.log, getFileNameSuffix=39
10-12 17:16:27.128 14913 14934 D LogWriteUtil.class=LogFileHandlerThread.class: 1getFilePath: logFormat=2022-10-12, LogWriteUtil.logPathDir=/custom/metro/log
10-12 17:16:27.128 14913 14934 D LogWriteUtil.class=LogFileHandlerThread.class: 2getFilePath: filePath=/custom/metro/log/2022-10-12
10-12 17:16:27.128 14913 14934 D LogWriteUtil.class=LogFileHandlerThread.class: getFileNameSuffix: file=/custom/metro/log/2022-10-12
10-12 17:16:27.128 14913 14934 D LogWriteUtil.class=LogFileHandlerThread.class: 3getCurrentFileName: logFileName=app39.log
10-12 17:16:27.129 14913 14934 D LogWriteUtil.class=LogFileHandlerThread.class: 1,initFile: getFilePath()=/custom/metro/log/2022-10-12, getCurrentFileName=app39.log
10-12 17:16:27.129 14913 14934 D LogWriteUtil.class=LogFileHandlerThread.class: 1getFilePath: logFormat=2022-10-12, LogWriteUtil.logPathDir=/custom/metro/log
10-12 17:16:27.129 14913 14934 D LogWriteUtil.class=LogFileHandlerThread.class: 2getFilePath: filePath=/custom/metro/log/2022-10-12
10-12 17:16:27.129 14913 14934 D LogWriteUtil.class=LogFileHandlerThread.class: 1getCurrentFileName: LogWriteUtil.logfile=app.log
10-12 17:16:27.131 14913 14934 D LogWriteUtil.class=LogFileHandlerThread.class: 1getFilePath: logFormat=2022-10-12, LogWriteUtil.logPathDir=/custom/metro/log
10-12 17:16:27.131 14913 14934 D LogWriteUtil.class=LogFileHandlerThread.class: 2getFilePath: filePath=/custom/metro/log/2022-10-12
10-12 17:16:27.131 14913 14934 D LogWriteUtil.class=LogFileHandlerThread.class: getFileNameSuffix: file=/custom/metro/log/2022-10-12
10-12 17:16:27.131 14913 14934 D LogWriteUtil.class=LogFileHandlerThread.class: 2getCurrentFileName: index=3, LogWriteUtil.logfile=app.log, getFileNameSuffix=39
10-12 17:16:27.132 14913 14934 D LogWriteUtil.class=LogFileHandlerThread.class: 1getFilePath: logFormat=2022-10-12, LogWriteUtil.logPathDir=/custom/metro/log
10-12 17:16:27.132 14913 14934 D LogWriteUtil.class=LogFileHandlerThread.class: 2getFilePath: filePath=/custom/metro/log/2022-10-12
10-12 17:16:27.132 14913 14934 D LogWriteUtil.class=LogFileHandlerThread.class: getFileNameSuffix: file=/custom/metro/log/2022-10-12
10-12 17:16:27.133 14913 14934 D LogWriteUtil.class=LogFileHandlerThread.class: 3getCurrentFileName: logFileName=app39.log
10-12 17:16:27.134 14913 14934 D LogWriteUtil.class=LogFileHandlerThread.class: 1getCurrentFileName: LogWriteUtil.logfile=app.log
10-12 17:16:27.134 14913 14934 D LogWriteUtil.class=LogFileHandlerThread.class: 1getFilePath: logFormat=2022-10-12, LogWriteUtil.logPathDir=/custom/metro/log
10-12 17:16:27.134 14913 14934 D LogWriteUtil.class=LogFileHandlerThread.class: 2getFilePath: filePath=/custom/metro/log/2022-10-12
10-12 17:16:27.135 14913 14934 D LogWriteUtil.class=LogFileHandlerThread.class: getFileNameSuffix: file=/custom/metro/log/2022-10-12
10-12 17:16:27.135 14913 14934 D LogWriteUtil.class=LogFileHandlerThread.class: 2getCurrentFileName: index=3, LogWriteUtil.logfile=app.log, getFileNameSuffix=39
10-12 17:16:27.136 14913 14934 D LogWriteUtil.class=LogFileHandlerThread.class: 1getFilePath: logFormat=2022-10-12, LogWriteUtil.logPathDir=/custom/metro/log
10-12 17:16:27.136 14913 14934 D LogWriteUtil.class=LogFileHandlerThread.class: 2getFilePath: filePath=/custom/metro/log/2022-10-12
10-12 17:16:27.136 14913 14934 D LogWriteUtil.class=LogFileHandlerThread.class: getFileNameSuffix: file=/custom/metro/log/2022-10-12
10-12 17:16:27.136 14913 14934 D LogWriteUtil.class=LogFileHandlerThread.class: 3getCurrentFileName: logFileName=app39.log
10-12 17:16:27.136 14913 14934 D TAG     : 2,initFile: /custom/metro/log/2022-10-12/app39.log, logFile.length=0, getCurrentFileName()=app39.log, writeFileName=/custom/metro/log/2022-10-12/app38.log
10-12 17:16:27.137 14913 14934 D LogWriteUtil.class=LogFileHandlerThread.class: 8,initFile: logFile=/custom/metro/log/2022-10-12/app39.log, logFile.length=0
10-12 17:16:27.190 14913 14971 I rilj    : EMCI Detial(CellId--->Tav): 5889,255,2,"46009",255,65535,59,65535,255,255,52,28,16,255,1202590897205,0,0,0,0,0,0,0,0
10-12 17:16:27.191 14913 14971 D LTERILJ : [UNSL]< RIL_UNSOL_NOTIFY_EMCI_DETAIL
10-12 17:16:27.192 14913 14968 D LTEPhone: EVENT_FOR_EMCI_DETAIL
10-12 17:16:27.192 14913 14968 D LTEServiceTracker: setCellId cellId:5889,"46009"
10-12 17:16:27.194 14913 14913 I APP_LogUtils.kt: [(LogUtils.kt:50).i()] [com.gbcom.library_base.service.LLteService] lte_resp_sys_for_emci_detail - EmciDetail=com.ztegota.system.common.EmciDetail@91d8c14
10-12 17:16:27.196 14913 14934 D LogWriteUtil.class=LogFileHandlerThread.class: 1getFilePath: logFormat=2022-10-12, LogWriteUtil.logPathDir=/custom/metro/log
10-12 17:16:27.196 14913 14934 D LogWriteUtil.class=LogFileHandlerThread.class: 2getFilePath: filePath=/custom/metro/log/2022-10-12
10-12 17:16:27.197 14913 14934 D LogWriteUtil.class=LogFileHandlerThread.class: 1getCurrentFileName: LogWriteUtil.logfile=app.log
10-12 17:16:27.198 14913 14934 D LogWriteUtil.class=LogFileHandlerThread.class: 1getFilePath: logFormat=2022-10-12, LogWriteUtil.logPathDir=/custom/metro/log
10-12 17:16:27.198 14913 14934 D LogWriteUtil.class=LogFileHandlerThread.class: 2getFilePath: filePath=/custom/metro/log/2022-10-12
10-12 17:16:27.199 14913 14934 D LogWriteUtil.class=LogFileHandlerThread.class: getFileNameSuffix: file=/custom/metro/log/2022-10-12
10-12 17:16:27.200 14913 14934 D LogWriteUtil.class=LogFileHandlerThread.class: 2getCurrentFileName: index=3, LogWriteUtil.logfile=app.log, getFileNameSuffix=39
10-12 17:16:27.201 14913 14934 D LogWriteUtil.class=LogFileHandlerThread.class: 1getFilePath: logFormat=2022-10-12, LogWriteUtil.logPathDir=/custom/metro/log
10-12 17:16:27.201 14913 14934 D LogWriteUtil.class=LogFileHandlerThread.class: 2getFilePath: filePath=/custom/metro/log/2022-10-12
10-12 17:16:27.201 14913 14934 D LogWriteUtil.class=LogFileHandlerThread.class: getFileNameSuffix: file=/custom/metro/log/2022-10-12
10-12 17:16:27.203 14913 14934 D LogWriteUtil.class=LogFileHandlerThread.class: 3getCurrentFileName: logFileName=app39.log
10-12 17:16:27.203 14913 14934 D LogWriteUtil.class=LogFileHandlerThread.class: 1,initFile: getFilePath()=/custom/metro/log/2022-10-12, getCurrentFileName=app39.log
10-12 17:16:27.204 14913 14934 D LogWriteUtil.class=LogFileHandlerThread.class: 1getFilePath: logFormat=2022-10-12, LogWriteUtil.logPathDir=/custom/metro/log
10-12 17:16:27.205 14913 14934 D LogWriteUtil.class=LogFileHandlerThread.class: 2getFilePath: filePath=/custom/metro/log/2022-10-12
10-12 17:16:27.205 14913 14934 D LogWriteUtil.class=LogFileHandlerThread.class: 1getCurrentFileName: LogWriteUtil.logfile=app.log
10-12 17:16:27.206 14913 14934 D LogWriteUtil.class=LogFileHandlerThread.class: 1getFilePath: logFormat=2022-10-12, LogWriteUtil.logPathDir=/custom/metro/log
10-12 17:16:27.206 14913 14934 D LogWriteUtil.class=LogFileHandlerThread.class: 2getFilePath: filePath=/custom/metro/log/2022-10-12
10-12 17:16:27.206 14913 14934 D LogWriteUtil.class=LogFileHandlerThread.class: getFileNameSuffix: file=/custom/metro/log/2022-10-12
10-12 17:16:27.207 14913 14934 D LogWriteUtil.class=LogFileHandlerThread.class: 2getCurrentFileName: index=3, LogWriteUtil.logfile=app.log, getFileNameSuffix=39
10-12 17:16:27.209 14913 14934 D LogWriteUtil.class=LogFileHandlerThread.class: 1getFilePath: logFormat=2022-10-12, LogWriteUtil.logPathDir=/custom/metro/log
10-12 17:16:27.209 14913 14934 D LogWriteUtil.class=LogFileHandlerThread.class: 2getFilePath: filePath=/custom/metro/log/2022-10-12
10-12 17:16:27.209 14913 14934 D LogWriteUtil.class=LogFileHandlerThread.class: getFileNameSuffix: file=/custom/metro/log/2022-10-12
10-12 17:16:27.210 14913 14934 D LogWriteUtil.class=LogFileHandlerThread.class: 3getCurrentFileName: logFileName=app39.log
10-12 17:16:27.211 14913 14934 D LogWriteUtil.class=LogFileHandlerThread.class: 1getCurrentFileName: LogWriteUtil.logfile=app.log
10-12 17:16:27.212 14913 14934 D LogWriteUtil.class=LogFileHandlerThread.class: 1getFilePath: logFormat=2022-10-12, LogWriteUtil.logPathDir=/custom/metro/log
10-12 17:16:27.212 14913 14934 D LogWriteUtil.class=LogFileHandlerThread.class: 2getFilePath: filePath=/custom/metro/log/2022-10-12
10-12 17:16:27.212 14913 14934 D LogWriteUtil.class=LogFileHandlerThread.class: getFileNameSuffix: file=/custom/metro/log/2022-10-12
10-12 17:16:27.214 14913 14934 D LogWriteUtil.class=LogFileHandlerThread.class: 2getCurrentFileName: index=3, LogWriteUtil.logfile=app.log, getFileNameSuffix=39
10-12 17:16:27.216 14913 14934 D LogWriteUtil.class=LogFileHandlerThread.class: 1getFilePath: logFormat=2022-10-12, LogWriteUtil.logPathDir=/custom/metro/log
10-12 17:16:27.216 14913 14934 D LogWriteUtil.class=LogFileHandlerThread.class: 2getFilePath: filePath=/custom/metro/log/2022-10-12
10-12 17:16:27.216 14913 14934 D LogWriteUtil.class=LogFileHandlerThread.class: getFileNameSuffix: file=/custom/metro/log/2022-10-12
