10-11 15:47:57.453  4965  5059 I APP_LogUtils.kt: [(LogUtils.kt:50).i()] [UdpDisServices] start: send(String) - thread ID=201, send msg={"MsgName":"AppHeartbeat","MsgSeqID":3459,"AppID":"172.2.200.12","MsgInfo":{"SDKLongNumber":"+866022012"}}
10-11 15:47:57.453  4965  4986 D LogWriteUtil.class=LogFileHandlerThread.class: 2getFilePath: filePath=/custom/metro/log/2022-10-11
10-11 15:47:57.454  4965  4986 D LogWriteUtil.class=LogFileHandlerThread.class: getFileNameSuffix: file=/custom/metro/log/2022-10-11
10-11 15:47:57.454  4965  4986 D LogWriteUtil.class=LogFileHandlerThread.class: 2getCurrentFileName: index=3, LogWriteUtil.logfile=app.log, getFileNameSuffix=8
10-11 15:47:57.455  4965  4986 D LogWriteUtil.class=LogFileHandlerThread.class: 1getFilePath: logFormat=2022-10-11, LogWriteUtil.logPathDir=/custom/metro/log
10-11 15:47:57.455  4965  4986 D LogWriteUtil.class=LogFileHandlerThread.class: 2getFilePath: filePath=/custom/metro/log/2022-10-11
10-11 15:47:57.456  4965  4986 D LogWriteUtil.class=LogFileHandlerThread.class: getFileNameSuffix: file=/custom/metro/log/2022-10-11
10-11 15:47:57.456  4965  4986 D LogWriteUtil.class=LogFileHandlerThread.class: 3getCurrentFileName: logFileName=app8.log
10-11 15:47:57.456  4965  4986 D LogWriteUtil.class=LogFileHandlerThread.class: 1getCurrentFileName: LogWriteUtil.logfile=app.log
10-11 15:47:57.457  4965  4986 D LogWriteUtil.class=LogFileHandlerThread.class: 1getFilePath: logFormat=2022-10-11, LogWriteUtil.logPathDir=/custom/metro/log
10-11 15:47:57.457  4965  4986 D LogWriteUtil.class=LogFileHandlerThread.class: 2getFilePath: filePath=/custom/metro/log/2022-10-11
10-11 15:47:57.457  4965  4986 D LogWriteUtil.class=LogFileHandlerThread.class: getFileNameSuffix: file=/custom/metro/log/2022-10-11
10-11 15:47:57.457  4965  4986 D LogWriteUtil.class=LogFileHandlerThread.class: 2getCurrentFileName: index=3, LogWriteUtil.logfile=app.log, getFileNameSuffix=8
10-11 15:47:57.458  4965  4986 D LogWriteUtil.class=LogFileHandlerThread.class: 1getFilePath: logFormat=2022-10-11, LogWriteUtil.logPathDir=/custom/metro/log
10-11 15:47:57.458  4965  4986 D LogWriteUtil.class=LogFileHandlerThread.class: 2getFilePath: filePath=/custom/metro/log/2022-10-11
10-11 15:47:57.459  4965  4986 D LogWriteUtil.class=LogFileHandlerThread.class: getFileNameSuffix: file=/custom/metro/log/2022-10-11
10-11 15:47:57.459  4965  4986 D LogWriteUtil.class=LogFileHandlerThread.class: 3getCurrentFileName: logFileName=app8.log
10-11 15:47:57.459  4965  4986 D TAG     : 2,initFile: /custom/metro/log/2022-10-11/app8.log, logFile.length=1409517, getCurrentFileName()=app8.log, writeFileName=/custom/metro/log/2022-10-11/app8.log
10-11 15:47:57.459  4965  4986 D LogWriteUtil.class=LogFileHandlerThread.class: 8,initFile: logFile=/custom/metro/log/2022-10-11/app8.log, logFile.length=1409517
10-11 15:47:57.461  4965  4986 D LogWriteUtil.class=LogFileHandlerThread.class: 1getFilePath: logFormat=2022-10-11, LogWriteUtil.logPathDir=/custom/metro/log
10-11 15:47:57.461  4965  4986 D LogWriteUtil.class=LogFileHandlerThread.class: 2getFilePath: filePath=/custom/metro/log/2022-10-11
10-11 15:47:57.461  4965  4986 D LogWriteUtil.class=LogFileHandlerThread.class: 1getCurrentFileName: LogWriteUtil.logfile=app.log
10-11 15:47:57.462  4965  4986 D LogWriteUtil.class=LogFileHandlerThread.class: 1getFilePath: logFormat=2022-10-11, LogWriteUtil.logPathDir=/custom/metro/log
10-11 15:47:57.462  4965  4986 D LogWriteUtil.class=LogFileHandlerThread.class: 2getFilePath: filePath=/custom/metro/log/2022-10-11
10-11 15:47:57.462  4965  4986 D LogWriteUtil.class=LogFileHandlerThread.class: getFileNameSuffix: file=/custom/metro/log/2022-10-11
10-11 15:47:57.462  4965  4986 D LogWriteUtil.class=LogFileHandlerThread.class: 2getCurrentFileName: index=3, LogWriteUtil.logfile=app.log, getFileNameSuffix=8
10-11 15:47:57.463  4965  4986 D LogWriteUtil.class=LogFileHandlerThread.class: 1getFilePath: logFormat=2022-10-11, LogWriteUtil.logPathDir=/custom/metro/log
10-11 15:47:57.463  4965  4986 D LogWriteUtil.class=LogFileHandlerThread.class: 2getFilePath: filePath=/custom/metro/log/2022-10-11
10-11 15:47:57.463  4965  4986 D LogWriteUtil.class=LogFileHandlerThread.class: getFileNameSuffix: file=/custom/metro/log/2022-10-11
10-11 15:47:57.464  4965  4986 D LogWriteUtil.class=LogFileHandlerThread.class: 3getCurrentFileName: logFileName=app8.log
10-11 15:47:57.464  4965  4986 D LogWriteUtil.class=LogFileHandlerThread.class: 1,initFile: getFilePath()=/custom/metro/log/2022-10-11, getCurrentFileName=app8.log
10-11 15:47:57.464  4965  4986 D LogWriteUtil.class=LogFileHandlerThread.class: 1getFilePath: logFormat=2022-10-11, LogWriteUtil.logPathDir=/custom/metro/log
10-11 15:47:57.465  4965  4986 D LogWriteUtil.class=LogFileHandlerThread.class: 2getFilePath: filePath=/custom/metro/log/2022-10-11
10-11 15:47:57.465  4965  4986 D LogWriteUtil.class=LogFileHandlerThread.class: 1getCurrentFileName: LogWriteUtil.logfile=app.log
10-11 15:47:57.466  4965  4986 D LogWriteUtil.class=LogFileHandlerThread.class: 1getFilePath: logFormat=2022-10-11, LogWriteUtil.logPathDir=/custom/metro/log
10-11 15:47:57.466  4965  4986 D LogWriteUtil.class=LogFileHandlerThread.class: 2getFilePath: filePath=/custom/metro/log/2022-10-11
10-11 15:47:57.466  4965  4986 D LogWriteUtil.class=LogFileHandlerThread.class: getFileNameSuffix: file=/custom/metro/log/2022-10-11
10-11 15:47:57.467  4965  4986 D LogWriteUtil.class=LogFileHandlerThread.class: 2getCurrentFileName: index=3, LogWriteUtil.logfile=app.log, getFileNameSuffix=8
10-11 15:47:57.468  4965  4986 D LogWriteUtil.class=LogFileHandlerThread.class: 1getFilePath: logFormat=2022-10-11, LogWriteUtil.logPathDir=/custom/metro/log
10-11 15:47:57.468  4965  4986 D LogWriteUtil.class=LogFileHandlerThread.class: 2getFilePath: filePath=/custom/metro/log/2022-10-11
10-11 15:47:57.468  4965  4986 D LogWriteUtil.class=LogFileHandlerThread.class: getFileNameSuffix: file=/custom/metro/log/2022-10-11
10-11 15:47:57.468  4965  4986 D LogWriteUtil.class=LogFileHandlerThread.class: 3getCurrentFileName: logFileName=app8.log
10-11 15:47:57.468  4965  4986 D LogWriteUtil.class=LogFileHandlerThread.class: 1getCurrentFileName: LogWriteUtil.logfile=app.log
10-11 15:47:57.469  4965  4986 D LogWriteUtil.class=LogFileHandlerThread.class: 1getFilePath: logFormat=2022-10-11, LogWriteUtil.logPathDir=/custom/metro/log
10-11 15:47:57.469  4965  4986 D LogWriteUtil.class=LogFileHandlerThread.class: 2getFilePath: filePath=/custom/metro/log/2022-10-11
10-11 15:47:57.469  4965  4986 D LogWriteUtil.class=LogFileHandlerThread.class: getFileNameSuffix: file=/custom/metro/log/2022-10-11
10-11 15:47:57.470  4965  4986 D LogWriteUtil.class=LogFileHandlerThread.class: 2getCurrentFileName: index=3, LogWriteUtil.logfile=app.log, getFileNameSuffix=8
10-11 15:47:57.471  4965  4986 D LogWriteUtil.class=LogFileHandlerThread.class: 1getFilePath: logFormat=2022-10-11, LogWriteUtil.logPathDir=/custom/metro/log
10-11 15:47:57.471  4965  4986 D LogWriteUtil.class=LogFileHandlerThread.class: 2getFilePath: filePath=/custom/metro/log/2022-10-11
10-11 15:47:57.471  4965  4986 D LogWriteUtil.class=LogFileHandlerThread.class: getFileNameSuffix: file=/custom/metro/log/2022-10-11
10-11 15:47:57.471  4965  4986 D LogWriteUtil.class=LogFileHandlerThread.class: 3getCurrentFileName: logFileName=app8.log
10-11 15:47:57.471  4965  4986 D TAG     : 2,initFile: /custom/metro/log/2022-10-11/app8.log, logFile.length=1409711, getCurrentFileName()=app8.log, writeFileName=/custom/metro/log/2022-10-11/app8.log
10-11 15:47:57.472  4965  4986 D LogWriteUtil.class=LogFileHandlerThread.class: 8,initFile: logFile=/custom/metro/log/2022-10-11/app8.log, logFile.length=1409711
10-11 15:47:57.494  4965  5038 D UdpDisServices: udp receive - api receive data disApi, udp service id=186  - udp.packet.address=/172.2.208.8, udp.pack.socketAddress=/172.2.208.8:64002, udp.port=64002- running=true - message={"MsgSeqID":1233475,"MsgName":"DisReceivedNotify","MsgInfo":{"AppMsgSeqID":3458,"Code":10001}}
10-11 15:47:57.496  4965  5038 I APP_LogUtils.kt: [(LogUtils.kt:50).i()] [UdpDisServices] udp receive - api receive data disApi, udp service id=186 - running=true  - ip=/172.2.208.8 - port=64002 - message={"MsgSeqID":1233475,"MsgName":"DisReceivedNotify","MsgInfo":{"AppMsgSeqID":3458,"Code":10001}}
10-11 15:47:57.497  4965  4965 D MainActivity: onMessageEvent  -- gginit: disApi, id=1---event={"MsgSeqID":1233475,"MsgName":"DisReceivedNotify","MsgInfo":{"AppMsgSeqID":3458,"Code":10001}}
10-11 15:47:57.497  4965  4965 D MainViewModel: 1processDisApi: disApi, id=1
10-11 15:47:57.497  4965  4986 D LogWriteUtil.class=LogFileHandlerThread.class: 1getFilePath: logFormat=2022-10-11, LogWriteUtil.logPathDir=/custom/metro/log
10-11 15:47:57.497  4965  4986 D LogWriteUtil.class=LogFileHandlerThread.class: 2getFilePath: filePath=/custom/metro/log/2022-10-11
10-11 15:47:57.497  4965  4986 D LogWriteUtil.class=LogFileHandlerThread.class: 1getCurrentFileName: LogWriteUtil.logfile=app.log
10-11 15:47:57.497  4965  7222 D DisApiSingletonReceive: processingData: disApi, id=372 - data={"MsgSeqID":1233475,"MsgName":"DisReceivedNotify","MsgInfo":{"AppMsgSeqID":3458,"Code":10001}}
10-11 15:47:57.498  4965  4986 D LogWriteUtil.class=LogFileHandlerThread.class: 1getFilePath: logFormat=2022-10-11, LogWriteUtil.logPathDir=/custom/metro/log
10-11 15:47:57.498  4965  4986 D LogWriteUtil.class=LogFileHandlerThread.class: 2getFilePath: filePath=/custom/metro/log/2022-10-11
10-11 15:47:57.498  4965  4986 D LogWriteUtil.class=LogFileHandlerThread.class: getFileNameSuffix: file=/custom/metro/log/2022-10-11
10-11 15:47:57.499  4965  7222 D DisApiSingletonReceive: processingDisReceivedNotify: info=DisReceivedNotifyApiData(msgName=DisReceivedNotify, msgSeqID=1233475, msgInfo=ReceivedNotifyData(appMsgSeqID=0, code=10001))
10-11 15:47:57.499  4965  4986 D LogWriteUtil.class=LogFileHandlerThread.class: 2getCurrentFileName: index=3, LogWriteUtil.logfile=app.log, getFileNameSuffix=8
10-11 15:47:57.500  4965  4986 D LogWriteUtil.class=LogFileHandlerThread.class: 1getFilePath: logFormat=2022-10-11, LogWriteUtil.logPathDir=/custom/metro/log
10-11 15:47:57.500  4965  4986 D LogWriteUtil.class=LogFileHandlerThread.class: 2getFilePath: filePath=/custom/metro/log/2022-10-11
10-11 15:47:57.500  4965  4986 D LogWriteUtil.class=LogFileHandlerThread.class: getFileNameSuffix: file=/custom/metro/log/2022-10-11
10-11 15:47:57.500  4965  4986 D LogWriteUtil.class=LogFileHandlerThread.class: 3getCurrentFileName: logFileName=app8.log
10-11 15:47:57.500  4965  4986 D LogWriteUtil.class=LogFileHandlerThread.class: 1,initFile: getFilePath()=/custom/metro/log/2022-10-11, getCurrentFileName=app8.log
10-11 15:47:57.501  4965  4986 D LogWriteUtil.class=LogFileHandlerThread.class: 1getFilePath: logFormat=2022-10-11, LogWriteUtil.logPathDir=/custom/metro/log
10-11 15:47:57.502  4965  4986 D LogWriteUtil.class=LogFileHandlerThread.class: 2getFilePath: filePath=/custom/metro/log/2022-10-11
10-11 15:47:57.502  4965  4986 D LogWriteUtil.class=LogFileHandlerThread.class: 1getCurrentFileName: LogWriteUtil.logfile=app.log
10-11 15:47:57.503  4965  4986 D LogWriteUtil.class=LogFileHandlerThread.class: 1getFilePath: logFormat=2022-10-11, LogWriteUtil.logPathDir=/custom/metro/log
10-11 15:47:57.503  4965  4986 D LogWriteUtil.class=LogFileHandlerThread.class: 2getFilePath: filePath=/custom/metro/log/2022-10-11
10-11 15:47:57.503  4965  4986 D LogWriteUtil.class=LogFileHandlerThread.class: getFileNameSuffix: file=/custom/metro/log/2022-10-11
10-11 15:47:57.504  4965  4986 D LogWriteUtil.class=LogFileHandlerThread.class: 2getCurrentFileName: index=3, LogWriteUtil.logfile=app.log, getFileNameSuffix=8
10-11 15:47:57.505  4965  4986 D LogWriteUtil.class=LogFileHandlerThread.class: 1getFilePath: logFormat=2022-10-11, LogWriteUtil.logPathDir=/custom/metro/log
10-11 15:47:57.505  4965  4986 D LogWriteUtil.class=LogFileHandlerThread.class: 2getFilePath: filePath=/custom/metro/log/2022-10-11
10-11 15:47:57.506  4965  4986 D LogWriteUtil.class=LogFileHandlerThread.class: getFileNameSuffix: file=/custom/metro/log/2022-10-11
10-11 15:47:57.506  4965  4986 D LogWriteUtil.class=LogFileHandlerThread.class: 3getCurrentFileName: logFileName=app8.log
10-11 15:47:57.506  4965  4986 D LogWriteUtil.class=LogFileHandlerThread.class: 1getCurrentFileName: LogWriteUtil.logfile=app.log
10-11 15:47:57.507  4965  4986 D LogWriteUtil.class=LogFileHandlerThread.class: 1getFilePath: logFormat=2022-10-11, LogWriteUtil.logPathDir=/custom/metro/log
10-11 15:47:57.507  4965  4986 D LogWriteUtil.class=LogFileHandlerThread.class: 2getFilePath: filePath=/custom/metro/log/2022-10-11
10-11 15:47:57.507  4965  4986 D LogWriteUtil.class=LogFileHandlerThread.class: getFileNameSuffix: file=/custom/metro/log/2022-10-11
10-11 15:47:57.508  4965  4986 D LogWriteUtil.class=LogFileHandlerThread.class: 2getCurrentFileName: index=3, LogWriteUtil.logfile=app.log, getFileNameSuffix=8
10-11 15:47:57.509  4965  4986 D LogWriteUtil.class=LogFileHandlerThread.class: 1getFilePath: logFormat=2022-10-11, LogWriteUtil.logPathDir=/custom/metro/log
10-11 15:47:57.509  4965  4986 D LogWriteUtil.class=LogFileHandlerThread.class: 2getFilePath: filePath=/custom/metro/log/2022-10-11
10-11 15:47:57.509  4965  4986 D LogWriteUtil.class=LogFileHandlerThread.class: getFileNameSuffix: file=/custom/metro/log/2022-10-11
10-11 15:47:57.510  4965  4986 D LogWriteUtil.class=LogFileHandlerThread.class: 3getCurrentFileName: logFileName=app8.log
10-11 15:47:57.510  4965  4986 D TAG     : 2,initFile: /custom/metro/log/2022-10-11/app8.log, logFile.length=1409929, getCurrentFileName()=app8.log, writeFileName=/custom/metro/log/2022-10-11/app8.log
10-11 15:47:57.510  4965  4986 D LogWriteUtil.class=LogFileHandlerThread.class: 8,initFile: logFile=/custom/metro/log/2022-10-11/app8.log, logFile.length=1409929
10-11 15:47:57.523  4965  5038 D UdpDisServices: udp receive - api receive data disApi, udp service id=186  - udp.packet.address=/172.2.208.8, udp.pack.socketAddress=/172.2.208.8:64002, udp.port=64002- running=true - message={"MsgSeqID":1233476,"MsgName":"GetStationATSRsp","MsgInfo":{"Code":10011,"StationATSInfos":[{"TrainGroupNumber":"211","ServiceNumber":"000","TrainCrewNumber":"000","TrainPosition":"1","TrainRunningPosition":"1","RailName":"T1206","StationID":"012","TerminalStationID":"000","DestinationID":"000"},{"TrainGroupNumber":"212","ServiceNumber":"000","TrainCrewNumber":"000","TrainPosition":"1","TrainRunningPosition":"1","RailName":"T1212","StationID":"012","TerminalStationID":"000","DestinationID":"000"}]}}
10-11 15:47:57.523  4965  5038 I APP_LogUtils.kt: [(LogUtils.kt:50).i()] [UdpDisServices] udp receive - api receive data disApi, udp service id=186 - running=true  - ip=/172.2.208.8 - port=64002 - message={"MsgSeqID":1233476,"MsgName":"GetStationATSRsp","MsgInfo":{"Code":10011,"StationATSInfos":[{"TrainGroupNumber":"211","ServiceNumber":"000","TrainCrewNumber":"000","TrainPosition":"1","TrainRunningPosition":"1","RailName":"T1206","StationID":"012","TerminalStationID":"000","DestinationID":"000"},{"TrainGroupNumber":"212","ServiceNumber":"000","TrainCrewNumber":"000","TrainPosition":"1","TrainRunningPosition":"1","RailName":"T1212","StationID":"012","TerminalStationID":"000","DestinationID":"000"}]}}
10-11 15:47:57.524  4965  4965 D MainActivity: onMessageEvent  -- gginit: disApi, id=1---event={"MsgSeqID":1233476,"MsgName":"GetStationATSRsp","MsgInfo":{"Code":10011,"StationATSInfos":[{"TrainGroupNumber":"211","ServiceNumber":"000","TrainCrewNumber":"000","TrainPosition":"1","TrainRunningPosition":"1","RailName":"T1206","StationID":"012","TerminalStationID":"000","DestinationID":"000"},{"TrainGroupNumber":"212","ServiceNumber":"000","TrainCrewNumber":"000","TrainPosition":"1","TrainRunningPosition":"1","RailName":"T1212","StationID":"012","TerminalStationID":"000","DestinationID":"000"}]}}
10-11 15:47:57.524  4965  5038 D UdpDisServices: udp receive - api receive data disApi, udp service id=186  - udp.packet.address=/172.2.208.8, udp.pack.socketAddress=/172.2.208.8:64002, udp.port=64002- running=true - message={"MsgSeqID":1233477,"MsgName":"DisReceivedNotify","MsgInfo":{"AppMsgSeqID":3459,"Code":10001}}
10-11 15:47:57.524  4965  4965 D MainViewModel: 1processDisApi: disApi, id=1
10-11 15:47:57.525  4965  4986 D LogWriteUtil.class=LogFileHandlerThread.class: 1getFilePath: logFormat=2022-10-11, LogWriteUtil.logPathDir=/custom/metro/log
10-11 15:47:57.525  4965  4986 D LogWriteUtil.class=LogFileHandlerThread.class: 2getFilePath: filePath=/custom/metro/log/2022-10-11
10-11 15:47:57.526  4965  4986 D LogWriteUtil.class=LogFileHandlerThread.class: 1getCurrentFileName: LogWriteUtil.logfile=app.log
10-11 15:47:57.526  4965  4986 D LogWriteUtil.class=LogFileHandlerThread.class: 1getFilePath: logFormat=2022-10-11, LogWriteUtil.logPathDir=/custom/metro/log
10-11 15:47:57.526  4965  4986 D LogWriteUtil.class=LogFileHandlerThread.class: 2getFilePath: filePath=/custom/metro/log/2022-10-11
10-11 15:47:57.527  4965  4986 D LogWriteUtil.class=LogFileHandlerThread.class: getFileNameSuffix: file=/custom/metro/log/2022-10-11
10-11 15:47:57.525  4965  7222 D DisApiSingletonReceive: processingData: disApi, id=372 - data={"MsgSeqID":1233476,"MsgName":"GetStationATSRsp","MsgInfo":{"Code":10011,"StationATSInfos":[{"TrainGroupNumber":"211","ServiceNumber":"000","TrainCrewNumber":"000","TrainPosition":"1","TrainRunningPosition":"1","RailName":"T1206","StationID":"012","TerminalStationID":"000","DestinationID":"000"},{"TrainGroupNumber":"212","ServiceNumber":"000","TrainCrewNumber":"000","TrainPosition":"1","TrainRunningPosition":"1","RailName":"T1212","StationID":"012","TerminalStationID":"000","DestinationID":"000"}]}}
10-11 15:47:57.527  4965  4986 D LogWriteUtil.class=LogFileHandlerThread.class: 2getCurrentFileName: index=3, LogWriteUtil.logfile=app.log, getFileNameSuffix=8
10-11 15:47:57.528  4965  4986 D LogWriteUtil.class=LogFileHandlerThread.class: 1getFilePath: logFormat=2022-10-11, LogWriteUtil.logPathDir=/custom/metro/log
10-11 15:47:57.528  4965  4986 D LogWriteUtil.class=LogFileHandlerThread.class: 2getFilePath: filePath=/custom/metro/log/2022-10-11
10-11 15:47:57.528  4965  4986 D LogWriteUtil.class=LogFileHandlerThread.class: getFileNameSuffix: file=/custom/metro/log/2022-10-11
10-11 15:47:57.528  4965  4986 D LogWriteUtil.class=LogFileHandlerThread.class: 3getCurrentFileName: logFileName=app8.log
10-11 15:47:57.528  4965  4986 D LogWriteUtil.class=LogFileHandlerThread.class: 1,initFile: getFilePath()=/custom/metro/log/2022-10-11, getCurrentFileName=app8.log
10-11 15:47:57.529  4965  7222 D DisApiSingletonReceive: parseStationAtsData: atsInfo=com.gbcom.library_base.data.StationAtsApiData@b0f098b
10-11 15:47:57.529  4965  4986 D LogWriteUtil.class=LogFileHandlerThread.class: 1getFilePath: logFormat=2022-10-11, LogWriteUtil.logPathDir=/custom/metro/log
10-11 15:47:57.529  4965  4986 D LogWriteUtil.class=LogFileHandlerThread.class: 2getFilePath: filePath=/custom/metro/log/2022-10-11
10-11 15:47:57.529  4965  4986 D LogWriteUtil.class=LogFileHandlerThread.class: 1getCurrentFileName: LogWriteUtil.logfile=app.log
10-11 15:47:57.529  4965  7222 D BtrunCConfig: isR2Nubmer is true
10-11 15:47:57.529  4965  7222 D com.ztegota.system.GotaSystem: getMdn +866022012
10-11 15:47:57.529  4965  7222 D TAG     : getUserId: userId2=+866022012
10-11 15:47:57.529  4965  7222 D BtrunCConfig: isR2Nubmer is true
10-11 15:47:57.529  4965  7222 D com.ztegota.system.GotaSystem: getMdn +866022012
10-11 15:47:57.529  4965  7222 D TAG     : getUserId: userId2=+866022012
10-11 15:47:57.530  4965  4986 D LogWriteUtil.class=LogFileHandlerThread.class: 1getFilePath: logFormat=2022-10-11, LogWriteUtil.logPathDir=/custom/metro/log
10-11 15:47:57.530  4965  4986 D LogWriteUtil.class=LogFileHandlerThread.class: 2getFilePath: filePath=/custom/metro/log/2022-10-11
10-11 15:47:57.530  4965  4986 D LogWriteUtil.class=LogFileHandlerThread.class: getFileNameSuffix: file=/custom/metro/log/2022-10-11
10-11 15:47:57.530  4965  4986 D LogWriteUtil.class=LogFileHandlerThread.class: 2getCurrentFileName: index=3, LogWriteUtil.logfile=app.log, getFileNameSuffix=8
10-11 15:47:57.531  4965  4986 D LogWriteUtil.class=LogFileHandlerThread.class: 1getFilePath: logFormat=2022-10-11, LogWriteUtil.logPathDir=/custom/metro/log
10-11 15:47:57.531  4965  4986 D LogWriteUtil.class=LogFileHandlerThread.class: 2getFilePath: filePath=/custom/metro/log/2022-10-11
10-11 15:47:57.531  4965  4986 D LogWriteUtil.class=LogFileHandlerThread.class: getFileNameSuffix: file=/custom/metro/log/2022-10-11
10-11 15:47:57.531  4965  4986 D LogWriteUtil.class=LogFileHandlerThread.class: 3getCurrentFileName: logFileName=app8.log
10-11 15:47:57.532  4965  4986 D LogWriteUtil.class=LogFileHandlerThread.class: 1getCurrentFileName: LogWriteUtil.logfile=app.log
10-11 15:47:57.532  4965  5038 I APP_LogUtils.kt: [(LogUtils.kt:50).i()] [UdpDisServices] udp receive - api receive data disApi, udp service id=186 - running=true  - ip=/172.2.208.8 - port=64002 - message={"MsgSeqID":1233477,"MsgName":"DisReceivedNotify","MsgInfo":{"AppMsgSeqID":3459,"Code":10001}}
10-11 15:47:57.532  4965  4986 D LogWriteUtil.class=LogFileHandlerThread.class: 1getFilePath: logFormat=2022-10-11, LogWriteUtil.logPathDir=/custom/metro/log
10-11 15:47:57.532  4965  4986 D LogWriteUtil.class=LogFileHandlerThread.class: 2getFilePath: filePath=/custom/metro/log/2022-10-11
10-11 15:47:57.533  4965  4986 D LogWriteUtil.class=LogFileHandlerThread.class: getFileNameSuffix: file=/custom/metro/log/2022-10-11
10-11 15:47:57.533  4965  4986 D LogWriteUtil.class=LogFileHandlerThread.class: 2getCurrentFileName: index=3, LogWriteUtil.logfile=app.log, getFileNameSuffix=8
10-11 15:47:57.534  4965  4965 D MainActivity: onMessageEvent  -- gginit: disApi, id=1---event={"MsgSeqID":1233477,"MsgName":"DisReceivedNotify","MsgInfo":{"AppMsgSeqID":3459,"Code":10001}}
10-11 15:47:57.534  4965  4965 D MainViewModel: 1processDisApi: disApi, id=1
10-11 15:47:57.534  4965  4986 D LogWriteUtil.class=LogFileHandlerThread.class: 1getFilePath: logFormat=2022-10-11, LogWriteUtil.logPathDir=/custom/metro/log
10-11 15:47:57.534  4965  4986 D LogWriteUtil.class=LogFileHandlerThread.class: 2getFilePath: filePath=/custom/metro/log/2022-10-11
10-11 15:47:57.534  4965  4986 D LogWriteUtil.class=LogFileHandlerThread.class: getFileNameSuffix: file=/custom/metro/log/2022-10-11
10-11 15:47:57.534  4965  4986 D LogWriteUtil.class=LogFileHandlerThread.class: 3getCurrentFileName: logFileName=app8.log
10-11 15:47:57.535  4965  4986 D TAG     : 2,initFile: /custom/metro/log/2022-10-11/app8.log, logFile.length=1410204, getCurrentFileName()=app8.log, writeFileName=/custom/metro/log/2022-10-11/app8.log
10-11 15:47:57.535  4965  4986 D LogWriteUtil.class=LogFileHandlerThread.class: 8,initFile: logFile=/custom/metro/log/2022-10-11/app8.log, logFile.length=1410204
10-11 15:47:57.537  4965  4986 D LogWriteUtil.class=LogFileHandlerThread.class: 1getFilePath: logFormat=2022-10-11, LogWriteUtil.logPathDir=/custom/metro/log
10-11 15:47:57.537  4965  4986 D LogWriteUtil.class=LogFileHandlerThread.class: 2getFilePath: filePath=/custom/metro/log/2022-10-11
10-11 15:47:57.537  4965  4986 D LogWriteUtil.class=LogFileHandlerThread.class: 1getCurrentFileName: LogWriteUtil.logfile=app.log
10-11 15:47:57.537  4965  7063 D DisApiSingletonReceive: processingData: disApi, id=369 - data={"MsgSeqID":1233477,"MsgName":"DisReceivedNotify","MsgInfo":{"AppMsgSeqID":3459,"Code":10001}}
10-11 15:47:57.538  4965  4986 D LogWriteUtil.class=LogFileHandlerThread.class: 1getFilePath: logFormat=2022-10-11, LogWriteUtil.logPathDir=/custom/metro/log
10-11 15:47:57.538  4965  4986 D LogWriteUtil.class=LogFileHandlerThread.class: 2getFilePath: filePath=/custom/metro/log/2022-10-11
10-11 15:47:57.538  4965  4986 D LogWriteUtil.class=LogFileHandlerThread.class: getFileNameSuffix: file=/custom/metro/log/2022-10-11
10-11 15:47:57.538  4965  4986 D LogWriteUtil.class=LogFileHandlerThread.class: 2getCurrentFileName: index=3, LogWriteUtil.logfile=app.log, getFileNameSuffix=8
10-11 15:47:57.539  4965  4986 D LogWriteUtil.class=LogFileHandlerThread.class: 1getFilePath: logFormat=2022-10-11, LogWriteUtil.logPathDir=/custom/metro/log
10-11 15:47:57.539  4965  7063 D DisApiSingletonReceive: processingDisReceivedNotify: info=DisReceivedNotifyApiData(msgName=DisReceivedNotify, msgSeqID=1233477, msgInfo=ReceivedNotifyData(appMsgSeqID=0, code=10001))
10-11 15:47:57.539  4965  4986 D LogWriteUtil.class=LogFileHandlerThread.class: 2getFilePath: filePath=/custom/metro/log/2022-10-11
10-11 15:47:57.540  4965  4986 D LogWriteUtil.class=LogFileHandlerThread.class: getFileNameSuffix: file=/custom/metro/log/2022-10-11
10-11 15:47:57.540  4965  4986 D LogWriteUtil.class=LogFileHandlerThread.class: 3getCurrentFileName: logFileName=app8.log
10-11 15:47:57.540  4965  4986 D LogWriteUtil.class=LogFileHandlerThread.class: 1,initFile: getFilePath()=/custom/metro/log/2022-10-11, getCurrentFileName=app8.log
10-11 15:47:57.541  4965  4986 D LogWriteUtil.class=LogFileHandlerThread.class: 1getFilePath: logFormat=2022-10-11, LogWriteUtil.logPathDir=/custom/metro/log
10-11 15:47:57.541  4965  4986 D LogWriteUtil.class=LogFileHandlerThread.class: 2getFilePath: filePath=/custom/metro/log/2022-10-11
10-11 15:47:57.541  4965  4986 D LogWriteUtil.class=LogFileHandlerThread.class: 1getCurrentFileName: LogWriteUtil.logfile=app.log
10-11 15:47:57.542  4965  4986 D LogWriteUtil.class=LogFileHandlerThread.class: 1getFilePath: logFormat=2022-10-11, LogWriteUtil.logPathDir=/custom/metro/log
10-11 15:47:57.542  4965  4986 D LogWriteUtil.class=LogFileHandlerThread.class: 2getFilePath: filePath=/custom/metro/log/2022-10-11
10-11 15:47:57.542  4965  4986 D LogWriteUtil.class=LogFileHandlerThread.class: getFileNameSuffix: file=/custom/metro/log/2022-10-11
10-11 15:47:57.543  4965  4986 D LogWriteUtil.class=LogFileHandlerThread.class: 2getCurrentFileName: index=3, LogWriteUtil.logfile=app.log, getFileNameSuffix=8
10-11 15:47:57.544  4965  4986 D LogWriteUtil.class=LogFileHandlerThread.class: 1getFilePath: logFormat=2022-10-11, LogWriteUtil.logPathDir=/custom/metro/log
10-11 15:47:57.544  4965  4986 D LogWriteUtil.class=LogFileHandlerThread.class: 2getFilePath: filePath=/custom/metro/log/2022-10-11
10-11 15:47:57.544  4965  4986 D LogWriteUtil.class=LogFileHandlerThread.class: getFileNameSuffix: file=/custom/metro/log/2022-10-11
10-11 15:47:57.544  4965  4986 D LogWriteUtil.class=LogFileHandlerThread.class: 3getCurrentFileName: logFileName=app8.log
10-11 15:47:57.544  4965  4986 D LogWriteUtil.class=LogFileHandlerThread.class: 1getCurrentFileName: LogWriteUtil.logfile=app.log
10-11 15:47:57.545  4965  4986 D LogWriteUtil.class=LogFileHandlerThread.class: 1getFilePath: logFormat=2022-10-11, LogWriteUtil.logPathDir=/custom/metro/log
10-11 15:47:57.545  4965  4986 D LogWriteUtil.class=LogFileHandlerThread.class: 2getFilePath: filePath=/custom/metro/log/2022-10-11
10-11 15:47:57.546  4965  4986 D LogWriteUtil.class=LogFileHandlerThread.class: getFileNameSuffix: file=/custom/metro/log/2022-10-11
10-11 15:47:57.546  4965  4986 D LogWriteUtil.class=LogFileHandlerThread.class: 2getCurrentFileName: index=3, LogWriteUtil.logfile=app.log, getFileNameSuffix=8
10-11 15:47:57.547  4965  4986 D LogWriteUtil.class=LogFileHandlerThread.class: 1getFilePath: logFormat=2022-10-11, LogWriteUtil.logPathDir=/custom/metro/log
10-11 15:47:57.547  4965  4986 D LogWriteUtil.class=LogFileHandlerThread.class: 2getFilePath: filePath=/custom/metro/log/2022-10-11
10-11 15:47:57.547  4965  4986 D LogWriteUtil.class=LogFileHandlerThread.class: getFileNameSuffix: file=/custom/metro/log/2022-10-11
10-11 15:47:57.548  4965  4986 D LogWriteUtil.class=LogFileHandlerThread.class: 3getCurrentFileName: logFileName=app8.log
10-11 15:47:57.548  4965  4986 D TAG     : 2,initFile: /custom/metro/log/2022-10-11/app8.log, logFile.length=1410889, getCurrentFileName()=app8.log, writeFileName=/custom/metro/log/2022-10-11/app8.log
10-11 15:47:57.548  4965  4986 D LogWriteUtil.class=LogFileHandlerThread.class: 8,initFile: logFile=/custom/metro/log/2022-10-11/app8.log, logFile.length=1410889
10-11 15:47:57.549  4965  4965 D IndexFragment: initView: applyFxData() - ats=[StationAts(createTime=1665474477, trainGroupNumber=211, serviceNumber=000, trainCrewNumber=000, trainPosition=1, trainRunningPosition=1, railName=T1206, stationID=012, terminalStationID=000, destinationID=000, identityID=+866022012), StationAts(createTime=1665474477, trainGroupNumber=212, serviceNumber=000, trainCrewNumber=000, trainPosition=1, trainRunningPosition=1, railName=T1212, stationID=012, terminalStationID=000, destinationID=000, identityID=+866022012)]
10-11 15:47:57.769  4965  7222 D MainViewModel: getSystemTime_currentThreadID2: 372
10-11 15:47:57.779  4965  5038 D UdpDisServices: udp receive - api receive data disApi, udp service id=186  - udp.packet.address=/172.2.208.8, udp.pack.socketAddress=/172.2.208.8:64002, udp.port=64002- running=true - message={"MsgSeqID":1233457,"MsgName":"GetStationATSRsp","MsgInfo":{"Code":10011,"StationATSInfos":[{"TrainGroupNumber":"211","ServiceNumber":"000","TrainCrewNumber":"000","TrainPosition":"1","TrainRunningPosition":"1","RailName":"T1206","StationID":"012","TerminalStationID":"000","DestinationID":"000"},{"TrainGroupNumber":"212","ServiceNumber":"000","TrainCrewNumber":"000","TrainPosition":"1","TrainRunningPosition":"1","RailName":"T1212","StationID":"012","TerminalStationID":"000","DestinationID":"000"}]}}
10-11 15:47:57.780  4965  5038 I APP_LogUtils.kt: [(LogUtils.kt:50).i()] [UdpDisServices] udp receive - api receive data disApi, udp service id=186 - running=true  - ip=/172.2.208.8 - port=64002 - message={"MsgSeqID":1233457,"MsgName":"GetStationATSRsp","MsgInfo":{"Code":10011,"StationATSInfos":[{"TrainGroupNumber":"211","ServiceNumber":"000","TrainCrewNumber":"000","TrainPosition":"1","TrainRunningPosition":"1","RailName":"T1206","StationID":"012","TerminalStationID":"000","DestinationID":"000"},{"TrainGroupNumber":"212","ServiceNumber":"000","TrainCrewNumber":"000","TrainPosition":"1","TrainRunningPosition":"1","RailName":"T1212","StationID":"012","TerminalStationID":"000","DestinationID":"000"}]}}
10-11 15:47:57.783  4965  4986 D LogWriteUtil.class=LogFileHandlerThread.class: 1getFilePath: logFormat=2022-10-11, LogWriteUtil.logPathDir=/custom/metro/log
10-11 15:47:57.783  4965  4986 D LogWriteUtil.class=LogFileHandlerThread.class: 2getFilePath: filePath=/custom/metro/log/2022-10-11
10-11 15:47:57.783  4965  4986 D LogWriteUtil.class=LogFileHandlerThread.class: 1getCurrentFileName: LogWriteUtil.logfile=app.log
10-11 15:47:57.785  4965  4986 D LogWriteUtil.class=LogFileHandlerThread.class: 1getFilePath: logFormat=2022-10-11, LogWriteUtil.logPathDir=/custom/metro/log
10-11 15:47:57.785  4965  4986 D LogWriteUtil.class=LogFileHandlerThread.class: 2getFilePath: filePath=/custom/metro/log/2022-10-11
10-11 15:47:57.786  4965  4986 D LogWriteUtil.class=LogFileHandlerThread.class: getFileNameSuffix: file=/custom/metro/log/2022-10-11
10-11 15:47:57.787  4965  4986 D LogWriteUtil.class=LogFileHandlerThread.class: 2getCurrentFileName: index=3, LogWriteUtil.logfile=app.log, getFileNameSuffix=8
10-11 15:47:57.788  4965  4986 D LogWriteUtil.class=LogFileHandlerThread.class: 1getFilePath: logFormat=2022-10-11, LogWriteUtil.logPathDir=/custom/metro/log
10-11 15:47:57.789  4965  4986 D LogWriteUtil.class=LogFileHandlerThread.class: 2getFilePath: filePath=/custom/metro/log/2022-10-11
10-11 15:47:57.789  4965  4986 D LogWriteUtil.class=LogFileHandlerThread.class: getFileNameSuffix: file=/custom/metro/log/2022-10-11
10-11 15:47:57.790  4965  4986 D LogWriteUtil.class=LogFileHandlerThread.class: 3getCurrentFileName: logFileName=app8.log
10-11 15:47:57.790  4965  4986 D LogWriteUtil.class=LogFileHandlerThread.class: 1,initFile: getFilePath()=/custom/metro/log/2022-10-11, getCurrentFileName=app8.log
10-11 15:47:57.792  4965  4986 D LogWriteUtil.class=LogFileHandlerThread.class: 1getFilePath: logFormat=2022-10-11, LogWriteUtil.logPathDir=/custom/metro/log
10-11 15:47:57.792  4965  4986 D LogWriteUtil.class=LogFileHandlerThread.class: 2getFilePath: filePath=/custom/metro/log/2022-10-11
10-11 15:47:57.792  4965  4986 D LogWriteUtil.class=LogFileHandlerThread.class: 1getCurrentFileName: LogWriteUtil.logfile=app.log
10-11 15:47:57.793  4965  4986 D LogWriteUtil.class=LogFileHandlerThread.class: 1getFilePath: logFormat=2022-10-11, LogWriteUtil.logPathDir=/custom/metro/log
10-11 15:47:57.793  4965  4986 D LogWriteUtil.class=LogFileHandlerThread.class: 2getFilePath: filePath=/custom/metro/log/2022-10-11
10-11 15:47:57.794  4965  4986 D LogWriteUtil.class=LogFileHandlerThread.class: getFileNameSuffix: file=/custom/metro/log/2022-10-11
10-11 15:47:57.794  4965  4986 D LogWriteUtil.class=LogFileHandlerThread.class: 2getCurrentFileName: index=3, LogWriteUtil.logfile=app.log, getFileNameSuffix=8
10-11 15:47:57.795  4965  4965 D MainActivity: onMessageEvent  -- gginit: disApi, id=1---event={"MsgSeqID":1233457,"MsgName":"GetStationATSRsp","MsgInfo":{"Code":10011,"StationATSInfos":[{"TrainGroupNumber":"211","ServiceNumber":"000","TrainCrewNumber":"000","TrainPosition":"1","TrainRunningPosition":"1","RailName":"T1206","StationID":"012","TerminalStationID":"000","DestinationID":"000"},{"TrainGroupNumber":"212","ServiceNumber":"000","TrainCrewNumber":"000","TrainPosition":"1","TrainRunningPosition":"1","RailName":"T1212","StationID":"012","TerminalStationID":"000","DestinationID":"000"}]}}
10-11 15:47:57.796  4965  4965 D MainViewModel: 1processDisApi: disApi, id=1
10-11 15:47:57.796  4965  4986 D LogWriteUtil.class=LogFileHandlerThread.class: 1getFilePath: logFormat=2022-10-11, LogWriteUtil.logPathDir=/custom/metro/log
10-11 15:47:57.796  4965  4986 D LogWriteUtil.class=LogFileHandlerThread.class: 2getFilePath: filePath=/custom/metro/log/2022-10-11
10-11 15:47:57.796  4965  4986 D LogWriteUtil.class=LogFileHandlerThread.class: getFileNameSuffix: file=/custom/metro/log/2022-10-11
10-11 15:47:57.797  4965  7222 D DisApiSingletonReceive: processingData: disApi, id=372 - data={"MsgSeqID":1233457,"MsgName":"GetStationATSRsp","MsgInfo":{"Code":10011,"StationATSInfos":[{"TrainGroupNumber":"211","ServiceNumber":"000","TrainCrewNumber":"000","TrainPosition":"1","TrainRunningPosition":"1","RailName":"T1206","StationID":"012","TerminalStationID":"000","DestinationID":"000"},{"TrainGroupNumber":"212","ServiceNumber":"000","TrainCrewNumber":"000","TrainPosition":"1","TrainRunningPosition":"1","RailName":"T1212","StationID":"012","TerminalStationID":"000","DestinationID":"000"}]}}
10-11 15:47:57.797  4965  4986 D LogWriteUtil.class=LogFileHandlerThread.class: 3getCurrentFileName: logFileName=app8.log
10-11 15:47:57.797  4965  4986 D LogWriteUtil.class=LogFileHandlerThread.class: 1getCurrentFileName: LogWriteUtil.logfile=app.log
10-11 15:47:57.799  4965  4986 D LogWriteUtil.class=LogFileHandlerThread.class: 1getFilePath: logFormat=2022-10-11, LogWriteUtil.logPathDir=/custom/metro/log
10-11 15:47:57.799  4965  4986 D LogWriteUtil.class=LogFileHandlerThread.class: 2getFilePath: filePath=/custom/metro/log/2022-10-11
10-11 15:47:57.799  4965  7222 D DisApiSingletonReceive: parseStationAtsData: atsInfo=com.gbcom.library_base.data.StationAtsApiData@b62b367
10-11 15:47:57.800  4965  4986 D LogWriteUtil.class=LogFileHandlerThread.class: getFileNameSuffix: file=/custom/metro/log/2022-10-11
10-11 15:47:57.800  4965  7222 D BtrunCConfig: isR2Nubmer is true
10-11 15:47:57.800  4965  4986 D LogWriteUtil.class=LogFileHandlerThread.class: 2getCurrentFileName: index=3, LogWriteUtil.logfile=app.log, getFileNameSuffix=8
10-11 15:47:57.800  4965  7222 D com.ztegota.system.GotaSystem: getMdn +866022012
10-11 15:47:57.800  4965  7222 D TAG     : getUserId: userId2=+866022012
10-11 15:47:57.800  4965  7222 D BtrunCConfig: isR2Nubmer is true
10-11 15:47:57.801  4965  7222 D com.ztegota.system.GotaSystem: getMdn +866022012
10-11 15:47:57.801  4965  7222 D TAG     : getUserId: userId2=+866022012
10-11 15:47:57.802  4965  4986 D LogWriteUtil.class=LogFileHandlerThread.class: 1getFilePath: logFormat=2022-10-11, LogWriteUtil.logPathDir=/custom/metro/log
10-11 15:47:57.802  4965  4986 D LogWriteUtil.class=LogFileHandlerThread.class: 2getFilePath: filePath=/custom/metro/log/2022-10-11
10-11 15:47:57.802  4965  7280 D TAG     : getSystemTime_currentThreadID3s: 375, isActive=true
10-11 15:47:57.802  4965  4986 D LogWriteUtil.class=LogFileHandlerThread.class: getFileNameSuffix: file=/custom/metro/log/2022-10-11
10-11 15:47:57.803  4965  4986 D LogWriteUtil.class=LogFileHandlerThread.class: 3getCurrentFileName: logFileName=app8.log
10-11 15:47:57.803  4965  4986 D TAG     : 2,initFile: /custom/metro/log/2022-10-11/app8.log, logFile.length=1411164, getCurrentFileName()=app8.log, writeFileName=/custom/metro/log/2022-10-11/app8.log
10-11 15:47:57.804  4965  4986 D LogWriteUtil.class=LogFileHandlerThread.class: 8,initFile: logFile=/custom/metro/log/2022-10-11/app8.log, logFile.length=1411164
10-11 15:47:57.824  4965  4965 D IndexFragment: initView: applyFxData() - ats=[StationAts(createTime=1665474477, trainGroupNumber=211, serviceNumber=000, trainCrewNumber=000, trainPosition=1, trainRunningPosition=1, railName=T1206, stationID=012, terminalStationID=000, destinationID=000, identityID=+866022012), StationAts(createTime=1665474477, trainGroupNumber=212, serviceNumber=000, trainCrewNumber=000, trainPosition=1, trainRunningPosition=1, railName=T1212, stationID=012, terminalStationID=000, destinationID=000, identityID=+866022012)]
10-11 15:47:57.870  4965  5029 D UdpMasterServices: udp receive - 1 - gginit api receive data masterApi, udp service id=178 - running=true - message={"MsgName":"HeartBeatReq","MsgSeqID":4953,"MsgInfo":{"Time":1665474477}}
10-11 15:47:57.870  4965  5029 D UdpMasterServices: ++++++++++++++++++++++++++++++++++++++++++++++++++++++++++++++++++++++++++++++++++++
10-11 15:47:57.871  4965  5029 I APP_LogUtils.kt: [(LogUtils.kt:50).i()] [UdpMasterServices] xlog - api receive data disApi, udp service id=178 - running=true - message={"MsgName":"HeartBeatReq","MsgSeqID":4953,"MsgInfo":{"Time":1665474477}}
10-11 15:47:57.871  4965  5029 D UdpMasterServices: receive: data id=178, running=true, msg=null
10-11 15:47:57.872  4965  5029 D UdpMasterServices: udp receive - 1 - gginit api receive data masterApi, udp service id=178 - running=true - message={"MsgName":"GetStatusReq","MsgSeqID":4954,"MsgInfo":{}}
10-11 15:47:57.872  4965  5029 D UdpMasterServices: ++++++++++++++++++++++++++++++++++++++++++++++++++++++++++++++++++++++++++++++++++++
10-11 15:47:57.872  4965  4986 D LogWriteUtil.class=LogFileHandlerThread.class: 1getFilePath: logFormat=2022-10-11, LogWriteUtil.logPathDir=/custom/metro/log
10-11 15:47:57.872  4965  4986 D LogWriteUtil.class=LogFileHandlerThread.class: 2getFilePath: filePath=/custom/metro/log/2022-10-11
10-11 15:47:57.872  4965  4986 D LogWriteUtil.class=LogFileHandlerThread.class: 1getCurrentFileName: LogWriteUtil.logfile=app.log
10-11 15:47:57.872  4965  5029 I APP_LogUtils.kt: [(LogUtils.kt:50).i()] [UdpMasterServices] xlog - api receive data disApi, udp service id=178 - running=true - message={"MsgName":"GetStatusReq","MsgSeqID":4954,"MsgInfo":{}}
10-11 15:47:57.872  4965  5029 D UdpMasterServices: receive: data id=178, running=true, msg=null
10-11 15:47:57.873  4965  5029 D UdpMasterServices: udp receive - 1 - gginit api receive data masterApi, udp service id=178 - running=true - message={"MsgName":"GetOperLogReq","MsgSeqID":4955,"MsgInfo":{"StartTime":1}}
10-11 15:47:57.873  4965  5029 D UdpMasterServices: ++++++++++++++++++++++++++++++++++++++++++++++++++++++++++++++++++++++++++++++++++++
10-11 15:47:57.873  4965  4986 D LogWriteUtil.class=LogFileHandlerThread.class: 1getFilePath: logFormat=2022-10-11, LogWriteUtil.logPathDir=/custom/metro/log
10-11 15:47:57.873  4965  4986 D LogWriteUtil.class=LogFileHandlerThread.class: 2getFilePath: filePath=/custom/metro/log/2022-10-11
10-11 15:47:57.873  4965  4986 D LogWriteUtil.class=LogFileHandlerThread.class: getFileNameSuffix: file=/custom/metro/log/2022-10-11
10-11 15:47:57.873  4965  5029 I APP_LogUtils.kt: [(LogUtils.kt:50).i()] [UdpMasterServices] xlog - api receive data disApi, udp service id=178 - running=true - message={"MsgName":"GetOperLogReq","MsgSeqID":4955,"MsgInfo":{"StartTime":1}}
10-11 15:47:57.873  4965  5029 D UdpMasterServices: receive: data id=178, running=true, msg=null
10-11 15:47:57.874  4965  4986 D LogWriteUtil.class=LogFileHandlerThread.class: 2getCurrentFileName: index=3, LogWriteUtil.logfile=app.log, getFileNameSuffix=8
10-11 15:47:57.874  4965  4986 D LogWriteUtil.class=LogFileHandlerThread.class: 1getFilePath: logFormat=2022-10-11, LogWriteUtil.logPathDir=/custom/metro/log
10-11 15:47:57.874  4965  4986 D LogWriteUtil.class=LogFileHandlerThread.class: 2getFilePath: filePath=/custom/metro/log/2022-10-11
10-11 15:47:57.875  4965  4986 D LogWriteUtil.class=LogFileHandlerThread.class: getFileNameSuffix: file=/custom/metro/log/2022-10-11
10-11 15:47:57.875  4965  4986 D LogWriteUtil.class=LogFileHandlerThread.class: 3getCurrentFileName: logFileName=app8.log
10-11 15:47:57.875  4965  4986 D LogWriteUtil.class=LogFileHandlerThread.class: 1,initFile: getFilePath()=/custom/metro/log/2022-10-11, getCurrentFileName=app8.log
10-11 15:47:57.876  4965  4986 D LogWriteUtil.class=LogFileHandlerThread.class: 1getFilePath: logFormat=2022-10-11, LogWriteUtil.logPathDir=/custom/metro/log
10-11 15:47:57.876  4965  4986 D LogWriteUtil.class=LogFileHandlerThread.class: 2getFilePath: filePath=/custom/metro/log/2022-10-11
10-11 15:47:57.879  4965  4986 D LogWriteUtil.class=LogFileHandlerThread.class: 1getCurrentFileName: LogWriteUtil.logfile=app.log
10-11 15:47:57.879  4965  4986 D LogWriteUtil.class=LogFileHandlerThread.class: 1getFilePath: logFormat=2022-10-11, LogWriteUtil.logPathDir=/custom/metro/log
10-11 15:47:57.880  4965  4986 D LogWriteUtil.class=LogFileHandlerThread.class: 2getFilePath: filePath=/custom/metro/log/2022-10-11
10-11 15:47:57.880  4965  4986 D LogWriteUtil.class=LogFileHandlerThread.class: getFileNameSuffix: file=/custom/metro/log/2022-10-11
10-11 15:47:57.881  4965  4986 D LogWriteUtil.class=LogFileHandlerThread.class: 2getCurrentFileName: index=3, LogWriteUtil.logfile=app.log, getFileNameSuffix=8
10-11 15:47:57.882  4965  4986 D LogWriteUtil.class=LogFileHandlerThread.class: 1getFilePath: logFormat=2022-10-11, LogWriteUtil.logPathDir=/custom/metro/log
10-11 15:47:57.883  4965  4986 D LogWriteUtil.class=LogFileHandlerThread.class: 2getFilePath: filePath=/custom/metro/log/2022-10-11
10-11 15:47:57.883  4965  4986 D LogWriteUtil.class=LogFileHandlerThread.class: getFileNameSuffix: file=/custom/metro/log/2022-10-11
10-11 15:47:57.883  4965  4986 D LogWriteUtil.class=LogFileHandlerThread.class: 3getCurrentFileName: logFileName=app8.log
10-11 15:47:57.884  4965  4986 D LogWriteUtil.class=LogFileHandlerThread.class: 1getCurrentFileName: LogWriteUtil.logfile=app.log
10-11 15:47:57.885  4965  4986 D LogWriteUtil.class=LogFileHandlerThread.class: 1getFilePath: logFormat=2022-10-11, LogWriteUtil.logPathDir=/custom/metro/log
10-11 15:47:57.885  4965  4986 D LogWriteUtil.class=LogFileHandlerThread.class: 2getFilePath: filePath=/custom/metro/log/2022-10-11
10-11 15:47:57.885  4965  4986 D LogWriteUtil.class=LogFileHandlerThread.class: getFileNameSuffix: file=/custom/metro/log/2022-10-11
10-11 15:47:57.887  4965  4986 D LogWriteUtil.class=LogFileHandlerThread.class: 2getCurrentFileName: index=3, LogWriteUtil.logfile=app.log, getFileNameSuffix=8
10-11 15:47:57.887  4965  7222 D MasterApiReceive: processingOperLogData: mMasterData=MasterOperLogData(msgName=GetOperLogReq, msgSeqID=4955, msgInfo=OperLogInfo(startTime=1))
10-11 15:47:57.888  4965  4986 D LogWriteUtil.class=LogFileHandlerThread.class: 1getFilePath: logFormat=2022-10-11, LogWriteUtil.logPathDir=/custom/metro/log
10-11 15:47:57.888  4965  4986 D LogWriteUtil.class=LogFileHandlerThread.class: 2getFilePath: filePath=/custom/metro/log/2022-10-11
10-11 15:47:57.888  4965  4986 D LogWriteUtil.class=LogFileHandlerThread.class: getFileNameSuffix: file=/custom/metro/log/2022-10-11
10-11 15:47:57.889  4965  4986 D LogWriteUtil.class=LogFileHandlerThread.class: 3getCurrentFileName: logFileName=app8.log
10-11 15:47:57.889  4965  4986 D TAG     : 2,initFile: /custom/metro/log/2022-10-11/app8.log, logFile.length=1411849, getCurrentFileName()=app8.log, writeFileName=/custom/metro/log/2022-10-11/app8.log
10-11 15:47:57.890  4965  4986 D LogWriteUtil.class=LogFileHandlerThread.class: 8,initFile: logFile=/custom/metro/log/2022-10-11/app8.log, logFile.length=1411849
10-11 15:47:57.893  4965  4986 D LogWriteUtil.class=LogFileHandlerThread.class: 1getFilePath: logFormat=2022-10-11, LogWriteUtil.logPathDir=/custom/metro/log
10-11 15:47:57.893  4965  4986 D LogWriteUtil.class=LogFileHandlerThread.class: 2getFilePath: filePath=/custom/metro/log/2022-10-11
10-11 15:47:57.894  4965  4986 D LogWriteUtil.class=LogFileHandlerThread.class: 1getCurrentFileName: LogWriteUtil.logfile=app.log
10-11 15:47:57.895  4965  4986 D LogWriteUtil.class=LogFileHandlerThread.class: 1getFilePath: logFormat=2022-10-11, LogWriteUtil.logPathDir=/custom/metro/log
10-11 15:47:57.895  4965  4986 D LogWriteUtil.class=LogFileHandlerThread.class: 2getFilePath: filePath=/custom/metro/log/2022-10-11
10-11 15:47:57.895  4965  4986 D LogWriteUtil.class=LogFileHandlerThread.class: getFileNameSuffix: file=/custom/metro/log/2022-10-11
10-11 15:47:57.895  4965  4986 D LogWriteUtil.class=LogFileHandlerThread.class: 2getCurrentFileName: index=3, LogWriteUtil.logfile=app.log, getFileNameSuffix=8
10-11 15:47:57.896  4965  4986 D LogWriteUtil.class=LogFileHandlerThread.class: 1getFilePath: logFormat=2022-10-11, LogWriteUtil.logPathDir=/custom/metro/log
10-11 15:47:57.896  4965  4986 D LogWriteUtil.class=LogFileHandlerThread.class: 2getFilePath: filePath=/custom/metro/log/2022-10-11
10-11 15:47:57.896  4965  4986 D LogWriteUtil.class=LogFileHandlerThread.class: getFileNameSuffix: file=/custom/metro/log/2022-10-11
10-11 15:47:57.897  4965  4986 D LogWriteUtil.class=LogFileHandlerThread.class: 3getCurrentFileName: logFileName=app8.log
10-11 15:47:57.897  4965  4986 D LogWriteUtil.class=LogFileHandlerThread.class: 1,initFile: getFilePath()=/custom/metro/log/2022-10-11, getCurrentFileName=app8.log
10-11 15:47:57.897  4965  4986 D LogWriteUtil.class=LogFileHandlerThread.class: 1getFilePath: logFormat=2022-10-11, LogWriteUtil.logPathDir=/custom/metro/log
10-11 15:47:57.897  4965  4986 D LogWriteUtil.class=LogFileHandlerThread.class: 2getFilePath: filePath=/custom/metro/log/2022-10-11
10-11 15:47:57.898  4965  4986 D LogWriteUtil.class=LogFileHandlerThread.class: 1getCurrentFileName: LogWriteUtil.logfile=app.log
10-11 15:47:57.898  4965  4986 D LogWriteUtil.class=LogFileHandlerThread.class: 1getFilePath: logFormat=2022-10-11, LogWriteUtil.logPathDir=/custom/metro/log
10-11 15:47:57.898  4965  4986 D LogWriteUtil.class=LogFileHandlerThread.class: 2getFilePath: filePath=/custom/metro/log/2022-10-11
10-11 15:47:57.898  4965  4986 D LogWriteUtil.class=LogFileHandlerThread.class: getFileNameSuffix: file=/custom/metro/log/2022-10-11
10-11 15:47:57.899  4965  4986 D LogWriteUtil.class=LogFileHandlerThread.class: 2getCurrentFileName: index=3, LogWriteUtil.logfile=app.log, getFileNameSuffix=8
10-11 15:47:57.899  4965  4986 D LogWriteUtil.class=LogFileHandlerThread.class: 1getFilePath: logFormat=2022-10-11, LogWriteUtil.logPathDir=/custom/metro/log
10-11 15:47:57.900  4965  4986 D LogWriteUtil.class=LogFileHandlerThread.class: 2getFilePath: filePath=/custom/metro/log/2022-10-11
10-11 15:47:57.900  4965  4986 D LogWriteUtil.class=LogFileHandlerThread.class: getFileNameSuffix: file=/custom/metro/log/2022-10-11
10-11 15:47:57.900  4965  4986 D LogWriteUtil.class=LogFileHandlerThread.class: 3getCurrentFileName: logFileName=app8.log
10-11 15:47:57.900  4965  4986 D LogWriteUtil.class=LogFileHandlerThread.class: 1getCurrentFileName: LogWriteUtil.logfile=app.log
10-11 15:47:57.901  4965  4986 D LogWriteUtil.class=LogFileHandlerThread.class: 1getFilePath: logFormat=2022-10-11, LogWriteUtil.logPathDir=/custom/metro/log
10-11 15:47:57.901  4965  4986 D LogWriteUtil.class=LogFileHandlerThread.class: 2getFilePath: filePath=/custom/metro/log/2022-10-11
10-11 15:47:57.901  4965  4986 D LogWriteUtil.class=LogFileHandlerThread.class: getFileNameSuffix: file=/custom/metro/log/2022-10-11
10-11 15:47:57.901  4965  4986 D LogWriteUtil.class=LogFileHandlerThread.class: 2getCurrentFileName: index=3, LogWriteUtil.logfile=app.log, getFileNameSuffix=8
10-11 15:47:57.902  4965  4986 D LogWriteUtil.class=LogFileHandlerThread.class: 1getFilePath: logFormat=2022-10-11, LogWriteUtil.logPathDir=/custom/metro/log
10-11 15:47:57.902  4965  4986 D LogWriteUtil.class=LogFileHandlerThread.class: 2getFilePath: filePath=/custom/metro/log/2022-10-11
10-11 15:47:57.902  4965  4986 D LogWriteUtil.class=LogFileHandlerThread.class: getFileNameSuffix: file=/custom/metro/log/2022-10-11
10-11 15:47:57.902  4965  4986 D LogWriteUtil.class=LogFileHandlerThread.class: 3getCurrentFileName: logFileName=app8.log
10-11 15:47:57.903  4965  4986 D TAG     : 2,initFile: /custom/metro/log/2022-10-11/app8.log, logFile.length=1412066, getCurrentFileName()=app8.log, writeFileName=/custom/metro/log/2022-10-11/app8.log
10-11 15:47:57.903  4965  4986 D LogWriteUtil.class=LogFileHandlerThread.class: 8,initFile: logFile=/custom/metro/log/2022-10-11/app8.log, logFile.length=1412066
10-11 15:47:57.905  4965  4986 D LogWriteUtil.class=LogFileHandlerThread.class: 1getFilePath: logFormat=2022-10-11, LogWriteUtil.logPathDir=/custom/metro/log
10-11 15:47:57.905  4965  4986 D LogWriteUtil.class=LogFileHandlerThread.class: 2getFilePath: filePath=/custom/metro/log/2022-10-11
