--------- beginning of main
10-12 17:15:53.020   672   672 I cnss-daemon: RTM_NEWNEIGH message received: 28
10-12 17:15:53.020   672   672 E cnss-daemon: Stale or unreachable neighbors, ndm state: 4
10-12 17:15:54.727   775   775 I MSM-irqbalance: Decided to move IRQ5 from CPU2 [P:0] to CPU6 [P:1] (banned)
10-12 17:15:54.729   775   775 I MSM-irqbalance: Decided to move IRQ5 from CPU3 [P:0] to CPU4 [P:1] (banned)
10-12 17:15:54.730   775   775 I MSM-irqbalance: Decided to move IRQ3 from CPU3 [P:0] to CPU7 [P:1] (banned)
10-12 17:15:54.732   775   775 I MSM-irqbalance: Decided to move IRQ5 from CPU0 [P:0] to CPU5 [P:1] (banned)
10-12 17:15:54.733   775   775 I MSM-irqbalance: Decided to move IRQ5 from CPU1 [P:0] to CPU6 [P:1] (banned)
10-12 17:15:59.197   613  6603 I AudioPolicyManagerCustom: FLAG None hence request for a primary output
10-12 17:15:59.199   613  1692 I AudioPolicyManagerCustom: FLAG None hence request for a primary output
--------- beginning of system
10-12 17:15:59.204  1436  2422 I ActivityManager: START u0 {act=android.intent.action.MAIN cat=[android.intent.category.LAUNCHER] flg=0x10200000 cmp=com.gbcom.metrosystem/.mvvm.view.SplashActivity (has extras)} from uid 10014 on display 0
10-12 17:15:59.207   613  1046 D audio_hw_primary: out_set_parameters: enter: usecase(1: low-latency-playback) kvpairs: routing=2
10-12 17:15:59.207   613  1046 D audio_hw_extn: audio_extn_set_anc_parameters: anc_enabled:0
10-12 17:15:59.207   613  1046 D audio_hw_spkr_prot: audio_extn_fbsp_set_parameters: Speaker protection disabled
10-12 17:15:59.212   613  1046 D audio_hw_primary: start_output_stream: enter: stream(0xf53b7800)usecase(1: low-latency-playback) devices(0x2)
10-12 17:15:59.214   440  2277 E ANDR-PERF-MPCTL: Invalid profile no. 0, total profiles 0 only
10-12 17:15:59.215   613  1046 D audio_hw_primary: select_devices for use case (low-latency-playback)
10-12 17:15:59.215   613  1046 D audio_hw_primary: select_devices: out_snd_device(2: speaker) in_snd_device(0: )
10-12 17:15:59.215   613  1046 I msm8916_platform: platform_check_and_set_codec_backend_cfg:becf: afe: bitwidth 16, samplerate 48000 channels 2, backend_idx 0 usecase = 1 device (speaker)
10-12 17:15:59.215   613  1046 D msm8916_platform: platform_can_split_snd_device: snd_device(2) num devices(1) new_snd_devices(999122)
10-12 17:15:59.215   613  1046 I msm8916_platform: platform_check_and_set_codec_backend_cfg: becf: new_snd_devices[0] is speaker
10-12 17:15:59.215   613  1046 I msm8916_platform: platform_check_codec_backend_cfg:becf: afe: Codec selected backend: 0 current bit width: 16 sample rate: 48000 channels: 2
10-12 17:15:59.215   613  1046 D msm8916_platform: platform_check_codec_backend_cfg:becf: afe: playback on non-44.1-support device Configure afe to default Sample Rate(48k)
10-12 17:15:59.216   613  1046 D msm8916_platform: platform_check_codec_backend_cfg:becf: afe: only 48KHZ sample rate is supported Configure afe to default Sample Rate(48k)
10-12 17:15:59.216   613  1046 I msm8916_platform: platform_check_codec_backend_cfg:becf: afe: Codec selected backend: 0 updated bit width: 16 and sample rate: 48000
10-12 17:15:59.216   613  1046 D audio_hw_primary: check_usecases_codec_backend:becf: force routing 0
10-12 17:15:59.216   613  1046 E msm8916_platform: platform_check_backends_match: Invalid snd_device = 
10-12 17:15:59.216   613  1046 D audio_hw_primary: check_usecases_codec_backend:becf: (40) check_usecases curr device: speaker, usecase device: backends match 0
10-12 17:15:59.216   613  1046 D audio_hw_primary: check_usecases_codec_backend:becf: check_usecases num.of Usecases to switch 0
10-12 17:15:59.216   613  1046 D hardware_info: hw_info_append_hw_type : device_name = speaker
10-12 17:15:59.216   613  1046 D msm8916_platform: platform_can_split_snd_device: snd_device(2) num devices(0) new_snd_devices(0)
10-12 17:15:59.216   613  1046 D audio_hw_primary: enable_snd_device: snd_device(2: speaker)
10-12 17:15:59.216   613  1046 I soundtrigger: audio_extn_sound_trigger_update_device_status: device 0x2 of type 0 for Event 1, with Raise=0
10-12 17:15:59.216   613  1046 D aud_dev_arbi: acquireOneDevice: device owner for device 2 is 1
10-12 17:15:59.234   613  1046 I audio_hw_primary: select_devices Selected apptype: 69937
10-12 17:15:59.234   613  1046 D soundtrigger: audio_extn_sound_trigger_update_stream_status: uc_id 1 of type 0 for Event 3, with Raise=0
10-12 17:15:59.235  1436  2422 D ActivityTrigger: ActivityTrigger activityPauseTrigger 
10-12 17:15:59.235   613  1046 I audio_hw_utils: audio_extn_utils_send_app_type_cfg PLAYBACK app_type = 69937, acdb_dev_id = 14, sample_rate = 48000
10-12 17:15:59.235   613  1046 D msm8916_platform: platform_can_split_snd_device: snd_device(2) num devices(1) new_snd_devices(0)
10-12 17:15:59.235   613  1046 D ACDB-LOADER: ACDB -> send_audio_cal, acdb_id = 14, path = 0, app id = 0x11131, sample rate = 48000
10-12 17:15:59.235   613  1046 D ACDB-LOADER: ACDB -> send_asm_topology
10-12 17:15:59.235   613  1046 D ACDB-LOADER: ACDB -> ACDB_CMD_GET_AUDPROC_STREAM_TOPOLOGY_ID
10-12 17:15:59.235   613  1046 D ACDB-LOADER: ACDB -> send_adm_topology
10-12 17:15:59.235   613  1046 D ACDB-LOADER: ACDB -> ACDB_CMD_GET_AUDPROC_COMMON_TOPOLOGY_ID
10-12 17:15:59.235   613  1046 D ACDB-LOADER: ACDB -> send_audtable
10-12 17:15:59.236   613  1046 D ACDB-LOADER: ACDB -> ACDB_CMD_GET_AUDPROC_COMMON_TABLE_SIZE
10-12 17:15:59.236   613  1046 D ACDB-LOADER: ACDB -> ACDB_CMD_GET_AUDPROC_COMMON_TABLE
10-12 17:15:59.236   613  1046 D ACDB-LOADER: ACDB -> AUDIO_SET_AUDPROC_CAL
10-12 17:15:59.236   613  1046 D ACDB-LOADER: ACDB -> send_audvoltable
10-12 17:15:59.236   613  1046 D ACDB-LOADER: ACDB -> ACDB_CMD_GET_AUDPROC_GAIN_DEP_STEP_TABLE, vol index 0
10-12 17:15:59.236   613  1046 D ACDB-LOADER: ACDB -> AUDIO_SET_VOL_CAL cal type = 12
10-12 17:15:59.236   613  1046 D ACDB-LOADER: ACDB -> send_audstrmtable
10-12 17:15:59.236   613  1046 D ACDB-LOADER: ACDB -> ACDB_CMD_GET_AUDPROC_STREAM_TABLE_V2
10-12 17:15:59.236   613  1046 D ACDB-LOADER: ACDB -> audstrm_cal->cal_type.cal_data.cal_size = 16
10-12 17:15:59.236   613  1046 D ACDB-LOADER: ACDB -> send_afe_topology
10-12 17:15:59.236   613  1046 D ACDB-LOADER: ACDB -> ACDB_CMD_GET_AFE_TOPOLOGY_ID
10-12 17:15:59.237   613  1046 D ACDB-LOADER: ACDB -> GET_AFE_TOPOLOGY_ID for adcd_id 14, Topology Id 1025e
10-12 17:15:59.237   613  1046 D ACDB-LOADER: ACDB -> send_afe_cal
10-12 17:15:59.237   613  1046 D ACDB-LOADER: ACDB -> ACDB_CMD_GET_AFE_COMMON_TABLE
10-12 17:15:59.237   613  1046 D ACDB-LOADER: ACDB -> AUDIO_SET_AFE_CAL
10-12 17:15:59.237   613  1046 D ACDB-LOADER: ACDB -> send_hw_delay : acdb_id = 14 path = 0
10-12 17:15:59.237   613  1046 D ACDB-LOADER: ACDB -> ACDB_AVSYNC_INFO: ACDB_CMD_GET_DEVICE_PROPERTY
10-12 17:15:59.237   613  1046 D audio_hw_primary: enable_audio_route: apply mixer and update path: low-latency-playback
10-12 17:15:59.242   613  1046 D audio_hw_primary: select_devices: done
10-12 17:15:59.247   613  1046 D msm8916_platform: platform_set_channel_map mixer_ctl_name:Playback Channel Map12
10-12 17:15:59.247   613  1046 D msm8916_platform: platform_set_channel_map: set mapping(1 2 0 0 0 0 0 0) for channel:2
10-12 17:15:59.290  1436  2413 I ActivityManager: Start proc 14913:com.gbcom.metrosystem/1000 for activity com.gbcom.metrosystem/.mvvm.view.SplashActivity
10-12 17:15:59.291  1436  2413 V BoostFramework: BoostFramework() : mPerf = com.qualcomm.qti.Performance@2033bea
10-12 17:15:59.318   613  1046 D audio_hw_primary: start_output_stream: exit
10-12 17:15:59.402  1701  1701 V PhoneStatusBarPolicy: updateManagedProfile: mManagedProfileFocused: false
10-12 17:15:59.404 14913 14913 I chatty  : uid=1000(system) com.gbcom.metrosystem expire 215 lines
10-12 17:15:59.437 14913 14913 W ContextImpl: Calling a method in the system process without a qualified user: android.app.ContextImpl.bindService:1421 android.content.ContextWrapper.bindService:636 com.gbcom.library_base.BaseApp.onCreate:199 com.gbcom.library_base.constant.CommonApp.onCreate:14 com.gbcom.metrosystem.App.onCreate:9 
10-12 17:15:59.721   775   775 I MSM-irqbalance: Decided to move IRQ3 from CPU2 [P:0] to CPU6 [P:1] (banned)
10-12 17:15:59.722   775   775 I MSM-irqbalance: Decided to move IRQ5 from CPU2 [P:0] to CPU4 [P:1] (banned)
10-12 17:15:59.723   775   775 I MSM-irqbalance: Decided to move IRQ3 from CPU3 [P:0] to CPU7 [P:1] (banned)
10-12 17:15:59.723   775   775 I MSM-irqbalance: Decided to move IRQ5 from CPU3 [P:0] to CPU5 [P:1] (banned)
10-12 17:15:59.724   775   775 I MSM-irqbalance: Decided to move IRQ3 from CPU0 [P:0] to CPU6 [P:1] (banned)
10-12 17:15:59.724   775   775 I MSM-irqbalance: Decided to move IRQ5 from CPU0 [P:0] to CPU4 [P:1] (banned)
10-12 17:15:59.725   775   775 I MSM-irqbalance: Decided to move IRQ3 from CPU1 [P:0] to CPU7 [P:1] (banned)
10-12 17:15:59.725   775   775 I MSM-irqbalance: Decided to move IRQ5 from CPU1 [P:0] to CPU5 [P:1] (banned)
10-12 17:15:59.782   564   896 E libnav  : CablComputeBacklightLevel(): UpdateType = DifferentSceneUpdate
10-12 17:15:59.817   672   672 I cnss-daemon: RTM_NEWNEIGH message received: 28
10-12 17:15:59.817   672   672 E cnss-daemon: Stale or unreachable neighbors, ndm state: 4
10-12 17:15:59.876 14913 14934 I chatty  : uid=1000(system) LogFile expire 26 lines
10-12 17:15:59.871 14934 14934 I LogFile : type=1400 audit(0.0:406): avc: denied { write } for name="2022-10-12" dev="mmcblk0p51" ino=82019 scontext=u:r:system_app:s0 tcontext=u:object_r:unlabeled:s0 tclass=dir permissive=1
10-12 17:15:59.871 14934 14934 I LogFile : type=1400 audit(0.0:407): avc: denied { add_name } for name="app38.log" scontext=u:r:system_app:s0 tcontext=u:object_r:unlabeled:s0 tclass=dir permissive=1
10-12 17:15:59.871 14934 14934 I LogFile : type=1400 audit(0.0:408): avc: denied { create } for name="app38.log" scontext=u:r:system_app:s0 tcontext=u:object_r:unlabeled:s0 tclass=file permissive=1
10-12 17:15:59.871 14934 14934 I LogFile : type=1400 audit(0.0:409): avc: denied { read write open } for path="/custom/metro/log/2022-10-12/app38.log" dev="mmcblk0p51" ino=82102 scontext=u:r:system_app:s0 tcontext=u:object_r:unlabeled:s0 tclass=file permissive=1
10-12 17:15:59.892 14913 14913 W ContextImpl: Calling a method in the system process without a qualified user: android.app.ContextImpl.bindService:1421 android.content.ContextWrapper.bindService:636 com.gbcom.metrosystem.mvvm.view.SplashActivity.initLteService:234 com.gbcom.metrosystem.mvvm.view.SplashActivity.main:88 com.gbcom.library_base.base.activity.BaseActivity.onCreate:25 
10-12 17:15:59.897 14913 14913 W ContextImpl: Calling a method in the system process without a qualified user: android.app.ContextImpl.startService:1357 android.content.ContextWrapper.startService:613 com.gbcom.metrosystem.mvvm.view.SplashActivity.initLteService:237 com.gbcom.metrosystem.mvvm.view.SplashActivity.main:88 com.gbcom.library_base.base.activity.BaseActivity.onCreate:25 
10-12 17:15:59.916 14913 14913 W ContextImpl: Calling a method in the system process without a qualified user: android.app.ContextImpl.startService:1357 android.content.ContextWrapper.startService:613 com.gbcom.metrosystem.mvvm.view.SplashActivity.initNTP:132 com.gbcom.metrosystem.mvvm.view.SplashActivity.main:90 com.gbcom.library_base.base.activity.BaseActivity.onCreate:25 
10-12 17:15:59.919 14913 14913 W ContextImpl: Calling a method in the system process without a qualified user: android.app.ContextImpl.bindService:1421 android.content.ContextWrapper.bindService:636 com.gbcom.metrosystem.mvvm.view.SplashActivity.initNTP:133 com.gbcom.metrosystem.mvvm.view.SplashActivity.main:90 com.gbcom.library_base.base.activity.BaseActivity.onCreate:25 
10-12 17:15:59.981 14942 14942 I sh      : type=1400 audit(0.0:410): avc: denied { write } for name="value" dev="sysfs" ino=41752 scontext=u:r:system_app:s0 tcontext=u:object_r:sysfs:s0 tclass=file permissive=1
10-12 17:16:00.004  1701  1701 D KeyguardUpdateMonitor: received broadcast android.intent.action.TIME_TICK
10-12 17:16:00.005  1701  1701 D KeyguardUpdateMonitor: handleTimeUpdate
10-12 17:16:00.041 14946 14946 I sh      : type=1400 audit(0.0:411): avc: denied { getattr } for path="/system/xbin/su" dev="mmcblk0p24" ino=6898 scontext=u:r:system_app:s0 tcontext=u:object_r:su_exec:s0 tclass=file permissive=1
10-12 17:16:00.041 14946 14946 I sh      : type=1400 audit(0.0:412): avc: denied { execute } for name="su" dev="mmcblk0p24" ino=6898 scontext=u:r:system_app:s0 tcontext=u:object_r:su_exec:s0 tclass=file permissive=1
10-12 17:16:00.041 14946 14946 I sh      : type=1400 audit(0.0:413): avc: denied { read open } for path="/system/xbin/su" dev="mmcblk0p24" ino=6898 scontext=u:r:system_app:s0 tcontext=u:object_r:su_exec:s0 tclass=file permissive=1
10-12 17:16:00.041 14946 14946 I sh      : type=1400 audit(0.0:414): avc: denied { execute_no_trans } for path="/system/xbin/su" dev="mmcblk0p24" ino=6898 scontext=u:r:system_app:s0 tcontext=u:object_r:su_exec:s0 tclass=file permissive=1
10-12 17:16:00.051 14946 14946 I su      : type=1400 audit(0.0:415): avc: denied { setgid } for capability=6 scontext=u:r:system_app:s0 tcontext=u:r:system_app:s0 tclass=capability permissive=1
10-12 17:16:00.051 14946 14946 I su      : type=1400 audit(0.0:416): avc: denied { setuid } for capability=7 scontext=u:r:system_app:s0 tcontext=u:r:system_app:s0 tclass=capability permissive=1
10-12 17:16:00.091 14948 14948 I chmod   : type=1400 audit(0.0:417): avc: denied { getattr } for path="/custom" dev="mmcblk0p51" ino=2 scontext=u:r:system_app:s0 tcontext=u:object_r:unlabeled:s0 tclass=dir permissive=1
10-12 17:16:00.091 14948 14948 I chmod   : type=1400 audit(0.0:418): avc: denied { setattr } for name="/" dev="mmcblk0p51" ino=2 scontext=u:r:system_app:s0 tcontext=u:object_r:unlabeled:s0 tclass=dir permissive=1
10-12 17:16:00.161 14951 14951 I chmod   : type=1400 audit(0.0:419): avc: denied { setattr } for name="metro" dev="mmcblk0p51" ino=81921 scontext=u:r:system_app:s0 tcontext=u:object_r:unlabeled:s0 tclass=dir permissive=1
10-12 17:16:00.231 14954 14954 I chmod   : type=1400 audit(0.0:420): avc: denied { fowner } for capability=3 scontext=u:r:system_app:s0 tcontext=u:r:system_app:s0 tclass=capability permissive=1
10-12 17:16:00.291 14956 14956 I chmod   : type=1400 audit(0.0:421): avc: denied { setattr } for name="startBro.sh" dev="mmcblk0p51" ino=81927 scontext=u:r:system_app:s0 tcontext=u:object_r:unlabeled:s0 tclass=file permissive=1
10-12 17:16:00.663 14913 14913 W ContextImpl: Calling a method in the system process without a qualified user: android.app.ContextImpl.sendBroadcast:877 android.content.ContextWrapper.sendBroadcast:421 com.ztegota.system.lte.LTERIL.setLteRilStatus:5104 com.ztegota.system.lte.LTERIL.<init>:1045 com.ztegota.system.lte.LTEPhone.<init>:131 
10-12 17:16:00.664  1436  1950 E ActivityManager: Sending non-protected broadcast com.ztegota.remote.ril_status from system 14913:com.gbcom.metrosystem/1000 pkg com.gbcom.metrosystem
10-12 17:16:00.664  1436  1950 E ActivityManager: java.lang.Throwable
10-12 17:16:00.664  1436  1950 E ActivityManager: 	at com.android.server.am.ActivityManagerService.checkBroadcastFromSystem(ActivityManagerService.java:18272)
10-12 17:16:00.664  1436  1950 E ActivityManager: 	at com.android.server.am.ActivityManagerService.broadcastIntentLocked(ActivityManagerService.java:18844)
10-12 17:16:00.664  1436  1950 E ActivityManager: 	at com.android.server.am.ActivityManagerService.broadcastIntent(ActivityManagerService.java:18935)
10-12 17:16:00.664  1436  1950 E ActivityManager: 	at android.app.ActivityManagerNative.onTransact(ActivityManagerNative.java:499)
10-12 17:16:00.664  1436  1950 E ActivityManager: 	at com.android.server.am.ActivityManagerService.onTransact(ActivityManagerService.java:2869)
10-12 17:16:00.664  1436  1950 E ActivityManager: 	at android.os.Binder.execTransact(Binder.java:565)
10-12 17:16:00.684 14913 14971 I chatty  : uid=1000(system) RILRemoteReceiv expire 12 lines
10-12 17:16:00.696 14913 14971 W ContextImpl: Calling a method in the system process without a qualified user: android.app.ContextImpl.sendBroadcast:877 android.content.ContextWrapper.sendBroadcast:421 com.ztegota.system.lte.LTERIL.setLteRilStatus:5104 com.ztegota.system.lte.LTERIL.processUnsolicited:1619 com.ztegota.system.lte.LTERIL.processResponse:1172 
10-12 17:16:00.699  1436  2094 E ActivityManager: Sending non-protected broadcast com.ztegota.remote.ril_status from system 14913:com.gbcom.metrosystem/1000 pkg com.gbcom.metrosystem
10-12 17:16:00.699  1436  2094 E ActivityManager: java.lang.Throwable
10-12 17:16:00.699  1436  2094 E ActivityManager: 	at com.android.server.am.ActivityManagerService.checkBroadcastFromSystem(ActivityManagerService.java:18272)
10-12 17:16:00.699  1436  2094 E ActivityManager: 	at com.android.server.am.ActivityManagerService.broadcastIntentLocked(ActivityManagerService.java:18844)
10-12 17:16:00.699  1436  2094 E ActivityManager: 	at com.android.server.am.ActivityManagerService.broadcastIntent(ActivityManagerService.java:18935)
10-12 17:16:00.699  1436  2094 E ActivityManager: 	at android.app.ActivityManagerNative.onTransact(ActivityManagerNative.java:499)
10-12 17:16:00.699  1436  2094 E ActivityManager: 	at com.android.server.am.ActivityManagerService.onTransact(ActivityManagerService.java:2869)
10-12 17:16:00.699  1436  2094 E ActivityManager: 	at android.os.Binder.execTransact(Binder.java:565)
10-12 17:16:00.712 14913 14968 I chatty  : uid=1000(system) GotaSystem expire 20 lines
10-12 17:16:00.937   672   672 I cnss-daemon: RTM_NEWNEIGH message received: 28
10-12 17:16:00.937   672   672 I cnss-daemon: NDA_DST received: 192.168.42.129 ul: 562995070150848
10-12 17:16:00.937   672   672 I cnss-daemon: NDA_LLADDR received
10-12 17:16:00.950 14913 14913 I chatty  : uid=1000(system) com.gbcom.metrosystem expire 194 lines
10-12 17:16:01.063 14913 14968 W ContextImpl: Calling a method in the system process without a qualified user: android.app.ContextImpl.sendBroadcast:892 android.content.ContextWrapper.sendBroadcast:426 com.ztegota.system.GotaSystem$GotaSystemHandler.handleMessage:144 android.os.Handler.dispatchMessage:102 android.os.Looper.loop:154 
10-12 17:16:01.065  1436  1739 E ActivityManager: Sending non-protected broadcast com.ztegota.action.SERVICE_COMPLETED from system 14913:com.gbcom.metrosystem/1000 pkg com.gbcom.metrosystem
10-12 17:16:01.065  1436  1739 E ActivityManager: java.lang.Throwable
10-12 17:16:01.065  1436  1739 E ActivityManager: 	at com.android.server.am.ActivityManagerService.checkBroadcastFromSystem(ActivityManagerService.java:18272)
10-12 17:16:01.065  1436  1739 E ActivityManager: 	at com.android.server.am.ActivityManagerService.broadcastIntentLocked(ActivityManagerService.java:18753)
10-12 17:16:01.065  1436  1739 E ActivityManager: 	at com.android.server.am.ActivityManagerService.broadcastIntent(ActivityManagerService.java:18935)
10-12 17:16:01.065  1436  1739 E ActivityManager: 	at android.app.ActivityManagerNative.onTransact(ActivityManagerNative.java:499)
10-12 17:16:01.065  1436  1739 E ActivityManager: 	at com.android.server.am.ActivityManagerService.onTransact(ActivityManagerService.java:2869)
10-12 17:16:01.065  1436  1739 E ActivityManager: 	at android.os.Binder.execTransact(Binder.java:565)
10-12 17:16:01.090  1436  1739 E ActivityManager: Sending non-protected broadcast com.ztegota.action.SERVICE_COMPLETED from system 14913:com.gbcom.metrosystem/1000 pkg com.gbcom.metrosystem
10-12 17:16:01.090  1436  1739 E ActivityManager: java.lang.Throwable
10-12 17:16:01.090  1436  1739 E ActivityManager: 	at com.android.server.am.ActivityManagerService.checkBroadcastFromSystem(ActivityManagerService.java:18272)
10-12 17:16:01.090  1436  1739 E ActivityManager: 	at com.android.server.am.ActivityManagerService.broadcastIntentLocked(ActivityManagerService.java:18844)
10-12 17:16:01.090  1436  1739 E ActivityManager: 	at com.android.server.am.ActivityManagerService.broadcastIntent(ActivityManagerService.java:18935)
10-12 17:16:01.090  1436  1739 E ActivityManager: 	at android.app.ActivityManagerNative.onTransact(ActivityManagerNative.java:499)
10-12 17:16:01.090  1436  1739 E ActivityManager: 	at com.android.server.am.ActivityManagerService.onTransact(ActivityManagerService.java:2869)
10-12 17:16:01.090  1436  1739 E ActivityManager: 	at android.os.Binder.execTransact(Binder.java:565)
10-12 17:16:01.179 14913 14971 I chatty  : uid=1000(system) RILRemoteReceiv expire 4 lines
10-12 17:16:01.181 14913 14967 I chatty  : uid=1000(system) RenderThread expire 3 lines
10-12 17:16:01.272 14913 14978 I chatty  : uid=1000(system) DefaultDispatch expire 15 lines
10-12 17:16:01.280 14913 14980 I chatty  : uid=1000(system) pool-3-thread-1 expire 4 lines
10-12 17:16:01.300 14913 14934 I chatty  : uid=1000(system) LogFile expire 170 lines
10-12 17:16:01.313 14913 14968 I chatty  : uid=1000(system) GotaSystem expire 24 lines
10-12 17:16:01.313 14913 14971 I chatty  : uid=1000(system) RILRemoteReceiv expire 18 lines
10-12 17:16:01.319 14913 14980 I chatty  : uid=1000(system) pool-3-thread-1 expire 5 lines
10-12 17:16:01.321  1436  1981 D AlarmManagerService: Setting time of day to sec=1665566161
10-12 17:16:01.322  1436  1981 W AlarmManagerService: Unable to set rtc to 1665566161: Invalid argument
10-12 17:16:01.425  1436  1535 I ActivityManager: Displayed com.gbcom.metrosystem/.mvvm.view.SplashActivity: +2s171ms
10-12 17:16:01.427 14913 14913 I chatty  : uid=1000(system) com.gbcom.metrosystem expire 31 lines
10-12 17:16:01.428 14913 14913 W ContextImpl: Calling a method in the system process without a qualified user: android.app.ContextImpl.sendBroadcast:877 android.content.ContextWrapper.sendBroadcast:421 com.gbcom.library_base.service.LLteService.updateStatus:378 com.gbcom.library_base.service.LLteService.access$updateStatus:31 com.gbcom.library_base.service.LLteService$mHandler$1.handleMessage:205 
10-12 17:16:01.430  1436  2465 E ActivityManager: Sending non-protected broadcast com.gbcom.action.ACTION_BTRUNC_IS_NOT_CONNECTED from system 14913:com.gbcom.metrosystem/1000 pkg com.gbcom.metrosystem
10-12 17:16:01.430  1436  2465 E ActivityManager: java.lang.Throwable
10-12 17:16:01.430  1436  2465 E ActivityManager: 	at com.android.server.am.ActivityManagerService.checkBroadcastFromSystem(ActivityManagerService.java:18272)
10-12 17:16:01.430  1436  2465 E ActivityManager: 	at com.android.server.am.ActivityManagerService.broadcastIntentLocked(ActivityManagerService.java:18753)
10-12 17:16:01.430  1436  2465 E ActivityManager: 	at com.android.server.am.ActivityManagerService.broadcastIntent(ActivityManagerService.java:18935)
10-12 17:16:01.430  1436  2465 E ActivityManager: 	at android.app.ActivityManagerNative.onTransact(ActivityManagerNative.java:499)
10-12 17:16:01.430  1436  2465 E ActivityManager: 	at com.android.server.am.ActivityManagerService.onTransact(ActivityManagerService.java:2869)
10-12 17:16:01.430  1436  2465 E ActivityManager: 	at android.os.Binder.execTransact(Binder.java:565)
10-12 17:16:01.450  1436  2465 E ActivityManager: Sending non-protected broadcast com.gbcom.action.ACTION_BTRUNC_IS_NOT_CONNECTED from system 14913:com.gbcom.metrosystem/1000 pkg com.gbcom.metrosystem
10-12 17:16:01.450  1436  2465 E ActivityManager: java.lang.Throwable
10-12 17:16:01.450  1436  2465 E ActivityManager: 	at com.android.server.am.ActivityManagerService.checkBroadcastFromSystem(ActivityManagerService.java:18272)
10-12 17:16:01.450  1436  2465 E ActivityManager: 	at com.android.server.am.ActivityManagerService.broadcastIntentLocked(ActivityManagerService.java:18844)
10-12 17:16:01.450  1436  2465 E ActivityManager: 	at com.android.server.am.ActivityManagerService.broadcastIntent(ActivityManagerService.java:18935)
10-12 17:16:01.450  1436  2465 E ActivityManager: 	at android.app.ActivityManagerNative.onTransact(ActivityManagerNative.java:499)
10-12 17:16:01.450  1436  2465 E ActivityManager: 	at com.android.server.am.ActivityManagerService.onTransact(ActivityManagerService.java:2869)
10-12 17:16:01.450  1436  2465 E ActivityManager: 	at android.os.Binder.execTransact(Binder.java:565)
10-12 17:16:01.475  1436  2413 D ActivityTrigger: ActivityTrigger activityStopTrigger 
10-12 17:16:01.570 14913 14973 I chatty  : uid=1000(system) LteEcmHandler expire 21 lines
10-12 17:16:01.747   672   672 I cnss-daemon: RTM_NEWNEIGH message received: 28
10-12 17:16:01.748   672   672 E cnss-daemon: Stale or unreachable neighbors, ndm state: 16
10-12 17:16:01.748   672   672 I cnss-daemon: RTM_NEWNEIGH message received: 28
10-12 17:16:01.748   672   672 I cnss-daemon: NDA_DST received: 192.168.42.131 ul: 562995103705280
10-12 17:16:01.748   672   672 I cnss-daemon: NDA_LLADDR received
10-12 17:16:02.494   613  1046 D audio_hw_primary: out_standby: enter: stream (0xf53b7800) usecase(1: low-latency-playback)
10-12 17:16:02.643   613  1046 D audio_hw_primary: disable_audio_route: reset and update mixer path: low-latency-playback
10-12 17:16:02.651   613  1046 D soundtrigger: audio_extn_sound_trigger_update_stream_status: uc_id 1 of type 0 for Event 2, with Raise=0
10-12 17:16:02.651   613  1046 D hardware_info: hw_info_append_hw_type : device_name = speaker
10-12 17:16:02.651   613  1046 D audio_hw_primary: disable_snd_device: snd_device(2: speaker)
10-12 17:16:02.651   613  1046 D msm8916_platform: platform_can_split_snd_device: snd_device(2) num devices(0) new_snd_devices(0)
10-12 17:16:02.663   613  1046 D aud_dev_arbi: releaseOneDevice: not sending command, device argument (2) does not match any registered device
10-12 17:16:02.663   613  1046 D aud_dev_arbi: releaseOneDevice: device 2 owner is 0
10-12 17:16:02.663   613  1046 I soundtrigger: audio_extn_sound_trigger_update_device_status: device 0x2 of type 0 for Event 0, with Raise=0
10-12 17:16:02.664   613  1046 D audio_hw_primary: out_standby: exit
10-12 17:16:03.767 14913 14968 W ContextImpl: Calling a method in the system process without a qualified user: android.app.ContextImpl.sendBroadcast:877 android.content.ContextWrapper.sendBroadcast:421 com.ztegota.system.lte.LTEPhone.handleMessage:570 android.os.Handler.dispatchMessage:102 android.os.Looper.loop:154 
10-12 17:16:03.770 14913 14913 I chatty  : uid=1000(system) com.gbcom.metrosystem expire 17 lines
10-12 17:16:03.770  1436  1950 E ActivityManager: Sending non-protected broadcast android.intent.action.LTEPHONE_NO_SIM from system 14913:com.gbcom.metrosystem/1000 pkg com.gbcom.metrosystem
10-12 17:16:03.770  1436  1950 E ActivityManager: java.lang.Throwable
10-12 17:16:03.770  1436  1950 E ActivityManager: 	at com.android.server.am.ActivityManagerService.checkBroadcastFromSystem(ActivityManagerService.java:18272)
10-12 17:16:03.770  1436  1950 E ActivityManager: 	at com.android.server.am.ActivityManagerService.broadcastIntentLocked(ActivityManagerService.java:18844)
10-12 17:16:03.770  1436  1950 E ActivityManager: 	at com.android.server.am.ActivityManagerService.broadcastIntent(ActivityManagerService.java:18935)
10-12 17:16:03.770  1436  1950 E ActivityManager: 	at android.app.ActivityManagerNative.onTransact(ActivityManagerNative.java:499)
10-12 17:16:03.770  1436  1950 E ActivityManager: 	at com.android.server.am.ActivityManagerService.onTransact(ActivityManagerService.java:2869)
10-12 17:16:03.770  1436  1950 E ActivityManager: 	at android.os.Binder.execTransact(Binder.java:565)
10-12 17:16:03.772 14913 14971 I chatty  : uid=1000(system) RILRemoteReceiv expire 37 lines
10-12 17:16:03.772 14913 14968 I chatty  : uid=1000(system) GotaSystem expire 69 lines
10-12 17:16:03.780 14913 14971 W ContextImpl: Calling a method in the system process without a qualified user: android.app.ContextImpl.sendBroadcast:877 android.content.ContextWrapper.sendBroadcast:421 com.ztegota.system.lte.LTERIL.processUnsolicited:1781 com.ztegota.system.lte.LTERIL.processResponse:1172 com.ztegota.system.lte.LTERIL.access$10:1164 
10-12 17:16:03.783  1436  2422 E ActivityManager: Sending non-protected broadcast com.ztegota.lte.number from system 14913:com.gbcom.metrosystem/1000 pkg com.gbcom.metrosystem
10-12 17:16:03.783  1436  2422 E ActivityManager: java.lang.Throwable
10-12 17:16:03.783  1436  2422 E ActivityManager: 	at com.android.server.am.ActivityManagerService.checkBroadcastFromSystem(ActivityManagerService.java:18272)
10-12 17:16:03.783  1436  2422 E ActivityManager: 	at com.android.server.am.ActivityManagerService.broadcastIntentLocked(ActivityManagerService.java:18844)
10-12 17:16:03.783  1436  2422 E ActivityManager: 	at com.android.server.am.ActivityManagerService.broadcastIntent(ActivityManagerService.java:18935)
10-12 17:16:03.783  1436  2422 E ActivityManager: 	at android.app.ActivityManagerNative.onTransact(ActivityManagerNative.java:499)
10-12 17:16:03.783  1436  2422 E ActivityManager: 	at com.android.server.am.ActivityManagerService.onTransact(ActivityManagerService.java:2869)
10-12 17:16:03.783  1436  2422 E ActivityManager: 	at android.os.Binder.execTransact(Binder.java:565)
10-12 17:16:03.827 14913 14968 W ContextImpl: Calling a method in the system process without a qualified user: android.app.ContextImpl.sendBroadcast:877 android.content.ContextWrapper.sendBroadcast:421 com.ztegota.system.lte.LTEPhone.handleMessage:663 android.os.Handler.dispatchMessage:102 android.os.Looper.loop:154 
10-12 17:16:03.830  1436  2391 E ActivityManager: Sending non-protected broadcast LTE.ECMCONNECT.STATUS from system 14913:com.gbcom.metrosystem/1000 pkg com.gbcom.metrosystem
10-12 17:16:03.830  1436  2391 E ActivityManager: java.lang.Throwable
10-12 17:16:03.830  1436  2391 E ActivityManager: 	at com.android.server.am.ActivityManagerService.checkBroadcastFromSystem(ActivityManagerService.java:18272)
10-12 17:16:03.830  1436  2391 E ActivityManager: 	at com.android.server.am.ActivityManagerService.broadcastIntentLocked(ActivityManagerService.java:18844)
10-12 17:16:03.830  1436  2391 E ActivityManager: 	at com.android.server.am.ActivityManagerService.broadcastIntent(ActivityManagerService.java:18935)
10-12 17:16:03.830  1436  2391 E ActivityManager: 	at android.app.ActivityManagerNative.onTransact(ActivityManagerNative.java:499)
10-12 17:16:03.830  1436  2391 E ActivityManager: 	at com.android.server.am.ActivityManagerService.onTransact(ActivityManagerService.java:2869)
10-12 17:16:03.830  1436  2391 E ActivityManager: 	at android.os.Binder.execTransact(Binder.java:565)
10-12 17:16:03.833 14913 14968 W ContextImpl: Calling a method in the system process without a qualified user: android.app.ContextImpl.sendBroadcast:877 android.content.ContextWrapper.sendBroadcast:421 com.ztegota.system.lte.LTEPhone.handleMessage:667 android.os.Handler.dispatchMessage:102 android.os.Looper.loop:154 
10-12 17:16:03.835  1436  1950 E ActivityManager: Sending non-protected broadcast com.ztegota.remote.lte_status from system 14913:com.gbcom.metrosystem/1000 pkg com.gbcom.metrosystem
10-12 17:16:03.835  1436  1950 E ActivityManager: java.lang.Throwable
10-12 17:16:03.835  1436  1950 E ActivityManager: 	at com.android.server.am.ActivityManagerService.checkBroadcastFromSystem(ActivityManagerService.java:18272)
10-12 17:16:03.835  1436  1950 E ActivityManager: 	at com.android.server.am.ActivityManagerService.broadcastIntentLocked(ActivityManagerService.java:18753)
10-12 17:16:03.835  1436  1950 E ActivityManager: 	at com.android.server.am.ActivityManagerService.broadcastIntent(ActivityManagerService.java:18935)
10-12 17:16:03.835  1436  1950 E ActivityManager: 	at android.app.ActivityManagerNative.onTransact(ActivityManagerNative.java:499)
10-12 17:16:03.835  1436  1950 E ActivityManager: 	at com.android.server.am.ActivityManagerService.onTransact(ActivityManagerService.java:2869)
10-12 17:16:03.835  1436  1950 E ActivityManager: 	at android.os.Binder.execTransact(Binder.java:565)
10-12 17:16:03.837  1436  1950 E ActivityManager: Sending non-protected broadcast com.ztegota.remote.lte_status from system 14913:com.gbcom.metrosystem/1000 pkg com.gbcom.metrosystem
10-12 17:16:03.837  1436  1950 E ActivityManager: java.lang.Throwable
10-12 17:16:03.837  1436  1950 E ActivityManager: 	at com.android.server.am.ActivityManagerService.checkBroadcastFromSystem(ActivityManagerService.java:18272)
10-12 17:16:03.837  1436  1950 E ActivityManager: 	at com.android.server.am.ActivityManagerService.broadcastIntentLocked(ActivityManagerService.java:18844)
10-12 17:16:03.837  1436  1950 E ActivityManager: 	at com.android.server.am.ActivityManagerService.broadcastIntent(ActivityManagerService.java:18935)
10-12 17:16:03.837  1436  1950 E ActivityManager: 	at android.app.ActivityManagerNative.onTransact(ActivityManagerNative.java:499)
10-12 17:16:03.837  1436  1950 E ActivityManager: 	at com.android.server.am.ActivityManagerService.onTransact(ActivityManagerService.java:2869)
10-12 17:16:03.837  1436  1950 E ActivityManager: 	at android.os.Binder.execTransact(Binder.java:565)
10-12 17:16:03.841 14913 14968 W ContextImpl: Calling a method in the system process without a qualified user: android.app.ContextImpl.sendBroadcast:877 android.content.ContextWrapper.sendBroadcast:421 com.ztegota.system.lte.LTEServiceTracker.handleMessage:561 android.os.Handler.dispatchMessage:102 android.os.Looper.loop:154 
10-12 17:16:03.843 14913 14913 W ContextImpl: Calling a method in the system process without a qualified user: android.app.ContextImpl.sendBroadcast:877 android.content.ContextWrapper.sendBroadcast:421 com.gbcom.library_base.service.LLteService.updateStatus:378 com.gbcom.library_base.service.LLteService.access$updateStatus:31 com.gbcom.library_base.service.LLteService$mBroadCastReceiver$1.onReceive:80 
10-12 17:16:03.844  1436  1693 E ActivityManager: Sending non-protected broadcast com.ztegota.lte.number from system 14913:com.gbcom.metrosystem/1000 pkg com.gbcom.metrosystem
10-12 17:16:03.844  1436  1693 E ActivityManager: java.lang.Throwable
10-12 17:16:03.844  1436  1693 E ActivityManager: 	at com.android.server.am.ActivityManagerService.checkBroadcastFromSystem(ActivityManagerService.java:18272)
10-12 17:16:03.844  1436  1693 E ActivityManager: 	at com.android.server.am.ActivityManagerService.broadcastIntentLocked(ActivityManagerService.java:18844)
10-12 17:16:03.844  1436  1693 E ActivityManager: 	at com.android.server.am.ActivityManagerService.broadcastIntent(ActivityManagerService.java:18935)
10-12 17:16:03.844  1436  1693 E ActivityManager: 	at android.app.ActivityManagerNative.onTransact(ActivityManagerNative.java:499)
10-12 17:16:03.844  1436  1693 E ActivityManager: 	at com.android.server.am.ActivityManagerService.onTransact(ActivityManagerService.java:2869)
10-12 17:16:03.844  1436  1693 E ActivityManager: 	at android.os.Binder.execTransact(Binder.java:565)
10-12 17:16:03.848  1436  2422 E ActivityManager: Sending non-protected broadcast com.gbcom.action.ACTION_BTRUNC_IS_NOT_CONNECTED from system 14913:com.gbcom.metrosystem/1000 pkg com.gbcom.metrosystem
10-12 17:16:03.848  1436  2422 E ActivityManager: java.lang.Throwable
10-12 17:16:03.848  1436  2422 E ActivityManager: 	at com.android.server.am.ActivityManagerService.checkBroadcastFromSystem(ActivityManagerService.java:18272)
10-12 17:16:03.848  1436  2422 E ActivityManager: 	at com.android.server.am.ActivityManagerService.broadcastIntentLocked(ActivityManagerService.java:18753)
10-12 17:16:03.848  1436  2422 E ActivityManager: 	at com.android.server.am.ActivityManagerService.broadcastIntent(ActivityManagerService.java:18935)
10-12 17:16:03.848  1436  2422 E ActivityManager: 	at android.app.ActivityManagerNative.onTransact(ActivityManagerNative.java:499)
10-12 17:16:03.848  1436  2422 E ActivityManager: 	at com.android.server.am.ActivityManagerService.onTransact(ActivityManagerService.java:2869)
10-12 17:16:03.848  1436  2422 E ActivityManager: 	at android.os.Binder.execTransact(Binder.java:565)
10-12 17:16:03.851  1436  2422 E ActivityManager: Sending non-protected broadcast com.gbcom.action.ACTION_BTRUNC_IS_NOT_CONNECTED from system 14913:com.gbcom.metrosystem/1000 pkg com.gbcom.metrosystem
10-12 17:16:03.851  1436  2422 E ActivityManager: java.lang.Throwable
10-12 17:16:03.851  1436  2422 E ActivityManager: 	at com.android.server.am.ActivityManagerService.checkBroadcastFromSystem(ActivityManagerService.java:18272)
10-12 17:16:03.851  1436  2422 E ActivityManager: 	at com.android.server.am.ActivityManagerService.broadcastIntentLocked(ActivityManagerService.java:18844)
10-12 17:16:03.851  1436  2422 E ActivityManager: 	at com.android.server.am.ActivityManagerService.broadcastIntent(ActivityManagerService.java:18935)
10-12 17:16:03.851  1436  2422 E ActivityManager: 	at android.app.ActivityManagerNative.onTransact(ActivityManagerNative.java:499)
10-12 17:16:03.851  1436  2422 E ActivityManager: 	at com.android.server.am.ActivityManagerService.onTransact(ActivityManagerService.java:2869)
10-12 17:16:03.851  1436  2422 E ActivityManager: 	at android.os.Binder.execTransact(Binder.java:565)
10-12 17:16:03.858 14913 14934 I chatty  : uid=1000(system) LogFile expire 85 lines
10-12 17:16:03.866 14913 14913 W ContextImpl: Calling a method in the system process without a qualified user: android.app.ContextImpl.sendBroadcast:877 android.content.ContextWrapper.sendBroadcast:421 com.gbcom.library_base.service.LLteService.updateStatus:378 com.gbcom.library_base.service.LLteService.access$updateStatus:31 com.gbcom.library_base.service.LLteService$mHandler$1.handleMessage:205 
10-12 17:16:03.869  1436  2389 E ActivityManager: Sending non-protected broadcast com.gbcom.action.ACTION_LTE_IS_NOT_CONNECTED from system 14913:com.gbcom.metrosystem/1000 pkg com.gbcom.metrosystem
10-12 17:16:03.869  1436  2389 E ActivityManager: java.lang.Throwable
10-12 17:16:03.869  1436  2389 E ActivityManager: 	at com.android.server.am.ActivityManagerService.checkBroadcastFromSystem(ActivityManagerService.java:18272)
10-12 17:16:03.869  1436  2389 E ActivityManager: 	at com.android.server.am.ActivityManagerService.broadcastIntentLocked(ActivityManagerService.java:18753)
10-12 17:16:03.869  1436  2389 E ActivityManager: 	at com.android.server.am.ActivityManagerService.broadcastIntent(ActivityManagerService.java:18935)
10-12 17:16:03.869  1436  2389 E ActivityManager: 	at android.app.ActivityManagerNative.onTransact(ActivityManagerNative.java:499)
10-12 17:16:03.869  1436  2389 E ActivityManager: 	at com.android.server.am.ActivityManagerService.onTransact(ActivityManagerService.java:2869)
10-12 17:16:03.869  1436  2389 E ActivityManager: 	at android.os.Binder.execTransact(Binder.java:565)
10-12 17:16:03.872  1436  2389 E ActivityManager: Sending non-protected broadcast com.gbcom.action.ACTION_LTE_IS_NOT_CONNECTED from system 14913:com.gbcom.metrosystem/1000 pkg com.gbcom.metrosystem
10-12 17:16:03.872  1436  2389 E ActivityManager: java.lang.Throwable
10-12 17:16:03.872  1436  2389 E ActivityManager: 	at com.android.server.am.ActivityManagerService.checkBroadcastFromSystem(ActivityManagerService.java:18272)
10-12 17:16:03.872  1436  2389 E ActivityManager: 	at com.android.server.am.ActivityManagerService.broadcastIntentLocked(ActivityManagerService.java:18844)
10-12 17:16:03.872  1436  2389 E ActivityManager: 	at com.android.server.am.ActivityManagerService.broadcastIntent(ActivityManagerService.java:18935)
10-12 17:16:03.872  1436  2389 E ActivityManager: 	at android.app.ActivityManagerNative.onTransact(ActivityManagerNative.java:499)
10-12 17:16:03.872  1436  2389 E ActivityManager: 	at com.android.server.am.ActivityManagerService.onTransact(ActivityManagerService.java:2869)
10-12 17:16:03.872  1436  2389 E ActivityManager: 	at android.os.Binder.execTransact(Binder.java:565)
10-12 17:16:03.974 14913 14968 W ContextImpl: Calling a method in the system process without a qualified user: android.app.ContextImpl.sendBroadcast:877 android.content.ContextWrapper.sendBroadcast:421 com.ztegota.system.lte.LTEServiceTracker.handleMessage:619 android.os.Handler.dispatchMessage:102 android.os.Looper.loop:154 
10-12 17:16:03.974 14913 14972 I chatty  : uid=1000(system) LtePhoneRespons expire 12 lines
10-12 17:16:03.976  1436  2465 E ActivityManager: Sending non-protected broadcast intent.action.gota4g.srvinfo from system 14913:com.gbcom.metrosystem/1000 pkg com.gbcom.metrosystem
10-12 17:16:03.976  1436  2465 E ActivityManager: java.lang.Throwable
10-12 17:16:03.976  1436  2465 E ActivityManager: 	at com.android.server.am.ActivityManagerService.checkBroadcastFromSystem(ActivityManagerService.java:18272)
10-12 17:16:03.976  1436  2465 E ActivityManager: 	at com.android.server.am.ActivityManagerService.broadcastIntentLocked(ActivityManagerService.java:18844)
10-12 17:16:03.976  1436  2465 E ActivityManager: 	at com.android.server.am.ActivityManagerService.broadcastIntent(ActivityManagerService.java:18935)
10-12 17:16:03.976  1436  2465 E ActivityManager: 	at android.app.ActivityManagerNative.onTransact(ActivityManagerNative.java:499)
10-12 17:16:03.976  1436  2465 E ActivityManager: 	at com.android.server.am.ActivityManagerService.onTransact(ActivityManagerService.java:2869)
10-12 17:16:03.976  1436  2465 E ActivityManager: 	at android.os.Binder.execTransact(Binder.java:565)
10-12 17:16:03.984 14913 14913 W ContextImpl: Calling a method in the system process without a qualified user: android.app.ContextImpl.sendBroadcast:877 android.content.ContextWrapper.sendBroadcast:421 com.gbcom.library_base.service.LLteService.updateStatus:378 com.gbcom.library_base.service.LLteService.access$updateStatus:31 com.gbcom.library_base.service.LLteService$mHandler$1.handleMessage:205 
10-12 17:16:03.988  1436  1950 E ActivityManager: Sending non-protected broadcast com.gbcom.action.ACTION_BTRUNC_IS_NOT_CONNECTED from system 14913:com.gbcom.metrosystem/1000 pkg com.gbcom.metrosystem
10-12 17:16:03.988  1436  1950 E ActivityManager: java.lang.Throwable
10-12 17:16:03.988  1436  1950 E ActivityManager: 	at com.android.server.am.ActivityManagerService.checkBroadcastFromSystem(ActivityManagerService.java:18272)
10-12 17:16:03.988  1436  1950 E ActivityManager: 	at com.android.server.am.ActivityManagerService.broadcastIntentLocked(ActivityManagerService.java:18753)
10-12 17:16:03.988  1436  1950 E ActivityManager: 	at com.android.server.am.ActivityManagerService.broadcastIntent(ActivityManagerService.java:18935)
10-12 17:16:03.988  1436  1950 E ActivityManager: 	at android.app.ActivityManagerNative.onTransact(ActivityManagerNative.java:499)
10-12 17:16:03.988  1436  1950 E ActivityManager: 	at com.android.server.am.ActivityManagerService.onTransact(ActivityManagerService.java:2869)
10-12 17:16:03.988  1436  1950 E ActivityManager: 	at android.os.Binder.execTransact(Binder.java:565)
10-12 17:16:03.991  1436  1950 E ActivityManager: Sending non-protected broadcast com.gbcom.action.ACTION_BTRUNC_IS_NOT_CONNECTED from system 14913:com.gbcom.metrosystem/1000 pkg com.gbcom.metrosystem
10-12 17:16:03.991  1436  1950 E ActivityManager: java.lang.Throwable
10-12 17:16:03.991  1436  1950 E ActivityManager: 	at com.android.server.am.ActivityManagerService.checkBroadcastFromSystem(ActivityManagerService.java:18272)
10-12 17:16:03.991  1436  1950 E ActivityManager: 	at com.android.server.am.ActivityManagerService.broadcastIntentLocked(ActivityManagerService.java:18844)
10-12 17:16:03.991  1436  1950 E ActivityManager: 	at com.android.server.am.ActivityManagerService.broadcastIntent(ActivityManagerService.java:18935)
10-12 17:16:03.991  1436  1950 E ActivityManager: 	at android.app.ActivityManagerNative.onTransact(ActivityManagerNative.java:499)
10-12 17:16:03.991  1436  1950 E ActivityManager: 	at com.android.server.am.ActivityManagerService.onTransact(ActivityManagerService.java:2869)
10-12 17:16:03.991  1436  1950 E ActivityManager: 	at android.os.Binder.execTransact(Binder.java:565)
10-12 17:16:04.005 14913 14934 I chatty  : uid=1000(system) LogFile expire 153 lines
10-12 17:16:04.725   775   775 I MSM-irqbalance: Decided to move IRQ3 from CPU2 [P:0] to CPU6 [P:1] (banned)
10-12 17:16:04.727   775   775 I MSM-irqbalance: Decided to move IRQ5 from CPU2 [P:0] to CPU4 [P:1] (banned)
10-12 17:16:04.729   775   775 I MSM-irqbalance: Decided to move IRQ3 from CPU3 [P:0] to CPU7 [P:1] (banned)
10-12 17:16:04.730   775   775 I MSM-irqbalance: Decided to move IRQ5 from CPU3 [P:0] to CPU5 [P:1] (banned)
10-12 17:16:04.731   775   775 I MSM-irqbalance: Decided to move IRQ3 from CPU0 [P:0] to CPU6 [P:1] (banned)
10-12 17:16:04.732   775   775 I MSM-irqbalance: Decided to move IRQ5 from CPU0 [P:0] to CPU4 [P:1] (banned)
10-12 17:16:04.734   775   775 I MSM-irqbalance: Decided to move IRQ3 from CPU1 [P:0] to CPU7 [P:1] (banned)
10-12 17:16:04.735   775   775 I MSM-irqbalance: Decided to move IRQ5 from CPU1 [P:0] to CPU5 [P:1] (banned)
10-12 17:16:04.979 14913 14971 I chatty  : uid=1000(system) RILRemoteReceiv expire 34 lines
10-12 17:16:05.020 14913 14968 I chatty  : uid=1000(system) GotaSystem expire 18 lines
10-12 17:16:05.028 14913 14968 W ContextImpl: Calling a method in the system process without a qualified user: android.app.ContextImpl.sendBroadcast:877 android.content.ContextWrapper.sendBroadcast:421 com.ztegota.system.lte.LTEPhone.handleMessage:570 android.os.Handler.dispatchMessage:102 android.os.Looper.loop:154 
10-12 17:16:05.031  1436  2465 E ActivityManager: Sending non-protected broadcast android.intent.action.LTEPHONE_NO_SIM from system 14913:com.gbcom.metrosystem/1000 pkg com.gbcom.metrosystem
10-12 17:16:05.031  1436  2465 E ActivityManager: java.lang.Throwable
10-12 17:16:05.031  1436  2465 E ActivityManager: 	at com.android.server.am.ActivityManagerService.checkBroadcastFromSystem(ActivityManagerService.java:18272)
10-12 17:16:05.031  1436  2465 E ActivityManager: 	at com.android.server.am.ActivityManagerService.broadcastIntentLocked(ActivityManagerService.java:18844)
10-12 17:16:05.031  1436  2465 E ActivityManager: 	at com.android.server.am.ActivityManagerService.broadcastIntent(ActivityManagerService.java:18935)
10-12 17:16:05.031  1436  2465 E ActivityManager: 	at android.app.ActivityManagerNative.onTransact(ActivityManagerNative.java:499)
10-12 17:16:05.031  1436  2465 E ActivityManager: 	at com.android.server.am.ActivityManagerService.onTransact(ActivityManagerService.java:2869)
10-12 17:16:05.031  1436  2465 E ActivityManager: 	at android.os.Binder.execTransact(Binder.java:565)
10-12 17:16:05.054 14913 14973 I chatty  : uid=1000(system) LteEcmHandler expire 6 lines
10-12 17:16:05.059 14913 14913 I chatty  : uid=1000(system) com.gbcom.metrosystem expire 3 lines
10-12 17:16:06.911 14913 14978 I chatty  : uid=1000(system) DefaultDispatch expire 16 lines
10-12 17:16:07.274 14913 14971 I chatty  : uid=1000(system) RILRemoteReceiv expire 49 lines
10-12 17:16:07.274 14913 14973 I chatty  : uid=1000(system) LteEcmHandler expire 15 lines
10-12 17:16:07.275 14913 14968 I chatty  : uid=1000(system) GotaSystem expire 59 lines
10-12 17:16:07.277 14913 14913 I chatty  : uid=1000(system) com.gbcom.metrosystem expire 12 lines
10-12 17:16:08.280 14913 14971 W ContextImpl: Calling a method in the system process without a qualified user: android.app.ContextImpl.sendBroadcast:877 android.content.ContextWrapper.sendBroadcast:421 com.ztegota.system.lte.LTERIL.processUnsolicited:1781 com.ztegota.system.lte.LTERIL.processResponse:1172 com.ztegota.system.lte.LTERIL.access$10:1164 
10-12 17:16:08.280 14913 14968 W ContextImpl: Calling a method in the system process without a qualified user: android.app.ContextImpl.sendBroadcast:877 android.content.ContextWrapper.sendBroadcast:421 com.ztegota.system.lte.LTEServiceTracker.handleMessage:561 android.os.Handler.dispatchMessage:102 android.os.Looper.loop:154 
10-12 17:16:08.283  1436  1464 E ActivityManager: Sending non-protected broadcast com.ztegota.lte.number from system 14913:com.gbcom.metrosystem/1000 pkg com.gbcom.metrosystem
10-12 17:16:08.283  1436  1464 E ActivityManager: java.lang.Throwable
10-12 17:16:08.283  1436  1464 E ActivityManager: 	at com.android.server.am.ActivityManagerService.checkBroadcastFromSystem(ActivityManagerService.java:18272)
10-12 17:16:08.283  1436  1464 E ActivityManager: 	at com.android.server.am.ActivityManagerService.broadcastIntentLocked(ActivityManagerService.java:18844)
10-12 17:16:08.283  1436  1464 E ActivityManager: 	at com.android.server.am.ActivityManagerService.broadcastIntent(ActivityManagerService.java:18935)
10-12 17:16:08.283  1436  1464 E ActivityManager: 	at android.app.ActivityManagerNative.onTransact(ActivityManagerNative.java:499)
10-12 17:16:08.283  1436  1464 E ActivityManager: 	at com.android.server.am.ActivityManagerService.onTransact(ActivityManagerService.java:2869)
10-12 17:16:08.283  1436  1464 E ActivityManager: 	at android.os.Binder.execTransact(Binder.java:565)
10-12 17:16:08.287  1436  1463 E ActivityManager: Sending non-protected broadcast com.ztegota.lte.number from system 14913:com.gbcom.metrosystem/1000 pkg com.gbcom.metrosystem
10-12 17:16:08.287  1436  1463 E ActivityManager: java.lang.Throwable
10-12 17:16:08.287  1436  1463 E ActivityManager: 	at com.android.server.am.ActivityManagerService.checkBroadcastFromSystem(ActivityManagerService.java:18272)
10-12 17:16:08.287  1436  1463 E ActivityManager: 	at com.android.server.am.ActivityManagerService.broadcastIntentLocked(ActivityManagerService.java:18844)
10-12 17:16:08.287  1436  1463 E ActivityManager: 	at com.android.server.am.ActivityManagerService.broadcastIntent(ActivityManagerService.java:18935)
10-12 17:16:08.287  1436  1463 E ActivityManager: 	at android.app.ActivityManagerNative.onTransact(ActivityManagerNative.java:499)
10-12 17:16:08.287  1436  1463 E ActivityManager: 	at com.android.server.am.ActivityManagerService.onTransact(ActivityManagerService.java:2869)
10-12 17:16:08.287  1436  1463 E ActivityManager: 	at android.os.Binder.execTransact(Binder.java:565)
