10-11 14:06:04.121  2706  2827 D LogWriteUtil.class=LogFileHandlerThread.class: 2getCurrentFileName: index=3, LogWriteUtil.logfile=app.log, getFileNameSuffix=3
10-11 14:06:04.122  2706  2827 D LogWriteUtil.class=LogFileHandlerThread.class: 1getFilePath: logFormat=2022-10-11, LogWriteUtil.logPathDir=/custom/metro/log
10-11 14:06:04.122  2706  2827 D LogWriteUtil.class=LogFileHandlerThread.class: 2getFilePath: filePath=/custom/metro/log/2022-10-11
10-11 14:06:04.122  2706  2827 D LogWriteUtil.class=LogFileHandlerThread.class: getFileNameSuffix: file=/custom/metro/log/2022-10-11
10-11 14:06:04.122  2706  2827 D LogWriteUtil.class=LogFileHandlerThread.class: 3getCurrentFileName: logFileName=app3.log
10-11 14:06:04.122  2706  2827 D LogWriteUtil.class=LogFileHandlerThread.class: 1getCurrentFileName: LogWriteUtil.logfile=app.log
10-11 14:06:04.123  2706  2957 D UdpMasterServices: receive: data id=91, running=true, msg=null
10-11 14:06:04.123  2706  2827 D LogWriteUtil.class=LogFileHandlerThread.class: 1getFilePath: logFormat=2022-10-11, LogWriteUtil.logPathDir=/custom/metro/log
10-11 14:06:04.123  2706  2827 D LogWriteUtil.class=LogFileHandlerThread.class: 2getFilePath: filePath=/custom/metro/log/2022-10-11
10-11 14:06:04.123  2706  2827 D LogWriteUtil.class=LogFileHandlerThread.class: getFileNameSuffix: file=/custom/metro/log/2022-10-11
10-11 14:06:04.123  2706  2827 D LogWriteUtil.class=LogFileHandlerThread.class: 2getCurrentFileName: index=3, LogWriteUtil.logfile=app.log, getFileNameSuffix=3
10-11 14:06:04.124  2706  2827 D LogWriteUtil.class=LogFileHandlerThread.class: 1getFilePath: logFormat=2022-10-11, LogWriteUtil.logPathDir=/custom/metro/log
10-11 14:06:04.124  2706  2827 D LogWriteUtil.class=LogFileHandlerThread.class: 2getFilePath: filePath=/custom/metro/log/2022-10-11
10-11 14:06:04.124  2706  2827 D LogWriteUtil.class=LogFileHandlerThread.class: getFileNameSuffix: file=/custom/metro/log/2022-10-11
10-11 14:06:04.124  2706  3971 D MasterApiReceive: processingOperLogData: mMasterData=MasterOperLogData(msgName=GetOperLogReq, msgSeqID=921, msgInfo=OperLogInfo(startTime=1))
10-11 14:06:04.124  2706  2827 D LogWriteUtil.class=LogFileHandlerThread.class: 3getCurrentFileName: logFileName=app3.log
10-11 14:06:04.124  2706  2827 D TAG     : 2,initFile: /custom/metro/log/2022-10-11/app3.log, logFile.length=128267, getCurrentFileName()=app3.log, writeFileName=/custom/metro/log/2022-10-11/app3.log
10-11 14:06:04.125  2706  2827 D LogWriteUtil.class=LogFileHandlerThread.class: 8,initFile: logFile=/custom/metro/log/2022-10-11/app3.log, logFile.length=128267
10-11 14:06:04.126  2706  2827 D LogWriteUtil.class=LogFileHandlerThread.class: 1getFilePath: logFormat=2022-10-11, LogWriteUtil.logPathDir=/custom/metro/log
10-11 14:06:04.126  2706  2827 D LogWriteUtil.class=LogFileHandlerThread.class: 2getFilePath: filePath=/custom/metro/log/2022-10-11
10-11 14:06:04.126  2706  2827 D LogWriteUtil.class=LogFileHandlerThread.class: 1getCurrentFileName: LogWriteUtil.logfile=app.log
10-11 14:06:04.126  2706  2827 D LogWriteUtil.class=LogFileHandlerThread.class: 1getFilePath: logFormat=2022-10-11, LogWriteUtil.logPathDir=/custom/metro/log
10-11 14:06:04.127  2706  2827 D LogWriteUtil.class=LogFileHandlerThread.class: 2getFilePath: filePath=/custom/metro/log/2022-10-11
10-11 14:06:04.127  2706  2827 D LogWriteUtil.class=LogFileHandlerThread.class: getFileNameSuffix: file=/custom/metro/log/2022-10-11
10-11 14:06:04.127  2706  2827 D LogWriteUtil.class=LogFileHandlerThread.class: 2getCurrentFileName: index=3, LogWriteUtil.logfile=app.log, getFileNameSuffix=3
10-11 14:06:04.127  2706  2827 D LogWriteUtil.class=LogFileHandlerThread.class: 1getFilePath: logFormat=2022-10-11, LogWriteUtil.logPathDir=/custom/metro/log
10-11 14:06:04.128  2706  2827 D LogWriteUtil.class=LogFileHandlerThread.class: 2getFilePath: filePath=/custom/metro/log/2022-10-11
10-11 14:06:04.128  2706  2827 D LogWriteUtil.class=LogFileHandlerThread.class: getFileNameSuffix: file=/custom/metro/log/2022-10-11
10-11 14:06:04.128  2706  2827 D LogWriteUtil.class=LogFileHandlerThread.class: 3getCurrentFileName: logFileName=app3.log
10-11 14:06:04.128  2706  2827 D LogWriteUtil.class=LogFileHandlerThread.class: 1,initFile: getFilePath()=/custom/metro/log/2022-10-11, getCurrentFileName=app3.log
10-11 14:06:04.129  2706  2827 D LogWriteUtil.class=LogFileHandlerThread.class: 1getFilePath: logFormat=2022-10-11, LogWriteUtil.logPathDir=/custom/metro/log
10-11 14:06:04.129  2706  2827 D LogWriteUtil.class=LogFileHandlerThread.class: 2getFilePath: filePath=/custom/metro/log/2022-10-11
10-11 14:06:04.129  2706  2827 D LogWriteUtil.class=LogFileHandlerThread.class: 1getCurrentFileName: LogWriteUtil.logfile=app.log
10-11 14:06:04.130  2706  2827 D LogWriteUtil.class=LogFileHandlerThread.class: 1getFilePath: logFormat=2022-10-11, LogWriteUtil.logPathDir=/custom/metro/log
10-11 14:06:04.130  2706  2827 D LogWriteUtil.class=LogFileHandlerThread.class: 2getFilePath: filePath=/custom/metro/log/2022-10-11
10-11 14:06:04.130  2706  4120 I APP_LogUtils.kt: [(LogUtils.kt:50).i()] [UdpMasterServices] start: send1 - masterApi - thread ID=169 - message={"MsgSeqID":574,"MsgName":"GetStatusRsp","MsgInfo":{"NetMask":"255.255.255.0","DeviceId":"BT-FX300","Gateway":"","SelfCheckFailReason":"","Uptime":1449,"SystemVersion":"TX300-ANDROID-7.1-R0018","AppVersion":"FX400-APK-3.0.1-V1.0.9","SelfCheckStatus":1,"Time":1665468364,"FwVersion":"qualcomm"}}
10-11 14:06:04.130  2706  2827 D LogWriteUtil.class=LogFileHandlerThread.class: getFileNameSuffix: file=/custom/metro/log/2022-10-11
10-11 14:06:04.131  2706  2827 D LogWriteUtil.class=LogFileHandlerThread.class: 2getCurrentFileName: index=3, LogWriteUtil.logfile=app.log, getFileNameSuffix=3
10-11 14:06:04.132  2706  2827 D LogWriteUtil.class=LogFileHandlerThread.class: 1getFilePath: logFormat=2022-10-11, LogWriteUtil.logPathDir=/custom/metro/log
10-11 14:06:04.132  2706  2827 D LogWriteUtil.class=LogFileHandlerThread.class: 2getFilePath: filePath=/custom/metro/log/2022-10-11
10-11 14:06:04.132  2706  2827 D LogWriteUtil.class=LogFileHandlerThread.class: getFileNameSuffix: file=/custom/metro/log/2022-10-11
10-11 14:06:04.132  2706  2827 D LogWriteUtil.class=LogFileHandlerThread.class: 3getCurrentFileName: logFileName=app3.log
10-11 14:06:04.132  2706  2827 D LogWriteUtil.class=LogFileHandlerThread.class: 1getCurrentFileName: LogWriteUtil.logfile=app.log
10-11 14:06:04.133  2706  2827 D LogWriteUtil.class=LogFileHandlerThread.class: 1getFilePath: logFormat=2022-10-11, LogWriteUtil.logPathDir=/custom/metro/log
10-11 14:06:04.133  2706  2827 D LogWriteUtil.class=LogFileHandlerThread.class: 2getFilePath: filePath=/custom/metro/log/2022-10-11
10-11 14:06:04.133  2706  2827 D LogWriteUtil.class=LogFileHandlerThread.class: getFileNameSuffix: file=/custom/metro/log/2022-10-11
10-11 14:06:04.134  2706  2827 D LogWriteUtil.class=LogFileHandlerThread.class: 2getCurrentFileName: index=3, LogWriteUtil.logfile=app.log, getFileNameSuffix=3
10-11 14:06:04.134  2706  2827 D LogWriteUtil.class=LogFileHandlerThread.class: 1getFilePath: logFormat=2022-10-11, LogWriteUtil.logPathDir=/custom/metro/log
10-11 14:06:04.134  2706  2827 D LogWriteUtil.class=LogFileHandlerThread.class: 2getFilePath: filePath=/custom/metro/log/2022-10-11
10-11 14:06:04.134  2706  2827 D LogWriteUtil.class=LogFileHandlerThread.class: getFileNameSuffix: file=/custom/metro/log/2022-10-11
10-11 14:06:04.135  2706  2827 D LogWriteUtil.class=LogFileHandlerThread.class: 3getCurrentFileName: logFileName=app3.log
10-11 14:06:04.135  2706  2827 D TAG     : 2,initFile: /custom/metro/log/2022-10-11/app3.log, logFile.length=128482, getCurrentFileName()=app3.log, writeFileName=/custom/metro/log/2022-10-11/app3.log
10-11 14:06:04.135  2706  2827 D LogWriteUtil.class=LogFileHandlerThread.class: 8,initFile: logFile=/custom/metro/log/2022-10-11/app3.log, logFile.length=128482
10-11 14:06:04.136  2706  2827 D LogWriteUtil.class=LogFileHandlerThread.class: 1getFilePath: logFormat=2022-10-11, LogWriteUtil.logPathDir=/custom/metro/log
10-11 14:06:04.136  2706  2827 D LogWriteUtil.class=LogFileHandlerThread.class: 2getFilePath: filePath=/custom/metro/log/2022-10-11
10-11 14:06:04.136  2706  2827 D LogWriteUtil.class=LogFileHandlerThread.class: 1getCurrentFileName: LogWriteUtil.logfile=app.log
10-11 14:06:04.136  2706  2827 D LogWriteUtil.class=LogFileHandlerThread.class: 1getFilePath: logFormat=2022-10-11, LogWriteUtil.logPathDir=/custom/metro/log
10-11 14:06:04.136  2706  2827 D LogWriteUtil.class=LogFileHandlerThread.class: 2getFilePath: filePath=/custom/metro/log/2022-10-11
10-11 14:06:04.137  2706  2827 D LogWriteUtil.class=LogFileHandlerThread.class: getFileNameSuffix: file=/custom/metro/log/2022-10-11
10-11 14:06:04.137  2706  2827 D LogWriteUtil.class=LogFileHandlerThread.class: 2getCurrentFileName: index=3, LogWriteUtil.logfile=app.log, getFileNameSuffix=3
10-11 14:06:04.137  2706  2827 D LogWriteUtil.class=LogFileHandlerThread.class: 1getFilePath: logFormat=2022-10-11, LogWriteUtil.logPathDir=/custom/metro/log
10-11 14:06:04.137  2706  2827 D LogWriteUtil.class=LogFileHandlerThread.class: 2getFilePath: filePath=/custom/metro/log/2022-10-11
10-11 14:06:04.138  2706  2827 D LogWriteUtil.class=LogFileHandlerThread.class: getFileNameSuffix: file=/custom/metro/log/2022-10-11
10-11 14:06:04.138  2706  2827 D LogWriteUtil.class=LogFileHandlerThread.class: 3getCurrentFileName: logFileName=app3.log
10-11 14:06:04.138  2706  2827 D LogWriteUtil.class=LogFileHandlerThread.class: 1,initFile: getFilePath()=/custom/metro/log/2022-10-11, getCurrentFileName=app3.log
10-11 14:06:04.139  2706  2827 D LogWriteUtil.class=LogFileHandlerThread.class: 1getFilePath: logFormat=2022-10-11, LogWriteUtil.logPathDir=/custom/metro/log
10-11 14:06:04.139  2706  2827 D LogWriteUtil.class=LogFileHandlerThread.class: 2getFilePath: filePath=/custom/metro/log/2022-10-11
10-11 14:06:04.139  2706  2827 D LogWriteUtil.class=LogFileHandlerThread.class: 1getCurrentFileName: LogWriteUtil.logfile=app.log
10-11 14:06:04.140  2706  2827 D LogWriteUtil.class=LogFileHandlerThread.class: 1getFilePath: logFormat=2022-10-11, LogWriteUtil.logPathDir=/custom/metro/log
10-11 14:06:04.140  2706  2827 D LogWriteUtil.class=LogFileHandlerThread.class: 2getFilePath: filePath=/custom/metro/log/2022-10-11
10-11 14:06:04.140  2706  2827 D LogWriteUtil.class=LogFileHandlerThread.class: getFileNameSuffix: file=/custom/metro/log/2022-10-11
10-11 14:06:04.140  2706  2827 D LogWriteUtil.class=LogFileHandlerThread.class: 2getCurrentFileName: index=3, LogWriteUtil.logfile=app.log, getFileNameSuffix=3
10-11 14:06:04.141  2706  2827 D LogWriteUtil.class=LogFileHandlerThread.class: 1getFilePath: logFormat=2022-10-11, LogWriteUtil.logPathDir=/custom/metro/log
10-11 14:06:04.141  2706  2827 D LogWriteUtil.class=LogFileHandlerThread.class: 2getFilePath: filePath=/custom/metro/log/2022-10-11
10-11 14:06:04.141  2706  2827 D LogWriteUtil.class=LogFileHandlerThread.class: getFileNameSuffix: file=/custom/metro/log/2022-10-11
10-11 14:06:04.141  2706  2827 D LogWriteUtil.class=LogFileHandlerThread.class: 3getCurrentFileName: logFileName=app3.log
10-11 14:06:04.141  2706  2827 D LogWriteUtil.class=LogFileHandlerThread.class: 1getCurrentFileName: LogWriteUtil.logfile=app.log
10-11 14:06:04.142  2706  2827 D LogWriteUtil.class=LogFileHandlerThread.class: 1getFilePath: logFormat=2022-10-11, LogWriteUtil.logPathDir=/custom/metro/log
10-11 14:06:04.142  2706  2827 D LogWriteUtil.class=LogFileHandlerThread.class: 2getFilePath: filePath=/custom/metro/log/2022-10-11
10-11 14:06:04.142  2706  2827 D LogWriteUtil.class=LogFileHandlerThread.class: getFileNameSuffix: file=/custom/metro/log/2022-10-11
10-11 14:06:04.142  2706  2827 D LogWriteUtil.class=LogFileHandlerThread.class: 2getCurrentFileName: index=3, LogWriteUtil.logfile=app.log, getFileNameSuffix=3
10-11 14:06:04.143  2706  2827 D LogWriteUtil.class=LogFileHandlerThread.class: 1getFilePath: logFormat=2022-10-11, LogWriteUtil.logPathDir=/custom/metro/log
10-11 14:06:04.143  2706  2827 D LogWriteUtil.class=LogFileHandlerThread.class: 2getFilePath: filePath=/custom/metro/log/2022-10-11
10-11 14:06:04.143  2706  2827 D LogWriteUtil.class=LogFileHandlerThread.class: getFileNameSuffix: file=/custom/metro/log/2022-10-11
10-11 14:06:04.143  2706  2827 D LogWriteUtil.class=LogFileHandlerThread.class: 3getCurrentFileName: logFileName=app3.log
10-11 14:06:04.143  2706  2827 D TAG     : 2,initFile: /custom/metro/log/2022-10-11/app3.log, logFile.length=128680, getCurrentFileName()=app3.log, writeFileName=/custom/metro/log/2022-10-11/app3.log
10-11 14:06:04.144  2706  2827 D LogWriteUtil.class=LogFileHandlerThread.class: 8,initFile: logFile=/custom/metro/log/2022-10-11/app3.log, logFile.length=128680
10-11 14:06:04.144  2706  2827 D LogWriteUtil.class=LogFileHandlerThread.class: 1getFilePath: logFormat=2022-10-11, LogWriteUtil.logPathDir=/custom/metro/log
10-11 14:06:04.145  2706  2827 D LogWriteUtil.class=LogFileHandlerThread.class: 2getFilePath: filePath=/custom/metro/log/2022-10-11
10-11 14:06:04.145  2706  2827 D LogWriteUtil.class=LogFileHandlerThread.class: 1getCurrentFileName: LogWriteUtil.logfile=app.log
10-11 14:06:04.145  2706  2827 D LogWriteUtil.class=LogFileHandlerThread.class: 1getFilePath: logFormat=2022-10-11, LogWriteUtil.logPathDir=/custom/metro/log
10-11 14:06:04.145  2706  2827 D LogWriteUtil.class=LogFileHandlerThread.class: 2getFilePath: filePath=/custom/metro/log/2022-10-11
10-11 14:06:04.145  2706  2827 D LogWriteUtil.class=LogFileHandlerThread.class: getFileNameSuffix: file=/custom/metro/log/2022-10-11
10-11 14:06:04.145  2706  2827 D LogWriteUtil.class=LogFileHandlerThread.class: 2getCurrentFileName: index=3, LogWriteUtil.logfile=app.log, getFileNameSuffix=3
10-11 14:06:04.146  2706  2827 D LogWriteUtil.class=LogFileHandlerThread.class: 1getFilePath: logFormat=2022-10-11, LogWriteUtil.logPathDir=/custom/metro/log
10-11 14:06:04.146  2706  2827 D LogWriteUtil.class=LogFileHandlerThread.class: 2getFilePath: filePath=/custom/metro/log/2022-10-11
10-11 14:06:04.146  2706  2827 D LogWriteUtil.class=LogFileHandlerThread.class: getFileNameSuffix: file=/custom/metro/log/2022-10-11
10-11 14:06:04.146  2706  2827 D LogWriteUtil.class=LogFileHandlerThread.class: 3getCurrentFileName: logFileName=app3.log
10-11 14:06:04.147  2706  2827 D LogWriteUtil.class=LogFileHandlerThread.class: 1,initFile: getFilePath()=/custom/metro/log/2022-10-11, getCurrentFileName=app3.log
10-11 14:06:04.147  2706  2827 D LogWriteUtil.class=LogFileHandlerThread.class: 1getFilePath: logFormat=2022-10-11, LogWriteUtil.logPathDir=/custom/metro/log
10-11 14:06:04.147  2706  2827 D LogWriteUtil.class=LogFileHandlerThread.class: 2getFilePath: filePath=/custom/metro/log/2022-10-11
10-11 14:06:04.147  2706  2827 D LogWriteUtil.class=LogFileHandlerThread.class: 1getCurrentFileName: LogWriteUtil.logfile=app.log
10-11 14:06:04.148  2706  2827 D LogWriteUtil.class=LogFileHandlerThread.class: 1getFilePath: logFormat=2022-10-11, LogWriteUtil.logPathDir=/custom/metro/log
10-11 14:06:04.148  2706  2827 D LogWriteUtil.class=LogFileHandlerThread.class: 2getFilePath: filePath=/custom/metro/log/2022-10-11
10-11 14:06:04.148  2706  2827 D LogWriteUtil.class=LogFileHandlerThread.class: getFileNameSuffix: file=/custom/metro/log/2022-10-11
10-11 14:06:04.149  2706  2827 D LogWriteUtil.class=LogFileHandlerThread.class: 2getCurrentFileName: index=3, LogWriteUtil.logfile=app.log, getFileNameSuffix=3
10-11 14:06:04.150  2706  2827 D LogWriteUtil.class=LogFileHandlerThread.class: 1getFilePath: logFormat=2022-10-11, LogWriteUtil.logPathDir=/custom/metro/log
10-11 14:06:04.150  2706  2827 D LogWriteUtil.class=LogFileHandlerThread.class: 2getFilePath: filePath=/custom/metro/log/2022-10-11
10-11 14:06:04.150  2706  2827 D LogWriteUtil.class=LogFileHandlerThread.class: getFileNameSuffix: file=/custom/metro/log/2022-10-11
10-11 14:06:04.150  2706  2827 D LogWriteUtil.class=LogFileHandlerThread.class: 3getCurrentFileName: logFileName=app3.log
10-11 14:06:04.150  2706  2827 D LogWriteUtil.class=LogFileHandlerThread.class: 1getCurrentFileName: LogWriteUtil.logfile=app.log
10-11 14:06:04.151  2706  2827 D LogWriteUtil.class=LogFileHandlerThread.class: 1getFilePath: logFormat=2022-10-11, LogWriteUtil.logPathDir=/custom/metro/log
10-11 14:06:04.151  2706  2827 D LogWriteUtil.class=LogFileHandlerThread.class: 2getFilePath: filePath=/custom/metro/log/2022-10-11
10-11 14:06:04.151  2706  2827 D LogWriteUtil.class=LogFileHandlerThread.class: getFileNameSuffix: file=/custom/metro/log/2022-10-11
10-11 14:06:04.151  2706  2827 D LogWriteUtil.class=LogFileHandlerThread.class: 2getCurrentFileName: index=3, LogWriteUtil.logfile=app.log, getFileNameSuffix=3
10-11 14:06:04.152  2706  2827 D LogWriteUtil.class=LogFileHandlerThread.class: 1getFilePath: logFormat=2022-10-11, LogWriteUtil.logPathDir=/custom/metro/log
10-11 14:06:04.152  2706  2827 D LogWriteUtil.class=LogFileHandlerThread.class: 2getFilePath: filePath=/custom/metro/log/2022-10-11
10-11 14:06:04.152  2706  2827 D LogWriteUtil.class=LogFileHandlerThread.class: getFileNameSuffix: file=/custom/metro/log/2022-10-11
10-11 14:06:04.152  2706  2827 D LogWriteUtil.class=LogFileHandlerThread.class: 3getCurrentFileName: logFileName=app3.log
10-11 14:06:04.152  2706  2827 D TAG     : 2,initFile: /custom/metro/log/2022-10-11/app3.log, logFile.length=128892, getCurrentFileName()=app3.log, writeFileName=/custom/metro/log/2022-10-11/app3.log
10-11 14:06:04.153  2706  2827 D LogWriteUtil.class=LogFileHandlerThread.class: 8,initFile: logFile=/custom/metro/log/2022-10-11/app3.log, logFile.length=128892
10-11 14:06:04.360  2706  4120 D MainViewModel: getSystemTime_currentThreadID2: 169
10-11 14:06:04.409  2706  4120 D TAG     : getSystemTime_currentThreadID3s: 169, isActive=true
10-11 14:06:04.409  2706  4093 D TAG     : getSystemTime_currentThreadID3s: 167, isActive=true
10-11 14:06:04.409  2706  3971 D TAG     : getSystemTime_currentThreadID3s: 160, isActive=true
10-11 14:06:04.565  2706  2763 I rilj    : EMCI Detial(CellId--->Tav): 5378,255,2,"460702",255,65535,59,65535,255,255,61,29,16,255,1185411028021,0,0,0,0,0,0,0,0
10-11 14:06:04.565  2706  2763 D LTERILJ : [UNSL]< RIL_UNSOL_NOTIFY_EMCI_DETAIL
10-11 14:06:04.566  2706  2760 D LTEPhone: EVENT_FOR_EMCI_DETAIL
10-11 14:06:04.566  2706  2760 D LTEServiceTracker: setCellId cellId:5378,"460702"
10-11 14:06:04.569  2706  3234 D UdpDisServices: udp receive - api receive data disApi, udp service id=99  - udp.packet.address=/172.2.208.8, udp.pack.socketAddress=/172.2.208.8:64002, udp.port=64002- running=true - message={"MsgSeqID":1201140,"MsgName":"GetStationATSRsp","MsgInfo":{"Code":10011,"StationATSInfos":[{"TrainGroupNumber":"212","ServiceNumber":"000","TrainCrewNumber":"000","TrainPosition":"1","TrainRunningPosition":"1","RailName":"T1212","StationID":"012","TerminalStationID":"000","DestinationID":"000"}]}}
10-11 14:06:04.569  2706  2706 I APP_LogUtils.kt: [(LogUtils.kt:50).i()] [com.gbcom.library_base.service.LLteService] lte_resp_sys_for_emci_detail - EmciDetail=com.ztegota.system.common.EmciDetail@1481ce6
10-11 14:06:04.570  2706  3234 I APP_LogUtils.kt: [(LogUtils.kt:50).i()] [UdpDisServices] udp receive - api receive data disApi, udp service id=99 - running=true  - ip=/172.2.208.8 - port=64002 - message={"MsgSeqID":1201140,"MsgName":"GetStationATSRsp","MsgInfo":{"Code":10011,"StationATSInfos":[{"TrainGroupNumber":"212","ServiceNumber":"000","TrainCrewNumber":"000","TrainPosition":"1","TrainRunningPosition":"1","RailName":"T1212","StationID":"012","TerminalStationID":"000","DestinationID":"000"}]}}
10-11 14:06:04.571  2706  2827 D LogWriteUtil.class=LogFileHandlerThread.class: 1getFilePath: logFormat=2022-10-11, LogWriteUtil.logPathDir=/custom/metro/log
10-11 14:06:04.571  2706  2827 D LogWriteUtil.class=LogFileHandlerThread.class: 2getFilePath: filePath=/custom/metro/log/2022-10-11
10-11 14:06:04.571  2706  2827 D LogWriteUtil.class=LogFileHandlerThread.class: 1getCurrentFileName: LogWriteUtil.logfile=app.log
10-11 14:06:04.572  2706  2706 D MainActivity: onMessageEvent  -- gginit: disApi, id=1---event={"MsgSeqID":1201140,"MsgName":"GetStationATSRsp","MsgInfo":{"Code":10011,"StationATSInfos":[{"TrainGroupNumber":"212","ServiceNumber":"000","TrainCrewNumber":"000","TrainPosition":"1","TrainRunningPosition":"1","RailName":"T1212","StationID":"012","TerminalStationID":"000","DestinationID":"000"}]}}
10-11 14:06:04.572  2706  2706 D MainViewModel: 1processDisApi: disApi, id=1
10-11 14:06:04.573  2706  2827 D LogWriteUtil.class=LogFileHandlerThread.class: 1getFilePath: logFormat=2022-10-11, LogWriteUtil.logPathDir=/custom/metro/log
10-11 14:06:04.573  2706  4093 D DisApiSingletonReceive: processingData: disApi, id=167 - data={"MsgSeqID":1201140,"MsgName":"GetStationATSRsp","MsgInfo":{"Code":10011,"StationATSInfos":[{"TrainGroupNumber":"212","ServiceNumber":"000","TrainCrewNumber":"000","TrainPosition":"1","TrainRunningPosition":"1","RailName":"T1212","StationID":"012","TerminalStationID":"000","DestinationID":"000"}]}}
10-11 14:06:04.573  2706  2827 D LogWriteUtil.class=LogFileHandlerThread.class: 2getFilePath: filePath=/custom/metro/log/2022-10-11
10-11 14:06:04.573  2706  2827 D LogWriteUtil.class=LogFileHandlerThread.class: getFileNameSuffix: file=/custom/metro/log/2022-10-11
10-11 14:06:04.574  2706  2827 D LogWriteUtil.class=LogFileHandlerThread.class: 2getCurrentFileName: index=3, LogWriteUtil.logfile=app.log, getFileNameSuffix=3
10-11 14:06:04.576  2706  2827 D LogWriteUtil.class=LogFileHandlerThread.class: 1getFilePath: logFormat=2022-10-11, LogWriteUtil.logPathDir=/custom/metro/log
10-11 14:06:04.576  2706  2827 D LogWriteUtil.class=LogFileHandlerThread.class: 2getFilePath: filePath=/custom/metro/log/2022-10-11
10-11 14:06:04.576  2706  2827 D LogWriteUtil.class=LogFileHandlerThread.class: getFileNameSuffix: file=/custom/metro/log/2022-10-11
10-11 14:06:04.577  2706  4093 D DisApiSingletonReceive: parseStationAtsData: atsInfo=com.gbcom.library_base.data.StationAtsApiData@4669227
10-11 14:06:04.577  2706  2827 D LogWriteUtil.class=LogFileHandlerThread.class: 3getCurrentFileName: logFileName=app3.log
10-11 14:06:04.577  2706  2827 D LogWriteUtil.class=LogFileHandlerThread.class: 1,initFile: getFilePath()=/custom/metro/log/2022-10-11, getCurrentFileName=app3.log
10-11 14:06:04.578  2706  4093 D BtrunCConfig: isR2Nubmer is true
10-11 14:06:04.578  2706  4093 D com.ztegota.system.GotaSystem: getMdn +866022012
10-11 14:06:04.578  2706  4093 D TAG     : getUserId: userId2=+866022012
10-11 14:06:04.579  2706  2827 D LogWriteUtil.class=LogFileHandlerThread.class: 1getFilePath: logFormat=2022-10-11, LogWriteUtil.logPathDir=/custom/metro/log
10-11 14:06:04.579  2706  2827 D LogWriteUtil.class=LogFileHandlerThread.class: 2getFilePath: filePath=/custom/metro/log/2022-10-11
10-11 14:06:04.580  2706  2827 D LogWriteUtil.class=LogFileHandlerThread.class: 1getCurrentFileName: LogWriteUtil.logfile=app.log
10-11 14:06:04.581  2706  2827 D LogWriteUtil.class=LogFileHandlerThread.class: 1getFilePath: logFormat=2022-10-11, LogWriteUtil.logPathDir=/custom/metro/log
10-11 14:06:04.581  2706  2827 D LogWriteUtil.class=LogFileHandlerThread.class: 2getFilePath: filePath=/custom/metro/log/2022-10-11
10-11 14:06:04.582  2706  2827 D LogWriteUtil.class=LogFileHandlerThread.class: getFileNameSuffix: file=/custom/metro/log/2022-10-11
10-11 14:06:04.582  2706  2827 D LogWriteUtil.class=LogFileHandlerThread.class: 2getCurrentFileName: index=3, LogWriteUtil.logfile=app.log, getFileNameSuffix=3
10-11 14:06:04.584  2706  2827 D LogWriteUtil.class=LogFileHandlerThread.class: 1getFilePath: logFormat=2022-10-11, LogWriteUtil.logPathDir=/custom/metro/log
10-11 14:06:04.584  2706  2827 D LogWriteUtil.class=LogFileHandlerThread.class: 2getFilePath: filePath=/custom/metro/log/2022-10-11
10-11 14:06:04.584  2706  2827 D LogWriteUtil.class=LogFileHandlerThread.class: getFileNameSuffix: file=/custom/metro/log/2022-10-11
10-11 14:06:04.585  2706  2827 D LogWriteUtil.class=LogFileHandlerThread.class: 3getCurrentFileName: logFileName=app3.log
10-11 14:06:04.585  2706  2827 D LogWriteUtil.class=LogFileHandlerThread.class: 1getCurrentFileName: LogWriteUtil.logfile=app.log
10-11 14:06:04.587  2706  2827 D LogWriteUtil.class=LogFileHandlerThread.class: 1getFilePath: logFormat=2022-10-11, LogWriteUtil.logPathDir=/custom/metro/log
10-11 14:06:04.587  2706  2827 D LogWriteUtil.class=LogFileHandlerThread.class: 2getFilePath: filePath=/custom/metro/log/2022-10-11
10-11 14:06:04.588  2706  2827 D LogWriteUtil.class=LogFileHandlerThread.class: getFileNameSuffix: file=/custom/metro/log/2022-10-11
10-11 14:06:04.588  2706  2827 D LogWriteUtil.class=LogFileHandlerThread.class: 2getCurrentFileName: index=3, LogWriteUtil.logfile=app.log, getFileNameSuffix=3
10-11 14:06:04.591  2706  2827 D LogWriteUtil.class=LogFileHandlerThread.class: 1getFilePath: logFormat=2022-10-11, LogWriteUtil.logPathDir=/custom/metro/log
10-11 14:06:04.591  2706  2827 D LogWriteUtil.class=LogFileHandlerThread.class: 2getFilePath: filePath=/custom/metro/log/2022-10-11
10-11 14:06:04.592  2706  2827 D LogWriteUtil.class=LogFileHandlerThread.class: getFileNameSuffix: file=/custom/metro/log/2022-10-11
10-11 14:06:04.593  2706  2827 D LogWriteUtil.class=LogFileHandlerThread.class: 3getCurrentFileName: logFileName=app3.log
10-11 14:06:04.593  2706  2827 D TAG     : 2,initFile: /custom/metro/log/2022-10-11/app3.log, logFile.length=129306, getCurrentFileName()=app3.log, writeFileName=/custom/metro/log/2022-10-11/app3.log
10-11 14:06:04.593  2706  2827 D LogWriteUtil.class=LogFileHandlerThread.class: 8,initFile: logFile=/custom/metro/log/2022-10-11/app3.log, logFile.length=129306
10-11 14:06:04.595  2706  2827 D LogWriteUtil.class=LogFileHandlerThread.class: 1getFilePath: logFormat=2022-10-11, LogWriteUtil.logPathDir=/custom/metro/log
10-11 14:06:04.595  2706  2827 D LogWriteUtil.class=LogFileHandlerThread.class: 2getFilePath: filePath=/custom/metro/log/2022-10-11
10-11 14:06:04.595  2706  2827 D LogWriteUtil.class=LogFileHandlerThread.class: 1getCurrentFileName: LogWriteUtil.logfile=app.log
10-11 14:06:04.596  2706  2827 D LogWriteUtil.class=LogFileHandlerThread.class: 1getFilePath: logFormat=2022-10-11, LogWriteUtil.logPathDir=/custom/metro/log
10-11 14:06:04.596  2706  2827 D LogWriteUtil.class=LogFileHandlerThread.class: 2getFilePath: filePath=/custom/metro/log/2022-10-11
10-11 14:06:04.596  2706  2827 D LogWriteUtil.class=LogFileHandlerThread.class: getFileNameSuffix: file=/custom/metro/log/2022-10-11
10-11 14:06:04.596  2706  2827 D LogWriteUtil.class=LogFileHandlerThread.class: 2getCurrentFileName: index=3, LogWriteUtil.logfile=app.log, getFileNameSuffix=3
10-11 14:06:04.597  2706  2827 D LogWriteUtil.class=LogFileHandlerThread.class: 1getFilePath: logFormat=2022-10-11, LogWriteUtil.logPathDir=/custom/metro/log
10-11 14:06:04.597  2706  2827 D LogWriteUtil.class=LogFileHandlerThread.class: 2getFilePath: filePath=/custom/metro/log/2022-10-11
10-11 14:06:04.597  2706  2827 D LogWriteUtil.class=LogFileHandlerThread.class: getFileNameSuffix: file=/custom/metro/log/2022-10-11
10-11 14:06:04.598  2706  2827 D LogWriteUtil.class=LogFileHandlerThread.class: 3getCurrentFileName: logFileName=app3.log
10-11 14:06:04.598  2706  2827 D LogWriteUtil.class=LogFileHandlerThread.class: 1,initFile: getFilePath()=/custom/metro/log/2022-10-11, getCurrentFileName=app3.log
10-11 14:06:04.599  2706  2827 D LogWriteUtil.class=LogFileHandlerThread.class: 1getFilePath: logFormat=2022-10-11, LogWriteUtil.logPathDir=/custom/metro/log
10-11 14:06:04.600  2706  2827 D LogWriteUtil.class=LogFileHandlerThread.class: 2getFilePath: filePath=/custom/metro/log/2022-10-11
10-11 14:06:04.600  2706  2827 D LogWriteUtil.class=LogFileHandlerThread.class: 1getCurrentFileName: LogWriteUtil.logfile=app.log
10-11 14:06:04.601  2706  2827 D LogWriteUtil.class=LogFileHandlerThread.class: 1getFilePath: logFormat=2022-10-11, LogWriteUtil.logPathDir=/custom/metro/log
10-11 14:06:04.601  2706  2827 D LogWriteUtil.class=LogFileHandlerThread.class: 2getFilePath: filePath=/custom/metro/log/2022-10-11
10-11 14:06:04.602  2706  2827 D LogWriteUtil.class=LogFileHandlerThread.class: getFileNameSuffix: file=/custom/metro/log/2022-10-11
10-11 14:06:04.602  2706  2706 D IndexFragment: initView: applyFxData() - ats=[StationAts(createTime=1665468364, trainGroupNumber=212, serviceNumber=000, trainCrewNumber=000, trainPosition=1, trainRunningPosition=1, railName=T1212, stationID=012, terminalStationID=000, destinationID=000, identityID=+866022012)]
10-11 14:06:04.602  2706  2827 D LogWriteUtil.class=LogFileHandlerThread.class: 2getCurrentFileName: index=3, LogWriteUtil.logfile=app.log, getFileNameSuffix=3
10-11 14:06:04.603  2706  2827 D LogWriteUtil.class=LogFileHandlerThread.class: 1getFilePath: logFormat=2022-10-11, LogWriteUtil.logPathDir=/custom/metro/log
10-11 14:06:04.603  2706  2827 D LogWriteUtil.class=LogFileHandlerThread.class: 2getFilePath: filePath=/custom/metro/log/2022-10-11
10-11 14:06:04.603  2706  2827 D LogWriteUtil.class=LogFileHandlerThread.class: getFileNameSuffix: file=/custom/metro/log/2022-10-11
10-11 14:06:04.604  2706  2827 D LogWriteUtil.class=LogFileHandlerThread.class: 3getCurrentFileName: logFileName=app3.log
10-11 14:06:04.604  2706  2827 D LogWriteUtil.class=LogFileHandlerThread.class: 1getCurrentFileName: LogWriteUtil.logfile=app.log
10-11 14:06:04.605  2706  2827 D LogWriteUtil.class=LogFileHandlerThread.class: 1getFilePath: logFormat=2022-10-11, LogWriteUtil.logPathDir=/custom/metro/log
10-11 14:06:04.605  2706  2827 D LogWriteUtil.class=LogFileHandlerThread.class: 2getFilePath: filePath=/custom/metro/log/2022-10-11
10-11 14:06:04.605  2706  2827 D LogWriteUtil.class=LogFileHandlerThread.class: getFileNameSuffix: file=/custom/metro/log/2022-10-11
10-11 14:06:04.605  2706  2827 D LogWriteUtil.class=LogFileHandlerThread.class: 2getCurrentFileName: index=3, LogWriteUtil.logfile=app.log, getFileNameSuffix=3
10-11 14:06:04.606  2706  2827 D LogWriteUtil.class=LogFileHandlerThread.class: 1getFilePath: logFormat=2022-10-11, LogWriteUtil.logPathDir=/custom/metro/log
10-11 14:06:04.606  2706  2827 D LogWriteUtil.class=LogFileHandlerThread.class: 2getFilePath: filePath=/custom/metro/log/2022-10-11
10-11 14:06:04.607  2706  2827 D LogWriteUtil.class=LogFileHandlerThread.class: getFileNameSuffix: file=/custom/metro/log/2022-10-11
10-11 14:06:04.607  2706  2827 D LogWriteUtil.class=LogFileHandlerThread.class: 3getCurrentFileName: logFileName=app3.log
10-11 14:06:04.607  2706  2827 D TAG     : 2,initFile: /custom/metro/log/2022-10-11/app3.log, logFile.length=129486, getCurrentFileName()=app3.log, writeFileName=/custom/metro/log/2022-10-11/app3.log
10-11 14:06:04.607  2706  2827 D LogWriteUtil.class=LogFileHandlerThread.class: 8,initFile: logFile=/custom/metro/log/2022-10-11/app3.log, logFile.length=129486
10-11 14:06:04.864  2706  4093 D MainViewModel: getSystemTime_currentThreadID2: 167
10-11 14:06:04.914  2706  4093 D TAG     : getSystemTime_currentThreadID3s: 167, isActive=true
10-11 14:06:04.914  2706  3971 D TAG     : getSystemTime_currentThreadID3s: 160, isActive=true
10-11 14:06:04.914  2706  4120 D TAG     : getSystemTime_currentThreadID3s: 169, isActive=true
10-11 14:06:05.368  2706  4120 D MainViewModel: getSystemTime_currentThreadID2: 169
10-11 14:06:05.419  2706  4120 D TAG     : getSystemTime_currentThreadID3s: 169, isActive=true
10-11 14:06:05.419  2706  3971 D TAG     : getSystemTime_currentThreadID3s: 160, isActive=true
10-11 14:06:05.420  2706  4093 D TAG     : getSystemTime_currentThreadID3s: 167, isActive=true
10-11 14:06:05.564  2706  2763 I rilj    : EMCI Detial(CellId--->Tav): 5378,255,2,"460702",255,65535,59,65535,255,255,61,28,16,255,1185411028021,0,0,0,0,0,0,0,0
10-11 14:06:05.565  2706  2763 D LTERILJ : [UNSL]< RIL_UNSOL_NOTIFY_EMCI_DETAIL
10-11 14:06:05.565  2706  2760 D LTEPhone: EVENT_FOR_EMCI_DETAIL
10-11 14:06:05.565  2706  2760 D LTEServiceTracker: setCellId cellId:5378,"460702"
10-11 14:06:05.567  2706  2706 I APP_LogUtils.kt: [(LogUtils.kt:50).i()] [com.gbcom.library_base.service.LLteService] lte_resp_sys_for_emci_detail - EmciDetail=com.ztegota.system.common.EmciDetail@fb76cca
10-11 14:06:05.567  2706  3234 D UdpDisServices: udp receive - api receive data disApi, udp service id=99  - udp.packet.address=/172.2.208.8, udp.pack.socketAddress=/172.2.208.8:64002, udp.port=64002- running=true - message={"MsgSeqID":1201104,"MsgName":"GetStationATSRsp","MsgInfo":{"Code":10011,"StationATSInfos":[{"TrainGroupNumber":"212","ServiceNumber":"000","TrainCrewNumber":"000","TrainPosition":"1","TrainRunningPosition":"1","RailName":"T1212","StationID":"012","TerminalStationID":"000","DestinationID":"000"}]}}
10-11 14:06:05.569  2706  3234 I APP_LogUtils.kt: [(LogUtils.kt:50).i()] [UdpDisServices] udp receive - api receive data disApi, udp service id=99 - running=true  - ip=/172.2.208.8 - port=64002 - message={"MsgSeqID":1201104,"MsgName":"GetStationATSRsp","MsgInfo":{"Code":10011,"StationATSInfos":[{"TrainGroupNumber":"212","ServiceNumber":"000","TrainCrewNumber":"000","TrainPosition":"1","TrainRunningPosition":"1","RailName":"T1212","StationID":"012","TerminalStationID":"000","DestinationID":"000"}]}}
10-11 14:06:05.569  2706  2827 D LogWriteUtil.class=LogFileHandlerThread.class: 1getFilePath: logFormat=2022-10-11, LogWriteUtil.logPathDir=/custom/metro/log
10-11 14:06:05.569  2706  2827 D LogWriteUtil.class=LogFileHandlerThread.class: 2getFilePath: filePath=/custom/metro/log/2022-10-11
10-11 14:06:05.570  2706  2827 D LogWriteUtil.class=LogFileHandlerThread.class: 1getCurrentFileName: LogWriteUtil.logfile=app.log
10-11 14:06:05.570  2706  3234 D UdpDisServices: udp receive - api receive data disApi, udp service id=99  - udp.packet.address=/172.2.208.8, udp.pack.socketAddress=/172.2.208.8:64002, udp.port=64002- running=true - message={"MsgSeqID":1201121,"MsgName":"GetStationATSRsp","MsgInfo":{"Code":10011,"StationATSInfos":[{"TrainGroupNumber":"212","ServiceNumber":"000","TrainCrewNumber":"000","TrainPosition":"1","TrainRunningPosition":"1","RailName":"T1212","StationID":"012","TerminalStationID":"000","DestinationID":"000"}]}}
10-11 14:06:05.571  2706  2827 D LogWriteUtil.class=LogFileHandlerThread.class: 1getFilePath: logFormat=2022-10-11, LogWriteUtil.logPathDir=/custom/metro/log
10-11 14:06:05.571  2706  2827 D LogWriteUtil.class=LogFileHandlerThread.class: 2getFilePath: filePath=/custom/metro/log/2022-10-11
10-11 14:06:05.571  2706  2706 D MainActivity: onMessageEvent  -- gginit: disApi, id=1---event={"MsgSeqID":1201104,"MsgName":"GetStationATSRsp","MsgInfo":{"Code":10011,"StationATSInfos":[{"TrainGroupNumber":"212","ServiceNumber":"000","TrainCrewNumber":"000","TrainPosition":"1","TrainRunningPosition":"1","RailName":"T1212","StationID":"012","TerminalStationID":"000","DestinationID":"000"}]}}
10-11 14:06:05.571  2706  2827 D LogWriteUtil.class=LogFileHandlerThread.class: getFileNameSuffix: file=/custom/metro/log/2022-10-11
10-11 14:06:05.571  2706  2706 D MainViewModel: 1processDisApi: disApi, id=1
10-11 14:06:05.572  2706  2827 D LogWriteUtil.class=LogFileHandlerThread.class: 2getCurrentFileName: index=3, LogWriteUtil.logfile=app.log, getFileNameSuffix=3
10-11 14:06:05.573  2706  2827 D LogWriteUtil.class=LogFileHandlerThread.class: 1getFilePath: logFormat=2022-10-11, LogWriteUtil.logPathDir=/custom/metro/log
10-11 14:06:05.573  2706  3971 D DisApiSingletonReceive: processingData: disApi, id=160 - data={"MsgSeqID":1201104,"MsgName":"GetStationATSRsp","MsgInfo":{"Code":10011,"StationATSInfos":[{"TrainGroupNumber":"212","ServiceNumber":"000","TrainCrewNumber":"000","TrainPosition":"1","TrainRunningPosition":"1","RailName":"T1212","StationID":"012","TerminalStationID":"000","DestinationID":"000"}]}}
10-11 14:06:05.573  2706  2827 D LogWriteUtil.class=LogFileHandlerThread.class: 2getFilePath: filePath=/custom/metro/log/2022-10-11
10-11 14:06:05.573  2706  2827 D LogWriteUtil.class=LogFileHandlerThread.class: getFileNameSuffix: file=/custom/metro/log/2022-10-11
10-11 14:06:05.574  2706  2827 D LogWriteUtil.class=LogFileHandlerThread.class: 3getCurrentFileName: logFileName=app3.log
10-11 14:06:05.574  2706  2827 D LogWriteUtil.class=LogFileHandlerThread.class: 1,initFile: getFilePath()=/custom/metro/log/2022-10-11, getCurrentFileName=app3.log
10-11 14:06:05.575  2706  2827 D LogWriteUtil.class=LogFileHandlerThread.class: 1getFilePath: logFormat=2022-10-11, LogWriteUtil.logPathDir=/custom/metro/log
10-11 14:06:05.575  2706  2827 D LogWriteUtil.class=LogFileHandlerThread.class: 2getFilePath: filePath=/custom/metro/log/2022-10-11
10-11 14:06:05.575  2706  2827 D LogWriteUtil.class=LogFileHandlerThread.class: 1getCurrentFileName: LogWriteUtil.logfile=app.log
10-11 14:06:05.576  2706  3971 D DisApiSingletonReceive: parseStationAtsData: atsInfo=com.gbcom.library_base.data.StationAtsApiData@27b0e3b
10-11 14:06:05.576  2706  2827 D LogWriteUtil.class=LogFileHandlerThread.class: 1getFilePath: logFormat=2022-10-11, LogWriteUtil.logPathDir=/custom/metro/log
10-11 14:06:05.576  2706  2827 D LogWriteUtil.class=LogFileHandlerThread.class: 2getFilePath: filePath=/custom/metro/log/2022-10-11
10-11 14:06:05.576  2706  3971 D BtrunCConfig: isR2Nubmer is true
10-11 14:06:05.576  2706  3971 D com.ztegota.system.GotaSystem: getMdn +866022012
10-11 14:06:05.576  2706  2827 D LogWriteUtil.class=LogFileHandlerThread.class: getFileNameSuffix: file=/custom/metro/log/2022-10-11
10-11 14:06:05.576  2706  3971 D TAG     : getUserId: userId2=+866022012
10-11 14:06:05.577  2706  2827 D LogWriteUtil.class=LogFileHandlerThread.class: 2getCurrentFileName: index=3, LogWriteUtil.logfile=app.log, getFileNameSuffix=3
10-11 14:06:05.578  2706  2827 D LogWriteUtil.class=LogFileHandlerThread.class: 1getFilePath: logFormat=2022-10-11, LogWriteUtil.logPathDir=/custom/metro/log
10-11 14:06:05.578  2706  2827 D LogWriteUtil.class=LogFileHandlerThread.class: 2getFilePath: filePath=/custom/metro/log/2022-10-11
10-11 14:06:05.578  2706  2827 D LogWriteUtil.class=LogFileHandlerThread.class: getFileNameSuffix: file=/custom/metro/log/2022-10-11
10-11 14:06:05.579  2706  2827 D LogWriteUtil.class=LogFileHandlerThread.class: 3getCurrentFileName: logFileName=app3.log
10-11 14:06:05.579  2706  2827 D LogWriteUtil.class=LogFileHandlerThread.class: 1getCurrentFileName: LogWriteUtil.logfile=app.log
10-11 14:06:05.580  2706  2827 D LogWriteUtil.class=LogFileHandlerThread.class: 1getFilePath: logFormat=2022-10-11, LogWriteUtil.logPathDir=/custom/metro/log
10-11 14:06:05.580  2706  2827 D LogWriteUtil.class=LogFileHandlerThread.class: 2getFilePath: filePath=/custom/metro/log/2022-10-11
10-11 14:06:05.580  2706  2827 D LogWriteUtil.class=LogFileHandlerThread.class: getFileNameSuffix: file=/custom/metro/log/2022-10-11
10-11 14:06:05.581  2706  2827 D LogWriteUtil.class=LogFileHandlerThread.class: 2getCurrentFileName: index=3, LogWriteUtil.logfile=app.log, getFileNameSuffix=3
10-11 14:06:05.582  2706  2827 D LogWriteUtil.class=LogFileHandlerThread.class: 1getFilePath: logFormat=2022-10-11, LogWriteUtil.logPathDir=/custom/metro/log
10-11 14:06:05.582  2706  2827 D LogWriteUtil.class=LogFileHandlerThread.class: 2getFilePath: filePath=/custom/metro/log/2022-10-11
10-11 14:06:05.582  2706  2827 D LogWriteUtil.class=LogFileHandlerThread.class: getFileNameSuffix: file=/custom/metro/log/2022-10-11
10-11 14:06:05.582  2706  3234 I APP_LogUtils.kt: [(LogUtils.kt:50).i()] [UdpDisServices] udp receive - api receive data disApi, udp service id=99 - running=true  - ip=/172.2.208.8 - port=64002 - message={"MsgSeqID":1201121,"MsgName":"GetStationATSRsp","MsgInfo":{"Code":10011,"StationATSInfos":[{"TrainGroupNumber":"212","ServiceNumber":"000","TrainCrewNumber":"000","TrainPosition":"1","TrainRunningPosition":"1","RailName":"T1212","StationID":"012","TerminalStationID":"000","DestinationID":"000"}]}}
10-11 14:06:05.583  2706  2827 D LogWriteUtil.class=LogFileHandlerThread.class: 3getCurrentFileName: logFileName=app3.log
10-11 14:06:05.583  2706  2827 D TAG     : 2,initFile: /custom/metro/log/2022-10-11/app3.log, logFile.length=129965, getCurrentFileName()=app3.log, writeFileName=/custom/metro/log/2022-10-11/app3.log
10-11 14:06:05.583  2706  2706 D MainActivity: onMessageEvent  -- gginit: disApi, id=1---event={"MsgSeqID":1201121,"MsgName":"GetStationATSRsp","MsgInfo":{"Code":10011,"StationATSInfos":[{"TrainGroupNumber":"212","ServiceNumber":"000","TrainCrewNumber":"000","TrainPosition":"1","TrainRunningPosition":"1","RailName":"T1212","StationID":"012","TerminalStationID":"000","DestinationID":"000"}]}}
10-11 14:06:05.583  2706  2827 D LogWriteUtil.class=LogFileHandlerThread.class: 8,initFile: logFile=/custom/metro/log/2022-10-11/app3.log, logFile.length=129965
10-11 14:06:05.583  2706  2706 D MainViewModel: 1processDisApi: disApi, id=1
10-11 14:06:05.584  2706  4120 D DisApiSingletonReceive: processingData: disApi, id=169 - data={"MsgSeqID":1201121,"MsgName":"GetStationATSRsp","MsgInfo":{"Code":10011,"StationATSInfos":[{"TrainGroupNumber":"212","ServiceNumber":"000","TrainCrewNumber":"000","TrainPosition":"1","TrainRunningPosition":"1","RailName":"T1212","StationID":"012","TerminalStationID":"000","DestinationID":"000"}]}}
10-11 14:06:05.585  2706  2827 D LogWriteUtil.class=LogFileHandlerThread.class: 1getFilePath: logFormat=2022-10-11, LogWriteUtil.logPathDir=/custom/metro/log
10-11 14:06:05.585  2706  2827 D LogWriteUtil.class=LogFileHandlerThread.class: 2getFilePath: filePath=/custom/metro/log/2022-10-11
10-11 14:06:05.585  2706  2827 D LogWriteUtil.class=LogFileHandlerThread.class: 1getCurrentFileName: LogWriteUtil.logfile=app.log
10-11 14:06:05.586  2706  2827 D LogWriteUtil.class=LogFileHandlerThread.class: 1getFilePath: logFormat=2022-10-11, LogWriteUtil.logPathDir=/custom/metro/log
10-11 14:06:05.586  2706  2827 D LogWriteUtil.class=LogFileHandlerThread.class: 2getFilePath: filePath=/custom/metro/log/2022-10-11
10-11 14:06:05.587  2706  2827 D LogWriteUtil.class=LogFileHandlerThread.class: getFileNameSuffix: file=/custom/metro/log/2022-10-11
10-11 14:06:05.587  2706  4120 D DisApiSingletonReceive: parseStationAtsData: atsInfo=com.gbcom.library_base.data.StationAtsApiData@95d3958
10-11 14:06:05.587  2706  4120 D BtrunCConfig: isR2Nubmer is true
10-11 14:06:05.587  2706  2827 D LogWriteUtil.class=LogFileHandlerThread.class: 2getCurrentFileName: index=3, LogWriteUtil.logfile=app.log, getFileNameSuffix=3
10-11 14:06:05.587  2706  4120 D com.ztegota.system.GotaSystem: getMdn +866022012
10-11 14:06:05.587  2706  4120 D TAG     : getUserId: userId2=+866022012
10-11 14:06:05.588  2706  2827 D LogWriteUtil.class=LogFileHandlerThread.class: 1getFilePath: logFormat=2022-10-11, LogWriteUtil.logPathDir=/custom/metro/log
10-11 14:06:05.588  2706  2827 D LogWriteUtil.class=LogFileHandlerThread.class: 2getFilePath: filePath=/custom/metro/log/2022-10-11
10-11 14:06:05.589  2706  2827 D LogWriteUtil.class=LogFileHandlerThread.class: getFileNameSuffix: file=/custom/metro/log/2022-10-11
10-11 14:06:05.589  2706  2827 D LogWriteUtil.class=LogFileHandlerThread.class: 3getCurrentFileName: logFileName=app3.log
10-11 14:06:05.589  2706  2827 D LogWriteUtil.class=LogFileHandlerThread.class: 1,initFile: getFilePath()=/custom/metro/log/2022-10-11, getCurrentFileName=app3.log
10-11 14:06:05.590  2706  2827 D LogWriteUtil.class=LogFileHandlerThread.class: 1getFilePath: logFormat=2022-10-11, LogWriteUtil.logPathDir=/custom/metro/log
10-11 14:06:05.590  2706  2827 D LogWriteUtil.class=LogFileHandlerThread.class: 2getFilePath: filePath=/custom/metro/log/2022-10-11
10-11 14:06:05.590  2706  2827 D LogWriteUtil.class=LogFileHandlerThread.class: 1getCurrentFileName: LogWriteUtil.logfile=app.log
10-11 14:06:05.591  2706  2827 D LogWriteUtil.class=LogFileHandlerThread.class: 1getFilePath: logFormat=2022-10-11, LogWriteUtil.logPathDir=/custom/metro/log
10-11 14:06:05.591  2706  2827 D LogWriteUtil.class=LogFileHandlerThread.class: 2getFilePath: filePath=/custom/metro/log/2022-10-11
10-11 14:06:05.591  2706  2827 D LogWriteUtil.class=LogFileHandlerThread.class: getFileNameSuffix: file=/custom/metro/log/2022-10-11
10-11 14:06:05.592  2706  2827 D LogWriteUtil.class=LogFileHandlerThread.class: 2getCurrentFileName: index=3, LogWriteUtil.logfile=app.log, getFileNameSuffix=3
10-11 14:06:05.592  2706  2827 D LogWriteUtil.class=LogFileHandlerThread.class: 1getFilePath: logFormat=2022-10-11, LogWriteUtil.logPathDir=/custom/metro/log
10-11 14:06:05.592  2706  2827 D LogWriteUtil.class=LogFileHandlerThread.class: 2getFilePath: filePath=/custom/metro/log/2022-10-11
10-11 14:06:05.593  2706  2827 D LogWriteUtil.class=LogFileHandlerThread.class: getFileNameSuffix: file=/custom/metro/log/2022-10-11
10-11 14:06:05.593  2706  2827 D LogWriteUtil.class=LogFileHandlerThread.class: 3getCurrentFileName: logFileName=app3.log
10-11 14:06:05.593  2706  2827 D LogWriteUtil.class=LogFileHandlerThread.class: 1getCurrentFileName: LogWriteUtil.logfile=app.log
10-11 14:06:05.594  2706  2827 D LogWriteUtil.class=LogFileHandlerThread.class: 1getFilePath: logFormat=2022-10-11, LogWriteUtil.logPathDir=/custom/metro/log
10-11 14:06:05.594  2706  2827 D LogWriteUtil.class=LogFileHandlerThread.class: 2getFilePath: filePath=/custom/metro/log/2022-10-11
10-11 14:06:05.594  2706  2827 D LogWriteUtil.class=LogFileHandlerThread.class: getFileNameSuffix: file=/custom/metro/log/2022-10-11
10-11 14:06:05.594  2706  2827 D LogWriteUtil.class=LogFileHandlerThread.class: 2getCurrentFileName: index=3, LogWriteUtil.logfile=app.log, getFileNameSuffix=3
10-11 14:06:05.595  2706  2827 D LogWriteUtil.class=LogFileHandlerThread.class: 1getFilePath: logFormat=2022-10-11, LogWriteUtil.logPathDir=/custom/metro/log
10-11 14:06:05.595  2706  2827 D LogWriteUtil.class=LogFileHandlerThread.class: 2getFilePath: filePath=/custom/metro/log/2022-10-11
10-11 14:06:05.595  2706  2827 D LogWriteUtil.class=LogFileHandlerThread.class: getFileNameSuffix: file=/custom/metro/log/2022-10-11
10-11 14:06:05.596  2706  2827 D LogWriteUtil.class=LogFileHandlerThread.class: 3getCurrentFileName: logFileName=app3.log
10-11 14:06:05.596  2706  2827 D TAG     : 2,initFile: /custom/metro/log/2022-10-11/app3.log, logFile.length=130145, getCurrentFileName()=app3.log, writeFileName=/custom/metro/log/2022-10-11/app3.log
10-11 14:06:05.596  2706  2827 D LogWriteUtil.class=LogFileHandlerThread.class: 8,initFile: logFile=/custom/metro/log/2022-10-11/app3.log, logFile.length=130145
10-11 14:06:05.597  2706  2827 D LogWriteUtil.class=LogFileHandlerThread.class: 1getFilePath: logFormat=2022-10-11, LogWriteUtil.logPathDir=/custom/metro/log
10-11 14:06:05.597  2706  2827 D LogWriteUtil.class=LogFileHandlerThread.class: 2getFilePath: filePath=/custom/metro/log/2022-10-11
10-11 14:06:05.598  2706  2827 D LogWriteUtil.class=LogFileHandlerThread.class: 1getCurrentFileName: LogWriteUtil.logfile=app.log
10-11 14:06:05.600  2706  2827 D LogWriteUtil.class=LogFileHandlerThread.class: 1getFilePath: logFormat=2022-10-11, LogWriteUtil.logPathDir=/custom/metro/log
10-11 14:06:05.600  2706  2827 D LogWriteUtil.class=LogFileHandlerThread.class: 2getFilePath: filePath=/custom/metro/log/2022-10-11
10-11 14:06:05.600  2706  2827 D LogWriteUtil.class=LogFileHandlerThread.class: getFileNameSuffix: file=/custom/metro/log/2022-10-11
10-11 14:06:05.601  2706  2827 D LogWriteUtil.class=LogFileHandlerThread.class: 2getCurrentFileName: index=3, LogWriteUtil.logfile=app.log, getFileNameSuffix=3
10-11 14:06:05.602  2706  2827 D LogWriteUtil.class=LogFileHandlerThread.class: 1getFilePath: logFormat=2022-10-11, LogWriteUtil.logPathDir=/custom/metro/log
10-11 14:06:05.602  2706  2827 D LogWriteUtil.class=LogFileHandlerThread.class: 2getFilePath: filePath=/custom/metro/log/2022-10-11
10-11 14:06:05.602  2706  2827 D LogWriteUtil.class=LogFileHandlerThread.class: getFileNameSuffix: file=/custom/metro/log/2022-10-11
10-11 14:06:05.602  2706  2827 D LogWriteUtil.class=LogFileHandlerThread.class: 3getCurrentFileName: logFileName=app3.log
10-11 14:06:05.602  2706  2827 D LogWriteUtil.class=LogFileHandlerThread.class: 1,initFile: getFilePath()=/custom/metro/log/2022-10-11, getCurrentFileName=app3.log
10-11 14:06:05.603  2706  2827 D LogWriteUtil.class=LogFileHandlerThread.class: 1getFilePath: logFormat=2022-10-11, LogWriteUtil.logPathDir=/custom/metro/log
10-11 14:06:05.603  2706  2827 D LogWriteUtil.class=LogFileHandlerThread.class: 2getFilePath: filePath=/custom/metro/log/2022-10-11
10-11 14:06:05.603  2706  2827 D LogWriteUtil.class=LogFileHandlerThread.class: 1getCurrentFileName: LogWriteUtil.logfile=app.log
10-11 14:06:05.604   791   791 I MSM-irqbalance: Decided to move IRQ5 from CPU0 [P:0] to CPU4 [P:1] (banned)
10-11 14:06:05.604  2706  2827 D LogWriteUtil.class=LogFileHandlerThread.class: 1getFilePath: logFormat=2022-10-11, LogWriteUtil.logPathDir=/custom/metro/log
10-11 14:06:05.604  2706  2827 D LogWriteUtil.class=LogFileHandlerThread.class: 2getFilePath: filePath=/custom/metro/log/2022-10-11
10-11 14:06:05.604  2706  2827 D LogWriteUtil.class=LogFileHandlerThread.class: getFileNameSuffix: file=/custom/metro/log/2022-10-11
10-11 14:06:05.605  2706  2827 D LogWriteUtil.class=LogFileHandlerThread.class: 2getCurrentFileName: index=3, LogWriteUtil.logfile=app.log, getFileNameSuffix=3
10-11 14:06:05.605   791   791 I MSM-irqbalance: Decided to move IRQ5 from CPU3 [P:0] to CPU5 [P:1] (banned)
10-11 14:06:05.605  2706  2827 D LogWriteUtil.class=LogFileHandlerThread.class: 1getFilePath: logFormat=2022-10-11, LogWriteUtil.logPathDir=/custom/metro/log
10-11 14:06:05.606  2706  2827 D LogWriteUtil.class=LogFileHandlerThread.class: 2getFilePath: filePath=/custom/metro/log/2022-10-11
10-11 14:06:05.606  2706  2827 D LogWriteUtil.class=LogFileHandlerThread.class: getFileNameSuffix: file=/custom/metro/log/2022-10-11
