10-11 16:09:39.108  3867  3920 D LTEGroupManager: switch group status GroupStatusNormal -----> GroupStatusSetScan
10-11 16:09:39.108  3867  3920 D LTERILJ : [0040]> RIL_REQUEST_ZTE_UPDATE_SCANGROUPINFO
10-11 16:09:39.142  3867  3867 D GroupHelper: modifyGroup : target group name is S2
10-11 16:09:39.163  3867  3923 D LTERILJ : [0040]< RIL_REQUEST_ZTE_UPDATE_SCANGROUPINFO 
10-11 16:09:39.170  3867  3867 D GroupHelper: modifyGroup : target group name is S2
10-11 16:09:39.200  3867  3867 D GotaSettingsHelper: String putValues key:4 value:2
10-11 16:09:39.200  3867  3867 E SettingsProvider: update
10-11 16:09:39.210  3867  3923 I LTERILJ : XXX set ScanInfo success
10-11 16:09:39.211  3867  3923 D LTERILJ : [UNSL]< RIL_UNSOL_NOTIFY_PTT_SCAN_INFO_RSP
10-11 16:09:39.211  3867  3924 D LTEGroupManager: LteGroupTracker handleMessage: GROUPMANAGER_RESP_UPDATE_SCAN_RSP
10-11 16:09:39.211  3867  3924 D GroupStatusSetScan: handleUpdateScan result is 0
10-11 16:09:39.212  3867  3924 D LTEGroupManager: switch group status GroupStatusSetScan -----> GroupStatusNormal
10-11 16:09:39.212  3867  3924 D GroupStatusSetScan: handleUpdateScan in:cause:2,count:1,+866027312  out:cause:2,count:1,+866027312 
10-11 16:09:39.212  3867  3924 D GroupStatusSetScan: handleUpdateScan in equals out, set scaninfo done.
10-11 16:09:39.228  3867  3867 I APP_LogUtils.kt: [(LogUtils.kt:50).i()] [com.gbcom.library_base.service.LLteService] lte_resp_sys_for_emci_detail - EmciDetail=com.ztegota.system.common.EmciDetail@af8527d
10-11 16:09:39.230  3867  3888 D LogWriteUtil.class=LogFileHandlerThread.class: 1getFilePath: logFormat=2022-10-11, LogWriteUtil.logPathDir=/custom/metro/log
10-11 16:09:39.230  3867  3888 D LogWriteUtil.class=LogFileHandlerThread.class: 2getFilePath: filePath=/custom/metro/log/2022-10-11
10-11 16:09:39.230  3867  3888 D LogWriteUtil.class=LogFileHandlerThread.class: 1getCurrentFileName: LogWriteUtil.logfile=app.log
10-11 16:09:39.231  3867  3888 D LogWriteUtil.class=LogFileHandlerThread.class: 1getFilePath: logFormat=2022-10-11, LogWriteUtil.logPathDir=/custom/metro/log
10-11 16:09:39.231  3867  3888 D LogWriteUtil.class=LogFileHandlerThread.class: 2getFilePath: filePath=/custom/metro/log/2022-10-11
10-11 16:09:39.231  3867  3888 D LogWriteUtil.class=LogFileHandlerThread.class: getFileNameSuffix: file=/custom/metro/log/2022-10-11
10-11 16:09:39.232  3867  3888 D LogWriteUtil.class=LogFileHandlerThread.class: 2getCurrentFileName: index=3, LogWriteUtil.logfile=app.log, getFileNameSuffix=11
10-11 16:09:39.233  3867  3888 D LogWriteUtil.class=LogFileHandlerThread.class: 1getFilePath: logFormat=2022-10-11, LogWriteUtil.logPathDir=/custom/metro/log
10-11 16:09:39.234  3867  3888 D LogWriteUtil.class=LogFileHandlerThread.class: 2getFilePath: filePath=/custom/metro/log/2022-10-11
10-11 16:09:39.234  3867  3888 D LogWriteUtil.class=LogFileHandlerThread.class: getFileNameSuffix: file=/custom/metro/log/2022-10-11
10-11 16:09:39.234  3867  3888 D LogWriteUtil.class=LogFileHandlerThread.class: 3getCurrentFileName: logFileName=app11.log
10-11 16:09:39.235  3867  3888 D LogWriteUtil.class=LogFileHandlerThread.class: 1,initFile: getFilePath()=/custom/metro/log/2022-10-11, getCurrentFileName=app11.log
10-11 16:09:39.235  3867  3888 D LogWriteUtil.class=LogFileHandlerThread.class: 1getFilePath: logFormat=2022-10-11, LogWriteUtil.logPathDir=/custom/metro/log
10-11 16:09:39.236  3867  3888 D LogWriteUtil.class=LogFileHandlerThread.class: 2getFilePath: filePath=/custom/metro/log/2022-10-11
10-11 16:09:39.236  3867  3888 D LogWriteUtil.class=LogFileHandlerThread.class: 1getCurrentFileName: LogWriteUtil.logfile=app.log
10-11 16:09:39.237  3867  3888 D LogWriteUtil.class=LogFileHandlerThread.class: 1getFilePath: logFormat=2022-10-11, LogWriteUtil.logPathDir=/custom/metro/log
10-11 16:09:39.237  3867  3888 D LogWriteUtil.class=LogFileHandlerThread.class: 2getFilePath: filePath=/custom/metro/log/2022-10-11
10-11 16:09:39.237  3867  3888 D LogWriteUtil.class=LogFileHandlerThread.class: getFileNameSuffix: file=/custom/metro/log/2022-10-11
10-11 16:09:39.237  3867  3888 D LogWriteUtil.class=LogFileHandlerThread.class: 2getCurrentFileName: index=3, LogWriteUtil.logfile=app.log, getFileNameSuffix=11
10-11 16:09:39.238  3867  3961 D MainViewModel: getSystemTime_currentThreadID2: 98
10-11 16:09:39.238  3867  3888 D LogWriteUtil.class=LogFileHandlerThread.class: 1getFilePath: logFormat=2022-10-11, LogWriteUtil.logPathDir=/custom/metro/log
10-11 16:09:39.238  3867  3888 D LogWriteUtil.class=LogFileHandlerThread.class: 2getFilePath: filePath=/custom/metro/log/2022-10-11
10-11 16:09:39.238  3867  3888 D LogWriteUtil.class=LogFileHandlerThread.class: getFileNameSuffix: file=/custom/metro/log/2022-10-11
10-11 16:09:39.239  3867  3888 D LogWriteUtil.class=LogFileHandlerThread.class: 3getCurrentFileName: logFileName=app11.log
10-11 16:09:39.239  3867  3888 D LogWriteUtil.class=LogFileHandlerThread.class: 1getCurrentFileName: LogWriteUtil.logfile=app.log
10-11 16:09:39.240  3867  3888 D LogWriteUtil.class=LogFileHandlerThread.class: 1getFilePath: logFormat=2022-10-11, LogWriteUtil.logPathDir=/custom/metro/log
10-11 16:09:39.240  3867  3888 D LogWriteUtil.class=LogFileHandlerThread.class: 2getFilePath: filePath=/custom/metro/log/2022-10-11
10-11 16:09:39.240  3867  3888 D LogWriteUtil.class=LogFileHandlerThread.class: getFileNameSuffix: file=/custom/metro/log/2022-10-11
10-11 16:09:39.241  3867  3888 D LogWriteUtil.class=LogFileHandlerThread.class: 2getCurrentFileName: index=3, LogWriteUtil.logfile=app.log, getFileNameSuffix=11
10-11 16:09:39.242  3867  3888 D LogWriteUtil.class=LogFileHandlerThread.class: 1getFilePath: logFormat=2022-10-11, LogWriteUtil.logPathDir=/custom/metro/log
10-11 16:09:39.242  3867  3888 D LogWriteUtil.class=LogFileHandlerThread.class: 2getFilePath: filePath=/custom/metro/log/2022-10-11
10-11 16:09:39.242  3867  3888 D LogWriteUtil.class=LogFileHandlerThread.class: getFileNameSuffix: file=/custom/metro/log/2022-10-11
10-11 16:09:39.243  3867  3888 D LogWriteUtil.class=LogFileHandlerThread.class: 3getCurrentFileName: logFileName=app11.log
10-11 16:09:39.243  3867  3888 D TAG     : 2,initFile: /custom/metro/log/2022-10-11/app11.log, logFile.length=0, getCurrentFileName()=app11.log, writeFileName=/custom/metro/log/2022-10-11/app10.log
10-11 16:09:39.243  3867  3888 D LogWriteUtil.class=LogFileHandlerThread.class: 8,initFile: logFile=/custom/metro/log/2022-10-11/app11.log, logFile.length=0
10-11 16:09:39.296  3867  3867 D SystemFragment: onClickview: 2131230883
10-11 16:09:39.297   608   608 I AudioPolicyManagerCustom: FLAG None hence request for a primary output
10-11 16:09:39.299   608  3379 I AudioPolicyManagerCustom: FLAG None hence request for a primary output
10-11 16:09:39.302  3867  3867 D GroupHelper: getGroupByNumber : group nuber is +866027312
10-11 16:09:39.304   608  1054 D audio_hw_primary: out_set_parameters: enter: usecase(1: low-latency-playback) kvpairs: routing=2
10-11 16:09:39.305  3867  3867 V GroupHelper: getGroupByNumber result cursor: android.content.ContentResolver$CursorWrapperInner@c334640
10-11 16:09:39.306   608  1054 D audio_hw_primary: select_devices for use case (low-latency-playback)
10-11 16:09:39.306   608  1054 D audio_hw_extn: audio_extn_set_anc_parameters: anc_enabled:0
10-11 16:09:39.306   608  1054 D audio_hw_spkr_prot: audio_extn_fbsp_set_parameters: Speaker protection disabled
10-11 16:09:39.309  3867  3872 I art     : Do partial code cache collection, code=226KB, data=249KB
10-11 16:09:39.312  3867  3872 I art     : After code cache collection, code=226KB, data=249KB
10-11 16:09:39.312  3867  3872 I art     : Increasing code cache capacity to 1024KB
10-11 16:09:39.420  3867  3867 D SystemFragment: onClickview: 2131230883
10-11 16:09:39.422   608  1692 I AudioPolicyManagerCustom: FLAG None hence request for a primary output
10-11 16:09:39.423   608  2059 I AudioPolicyManagerCustom: FLAG None hence request for a primary output
10-11 16:09:39.430  3867  3867 D GroupHelper: getGroupByNumber : group nuber is +866027312
10-11 16:09:39.433  3867  3867 V GroupHelper: getGroupByNumber result cursor: android.content.ContentResolver$CursorWrapperInner@1a666be
10-11 16:09:39.532  3867  3963 D TAG     : getSystemTime_currentThreadID3s: 100, isActive=true
10-11 16:09:39.595  3867  3867 D SystemFragment: onClickview: 2131230883
10-11 16:09:39.598   608  1274 I AudioPolicyManagerCustom: FLAG None hence request for a primary output
10-11 16:09:39.601   608  1692 I AudioPolicyManagerCustom: FLAG None hence request for a primary output
10-11 16:09:39.604   608  1054 D audio_hw_primary: out_set_parameters: enter: usecase(1: low-latency-playback) kvpairs: routing=2
10-11 16:09:39.606   608  1054 D audio_hw_primary: select_devices for use case (low-latency-playback)
10-11 16:09:39.606   608  1054 D audio_hw_extn: audio_extn_set_anc_parameters: anc_enabled:0
10-11 16:09:39.606   608  1054 D audio_hw_spkr_prot: audio_extn_fbsp_set_parameters: Speaker protection disabled
10-11 16:09:39.608  3867  3867 D GroupHelper: getGroupByNumber : group nuber is +866027312
10-11 16:09:39.614  3867  3867 V GroupHelper: getGroupByNumber result cursor: android.content.ContentResolver$CursorWrapperInner@fe45435
10-11 16:09:39.742  3867  3963 D MainViewModel: getSystemTime_currentThreadID2: 100
10-11 16:09:39.762  3867  3867 D SystemFragment: onClickview: 2131230883
10-11 16:09:39.763   608   608 I AudioPolicyManagerCustom: FLAG None hence request for a primary output
10-11 16:09:39.764   608  3379 I AudioPolicyManagerCustom: FLAG None hence request for a primary output
10-11 16:09:39.767   608  1054 D audio_hw_primary: out_set_parameters: enter: usecase(1: low-latency-playback) kvpairs: routing=2
10-11 16:09:39.770   608  1054 D audio_hw_primary: select_devices for use case (low-latency-playback)
10-11 16:09:39.770   608  1054 D audio_hw_extn: audio_extn_set_anc_parameters: anc_enabled:0
10-11 16:09:39.770   608  1054 D audio_hw_spkr_prot: audio_extn_fbsp_set_parameters: Speaker protection disabled
10-11 16:09:39.773  3867  3867 D GroupHelper: getGroupByNumber : group nuber is +866027312
10-11 16:09:39.776  3867  3867 V GroupHelper: getGroupByNumber result cursor: android.content.ContentResolver$CursorWrapperInner@f2b9d58
10-11 16:09:40.031  3867  3923 I rilj    : EMCI Detial(CellId--->Tav): 5378,255,2,"460702",255,65535,59,65535,255,255,58,28,16,255,1185411028021,0,0,0,0,0,0,0,0
10-11 16:09:40.032  3867  3923 D LTERILJ : [UNSL]< RIL_UNSOL_NOTIFY_EMCI_DETAIL
10-11 16:09:40.032  3867  3920 D LTEPhone: EVENT_FOR_EMCI_DETAIL
10-11 16:09:40.033  3867  3920 D LTEServiceTracker: setCellId cellId:5378,"460702"
10-11 16:09:40.036  3867  3867 I APP_LogUtils.kt: [(LogUtils.kt:50).i()] [com.gbcom.library_base.service.LLteService] lte_resp_sys_for_emci_detail - EmciDetail=com.ztegota.system.common.EmciDetail@992feb1
10-11 16:09:40.038  3867  3888 D LogWriteUtil.class=LogFileHandlerThread.class: 1getFilePath: logFormat=2022-10-11, LogWriteUtil.logPathDir=/custom/metro/log
10-11 16:09:40.039  3867  3888 D LogWriteUtil.class=LogFileHandlerThread.class: 2getFilePath: filePath=/custom/metro/log/2022-10-11
10-11 16:09:40.039  3867  3888 D LogWriteUtil.class=LogFileHandlerThread.class: 1getCurrentFileName: LogWriteUtil.logfile=app.log
10-11 16:09:40.039  3867  3963 D TAG     : getSystemTime_currentThreadID3s: 100, isActive=true
10-11 16:09:40.040  3867  3888 D LogWriteUtil.class=LogFileHandlerThread.class: 1getFilePath: logFormat=2022-10-11, LogWriteUtil.logPathDir=/custom/metro/log
10-11 16:09:40.040  3867  3888 D LogWriteUtil.class=LogFileHandlerThread.class: 2getFilePath: filePath=/custom/metro/log/2022-10-11
10-11 16:09:40.040  3867  3888 D LogWriteUtil.class=LogFileHandlerThread.class: getFileNameSuffix: file=/custom/metro/log/2022-10-11
10-11 16:09:40.041  3867  3888 D LogWriteUtil.class=LogFileHandlerThread.class: 2getCurrentFileName: index=3, LogWriteUtil.logfile=app.log, getFileNameSuffix=11
10-11 16:09:40.042  3867  3888 D LogWriteUtil.class=LogFileHandlerThread.class: 1getFilePath: logFormat=2022-10-11, LogWriteUtil.logPathDir=/custom/metro/log
10-11 16:09:40.042  3867  3888 D LogWriteUtil.class=LogFileHandlerThread.class: 2getFilePath: filePath=/custom/metro/log/2022-10-11
10-11 16:09:40.043  3867  3888 D LogWriteUtil.class=LogFileHandlerThread.class: getFileNameSuffix: file=/custom/metro/log/2022-10-11
10-11 16:09:40.043  3867  3888 D LogWriteUtil.class=LogFileHandlerThread.class: 3getCurrentFileName: logFileName=app11.log
10-11 16:09:40.043  3867  3888 D LogWriteUtil.class=LogFileHandlerThread.class: 1,initFile: getFilePath()=/custom/metro/log/2022-10-11, getCurrentFileName=app11.log
10-11 16:09:40.044  3867  3888 D LogWriteUtil.class=LogFileHandlerThread.class: 1getFilePath: logFormat=2022-10-11, LogWriteUtil.logPathDir=/custom/metro/log
10-11 16:09:40.044  3867  3888 D LogWriteUtil.class=LogFileHandlerThread.class: 2getFilePath: filePath=/custom/metro/log/2022-10-11
10-11 16:09:40.045  3867  3888 D LogWriteUtil.class=LogFileHandlerThread.class: 1getCurrentFileName: LogWriteUtil.logfile=app.log
10-11 16:09:40.046  3867  3888 D LogWriteUtil.class=LogFileHandlerThread.class: 1getFilePath: logFormat=2022-10-11, LogWriteUtil.logPathDir=/custom/metro/log
10-11 16:09:40.046  3867  3888 D LogWriteUtil.class=LogFileHandlerThread.class: 2getFilePath: filePath=/custom/metro/log/2022-10-11
10-11 16:09:40.047  3867  3888 D LogWriteUtil.class=LogFileHandlerThread.class: getFileNameSuffix: file=/custom/metro/log/2022-10-11
10-11 16:09:40.048  3867  3888 D LogWriteUtil.class=LogFileHandlerThread.class: 2getCurrentFileName: index=3, LogWriteUtil.logfile=app.log, getFileNameSuffix=11
10-11 16:09:40.049  3867  3888 D LogWriteUtil.class=LogFileHandlerThread.class: 1getFilePath: logFormat=2022-10-11, LogWriteUtil.logPathDir=/custom/metro/log
10-11 16:09:40.049  3867  3888 D LogWriteUtil.class=LogFileHandlerThread.class: 2getFilePath: filePath=/custom/metro/log/2022-10-11
10-11 16:09:40.050  3867  3888 D LogWriteUtil.class=LogFileHandlerThread.class: getFileNameSuffix: file=/custom/metro/log/2022-10-11
10-11 16:09:40.050  3867  3888 D LogWriteUtil.class=LogFileHandlerThread.class: 3getCurrentFileName: logFileName=app11.log
10-11 16:09:40.050  3867  3888 D LogWriteUtil.class=LogFileHandlerThread.class: 1getCurrentFileName: LogWriteUtil.logfile=app.log
10-11 16:09:40.051  3867  3888 D LogWriteUtil.class=LogFileHandlerThread.class: 1getFilePath: logFormat=2022-10-11, LogWriteUtil.logPathDir=/custom/metro/log
10-11 16:09:40.051  3867  3888 D LogWriteUtil.class=LogFileHandlerThread.class: 2getFilePath: filePath=/custom/metro/log/2022-10-11
10-11 16:09:40.052  3867  3888 D LogWriteUtil.class=LogFileHandlerThread.class: getFileNameSuffix: file=/custom/metro/log/2022-10-11
10-11 16:09:40.052  3867  3888 D LogWriteUtil.class=LogFileHandlerThread.class: 2getCurrentFileName: index=3, LogWriteUtil.logfile=app.log, getFileNameSuffix=11
10-11 16:09:40.053  3867  3888 D LogWriteUtil.class=LogFileHandlerThread.class: 1getFilePath: logFormat=2022-10-11, LogWriteUtil.logPathDir=/custom/metro/log
10-11 16:09:40.054  3867  3888 D LogWriteUtil.class=LogFileHandlerThread.class: 2getFilePath: filePath=/custom/metro/log/2022-10-11
10-11 16:09:40.054  3867  3888 D LogWriteUtil.class=LogFileHandlerThread.class: getFileNameSuffix: file=/custom/metro/log/2022-10-11
10-11 16:09:40.054  3867  3888 D LogWriteUtil.class=LogFileHandlerThread.class: 3getCurrentFileName: logFileName=app11.log
10-11 16:09:40.055  3867  3888 D TAG     : 2,initFile: /custom/metro/log/2022-10-11/app11.log, logFile.length=0, getCurrentFileName()=app11.log, writeFileName=/custom/metro/log/2022-10-11/app10.log
10-11 16:09:40.055  3867  3888 D LogWriteUtil.class=LogFileHandlerThread.class: 8,initFile: logFile=/custom/metro/log/2022-10-11/app11.log, logFile.length=0
10-11 16:09:40.246  3867  3963 D MainViewModel: getSystemTime_currentThreadID2: 100
10-11 16:09:40.544  3867  3963 D TAG     : getSystemTime_currentThreadID3s: 100, isActive=true
10-11 16:09:40.753  3867  3963 D MainViewModel: getSystemTime_currentThreadID2: 100
10-11 16:09:41.012  3867  3964 D UdpDcRepository: api send - Thread ID=101, obj={"MsgName":"GetStationATSReq","MsgSeqID":14,"AppID":"172.2.200.12","MsgInfo":{}}
10-11 16:09:41.013  3867  3867 D MainActivity: updateSignalIcon: signal=4
10-11 16:09:41.022  3867  3964 I APP_LogUtils.kt: [(LogUtils.kt:50).i()] [UdpDisServices] start: send(String) - thread ID=101, send msg={"MsgName":"GetStationATSReq","MsgSeqID":14,"AppID":"172.2.200.12","MsgInfo":{}}
10-11 16:09:41.025  3867  3888 D LogWriteUtil.class=LogFileHandlerThread.class: 1getFilePath: logFormat=2022-10-11, LogWriteUtil.logPathDir=/custom/metro/log
10-11 16:09:41.026  3867  3888 D LogWriteUtil.class=LogFileHandlerThread.class: 2getFilePath: filePath=/custom/metro/log/2022-10-11
10-11 16:09:41.027  3867  3888 D LogWriteUtil.class=LogFileHandlerThread.class: 1getCurrentFileName: LogWriteUtil.logfile=app.log
10-11 16:09:41.031  3867  3888 D LogWriteUtil.class=LogFileHandlerThread.class: 1getFilePath: logFormat=2022-10-11, LogWriteUtil.logPathDir=/custom/metro/log
10-11 16:09:41.032  3867  3888 D LogWriteUtil.class=LogFileHandlerThread.class: 2getFilePath: filePath=/custom/metro/log/2022-10-11
10-11 16:09:41.033  3867  3964 D UdpDcRepository: api send - Thread ID=101, obj={"MsgName":"AppHeartbeat","MsgSeqID":15,"AppID":"172.2.200.12","MsgInfo":{"SDKLongNumber":"+866022012"}}
10-11 16:09:41.034  3867  3888 D LogWriteUtil.class=LogFileHandlerThread.class: getFileNameSuffix: file=/custom/metro/log/2022-10-11
10-11 16:09:41.036  3867  3888 D LogWriteUtil.class=LogFileHandlerThread.class: 2getCurrentFileName: index=3, LogWriteUtil.logfile=app.log, getFileNameSuffix=11
10-11 16:09:41.036  3867  3923 I rilj    : EMCI Detial(CellId--->Tav): 5378,255,2,"460702",255,65535,59,65535,255,255,56,27,16,255,1185411028021,0,0,0,0,0,0,0,0
10-11 16:09:41.036  3867  3923 D LTERILJ : [UNSL]< RIL_UNSOL_NOTIFY_EMCI_DETAIL
10-11 16:09:41.037  3867  3888 D LogWriteUtil.class=LogFileHandlerThread.class: 1getFilePath: logFormat=2022-10-11, LogWriteUtil.logPathDir=/custom/metro/log
10-11 16:09:41.037  3867  3888 D LogWriteUtil.class=LogFileHandlerThread.class: 2getFilePath: filePath=/custom/metro/log/2022-10-11
10-11 16:09:41.037  3867  3920 D LTEPhone: EVENT_FOR_EMCI_DETAIL
10-11 16:09:41.037  3867  3920 D LTEServiceTracker: setCellId cellId:5378,"460702"
10-11 16:09:41.038  3867  3888 D LogWriteUtil.class=LogFileHandlerThread.class: getFileNameSuffix: file=/custom/metro/log/2022-10-11
10-11 16:09:41.040  3867  3888 D LogWriteUtil.class=LogFileHandlerThread.class: 3getCurrentFileName: logFileName=app11.log
10-11 16:09:41.040  3867  3888 D LogWriteUtil.class=LogFileHandlerThread.class: 1,initFile: getFilePath()=/custom/metro/log/2022-10-11, getCurrentFileName=app11.log
10-11 16:09:41.041  3867  3888 D LogWriteUtil.class=LogFileHandlerThread.class: 1getFilePath: logFormat=2022-10-11, LogWriteUtil.logPathDir=/custom/metro/log
10-11 16:09:41.041  3867  3888 D LogWriteUtil.class=LogFileHandlerThread.class: 2getFilePath: filePath=/custom/metro/log/2022-10-11
10-11 16:09:41.041  3867  3888 D LogWriteUtil.class=LogFileHandlerThread.class: 1getCurrentFileName: LogWriteUtil.logfile=app.log
10-11 16:09:41.042  3867  3888 D LogWriteUtil.class=LogFileHandlerThread.class: 1getFilePath: logFormat=2022-10-11, LogWriteUtil.logPathDir=/custom/metro/log
10-11 16:09:41.043  3867  3888 D LogWriteUtil.class=LogFileHandlerThread.class: 2getFilePath: filePath=/custom/metro/log/2022-10-11
10-11 16:09:41.043  3867  3888 D LogWriteUtil.class=LogFileHandlerThread.class: getFileNameSuffix: file=/custom/metro/log/2022-10-11
10-11 16:09:41.043  3867  3888 D LogWriteUtil.class=LogFileHandlerThread.class: 2getCurrentFileName: index=3, LogWriteUtil.logfile=app.log, getFileNameSuffix=11
10-11 16:09:41.045  3867  3888 D LogWriteUtil.class=LogFileHandlerThread.class: 1getFilePath: logFormat=2022-10-11, LogWriteUtil.logPathDir=/custom/metro/log
10-11 16:09:41.045  3867  3964 I APP_LogUtils.kt: [(LogUtils.kt:50).i()] [UdpDisServices] start: send(String) - thread ID=101, send msg={"MsgName":"AppHeartbeat","MsgSeqID":15,"AppID":"172.2.200.12","MsgInfo":{"SDKLongNumber":"+866022012"}}
10-11 16:09:41.045  3867  3888 D LogWriteUtil.class=LogFileHandlerThread.class: 2getFilePath: filePath=/custom/metro/log/2022-10-11
10-11 16:09:41.045  3867  3888 D LogWriteUtil.class=LogFileHandlerThread.class: getFileNameSuffix: file=/custom/metro/log/2022-10-11
10-11 16:09:41.046  3867  3888 D LogWriteUtil.class=LogFileHandlerThread.class: 3getCurrentFileName: logFileName=app11.log
10-11 16:09:41.047  3867  3888 D LogWriteUtil.class=LogFileHandlerThread.class: 1getCurrentFileName: LogWriteUtil.logfile=app.log
10-11 16:09:41.048  3867  3888 D LogWriteUtil.class=LogFileHandlerThread.class: 1getFilePath: logFormat=2022-10-11, LogWriteUtil.logPathDir=/custom/metro/log
10-11 16:09:41.048  3867  3888 D LogWriteUtil.class=LogFileHandlerThread.class: 2getFilePath: filePath=/custom/metro/log/2022-10-11
10-11 16:09:41.048  3867  3888 D LogWriteUtil.class=LogFileHandlerThread.class: getFileNameSuffix: file=/custom/metro/log/2022-10-11
10-11 16:09:41.049  3867  3888 D LogWriteUtil.class=LogFileHandlerThread.class: 2getCurrentFileName: index=3, LogWriteUtil.logfile=app.log, getFileNameSuffix=11
10-11 16:09:41.051  3867  3888 D LogWriteUtil.class=LogFileHandlerThread.class: 1getFilePath: logFormat=2022-10-11, LogWriteUtil.logPathDir=/custom/metro/log
10-11 16:09:41.051  3867  3888 D LogWriteUtil.class=LogFileHandlerThread.class: 2getFilePath: filePath=/custom/metro/log/2022-10-11
10-11 16:09:41.051  3867  3888 D LogWriteUtil.class=LogFileHandlerThread.class: getFileNameSuffix: file=/custom/metro/log/2022-10-11
10-11 16:09:41.051  3867  3888 D LogWriteUtil.class=LogFileHandlerThread.class: 3getCurrentFileName: logFileName=app11.log
10-11 16:09:41.051  3867  3888 D TAG     : 2,initFile: /custom/metro/log/2022-10-11/app11.log, logFile.length=0, getCurrentFileName()=app11.log, writeFileName=/custom/metro/log/2022-10-11/app10.log
10-11 16:09:41.052  3867  3888 D LogWriteUtil.class=LogFileHandlerThread.class: 8,initFile: logFile=/custom/metro/log/2022-10-11/app11.log, logFile.length=0
10-11 16:09:41.053  3867  3888 D LogWriteUtil.class=LogFileHandlerThread.class: 1getFilePath: logFormat=2022-10-11, LogWriteUtil.logPathDir=/custom/metro/log
10-11 16:09:41.054  3867  3888 D LogWriteUtil.class=LogFileHandlerThread.class: 2getFilePath: filePath=/custom/metro/log/2022-10-11
10-11 16:09:41.054  3867  3888 D LogWriteUtil.class=LogFileHandlerThread.class: 1getCurrentFileName: LogWriteUtil.logfile=app.log
10-11 16:09:41.054  3867  3888 D LogWriteUtil.class=LogFileHandlerThread.class: 1getFilePath: logFormat=2022-10-11, LogWriteUtil.logPathDir=/custom/metro/log
10-11 16:09:41.055  3867  3888 D LogWriteUtil.class=LogFileHandlerThread.class: 2getFilePath: filePath=/custom/metro/log/2022-10-11
10-11 16:09:41.055  3867  3888 D LogWriteUtil.class=LogFileHandlerThread.class: getFileNameSuffix: file=/custom/metro/log/2022-10-11
10-11 16:09:41.055  3867  3888 D LogWriteUtil.class=LogFileHandlerThread.class: 2getCurrentFileName: index=3, LogWriteUtil.logfile=app.log, getFileNameSuffix=11
10-11 16:09:41.056  3867  3888 D LogWriteUtil.class=LogFileHandlerThread.class: 1getFilePath: logFormat=2022-10-11, LogWriteUtil.logPathDir=/custom/metro/log
10-11 16:09:41.056  3867  3888 D LogWriteUtil.class=LogFileHandlerThread.class: 2getFilePath: filePath=/custom/metro/log/2022-10-11
10-11 16:09:41.056  3867  3888 D LogWriteUtil.class=LogFileHandlerThread.class: getFileNameSuffix: file=/custom/metro/log/2022-10-11
10-11 16:09:41.057  3867  3888 D LogWriteUtil.class=LogFileHandlerThread.class: 3getCurrentFileName: logFileName=app11.log
10-11 16:09:41.057  3867  3888 D LogWriteUtil.class=LogFileHandlerThread.class: 1,initFile: getFilePath()=/custom/metro/log/2022-10-11, getCurrentFileName=app11.log
10-11 16:09:41.058  3867  3888 D LogWriteUtil.class=LogFileHandlerThread.class: 1getFilePath: logFormat=2022-10-11, LogWriteUtil.logPathDir=/custom/metro/log
10-11 16:09:41.058  3867  3888 D LogWriteUtil.class=LogFileHandlerThread.class: 2getFilePath: filePath=/custom/metro/log/2022-10-11
10-11 16:09:41.058  3867  3888 D LogWriteUtil.class=LogFileHandlerThread.class: 1getCurrentFileName: LogWriteUtil.logfile=app.log
10-11 16:09:41.060  3867  3888 D LogWriteUtil.class=LogFileHandlerThread.class: 1getFilePath: logFormat=2022-10-11, LogWriteUtil.logPathDir=/custom/metro/log
10-11 16:09:41.060  3867  3888 D LogWriteUtil.class=LogFileHandlerThread.class: 2getFilePath: filePath=/custom/metro/log/2022-10-11
10-11 16:09:41.060  3867  3888 D LogWriteUtil.class=LogFileHandlerThread.class: getFileNameSuffix: file=/custom/metro/log/2022-10-11
10-11 16:09:41.061  3867  3888 D LogWriteUtil.class=LogFileHandlerThread.class: 2getCurrentFileName: index=3, LogWriteUtil.logfile=app.log, getFileNameSuffix=11
10-11 16:09:41.062  3867  3888 D LogWriteUtil.class=LogFileHandlerThread.class: 1getFilePath: logFormat=2022-10-11, LogWriteUtil.logPathDir=/custom/metro/log
10-11 16:09:41.062  3867  3888 D LogWriteUtil.class=LogFileHandlerThread.class: 2getFilePath: filePath=/custom/metro/log/2022-10-11
10-11 16:09:41.062  3867  3888 D LogWriteUtil.class=LogFileHandlerThread.class: getFileNameSuffix: file=/custom/metro/log/2022-10-11
10-11 16:09:41.063  3867  3888 D LogWriteUtil.class=LogFileHandlerThread.class: 3getCurrentFileName: logFileName=app11.log
10-11 16:09:41.063  3867  3888 D LogWriteUtil.class=LogFileHandlerThread.class: 1getCurrentFileName: LogWriteUtil.logfile=app.log
10-11 16:09:41.064  3867  3888 D LogWriteUtil.class=LogFileHandlerThread.class: 1getFilePath: logFormat=2022-10-11, LogWriteUtil.logPathDir=/custom/metro/log
10-11 16:09:41.064  3867  3888 D LogWriteUtil.class=LogFileHandlerThread.class: 2getFilePath: filePath=/custom/metro/log/2022-10-11
10-11 16:09:41.064  3867  3888 D LogWriteUtil.class=LogFileHandlerThread.class: getFileNameSuffix: file=/custom/metro/log/2022-10-11
10-11 16:09:41.064  3867  3867 E train_jni_log: getHandsetStatus===popen buffer=0
10-11 16:09:41.064  3867  3867 E train_jni_log: getHandsetStatus===popen iRet=0
10-11 16:09:41.064  3867  3888 D LogWriteUtil.class=LogFileHandlerThread.class: 2getCurrentFileName: index=3, LogWriteUtil.logfile=app.log, getFileNameSuffix=11
10-11 16:09:41.065  3867  3888 D LogWriteUtil.class=LogFileHandlerThread.class: 1getFilePath: logFormat=2022-10-11, LogWriteUtil.logPathDir=/custom/metro/log
10-11 16:09:41.066  3867  3888 D LogWriteUtil.class=LogFileHandlerThread.class: 2getFilePath: filePath=/custom/metro/log/2022-10-11
10-11 16:09:41.066  3867  3888 D LogWriteUtil.class=LogFileHandlerThread.class: getFileNameSuffix: file=/custom/metro/log/2022-10-11
10-11 16:09:41.066  3867  3888 D LogWriteUtil.class=LogFileHandlerThread.class: 3getCurrentFileName: logFileName=app11.log
10-11 16:09:41.067  3867  3888 D TAG     : 2,initFile: /custom/metro/log/2022-10-11/app11.log, logFile.length=0, getCurrentFileName()=app11.log, writeFileName=/custom/metro/log/2022-10-11/app10.log
10-11 16:09:41.067  3867  3888 D LogWriteUtil.class=LogFileHandlerThread.class: 8,initFile: logFile=/custom/metro/log/2022-10-11/app11.log, logFile.length=0
10-11 16:09:41.067  3867  3867 D TAG     : getHeadsetStatus: 0
10-11 16:09:41.069  3867  3867 D TAG     : getHeadsetStatus: headsetStatus=200
10-11 16:09:41.070  3867  3867 D TAG     : getHeadsetStatus: headsetStatus2=200
10-11 16:09:41.073  3867  3961 D BtrunCConfig: isR2Nubmer is true
10-11 16:09:41.073  3867  3961 D com.ztegota.system.GotaSystem: getMdn +866022012
10-11 16:09:41.073  3867  3961 D TAG     : getUserId: userId2=+866022012
10-11 16:09:41.074  3867  3955 D MainViewModel: getLteIp: test1111111=172.2.200.12
10-11 16:09:41.074  3867  3961 I APP_LogUtils.kt: [(LogUtils.kt:50).i()] [MainViewModel] GotaSystem SDK:V2.13 2021-04-20, Host Soft Version:GM655+V1.0.6.8B02, Host Hard Version:GM655MB_C, Host Build Time:2021 12 28  16:23:13 CST;
10-11 16:09:41.076  3867  3888 D LogWriteUtil.class=LogFileHandlerThread.class: 1getFilePath: logFormat=2022-10-11, LogWriteUtil.logPathDir=/custom/metro/log
10-11 16:09:41.076  3867  3888 D LogWriteUtil.class=LogFileHandlerThread.class: 2getFilePath: filePath=/custom/metro/log/2022-10-11
10-11 16:09:41.076  3867  3888 D LogWriteUtil.class=LogFileHandlerThread.class: 1getCurrentFileName: LogWriteUtil.logfile=app.log
10-11 16:09:41.077  3867  3888 D LogWriteUtil.class=LogFileHandlerThread.class: 1getFilePath: logFormat=2022-10-11, LogWriteUtil.logPathDir=/custom/metro/log
10-11 16:09:41.077  3867  3888 D LogWriteUtil.class=LogFileHandlerThread.class: 2getFilePath: filePath=/custom/metro/log/2022-10-11
10-11 16:09:41.077  3867  3888 D LogWriteUtil.class=LogFileHandlerThread.class: getFileNameSuffix: file=/custom/metro/log/2022-10-11
10-11 16:09:41.078  3867  3888 D LogWriteUtil.class=LogFileHandlerThread.class: 2getCurrentFileName: index=3, LogWriteUtil.logfile=app.log, getFileNameSuffix=11
10-11 16:09:41.078  3867  3888 D LogWriteUtil.class=LogFileHandlerThread.class: 1getFilePath: logFormat=2022-10-11, LogWriteUtil.logPathDir=/custom/metro/log
10-11 16:09:41.078  3867  3888 D LogWriteUtil.class=LogFileHandlerThread.class: 2getFilePath: filePath=/custom/metro/log/2022-10-11
10-11 16:09:41.079  3867  3888 D LogWriteUtil.class=LogFileHandlerThread.class: getFileNameSuffix: file=/custom/metro/log/2022-10-11
10-11 16:09:41.079  3867  3888 D LogWriteUtil.class=LogFileHandlerThread.class: 3getCurrentFileName: logFileName=app11.log
10-11 16:09:41.079  3867  3888 D LogWriteUtil.class=LogFileHandlerThread.class: 1,initFile: getFilePath()=/custom/metro/log/2022-10-11, getCurrentFileName=app11.log
10-11 16:09:41.080  3867  3888 D LogWriteUtil.class=LogFileHandlerThread.class: 1getFilePath: logFormat=2022-10-11, LogWriteUtil.logPathDir=/custom/metro/log
10-11 16:09:41.080  3867  3888 D LogWriteUtil.class=LogFileHandlerThread.class: 2getFilePath: filePath=/custom/metro/log/2022-10-11
10-11 16:09:41.080  3867  3888 D LogWriteUtil.class=LogFileHandlerThread.class: 1getCurrentFileName: LogWriteUtil.logfile=app.log
10-11 16:09:41.080  3867  3867 I APP_LogUtils.kt: [(LogUtils.kt:50).i()] [com.gbcom.library_base.service.LLteService] lte_resp_sys_for_emci_detail - EmciDetail=com.ztegota.system.common.EmciDetail@5a40f22
10-11 16:09:41.080  3867  3867 D MainActivity: showStatus: aa---result---result=true, url=192.168.42.131
10-11 16:09:41.081  3867  3888 D LogWriteUtil.class=LogFileHandlerThread.class: 1getFilePath: logFormat=2022-10-11, LogWriteUtil.logPathDir=/custom/metro/log
10-11 16:09:41.081  3867  3888 D LogWriteUtil.class=LogFileHandlerThread.class: 2getFilePath: filePath=/custom/metro/log/2022-10-11
10-11 16:09:41.081  3867  3888 D LogWriteUtil.class=LogFileHandlerThread.class: getFileNameSuffix: file=/custom/metro/log/2022-10-11
10-11 16:09:41.081  3867  3888 D LogWriteUtil.class=LogFileHandlerThread.class: 2getCurrentFileName: index=3, LogWriteUtil.logfile=app.log, getFileNameSuffix=11
10-11 16:09:41.082  3867  3888 D LogWriteUtil.class=LogFileHandlerThread.class: 1getFilePath: logFormat=2022-10-11, LogWriteUtil.logPathDir=/custom/metro/log
10-11 16:09:41.082  3867  3888 D LogWriteUtil.class=LogFileHandlerThread.class: 2getFilePath: filePath=/custom/metro/log/2022-10-11
10-11 16:09:41.082  3867  3888 D LogWriteUtil.class=LogFileHandlerThread.class: getFileNameSuffix: file=/custom/metro/log/2022-10-11
10-11 16:09:41.083  3867  3888 D LogWriteUtil.class=LogFileHandlerThread.class: 3getCurrentFileName: logFileName=app11.log
10-11 16:09:41.083  3867  3888 D LogWriteUtil.class=LogFileHandlerThread.class: 1getCurrentFileName: LogWriteUtil.logfile=app.log
10-11 16:09:41.083  3867  3888 D LogWriteUtil.class=LogFileHandlerThread.class: 1getFilePath: logFormat=2022-10-11, LogWriteUtil.logPathDir=/custom/metro/log
10-11 16:09:41.084  3867  3888 D LogWriteUtil.class=LogFileHandlerThread.class: 2getFilePath: filePath=/custom/metro/log/2022-10-11
10-11 16:09:41.084  3867  3961 D TAG     : getSystemTime_currentThreadID3s: 98, isActive=true
10-11 16:09:41.084  3867  3888 D LogWriteUtil.class=LogFileHandlerThread.class: getFileNameSuffix: file=/custom/metro/log/2022-10-11
10-11 16:09:41.084  3867  3888 D LogWriteUtil.class=LogFileHandlerThread.class: 2getCurrentFileName: index=3, LogWriteUtil.logfile=app.log, getFileNameSuffix=11
10-11 16:09:41.085  3867  3888 D LogWriteUtil.class=LogFileHandlerThread.class: 1getFilePath: logFormat=2022-10-11, LogWriteUtil.logPathDir=/custom/metro/log
10-11 16:09:41.085  3867  3888 D LogWriteUtil.class=LogFileHandlerThread.class: 2getFilePath: filePath=/custom/metro/log/2022-10-11
10-11 16:09:41.085  3867  3888 D LogWriteUtil.class=LogFileHandlerThread.class: getFileNameSuffix: file=/custom/metro/log/2022-10-11
10-11 16:09:41.085  3867  3888 D LogWriteUtil.class=LogFileHandlerThread.class: 3getCurrentFileName: logFileName=app11.log
10-11 16:09:41.085  3867  3888 D TAG     : 2,initFile: /custom/metro/log/2022-10-11/app11.log, logFile.length=0, getCurrentFileName()=app11.log, writeFileName=/custom/metro/log/2022-10-11/app10.log
10-11 16:09:41.085  3867  3888 D LogWriteUtil.class=LogFileHandlerThread.class: 8,initFile: logFile=/custom/metro/log/2022-10-11/app11.log, logFile.length=0
10-11 16:09:41.087  3867  3888 D LogWriteUtil.class=LogFileHandlerThread.class: 1getFilePath: logFormat=2022-10-11, LogWriteUtil.logPathDir=/custom/metro/log
10-11 16:09:41.087  3867  3888 D LogWriteUtil.class=LogFileHandlerThread.class: 2getFilePath: filePath=/custom/metro/log/2022-10-11
10-11 16:09:41.087  3867  3888 D LogWriteUtil.class=LogFileHandlerThread.class: 1getCurrentFileName: LogWriteUtil.logfile=app.log
10-11 16:09:41.088  3867  3888 D LogWriteUtil.class=LogFileHandlerThread.class: 1getFilePath: logFormat=2022-10-11, LogWriteUtil.logPathDir=/custom/metro/log
10-11 16:09:41.088  3867  3888 D LogWriteUtil.class=LogFileHandlerThread.class: 2getFilePath: filePath=/custom/metro/log/2022-10-11
10-11 16:09:41.088  3867  3888 D LogWriteUtil.class=LogFileHandlerThread.class: getFileNameSuffix: file=/custom/metro/log/2022-10-11
10-11 16:09:41.088  3867  3888 D LogWriteUtil.class=LogFileHandlerThread.class: 2getCurrentFileName: index=3, LogWriteUtil.logfile=app.log, getFileNameSuffix=11
10-11 16:09:41.089  3867  3888 D LogWriteUtil.class=LogFileHandlerThread.class: 1getFilePath: logFormat=2022-10-11, LogWriteUtil.logPathDir=/custom/metro/log
10-11 16:09:41.089  3867  3888 D LogWriteUtil.class=LogFileHandlerThread.class: 2getFilePath: filePath=/custom/metro/log/2022-10-11
10-11 16:09:41.089  3867  3888 D LogWriteUtil.class=LogFileHandlerThread.class: getFileNameSuffix: file=/custom/metro/log/2022-10-11
10-11 16:09:41.089  3867  3888 D LogWriteUtil.class=LogFileHandlerThread.class: 3getCurrentFileName: logFileName=app11.log
10-11 16:09:41.089  3867  3888 D LogWriteUtil.class=LogFileHandlerThread.class: 1,initFile: getFilePath()=/custom/metro/log/2022-10-11, getCurrentFileName=app11.log
10-11 16:09:41.090  3867  3888 D LogWriteUtil.class=LogFileHandlerThread.class: 1getFilePath: logFormat=2022-10-11, LogWriteUtil.logPathDir=/custom/metro/log
10-11 16:09:41.090  3867  3888 D LogWriteUtil.class=LogFileHandlerThread.class: 2getFilePath: filePath=/custom/metro/log/2022-10-11
10-11 16:09:41.090  3867  3888 D LogWriteUtil.class=LogFileHandlerThread.class: 1getCurrentFileName: LogWriteUtil.logfile=app.log
10-11 16:09:41.091  3867  3888 D LogWriteUtil.class=LogFileHandlerThread.class: 1getFilePath: logFormat=2022-10-11, LogWriteUtil.logPathDir=/custom/metro/log
10-11 16:09:41.091  3867  3888 D LogWriteUtil.class=LogFileHandlerThread.class: 2getFilePath: filePath=/custom/metro/log/2022-10-11
10-11 16:09:41.091  3867  3888 D LogWriteUtil.class=LogFileHandlerThread.class: getFileNameSuffix: file=/custom/metro/log/2022-10-11
10-11 16:09:41.091  3867  3888 D LogWriteUtil.class=LogFileHandlerThread.class: 2getCurrentFileName: index=3, LogWriteUtil.logfile=app.log, getFileNameSuffix=11
10-11 16:09:41.092  3867  3888 D LogWriteUtil.class=LogFileHandlerThread.class: 1getFilePath: logFormat=2022-10-11, LogWriteUtil.logPathDir=/custom/metro/log
10-11 16:09:41.092  3867  3888 D LogWriteUtil.class=LogFileHandlerThread.class: 2getFilePath: filePath=/custom/metro/log/2022-10-11
10-11 16:09:41.092  3867  3888 D LogWriteUtil.class=LogFileHandlerThread.class: getFileNameSuffix: file=/custom/metro/log/2022-10-11
10-11 16:09:41.092  3867  3888 D LogWriteUtil.class=LogFileHandlerThread.class: 3getCurrentFileName: logFileName=app11.log
10-11 16:09:41.092  3867  3888 D LogWriteUtil.class=LogFileHandlerThread.class: 1getCurrentFileName: LogWriteUtil.logfile=app.log
10-11 16:09:41.093  3867  3888 D LogWriteUtil.class=LogFileHandlerThread.class: 1getFilePath: logFormat=2022-10-11, LogWriteUtil.logPathDir=/custom/metro/log
10-11 16:09:41.093  3867  3888 D LogWriteUtil.class=LogFileHandlerThread.class: 2getFilePath: filePath=/custom/metro/log/2022-10-11
10-11 16:09:41.093  3867  3888 D LogWriteUtil.class=LogFileHandlerThread.class: getFileNameSuffix: file=/custom/metro/log/2022-10-11
10-11 16:09:41.093  3867  3888 D LogWriteUtil.class=LogFileHandlerThread.class: 2getCurrentFileName: index=3, LogWriteUtil.logfile=app.log, getFileNameSuffix=11
10-11 16:09:41.094  3867  3888 D LogWriteUtil.class=LogFileHandlerThread.class: 1getFilePath: logFormat=2022-10-11, LogWriteUtil.logPathDir=/custom/metro/log
10-11 16:09:41.094  3867  3888 D LogWriteUtil.class=LogFileHandlerThread.class: 2getFilePath: filePath=/custom/metro/log/2022-10-11
10-11 16:09:41.094  3867  3888 D LogWriteUtil.class=LogFileHandlerThread.class: getFileNameSuffix: file=/custom/metro/log/2022-10-11
10-11 16:09:41.094  3867  3888 D LogWriteUtil.class=LogFileHandlerThread.class: 3getCurrentFileName: logFileName=app11.log
10-11 16:09:41.095  3867  3888 D TAG     : 2,initFile: /custom/metro/log/2022-10-11/app11.log, logFile.length=0, getCurrentFileName()=app11.log, writeFileName=/custom/metro/log/2022-10-11/app10.log
10-11 16:09:41.095  3867  3888 D LogWriteUtil.class=LogFileHandlerThread.class: 8,initFile: logFile=/custom/metro/log/2022-10-11/app11.log, logFile.length=0
10-11 16:09:41.102  3867  3931 D UdpDisServices: udp receive - api receive data disApi, udp service id=78  - udp.packet.address=/172.2.208.8, udp.pack.socketAddress=/172.2.208.8:64002, udp.port=64002- running=true - message={"MsgSeqID":1240295,"MsgName":"DisReceivedNotify","MsgInfo":{"AppMsgSeqID":14,"Code":10001}}
10-11 16:09:41.103  3867  3931 I APP_LogUtils.kt: [(LogUtils.kt:50).i()] [UdpDisServices] udp receive - api receive data disApi, udp service id=78 - running=true  - ip=/172.2.208.8 - port=64002 - message={"MsgSeqID":1240295,"MsgName":"DisReceivedNotify","MsgInfo":{"AppMsgSeqID":14,"Code":10001}}
10-11 16:09:41.104  3867  3867 D MainActivity: onMessageEvent  -- gginit: disApi, id=1---event={"MsgSeqID":1240295,"MsgName":"DisReceivedNotify","MsgInfo":{"AppMsgSeqID":14,"Code":10001}}
10-11 16:09:41.104  3867  3867 D MainViewModel: 1processDisApi: disApi, id=1
10-11 16:09:41.105  3867  3888 D LogWriteUtil.class=LogFileHandlerThread.class: 1getFilePath: logFormat=2022-10-11, LogWriteUtil.logPathDir=/custom/metro/log
10-11 16:09:41.105  3867  3888 D LogWriteUtil.class=LogFileHandlerThread.class: 2getFilePath: filePath=/custom/metro/log/2022-10-11
10-11 16:09:41.105  3867  3888 D LogWriteUtil.class=LogFileHandlerThread.class: 1getCurrentFileName: LogWriteUtil.logfile=app.log
10-11 16:09:41.105  3867  3961 D DisApiSingletonReceive: processingData: disApi, id=98 - data={"MsgSeqID":1240295,"MsgName":"DisReceivedNotify","MsgInfo":{"AppMsgSeqID":14,"Code":10001}}
10-11 16:09:41.106  3867  3888 D LogWriteUtil.class=LogFileHandlerThread.class: 1getFilePath: logFormat=2022-10-11, LogWriteUtil.logPathDir=/custom/metro/log
10-11 16:09:41.106  3867  3888 D LogWriteUtil.class=LogFileHandlerThread.class: 2getFilePath: filePath=/custom/metro/log/2022-10-11
10-11 16:09:41.106  3867  3888 D LogWriteUtil.class=LogFileHandlerThread.class: getFileNameSuffix: file=/custom/metro/log/2022-10-11
10-11 16:09:41.106  3867  3888 D LogWriteUtil.class=LogFileHandlerThread.class: 2getCurrentFileName: index=3, LogWriteUtil.logfile=app.log, getFileNameSuffix=11
10-11 16:09:41.107  3867  3888 D LogWriteUtil.class=LogFileHandlerThread.class: 1getFilePath: logFormat=2022-10-11, LogWriteUtil.logPathDir=/custom/metro/log
10-11 16:09:41.107  3867  3888 D LogWriteUtil.class=LogFileHandlerThread.class: 2getFilePath: filePath=/custom/metro/log/2022-10-11
10-11 16:09:41.107  3867  3888 D LogWriteUtil.class=LogFileHandlerThread.class: getFileNameSuffix: file=/custom/metro/log/2022-10-11
10-11 16:09:41.107  3867  3888 D LogWriteUtil.class=LogFileHandlerThread.class: 3getCurrentFileName: logFileName=app11.log
10-11 16:09:41.108  3867  3888 D LogWriteUtil.class=LogFileHandlerThread.class: 1,initFile: getFilePath()=/custom/metro/log/2022-10-11, getCurrentFileName=app11.log
10-11 16:09:41.109  3867  3888 D LogWriteUtil.class=LogFileHandlerThread.class: 1getFilePath: logFormat=2022-10-11, LogWriteUtil.logPathDir=/custom/metro/log
10-11 16:09:41.109  3867  3888 D LogWriteUtil.class=LogFileHandlerThread.class: 2getFilePath: filePath=/custom/metro/log/2022-10-11
10-11 16:09:41.109  3867  3888 D LogWriteUtil.class=LogFileHandlerThread.class: 1getCurrentFileName: LogWriteUtil.logfile=app.log
10-11 16:09:41.110  3867  3888 D LogWriteUtil.class=LogFileHandlerThread.class: 1getFilePath: logFormat=2022-10-11, LogWriteUtil.logPathDir=/custom/metro/log
10-11 16:09:41.110  3867  3888 D LogWriteUtil.class=LogFileHandlerThread.class: 2getFilePath: filePath=/custom/metro/log/2022-10-11
10-11 16:09:41.110  3867  3888 D LogWriteUtil.class=LogFileHandlerThread.class: getFileNameSuffix: file=/custom/metro/log/2022-10-11
10-11 16:09:41.110  3867  3888 D LogWriteUtil.class=LogFileHandlerThread.class: 2getCurrentFileName: index=3, LogWriteUtil.logfile=app.log, getFileNameSuffix=11
10-11 16:09:41.111  3867  3888 D LogWriteUtil.class=LogFileHandlerThread.class: 1getFilePath: logFormat=2022-10-11, LogWriteUtil.logPathDir=/custom/metro/log
10-11 16:09:41.111  3867  3888 D LogWriteUtil.class=LogFileHandlerThread.class: 2getFilePath: filePath=/custom/metro/log/2022-10-11
10-11 16:09:41.111  3867  3888 D LogWriteUtil.class=LogFileHandlerThread.class: getFileNameSuffix: file=/custom/metro/log/2022-10-11
10-11 16:09:41.111  3867  3961 D DisApiSingletonReceive: processingDisReceivedNotify: info=DisReceivedNotifyApiData(msgName=DisReceivedNotify, msgSeqID=1240295, msgInfo=ReceivedNotifyData(appMsgSeqID=0, code=10001))
10-11 16:09:41.111  3867  3888 D LogWriteUtil.class=LogFileHandlerThread.class: 3getCurrentFileName: logFileName=app11.log
10-11 16:09:41.111  3867  3888 D LogWriteUtil.class=LogFileHandlerThread.class: 1getCurrentFileName: LogWriteUtil.logfile=app.log
10-11 16:09:41.112  3867  3888 D LogWriteUtil.class=LogFileHandlerThread.class: 1getFilePath: logFormat=2022-10-11, LogWriteUtil.logPathDir=/custom/metro/log
10-11 16:09:41.112  3867  3888 D LogWriteUtil.class=LogFileHandlerThread.class: 2getFilePath: filePath=/custom/metro/log/2022-10-11
10-11 16:09:41.112  3867  3888 D LogWriteUtil.class=LogFileHandlerThread.class: getFileNameSuffix: file=/custom/metro/log/2022-10-11
10-11 16:09:41.112  3867  3888 D LogWriteUtil.class=LogFileHandlerThread.class: 2getCurrentFileName: index=3, LogWriteUtil.logfile=app.log, getFileNameSuffix=11
10-11 16:09:41.113  3867  3888 D LogWriteUtil.class=LogFileHandlerThread.class: 1getFilePath: logFormat=2022-10-11, LogWriteUtil.logPathDir=/custom/metro/log
10-11 16:09:41.113  3867  3888 D LogWriteUtil.class=LogFileHandlerThread.class: 2getFilePath: filePath=/custom/metro/log/2022-10-11
10-11 16:09:41.113  3867  3888 D LogWriteUtil.class=LogFileHandlerThread.class: getFileNameSuffix: file=/custom/metro/log/2022-10-11
10-11 16:09:41.114  3867  3888 D LogWriteUtil.class=LogFileHandlerThread.class: 3getCurrentFileName: logFileName=app11.log
10-11 16:09:41.114  3867  3888 D TAG     : 2,initFile: /custom/metro/log/2022-10-11/app11.log, logFile.length=0, getCurrentFileName()=app11.log, writeFileName=/custom/metro/log/2022-10-11/app10.log
10-11 16:09:41.114  3867  3888 D LogWriteUtil.class=LogFileHandlerThread.class: 8,initFile: logFile=/custom/metro/log/2022-10-11/app11.log, logFile.length=0
10-11 16:09:41.128  3867  3931 D UdpDisServices: udp receive - api receive data disApi, udp service id=78  - udp.packet.address=/172.2.208.8, udp.pack.socketAddress=/172.2.208.8:64002, udp.port=64002- running=true - message={"MsgSeqID":1240296,"MsgName":"GetStationATSRsp","MsgInfo":{"Code":10011,"StationATSInfos":[{"TrainGroupNumber":"212","ServiceNumber":"000","TrainCrewNumber":"000","TrainPosition":"1","TrainRunningPosition":"1","RailName":"T1212","StationID":"012","TerminalStationID":"000","DestinationID":"000"}]}}
10-11 16:09:41.129  3867  3931 I APP_LogUtils.kt: [(LogUtils.kt:50).i()] [UdpDisServices] udp receive - api receive data disApi, udp service id=78 - running=true  - ip=/172.2.208.8 - port=64002 - message={"MsgSeqID":1240296,"MsgName":"GetStationATSRsp","MsgInfo":{"Code":10011,"StationATSInfos":[{"TrainGroupNumber":"212","ServiceNumber":"000","TrainCrewNumber":"000","TrainPosition":"1","TrainRunningPosition":"1","RailName":"T1212","StationID":"012","TerminalStationID":"000","DestinationID":"000"}]}}
10-11 16:09:41.130  3867  3867 D MainActivity: onMessageEvent  -- gginit: disApi, id=1---event={"MsgSeqID":1240296,"MsgName":"GetStationATSRsp","MsgInfo":{"Code":10011,"StationATSInfos":[{"TrainGroupNumber":"212","ServiceNumber":"000","TrainCrewNumber":"000","TrainPosition":"1","TrainRunningPosition":"1","RailName":"T1212","StationID":"012","TerminalStationID":"000","DestinationID":"000"}]}}
10-11 16:09:41.130  3867  3931 D UdpDisServices: udp receive - api receive data disApi, udp service id=78  - udp.packet.address=/172.2.208.8, udp.pack.socketAddress=/172.2.208.8:64002, udp.port=64002- running=true - message={"MsgSeqID":1240297,"MsgName":"DisReceivedNotify","MsgInfo":{"AppMsgSeqID":15,"Code":10001}}
10-11 16:09:41.130  3867  3867 D MainViewModel: 1processDisApi: disApi, id=1
10-11 16:09:41.130  3867  3888 D LogWriteUtil.class=LogFileHandlerThread.class: 1getFilePath: logFormat=2022-10-11, LogWriteUtil.logPathDir=/custom/metro/log
10-11 16:09:41.130  3867  3888 D LogWriteUtil.class=LogFileHandlerThread.class: 2getFilePath: filePath=/custom/metro/log/2022-10-11
10-11 16:09:41.130  3867  3888 D LogWriteUtil.class=LogFileHandlerThread.class: 1getCurrentFileName: LogWriteUtil.logfile=app.log
10-11 16:09:41.131  3867  3888 D LogWriteUtil.class=LogFileHandlerThread.class: 1getFilePath: logFormat=2022-10-11, LogWriteUtil.logPathDir=/custom/metro/log
10-11 16:09:41.131  3867  3888 D LogWriteUtil.class=LogFileHandlerThread.class: 2getFilePath: filePath=/custom/metro/log/2022-10-11
10-11 16:09:41.131  3867  3888 D LogWriteUtil.class=LogFileHandlerThread.class: getFileNameSuffix: file=/custom/metro/log/2022-10-11
10-11 16:09:41.131  3867  3931 I APP_LogUtils.kt: [(LogUtils.kt:50).i()] [UdpDisServices] udp receive - api receive data disApi, udp service id=78 - running=true  - ip=/172.2.208.8 - port=64002 - message={"MsgSeqID":1240297,"MsgName":"DisReceivedNotify","MsgInfo":{"AppMsgSeqID":15,"Code":10001}}
10-11 16:09:41.131  3867  3888 D LogWriteUtil.class=LogFileHandlerThread.class: 2getCurrentFileName: index=3, LogWriteUtil.logfile=app.log, getFileNameSuffix=11
10-11 16:09:41.132  3867  3961 D DisApiSingletonReceive: processingData: disApi, id=98 - data={"MsgSeqID":1240296,"MsgName":"GetStationATSRsp","MsgInfo":{"Code":10011,"StationATSInfos":[{"TrainGroupNumber":"212","ServiceNumber":"000","TrainCrewNumber":"000","TrainPosition":"1","TrainRunningPosition":"1","RailName":"T1212","StationID":"012","TerminalStationID":"000","DestinationID":"000"}]}}
10-11 16:09:41.132  3867  3888 D LogWriteUtil.class=LogFileHandlerThread.class: 1getFilePath: logFormat=2022-10-11, LogWriteUtil.logPathDir=/custom/metro/log
10-11 16:09:41.132  3867  3888 D LogWriteUtil.class=LogFileHandlerThread.class: 2getFilePath: filePath=/custom/metro/log/2022-10-11
10-11 16:09:41.132  3867  3888 D LogWriteUtil.class=LogFileHandlerThread.class: getFileNameSuffix: file=/custom/metro/log/2022-10-11
10-11 16:09:41.132  3867  3867 D MainActivity: onMessageEvent  -- gginit: disApi, id=1---event={"MsgSeqID":1240297,"MsgName":"DisReceivedNotify","MsgInfo":{"AppMsgSeqID":15,"Code":10001}}
10-11 16:09:41.132  3867  3867 D MainViewModel: 1processDisApi: disApi, id=1
10-11 16:09:41.132  3867  3888 D LogWriteUtil.class=LogFileHandlerThread.class: 3getCurrentFileName: logFileName=app11.log
10-11 16:09:41.133  3867  3888 D LogWriteUtil.class=LogFileHandlerThread.class: 1,initFile: getFilePath()=/custom/metro/log/2022-10-11, getCurrentFileName=app11.log
10-11 16:09:41.133  3867  3888 D LogWriteUtil.class=LogFileHandlerThread.class: 1getFilePath: logFormat=2022-10-11, LogWriteUtil.logPathDir=/custom/metro/log
10-11 16:09:41.133  3867  3888 D LogWriteUtil.class=LogFileHandlerThread.class: 2getFilePath: filePath=/custom/metro/log/2022-10-11
10-11 16:09:41.133  3867  3888 D LogWriteUtil.class=LogFileHandlerThread.class: 1getCurrentFileName: LogWriteUtil.logfile=app.log
10-11 16:09:41.135  3867  3888 D LogWriteUtil.class=LogFileHandlerThread.class: 1getFilePath: logFormat=2022-10-11, LogWriteUtil.logPathDir=/custom/metro/log
10-11 16:09:41.135  3867  3963 D DisApiSingletonReceive: processingData: disApi, id=100 - data={"MsgSeqID":1240297,"MsgName":"DisReceivedNotify","MsgInfo":{"AppMsgSeqID":15,"Code":10001}}
10-11 16:09:41.135  3867  3888 D LogWriteUtil.class=LogFileHandlerThread.class: 2getFilePath: filePath=/custom/metro/log/2022-10-11
10-11 16:09:41.135  3867  3888 D LogWriteUtil.class=LogFileHandlerThread.class: getFileNameSuffix: file=/custom/metro/log/2022-10-11
