10-11 16:09:42.669  3867  3888 D LogWriteUtil.class=LogFileHandlerThread.class: 1,initFile: getFilePath()=/custom/metro/log/2022-10-11, getCurrentFileName=app11.log
10-11 16:09:42.670  3867  3888 D LogWriteUtil.class=LogFileHandlerThread.class: 1getFilePath: logFormat=2022-10-11, LogWriteUtil.logPathDir=/custom/metro/log
10-11 16:09:42.671  3867  3888 D LogWriteUtil.class=LogFileHandlerThread.class: 2getFilePath: filePath=/custom/metro/log/2022-10-11
10-11 16:09:42.671  3867  3888 D LogWriteUtil.class=LogFileHandlerThread.class: 1getCurrentFileName: LogWriteUtil.logfile=app.log
10-11 16:09:42.671  3867  3888 D LogWriteUtil.class=LogFileHandlerThread.class: 1getFilePath: logFormat=2022-10-11, LogWriteUtil.logPathDir=/custom/metro/log
10-11 16:09:42.671  3867  3888 D LogWriteUtil.class=LogFileHandlerThread.class: 2getFilePath: filePath=/custom/metro/log/2022-10-11
10-11 16:09:42.672  3867  3888 D LogWriteUtil.class=LogFileHandlerThread.class: getFileNameSuffix: file=/custom/metro/log/2022-10-11
10-11 16:09:42.672  3867  3888 D LogWriteUtil.class=LogFileHandlerThread.class: 2getCurrentFileName: index=3, LogWriteUtil.logfile=app.log, getFileNameSuffix=11
10-11 16:09:42.673  3867  3888 D LogWriteUtil.class=LogFileHandlerThread.class: 1getFilePath: logFormat=2022-10-11, LogWriteUtil.logPathDir=/custom/metro/log
10-11 16:09:42.673  3867  3888 D LogWriteUtil.class=LogFileHandlerThread.class: 2getFilePath: filePath=/custom/metro/log/2022-10-11
10-11 16:09:42.673  3867  3888 D LogWriteUtil.class=LogFileHandlerThread.class: getFileNameSuffix: file=/custom/metro/log/2022-10-11
10-11 16:09:42.673  3867  3888 D LogWriteUtil.class=LogFileHandlerThread.class: 3getCurrentFileName: logFileName=app11.log
10-11 16:09:42.673  3867  3888 D LogWriteUtil.class=LogFileHandlerThread.class: 1getCurrentFileName: LogWriteUtil.logfile=app.log
10-11 16:09:42.674  3867  3888 D LogWriteUtil.class=LogFileHandlerThread.class: 1getFilePath: logFormat=2022-10-11, LogWriteUtil.logPathDir=/custom/metro/log
10-11 16:09:42.674  3867  3888 D LogWriteUtil.class=LogFileHandlerThread.class: 2getFilePath: filePath=/custom/metro/log/2022-10-11
10-11 16:09:42.675  3867  3888 D LogWriteUtil.class=LogFileHandlerThread.class: getFileNameSuffix: file=/custom/metro/log/2022-10-11
10-11 16:09:42.675  3867  3963 D LLongevityService: getFileList thread id is: 100, time=1665475029
10-11 16:09:42.675  3867  3963 D BtrunCConfig: isR2Nubmer is true
10-11 16:09:42.675  3867  3888 D LogWriteUtil.class=LogFileHandlerThread.class: 2getCurrentFileName: index=3, LogWriteUtil.logfile=app.log, getFileNameSuffix=11
10-11 16:09:42.675  3867  3963 D com.ztegota.system.GotaSystem: getMdn +866022012
10-11 16:09:42.675  3867  3963 D TAG     : getUserId: userId2=+866022012
10-11 16:09:42.675  3867  3888 D LogWriteUtil.class=LogFileHandlerThread.class: 1getFilePath: logFormat=2022-10-11, LogWriteUtil.logPathDir=/custom/metro/log
10-11 16:09:42.676  3867  3888 D LogWriteUtil.class=LogFileHandlerThread.class: 2getFilePath: filePath=/custom/metro/log/2022-10-11
10-11 16:09:42.676  3867  3888 D LogWriteUtil.class=LogFileHandlerThread.class: getFileNameSuffix: file=/custom/metro/log/2022-10-11
10-11 16:09:42.676  3867  3888 D LogWriteUtil.class=LogFileHandlerThread.class: 3getCurrentFileName: logFileName=app11.log
10-11 16:09:42.676  3867  3888 D TAG     : 2,initFile: /custom/metro/log/2022-10-11/app11.log, logFile.length=0, getCurrentFileName()=app11.log, writeFileName=/custom/metro/log/2022-10-11/app10.log
10-11 16:09:42.676  3867  3888 D LogWriteUtil.class=LogFileHandlerThread.class: 8,initFile: logFile=/custom/metro/log/2022-10-11/app11.log, logFile.length=0
10-11 16:09:42.677  3867  3888 D LogWriteUtil.class=LogFileHandlerThread.class: 1getFilePath: logFormat=2022-10-11, LogWriteUtil.logPathDir=/custom/metro/log
10-11 16:09:42.678  3867  3888 D LogWriteUtil.class=LogFileHandlerThread.class: 2getFilePath: filePath=/custom/metro/log/2022-10-11
10-11 16:09:42.678  3867  3888 D LogWriteUtil.class=LogFileHandlerThread.class: 1getCurrentFileName: LogWriteUtil.logfile=app.log
10-11 16:09:42.679  3867  3888 D LogWriteUtil.class=LogFileHandlerThread.class: 1getFilePath: logFormat=2022-10-11, LogWriteUtil.logPathDir=/custom/metro/log
10-11 16:09:42.679  3867  3888 D LogWriteUtil.class=LogFileHandlerThread.class: 2getFilePath: filePath=/custom/metro/log/2022-10-11
10-11 16:09:42.679  3867  3888 D LogWriteUtil.class=LogFileHandlerThread.class: getFileNameSuffix: file=/custom/metro/log/2022-10-11
10-11 16:09:42.679  3867  3888 D LogWriteUtil.class=LogFileHandlerThread.class: 2getCurrentFileName: index=3, LogWriteUtil.logfile=app.log, getFileNameSuffix=11
10-11 16:09:42.680  3867  3888 D LogWriteUtil.class=LogFileHandlerThread.class: 1getFilePath: logFormat=2022-10-11, LogWriteUtil.logPathDir=/custom/metro/log
10-11 16:09:42.680  3867  3888 D LogWriteUtil.class=LogFileHandlerThread.class: 2getFilePath: filePath=/custom/metro/log/2022-10-11
10-11 16:09:42.681  3867  3888 D LogWriteUtil.class=LogFileHandlerThread.class: getFileNameSuffix: file=/custom/metro/log/2022-10-11
10-11 16:09:42.681  3867  3888 D LogWriteUtil.class=LogFileHandlerThread.class: 3getCurrentFileName: logFileName=app11.log
10-11 16:09:42.681  3867  3888 D LogWriteUtil.class=LogFileHandlerThread.class: 1,initFile: getFilePath()=/custom/metro/log/2022-10-11, getCurrentFileName=app11.log
10-11 16:09:42.682  3867  3888 D LogWriteUtil.class=LogFileHandlerThread.class: 1getFilePath: logFormat=2022-10-11, LogWriteUtil.logPathDir=/custom/metro/log
10-11 16:09:42.682  3867  3888 D LogWriteUtil.class=LogFileHandlerThread.class: 2getFilePath: filePath=/custom/metro/log/2022-10-11
10-11 16:09:42.682  3867  3888 D LogWriteUtil.class=LogFileHandlerThread.class: 1getCurrentFileName: LogWriteUtil.logfile=app.log
10-11 16:09:42.683  3867  3888 D LogWriteUtil.class=LogFileHandlerThread.class: 1getFilePath: logFormat=2022-10-11, LogWriteUtil.logPathDir=/custom/metro/log
10-11 16:09:42.683  3867  3888 D LogWriteUtil.class=LogFileHandlerThread.class: 2getFilePath: filePath=/custom/metro/log/2022-10-11
10-11 16:09:42.683  3867  3888 D LogWriteUtil.class=LogFileHandlerThread.class: getFileNameSuffix: file=/custom/metro/log/2022-10-11
10-11 16:09:42.683  3867  3888 D LogWriteUtil.class=LogFileHandlerThread.class: 2getCurrentFileName: index=3, LogWriteUtil.logfile=app.log, getFileNameSuffix=11
10-11 16:09:42.684  3867  3888 D LogWriteUtil.class=LogFileHandlerThread.class: 1getFilePath: logFormat=2022-10-11, LogWriteUtil.logPathDir=/custom/metro/log
10-11 16:09:42.684  3867  3888 D LogWriteUtil.class=LogFileHandlerThread.class: 2getFilePath: filePath=/custom/metro/log/2022-10-11
10-11 16:09:42.685  3867  3888 D LogWriteUtil.class=LogFileHandlerThread.class: getFileNameSuffix: file=/custom/metro/log/2022-10-11
10-11 16:09:42.685  3867  3888 D LogWriteUtil.class=LogFileHandlerThread.class: 3getCurrentFileName: logFileName=app11.log
10-11 16:09:42.685  3867  3888 D LogWriteUtil.class=LogFileHandlerThread.class: 1getCurrentFileName: LogWriteUtil.logfile=app.log
10-11 16:09:42.686  3867  3888 D LogWriteUtil.class=LogFileHandlerThread.class: 1getFilePath: logFormat=2022-10-11, LogWriteUtil.logPathDir=/custom/metro/log
10-11 16:09:42.686  3867  3888 D LogWriteUtil.class=LogFileHandlerThread.class: 2getFilePath: filePath=/custom/metro/log/2022-10-11
10-11 16:09:42.686  3867  3888 D LogWriteUtil.class=LogFileHandlerThread.class: getFileNameSuffix: file=/custom/metro/log/2022-10-11
10-11 16:09:42.686  3867  3888 D LogWriteUtil.class=LogFileHandlerThread.class: 2getCurrentFileName: index=3, LogWriteUtil.logfile=app.log, getFileNameSuffix=11
10-11 16:09:42.687  3867  3888 D LogWriteUtil.class=LogFileHandlerThread.class: 1getFilePath: logFormat=2022-10-11, LogWriteUtil.logPathDir=/custom/metro/log
10-11 16:09:42.687  3867  3888 D LogWriteUtil.class=LogFileHandlerThread.class: 2getFilePath: filePath=/custom/metro/log/2022-10-11
10-11 16:09:42.687  3867  3888 D LogWriteUtil.class=LogFileHandlerThread.class: getFileNameSuffix: file=/custom/metro/log/2022-10-11
10-11 16:09:42.688  3867  3888 D LogWriteUtil.class=LogFileHandlerThread.class: 3getCurrentFileName: logFileName=app11.log
10-11 16:09:42.688  3867  3888 D TAG     : 2,initFile: /custom/metro/log/2022-10-11/app11.log, logFile.length=0, getCurrentFileName()=app11.log, writeFileName=/custom/metro/log/2022-10-11/app10.log
10-11 16:09:42.688  3867  3888 D LogWriteUtil.class=LogFileHandlerThread.class: 8,initFile: logFile=/custom/metro/log/2022-10-11/app11.log, logFile.length=0
10-11 16:09:42.691  3867  3963 I APP_LogUtils.kt: [(LogUtils.kt:50).i()] [UdpMasterServices] start: send1 - masterApi - thread ID=100 - message={"MsgSeqID":5,"MsgName":"GetFileListRsp","MsgInfo":[{"addTime":1665475182,"fileName":"1665475179351_866027312.mp3","filePath":"/custom/metro/voice/2022-10-11","fileSize":0,"fileType":1,"id":55,"identityID":"+866022012","modifiedTime":0}]}
10-11 16:09:42.693  3867  3888 D LogWriteUtil.class=LogFileHandlerThread.class: 1getFilePath: logFormat=2022-10-11, LogWriteUtil.logPathDir=/custom/metro/log
10-11 16:09:42.693  3867  3888 D LogWriteUtil.class=LogFileHandlerThread.class: 2getFilePath: filePath=/custom/metro/log/2022-10-11
10-11 16:09:42.693  3867  3888 D LogWriteUtil.class=LogFileHandlerThread.class: 1getCurrentFileName: LogWriteUtil.logfile=app.log
10-11 16:09:42.694  3867  3867 D LLongevityService: updateNtpTime: result1=kotlin.Unit
10-11 16:09:42.694  3867  3888 D LogWriteUtil.class=LogFileHandlerThread.class: 1getFilePath: logFormat=2022-10-11, LogWriteUtil.logPathDir=/custom/metro/log
10-11 16:09:42.694  3867  3888 D LogWriteUtil.class=LogFileHandlerThread.class: 2getFilePath: filePath=/custom/metro/log/2022-10-11
10-11 16:09:42.694  3867  3888 D LogWriteUtil.class=LogFileHandlerThread.class: getFileNameSuffix: file=/custom/metro/log/2022-10-11
10-11 16:09:42.695  3867  3888 D LogWriteUtil.class=LogFileHandlerThread.class: 2getCurrentFileName: index=3, LogWriteUtil.logfile=app.log, getFileNameSuffix=11
10-11 16:09:42.695  3867  3888 D LogWriteUtil.class=LogFileHandlerThread.class: 1getFilePath: logFormat=2022-10-11, LogWriteUtil.logPathDir=/custom/metro/log
10-11 16:09:42.696  3867  3888 D LogWriteUtil.class=LogFileHandlerThread.class: 2getFilePath: filePath=/custom/metro/log/2022-10-11
10-11 16:09:42.696  3867  3888 D LogWriteUtil.class=LogFileHandlerThread.class: getFileNameSuffix: file=/custom/metro/log/2022-10-11
10-11 16:09:42.696  3867  3888 D LogWriteUtil.class=LogFileHandlerThread.class: 3getCurrentFileName: logFileName=app11.log
10-11 16:09:42.696  3867  3888 D LogWriteUtil.class=LogFileHandlerThread.class: 1,initFile: getFilePath()=/custom/metro/log/2022-10-11, getCurrentFileName=app11.log
10-11 16:09:42.697  3867  3888 D LogWriteUtil.class=LogFileHandlerThread.class: 1getFilePath: logFormat=2022-10-11, LogWriteUtil.logPathDir=/custom/metro/log
10-11 16:09:42.697  3867  3888 D LogWriteUtil.class=LogFileHandlerThread.class: 2getFilePath: filePath=/custom/metro/log/2022-10-11
10-11 16:09:42.697  3867  3888 D LogWriteUtil.class=LogFileHandlerThread.class: 1getCurrentFileName: LogWriteUtil.logfile=app.log
10-11 16:09:42.698  3867  3888 D LogWriteUtil.class=LogFileHandlerThread.class: 1getFilePath: logFormat=2022-10-11, LogWriteUtil.logPathDir=/custom/metro/log
10-11 16:09:42.698  3867  3888 D LogWriteUtil.class=LogFileHandlerThread.class: 2getFilePath: filePath=/custom/metro/log/2022-10-11
10-11 16:09:42.698  3867  3888 D LogWriteUtil.class=LogFileHandlerThread.class: getFileNameSuffix: file=/custom/metro/log/2022-10-11
10-11 16:09:42.698  3867  3888 D LogWriteUtil.class=LogFileHandlerThread.class: 2getCurrentFileName: index=3, LogWriteUtil.logfile=app.log, getFileNameSuffix=11
10-11 16:09:42.700  3867  3888 D LogWriteUtil.class=LogFileHandlerThread.class: 1getFilePath: logFormat=2022-10-11, LogWriteUtil.logPathDir=/custom/metro/log
10-11 16:09:42.700  3867  3888 D LogWriteUtil.class=LogFileHandlerThread.class: 2getFilePath: filePath=/custom/metro/log/2022-10-11
10-11 16:09:42.700  3867  3888 D LogWriteUtil.class=LogFileHandlerThread.class: getFileNameSuffix: file=/custom/metro/log/2022-10-11
10-11 16:09:42.701  3867  3888 D LogWriteUtil.class=LogFileHandlerThread.class: 3getCurrentFileName: logFileName=app11.log
10-11 16:09:42.701  3867  3888 D LogWriteUtil.class=LogFileHandlerThread.class: 1getCurrentFileName: LogWriteUtil.logfile=app.log
10-11 16:09:42.702  3867  3888 D LogWriteUtil.class=LogFileHandlerThread.class: 1getFilePath: logFormat=2022-10-11, LogWriteUtil.logPathDir=/custom/metro/log
10-11 16:09:42.702  3867  3888 D LogWriteUtil.class=LogFileHandlerThread.class: 2getFilePath: filePath=/custom/metro/log/2022-10-11
10-11 16:09:42.703  3867  3888 D LogWriteUtil.class=LogFileHandlerThread.class: getFileNameSuffix: file=/custom/metro/log/2022-10-11
10-11 16:09:42.703  3867  3888 D LogWriteUtil.class=LogFileHandlerThread.class: 2getCurrentFileName: index=3, LogWriteUtil.logfile=app.log, getFileNameSuffix=11
10-11 16:09:42.704  3867  3888 D LogWriteUtil.class=LogFileHandlerThread.class: 1getFilePath: logFormat=2022-10-11, LogWriteUtil.logPathDir=/custom/metro/log
10-11 16:09:42.704  3867  3888 D LogWriteUtil.class=LogFileHandlerThread.class: 2getFilePath: filePath=/custom/metro/log/2022-10-11
10-11 16:09:42.704  3867  3888 D LogWriteUtil.class=LogFileHandlerThread.class: getFileNameSuffix: file=/custom/metro/log/2022-10-11
10-11 16:09:42.705  3867  3888 D LogWriteUtil.class=LogFileHandlerThread.class: 3getCurrentFileName: logFileName=app11.log
10-11 16:09:42.705  3867  3888 D TAG     : 2,initFile: /custom/metro/log/2022-10-11/app11.log, logFile.length=0, getCurrentFileName()=app11.log, writeFileName=/custom/metro/log/2022-10-11/app10.log
10-11 16:09:42.705  3867  3888 D LogWriteUtil.class=LogFileHandlerThread.class: 8,initFile: logFile=/custom/metro/log/2022-10-11/app11.log, logFile.length=0
10-11 16:09:42.773  3867  3931 D UdpDisServices: udp receive - api receive data disApi, udp service id=78  - udp.packet.address=/172.2.208.8, udp.pack.socketAddress=/172.2.208.8:64002, udp.port=64002- running=true - message={"MsgSeqID":1240248,"MsgName":"GetStationATSRsp","MsgInfo":{"Code":10011,"StationATSInfos":[{"TrainGroupNumber":"212","ServiceNumber":"000","TrainCrewNumber":"000","TrainPosition":"1","TrainRunningPosition":"1","RailName":"T1212","StationID":"012","TerminalStationID":"000","DestinationID":"000"}]}}
10-11 16:09:42.775  3867  3931 I APP_LogUtils.kt: [(LogUtils.kt:50).i()] [UdpDisServices] udp receive - api receive data disApi, udp service id=78 - running=true  - ip=/172.2.208.8 - port=64002 - message={"MsgSeqID":1240248,"MsgName":"GetStationATSRsp","MsgInfo":{"Code":10011,"StationATSInfos":[{"TrainGroupNumber":"212","ServiceNumber":"000","TrainCrewNumber":"000","TrainPosition":"1","TrainRunningPosition":"1","RailName":"T1212","StationID":"012","TerminalStationID":"000","DestinationID":"000"}]}}
10-11 16:09:42.777  3867  3888 D LogWriteUtil.class=LogFileHandlerThread.class: 1getFilePath: logFormat=2022-10-11, LogWriteUtil.logPathDir=/custom/metro/log
10-11 16:09:42.777  3867  3888 D LogWriteUtil.class=LogFileHandlerThread.class: 2getFilePath: filePath=/custom/metro/log/2022-10-11
10-11 16:09:42.777  3867  3888 D LogWriteUtil.class=LogFileHandlerThread.class: 1getCurrentFileName: LogWriteUtil.logfile=app.log
10-11 16:09:42.778  3867  3931 D UdpDisServices: udp receive - api receive data disApi, udp service id=78  - udp.packet.address=/172.2.208.8, udp.pack.socketAddress=/172.2.208.8:64002, udp.port=64002- running=true - message={"MsgSeqID":1240266,"MsgName":"GetStationATSRsp","MsgInfo":{"Code":10011,"StationATSInfos":[{"TrainGroupNumber":"212","ServiceNumber":"000","TrainCrewNumber":"000","TrainPosition":"1","TrainRunningPosition":"1","RailName":"T1212","StationID":"012","TerminalStationID":"000","DestinationID":"000"}]}}
10-11 16:09:42.778  3867  3888 D LogWriteUtil.class=LogFileHandlerThread.class: 1getFilePath: logFormat=2022-10-11, LogWriteUtil.logPathDir=/custom/metro/log
10-11 16:09:42.779  3867  3888 D LogWriteUtil.class=LogFileHandlerThread.class: 2getFilePath: filePath=/custom/metro/log/2022-10-11
10-11 16:09:42.779  3867  3888 D LogWriteUtil.class=LogFileHandlerThread.class: getFileNameSuffix: file=/custom/metro/log/2022-10-11
10-11 16:09:42.780  3867  3963 D MainViewModel: getSystemTime_currentThreadID2: 100
10-11 16:09:42.780  3867  3931 I APP_LogUtils.kt: [(LogUtils.kt:50).i()] [UdpDisServices] udp receive - api receive data disApi, udp service id=78 - running=true  - ip=/172.2.208.8 - port=64002 - message={"MsgSeqID":1240266,"MsgName":"GetStationATSRsp","MsgInfo":{"Code":10011,"StationATSInfos":[{"TrainGroupNumber":"212","ServiceNumber":"000","TrainCrewNumber":"000","TrainPosition":"1","TrainRunningPosition":"1","RailName":"T1212","StationID":"012","TerminalStationID":"000","DestinationID":"000"}]}}
10-11 16:09:42.780  3867  3888 D LogWriteUtil.class=LogFileHandlerThread.class: 2getCurrentFileName: index=3, LogWriteUtil.logfile=app.log, getFileNameSuffix=11
10-11 16:09:42.781  3867  3888 D LogWriteUtil.class=LogFileHandlerThread.class: 1getFilePath: logFormat=2022-10-11, LogWriteUtil.logPathDir=/custom/metro/log
10-11 16:09:42.781  3867  3888 D LogWriteUtil.class=LogFileHandlerThread.class: 2getFilePath: filePath=/custom/metro/log/2022-10-11
10-11 16:09:42.781  3867  3888 D LogWriteUtil.class=LogFileHandlerThread.class: getFileNameSuffix: file=/custom/metro/log/2022-10-11
10-11 16:09:42.782  3867  3888 D LogWriteUtil.class=LogFileHandlerThread.class: 3getCurrentFileName: logFileName=app11.log
10-11 16:09:42.782  3867  3888 D LogWriteUtil.class=LogFileHandlerThread.class: 1,initFile: getFilePath()=/custom/metro/log/2022-10-11, getCurrentFileName=app11.log
10-11 16:09:42.783  3867  3888 D LogWriteUtil.class=LogFileHandlerThread.class: 1getFilePath: logFormat=2022-10-11, LogWriteUtil.logPathDir=/custom/metro/log
10-11 16:09:42.783  3867  3888 D LogWriteUtil.class=LogFileHandlerThread.class: 2getFilePath: filePath=/custom/metro/log/2022-10-11
10-11 16:09:42.783  3867  3888 D LogWriteUtil.class=LogFileHandlerThread.class: 1getCurrentFileName: LogWriteUtil.logfile=app.log
10-11 16:09:42.785  3867  3888 D LogWriteUtil.class=LogFileHandlerThread.class: 1getFilePath: logFormat=2022-10-11, LogWriteUtil.logPathDir=/custom/metro/log
10-11 16:09:42.785  3867  3867 D MainActivity: onMessageEvent  -- gginit: disApi, id=1---event={"MsgSeqID":1240248,"MsgName":"GetStationATSRsp","MsgInfo":{"Code":10011,"StationATSInfos":[{"TrainGroupNumber":"212","ServiceNumber":"000","TrainCrewNumber":"000","TrainPosition":"1","TrainRunningPosition":"1","RailName":"T1212","StationID":"012","TerminalStationID":"000","DestinationID":"000"}]}}
10-11 16:09:42.785  3867  3888 D LogWriteUtil.class=LogFileHandlerThread.class: 2getFilePath: filePath=/custom/metro/log/2022-10-11
10-11 16:09:42.785  3867  3867 D MainViewModel: 1processDisApi: disApi, id=1
10-11 16:09:42.785  3867  3888 D LogWriteUtil.class=LogFileHandlerThread.class: getFileNameSuffix: file=/custom/metro/log/2022-10-11
10-11 16:09:42.786  3867  3888 D LogWriteUtil.class=LogFileHandlerThread.class: 2getCurrentFileName: index=3, LogWriteUtil.logfile=app.log, getFileNameSuffix=11
10-11 16:09:42.786  3867  3867 D MainActivity: onMessageEvent  -- gginit: disApi, id=1---event={"MsgSeqID":1240266,"MsgName":"GetStationATSRsp","MsgInfo":{"Code":10011,"StationATSInfos":[{"TrainGroupNumber":"212","ServiceNumber":"000","TrainCrewNumber":"000","TrainPosition":"1","TrainRunningPosition":"1","RailName":"T1212","StationID":"012","TerminalStationID":"000","DestinationID":"000"}]}}
10-11 16:09:42.787  3867  3867 D MainViewModel: 1processDisApi: disApi, id=1
10-11 16:09:42.787  3867  3888 D LogWriteUtil.class=LogFileHandlerThread.class: 1getFilePath: logFormat=2022-10-11, LogWriteUtil.logPathDir=/custom/metro/log
10-11 16:09:42.787  3867  3888 D LogWriteUtil.class=LogFileHandlerThread.class: 2getFilePath: filePath=/custom/metro/log/2022-10-11
10-11 16:09:42.787  3867  3888 D LogWriteUtil.class=LogFileHandlerThread.class: getFileNameSuffix: file=/custom/metro/log/2022-10-11
10-11 16:09:42.787  3867  3963 D DisApiSingletonReceive: processingData: disApi, id=100 - data={"MsgSeqID":1240248,"MsgName":"GetStationATSRsp","MsgInfo":{"Code":10011,"StationATSInfos":[{"TrainGroupNumber":"212","ServiceNumber":"000","TrainCrewNumber":"000","TrainPosition":"1","TrainRunningPosition":"1","RailName":"T1212","StationID":"012","TerminalStationID":"000","DestinationID":"000"}]}}
10-11 16:09:42.788  3867  3888 D LogWriteUtil.class=LogFileHandlerThread.class: 3getCurrentFileName: logFileName=app11.log
10-11 16:09:42.788  3867  3888 D LogWriteUtil.class=LogFileHandlerThread.class: 1getCurrentFileName: LogWriteUtil.logfile=app.log
10-11 16:09:42.788  3867  3960 D DisApiSingletonReceive: processingData: disApi, id=97 - data={"MsgSeqID":1240266,"MsgName":"GetStationATSRsp","MsgInfo":{"Code":10011,"StationATSInfos":[{"TrainGroupNumber":"212","ServiceNumber":"000","TrainCrewNumber":"000","TrainPosition":"1","TrainRunningPosition":"1","RailName":"T1212","StationID":"012","TerminalStationID":"000","DestinationID":"000"}]}}
10-11 16:09:42.789  3867  3888 D LogWriteUtil.class=LogFileHandlerThread.class: 1getFilePath: logFormat=2022-10-11, LogWriteUtil.logPathDir=/custom/metro/log
10-11 16:09:42.790  3867  3888 D LogWriteUtil.class=LogFileHandlerThread.class: 2getFilePath: filePath=/custom/metro/log/2022-10-11
10-11 16:09:42.790  3867  3888 D LogWriteUtil.class=LogFileHandlerThread.class: getFileNameSuffix: file=/custom/metro/log/2022-10-11
10-11 16:09:42.791  3867  3888 D LogWriteUtil.class=LogFileHandlerThread.class: 2getCurrentFileName: index=3, LogWriteUtil.logfile=app.log, getFileNameSuffix=11
10-11 16:09:42.792  3867  3888 D LogWriteUtil.class=LogFileHandlerThread.class: 1getFilePath: logFormat=2022-10-11, LogWriteUtil.logPathDir=/custom/metro/log
10-11 16:09:42.792  3867  3888 D LogWriteUtil.class=LogFileHandlerThread.class: 2getFilePath: filePath=/custom/metro/log/2022-10-11
10-11 16:09:42.792  3867  3888 D LogWriteUtil.class=LogFileHandlerThread.class: getFileNameSuffix: file=/custom/metro/log/2022-10-11
10-11 16:09:42.793  3867  3888 D LogWriteUtil.class=LogFileHandlerThread.class: 3getCurrentFileName: logFileName=app11.log
10-11 16:09:42.793  3867  3888 D TAG     : 2,initFile: /custom/metro/log/2022-10-11/app11.log, logFile.length=0, getCurrentFileName()=app11.log, writeFileName=/custom/metro/log/2022-10-11/app10.log
10-11 16:09:42.793  3867  3888 D LogWriteUtil.class=LogFileHandlerThread.class: 8,initFile: logFile=/custom/metro/log/2022-10-11/app11.log, logFile.length=0
10-11 16:09:42.794  3867  3888 D LogWriteUtil.class=LogFileHandlerThread.class: 1getFilePath: logFormat=2022-10-11, LogWriteUtil.logPathDir=/custom/metro/log
10-11 16:09:42.794  3867  3888 D LogWriteUtil.class=LogFileHandlerThread.class: 2getFilePath: filePath=/custom/metro/log/2022-10-11
10-11 16:09:42.795  3867  3888 D LogWriteUtil.class=LogFileHandlerThread.class: 1getCurrentFileName: LogWriteUtil.logfile=app.log
10-11 16:09:42.795  3867  3888 D LogWriteUtil.class=LogFileHandlerThread.class: 1getFilePath: logFormat=2022-10-11, LogWriteUtil.logPathDir=/custom/metro/log
10-11 16:09:42.795  3867  3888 D LogWriteUtil.class=LogFileHandlerThread.class: 2getFilePath: filePath=/custom/metro/log/2022-10-11
10-11 16:09:42.795  3867  3888 D LogWriteUtil.class=LogFileHandlerThread.class: getFileNameSuffix: file=/custom/metro/log/2022-10-11
10-11 16:09:42.796  3867  3963 D DisApiSingletonReceive: parseStationAtsData: atsInfo=com.gbcom.library_base.data.StationAtsApiData@fbddcf7
10-11 16:09:42.796  3867  3888 D LogWriteUtil.class=LogFileHandlerThread.class: 2getCurrentFileName: index=3, LogWriteUtil.logfile=app.log, getFileNameSuffix=11
10-11 16:09:42.796  3867  3963 D BtrunCConfig: isR2Nubmer is true
10-11 16:09:42.797  3867  3963 D com.ztegota.system.GotaSystem: getMdn +866022012
10-11 16:09:42.797  3867  3963 D TAG     : getUserId: userId2=+866022012
10-11 16:09:42.797  3867  3888 D LogWriteUtil.class=LogFileHandlerThread.class: 1getFilePath: logFormat=2022-10-11, LogWriteUtil.logPathDir=/custom/metro/log
10-11 16:09:42.797  3867  3888 D LogWriteUtil.class=LogFileHandlerThread.class: 2getFilePath: filePath=/custom/metro/log/2022-10-11
10-11 16:09:42.797  3867  3888 D LogWriteUtil.class=LogFileHandlerThread.class: getFileNameSuffix: file=/custom/metro/log/2022-10-11
10-11 16:09:42.797  3867  3888 D LogWriteUtil.class=LogFileHandlerThread.class: 3getCurrentFileName: logFileName=app11.log
10-11 16:09:42.797  3867  3888 D LogWriteUtil.class=LogFileHandlerThread.class: 1,initFile: getFilePath()=/custom/metro/log/2022-10-11, getCurrentFileName=app11.log
10-11 16:09:42.798  3867  3888 D LogWriteUtil.class=LogFileHandlerThread.class: 1getFilePath: logFormat=2022-10-11, LogWriteUtil.logPathDir=/custom/metro/log
10-11 16:09:42.798  3867  3888 D LogWriteUtil.class=LogFileHandlerThread.class: 2getFilePath: filePath=/custom/metro/log/2022-10-11
10-11 16:09:42.799  3867  3888 D LogWriteUtil.class=LogFileHandlerThread.class: 1getCurrentFileName: LogWriteUtil.logfile=app.log
10-11 16:09:42.799  3867  3888 D LogWriteUtil.class=LogFileHandlerThread.class: 1getFilePath: logFormat=2022-10-11, LogWriteUtil.logPathDir=/custom/metro/log
10-11 16:09:42.800  3867  3888 D LogWriteUtil.class=LogFileHandlerThread.class: 2getFilePath: filePath=/custom/metro/log/2022-10-11
10-11 16:09:42.800  3867  3888 D LogWriteUtil.class=LogFileHandlerThread.class: getFileNameSuffix: file=/custom/metro/log/2022-10-11
10-11 16:09:42.800  3867  3888 D LogWriteUtil.class=LogFileHandlerThread.class: 2getCurrentFileName: index=3, LogWriteUtil.logfile=app.log, getFileNameSuffix=11
10-11 16:09:42.801  3867  3888 D LogWriteUtil.class=LogFileHandlerThread.class: 1getFilePath: logFormat=2022-10-11, LogWriteUtil.logPathDir=/custom/metro/log
10-11 16:09:42.801  3867  3888 D LogWriteUtil.class=LogFileHandlerThread.class: 2getFilePath: filePath=/custom/metro/log/2022-10-11
10-11 16:09:42.801  3867  3888 D LogWriteUtil.class=LogFileHandlerThread.class: getFileNameSuffix: file=/custom/metro/log/2022-10-11
10-11 16:09:42.802  3867  3888 D LogWriteUtil.class=LogFileHandlerThread.class: 3getCurrentFileName: logFileName=app11.log
10-11 16:09:42.802  3867  3888 D LogWriteUtil.class=LogFileHandlerThread.class: 1getCurrentFileName: LogWriteUtil.logfile=app.log
10-11 16:09:42.803  3867  3888 D LogWriteUtil.class=LogFileHandlerThread.class: 1getFilePath: logFormat=2022-10-11, LogWriteUtil.logPathDir=/custom/metro/log
10-11 16:09:42.803  3867  3888 D LogWriteUtil.class=LogFileHandlerThread.class: 2getFilePath: filePath=/custom/metro/log/2022-10-11
10-11 16:09:42.803  3867  3888 D LogWriteUtil.class=LogFileHandlerThread.class: getFileNameSuffix: file=/custom/metro/log/2022-10-11
10-11 16:09:42.803  3867  3888 D LogWriteUtil.class=LogFileHandlerThread.class: 2getCurrentFileName: index=3, LogWriteUtil.logfile=app.log, getFileNameSuffix=11
10-11 16:09:42.804  3867  3888 D LogWriteUtil.class=LogFileHandlerThread.class: 1getFilePath: logFormat=2022-10-11, LogWriteUtil.logPathDir=/custom/metro/log
10-11 16:09:42.804  3867  3888 D LogWriteUtil.class=LogFileHandlerThread.class: 2getFilePath: filePath=/custom/metro/log/2022-10-11
10-11 16:09:42.804  3867  3888 D LogWriteUtil.class=LogFileHandlerThread.class: getFileNameSuffix: file=/custom/metro/log/2022-10-11
10-11 16:09:42.805  3867  3888 D LogWriteUtil.class=LogFileHandlerThread.class: 3getCurrentFileName: logFileName=app11.log
10-11 16:09:42.805  3867  3888 D TAG     : 2,initFile: /custom/metro/log/2022-10-11/app11.log, logFile.length=0, getCurrentFileName()=app11.log, writeFileName=/custom/metro/log/2022-10-11/app10.log
10-11 16:09:42.805  3867  3888 D LogWriteUtil.class=LogFileHandlerThread.class: 8,initFile: logFile=/custom/metro/log/2022-10-11/app11.log, logFile.length=0
10-11 16:09:42.815  3867  3867 D IndexFragment: initView: applyFxData() - ats=[StationAts(createTime=1665475782, trainGroupNumber=212, serviceNumber=000, trainCrewNumber=000, trainPosition=1, trainRunningPosition=1, railName=T1212, stationID=012, terminalStationID=000, destinationID=000, identityID=+866022012)]
10-11 16:09:42.820  3867  3960 D DisApiSingletonReceive: parseStationAtsData: atsInfo=com.gbcom.library_base.data.StationAtsApiData@b21c682
10-11 16:09:42.821  3867  3960 D BtrunCConfig: isR2Nubmer is true
10-11 16:09:42.821  3867  3960 D com.ztegota.system.GotaSystem: getMdn +866022012
10-11 16:09:42.821  3867  3960 D TAG     : getUserId: userId2=+866022012
10-11 16:09:42.862  3867  3867 D IndexFragment: initView: applyFxData() - ats=[StationAts(createTime=1665475782, trainGroupNumber=212, serviceNumber=000, trainCrewNumber=000, trainPosition=1, trainRunningPosition=1, railName=T1212, stationID=012, terminalStationID=000, destinationID=000, identityID=+866022012)]
10-11 16:09:42.907   608  1054 D audio_hw_primary: out_standby: enter: stream (0xf191d800) usecase(1: low-latency-playback)
10-11 16:09:43.031  3867  3923 I rilj    : EMCI Detial(CellId--->Tav): 5378,255,2,"460702",255,65535,59,65535,255,255,59,29,16,255,1185411028021,0,0,0,0,0,0,0,0
10-11 16:09:43.031  3867  3923 D LTERILJ : [UNSL]< RIL_UNSOL_NOTIFY_EMCI_DETAIL
10-11 16:09:43.032  3867  3920 D LTEPhone: EVENT_FOR_EMCI_DETAIL
10-11 16:09:43.033  3867  3920 D LTEServiceTracker: setCellId cellId:5378,"460702"
10-11 16:09:43.036  3867  3867 I APP_LogUtils.kt: [(LogUtils.kt:50).i()] [com.gbcom.library_base.service.LLteService] lte_resp_sys_for_emci_detail - EmciDetail=com.ztegota.system.common.EmciDetail@126f9c9
10-11 16:09:43.038  3867  3888 D LogWriteUtil.class=LogFileHandlerThread.class: 1getFilePath: logFormat=2022-10-11, LogWriteUtil.logPathDir=/custom/metro/log
10-11 16:09:43.039  3867  3888 D LogWriteUtil.class=LogFileHandlerThread.class: 2getFilePath: filePath=/custom/metro/log/2022-10-11
10-11 16:09:43.039  3867  3888 D LogWriteUtil.class=LogFileHandlerThread.class: 1getCurrentFileName: LogWriteUtil.logfile=app.log
10-11 16:09:43.040   637   637 I cnss-daemon: RTM_NEWNEIGH message received: 28
10-11 16:09:43.040   637   637 E cnss-daemon: Stale or unreachable neighbors, ndm state: 16
10-11 16:09:43.040   637   637 I cnss-daemon: RTM_NEWNEIGH message received: 28
10-11 16:09:43.041   637   637 I cnss-daemon: NDA_DST received: 192.168.42.131 ul: 562995103705280
10-11 16:09:43.041   637   637 I cnss-daemon: NDA_LLADDR received
10-11 16:09:43.041  3867  3888 D LogWriteUtil.class=LogFileHandlerThread.class: 1getFilePath: logFormat=2022-10-11, LogWriteUtil.logPathDir=/custom/metro/log
10-11 16:09:43.041  3867  3888 D LogWriteUtil.class=LogFileHandlerThread.class: 2getFilePath: filePath=/custom/metro/log/2022-10-11
10-11 16:09:43.041  3867  3888 D LogWriteUtil.class=LogFileHandlerThread.class: getFileNameSuffix: file=/custom/metro/log/2022-10-11
10-11 16:09:43.042  3867  3888 D LogWriteUtil.class=LogFileHandlerThread.class: 2getCurrentFileName: index=3, LogWriteUtil.logfile=app.log, getFileNameSuffix=11
10-11 16:09:43.044  3867  3888 D LogWriteUtil.class=LogFileHandlerThread.class: 1getFilePath: logFormat=2022-10-11, LogWriteUtil.logPathDir=/custom/metro/log
10-11 16:09:43.045  3867  3888 D LogWriteUtil.class=LogFileHandlerThread.class: 2getFilePath: filePath=/custom/metro/log/2022-10-11
10-11 16:09:43.045  3867  3888 D LogWriteUtil.class=LogFileHandlerThread.class: getFileNameSuffix: file=/custom/metro/log/2022-10-11
10-11 16:09:43.046  3867  3888 D LogWriteUtil.class=LogFileHandlerThread.class: 3getCurrentFileName: logFileName=app11.log
10-11 16:09:43.046  3867  3888 D LogWriteUtil.class=LogFileHandlerThread.class: 1,initFile: getFilePath()=/custom/metro/log/2022-10-11, getCurrentFileName=app11.log
10-11 16:09:43.047  3867  3888 D LogWriteUtil.class=LogFileHandlerThread.class: 1getFilePath: logFormat=2022-10-11, LogWriteUtil.logPathDir=/custom/metro/log
10-11 16:09:43.047  3867  3888 D LogWriteUtil.class=LogFileHandlerThread.class: 2getFilePath: filePath=/custom/metro/log/2022-10-11
10-11 16:09:43.047  3867  3888 D LogWriteUtil.class=LogFileHandlerThread.class: 1getCurrentFileName: LogWriteUtil.logfile=app.log
10-11 16:09:43.048  3867  3888 D LogWriteUtil.class=LogFileHandlerThread.class: 1getFilePath: logFormat=2022-10-11, LogWriteUtil.logPathDir=/custom/metro/log
10-11 16:09:43.048  3867  3888 D LogWriteUtil.class=LogFileHandlerThread.class: 2getFilePath: filePath=/custom/metro/log/2022-10-11
10-11 16:09:43.048  3867  3888 D LogWriteUtil.class=LogFileHandlerThread.class: getFileNameSuffix: file=/custom/metro/log/2022-10-11
10-11 16:09:43.050  3867  3888 D LogWriteUtil.class=LogFileHandlerThread.class: 2getCurrentFileName: index=3, LogWriteUtil.logfile=app.log, getFileNameSuffix=11
10-11 16:09:43.051  3867  3888 D LogWriteUtil.class=LogFileHandlerThread.class: 1getFilePath: logFormat=2022-10-11, LogWriteUtil.logPathDir=/custom/metro/log
10-11 16:09:43.051  3867  3888 D LogWriteUtil.class=LogFileHandlerThread.class: 2getFilePath: filePath=/custom/metro/log/2022-10-11
10-11 16:09:43.051  3867  3888 D LogWriteUtil.class=LogFileHandlerThread.class: getFileNameSuffix: file=/custom/metro/log/2022-10-11
10-11 16:09:43.051  3867  3888 D LogWriteUtil.class=LogFileHandlerThread.class: 3getCurrentFileName: logFileName=app11.log
10-11 16:09:43.051  3867  3888 D LogWriteUtil.class=LogFileHandlerThread.class: 1getCurrentFileName: LogWriteUtil.logfile=app.log
10-11 16:09:43.052  3867  3888 D LogWriteUtil.class=LogFileHandlerThread.class: 1getFilePath: logFormat=2022-10-11, LogWriteUtil.logPathDir=/custom/metro/log
10-11 16:09:43.052  3867  3888 D LogWriteUtil.class=LogFileHandlerThread.class: 2getFilePath: filePath=/custom/metro/log/2022-10-11
10-11 16:09:43.052  3867  3888 D LogWriteUtil.class=LogFileHandlerThread.class: getFileNameSuffix: file=/custom/metro/log/2022-10-11
10-11 16:09:43.053  3867  3888 D LogWriteUtil.class=LogFileHandlerThread.class: 2getCurrentFileName: index=3, LogWriteUtil.logfile=app.log, getFileNameSuffix=11
10-11 16:09:43.054  3867  3888 D LogWriteUtil.class=LogFileHandlerThread.class: 1getFilePath: logFormat=2022-10-11, LogWriteUtil.logPathDir=/custom/metro/log
10-11 16:09:43.054  3867  3888 D LogWriteUtil.class=LogFileHandlerThread.class: 2getFilePath: filePath=/custom/metro/log/2022-10-11
10-11 16:09:43.054  3867  3888 D LogWriteUtil.class=LogFileHandlerThread.class: getFileNameSuffix: file=/custom/metro/log/2022-10-11
10-11 16:09:43.054  3867  3888 D LogWriteUtil.class=LogFileHandlerThread.class: 3getCurrentFileName: logFileName=app11.log
10-11 16:09:43.054  3867  3888 D TAG     : 2,initFile: /custom/metro/log/2022-10-11/app11.log, logFile.length=0, getCurrentFileName()=app11.log, writeFileName=/custom/metro/log/2022-10-11/app10.log
10-11 16:09:43.055  3867  3888 D LogWriteUtil.class=LogFileHandlerThread.class: 8,initFile: logFile=/custom/metro/log/2022-10-11/app11.log, logFile.length=0
10-11 16:09:43.055   608  1054 D audio_hw_primary: disable_audio_route: reset and update mixer path: low-latency-playback
10-11 16:09:43.060   608  1054 D soundtrigger: audio_extn_sound_trigger_update_stream_status: uc_id 1 of type 0 for Event 2, with Raise=0
10-11 16:09:43.060   608  1054 D hardware_info: hw_info_append_hw_type : device_name = speaker
10-11 16:09:43.060   608  1054 D audio_hw_primary: disable_snd_device: snd_device(2: speaker)
10-11 16:09:43.060   608  1054 D msm8916_platform: platform_can_split_snd_device: snd_device(2) num devices(0) new_snd_devices(0)
10-11 16:09:43.072   608  1054 D aud_dev_arbi: releaseOneDevice: not sending command, device argument (2) does not match any registered device
10-11 16:09:43.072   608  1054 D aud_dev_arbi: releaseOneDevice: device 2 owner is 0
10-11 16:09:43.072   608  1054 I soundtrigger: audio_extn_sound_trigger_update_device_status: device 0x2 of type 0 for Event 0, with Raise=0
10-11 16:09:43.073   608  1054 D audio_hw_primary: out_standby: exit
10-11 16:09:43.115  3867  3960 D TAG     : getSystemTime_currentThreadID3s: 97, isActive=true
10-11 16:09:43.273  3867  3867 D SystemFragment: onClickview: 2131231178
10-11 16:09:43.276   608   608 I AudioPolicyManagerCustom: FLAG None hence request for a primary output
10-11 16:09:43.277   608  3379 I AudioPolicyManagerCustom: FLAG None hence request for a primary output
10-11 16:09:43.285   608  1054 D audio_hw_primary: out_set_parameters: enter: usecase(1: low-latency-playback) kvpairs: routing=2
10-11 16:09:43.286   608  1054 D audio_hw_extn: audio_extn_set_anc_parameters: anc_enabled:0
10-11 16:09:43.286   608  1054 D audio_hw_spkr_prot: audio_extn_fbsp_set_parameters: Speaker protection disabled
10-11 16:09:43.290   608  1054 D audio_hw_primary: start_output_stream: enter: stream(0xf191d800)usecase(1: low-latency-playback) devices(0x2)
10-11 16:09:43.290  3867  3867 D GroupHelper: getGroupByNumber : group nuber is +866027312
10-11 16:09:43.292   608  1054 D audio_hw_primary: select_devices for use case (low-latency-playback)
10-11 16:09:43.292   608  1054 D audio_hw_primary: select_devices: out_snd_device(2: speaker) in_snd_device(0: )
10-11 16:09:43.292   608  1054 I msm8916_platform: platform_check_and_set_codec_backend_cfg:becf: afe: bitwidth 16, samplerate 48000 channels 2, backend_idx 0 usecase = 1 device (speaker)
10-11 16:09:43.292   608  1054 D msm8916_platform: platform_can_split_snd_device: snd_device(2) num devices(1) new_snd_devices(999428)
10-11 16:09:43.292   608  1054 I msm8916_platform: platform_check_and_set_codec_backend_cfg: becf: new_snd_devices[0] is speaker
10-11 16:09:43.292   608  1054 I msm8916_platform: platform_check_codec_backend_cfg:becf: afe: Codec selected backend: 0 current bit width: 16 sample rate: 48000 channels: 2
10-11 16:09:43.292   608  1054 D msm8916_platform: platform_check_codec_backend_cfg:becf: afe: playback on non-44.1-support device Configure afe to default Sample Rate(48k)
10-11 16:09:43.292   608  1054 D msm8916_platform: platform_check_codec_backend_cfg:becf: afe: only 48KHZ sample rate is supported Configure afe to default Sample Rate(48k)
10-11 16:09:43.292   608  1054 I msm8916_platform: platform_check_codec_backend_cfg:becf: afe: Codec selected backend: 0 updated bit width: 16 and sample rate: 48000
10-11 16:09:43.292   608  1054 D audio_hw_primary: check_usecases_codec_backend:becf: force routing 0
10-11 16:09:43.292   608  1054 E msm8916_platform: platform_check_backends_match: Invalid snd_device = 
10-11 16:09:43.292   608  1054 D audio_hw_primary: check_usecases_codec_backend:becf: (40) check_usecases curr device: speaker, usecase device: backends match 0
10-11 16:09:43.292   608  1054 D audio_hw_primary: check_usecases_codec_backend:becf: check_usecases num.of Usecases to switch 0
10-11 16:09:43.292   608  1054 D hardware_info: hw_info_append_hw_type : device_name = speaker
10-11 16:09:43.293   608  1054 D msm8916_platform: platform_can_split_snd_device: snd_device(2) num devices(0) new_snd_devices(0)
10-11 16:09:43.293   608  1054 D audio_hw_primary: enable_snd_device: snd_device(2: speaker)
10-11 16:09:43.293   608  1054 I soundtrigger: audio_extn_sound_trigger_update_device_status: device 0x2 of type 0 for Event 1, with Raise=0
10-11 16:09:43.293   608  1054 D aud_dev_arbi: acquireOneDevice: device owner for device 2 is 1
10-11 16:09:43.296   441  2262 E ANDR-PERF-MPCTL: Invalid profile no. 0, total profiles 0 only
10-11 16:09:43.299  3867  3867 V GroupHelper: getGroupByNumber result cursor: android.content.ContentResolver$CursorWrapperInner@e275efc
10-11 16:09:43.304   608  1054 I audio_hw_primary: select_devices Selected apptype: 69937
10-11 16:09:43.304   608  1054 D soundtrigger: audio_extn_sound_trigger_update_stream_status: uc_id 1 of type 0 for Event 3, with Raise=0
10-11 16:09:43.305   608  1054 I audio_hw_utils: audio_extn_utils_send_app_type_cfg PLAYBACK app_type = 69937, acdb_dev_id = 14, sample_rate = 48000
10-11 16:09:43.305   608  1054 D msm8916_platform: platform_can_split_snd_device: snd_device(2) num devices(1) new_snd_devices(0)
10-11 16:09:43.305   608  1054 D ACDB-LOADER: ACDB -> send_audio_cal, acdb_id = 14, path = 0, app id = 0x11131, sample rate = 48000
10-11 16:09:43.305   608  1054 D ACDB-LOADER: ACDB -> send_asm_topology
10-11 16:09:43.305   608  1054 D ACDB-LOADER: ACDB -> ACDB_CMD_GET_AUDPROC_STREAM_TOPOLOGY_ID
10-11 16:09:43.306   608  1054 D ACDB-LOADER: ACDB -> send_adm_topology
10-11 16:09:43.306   608  1054 D ACDB-LOADER: ACDB -> ACDB_CMD_GET_AUDPROC_COMMON_TOPOLOGY_ID
10-11 16:09:43.306   608  1054 D ACDB-LOADER: ACDB -> send_audtable
10-11 16:09:43.306   608  1054 D ACDB-LOADER: ACDB -> ACDB_CMD_GET_AUDPROC_COMMON_TABLE_SIZE
10-11 16:09:43.306   608  1054 D ACDB-LOADER: ACDB -> ACDB_CMD_GET_AUDPROC_COMMON_TABLE
10-11 16:09:43.306   608  1054 D ACDB-LOADER: ACDB -> AUDIO_SET_AUDPROC_CAL
10-11 16:09:43.306   608  1054 D ACDB-LOADER: ACDB -> send_audvoltable
10-11 16:09:43.306   608  1054 D ACDB-LOADER: ACDB -> ACDB_CMD_GET_AUDPROC_GAIN_DEP_STEP_TABLE, vol index 0
10-11 16:09:43.306   608  1054 D ACDB-LOADER: ACDB -> AUDIO_SET_VOL_CAL cal type = 12
10-11 16:09:43.306   608  1054 D ACDB-LOADER: ACDB -> send_audstrmtable
10-11 16:09:43.306   608  1054 D ACDB-LOADER: ACDB -> ACDB_CMD_GET_AUDPROC_STREAM_TABLE_V2
10-11 16:09:43.306   608  1054 D ACDB-LOADER: ACDB -> audstrm_cal->cal_type.cal_data.cal_size = 16
10-11 16:09:43.306   608  1054 D ACDB-LOADER: ACDB -> send_afe_topology
10-11 16:09:43.306   608  1054 D ACDB-LOADER: ACDB -> ACDB_CMD_GET_AFE_TOPOLOGY_ID
10-11 16:09:43.306   608  1054 D ACDB-LOADER: ACDB -> GET_AFE_TOPOLOGY_ID for adcd_id 14, Topology Id 1025e
10-11 16:09:43.306   608  1054 D ACDB-LOADER: ACDB -> send_afe_cal
10-11 16:09:43.306   608  1054 D ACDB-LOADER: ACDB -> ACDB_CMD_GET_AFE_COMMON_TABLE
10-11 16:09:43.306   608  1054 D ACDB-LOADER: ACDB -> AUDIO_SET_AFE_CAL
10-11 16:09:43.306   608  1054 D ACDB-LOADER: ACDB -> send_hw_delay : acdb_id = 14 path = 0
10-11 16:09:43.306   608  1054 D ACDB-LOADER: ACDB -> ACDB_AVSYNC_INFO: ACDB_CMD_GET_DEVICE_PROPERTY
10-11 16:09:43.307   608  1054 D audio_hw_primary: enable_audio_route: apply mixer and update path: low-latency-playback
10-11 16:09:43.307  3867  3867 D GroupHelper: modifyGroup : target group name is S2
10-11 16:09:43.307  3867  3920 D GotaSystemHandler: handleMessage msg.what =GROUPMANAGER_RESP_UPDATE_SCAN_GROUP;msg.arg1=0
10-11 16:09:43.307  3867  3920 D LTEPhone: processRequest msg.what=GROUPMANAGER_RESP_UPDATE_SCAN_GROUP
10-11 16:09:43.307  3867  3920 D LTEGroupManager: LteGroupTracker handleMessage: GROUPMANAGER_RESP_UPDATE_SCAN_GROUP
10-11 16:09:43.307  3867  3920 D LTEGroupManager: updateScanGroupInfo()
10-11 16:09:43.307  3867  3920 D GroupStatusNormal: setScanGroup,scanInfo:cause:0,count:0,
10-11 16:09:43.311   608  1054 D audio_hw_primary: select_devices: done
10-11 16:09:43.316   608  1054 D msm8916_platform: platform_set_channel_map mixer_ctl_name:Playback Channel Map12
10-11 16:09:43.316   608  1054 D msm8916_platform: platform_set_channel_map: set mapping(1 2 0 0 0 0 0 0) for channel:2
10-11 16:09:43.332  3867  3920 D GroupStatusNormal: setScanGroup,DynamicGroup in db null,do nothing
10-11 16:09:43.333  3867  3920 D GroupStatusNormal: updateScanGroupInfo() callStaus is 0
10-11 16:09:43.333  3867  3920 D LTEGroupManager: switch group status GroupStatusNormal -----> GroupStatusSetScan
10-11 16:09:43.333  3867  3920 D LTERILJ : [0041]> RIL_REQUEST_ZTE_UPDATE_SCANGROUPINFO
10-11 16:09:43.333  3867  3867 D GroupHelper: modifyGroup : target group name is S2
10-11 16:09:43.345  3867  3867 D GroupHelper: modifyGroup : target group name is S2
10-11 16:09:43.357  3867  3867 D GroupHelper: modifyGroup : target group name is S2
10-11 16:09:43.368  3867  3867 D GotaSettingsHelper: String putValues key:4 value:0
10-11 16:09:43.369  3867  3867 E SettingsProvider: update
10-11 16:09:43.380   608  1054 D audio_hw_primary: start_output_stream: exit
10-11 16:09:43.386  3867  3923 D LTERILJ : [0041]< RIL_REQUEST_ZTE_UPDATE_SCANGROUPINFO 
10-11 16:09:43.397  3867  3960 D MainViewModel: getSystemTime_currentThreadID2: 97
10-11 16:09:43.432  3867  3923 I LTERILJ : XXX set ScanInfo success
10-11 16:09:43.432  3867  3923 D LTERILJ : [UNSL]< RIL_UNSOL_NOTIFY_PTT_SCAN_INFO_RSP
10-11 16:09:43.433  3867  3924 D LTEGroupManager: LteGroupTracker handleMessage: GROUPMANAGER_RESP_UPDATE_SCAN_RSP
10-11 16:09:43.433  3867  3924 D GroupStatusSetScan: handleUpdateScan result is 0
10-11 16:09:43.433  3867  3924 D LTEGroupManager: switch group status GroupStatusSetScan -----> GroupStatusNormal
10-11 16:09:43.433  3867  3924 D GroupStatusSetScan: handleUpdateScan in:cause:0,count:0, out:cause:0,count:0,
10-11 16:09:43.433  3867  3924 D GroupStatusSetScan: handleUpdateScan in equals out, set scaninfo done.
10-11 16:09:43.613  3867  3867 D SystemFragment: onClickview: 2131231178
10-11 16:09:43.615   608  1274 I AudioPolicyManagerCustom: FLAG None hence request for a primary output
10-11 16:09:43.615   608  2059 I AudioPolicyManagerCustom: FLAG None hence request for a primary output
10-11 16:09:43.619   608  1054 D audio_hw_primary: out_set_parameters: enter: usecase(1: low-latency-playback) kvpairs: routing=2
10-11 16:09:43.622   608  1054 D audio_hw_primary: select_devices for use case (low-latency-playback)
10-11 16:09:43.623   608  1054 D audio_hw_extn: audio_extn_set_anc_parameters: anc_enabled:0
10-11 16:09:43.623   608  1054 D audio_hw_spkr_prot: audio_extn_fbsp_set_parameters: Speaker protection disabled
10-11 16:09:43.627  3867  3867 D GroupHelper: getGroupByNumber : group nuber is +866027312
10-11 16:09:43.630  3867  3867 V GroupHelper: getGroupByNumber result cursor: android.content.ContentResolver$CursorWrapperInner@c4223a6
10-11 16:09:43.637  3867  3960 D TAG     : getSystemTime_currentThreadID3s: 97, isActive=true
10-11 16:09:43.798  3867  3867 D SystemFragment: onClickview: 2131231178
10-11 16:09:43.799   608  3379 I AudioPolicyManagerCustom: FLAG None hence request for a primary output
10-11 16:09:43.801   608  1274 I AudioPolicyManagerCustom: FLAG None hence request for a primary output
10-11 16:09:43.806   608  1054 D audio_hw_primary: out_set_parameters: enter: usecase(1: low-latency-playback) kvpairs: routing=2
10-11 16:09:43.807  3867  3867 D GroupHelper: getGroupByNumber : group nuber is +866027312
10-11 16:09:43.810   608  1054 D audio_hw_primary: select_devices for use case (low-latency-playback)
10-11 16:09:43.810   608  1054 D audio_hw_extn: audio_extn_set_anc_parameters: anc_enabled:0
10-11 16:09:43.811   608  1054 D audio_hw_spkr_prot: audio_extn_fbsp_set_parameters: Speaker protection disabled
10-11 16:09:43.815  3867  3867 V GroupHelper: getGroupByNumber result cursor: android.content.ContentResolver$CursorWrapperInner@c03443d
10-11 16:09:43.901  3867  3960 D MainViewModel: getSystemTime_currentThreadID2: 97
10-11 16:09:44.014  3867  3964 D UdpDcRepository: api send - Thread ID=101, obj={"MsgName":"GetStationATSReq","MsgSeqID":16,"AppID":"172.2.200.12","MsgInfo":{}}
10-11 16:09:44.018  3867  3867 D MainActivity: updateSignalIcon: signal=4
10-11 16:09:44.021  3867  3964 I APP_LogUtils.kt: [(LogUtils.kt:50).i()] [UdpDisServices] start: send(String) - thread ID=101, send msg={"MsgName":"GetStationATSReq","MsgSeqID":16,"AppID":"172.2.200.12","MsgInfo":{}}
10-11 16:09:44.023  3867  3888 D LogWriteUtil.class=LogFileHandlerThread.class: 1getFilePath: logFormat=2022-10-11, LogWriteUtil.logPathDir=/custom/metro/log
10-11 16:09:44.023  3867  3888 D LogWriteUtil.class=LogFileHandlerThread.class: 2getFilePath: filePath=/custom/metro/log/2022-10-11
10-11 16:09:44.023  3867  3888 D LogWriteUtil.class=LogFileHandlerThread.class: 1getCurrentFileName: LogWriteUtil.logfile=app.log
10-11 16:09:44.024  3867  3888 D LogWriteUtil.class=LogFileHandlerThread.class: 1getFilePath: logFormat=2022-10-11, LogWriteUtil.logPathDir=/custom/metro/log
10-11 16:09:44.024  3867  3888 D LogWriteUtil.class=LogFileHandlerThread.class: 2getFilePath: filePath=/custom/metro/log/2022-10-11
10-11 16:09:44.025  3867  3888 D LogWriteUtil.class=LogFileHandlerThread.class: getFileNameSuffix: file=/custom/metro/log/2022-10-11
10-11 16:09:44.032  3867  3923 I rilj    : EMCI Detial(CellId--->Tav): 5378,255,2,"460702",255,65535,59,65535,255,255,57,28,16,255,1185411028021,0,0,0,0,0,0,0,0
10-11 16:09:44.032  3867  3923 D LTERILJ : [UNSL]< RIL_UNSOL_NOTIFY_EMCI_DETAIL
10-11 16:09:44.027  3867  3888 D LogWriteUtil.class=LogFileHandlerThread.class: 2getCurrentFileName: index=3, LogWriteUtil.logfile=app.log, getFileNameSuffix=11
10-11 16:09:44.033  3867  3920 D LTEPhone: EVENT_FOR_EMCI_DETAIL
10-11 16:09:44.033  3867  3964 D UdpDcRepository: api send - Thread ID=101, obj={"MsgName":"AppHeartbeat","MsgSeqID":17,"AppID":"172.2.200.12","MsgInfo":{"SDKLongNumber":"+866022012"}}
10-11 16:09:44.033  3867  3920 D LTEServiceTracker: setCellId cellId:5378,"460702"
10-11 16:09:44.035  3867  3888 D LogWriteUtil.class=LogFileHandlerThread.class: 1getFilePath: logFormat=2022-10-11, LogWriteUtil.logPathDir=/custom/metro/log
10-11 16:09:44.035  3867  3888 D LogWriteUtil.class=LogFileHandlerThread.class: 2getFilePath: filePath=/custom/metro/log/2022-10-11
10-11 16:09:44.036  3867  3888 D LogWriteUtil.class=LogFileHandlerThread.class: getFileNameSuffix: file=/custom/metro/log/2022-10-11
10-11 16:09:44.037  3867  3888 D LogWriteUtil.class=LogFileHandlerThread.class: 3getCurrentFileName: logFileName=app11.log
10-11 16:09:44.037  3867  3888 D LogWriteUtil.class=LogFileHandlerThread.class: 1,initFile: getFilePath()=/custom/metro/log/2022-10-11, getCurrentFileName=app11.log
10-11 16:09:44.038  3867  3888 D LogWriteUtil.class=LogFileHandlerThread.class: 1getFilePath: logFormat=2022-10-11, LogWriteUtil.logPathDir=/custom/metro/log
10-11 16:09:44.038  3867  3888 D LogWriteUtil.class=LogFileHandlerThread.class: 2getFilePath: filePath=/custom/metro/log/2022-10-11
10-11 16:09:44.038  3867  3888 D LogWriteUtil.class=LogFileHandlerThread.class: 1getCurrentFileName: LogWriteUtil.logfile=app.log
