10-11 15:48:03.468  4965  4986 D LogWriteUtil.class=LogFileHandlerThread.class: 1getFilePath: logFormat=2022-10-11, LogWriteUtil.logPathDir=/custom/metro/log
10-11 15:48:03.468  4965  4986 D LogWriteUtil.class=LogFileHandlerThread.class: 2getFilePath: filePath=/custom/metro/log/2022-10-11
10-11 15:48:03.468  4965  4986 D LogWriteUtil.class=LogFileHandlerThread.class: getFileNameSuffix: file=/custom/metro/log/2022-10-11
10-11 15:48:03.468  4965  4986 D LogWriteUtil.class=LogFileHandlerThread.class: 3getCurrentFileName: logFileName=app8.log
10-11 15:48:03.468  4965  4986 D LogWriteUtil.class=LogFileHandlerThread.class: 1,initFile: getFilePath()=/custom/metro/log/2022-10-11, getCurrentFileName=app8.log
10-11 15:48:03.469  4965  4986 D LogWriteUtil.class=LogFileHandlerThread.class: 1getFilePath: logFormat=2022-10-11, LogWriteUtil.logPathDir=/custom/metro/log
10-11 15:48:03.469  4965  4986 D LogWriteUtil.class=LogFileHandlerThread.class: 2getFilePath: filePath=/custom/metro/log/2022-10-11
10-11 15:48:03.469  4965  4986 D LogWriteUtil.class=LogFileHandlerThread.class: 1getCurrentFileName: LogWriteUtil.logfile=app.log
10-11 15:48:03.470  4965  4986 D LogWriteUtil.class=LogFileHandlerThread.class: 1getFilePath: logFormat=2022-10-11, LogWriteUtil.logPathDir=/custom/metro/log
10-11 15:48:03.470  4965  4986 D LogWriteUtil.class=LogFileHandlerThread.class: 2getFilePath: filePath=/custom/metro/log/2022-10-11
10-11 15:48:03.470  4965  4986 D LogWriteUtil.class=LogFileHandlerThread.class: getFileNameSuffix: file=/custom/metro/log/2022-10-11
10-11 15:48:03.471  4965  4986 D LogWriteUtil.class=LogFileHandlerThread.class: 2getCurrentFileName: index=3, LogWriteUtil.logfile=app.log, getFileNameSuffix=8
10-11 15:48:03.471  4965  4986 D LogWriteUtil.class=LogFileHandlerThread.class: 1getFilePath: logFormat=2022-10-11, LogWriteUtil.logPathDir=/custom/metro/log
10-11 15:48:03.472  4965  4986 D LogWriteUtil.class=LogFileHandlerThread.class: 2getFilePath: filePath=/custom/metro/log/2022-10-11
10-11 15:48:03.472  4965  4986 D LogWriteUtil.class=LogFileHandlerThread.class: getFileNameSuffix: file=/custom/metro/log/2022-10-11
10-11 15:48:03.473  4965  4986 D LogWriteUtil.class=LogFileHandlerThread.class: 3getCurrentFileName: logFileName=app8.log
10-11 15:48:03.473  4965  4986 D LogWriteUtil.class=LogFileHandlerThread.class: 1getCurrentFileName: LogWriteUtil.logfile=app.log
10-11 15:48:03.475  4965  4986 D LogWriteUtil.class=LogFileHandlerThread.class: 1getFilePath: logFormat=2022-10-11, LogWriteUtil.logPathDir=/custom/metro/log
10-11 15:48:03.475  4965  4986 D LogWriteUtil.class=LogFileHandlerThread.class: 2getFilePath: filePath=/custom/metro/log/2022-10-11
10-11 15:48:03.475  4965  4986 D LogWriteUtil.class=LogFileHandlerThread.class: getFileNameSuffix: file=/custom/metro/log/2022-10-11
10-11 15:48:03.476  4965  4986 D LogWriteUtil.class=LogFileHandlerThread.class: 2getCurrentFileName: index=3, LogWriteUtil.logfile=app.log, getFileNameSuffix=8
10-11 15:48:03.476  4965  4986 D LogWriteUtil.class=LogFileHandlerThread.class: 1getFilePath: logFormat=2022-10-11, LogWriteUtil.logPathDir=/custom/metro/log
10-11 15:48:03.477  4965  4986 D LogWriteUtil.class=LogFileHandlerThread.class: 2getFilePath: filePath=/custom/metro/log/2022-10-11
10-11 15:48:03.477  4965  4986 D LogWriteUtil.class=LogFileHandlerThread.class: getFileNameSuffix: file=/custom/metro/log/2022-10-11
10-11 15:48:03.477  4965  4986 D LogWriteUtil.class=LogFileHandlerThread.class: 3getCurrentFileName: logFileName=app8.log
10-11 15:48:03.477  4965  4986 D TAG     : 2,initFile: /custom/metro/log/2022-10-11/app8.log, logFile.length=1419271, getCurrentFileName()=app8.log, writeFileName=/custom/metro/log/2022-10-11/app8.log
10-11 15:48:03.478  4965  4986 D LogWriteUtil.class=LogFileHandlerThread.class: 8,initFile: logFile=/custom/metro/log/2022-10-11/app8.log, logFile.length=1419271
10-11 15:48:03.494  4965  5038 D UdpDisServices: udp receive - api receive data disApi, udp service id=186  - udp.packet.address=/172.2.208.8, udp.pack.socketAddress=/172.2.208.8:64002, udp.port=64002- running=true - message={"MsgSeqID":1233505,"MsgName":"DisReceivedNotify","MsgInfo":{"AppMsgSeqID":3462,"Code":10001}}
10-11 15:48:03.494  4965  5038 I APP_LogUtils.kt: [(LogUtils.kt:50).i()] [UdpDisServices] udp receive - api receive data disApi, udp service id=186 - running=true  - ip=/172.2.208.8 - port=64002 - message={"MsgSeqID":1233505,"MsgName":"DisReceivedNotify","MsgInfo":{"AppMsgSeqID":3462,"Code":10001}}
10-11 15:48:03.496  4965  4965 D MainActivity: onMessageEvent  -- gginit: disApi, id=1---event={"MsgSeqID":1233505,"MsgName":"DisReceivedNotify","MsgInfo":{"AppMsgSeqID":3462,"Code":10001}}
10-11 15:48:03.496  4965  4965 D MainViewModel: 1processDisApi: disApi, id=1
10-11 15:48:03.496  4965  4986 D LogWriteUtil.class=LogFileHandlerThread.class: 1getFilePath: logFormat=2022-10-11, LogWriteUtil.logPathDir=/custom/metro/log
10-11 15:48:03.496  4965  4986 D LogWriteUtil.class=LogFileHandlerThread.class: 2getFilePath: filePath=/custom/metro/log/2022-10-11
10-11 15:48:03.496  4965  4986 D LogWriteUtil.class=LogFileHandlerThread.class: 1getCurrentFileName: LogWriteUtil.logfile=app.log
10-11 15:48:03.496  4965  7262 D DisApiSingletonReceive: processingData: disApi, id=374 - data={"MsgSeqID":1233505,"MsgName":"DisReceivedNotify","MsgInfo":{"AppMsgSeqID":3462,"Code":10001}}
10-11 15:48:03.497  4965  4986 D LogWriteUtil.class=LogFileHandlerThread.class: 1getFilePath: logFormat=2022-10-11, LogWriteUtil.logPathDir=/custom/metro/log
10-11 15:48:03.497  4965  4986 D LogWriteUtil.class=LogFileHandlerThread.class: 2getFilePath: filePath=/custom/metro/log/2022-10-11
10-11 15:48:03.497  4965  4986 D LogWriteUtil.class=LogFileHandlerThread.class: getFileNameSuffix: file=/custom/metro/log/2022-10-11
10-11 15:48:03.497  4965  4986 D LogWriteUtil.class=LogFileHandlerThread.class: 2getCurrentFileName: index=3, LogWriteUtil.logfile=app.log, getFileNameSuffix=8
10-11 15:48:03.498  4965  4986 D LogWriteUtil.class=LogFileHandlerThread.class: 1getFilePath: logFormat=2022-10-11, LogWriteUtil.logPathDir=/custom/metro/log
10-11 15:48:03.498  4965  4986 D LogWriteUtil.class=LogFileHandlerThread.class: 2getFilePath: filePath=/custom/metro/log/2022-10-11
10-11 15:48:03.498  4965  4986 D LogWriteUtil.class=LogFileHandlerThread.class: getFileNameSuffix: file=/custom/metro/log/2022-10-11
10-11 15:48:03.498  4965  7262 D DisApiSingletonReceive: processingDisReceivedNotify: info=DisReceivedNotifyApiData(msgName=DisReceivedNotify, msgSeqID=1233505, msgInfo=ReceivedNotifyData(appMsgSeqID=0, code=10001))
10-11 15:48:03.498  4965  4986 D LogWriteUtil.class=LogFileHandlerThread.class: 3getCurrentFileName: logFileName=app8.log
10-11 15:48:03.498  4965  4986 D LogWriteUtil.class=LogFileHandlerThread.class: 1,initFile: getFilePath()=/custom/metro/log/2022-10-11, getCurrentFileName=app8.log
10-11 15:48:03.499  4965  4986 D LogWriteUtil.class=LogFileHandlerThread.class: 1getFilePath: logFormat=2022-10-11, LogWriteUtil.logPathDir=/custom/metro/log
10-11 15:48:03.499  4965  4986 D LogWriteUtil.class=LogFileHandlerThread.class: 2getFilePath: filePath=/custom/metro/log/2022-10-11
10-11 15:48:03.499  4965  4986 D LogWriteUtil.class=LogFileHandlerThread.class: 1getCurrentFileName: LogWriteUtil.logfile=app.log
10-11 15:48:03.500  4965  4986 D LogWriteUtil.class=LogFileHandlerThread.class: 1getFilePath: logFormat=2022-10-11, LogWriteUtil.logPathDir=/custom/metro/log
10-11 15:48:03.500  4965  4986 D LogWriteUtil.class=LogFileHandlerThread.class: 2getFilePath: filePath=/custom/metro/log/2022-10-11
10-11 15:48:03.501  4965  4986 D LogWriteUtil.class=LogFileHandlerThread.class: getFileNameSuffix: file=/custom/metro/log/2022-10-11
10-11 15:48:03.501  4965  4986 D LogWriteUtil.class=LogFileHandlerThread.class: 2getCurrentFileName: index=3, LogWriteUtil.logfile=app.log, getFileNameSuffix=8
10-11 15:48:03.502  4965  4986 D LogWriteUtil.class=LogFileHandlerThread.class: 1getFilePath: logFormat=2022-10-11, LogWriteUtil.logPathDir=/custom/metro/log
10-11 15:48:03.502  4965  4986 D LogWriteUtil.class=LogFileHandlerThread.class: 2getFilePath: filePath=/custom/metro/log/2022-10-11
10-11 15:48:03.502  4965  4986 D LogWriteUtil.class=LogFileHandlerThread.class: getFileNameSuffix: file=/custom/metro/log/2022-10-11
10-11 15:48:03.502  4965  4986 D LogWriteUtil.class=LogFileHandlerThread.class: 3getCurrentFileName: logFileName=app8.log
10-11 15:48:03.503  4965  4986 D LogWriteUtil.class=LogFileHandlerThread.class: 1getCurrentFileName: LogWriteUtil.logfile=app.log
10-11 15:48:03.503  4965  4986 D LogWriteUtil.class=LogFileHandlerThread.class: 1getFilePath: logFormat=2022-10-11, LogWriteUtil.logPathDir=/custom/metro/log
10-11 15:48:03.503  4965  4986 D LogWriteUtil.class=LogFileHandlerThread.class: 2getFilePath: filePath=/custom/metro/log/2022-10-11
10-11 15:48:03.504  4965  4986 D LogWriteUtil.class=LogFileHandlerThread.class: getFileNameSuffix: file=/custom/metro/log/2022-10-11
10-11 15:48:03.504  4965  4986 D LogWriteUtil.class=LogFileHandlerThread.class: 2getCurrentFileName: index=3, LogWriteUtil.logfile=app.log, getFileNameSuffix=8
10-11 15:48:03.505  4965  4986 D LogWriteUtil.class=LogFileHandlerThread.class: 1getFilePath: logFormat=2022-10-11, LogWriteUtil.logPathDir=/custom/metro/log
10-11 15:48:03.505  4965  4986 D LogWriteUtil.class=LogFileHandlerThread.class: 2getFilePath: filePath=/custom/metro/log/2022-10-11
10-11 15:48:03.505  4965  4986 D LogWriteUtil.class=LogFileHandlerThread.class: getFileNameSuffix: file=/custom/metro/log/2022-10-11
10-11 15:48:03.506  4965  4986 D LogWriteUtil.class=LogFileHandlerThread.class: 3getCurrentFileName: logFileName=app8.log
10-11 15:48:03.506  4965  4986 D TAG     : 2,initFile: /custom/metro/log/2022-10-11/app8.log, logFile.length=1419489, getCurrentFileName()=app8.log, writeFileName=/custom/metro/log/2022-10-11/app8.log
10-11 15:48:03.506  4965  4986 D LogWriteUtil.class=LogFileHandlerThread.class: 8,initFile: logFile=/custom/metro/log/2022-10-11/app8.log, logFile.length=1419489
10-11 15:48:03.512  4965  5029 D UdpMasterServices: udp receive - 1 - gginit api receive data masterApi, udp service id=178 - running=true - message={"MsgName":"HeartBeatReq","MsgSeqID":4956,"MsgInfo":{"Time":1665474483}}
10-11 15:48:03.512  4965  5029 D UdpMasterServices: ++++++++++++++++++++++++++++++++++++++++++++++++++++++++++++++++++++++++++++++++++++
10-11 15:48:03.513  4965  5029 I APP_LogUtils.kt: [(LogUtils.kt:50).i()] [UdpMasterServices] xlog - api receive data disApi, udp service id=178 - running=true - message={"MsgName":"HeartBeatReq","MsgSeqID":4956,"MsgInfo":{"Time":1665474483}}
10-11 15:48:03.514  4965  4986 D LogWriteUtil.class=LogFileHandlerThread.class: 1getFilePath: logFormat=2022-10-11, LogWriteUtil.logPathDir=/custom/metro/log
10-11 15:48:03.514  4965  4986 D LogWriteUtil.class=LogFileHandlerThread.class: 2getFilePath: filePath=/custom/metro/log/2022-10-11
10-11 15:48:03.514  4965  5029 D UdpMasterServices: receive: data id=178, running=true, msg=null
10-11 15:48:03.515  4965  4986 D LogWriteUtil.class=LogFileHandlerThread.class: 1getCurrentFileName: LogWriteUtil.logfile=app.log
10-11 15:48:03.515  4965  5029 D UdpMasterServices: udp receive - 1 - gginit api receive data masterApi, udp service id=178 - running=true - message={"MsgName":"GetStatusReq","MsgSeqID":4957,"MsgInfo":{}}
10-11 15:48:03.515  4965  5029 D UdpMasterServices: ++++++++++++++++++++++++++++++++++++++++++++++++++++++++++++++++++++++++++++++++++++
10-11 15:48:03.515  4965  5029 I APP_LogUtils.kt: [(LogUtils.kt:50).i()] [UdpMasterServices] xlog - api receive data disApi, udp service id=178 - running=true - message={"MsgName":"GetStatusReq","MsgSeqID":4957,"MsgInfo":{}}
10-11 15:48:03.515  4965  4986 D LogWriteUtil.class=LogFileHandlerThread.class: 1getFilePath: logFormat=2022-10-11, LogWriteUtil.logPathDir=/custom/metro/log
10-11 15:48:03.516  4965  4986 D LogWriteUtil.class=LogFileHandlerThread.class: 2getFilePath: filePath=/custom/metro/log/2022-10-11
10-11 15:48:03.516  4965  4986 D LogWriteUtil.class=LogFileHandlerThread.class: getFileNameSuffix: file=/custom/metro/log/2022-10-11
10-11 15:48:03.516  4965  5029 D UdpMasterServices: receive: data id=178, running=true, msg=null
10-11 15:48:03.516  4965  4986 D LogWriteUtil.class=LogFileHandlerThread.class: 2getCurrentFileName: index=3, LogWriteUtil.logfile=app.log, getFileNameSuffix=8
10-11 15:48:03.516  4965  5029 D UdpMasterServices: udp receive - 1 - gginit api receive data masterApi, udp service id=178 - running=true - message={"MsgName":"GetOperLogReq","MsgSeqID":4958,"MsgInfo":{"StartTime":1}}
10-11 15:48:03.516  4965  5029 D UdpMasterServices: ++++++++++++++++++++++++++++++++++++++++++++++++++++++++++++++++++++++++++++++++++++
10-11 15:48:03.516  4965  5029 I APP_LogUtils.kt: [(LogUtils.kt:50).i()] [UdpMasterServices] xlog - api receive data disApi, udp service id=178 - running=true - message={"MsgName":"GetOperLogReq","MsgSeqID":4958,"MsgInfo":{"StartTime":1}}
10-11 15:48:03.517  4965  4986 D LogWriteUtil.class=LogFileHandlerThread.class: 1getFilePath: logFormat=2022-10-11, LogWriteUtil.logPathDir=/custom/metro/log
10-11 15:48:03.517  4965  5029 D UdpMasterServices: receive: data id=178, running=true, msg=null
10-11 15:48:03.517  4965  4986 D LogWriteUtil.class=LogFileHandlerThread.class: 2getFilePath: filePath=/custom/metro/log/2022-10-11
10-11 15:48:03.517  4965  4986 D LogWriteUtil.class=LogFileHandlerThread.class: getFileNameSuffix: file=/custom/metro/log/2022-10-11
10-11 15:48:03.517  4965  4986 D LogWriteUtil.class=LogFileHandlerThread.class: 3getCurrentFileName: logFileName=app8.log
10-11 15:48:03.518  4965  4986 D LogWriteUtil.class=LogFileHandlerThread.class: 1,initFile: getFilePath()=/custom/metro/log/2022-10-11, getCurrentFileName=app8.log
10-11 15:48:03.518  4965  7262 D MasterApiReceive: processingHeartBeatData: HeartBeatInfo(time=1665474483, devSite=0)
10-11 15:48:03.518  4965  4986 D LogWriteUtil.class=LogFileHandlerThread.class: 1getFilePath: logFormat=2022-10-11, LogWriteUtil.logPathDir=/custom/metro/log
10-11 15:48:03.518  4965  4986 D LogWriteUtil.class=LogFileHandlerThread.class: 2getFilePath: filePath=/custom/metro/log/2022-10-11
10-11 15:48:03.518  4965  7222 D MasterApiReceive: processingStatusData: mMasterData=MasterAppStatusApiData(msgName=GetStatusReq, msgSeqID=4957, msgInfo={})
10-11 15:48:03.518  4965  4986 D LogWriteUtil.class=LogFileHandlerThread.class: 1getCurrentFileName: LogWriteUtil.logfile=app.log
10-11 15:48:03.519  4965  7063 D MasterApiReceive: processingOperLogData: mMasterData=MasterOperLogData(msgName=GetOperLogReq, msgSeqID=4958, msgInfo=OperLogInfo(startTime=1))
10-11 15:48:03.519  4965  4986 D LogWriteUtil.class=LogFileHandlerThread.class: 1getFilePath: logFormat=2022-10-11, LogWriteUtil.logPathDir=/custom/metro/log
10-11 15:48:03.519  4965  4986 D LogWriteUtil.class=LogFileHandlerThread.class: 2getFilePath: filePath=/custom/metro/log/2022-10-11
10-11 15:48:03.519  4965  4986 D LogWriteUtil.class=LogFileHandlerThread.class: getFileNameSuffix: file=/custom/metro/log/2022-10-11
10-11 15:48:03.520  4965  4986 D LogWriteUtil.class=LogFileHandlerThread.class: 2getCurrentFileName: index=3, LogWriteUtil.logfile=app.log, getFileNameSuffix=8
10-11 15:48:03.520  4965  4986 D LogWriteUtil.class=LogFileHandlerThread.class: 1getFilePath: logFormat=2022-10-11, LogWriteUtil.logPathDir=/custom/metro/log
10-11 15:48:03.521  4965  4986 D LogWriteUtil.class=LogFileHandlerThread.class: 2getFilePath: filePath=/custom/metro/log/2022-10-11
10-11 15:48:03.521  4965  4986 D LogWriteUtil.class=LogFileHandlerThread.class: getFileNameSuffix: file=/custom/metro/log/2022-10-11
10-11 15:48:03.521  4965  4986 D LogWriteUtil.class=LogFileHandlerThread.class: 3getCurrentFileName: logFileName=app8.log
10-11 15:48:03.521  4965  4986 D LogWriteUtil.class=LogFileHandlerThread.class: 1getCurrentFileName: LogWriteUtil.logfile=app.log
10-11 15:48:03.522  4965  5038 D UdpDisServices: udp receive - api receive data disApi, udp service id=186  - udp.packet.address=/172.2.208.8, udp.pack.socketAddress=/172.2.208.8:64002, udp.port=64002- running=true - message={"MsgSeqID":1233506,"MsgName":"GetStationATSRsp","MsgInfo":{"Code":10011,"StationATSInfos":[{"TrainGroupNumber":"211","ServiceNumber":"000","TrainCrewNumber":"000","TrainPosition":"1","TrainRunningPosition":"1","RailName":"T1206","StationID":"012","TerminalStationID":"000","DestinationID":"000"},{"TrainGroupNumber":"212","ServiceNumber":"000","TrainCrewNumber":"000","TrainPosition":"1","TrainRunningPosition":"1","RailName":"T1212","StationID":"012","TerminalStationID":"000","DestinationID":"000"}]}}
10-11 15:48:03.522  4965  4986 D LogWriteUtil.class=LogFileHandlerThread.class: 1getFilePath: logFormat=2022-10-11, LogWriteUtil.logPathDir=/custom/metro/log
10-11 15:48:03.522  4965  4986 D LogWriteUtil.class=LogFileHandlerThread.class: 2getFilePath: filePath=/custom/metro/log/2022-10-11
10-11 15:48:03.522  4965  4986 D LogWriteUtil.class=LogFileHandlerThread.class: getFileNameSuffix: file=/custom/metro/log/2022-10-11
10-11 15:48:03.523  4965  5038 I APP_LogUtils.kt: [(LogUtils.kt:50).i()] [UdpDisServices] udp receive - api receive data disApi, udp service id=186 - running=true  - ip=/172.2.208.8 - port=64002 - message={"MsgSeqID":1233506,"MsgName":"GetStationATSRsp","MsgInfo":{"Code":10011,"StationATSInfos":[{"TrainGroupNumber":"211","ServiceNumber":"000","TrainCrewNumber":"000","TrainPosition":"1","TrainRunningPosition":"1","RailName":"T1206","StationID":"012","TerminalStationID":"000","DestinationID":"000"},{"TrainGroupNumber":"212","ServiceNumber":"000","TrainCrewNumber":"000","TrainPosition":"1","TrainRunningPosition":"1","RailName":"T1212","StationID":"012","TerminalStationID":"000","DestinationID":"000"}]}}
10-11 15:48:03.523  4965  4986 D LogWriteUtil.class=LogFileHandlerThread.class: 2getCurrentFileName: index=3, LogWriteUtil.logfile=app.log, getFileNameSuffix=8
10-11 15:48:03.523  4965  5038 D UdpDisServices: udp receive - api receive data disApi, udp service id=186  - udp.packet.address=/172.2.208.8, udp.pack.socketAddress=/172.2.208.8:64002, udp.port=64002- running=true - message={"MsgSeqID":1233507,"MsgName":"DisReceivedNotify","MsgInfo":{"AppMsgSeqID":3463,"Code":10001}}
10-11 15:48:03.523  4965  4986 D LogWriteUtil.class=LogFileHandlerThread.class: 1getFilePath: logFormat=2022-10-11, LogWriteUtil.logPathDir=/custom/metro/log
10-11 15:48:03.523  4965  4986 D LogWriteUtil.class=LogFileHandlerThread.class: 2getFilePath: filePath=/custom/metro/log/2022-10-11
10-11 15:48:03.523  4965  4986 D LogWriteUtil.class=LogFileHandlerThread.class: getFileNameSuffix: file=/custom/metro/log/2022-10-11
10-11 15:48:03.523  4965  4965 D MainActivity: onMessageEvent  -- gginit: disApi, id=1---event={"MsgSeqID":1233506,"MsgName":"GetStationATSRsp","MsgInfo":{"Code":10011,"StationATSInfos":[{"TrainGroupNumber":"211","ServiceNumber":"000","TrainCrewNumber":"000","TrainPosition":"1","TrainRunningPosition":"1","RailName":"T1206","StationID":"012","TerminalStationID":"000","DestinationID":"000"},{"TrainGroupNumber":"212","ServiceNumber":"000","TrainCrewNumber":"000","TrainPosition":"1","TrainRunningPosition":"1","RailName":"T1212","StationID":"012","TerminalStationID":"000","DestinationID":"000"}]}}
10-11 15:48:03.524  4965  4965 D MainViewModel: 1processDisApi: disApi, id=1
10-11 15:48:03.524  4965  4986 D LogWriteUtil.class=LogFileHandlerThread.class: 3getCurrentFileName: logFileName=app8.log
10-11 15:48:03.524  4965  4986 D TAG     : 2,initFile: /custom/metro/log/2022-10-11/app8.log, logFile.length=1419764, getCurrentFileName()=app8.log, writeFileName=/custom/metro/log/2022-10-11/app8.log
10-11 15:48:03.525  4965  4986 D LogWriteUtil.class=LogFileHandlerThread.class: 8,initFile: logFile=/custom/metro/log/2022-10-11/app8.log, logFile.length=1419764
10-11 15:48:03.526  4965  5038 I APP_LogUtils.kt: [(LogUtils.kt:50).i()] [UdpDisServices] udp receive - api receive data disApi, udp service id=186 - running=true  - ip=/172.2.208.8 - port=64002 - message={"MsgSeqID":1233507,"MsgName":"DisReceivedNotify","MsgInfo":{"AppMsgSeqID":3463,"Code":10001}}
10-11 15:48:03.526  4965  4965 D MainActivity: onMessageEvent  -- gginit: disApi, id=1---event={"MsgSeqID":1233507,"MsgName":"DisReceivedNotify","MsgInfo":{"AppMsgSeqID":3463,"Code":10001}}
10-11 15:48:03.526  4965  6850 D DisApiSingletonReceive: processingData: disApi, id=364 - data={"MsgSeqID":1233506,"MsgName":"GetStationATSRsp","MsgInfo":{"Code":10011,"StationATSInfos":[{"TrainGroupNumber":"211","ServiceNumber":"000","TrainCrewNumber":"000","TrainPosition":"1","TrainRunningPosition":"1","RailName":"T1206","StationID":"012","TerminalStationID":"000","DestinationID":"000"},{"TrainGroupNumber":"212","ServiceNumber":"000","TrainCrewNumber":"000","TrainPosition":"1","TrainRunningPosition":"1","RailName":"T1212","StationID":"012","TerminalStationID":"000","DestinationID":"000"}]}}
10-11 15:48:03.527  4965  4965 D MainViewModel: 1processDisApi: disApi, id=1
10-11 15:48:03.528  4965  7063 D DisApiSingletonReceive: processingData: disApi, id=369 - data={"MsgSeqID":1233507,"MsgName":"DisReceivedNotify","MsgInfo":{"AppMsgSeqID":3463,"Code":10001}}
10-11 15:48:03.528  4965  4986 D LogWriteUtil.class=LogFileHandlerThread.class: 1getFilePath: logFormat=2022-10-11, LogWriteUtil.logPathDir=/custom/metro/log
10-11 15:48:03.528  4965  7262 I APP_LogUtils.kt: [(LogUtils.kt:50).i()] [UdpMasterServices] start: send1 - masterApi - thread ID=374 - message={"MsgName":"HeartBeatRsp","MsgSeqID":1976,"MsgInfo":{"Time":1665474483}}
10-11 15:48:03.528  4965  4986 D LogWriteUtil.class=LogFileHandlerThread.class: 2getFilePath: filePath=/custom/metro/log/2022-10-11
10-11 15:48:03.528  4965  4986 D LogWriteUtil.class=LogFileHandlerThread.class: 1getCurrentFileName: LogWriteUtil.logfile=app.log
10-11 15:48:03.528  4965  6850 D DisApiSingletonReceive: parseStationAtsData: atsInfo=com.gbcom.library_base.data.StationAtsApiData@4f8f535
10-11 15:48:03.529  4965  4986 D LogWriteUtil.class=LogFileHandlerThread.class: 1getFilePath: logFormat=2022-10-11, LogWriteUtil.logPathDir=/custom/metro/log
10-11 15:48:03.529  4965  6850 D BtrunCConfig: isR2Nubmer is true
10-11 15:48:03.529  4965  4986 D LogWriteUtil.class=LogFileHandlerThread.class: 2getFilePath: filePath=/custom/metro/log/2022-10-11
10-11 15:48:03.529  4965  6850 D com.ztegota.system.GotaSystem: getMdn +866022012
10-11 15:48:03.529  4965  6850 D TAG     : getUserId: userId2=+866022012
10-11 15:48:03.529  4965  6850 D BtrunCConfig: isR2Nubmer is true
10-11 15:48:03.529  4965  6850 D com.ztegota.system.GotaSystem: getMdn +866022012
10-11 15:48:03.529  4965  4986 D LogWriteUtil.class=LogFileHandlerThread.class: getFileNameSuffix: file=/custom/metro/log/2022-10-11
10-11 15:48:03.529  4965  6850 D TAG     : getUserId: userId2=+866022012
10-11 15:48:03.529  4965  7063 D DisApiSingletonReceive: processingDisReceivedNotify: info=DisReceivedNotifyApiData(msgName=DisReceivedNotify, msgSeqID=1233507, msgInfo=ReceivedNotifyData(appMsgSeqID=0, code=10001))
10-11 15:48:03.529  4965  4986 D LogWriteUtil.class=LogFileHandlerThread.class: 2getCurrentFileName: index=3, LogWriteUtil.logfile=app.log, getFileNameSuffix=8
10-11 15:48:03.530  4965  4986 D LogWriteUtil.class=LogFileHandlerThread.class: 1getFilePath: logFormat=2022-10-11, LogWriteUtil.logPathDir=/custom/metro/log
10-11 15:48:03.530  4965  4986 D LogWriteUtil.class=LogFileHandlerThread.class: 2getFilePath: filePath=/custom/metro/log/2022-10-11
10-11 15:48:03.530  4965  4986 D LogWriteUtil.class=LogFileHandlerThread.class: getFileNameSuffix: file=/custom/metro/log/2022-10-11
10-11 15:48:03.530  4965  4986 D LogWriteUtil.class=LogFileHandlerThread.class: 3getCurrentFileName: logFileName=app8.log
10-11 15:48:03.530  4965  4986 D LogWriteUtil.class=LogFileHandlerThread.class: 1,initFile: getFilePath()=/custom/metro/log/2022-10-11, getCurrentFileName=app8.log
10-11 15:48:03.531  4965  4986 D LogWriteUtil.class=LogFileHandlerThread.class: 1getFilePath: logFormat=2022-10-11, LogWriteUtil.logPathDir=/custom/metro/log
10-11 15:48:03.531  4965  4986 D LogWriteUtil.class=LogFileHandlerThread.class: 2getFilePath: filePath=/custom/metro/log/2022-10-11
10-11 15:48:03.531  4965  4986 D LogWriteUtil.class=LogFileHandlerThread.class: 1getCurrentFileName: LogWriteUtil.logfile=app.log
10-11 15:48:03.532  4965  4986 D LogWriteUtil.class=LogFileHandlerThread.class: 1getFilePath: logFormat=2022-10-11, LogWriteUtil.logPathDir=/custom/metro/log
10-11 15:48:03.532  4965  4986 D LogWriteUtil.class=LogFileHandlerThread.class: 2getFilePath: filePath=/custom/metro/log/2022-10-11
10-11 15:48:03.532  4965  4986 D LogWriteUtil.class=LogFileHandlerThread.class: getFileNameSuffix: file=/custom/metro/log/2022-10-11
10-11 15:48:03.533  4965  4986 D LogWriteUtil.class=LogFileHandlerThread.class: 2getCurrentFileName: index=3, LogWriteUtil.logfile=app.log, getFileNameSuffix=8
10-11 15:48:03.534  4965  4986 D LogWriteUtil.class=LogFileHandlerThread.class: 1getFilePath: logFormat=2022-10-11, LogWriteUtil.logPathDir=/custom/metro/log
10-11 15:48:03.534  4965  4986 D LogWriteUtil.class=LogFileHandlerThread.class: 2getFilePath: filePath=/custom/metro/log/2022-10-11
10-11 15:48:03.534  4965  4986 D LogWriteUtil.class=LogFileHandlerThread.class: getFileNameSuffix: file=/custom/metro/log/2022-10-11
10-11 15:48:03.534  4965  4986 D LogWriteUtil.class=LogFileHandlerThread.class: 3getCurrentFileName: logFileName=app8.log
10-11 15:48:03.535  4965  4986 D LogWriteUtil.class=LogFileHandlerThread.class: 1getCurrentFileName: LogWriteUtil.logfile=app.log
10-11 15:48:03.535  4965  4986 D LogWriteUtil.class=LogFileHandlerThread.class: 1getFilePath: logFormat=2022-10-11, LogWriteUtil.logPathDir=/custom/metro/log
10-11 15:48:03.536  4965  4986 D LogWriteUtil.class=LogFileHandlerThread.class: 2getFilePath: filePath=/custom/metro/log/2022-10-11
10-11 15:48:03.536  4965  4986 D LogWriteUtil.class=LogFileHandlerThread.class: getFileNameSuffix: file=/custom/metro/log/2022-10-11
10-11 15:48:03.536  4965  4986 D LogWriteUtil.class=LogFileHandlerThread.class: 2getCurrentFileName: index=3, LogWriteUtil.logfile=app.log, getFileNameSuffix=8
10-11 15:48:03.537  4965  4986 D LogWriteUtil.class=LogFileHandlerThread.class: 1getFilePath: logFormat=2022-10-11, LogWriteUtil.logPathDir=/custom/metro/log
10-11 15:48:03.537  4965  4986 D LogWriteUtil.class=LogFileHandlerThread.class: 2getFilePath: filePath=/custom/metro/log/2022-10-11
10-11 15:48:03.537  4965  4986 D LogWriteUtil.class=LogFileHandlerThread.class: getFileNameSuffix: file=/custom/metro/log/2022-10-11
10-11 15:48:03.537  4965  4986 D LogWriteUtil.class=LogFileHandlerThread.class: 3getCurrentFileName: logFileName=app8.log
10-11 15:48:03.537  4965  4986 D TAG     : 2,initFile: /custom/metro/log/2022-10-11/app8.log, logFile.length=1419981, getCurrentFileName()=app8.log, writeFileName=/custom/metro/log/2022-10-11/app8.log
10-11 15:48:03.537  4965  4986 D LogWriteUtil.class=LogFileHandlerThread.class: 8,initFile: logFile=/custom/metro/log/2022-10-11/app8.log, logFile.length=1419981
10-11 15:48:03.538  4965  4986 D LogWriteUtil.class=LogFileHandlerThread.class: 1getFilePath: logFormat=2022-10-11, LogWriteUtil.logPathDir=/custom/metro/log
10-11 15:48:03.538  4965  4986 D LogWriteUtil.class=LogFileHandlerThread.class: 2getFilePath: filePath=/custom/metro/log/2022-10-11
10-11 15:48:03.539  4965  4986 D LogWriteUtil.class=LogFileHandlerThread.class: 1getCurrentFileName: LogWriteUtil.logfile=app.log
10-11 15:48:03.539  4965  4986 D LogWriteUtil.class=LogFileHandlerThread.class: 1getFilePath: logFormat=2022-10-11, LogWriteUtil.logPathDir=/custom/metro/log
10-11 15:48:03.539  4965  4986 D LogWriteUtil.class=LogFileHandlerThread.class: 2getFilePath: filePath=/custom/metro/log/2022-10-11
10-11 15:48:03.539  4965  4986 D LogWriteUtil.class=LogFileHandlerThread.class: getFileNameSuffix: file=/custom/metro/log/2022-10-11
10-11 15:48:03.539  4965  4986 D LogWriteUtil.class=LogFileHandlerThread.class: 2getCurrentFileName: index=3, LogWriteUtil.logfile=app.log, getFileNameSuffix=8
10-11 15:48:03.540  4965  4986 D LogWriteUtil.class=LogFileHandlerThread.class: 1getFilePath: logFormat=2022-10-11, LogWriteUtil.logPathDir=/custom/metro/log
10-11 15:48:03.540  4965  4986 D LogWriteUtil.class=LogFileHandlerThread.class: 2getFilePath: filePath=/custom/metro/log/2022-10-11
10-11 15:48:03.540  4965  4986 D LogWriteUtil.class=LogFileHandlerThread.class: getFileNameSuffix: file=/custom/metro/log/2022-10-11
10-11 15:48:03.540  4965  4986 D LogWriteUtil.class=LogFileHandlerThread.class: 3getCurrentFileName: logFileName=app8.log
10-11 15:48:03.541  4965  4986 D LogWriteUtil.class=LogFileHandlerThread.class: 1,initFile: getFilePath()=/custom/metro/log/2022-10-11, getCurrentFileName=app8.log
10-11 15:48:03.541  4965  4986 D LogWriteUtil.class=LogFileHandlerThread.class: 1getFilePath: logFormat=2022-10-11, LogWriteUtil.logPathDir=/custom/metro/log
10-11 15:48:03.541  4965  4986 D LogWriteUtil.class=LogFileHandlerThread.class: 2getFilePath: filePath=/custom/metro/log/2022-10-11
10-11 15:48:03.541  4965  4986 D LogWriteUtil.class=LogFileHandlerThread.class: 1getCurrentFileName: LogWriteUtil.logfile=app.log
10-11 15:48:03.542  4965  4986 D LogWriteUtil.class=LogFileHandlerThread.class: 1getFilePath: logFormat=2022-10-11, LogWriteUtil.logPathDir=/custom/metro/log
10-11 15:48:03.542  4965  4986 D LogWriteUtil.class=LogFileHandlerThread.class: 2getFilePath: filePath=/custom/metro/log/2022-10-11
10-11 15:48:03.542  4965  4986 D LogWriteUtil.class=LogFileHandlerThread.class: getFileNameSuffix: file=/custom/metro/log/2022-10-11
10-11 15:48:03.542  4965  4986 D LogWriteUtil.class=LogFileHandlerThread.class: 2getCurrentFileName: index=3, LogWriteUtil.logfile=app.log, getFileNameSuffix=8
10-11 15:48:03.543  4965  4986 D LogWriteUtil.class=LogFileHandlerThread.class: 1getFilePath: logFormat=2022-10-11, LogWriteUtil.logPathDir=/custom/metro/log
10-11 15:48:03.543  4965  4986 D LogWriteUtil.class=LogFileHandlerThread.class: 2getFilePath: filePath=/custom/metro/log/2022-10-11
10-11 15:48:03.543  4965  4986 D LogWriteUtil.class=LogFileHandlerThread.class: getFileNameSuffix: file=/custom/metro/log/2022-10-11
10-11 15:48:03.544  4965  4986 D LogWriteUtil.class=LogFileHandlerThread.class: 3getCurrentFileName: logFileName=app8.log
10-11 15:48:03.544  4965  4986 D LogWriteUtil.class=LogFileHandlerThread.class: 1getCurrentFileName: LogWriteUtil.logfile=app.log
10-11 15:48:03.546  4965  4986 D LogWriteUtil.class=LogFileHandlerThread.class: 1getFilePath: logFormat=2022-10-11, LogWriteUtil.logPathDir=/custom/metro/log
10-11 15:48:03.546  4965  4986 D LogWriteUtil.class=LogFileHandlerThread.class: 2getFilePath: filePath=/custom/metro/log/2022-10-11
10-11 15:48:03.546  4965  4986 D LogWriteUtil.class=LogFileHandlerThread.class: getFileNameSuffix: file=/custom/metro/log/2022-10-11
10-11 15:48:03.547  4965  4986 D LogWriteUtil.class=LogFileHandlerThread.class: 2getCurrentFileName: index=3, LogWriteUtil.logfile=app.log, getFileNameSuffix=8
10-11 15:48:03.547  4965  4986 D LogWriteUtil.class=LogFileHandlerThread.class: 1getFilePath: logFormat=2022-10-11, LogWriteUtil.logPathDir=/custom/metro/log
10-11 15:48:03.547  4965  4986 D LogWriteUtil.class=LogFileHandlerThread.class: 2getFilePath: filePath=/custom/metro/log/2022-10-11
10-11 15:48:03.547  4965  4986 D LogWriteUtil.class=LogFileHandlerThread.class: getFileNameSuffix: file=/custom/metro/log/2022-10-11
10-11 15:48:03.548  4965  4986 D LogWriteUtil.class=LogFileHandlerThread.class: 3getCurrentFileName: logFileName=app8.log
10-11 15:48:03.548  4965  4986 D TAG     : 2,initFile: /custom/metro/log/2022-10-11/app8.log, logFile.length=1420181, getCurrentFileName()=app8.log, writeFileName=/custom/metro/log/2022-10-11/app8.log
10-11 15:48:03.548  4965  4986 D LogWriteUtil.class=LogFileHandlerThread.class: 8,initFile: logFile=/custom/metro/log/2022-10-11/app8.log, logFile.length=1420181
10-11 15:48:03.549  4965  4986 D LogWriteUtil.class=LogFileHandlerThread.class: 1getFilePath: logFormat=2022-10-11, LogWriteUtil.logPathDir=/custom/metro/log
10-11 15:48:03.549  4965  4986 D LogWriteUtil.class=LogFileHandlerThread.class: 2getFilePath: filePath=/custom/metro/log/2022-10-11
10-11 15:48:03.549  4965  4986 D LogWriteUtil.class=LogFileHandlerThread.class: 1getCurrentFileName: LogWriteUtil.logfile=app.log
10-11 15:48:03.550  4965  4965 D IndexFragment: initView: applyFxData() - ats=[StationAts(createTime=1665474483, trainGroupNumber=211, serviceNumber=000, trainCrewNumber=000, trainPosition=1, trainRunningPosition=1, railName=T1206, stationID=012, terminalStationID=000, destinationID=000, identityID=+866022012), StationAts(createTime=1665474483, trainGroupNumber=212, serviceNumber=000, trainCrewNumber=000, trainPosition=1, trainRunningPosition=1, railName=T1212, stationID=012, terminalStationID=000, destinationID=000, identityID=+866022012)]
10-11 15:48:03.550  4965  4986 D LogWriteUtil.class=LogFileHandlerThread.class: 1getFilePath: logFormat=2022-10-11, LogWriteUtil.logPathDir=/custom/metro/log
10-11 15:48:03.550  4965  4986 D LogWriteUtil.class=LogFileHandlerThread.class: 2getFilePath: filePath=/custom/metro/log/2022-10-11
10-11 15:48:03.551  4965  4986 D LogWriteUtil.class=LogFileHandlerThread.class: getFileNameSuffix: file=/custom/metro/log/2022-10-11
10-11 15:48:03.551  4965  4986 D LogWriteUtil.class=LogFileHandlerThread.class: 2getCurrentFileName: index=3, LogWriteUtil.logfile=app.log, getFileNameSuffix=8
10-11 15:48:03.552  4965  4986 D LogWriteUtil.class=LogFileHandlerThread.class: 1getFilePath: logFormat=2022-10-11, LogWriteUtil.logPathDir=/custom/metro/log
10-11 15:48:03.552  4965  4986 D LogWriteUtil.class=LogFileHandlerThread.class: 2getFilePath: filePath=/custom/metro/log/2022-10-11
10-11 15:48:03.552  4965  4986 D LogWriteUtil.class=LogFileHandlerThread.class: getFileNameSuffix: file=/custom/metro/log/2022-10-11
10-11 15:48:03.552  4965  4986 D LogWriteUtil.class=LogFileHandlerThread.class: 3getCurrentFileName: logFileName=app8.log
10-11 15:48:03.553  4965  4986 D LogWriteUtil.class=LogFileHandlerThread.class: 1,initFile: getFilePath()=/custom/metro/log/2022-10-11, getCurrentFileName=app8.log
10-11 15:48:03.553  4965  4986 D LogWriteUtil.class=LogFileHandlerThread.class: 1getFilePath: logFormat=2022-10-11, LogWriteUtil.logPathDir=/custom/metro/log
10-11 15:48:03.553  4965  4986 D LogWriteUtil.class=LogFileHandlerThread.class: 2getFilePath: filePath=/custom/metro/log/2022-10-11
10-11 15:48:03.554  4965  4986 D LogWriteUtil.class=LogFileHandlerThread.class: 1getCurrentFileName: LogWriteUtil.logfile=app.log
10-11 15:48:03.554  4965  4986 D LogWriteUtil.class=LogFileHandlerThread.class: 1getFilePath: logFormat=2022-10-11, LogWriteUtil.logPathDir=/custom/metro/log
10-11 15:48:03.554  4965  4986 D LogWriteUtil.class=LogFileHandlerThread.class: 2getFilePath: filePath=/custom/metro/log/2022-10-11
10-11 15:48:03.554  4965  4986 D LogWriteUtil.class=LogFileHandlerThread.class: getFileNameSuffix: file=/custom/metro/log/2022-10-11
10-11 15:48:03.555  4965  4986 D LogWriteUtil.class=LogFileHandlerThread.class: 2getCurrentFileName: index=3, LogWriteUtil.logfile=app.log, getFileNameSuffix=8
10-11 15:48:03.555  4965  7222 I APP_LogUtils.kt: [(LogUtils.kt:50).i()] [UdpMasterServices] start: send1 - masterApi - thread ID=372 - message={"MsgSeqID":1977,"MsgName":"GetStatusRsp","MsgInfo":{"NetMask":"255.255.255.0","DeviceId":"BT-FX300","Gateway":"","SelfCheckFailReason":"","Uptime":7568,"SystemVersion":"TX300-ANDROID-7.1-R0018","AppVersion":"FX400-APK-3.0.1-V1.1.0","SelfCheckStatus":1,"Time":1665474483,"FwVersion":"qualcomm"}}
10-11 15:48:03.555  4965  4986 D LogWriteUtil.class=LogFileHandlerThread.class: 1getFilePath: logFormat=2022-10-11, LogWriteUtil.logPathDir=/custom/metro/log
10-11 15:48:03.555  4965  4986 D LogWriteUtil.class=LogFileHandlerThread.class: 2getFilePath: filePath=/custom/metro/log/2022-10-11
10-11 15:48:03.556  4965  4986 D LogWriteUtil.class=LogFileHandlerThread.class: getFileNameSuffix: file=/custom/metro/log/2022-10-11
10-11 15:48:03.556  4965  4986 D LogWriteUtil.class=LogFileHandlerThread.class: 3getCurrentFileName: logFileName=app8.log
10-11 15:48:03.556  4965  4986 D LogWriteUtil.class=LogFileHandlerThread.class: 1getCurrentFileName: LogWriteUtil.logfile=app.log
10-11 15:48:03.556  4965  4986 D LogWriteUtil.class=LogFileHandlerThread.class: 1getFilePath: logFormat=2022-10-11, LogWriteUtil.logPathDir=/custom/metro/log
10-11 15:48:03.556  4965  4986 D LogWriteUtil.class=LogFileHandlerThread.class: 2getFilePath: filePath=/custom/metro/log/2022-10-11
10-11 15:48:03.557  4965  4986 D LogWriteUtil.class=LogFileHandlerThread.class: getFileNameSuffix: file=/custom/metro/log/2022-10-11
10-11 15:48:03.557  4965  4986 D LogWriteUtil.class=LogFileHandlerThread.class: 2getCurrentFileName: index=3, LogWriteUtil.logfile=app.log, getFileNameSuffix=8
10-11 15:48:03.558  4965  4986 D LogWriteUtil.class=LogFileHandlerThread.class: 1getFilePath: logFormat=2022-10-11, LogWriteUtil.logPathDir=/custom/metro/log
10-11 15:48:03.558  4965  4986 D LogWriteUtil.class=LogFileHandlerThread.class: 2getFilePath: filePath=/custom/metro/log/2022-10-11
10-11 15:48:03.558  4965  4986 D LogWriteUtil.class=LogFileHandlerThread.class: getFileNameSuffix: file=/custom/metro/log/2022-10-11
10-11 15:48:03.558  4965  4986 D LogWriteUtil.class=LogFileHandlerThread.class: 3getCurrentFileName: logFileName=app8.log
10-11 15:48:03.558  4965  4986 D TAG     : 2,initFile: /custom/metro/log/2022-10-11/app8.log, logFile.length=1420395, getCurrentFileName()=app8.log, writeFileName=/custom/metro/log/2022-10-11/app8.log
10-11 15:48:03.559  4965  4986 D LogWriteUtil.class=LogFileHandlerThread.class: 8,initFile: logFile=/custom/metro/log/2022-10-11/app8.log, logFile.length=1420395
10-11 15:48:03.560  4965  4986 D LogWriteUtil.class=LogFileHandlerThread.class: 1getFilePath: logFormat=2022-10-11, LogWriteUtil.logPathDir=/custom/metro/log
10-11 15:48:03.560  4965  4986 D LogWriteUtil.class=LogFileHandlerThread.class: 2getFilePath: filePath=/custom/metro/log/2022-10-11
10-11 15:48:03.560  4965  4986 D LogWriteUtil.class=LogFileHandlerThread.class: 1getCurrentFileName: LogWriteUtil.logfile=app.log
10-11 15:48:03.560  4965  4986 D LogWriteUtil.class=LogFileHandlerThread.class: 1getFilePath: logFormat=2022-10-11, LogWriteUtil.logPathDir=/custom/metro/log
10-11 15:48:03.560  4965  4986 D LogWriteUtil.class=LogFileHandlerThread.class: 2getFilePath: filePath=/custom/metro/log/2022-10-11
10-11 15:48:03.560  4965  4986 D LogWriteUtil.class=LogFileHandlerThread.class: getFileNameSuffix: file=/custom/metro/log/2022-10-11
10-11 15:48:03.561  4965  4986 D LogWriteUtil.class=LogFileHandlerThread.class: 2getCurrentFileName: index=3, LogWriteUtil.logfile=app.log, getFileNameSuffix=8
10-11 15:48:03.561  4965  4986 D LogWriteUtil.class=LogFileHandlerThread.class: 1getFilePath: logFormat=2022-10-11, LogWriteUtil.logPathDir=/custom/metro/log
10-11 15:48:03.561  4965  4986 D LogWriteUtil.class=LogFileHandlerThread.class: 2getFilePath: filePath=/custom/metro/log/2022-10-11
10-11 15:48:03.561  4965  4986 D LogWriteUtil.class=LogFileHandlerThread.class: getFileNameSuffix: file=/custom/metro/log/2022-10-11
10-11 15:48:03.562  4965  4986 D LogWriteUtil.class=LogFileHandlerThread.class: 3getCurrentFileName: logFileName=app8.log
10-11 15:48:03.562  4965  4986 D LogWriteUtil.class=LogFileHandlerThread.class: 1,initFile: getFilePath()=/custom/metro/log/2022-10-11, getCurrentFileName=app8.log
10-11 15:48:03.562  4965  4986 D LogWriteUtil.class=LogFileHandlerThread.class: 1getFilePath: logFormat=2022-10-11, LogWriteUtil.logPathDir=/custom/metro/log
10-11 15:48:03.562  4965  4986 D LogWriteUtil.class=LogFileHandlerThread.class: 2getFilePath: filePath=/custom/metro/log/2022-10-11
10-11 15:48:03.562  4965  4986 D LogWriteUtil.class=LogFileHandlerThread.class: 1getCurrentFileName: LogWriteUtil.logfile=app.log
10-11 15:48:03.563  4965  4986 D LogWriteUtil.class=LogFileHandlerThread.class: 1getFilePath: logFormat=2022-10-11, LogWriteUtil.logPathDir=/custom/metro/log
10-11 15:48:03.563  4965  4986 D LogWriteUtil.class=LogFileHandlerThread.class: 2getFilePath: filePath=/custom/metro/log/2022-10-11
10-11 15:48:03.563  4965  4986 D LogWriteUtil.class=LogFileHandlerThread.class: getFileNameSuffix: file=/custom/metro/log/2022-10-11
10-11 15:48:03.563  4965  4986 D LogWriteUtil.class=LogFileHandlerThread.class: 2getCurrentFileName: index=3, LogWriteUtil.logfile=app.log, getFileNameSuffix=8
10-11 15:48:03.564  4965  4986 D LogWriteUtil.class=LogFileHandlerThread.class: 1getFilePath: logFormat=2022-10-11, LogWriteUtil.logPathDir=/custom/metro/log
10-11 15:48:03.564  4965  4986 D LogWriteUtil.class=LogFileHandlerThread.class: 2getFilePath: filePath=/custom/metro/log/2022-10-11
10-11 15:48:03.564  4965  4986 D LogWriteUtil.class=LogFileHandlerThread.class: getFileNameSuffix: file=/custom/metro/log/2022-10-11
10-11 15:48:03.564  4965  4986 D LogWriteUtil.class=LogFileHandlerThread.class: 3getCurrentFileName: logFileName=app8.log
10-11 15:48:03.565  4965  4986 D LogWriteUtil.class=LogFileHandlerThread.class: 1getCurrentFileName: LogWriteUtil.logfile=app.log
10-11 15:48:03.566  4965  4986 D LogWriteUtil.class=LogFileHandlerThread.class: 1getFilePath: logFormat=2022-10-11, LogWriteUtil.logPathDir=/custom/metro/log
10-11 15:48:03.566  4965  4986 D LogWriteUtil.class=LogFileHandlerThread.class: 2getFilePath: filePath=/custom/metro/log/2022-10-11
10-11 15:48:03.566  4965  4986 D LogWriteUtil.class=LogFileHandlerThread.class: getFileNameSuffix: file=/custom/metro/log/2022-10-11
10-11 15:48:03.566  4965  4986 D LogWriteUtil.class=LogFileHandlerThread.class: 2getCurrentFileName: index=3, LogWriteUtil.logfile=app.log, getFileNameSuffix=8
10-11 15:48:03.567  4965  4986 D LogWriteUtil.class=LogFileHandlerThread.class: 1getFilePath: logFormat=2022-10-11, LogWriteUtil.logPathDir=/custom/metro/log
10-11 15:48:03.567  4965  4986 D LogWriteUtil.class=LogFileHandlerThread.class: 2getFilePath: filePath=/custom/metro/log/2022-10-11
10-11 15:48:03.567  4965  4986 D LogWriteUtil.class=LogFileHandlerThread.class: getFileNameSuffix: file=/custom/metro/log/2022-10-11
10-11 15:48:03.568  4965  4986 D LogWriteUtil.class=LogFileHandlerThread.class: 3getCurrentFileName: logFileName=app8.log
10-11 15:48:03.568  4965  4986 D TAG     : 2,initFile: /custom/metro/log/2022-10-11/app8.log, logFile.length=1421080, getCurrentFileName()=app8.log, writeFileName=/custom/metro/log/2022-10-11/app8.log
10-11 15:48:03.568  4965  4986 D LogWriteUtil.class=LogFileHandlerThread.class: 8,initFile: logFile=/custom/metro/log/2022-10-11/app8.log, logFile.length=1421080
10-11 15:48:03.570  4965  4986 D LogWriteUtil.class=LogFileHandlerThread.class: 1getFilePath: logFormat=2022-10-11, LogWriteUtil.logPathDir=/custom/metro/log
10-11 15:48:03.570  4965  4986 D LogWriteUtil.class=LogFileHandlerThread.class: 2getFilePath: filePath=/custom/metro/log/2022-10-11
10-11 15:48:03.570  4965  4986 D LogWriteUtil.class=LogFileHandlerThread.class: 1getCurrentFileName: LogWriteUtil.logfile=app.log
10-11 15:48:03.570  4965  4986 D LogWriteUtil.class=LogFileHandlerThread.class: 1getFilePath: logFormat=2022-10-11, LogWriteUtil.logPathDir=/custom/metro/log
10-11 15:48:03.571  4965  4986 D LogWriteUtil.class=LogFileHandlerThread.class: 2getFilePath: filePath=/custom/metro/log/2022-10-11
10-11 15:48:03.571  4965  4986 D LogWriteUtil.class=LogFileHandlerThread.class: getFileNameSuffix: file=/custom/metro/log/2022-10-11
10-11 15:48:03.571  4965  4986 D LogWriteUtil.class=LogFileHandlerThread.class: 2getCurrentFileName: index=3, LogWriteUtil.logfile=app.log, getFileNameSuffix=8
10-11 15:48:03.572  4965  4986 D LogWriteUtil.class=LogFileHandlerThread.class: 1getFilePath: logFormat=2022-10-11, LogWriteUtil.logPathDir=/custom/metro/log
10-11 15:48:03.572  4965  4986 D LogWriteUtil.class=LogFileHandlerThread.class: 2getFilePath: filePath=/custom/metro/log/2022-10-11
10-11 15:48:03.572  4965  4986 D LogWriteUtil.class=LogFileHandlerThread.class: getFileNameSuffix: file=/custom/metro/log/2022-10-11
10-11 15:48:03.573  4965  4986 D LogWriteUtil.class=LogFileHandlerThread.class: 3getCurrentFileName: logFileName=app8.log
10-11 15:48:03.573  4965  4986 D LogWriteUtil.class=LogFileHandlerThread.class: 1,initFile: getFilePath()=/custom/metro/log/2022-10-11, getCurrentFileName=app8.log
10-11 15:48:03.574  4965  4986 D LogWriteUtil.class=LogFileHandlerThread.class: 1getFilePath: logFormat=2022-10-11, LogWriteUtil.logPathDir=/custom/metro/log
10-11 15:48:03.574  4965  4986 D LogWriteUtil.class=LogFileHandlerThread.class: 2getFilePath: filePath=/custom/metro/log/2022-10-11
10-11 15:48:03.574  4965  4986 D LogWriteUtil.class=LogFileHandlerThread.class: 1getCurrentFileName: LogWriteUtil.logfile=app.log
10-11 15:48:03.574  4965  4986 D LogWriteUtil.class=LogFileHandlerThread.class: 1getFilePath: logFormat=2022-10-11, LogWriteUtil.logPathDir=/custom/metro/log
10-11 15:48:03.575  4965  4986 D LogWriteUtil.class=LogFileHandlerThread.class: 2getFilePath: filePath=/custom/metro/log/2022-10-11
10-11 15:48:03.575  4965  4986 D LogWriteUtil.class=LogFileHandlerThread.class: getFileNameSuffix: file=/custom/metro/log/2022-10-11
10-11 15:48:03.576  4965  4986 D LogWriteUtil.class=LogFileHandlerThread.class: 2getCurrentFileName: index=3, LogWriteUtil.logfile=app.log, getFileNameSuffix=8
10-11 15:48:03.578  4965  4986 D LogWriteUtil.class=LogFileHandlerThread.class: 1getFilePath: logFormat=2022-10-11, LogWriteUtil.logPathDir=/custom/metro/log
10-11 15:48:03.578  4965  4986 D LogWriteUtil.class=LogFileHandlerThread.class: 2getFilePath: filePath=/custom/metro/log/2022-10-11
10-11 15:48:03.578  4965  4986 D LogWriteUtil.class=LogFileHandlerThread.class: getFileNameSuffix: file=/custom/metro/log/2022-10-11
10-11 15:48:03.578  4965  4986 D LogWriteUtil.class=LogFileHandlerThread.class: 3getCurrentFileName: logFileName=app8.log
10-11 15:48:03.578  4965  4986 D LogWriteUtil.class=LogFileHandlerThread.class: 1getCurrentFileName: LogWriteUtil.logfile=app.log
10-11 15:48:03.579  4965  4986 D LogWriteUtil.class=LogFileHandlerThread.class: 1getFilePath: logFormat=2022-10-11, LogWriteUtil.logPathDir=/custom/metro/log
10-11 15:48:03.579  4965  4986 D LogWriteUtil.class=LogFileHandlerThread.class: 2getFilePath: filePath=/custom/metro/log/2022-10-11
10-11 15:48:03.579  4965  4986 D LogWriteUtil.class=LogFileHandlerThread.class: getFileNameSuffix: file=/custom/metro/log/2022-10-11
10-11 15:48:03.580  4965  4986 D LogWriteUtil.class=LogFileHandlerThread.class: 2getCurrentFileName: index=3, LogWriteUtil.logfile=app.log, getFileNameSuffix=8
10-11 15:48:03.581  4965  4986 D LogWriteUtil.class=LogFileHandlerThread.class: 1getFilePath: logFormat=2022-10-11, LogWriteUtil.logPathDir=/custom/metro/log
10-11 15:48:03.581  4965  4986 D LogWriteUtil.class=LogFileHandlerThread.class: 2getFilePath: filePath=/custom/metro/log/2022-10-11
10-11 15:48:03.581  4965  4986 D LogWriteUtil.class=LogFileHandlerThread.class: getFileNameSuffix: file=/custom/metro/log/2022-10-11
10-11 15:48:03.581  4965  4986 D LogWriteUtil.class=LogFileHandlerThread.class: 3getCurrentFileName: logFileName=app8.log
10-11 15:48:03.582  4965  4986 D TAG     : 2,initFile: /custom/metro/log/2022-10-11/app8.log, logFile.length=1421355, getCurrentFileName()=app8.log, writeFileName=/custom/metro/log/2022-10-11/app8.log
10-11 15:48:03.582  4965  4986 D LogWriteUtil.class=LogFileHandlerThread.class: 8,initFile: logFile=/custom/metro/log/2022-10-11/app8.log, logFile.length=1421355
10-11 15:48:03.583  4965  4986 D LogWriteUtil.class=LogFileHandlerThread.class: 1getFilePath: logFormat=2022-10-11, LogWriteUtil.logPathDir=/custom/metro/log
10-11 15:48:03.583  4965  4986 D LogWriteUtil.class=LogFileHandlerThread.class: 2getFilePath: filePath=/custom/metro/log/2022-10-11
10-11 15:48:03.583  4965  4986 D LogWriteUtil.class=LogFileHandlerThread.class: 1getCurrentFileName: LogWriteUtil.logfile=app.log
10-11 15:48:03.584  4965  4986 D LogWriteUtil.class=LogFileHandlerThread.class: 1getFilePath: logFormat=2022-10-11, LogWriteUtil.logPathDir=/custom/metro/log
10-11 15:48:03.584  4965  4986 D LogWriteUtil.class=LogFileHandlerThread.class: 2getFilePath: filePath=/custom/metro/log/2022-10-11
10-11 15:48:03.584  4965  4986 D LogWriteUtil.class=LogFileHandlerThread.class: getFileNameSuffix: file=/custom/metro/log/2022-10-11
10-11 15:48:03.585  4965  4986 D LogWriteUtil.class=LogFileHandlerThread.class: 2getCurrentFileName: index=3, LogWriteUtil.logfile=app.log, getFileNameSuffix=8
10-11 15:48:03.586  4965  4986 D LogWriteUtil.class=LogFileHandlerThread.class: 1getFilePath: logFormat=2022-10-11, LogWriteUtil.logPathDir=/custom/metro/log
10-11 15:48:03.587  4965  4986 D LogWriteUtil.class=LogFileHandlerThread.class: 2getFilePath: filePath=/custom/metro/log/2022-10-11
10-11 15:48:03.587  4965  4986 D LogWriteUtil.class=LogFileHandlerThread.class: getFileNameSuffix: file=/custom/metro/log/2022-10-11
10-11 15:48:03.587  4965  4986 D LogWriteUtil.class=LogFileHandlerThread.class: 3getCurrentFileName: logFileName=app8.log
10-11 15:48:03.587  4965  4986 D LogWriteUtil.class=LogFileHandlerThread.class: 1,initFile: getFilePath()=/custom/metro/log/2022-10-11, getCurrentFileName=app8.log
10-11 15:48:03.588  4965  4986 D LogWriteUtil.class=LogFileHandlerThread.class: 1getFilePath: logFormat=2022-10-11, LogWriteUtil.logPathDir=/custom/metro/log
10-11 15:48:03.588  4965  4986 D LogWriteUtil.class=LogFileHandlerThread.class: 2getFilePath: filePath=/custom/metro/log/2022-10-11
10-11 15:48:03.589  4965  4986 D LogWriteUtil.class=LogFileHandlerThread.class: 1getCurrentFileName: LogWriteUtil.logfile=app.log
10-11 15:48:03.590  4965  4986 D LogWriteUtil.class=LogFileHandlerThread.class: 1getFilePath: logFormat=2022-10-11, LogWriteUtil.logPathDir=/custom/metro/log
