10-12 16:28:12.108 12868 12889 D LogWriteUtil.class=LogFileHandlerThread.class: 3getCurrentFileName: logFileName=app35.log
10-12 16:28:12.109 12868 12889 D TAG     : 2,initFile: /custom/metro/log/2022-10-12/app35.log, logFile.length=0, getCurrentFileName()=app35.log, writeFileName=/custom/metro/log/2022-10-12/app341665563225311.log
10-12 16:28:12.109 12868 12889 D LogWriteUtil.class=LogFileHandlerThread.class: 8,initFile: logFile=/custom/metro/log/2022-10-12/app35.log, logFile.length=0
10-12 16:28:12.110 12868 12868 E train_jni_log: getHandsetStatus===popen buffer=0
10-12 16:28:12.110 12868 12868 E train_jni_log: getHandsetStatus===popen iRet=0
10-12 16:28:12.113 12868 12943 D UdpDisServices: udp receive - api receive data disApi, udp service id=235  - udp.packet.address=/172.2.208.8, udp.pack.socketAddress=/172.2.208.8:64002, udp.port=64002- running=true - message={"MsgSeqID":70670,"MsgName":"GetStationATSRsp","MsgInfo":{"Code":10011,"StationATSInfos":[{"TrainGroupNumber":"202","ServiceNumber":"000","TrainCrewNumber":"000","TrainPosition":"1","TrainRunningPosition":"2","RailName":"T1303","StationID":"013","TerminalStationID":"000","DestinationID":"000"},{"TrainGroupNumber":"299","ServiceNumber":"801","TrainCrewNumber":"000","TrainPosition":"1","TrainRunningPosition":"2","RailName":"T1301","StationID":"013","TerminalStationID":"000","DestinationID":"000"}]}}
10-12 16:28:12.113 12868 12868 D TAG     : getHeadsetStatus: 0
10-12 16:28:12.113 12868 12943 I APP_LogUtils.kt: [(LogUtils.kt:50).i()] [UdpDisServices] udp receive - api receive data disApi, udp service id=235 - running=true  - ip=/172.2.208.8 - port=64002 - message={"MsgSeqID":70670,"MsgName":"GetStationATSRsp","MsgInfo":{"Code":10011,"StationATSInfos":[{"TrainGroupNumber":"202","ServiceNumber":"000","TrainCrewNumber":"000","TrainPosition":"1","TrainRunningPosition":"2","RailName":"T1303","StationID":"013","TerminalStationID":"000","DestinationID":"000"},{"TrainGroupNumber":"299","ServiceNumber":"801","TrainCrewNumber":"000","TrainPosition":"1","TrainRunningPosition":"2","RailName":"T1301","StationID":"013","TerminalStationID":"000","DestinationID":"000"}]}}
10-12 16:28:12.114 12868 12868 D TAG     : getHeadsetStatus: headsetStatus=200
10-12 16:28:12.115 12868 12868 D TAG     : getHeadsetStatus: headsetStatus2=200
10-12 16:28:12.115 12868 12889 D LogWriteUtil.class=LogFileHandlerThread.class: 1getFilePath: logFormat=2022-10-12, LogWriteUtil.logPathDir=/custom/metro/log
10-12 16:28:12.115 12868 12889 D LogWriteUtil.class=LogFileHandlerThread.class: 2getFilePath: filePath=/custom/metro/log/2022-10-12
10-12 16:28:12.115 12868 12889 D LogWriteUtil.class=LogFileHandlerThread.class: 1getCurrentFileName: LogWriteUtil.logfile=app.log
10-12 16:28:12.116 12868 12889 D LogWriteUtil.class=LogFileHandlerThread.class: 1getFilePath: logFormat=2022-10-12, LogWriteUtil.logPathDir=/custom/metro/log
10-12 16:28:12.116 12868 12889 D LogWriteUtil.class=LogFileHandlerThread.class: 2getFilePath: filePath=/custom/metro/log/2022-10-12
10-12 16:28:12.116 12868 12889 D LogWriteUtil.class=LogFileHandlerThread.class: getFileNameSuffix: file=/custom/metro/log/2022-10-12
10-12 16:28:12.116 12868 12925 I rilj    : EMCI Detial(CellId--->Tav): 5889,255,2,"46009",255,65535,59,65535,255,255,58,27,16,255,1202590897205,0,0,0,0,0,0,0,0
10-12 16:28:12.116 12868 12925 D LTERILJ : [UNSL]< RIL_UNSOL_NOTIFY_EMCI_DETAIL
10-12 16:28:12.116 12868 12889 D LogWriteUtil.class=LogFileHandlerThread.class: 2getCurrentFileName: index=3, LogWriteUtil.logfile=app.log, getFileNameSuffix=35
10-12 16:28:12.117 12868 12889 D LogWriteUtil.class=LogFileHandlerThread.class: 1getFilePath: logFormat=2022-10-12, LogWriteUtil.logPathDir=/custom/metro/log
10-12 16:28:12.117 12868 12889 D LogWriteUtil.class=LogFileHandlerThread.class: 2getFilePath: filePath=/custom/metro/log/2022-10-12
10-12 16:28:12.117 12868 12889 D LogWriteUtil.class=LogFileHandlerThread.class: getFileNameSuffix: file=/custom/metro/log/2022-10-12
10-12 16:28:12.117 12868 12922 D LTEPhone: EVENT_FOR_EMCI_DETAIL
10-12 16:28:12.117 12868 12922 D LTEServiceTracker: setCellId cellId:5889,"46009"
10-12 16:28:12.118 12868 12933 D BtrunCConfig: isR2Nubmer is true
10-12 16:28:12.118 12868 12933 D com.ztegota.system.GotaSystem: getMdn +866022013
10-12 16:28:12.118 12868 12933 D TAG     : getUserId: userId2=+866022013
10-12 16:28:12.118 12868 12889 D LogWriteUtil.class=LogFileHandlerThread.class: 3getCurrentFileName: logFileName=app35.log
10-12 16:28:12.118 12868 12942 D MainViewModel: getLteIp: test1111111=172.2.200.13
10-12 16:28:12.118 12868 12889 D LogWriteUtil.class=LogFileHandlerThread.class: 1,initFile: getFilePath()=/custom/metro/log/2022-10-12, getCurrentFileName=app35.log
10-12 16:28:12.118 12868 12889 D LogWriteUtil.class=LogFileHandlerThread.class: 1getFilePath: logFormat=2022-10-12, LogWriteUtil.logPathDir=/custom/metro/log
10-12 16:28:12.119 12868 12889 D LogWriteUtil.class=LogFileHandlerThread.class: 2getFilePath: filePath=/custom/metro/log/2022-10-12
10-12 16:28:12.119 12868 12958 D MainViewModel: getSystemTime_currentThreadID2: 244
10-12 16:28:12.119 12868 12933 I APP_LogUtils.kt: [(LogUtils.kt:50).i()] [MainViewModel] GotaSystem SDK:V2.13 2021-04-20, Host Soft Version:GM655+V1.0.6.8B02, Host Hard Version:GM655MB_C, Host Build Time:2021年 12月 28日 星期二 16:23:13 CST;
10-12 16:28:12.119 12868 12868 D MainActivity: showStatus: aa---result---result=true, url=192.168.42.131
10-12 16:28:12.120 12868 12889 D LogWriteUtil.class=LogFileHandlerThread.class: 1getCurrentFileName: LogWriteUtil.logfile=app.log
10-12 16:28:12.120 12868 12942 D TAG     : getSystemTime_currentThreadID3s: 234, isActive=true
10-12 16:28:12.120 12868 12889 D LogWriteUtil.class=LogFileHandlerThread.class: 1getFilePath: logFormat=2022-10-12, LogWriteUtil.logPathDir=/custom/metro/log
10-12 16:28:12.120 12868 12889 D LogWriteUtil.class=LogFileHandlerThread.class: 2getFilePath: filePath=/custom/metro/log/2022-10-12
10-12 16:28:12.120 12868 12889 D LogWriteUtil.class=LogFileHandlerThread.class: getFileNameSuffix: file=/custom/metro/log/2022-10-12
10-12 16:28:12.121 12868 12889 D LogWriteUtil.class=LogFileHandlerThread.class: 2getCurrentFileName: index=3, LogWriteUtil.logfile=app.log, getFileNameSuffix=35
10-12 16:28:12.122 12868 12868 D MainActivity: onMessageEvent  -- gginit: disApi, id=1---event={"MsgSeqID":70668,"MsgName":"DisReceivedNotify","MsgInfo":{"AppMsgSeqID":42,"Code":10001}}
10-12 16:28:12.122 12868 12889 D LogWriteUtil.class=LogFileHandlerThread.class: 1getFilePath: logFormat=2022-10-12, LogWriteUtil.logPathDir=/custom/metro/log
10-12 16:28:12.122 12868 12868 D MainViewModel: 1processDisApi: disApi, id=1
10-12 16:28:12.122 12868 12889 D LogWriteUtil.class=LogFileHandlerThread.class: 2getFilePath: filePath=/custom/metro/log/2022-10-12
10-12 16:28:12.122 12868 12889 D LogWriteUtil.class=LogFileHandlerThread.class: getFileNameSuffix: file=/custom/metro/log/2022-10-12
10-12 16:28:12.122 12868 12868 D MainActivity: onMessageEvent  -- gginit: disApi, id=1---event={"MsgSeqID":70669,"MsgName":"DisReceivedNotify","MsgInfo":{"AppMsgSeqID":43,"Code":10001}}
10-12 16:28:12.123 12868 12868 D MainViewModel: 1processDisApi: disApi, id=1
10-12 16:28:12.123 12868 12889 D LogWriteUtil.class=LogFileHandlerThread.class: 3getCurrentFileName: logFileName=app35.log
10-12 16:28:12.123 12868 12868 D MainActivity: onMessageEvent  -- gginit: disApi, id=1---event={"MsgSeqID":70670,"MsgName":"GetStationATSRsp","MsgInfo":{"Code":10011,"StationATSInfos":[{"TrainGroupNumber":"202","ServiceNumber":"000","TrainCrewNumber":"000","TrainPosition":"1","TrainRunningPosition":"2","RailName":"T1303","StationID":"013","TerminalStationID":"000","DestinationID":"000"},{"TrainGroupNumber":"299","ServiceNumber":"801","TrainCrewNumber":"000","TrainPosition":"1","TrainRunningPosition":"2","RailName":"T1301","StationID":"013","TerminalStationID":"000","DestinationID":"000"}]}}
10-12 16:28:12.123 12868 12868 D MainViewModel: 1processDisApi: disApi, id=1
10-12 16:28:12.123 12868 12889 D LogWriteUtil.class=LogFileHandlerThread.class: 1getCurrentFileName: LogWriteUtil.logfile=app.log
10-12 16:28:12.124 12868 12962 D DisApiSingletonReceive: processingData: disApi, id=247 - data={"MsgSeqID":70668,"MsgName":"DisReceivedNotify","MsgInfo":{"AppMsgSeqID":42,"Code":10001}}
10-12 16:28:12.124 12868 12889 D LogWriteUtil.class=LogFileHandlerThread.class: 1getFilePath: logFormat=2022-10-12, LogWriteUtil.logPathDir=/custom/metro/log
10-12 16:28:12.124 12868 12889 D LogWriteUtil.class=LogFileHandlerThread.class: 2getFilePath: filePath=/custom/metro/log/2022-10-12
10-12 16:28:12.124 12868 12868 I APP_LogUtils.kt: [(LogUtils.kt:50).i()] [com.gbcom.library_base.service.LLteService] lte_resp_sys_for_emci_detail - EmciDetail=com.ztegota.system.common.EmciDetail@cfc735
10-12 16:28:12.124 12868 12889 D LogWriteUtil.class=LogFileHandlerThread.class: getFileNameSuffix: file=/custom/metro/log/2022-10-12
10-12 16:28:12.125 12868 12889 D LogWriteUtil.class=LogFileHandlerThread.class: 2getCurrentFileName: index=3, LogWriteUtil.logfile=app.log, getFileNameSuffix=35
10-12 16:28:12.126 12868 12889 D LogWriteUtil.class=LogFileHandlerThread.class: 1getFilePath: logFormat=2022-10-12, LogWriteUtil.logPathDir=/custom/metro/log
10-12 16:28:12.126 12868 12889 D LogWriteUtil.class=LogFileHandlerThread.class: 2getFilePath: filePath=/custom/metro/log/2022-10-12
10-12 16:28:12.126 12868 12889 D LogWriteUtil.class=LogFileHandlerThread.class: getFileNameSuffix: file=/custom/metro/log/2022-10-12
10-12 16:28:12.127 12868 12889 D LogWriteUtil.class=LogFileHandlerThread.class: 3getCurrentFileName: logFileName=app35.log
10-12 16:28:12.127 12868 12889 D TAG     : 2,initFile: /custom/metro/log/2022-10-12/app35.log, logFile.length=0, getCurrentFileName()=app35.log, writeFileName=/custom/metro/log/2022-10-12/app341665563225311.log
10-12 16:28:12.127 12868 12960 D DisApiSingletonReceive: processingData: disApi, id=246 - data={"MsgSeqID":70669,"MsgName":"DisReceivedNotify","MsgInfo":{"AppMsgSeqID":43,"Code":10001}}
10-12 16:28:12.127 12868 12889 D LogWriteUtil.class=LogFileHandlerThread.class: 8,initFile: logFile=/custom/metro/log/2022-10-12/app35.log, logFile.length=0
10-12 16:28:12.127 12868 12954 D DisApiSingletonReceive: processingData: disApi, id=240 - data={"MsgSeqID":70670,"MsgName":"GetStationATSRsp","MsgInfo":{"Code":10011,"StationATSInfos":[{"TrainGroupNumber":"202","ServiceNumber":"000","TrainCrewNumber":"000","TrainPosition":"1","TrainRunningPosition":"2","RailName":"T1303","StationID":"013","TerminalStationID":"000","DestinationID":"000"},{"TrainGroupNumber":"299","ServiceNumber":"801","TrainCrewNumber":"000","TrainPosition":"1","TrainRunningPosition":"2","RailName":"T1301","StationID":"013","TerminalStationID":"000","DestinationID":"000"}]}}
10-12 16:28:12.129 12868 12889 D LogWriteUtil.class=LogFileHandlerThread.class: 1getFilePath: logFormat=2022-10-12, LogWriteUtil.logPathDir=/custom/metro/log
10-12 16:28:12.129 12868 12889 D LogWriteUtil.class=LogFileHandlerThread.class: 2getFilePath: filePath=/custom/metro/log/2022-10-12
10-12 16:28:12.129 12868 12889 D LogWriteUtil.class=LogFileHandlerThread.class: 1getCurrentFileName: LogWriteUtil.logfile=app.log
10-12 16:28:12.130 12868 12889 D LogWriteUtil.class=LogFileHandlerThread.class: 1getFilePath: logFormat=2022-10-12, LogWriteUtil.logPathDir=/custom/metro/log
10-12 16:28:12.130 12868 12889 D LogWriteUtil.class=LogFileHandlerThread.class: 2getFilePath: filePath=/custom/metro/log/2022-10-12
10-12 16:28:12.130 12868 12889 D LogWriteUtil.class=LogFileHandlerThread.class: getFileNameSuffix: file=/custom/metro/log/2022-10-12
10-12 16:28:12.131 12868 12889 D LogWriteUtil.class=LogFileHandlerThread.class: 2getCurrentFileName: index=3, LogWriteUtil.logfile=app.log, getFileNameSuffix=35
10-12 16:28:12.132 12868 12954 D DisApiSingletonReceive: parseStationAtsData: atsInfo=com.gbcom.library_base.data.StationAtsApiData@976e217
10-12 16:28:12.132 12868 12889 D LogWriteUtil.class=LogFileHandlerThread.class: 1getFilePath: logFormat=2022-10-12, LogWriteUtil.logPathDir=/custom/metro/log
10-12 16:28:12.132 12868 12889 D LogWriteUtil.class=LogFileHandlerThread.class: 2getFilePath: filePath=/custom/metro/log/2022-10-12
10-12 16:28:12.132 12868 12954 D BtrunCConfig: isR2Nubmer is true
10-12 16:28:12.132 12868 12954 D com.ztegota.system.GotaSystem: getMdn +866022013
10-12 16:28:12.132 12868 12954 D TAG     : getUserId: userId2=+866022013
10-12 16:28:12.132 12868 12889 D LogWriteUtil.class=LogFileHandlerThread.class: getFileNameSuffix: file=/custom/metro/log/2022-10-12
10-12 16:28:12.132 12868 12954 D BtrunCConfig: isR2Nubmer is true
10-12 16:28:12.132 12868 12954 D com.ztegota.system.GotaSystem: getMdn +866022013
10-12 16:28:12.132 12868 12954 D TAG     : getUserId: userId2=+866022013
10-12 16:28:12.133 12868 12889 D LogWriteUtil.class=LogFileHandlerThread.class: 3getCurrentFileName: logFileName=app35.log
10-12 16:28:12.133 12868 12889 D LogWriteUtil.class=LogFileHandlerThread.class: 1,initFile: getFilePath()=/custom/metro/log/2022-10-12, getCurrentFileName=app35.log
10-12 16:28:12.133 12868 12889 D LogWriteUtil.class=LogFileHandlerThread.class: 1getFilePath: logFormat=2022-10-12, LogWriteUtil.logPathDir=/custom/metro/log
10-12 16:28:12.133 12868 12889 D LogWriteUtil.class=LogFileHandlerThread.class: 2getFilePath: filePath=/custom/metro/log/2022-10-12
10-12 16:28:12.134 12868 12889 D LogWriteUtil.class=LogFileHandlerThread.class: 1getCurrentFileName: LogWriteUtil.logfile=app.log
10-12 16:28:12.134 12868 12960 D DisApiSingletonReceive: processingDisReceivedNotify: info=DisReceivedNotifyApiData(msgName=DisReceivedNotify, msgSeqID=70669, msgInfo=ReceivedNotifyData(appMsgSeqID=0, code=10001))
10-12 16:28:12.134 12868 12889 D LogWriteUtil.class=LogFileHandlerThread.class: 1getFilePath: logFormat=2022-10-12, LogWriteUtil.logPathDir=/custom/metro/log
10-12 16:28:12.134 12868 12889 D LogWriteUtil.class=LogFileHandlerThread.class: 2getFilePath: filePath=/custom/metro/log/2022-10-12
10-12 16:28:12.135 12868 12889 D LogWriteUtil.class=LogFileHandlerThread.class: getFileNameSuffix: file=/custom/metro/log/2022-10-12
10-12 16:28:12.135 12868 12889 D LogWriteUtil.class=LogFileHandlerThread.class: 2getCurrentFileName: index=3, LogWriteUtil.logfile=app.log, getFileNameSuffix=35
10-12 16:28:12.136 12868 12889 D LogWriteUtil.class=LogFileHandlerThread.class: 1getFilePath: logFormat=2022-10-12, LogWriteUtil.logPathDir=/custom/metro/log
10-12 16:28:12.136 12868 12889 D LogWriteUtil.class=LogFileHandlerThread.class: 2getFilePath: filePath=/custom/metro/log/2022-10-12
10-12 16:28:12.136 12868 12889 D LogWriteUtil.class=LogFileHandlerThread.class: getFileNameSuffix: file=/custom/metro/log/2022-10-12
10-12 16:28:12.137 12868 12889 D LogWriteUtil.class=LogFileHandlerThread.class: 3getCurrentFileName: logFileName=app35.log
10-12 16:28:12.137 12868 12889 D LogWriteUtil.class=LogFileHandlerThread.class: 1getCurrentFileName: LogWriteUtil.logfile=app.log
10-12 16:28:12.138 12868 12889 D LogWriteUtil.class=LogFileHandlerThread.class: 1getFilePath: logFormat=2022-10-12, LogWriteUtil.logPathDir=/custom/metro/log
10-12 16:28:12.138 12868 12889 D LogWriteUtil.class=LogFileHandlerThread.class: 2getFilePath: filePath=/custom/metro/log/2022-10-12
10-12 16:28:12.139 12868 12889 D LogWriteUtil.class=LogFileHandlerThread.class: getFileNameSuffix: file=/custom/metro/log/2022-10-12
10-12 16:28:12.139 12868 12962 D DisApiSingletonReceive: processingDisReceivedNotify: info=DisReceivedNotifyApiData(msgName=DisReceivedNotify, msgSeqID=70668, msgInfo=ReceivedNotifyData(appMsgSeqID=0, code=10001))
10-12 16:28:12.139 12868 12889 D LogWriteUtil.class=LogFileHandlerThread.class: 2getCurrentFileName: index=3, LogWriteUtil.logfile=app.log, getFileNameSuffix=35
10-12 16:28:12.140 12868 12889 D LogWriteUtil.class=LogFileHandlerThread.class: 1getFilePath: logFormat=2022-10-12, LogWriteUtil.logPathDir=/custom/metro/log
10-12 16:28:12.140 12868 12889 D LogWriteUtil.class=LogFileHandlerThread.class: 2getFilePath: filePath=/custom/metro/log/2022-10-12
10-12 16:28:12.141 12868 12889 D LogWriteUtil.class=LogFileHandlerThread.class: getFileNameSuffix: file=/custom/metro/log/2022-10-12
10-12 16:28:12.142 12868 12889 D LogWriteUtil.class=LogFileHandlerThread.class: 3getCurrentFileName: logFileName=app35.log
10-12 16:28:12.142 12868 12889 D TAG     : 2,initFile: /custom/metro/log/2022-10-12/app35.log, logFile.length=0, getCurrentFileName()=app35.log, writeFileName=/custom/metro/log/2022-10-12/app341665563225311.log
10-12 16:28:12.142 12868 12889 D LogWriteUtil.class=LogFileHandlerThread.class: 8,initFile: logFile=/custom/metro/log/2022-10-12/app35.log, logFile.length=0
10-12 16:28:12.144 12868 12889 D LogWriteUtil.class=LogFileHandlerThread.class: 1getFilePath: logFormat=2022-10-12, LogWriteUtil.logPathDir=/custom/metro/log
10-12 16:28:12.145 12868 12889 D LogWriteUtil.class=LogFileHandlerThread.class: 2getFilePath: filePath=/custom/metro/log/2022-10-12
10-12 16:28:12.145 12868 12889 D LogWriteUtil.class=LogFileHandlerThread.class: 1getCurrentFileName: LogWriteUtil.logfile=app.log
10-12 16:28:12.146 12868 12889 D LogWriteUtil.class=LogFileHandlerThread.class: 1getFilePath: logFormat=2022-10-12, LogWriteUtil.logPathDir=/custom/metro/log
10-12 16:28:12.146 12868 12889 D LogWriteUtil.class=LogFileHandlerThread.class: 2getFilePath: filePath=/custom/metro/log/2022-10-12
10-12 16:28:12.147 12868 12889 D LogWriteUtil.class=LogFileHandlerThread.class: getFileNameSuffix: file=/custom/metro/log/2022-10-12
10-12 16:28:12.148 12868 12889 D LogWriteUtil.class=LogFileHandlerThread.class: 2getCurrentFileName: index=3, LogWriteUtil.logfile=app.log, getFileNameSuffix=35
10-12 16:28:12.149 12868 12889 D LogWriteUtil.class=LogFileHandlerThread.class: 1getFilePath: logFormat=2022-10-12, LogWriteUtil.logPathDir=/custom/metro/log
10-12 16:28:12.149 12868 12889 D LogWriteUtil.class=LogFileHandlerThread.class: 2getFilePath: filePath=/custom/metro/log/2022-10-12
10-12 16:28:12.150 12868 12889 D LogWriteUtil.class=LogFileHandlerThread.class: getFileNameSuffix: file=/custom/metro/log/2022-10-12
10-12 16:28:12.152 12868 12889 D LogWriteUtil.class=LogFileHandlerThread.class: 3getCurrentFileName: logFileName=app35.log
10-12 16:28:12.152 12868 12889 D LogWriteUtil.class=LogFileHandlerThread.class: 1,initFile: getFilePath()=/custom/metro/log/2022-10-12, getCurrentFileName=app35.log
10-12 16:28:12.153 12868 12889 D LogWriteUtil.class=LogFileHandlerThread.class: 1getFilePath: logFormat=2022-10-12, LogWriteUtil.logPathDir=/custom/metro/log
10-12 16:28:12.153 12868 12889 D LogWriteUtil.class=LogFileHandlerThread.class: 2getFilePath: filePath=/custom/metro/log/2022-10-12
10-12 16:28:12.153 12868 12889 D LogWriteUtil.class=LogFileHandlerThread.class: 1getCurrentFileName: LogWriteUtil.logfile=app.log
10-12 16:28:12.154 12868 12889 D LogWriteUtil.class=LogFileHandlerThread.class: 1getFilePath: logFormat=2022-10-12, LogWriteUtil.logPathDir=/custom/metro/log
10-12 16:28:12.154 12868 12889 D LogWriteUtil.class=LogFileHandlerThread.class: 2getFilePath: filePath=/custom/metro/log/2022-10-12
10-12 16:28:12.154 12868 12889 D LogWriteUtil.class=LogFileHandlerThread.class: getFileNameSuffix: file=/custom/metro/log/2022-10-12
10-12 16:28:12.155 12868 12889 D LogWriteUtil.class=LogFileHandlerThread.class: 2getCurrentFileName: index=3, LogWriteUtil.logfile=app.log, getFileNameSuffix=35
10-12 16:28:12.156 12868 12889 D LogWriteUtil.class=LogFileHandlerThread.class: 1getFilePath: logFormat=2022-10-12, LogWriteUtil.logPathDir=/custom/metro/log
10-12 16:28:12.156 12868 12889 D LogWriteUtil.class=LogFileHandlerThread.class: 2getFilePath: filePath=/custom/metro/log/2022-10-12
10-12 16:28:12.156 12868 12889 D LogWriteUtil.class=LogFileHandlerThread.class: getFileNameSuffix: file=/custom/metro/log/2022-10-12
10-12 16:28:12.157 12868 12889 D LogWriteUtil.class=LogFileHandlerThread.class: 3getCurrentFileName: logFileName=app35.log
10-12 16:28:12.157 12868 12889 D LogWriteUtil.class=LogFileHandlerThread.class: 1getCurrentFileName: LogWriteUtil.logfile=app.log
10-12 16:28:12.158 12868 12889 D LogWriteUtil.class=LogFileHandlerThread.class: 1getFilePath: logFormat=2022-10-12, LogWriteUtil.logPathDir=/custom/metro/log
10-12 16:28:12.158 12868 12889 D LogWriteUtil.class=LogFileHandlerThread.class: 2getFilePath: filePath=/custom/metro/log/2022-10-12
10-12 16:28:12.158 12868 12889 D LogWriteUtil.class=LogFileHandlerThread.class: getFileNameSuffix: file=/custom/metro/log/2022-10-12
10-12 16:28:12.159 12868 12889 D LogWriteUtil.class=LogFileHandlerThread.class: 2getCurrentFileName: index=3, LogWriteUtil.logfile=app.log, getFileNameSuffix=35
10-12 16:28:12.159 12868 12868 D IndexFragment: initView: applyFxData() - ats=[StationAts(createTime=1665563292, trainGroupNumber=202, serviceNumber=000, trainCrewNumber=000, trainPosition=1, trainRunningPosition=2, railName=T1303, stationID=013, terminalStationID=000, destinationID=000, identityID=+866022013), StationAts(createTime=1665563292, trainGroupNumber=299, serviceNumber=801, trainCrewNumber=000, trainPosition=1, trainRunningPosition=2, railName=T1301, stationID=013, terminalStationID=000, destinationID=000, identityID=+866022013)]
10-12 16:28:12.160 12868 12889 D LogWriteUtil.class=LogFileHandlerThread.class: 1getFilePath: logFormat=2022-10-12, LogWriteUtil.logPathDir=/custom/metro/log
10-12 16:28:12.160 12868 12889 D LogWriteUtil.class=LogFileHandlerThread.class: 2getFilePath: filePath=/custom/metro/log/2022-10-12
10-12 16:28:12.160 12868 12889 D LogWriteUtil.class=LogFileHandlerThread.class: getFileNameSuffix: file=/custom/metro/log/2022-10-12
10-12 16:28:12.161 12868 12889 D LogWriteUtil.class=LogFileHandlerThread.class: 3getCurrentFileName: logFileName=app35.log
10-12 16:28:12.161 12868 12889 D TAG     : 2,initFile: /custom/metro/log/2022-10-12/app35.log, logFile.length=0, getCurrentFileName()=app35.log, writeFileName=/custom/metro/log/2022-10-12/app341665563225311.log
10-12 16:28:12.161 12868 12889 D LogWriteUtil.class=LogFileHandlerThread.class: 8,initFile: logFile=/custom/metro/log/2022-10-12/app35.log, logFile.length=0
10-12 16:28:12.543   672   672 I cnss-daemon: RTM_NEWNEIGH message received: 28
10-12 16:28:12.544   672   672 I cnss-daemon: NDA_DST received: 192.168.42.133 ul: 562995137259712
10-12 16:28:12.544   672   672 I cnss-daemon: NDA_LLADDR received
10-12 16:28:12.632 12868 12954 D MainViewModel: getSystemTime_currentThreadID2: 240
10-12 16:28:12.633 12868 12962 D TAG     : getSystemTime_currentThreadID3s: 247, isActive=true
10-12 16:28:12.971 12868 12943 D UdpDisServices: udp receive - api receive data disApi, udp service id=235  - udp.packet.address=/172.2.208.8, udp.pack.socketAddress=/172.2.208.8:64002, udp.port=64002- running=true - message={"MsgSeqID":70614,"MsgName":"GetStationATSRsp","MsgInfo":{"Code":10011,"StationATSInfos":[{"TrainGroupNumber":"202","ServiceNumber":"000","TrainCrewNumber":"000","TrainPosition":"1","TrainRunningPosition":"2","RailName":"T1303","StationID":"013","TerminalStationID":"000","DestinationID":"000"},{"TrainGroupNumber":"299","ServiceNumber":"801","TrainCrewNumber":"000","TrainPosition":"1","TrainRunningPosition":"2","RailName":"T1301","StationID":"013","TerminalStationID":"000","DestinationID":"000"}]}}
10-12 16:28:12.973 12868 12943 I APP_LogUtils.kt: [(LogUtils.kt:50).i()] [UdpDisServices] udp receive - api receive data disApi, udp service id=235 - running=true  - ip=/172.2.208.8 - port=64002 - message={"MsgSeqID":70614,"MsgName":"GetStationATSRsp","MsgInfo":{"Code":10011,"StationATSInfos":[{"TrainGroupNumber":"202","ServiceNumber":"000","TrainCrewNumber":"000","TrainPosition":"1","TrainRunningPosition":"2","RailName":"T1303","StationID":"013","TerminalStationID":"000","DestinationID":"000"},{"TrainGroupNumber":"299","ServiceNumber":"801","TrainCrewNumber":"000","TrainPosition":"1","TrainRunningPosition":"2","RailName":"T1301","StationID":"013","TerminalStationID":"000","DestinationID":"000"}]}}
10-12 16:28:12.975 12868 12943 D UdpDisServices: udp receive - api receive data disApi, udp service id=235  - udp.packet.address=/172.2.208.8, udp.pack.socketAddress=/172.2.208.8:64002, udp.port=64002- running=true - message={"MsgSeqID":70634,"MsgName":"GetStationATSRsp","MsgInfo":{"Code":10011,"StationATSInfos":[{"TrainGroupNumber":"202","ServiceNumber":"000","TrainCrewNumber":"000","TrainPosition":"1","TrainRunningPosition":"2","RailName":"T1303","StationID":"013","TerminalStationID":"000","DestinationID":"000"},{"TrainGroupNumber":"299","ServiceNumber":"801","TrainCrewNumber":"000","TrainPosition":"1","TrainRunningPosition":"2","RailName":"T1301","StationID":"013","TerminalStationID":"000","DestinationID":"000"}]}}
10-12 16:28:12.975 12868 12868 D MainActivity: onMessageEvent  -- gginit: disApi, id=1---event={"MsgSeqID":70614,"MsgName":"GetStationATSRsp","MsgInfo":{"Code":10011,"StationATSInfos":[{"TrainGroupNumber":"202","ServiceNumber":"000","TrainCrewNumber":"000","TrainPosition":"1","TrainRunningPosition":"2","RailName":"T1303","StationID":"013","TerminalStationID":"000","DestinationID":"000"},{"TrainGroupNumber":"299","ServiceNumber":"801","TrainCrewNumber":"000","TrainPosition":"1","TrainRunningPosition":"2","RailName":"T1301","StationID":"013","TerminalStationID":"000","DestinationID":"000"}]}}
10-12 16:28:12.975 12868 12868 D MainViewModel: 1processDisApi: disApi, id=1
10-12 16:28:12.975 12868 12889 D LogWriteUtil.class=LogFileHandlerThread.class: 1getFilePath: logFormat=2022-10-12, LogWriteUtil.logPathDir=/custom/metro/log
10-12 16:28:12.976 12868 12889 D LogWriteUtil.class=LogFileHandlerThread.class: 2getFilePath: filePath=/custom/metro/log/2022-10-12
10-12 16:28:12.976 12868 12943 I APP_LogUtils.kt: [(LogUtils.kt:50).i()] [UdpDisServices] udp receive - api receive data disApi, udp service id=235 - running=true  - ip=/172.2.208.8 - port=64002 - message={"MsgSeqID":70634,"MsgName":"GetStationATSRsp","MsgInfo":{"Code":10011,"StationATSInfos":[{"TrainGroupNumber":"202","ServiceNumber":"000","TrainCrewNumber":"000","TrainPosition":"1","TrainRunningPosition":"2","RailName":"T1303","StationID":"013","TerminalStationID":"000","DestinationID":"000"},{"TrainGroupNumber":"299","ServiceNumber":"801","TrainCrewNumber":"000","TrainPosition":"1","TrainRunningPosition":"2","RailName":"T1301","StationID":"013","TerminalStationID":"000","DestinationID":"000"}]}}
10-12 16:28:12.976 12868 12889 D LogWriteUtil.class=LogFileHandlerThread.class: 1getCurrentFileName: LogWriteUtil.logfile=app.log
10-12 16:28:12.977 12868 12962 D DisApiSingletonReceive: processingData: disApi, id=247 - data={"MsgSeqID":70614,"MsgName":"GetStationATSRsp","MsgInfo":{"Code":10011,"StationATSInfos":[{"TrainGroupNumber":"202","ServiceNumber":"000","TrainCrewNumber":"000","TrainPosition":"1","TrainRunningPosition":"2","RailName":"T1303","StationID":"013","TerminalStationID":"000","DestinationID":"000"},{"TrainGroupNumber":"299","ServiceNumber":"801","TrainCrewNumber":"000","TrainPosition":"1","TrainRunningPosition":"2","RailName":"T1301","StationID":"013","TerminalStationID":"000","DestinationID":"000"}]}}
10-12 16:28:12.977 12868 12889 D LogWriteUtil.class=LogFileHandlerThread.class: 1getFilePath: logFormat=2022-10-12, LogWriteUtil.logPathDir=/custom/metro/log
10-12 16:28:12.978 12868 12889 D LogWriteUtil.class=LogFileHandlerThread.class: 2getFilePath: filePath=/custom/metro/log/2022-10-12
10-12 16:28:12.978 12868 12943 D UdpDisServices: udp receive - api receive data disApi, udp service id=235  - udp.packet.address=/172.2.208.8, udp.pack.socketAddress=/172.2.208.8:64002, udp.port=64002- running=true - message={"MsgSeqID":70652,"MsgName":"GetStationATSRsp","MsgInfo":{"Code":10011,"StationATSInfos":[{"TrainGroupNumber":"202","ServiceNumber":"000","TrainCrewNumber":"000","TrainPosition":"1","TrainRunningPosition":"2","RailName":"T1303","StationID":"013","TerminalStationID":"000","DestinationID":"000"},{"TrainGroupNumber":"299","ServiceNumber":"801","TrainCrewNumber":"000","TrainPosition":"1","TrainRunningPosition":"2","RailName":"T1301","StationID":"013","TerminalStationID":"000","DestinationID":"000"}]}}
10-12 16:28:12.978 12868 12868 D MainActivity: onMessageEvent  -- gginit: disApi, id=1---event={"MsgSeqID":70634,"MsgName":"GetStationATSRsp","MsgInfo":{"Code":10011,"StationATSInfos":[{"TrainGroupNumber":"202","ServiceNumber":"000","TrainCrewNumber":"000","TrainPosition":"1","TrainRunningPosition":"2","RailName":"T1303","StationID":"013","TerminalStationID":"000","DestinationID":"000"},{"TrainGroupNumber":"299","ServiceNumber":"801","TrainCrewNumber":"000","TrainPosition":"1","TrainRunningPosition":"2","RailName":"T1301","StationID":"013","TerminalStationID":"000","DestinationID":"000"}]}}
10-12 16:28:12.978 12868 12889 D LogWriteUtil.class=LogFileHandlerThread.class: getFileNameSuffix: file=/custom/metro/log/2022-10-12
10-12 16:28:12.978 12868 12868 D MainViewModel: 1processDisApi: disApi, id=1
10-12 16:28:12.980 12868 12954 D DisApiSingletonReceive: processingData: disApi, id=240 - data={"MsgSeqID":70634,"MsgName":"GetStationATSRsp","MsgInfo":{"Code":10011,"StationATSInfos":[{"TrainGroupNumber":"202","ServiceNumber":"000","TrainCrewNumber":"000","TrainPosition":"1","TrainRunningPosition":"2","RailName":"T1303","StationID":"013","TerminalStationID":"000","DestinationID":"000"},{"TrainGroupNumber":"299","ServiceNumber":"801","TrainCrewNumber":"000","TrainPosition":"1","TrainRunningPosition":"2","RailName":"T1301","StationID":"013","TerminalStationID":"000","DestinationID":"000"}]}}
10-12 16:28:12.980 12868 12943 I APP_LogUtils.kt: [(LogUtils.kt:50).i()] [UdpDisServices] udp receive - api receive data disApi, udp service id=235 - running=true  - ip=/172.2.208.8 - port=64002 - message={"MsgSeqID":70652,"MsgName":"GetStationATSRsp","MsgInfo":{"Code":10011,"StationATSInfos":[{"TrainGroupNumber":"202","ServiceNumber":"000","TrainCrewNumber":"000","TrainPosition":"1","TrainRunningPosition":"2","RailName":"T1303","StationID":"013","TerminalStationID":"000","DestinationID":"000"},{"TrainGroupNumber":"299","ServiceNumber":"801","TrainCrewNumber":"000","TrainPosition":"1","TrainRunningPosition":"2","RailName":"T1301","StationID":"013","TerminalStationID":"000","DestinationID":"000"}]}}
10-12 16:28:12.981 12868 12889 D LogWriteUtil.class=LogFileHandlerThread.class: 2getCurrentFileName: index=3, LogWriteUtil.logfile=app.log, getFileNameSuffix=35
10-12 16:28:12.981 12868 12868 D MainActivity: onMessageEvent  -- gginit: disApi, id=1---event={"MsgSeqID":70652,"MsgName":"GetStationATSRsp","MsgInfo":{"Code":10011,"StationATSInfos":[{"TrainGroupNumber":"202","ServiceNumber":"000","TrainCrewNumber":"000","TrainPosition":"1","TrainRunningPosition":"2","RailName":"T1303","StationID":"013","TerminalStationID":"000","DestinationID":"000"},{"TrainGroupNumber":"299","ServiceNumber":"801","TrainCrewNumber":"000","TrainPosition":"1","TrainRunningPosition":"2","RailName":"T1301","StationID":"013","TerminalStationID":"000","DestinationID":"000"}]}}
10-12 16:28:12.981 12868 12868 D MainViewModel: 1processDisApi: disApi, id=1
10-12 16:28:12.982 12868 12889 D LogWriteUtil.class=LogFileHandlerThread.class: 1getFilePath: logFormat=2022-10-12, LogWriteUtil.logPathDir=/custom/metro/log
10-12 16:28:12.982 12868 12889 D LogWriteUtil.class=LogFileHandlerThread.class: 2getFilePath: filePath=/custom/metro/log/2022-10-12
10-12 16:28:12.982 12868 12889 D LogWriteUtil.class=LogFileHandlerThread.class: getFileNameSuffix: file=/custom/metro/log/2022-10-12
10-12 16:28:12.982 12868 12942 D DisApiSingletonReceive: processingData: disApi, id=234 - data={"MsgSeqID":70652,"MsgName":"GetStationATSRsp","MsgInfo":{"Code":10011,"StationATSInfos":[{"TrainGroupNumber":"202","ServiceNumber":"000","TrainCrewNumber":"000","TrainPosition":"1","TrainRunningPosition":"2","RailName":"T1303","StationID":"013","TerminalStationID":"000","DestinationID":"000"},{"TrainGroupNumber":"299","ServiceNumber":"801","TrainCrewNumber":"000","TrainPosition":"1","TrainRunningPosition":"2","RailName":"T1301","StationID":"013","TerminalStationID":"000","DestinationID":"000"}]}}
10-12 16:28:12.983 12868 12962 D DisApiSingletonReceive: parseStationAtsData: atsInfo=com.gbcom.library_base.data.StationAtsApiData@c0bee70
10-12 16:28:12.983 12868 12962 D BtrunCConfig: isR2Nubmer is true
10-12 16:28:12.983 12868 12962 D com.ztegota.system.GotaSystem: getMdn +866022013
10-12 16:28:12.984 12868 12889 D LogWriteUtil.class=LogFileHandlerThread.class: 3getCurrentFileName: logFileName=app35.log
10-12 16:28:12.984 12868 12954 D DisApiSingletonReceive: parseStationAtsData: atsInfo=com.gbcom.library_base.data.StationAtsApiData@e5ad5e9
10-12 16:28:12.984 12868 12962 D TAG     : getUserId: userId2=+866022013
10-12 16:28:12.984 12868 12889 D LogWriteUtil.class=LogFileHandlerThread.class: 1,initFile: getFilePath()=/custom/metro/log/2022-10-12, getCurrentFileName=app35.log
10-12 16:28:12.984 12868 12962 D BtrunCConfig: isR2Nubmer is true
10-12 16:28:12.984 12868 12962 D com.ztegota.system.GotaSystem: getMdn +866022013
10-12 16:28:12.984 12868 12962 D TAG     : getUserId: userId2=+866022013
10-12 16:28:12.984 12868 12954 D BtrunCConfig: isR2Nubmer is true
10-12 16:28:12.984 12868 12954 D com.ztegota.system.GotaSystem: getMdn +866022013
10-12 16:28:12.984 12868 12954 D TAG     : getUserId: userId2=+866022013
10-12 16:28:12.985 12868 12954 D BtrunCConfig: isR2Nubmer is true
10-12 16:28:12.985 12868 12954 D com.ztegota.system.GotaSystem: getMdn +866022013
10-12 16:28:12.985 12868 12889 D LogWriteUtil.class=LogFileHandlerThread.class: 1getFilePath: logFormat=2022-10-12, LogWriteUtil.logPathDir=/custom/metro/log
10-12 16:28:12.985 12868 12954 D TAG     : getUserId: userId2=+866022013
10-12 16:28:12.985 12868 12889 D LogWriteUtil.class=LogFileHandlerThread.class: 2getFilePath: filePath=/custom/metro/log/2022-10-12
10-12 16:28:12.985 12868 12889 D LogWriteUtil.class=LogFileHandlerThread.class: 1getCurrentFileName: LogWriteUtil.logfile=app.log
10-12 16:28:12.986 12868 12889 D LogWriteUtil.class=LogFileHandlerThread.class: 1getFilePath: logFormat=2022-10-12, LogWriteUtil.logPathDir=/custom/metro/log
10-12 16:28:12.986 12868 12889 D LogWriteUtil.class=LogFileHandlerThread.class: 2getFilePath: filePath=/custom/metro/log/2022-10-12
10-12 16:28:12.986 12868 12889 D LogWriteUtil.class=LogFileHandlerThread.class: getFileNameSuffix: file=/custom/metro/log/2022-10-12
10-12 16:28:12.987 12868 12942 D DisApiSingletonReceive: parseStationAtsData: atsInfo=com.gbcom.library_base.data.StationAtsApiData@510426e
10-12 16:28:12.987 12868 12942 D BtrunCConfig: isR2Nubmer is true
10-12 16:28:12.987 12868 12942 D com.ztegota.system.GotaSystem: getMdn +866022013
10-12 16:28:12.987 12868 12942 D TAG     : getUserId: userId2=+866022013
10-12 16:28:12.987 12868 12942 D BtrunCConfig: isR2Nubmer is true
10-12 16:28:12.988 12868 12942 D com.ztegota.system.GotaSystem: getMdn +866022013
10-12 16:28:12.988 12868 12942 D TAG     : getUserId: userId2=+866022013
10-12 16:28:12.992 12868 12889 D LogWriteUtil.class=LogFileHandlerThread.class: 2getCurrentFileName: index=3, LogWriteUtil.logfile=app.log, getFileNameSuffix=35
10-12 16:28:12.993 12868 12889 D LogWriteUtil.class=LogFileHandlerThread.class: 1getFilePath: logFormat=2022-10-12, LogWriteUtil.logPathDir=/custom/metro/log
10-12 16:28:12.993 12868 12889 D LogWriteUtil.class=LogFileHandlerThread.class: 2getFilePath: filePath=/custom/metro/log/2022-10-12
10-12 16:28:12.993 12868 12889 D LogWriteUtil.class=LogFileHandlerThread.class: getFileNameSuffix: file=/custom/metro/log/2022-10-12
10-12 16:28:12.994 12868 12889 D LogWriteUtil.class=LogFileHandlerThread.class: 3getCurrentFileName: logFileName=app35.log
10-12 16:28:12.994 12868 12889 D LogWriteUtil.class=LogFileHandlerThread.class: 1getCurrentFileName: LogWriteUtil.logfile=app.log
10-12 16:28:12.995 12868 12889 D LogWriteUtil.class=LogFileHandlerThread.class: 1getFilePath: logFormat=2022-10-12, LogWriteUtil.logPathDir=/custom/metro/log
10-12 16:28:12.995 12868 12889 D LogWriteUtil.class=LogFileHandlerThread.class: 2getFilePath: filePath=/custom/metro/log/2022-10-12
10-12 16:28:12.996 12868 12889 D LogWriteUtil.class=LogFileHandlerThread.class: getFileNameSuffix: file=/custom/metro/log/2022-10-12
10-12 16:28:12.996 12868 12889 D LogWriteUtil.class=LogFileHandlerThread.class: 2getCurrentFileName: index=3, LogWriteUtil.logfile=app.log, getFileNameSuffix=35
10-12 16:28:12.997 12868 12889 D LogWriteUtil.class=LogFileHandlerThread.class: 1getFilePath: logFormat=2022-10-12, LogWriteUtil.logPathDir=/custom/metro/log
10-12 16:28:12.998 12868 12889 D LogWriteUtil.class=LogFileHandlerThread.class: 2getFilePath: filePath=/custom/metro/log/2022-10-12
10-12 16:28:12.998 12868 12889 D LogWriteUtil.class=LogFileHandlerThread.class: getFileNameSuffix: file=/custom/metro/log/2022-10-12
10-12 16:28:12.999 12868 12889 D LogWriteUtil.class=LogFileHandlerThread.class: 3getCurrentFileName: logFileName=app35.log
10-12 16:28:12.999 12868 12889 D TAG     : 2,initFile: /custom/metro/log/2022-10-12/app35.log, logFile.length=0, getCurrentFileName()=app35.log, writeFileName=/custom/metro/log/2022-10-12/app341665563225311.log
10-12 16:28:13.000 12868 12889 D LogWriteUtil.class=LogFileHandlerThread.class: 8,initFile: logFile=/custom/metro/log/2022-10-12/app35.log, logFile.length=0
10-12 16:28:13.001 12868 12889 D LogWriteUtil.class=LogFileHandlerThread.class: 1getFilePath: logFormat=2022-10-12, LogWriteUtil.logPathDir=/custom/metro/log
10-12 16:28:13.001 12868 12889 D LogWriteUtil.class=LogFileHandlerThread.class: 2getFilePath: filePath=/custom/metro/log/2022-10-12
10-12 16:28:13.002 12868 12889 D LogWriteUtil.class=LogFileHandlerThread.class: 1getCurrentFileName: LogWriteUtil.logfile=app.log
10-12 16:28:13.003 12868 12889 D LogWriteUtil.class=LogFileHandlerThread.class: 1getFilePath: logFormat=2022-10-12, LogWriteUtil.logPathDir=/custom/metro/log
10-12 16:28:13.003 12868 12889 D LogWriteUtil.class=LogFileHandlerThread.class: 2getFilePath: filePath=/custom/metro/log/2022-10-12
10-12 16:28:13.003 12868 12889 D LogWriteUtil.class=LogFileHandlerThread.class: getFileNameSuffix: file=/custom/metro/log/2022-10-12
10-12 16:28:13.004 12868 12889 D LogWriteUtil.class=LogFileHandlerThread.class: 2getCurrentFileName: index=3, LogWriteUtil.logfile=app.log, getFileNameSuffix=35
10-12 16:28:13.005 12868 12889 D LogWriteUtil.class=LogFileHandlerThread.class: 1getFilePath: logFormat=2022-10-12, LogWriteUtil.logPathDir=/custom/metro/log
10-12 16:28:13.005 12868 12889 D LogWriteUtil.class=LogFileHandlerThread.class: 2getFilePath: filePath=/custom/metro/log/2022-10-12
10-12 16:28:13.005 12868 12889 D LogWriteUtil.class=LogFileHandlerThread.class: getFileNameSuffix: file=/custom/metro/log/2022-10-12
10-12 16:28:13.006 12868 12889 D LogWriteUtil.class=LogFileHandlerThread.class: 3getCurrentFileName: logFileName=app35.log
10-12 16:28:13.006 12868 12889 D LogWriteUtil.class=LogFileHandlerThread.class: 1,initFile: getFilePath()=/custom/metro/log/2022-10-12, getCurrentFileName=app35.log
10-12 16:28:13.007 12868 12889 D LogWriteUtil.class=LogFileHandlerThread.class: 1getFilePath: logFormat=2022-10-12, LogWriteUtil.logPathDir=/custom/metro/log
10-12 16:28:13.007 12868 12889 D LogWriteUtil.class=LogFileHandlerThread.class: 2getFilePath: filePath=/custom/metro/log/2022-10-12
10-12 16:28:13.008 12868 12889 D LogWriteUtil.class=LogFileHandlerThread.class: 1getCurrentFileName: LogWriteUtil.logfile=app.log
10-12 16:28:13.008 12868 12889 D LogWriteUtil.class=LogFileHandlerThread.class: 1getFilePath: logFormat=2022-10-12, LogWriteUtil.logPathDir=/custom/metro/log
10-12 16:28:13.008 12868 12889 D LogWriteUtil.class=LogFileHandlerThread.class: 2getFilePath: filePath=/custom/metro/log/2022-10-12
10-12 16:28:13.009 12868 12889 D LogWriteUtil.class=LogFileHandlerThread.class: getFileNameSuffix: file=/custom/metro/log/2022-10-12
10-12 16:28:13.010 12868 12889 D LogWriteUtil.class=LogFileHandlerThread.class: 2getCurrentFileName: index=3, LogWriteUtil.logfile=app.log, getFileNameSuffix=35
10-12 16:28:13.012 12868 12889 D LogWriteUtil.class=LogFileHandlerThread.class: 1getFilePath: logFormat=2022-10-12, LogWriteUtil.logPathDir=/custom/metro/log
10-12 16:28:13.012 12868 12889 D LogWriteUtil.class=LogFileHandlerThread.class: 2getFilePath: filePath=/custom/metro/log/2022-10-12
10-12 16:28:13.012 12868 12889 D LogWriteUtil.class=LogFileHandlerThread.class: getFileNameSuffix: file=/custom/metro/log/2022-10-12
10-12 16:28:13.013 12868 12889 D LogWriteUtil.class=LogFileHandlerThread.class: 3getCurrentFileName: logFileName=app35.log
10-12 16:28:13.014 12868 12889 D LogWriteUtil.class=LogFileHandlerThread.class: 1getCurrentFileName: LogWriteUtil.logfile=app.log
10-12 16:28:13.015 12868 12889 D LogWriteUtil.class=LogFileHandlerThread.class: 1getFilePath: logFormat=2022-10-12, LogWriteUtil.logPathDir=/custom/metro/log
10-12 16:28:13.015 12868 12889 D LogWriteUtil.class=LogFileHandlerThread.class: 2getFilePath: filePath=/custom/metro/log/2022-10-12
10-12 16:28:13.015 12868 12889 D LogWriteUtil.class=LogFileHandlerThread.class: getFileNameSuffix: file=/custom/metro/log/2022-10-12
10-12 16:28:13.016 12868 12889 D LogWriteUtil.class=LogFileHandlerThread.class: 2getCurrentFileName: index=3, LogWriteUtil.logfile=app.log, getFileNameSuffix=35
10-12 16:28:13.017 12868 12889 D LogWriteUtil.class=LogFileHandlerThread.class: 1getFilePath: logFormat=2022-10-12, LogWriteUtil.logPathDir=/custom/metro/log
10-12 16:28:13.017 12868 12889 D LogWriteUtil.class=LogFileHandlerThread.class: 2getFilePath: filePath=/custom/metro/log/2022-10-12
10-12 16:28:13.017 12868 12889 D LogWriteUtil.class=LogFileHandlerThread.class: getFileNameSuffix: file=/custom/metro/log/2022-10-12
10-12 16:28:13.018 12868 12889 D LogWriteUtil.class=LogFileHandlerThread.class: 3getCurrentFileName: logFileName=app35.log
10-12 16:28:13.018 12868 12889 D TAG     : 2,initFile: /custom/metro/log/2022-10-12/app35.log, logFile.length=0, getCurrentFileName()=app35.log, writeFileName=/custom/metro/log/2022-10-12/app341665563225311.log
10-12 16:28:13.020 12868 12889 D LogWriteUtil.class=LogFileHandlerThread.class: 8,initFile: logFile=/custom/metro/log/2022-10-12/app35.log, logFile.length=0
10-12 16:28:13.022 12868 12889 D LogWriteUtil.class=LogFileHandlerThread.class: 1getFilePath: logFormat=2022-10-12, LogWriteUtil.logPathDir=/custom/metro/log
10-12 16:28:13.022 12868 12889 D LogWriteUtil.class=LogFileHandlerThread.class: 2getFilePath: filePath=/custom/metro/log/2022-10-12
10-12 16:28:13.023 12868 12889 D LogWriteUtil.class=LogFileHandlerThread.class: 1getCurrentFileName: LogWriteUtil.logfile=app.log
10-12 16:28:13.023 12868 12889 D LogWriteUtil.class=LogFileHandlerThread.class: 1getFilePath: logFormat=2022-10-12, LogWriteUtil.logPathDir=/custom/metro/log
10-12 16:28:13.024 12868 12889 D LogWriteUtil.class=LogFileHandlerThread.class: 2getFilePath: filePath=/custom/metro/log/2022-10-12
10-12 16:28:13.024 12868 12889 D LogWriteUtil.class=LogFileHandlerThread.class: getFileNameSuffix: file=/custom/metro/log/2022-10-12
10-12 16:28:13.025 12868 12889 D LogWriteUtil.class=LogFileHandlerThread.class: 2getCurrentFileName: index=3, LogWriteUtil.logfile=app.log, getFileNameSuffix=35
10-12 16:28:13.027 12868 12889 D LogWriteUtil.class=LogFileHandlerThread.class: 1getFilePath: logFormat=2022-10-12, LogWriteUtil.logPathDir=/custom/metro/log
10-12 16:28:13.027 12868 12889 D LogWriteUtil.class=LogFileHandlerThread.class: 2getFilePath: filePath=/custom/metro/log/2022-10-12
10-12 16:28:13.027 12868 12889 D LogWriteUtil.class=LogFileHandlerThread.class: getFileNameSuffix: file=/custom/metro/log/2022-10-12
10-12 16:28:13.028 12868 12889 D LogWriteUtil.class=LogFileHandlerThread.class: 3getCurrentFileName: logFileName=app35.log
10-12 16:28:13.028 12868 12889 D LogWriteUtil.class=LogFileHandlerThread.class: 1,initFile: getFilePath()=/custom/metro/log/2022-10-12, getCurrentFileName=app35.log
10-12 16:28:13.029 12868 12889 D LogWriteUtil.class=LogFileHandlerThread.class: 1getFilePath: logFormat=2022-10-12, LogWriteUtil.logPathDir=/custom/metro/log
10-12 16:28:13.029 12868 12889 D LogWriteUtil.class=LogFileHandlerThread.class: 2getFilePath: filePath=/custom/metro/log/2022-10-12
10-12 16:28:13.029 12868 12889 D LogWriteUtil.class=LogFileHandlerThread.class: 1getCurrentFileName: LogWriteUtil.logfile=app.log
10-12 16:28:13.031 12868 12889 D LogWriteUtil.class=LogFileHandlerThread.class: 1getFilePath: logFormat=2022-10-12, LogWriteUtil.logPathDir=/custom/metro/log
10-12 16:28:13.031 12868 12889 D LogWriteUtil.class=LogFileHandlerThread.class: 2getFilePath: filePath=/custom/metro/log/2022-10-12
10-12 16:28:13.031 12868 12889 D LogWriteUtil.class=LogFileHandlerThread.class: getFileNameSuffix: file=/custom/metro/log/2022-10-12
10-12 16:28:13.033 12868 12889 D LogWriteUtil.class=LogFileHandlerThread.class: 2getCurrentFileName: index=3, LogWriteUtil.logfile=app.log, getFileNameSuffix=35
10-12 16:28:13.034 12868 12889 D LogWriteUtil.class=LogFileHandlerThread.class: 1getFilePath: logFormat=2022-10-12, LogWriteUtil.logPathDir=/custom/metro/log
10-12 16:28:13.034 12868 12889 D LogWriteUtil.class=LogFileHandlerThread.class: 2getFilePath: filePath=/custom/metro/log/2022-10-12
10-12 16:28:13.034 12868 12889 D LogWriteUtil.class=LogFileHandlerThread.class: getFileNameSuffix: file=/custom/metro/log/2022-10-12
10-12 16:28:13.035 12868 12889 D LogWriteUtil.class=LogFileHandlerThread.class: 3getCurrentFileName: logFileName=app35.log
10-12 16:28:13.035 12868 12889 D LogWriteUtil.class=LogFileHandlerThread.class: 1getCurrentFileName: LogWriteUtil.logfile=app.log
10-12 16:28:13.036 12868 12889 D LogWriteUtil.class=LogFileHandlerThread.class: 1getFilePath: logFormat=2022-10-12, LogWriteUtil.logPathDir=/custom/metro/log
10-12 16:28:13.036 12868 12889 D LogWriteUtil.class=LogFileHandlerThread.class: 2getFilePath: filePath=/custom/metro/log/2022-10-12
10-12 16:28:13.036 12868 12889 D LogWriteUtil.class=LogFileHandlerThread.class: getFileNameSuffix: file=/custom/metro/log/2022-10-12
10-12 16:28:13.037 12868 12889 D LogWriteUtil.class=LogFileHandlerThread.class: 2getCurrentFileName: index=3, LogWriteUtil.logfile=app.log, getFileNameSuffix=35
10-12 16:28:13.037 12868 12889 D LogWriteUtil.class=LogFileHandlerThread.class: 1getFilePath: logFormat=2022-10-12, LogWriteUtil.logPathDir=/custom/metro/log
10-12 16:28:13.038 12868 12889 D LogWriteUtil.class=LogFileHandlerThread.class: 2getFilePath: filePath=/custom/metro/log/2022-10-12
10-12 16:28:13.038 12868 12889 D LogWriteUtil.class=LogFileHandlerThread.class: getFileNameSuffix: file=/custom/metro/log/2022-10-12
10-12 16:28:13.038 12868 12889 D LogWriteUtil.class=LogFileHandlerThread.class: 3getCurrentFileName: logFileName=app35.log
10-12 16:28:13.038 12868 12889 D TAG     : 2,initFile: /custom/metro/log/2022-10-12/app35.log, logFile.length=0, getCurrentFileName()=app35.log, writeFileName=/custom/metro/log/2022-10-12/app341665563225311.log
10-12 16:28:13.039 12868 12889 D LogWriteUtil.class=LogFileHandlerThread.class: 8,initFile: logFile=/custom/metro/log/2022-10-12/app35.log, logFile.length=0
10-12 16:28:13.042 12868 12868 D IndexFragment: initView: applyFxData() - ats=[StationAts(createTime=1665563292, trainGroupNumber=202, serviceNumber=000, trainCrewNumber=000, trainPosition=1, trainRunningPosition=2, railName=T1303, stationID=013, terminalStationID=000, destinationID=000, identityID=+866022013), StationAts(createTime=1665563292, trainGroupNumber=299, serviceNumber=801, trainCrewNumber=000, trainPosition=1, trainRunningPosition=2, railName=T1301, stationID=013, terminalStationID=000, destinationID=000, identityID=+866022013)]
10-12 16:28:13.113 12868 12925 I rilj    : EMCI Detial(CellId--->Tav): 5889,255,2,"46009",255,65535,59,65535,255,255,58,26,16,255,1202590897205,0,0,0,0,0,0,0,0
10-12 16:28:13.113 12868 12925 D LTERILJ : [UNSL]< RIL_UNSOL_NOTIFY_EMCI_DETAIL
10-12 16:28:13.114 12868 12922 D LTEPhone: EVENT_FOR_EMCI_DETAIL
10-12 16:28:13.114 12868 12922 D LTEServiceTracker: setCellId cellId:5889,"46009"
10-12 16:28:13.116 12868 12868 I APP_LogUtils.kt: [(LogUtils.kt:50).i()] [com.gbcom.library_base.service.LLteService] lte_resp_sys_for_emci_detail - EmciDetail=com.ztegota.system.common.EmciDetail@c01e7a5
10-12 16:28:13.117 12868 12889 D LogWriteUtil.class=LogFileHandlerThread.class: 1getFilePath: logFormat=2022-10-12, LogWriteUtil.logPathDir=/custom/metro/log
10-12 16:28:13.117 12868 12889 D LogWriteUtil.class=LogFileHandlerThread.class: 2getFilePath: filePath=/custom/metro/log/2022-10-12
10-12 16:28:13.117 12868 12889 D LogWriteUtil.class=LogFileHandlerThread.class: 1getCurrentFileName: LogWriteUtil.logfile=app.log
10-12 16:28:13.117 12868 12889 D LogWriteUtil.class=LogFileHandlerThread.class: 1getFilePath: logFormat=2022-10-12, LogWriteUtil.logPathDir=/custom/metro/log
10-12 16:28:13.117 12868 12889 D LogWriteUtil.class=LogFileHandlerThread.class: 2getFilePath: filePath=/custom/metro/log/2022-10-12
10-12 16:28:13.118 12868 12889 D LogWriteUtil.class=LogFileHandlerThread.class: getFileNameSuffix: file=/custom/metro/log/2022-10-12
10-12 16:28:13.118 12868 12889 D LogWriteUtil.class=LogFileHandlerThread.class: 2getCurrentFileName: index=3, LogWriteUtil.logfile=app.log, getFileNameSuffix=35
10-12 16:28:13.119 12868 12889 D LogWriteUtil.class=LogFileHandlerThread.class: 1getFilePath: logFormat=2022-10-12, LogWriteUtil.logPathDir=/custom/metro/log
10-12 16:28:13.119 12868 12889 D LogWriteUtil.class=LogFileHandlerThread.class: 2getFilePath: filePath=/custom/metro/log/2022-10-12
10-12 16:28:13.120 12868 12889 D LogWriteUtil.class=LogFileHandlerThread.class: getFileNameSuffix: file=/custom/metro/log/2022-10-12
10-12 16:28:13.120 12868 12889 D LogWriteUtil.class=LogFileHandlerThread.class: 3getCurrentFileName: logFileName=app35.log
10-12 16:28:13.120 12868 12889 D LogWriteUtil.class=LogFileHandlerThread.class: 1,initFile: getFilePath()=/custom/metro/log/2022-10-12, getCurrentFileName=app35.log
