--------- beginning of main
10-12 12:46:50.197   775   775 I MSM-irqbalance: Decided to move IRQ5 from CPU1 [P:0] to CPU6 [P:1] (banned)
10-12 12:46:50.199   775   775 I MSM-irqbalance: Decided to move IRQ5 from CPU2 [P:0] to CPU4 [P:1] (banned)
10-12 12:46:50.201   775   775 I MSM-irqbalance: Decided to move IRQ5 from CPU3 [P:0] to CPU7 [P:1] (banned)
10-12 12:46:50.203   775   775 I MSM-irqbalance: Decided to move IRQ5 from CPU0 [P:0] to CPU5 [P:1] (banned)
10-12 12:46:51.525   672   672 I cnss-daemon: RTM_NEWNEIGH message received: 28
10-12 12:46:51.526   672   672 E cnss-daemon: Stale or unreachable neighbors, ndm state: 4
10-12 12:46:55.217   775   775 I MSM-irqbalance: Decided to move IRQ5 from CPU1 [P:0] to CPU6 [P:1] (banned)
10-12 12:46:55.219   775   775 I MSM-irqbalance: Decided to move IRQ5 from CPU2 [P:0] to CPU4 [P:1] (banned)
10-12 12:46:55.221   775   775 I MSM-irqbalance: Decided to move IRQ5 from CPU3 [P:0] to CPU7 [P:1] (banned)
10-12 12:46:55.222   775   775 I MSM-irqbalance: Decided to move IRQ5 from CPU0 [P:0] to CPU5 [P:1] (banned)
10-12 12:46:55.688   672   672 I cnss-daemon: RTM_NEWNEIGH message received: 28
10-12 12:46:55.689   672   672 E cnss-daemon: Stale or unreachable neighbors, ndm state: 16
10-12 12:46:55.689   672   672 I cnss-daemon: RTM_NEWNEIGH message received: 28
10-12 12:46:55.689   672   672 I cnss-daemon: NDA_DST received: 192.168.42.131 ul: 562995103705280
10-12 12:46:55.689   672   672 I cnss-daemon: NDA_LLADDR received
10-12 12:47:00.009  1701  1701 D KeyguardUpdateMonitor: received broadcast android.intent.action.TIME_TICK
10-12 12:47:00.010  1701  1701 D KeyguardUpdateMonitor: handleTimeUpdate
10-12 12:47:00.208   775   775 I MSM-irqbalance: Decided to move IRQ5 from CPU1 [P:0] to CPU6 [P:1] (banned)
10-12 12:47:00.209   775   775 I MSM-irqbalance: Decided to move IRQ5 from CPU2 [P:0] to CPU4 [P:1] (banned)
10-12 12:47:00.209   775   775 I MSM-irqbalance: Decided to move IRQ3 from CPU3 [P:0] to CPU7 [P:1] (banned)
10-12 12:47:00.210   775   775 I MSM-irqbalance: Decided to move IRQ5 from CPU3 [P:0] to CPU5 [P:1] (banned)
10-12 12:47:00.210   775   775 I MSM-irqbalance: Decided to move IRQ188 from CPU0 [P:0] to CPU6 [P:1] (banned)
10-12 12:47:00.211   775   775 I MSM-irqbalance: Decided to move IRQ5 from CPU0 [P:0] to CPU4 [P:1] (banned)
10-12 12:47:05.270   775   775 I MSM-irqbalance: Decided to move IRQ5 from CPU1 [P:0] to CPU6 [P:1] (banned)
10-12 12:47:05.273   775   775 I MSM-irqbalance: Decided to move IRQ5 from CPU2 [P:0] to CPU4 [P:1] (banned)
10-12 12:47:05.274   775   775 I MSM-irqbalance: Decided to move IRQ5 from CPU3 [P:0] to CPU7 [P:1] (banned)
10-12 12:47:05.276   775   775 I MSM-irqbalance: Decided to move IRQ3 from CPU3 [P:0] to CPU5 [P:1] (banned)
10-12 12:47:05.277   775   775 I MSM-irqbalance: Decided to move IRQ5 from CPU0 [P:0] to CPU6 [P:1] (banned)
10-12 12:47:10.274   775   775 I MSM-irqbalance: Decided to move IRQ5 from CPU1 [P:0] to CPU6 [P:1] (banned)
10-12 12:47:10.277   775   775 I MSM-irqbalance: Decided to move IRQ5 from CPU2 [P:0] to CPU4 [P:1] (banned)
10-12 12:47:10.280   775   775 I MSM-irqbalance: Decided to move IRQ5 from CPU3 [P:0] to CPU7 [P:1] (banned)
10-12 12:47:10.283   775   775 I MSM-irqbalance: Decided to move IRQ188 from CPU0 [P:0] to CPU5 [P:1] (banned)
10-12 12:47:10.285   775   775 I MSM-irqbalance: Decided to move IRQ5 from CPU0 [P:0] to CPU6 [P:1] (banned)
10-12 12:47:13.307   672   672 I cnss-daemon: RTM_NEWNEIGH message received: 28
10-12 12:47:13.307   672   672 E cnss-daemon: Stale or unreachable neighbors, ndm state: 4
10-12 12:47:15.294   775   775 I MSM-irqbalance: Decided to move IRQ5 from CPU1 [P:0] to CPU6 [P:1] (banned)
10-12 12:47:15.296   775   775 I MSM-irqbalance: Decided to move IRQ5 from CPU2 [P:0] to CPU4 [P:1] (banned)
10-12 12:47:15.297   775   775 I MSM-irqbalance: Decided to move IRQ3 from CPU3 [P:0] to CPU7 [P:1] (banned)
10-12 12:47:15.299   775   775 I MSM-irqbalance: Decided to move IRQ5 from CPU3 [P:0] to CPU5 [P:1] (banned)
10-12 12:47:15.300   775   775 I MSM-irqbalance: Decided to move IRQ5 from CPU0 [P:0] to CPU6 [P:1] (banned)
10-12 12:47:18.853  1436  2534 E LocSvc_libulp: I/int ulp_msg_process_system_update(const UlpSystemEvent): systemEvent:5 
10-12 12:47:18.853  1436  2534 E LocSvc_libulp: I/===> int ulp_brain_turn_onoff_dr_provider() line 842 
10-12 12:47:18.853  1436  2534 E LocSvc_libulp: I/===> int ulp_dr_stop_engine() line 235 
10-12 12:47:18.853  1436  2534 E LocSvc_libulp: I/int ulp_msg_process_start_req(), at ulp state = 1
10-12 12:47:18.854  1436  1887 E LocSvc_api_v02: I/---> locClientSendReq line 2064 QMI_LOC_GET_BEST_AVAILABLE_POSITION_REQ_V02
10-12 12:47:18.860  1436  1899 E LocSvc_ApiV02: I/<--- void globalRespCb(locClientHandleType, uint32_t, const locClientRespIndUnionType, uint32_t, void *) line 140 QMI_LOC_GET_BEST_AVAILABLE_POSITION_REQ_V02
10-12 12:47:18.861  1436  2534 E LocSvc_libulp: I/int ulp_brain_process_zpp_position_report(const enum loc_sess_status, LocPosTechMask, UlpLocation *), report ZPP position to providers,report_position = 1
10-12 12:47:18.861  1436  2534 E LocSvc_libulp: I/===> int ulp_brain_turn_onoff_dr_provider() line 842 
10-12 12:47:18.861  1436  2534 E LocSvc_libulp: I/===> int ulp_dr_stop_engine() line 235 
10-12 12:47:19.629  1436  1654 E ActivityManager: Sending non-protected broadcast NTP Service from system uid 1000 pkg com.gbcom.metrosystem
10-12 12:47:19.629  1436  1654 E ActivityManager: java.lang.Throwable
10-12 12:47:19.629  1436  1654 E ActivityManager: 	at com.android.server.am.ActivityManagerService.checkBroadcastFromSystem(ActivityManagerService.java:18277)
10-12 12:47:19.629  1436  1654 E ActivityManager: 	at com.android.server.am.ActivityManagerService.broadcastIntentLocked(ActivityManagerService.java:18844)
10-12 12:47:19.629  1436  1654 E ActivityManager: 	at com.android.server.am.ActivityManagerService.broadcastIntentInPackage(ActivityManagerService.java:18957)
10-12 12:47:19.629  1436  1654 E ActivityManager: 	at com.android.server.am.PendingIntentRecord.sendInner(PendingIntentRecord.java:308)
10-12 12:47:19.629  1436  1654 E ActivityManager: 	at com.android.server.am.PendingIntentRecord.sendWithResult(PendingIntentRecord.java:205)
10-12 12:47:19.629  1436  1654 E ActivityManager: 	at com.android.server.am.ActivityManagerService.sendIntentSender(ActivityManagerService.java:7409)
10-12 12:47:19.629  1436  1654 E ActivityManager: 	at android.app.PendingIntent.send(PendingIntent.java:836)
10-12 12:47:19.629  1436  1654 E ActivityManager: 	at com.android.server.AlarmManagerService$DeliveryTracker.deliverLocked(AlarmManagerService.java:3113)
10-12 12:47:19.629  1436  1654 E ActivityManager: 	at com.android.server.AlarmManagerService.deliverAlarmsLocked(AlarmManagerService.java:2546)
10-12 12:47:19.629  1436  1654 E ActivityManager: 	at com.android.server.AlarmManagerService$AlarmThread.run(AlarmManagerService.java:2667)
10-12 12:47:20.317   775   775 I MSM-irqbalance: Decided to move IRQ5 from CPU1 [P:0] to CPU6 [P:1] (banned)
10-12 12:47:20.320   775   775 I MSM-irqbalance: Decided to move IRQ5 from CPU2 [P:0] to CPU4 [P:1] (banned)
10-12 12:47:20.322   775   775 I MSM-irqbalance: Decided to move IRQ5 from CPU3 [P:0] to CPU7 [P:1] (banned)
10-12 12:47:20.324   775   775 I MSM-irqbalance: Decided to move IRQ5 from CPU0 [P:0] to CPU5 [P:1] (banned)
10-12 12:47:21.606   672   672 I cnss-daemon: RTM_NEWNEIGH message received: 28
10-12 12:47:21.607   672   672 E cnss-daemon: Stale or unreachable neighbors, ndm state: 16
10-12 12:47:21.609   672   672 I cnss-daemon: RTM_NEWNEIGH message received: 28
10-12 12:47:21.609   672   672 I cnss-daemon: NDA_DST received: 192.168.42.131 ul: 562995103705280
10-12 12:47:21.609   672   672 I cnss-daemon: NDA_LLADDR received
10-12 12:47:25.329   775   775 I MSM-irqbalance: Decided to move IRQ5 from CPU1 [P:0] to CPU6 [P:1] (banned)
10-12 12:47:25.332   775   775 I MSM-irqbalance: Decided to move IRQ5 from CPU2 [P:0] to CPU4 [P:1] (banned)
10-12 12:47:25.333   775   775 I MSM-irqbalance: Decided to move IRQ5 from CPU3 [P:0] to CPU7 [P:1] (banned)
10-12 12:47:25.335   775   775 I MSM-irqbalance: Decided to move IRQ3 from CPU3 [P:0] to CPU5 [P:1] (banned)
10-12 12:47:25.337   775   775 I MSM-irqbalance: Decided to move IRQ5 from CPU0 [P:0] to CPU6 [P:1] (banned)
10-12 12:47:25.338   775   775 I MSM-irqbalance: Decided to move IRQ188 from CPU0 [P:0] to CPU4 [P:1] (banned)
10-12 12:47:28.352   613  1691 I AudioPolicyManagerCustom: FLAG None hence request for a primary output
--------- beginning of system
10-12 12:47:28.356  1436  1739 I ActivityManager: START u0 {act=android.intent.action.MAIN cat=[android.intent.category.LAUNCHER] flg=0x10200000 cmp=com.gbcom.metrosystem/.mvvm.view.SplashActivity (has extras)} from uid 10014 on display 0
10-12 12:47:28.356   613  3734 I AudioPolicyManagerCustom: FLAG None hence request for a primary output
10-12 12:47:28.370   440  2277 E ANDR-PERF-MPCTL: Invalid profile no. 0, total profiles 0 only
10-12 12:47:28.381  1436  1739 D ActivityTrigger: ActivityTrigger activityPauseTrigger 
10-12 12:47:28.434  1436  1981 I ActivityManager: Start proc 5141:com.gbcom.metrosystem/1000 for activity com.gbcom.metrosystem/.mvvm.view.SplashActivity
10-12 12:47:28.434  1436  1981 V BoostFramework: BoostFramework() : mPerf = com.qualcomm.qti.Performance@94a35e6
10-12 12:47:28.462   613  1046 D audio_hw_primary: out_set_parameters: enter: usecase(1: low-latency-playback) kvpairs: routing=2
10-12 12:47:28.463   613  1046 D audio_hw_extn: audio_extn_set_anc_parameters: anc_enabled:0
10-12 12:47:28.463   613  1046 D audio_hw_spkr_prot: audio_extn_fbsp_set_parameters: Speaker protection disabled
10-12 12:47:28.471   613  1046 D audio_hw_primary: start_output_stream: enter: stream(0xf53b7800)usecase(1: low-latency-playback) devices(0x2)
10-12 12:47:28.472   613  1046 D audio_hw_primary: select_devices for use case (low-latency-playback)
10-12 12:47:28.472   613  1046 D audio_hw_primary: select_devices: out_snd_device(2: speaker) in_snd_device(0: )
10-12 12:47:28.472   613  1046 I msm8916_platform: platform_check_and_set_codec_backend_cfg:becf: afe: bitwidth 16, samplerate 48000 channels 2, backend_idx 0 usecase = 1 device (speaker)
10-12 12:47:28.472   613  1046 D msm8916_platform: platform_can_split_snd_device: snd_device(2) num devices(1) new_snd_devices(999776)
10-12 12:47:28.472   613  1046 I msm8916_platform: platform_check_and_set_codec_backend_cfg: becf: new_snd_devices[0] is speaker
10-12 12:47:28.472   613  1046 I msm8916_platform: platform_check_codec_backend_cfg:becf: afe: Codec selected backend: 0 current bit width: 16 sample rate: 48000 channels: 2
10-12 12:47:28.472   613  1046 D msm8916_platform: platform_check_codec_backend_cfg:becf: afe: playback on non-44.1-support device Configure afe to default Sample Rate(48k)
10-12 12:47:28.472   613  1046 D msm8916_platform: platform_check_codec_backend_cfg:becf: afe: only 48KHZ sample rate is supported Configure afe to default Sample Rate(48k)
10-12 12:47:28.472   613  1046 I msm8916_platform: platform_check_codec_backend_cfg:becf: afe: Codec selected backend: 0 updated bit width: 16 and sample rate: 48000
10-12 12:47:28.472   613  1046 D audio_hw_primary: check_usecases_codec_backend:becf: force routing 0
10-12 12:47:28.472   613  1046 E msm8916_platform: platform_check_backends_match: Invalid snd_device = 
10-12 12:47:28.472   613  1046 D audio_hw_primary: check_usecases_codec_backend:becf: (40) check_usecases curr device: speaker, usecase device: backends match 0
10-12 12:47:28.472   613  1046 D audio_hw_primary: check_usecases_codec_backend:becf: check_usecases num.of Usecases to switch 0
10-12 12:47:28.472   613  1046 D hardware_info: hw_info_append_hw_type : device_name = speaker
10-12 12:47:28.472   613  1046 D msm8916_platform: platform_can_split_snd_device: snd_device(2) num devices(0) new_snd_devices(0)
10-12 12:47:28.472   613  1046 D audio_hw_primary: enable_snd_device: snd_device(2: speaker)
10-12 12:47:28.473   613  1046 I soundtrigger: audio_extn_sound_trigger_update_device_status: device 0x2 of type 0 for Event 1, with Raise=0
10-12 12:47:28.473   613  1046 D aud_dev_arbi: acquireOneDevice: device owner for device 2 is 1
10-12 12:47:28.487   613  1046 I audio_hw_primary: select_devices Selected apptype: 69937
10-12 12:47:28.488   613  1046 D soundtrigger: audio_extn_sound_trigger_update_stream_status: uc_id 1 of type 0 for Event 3, with Raise=0
10-12 12:47:28.488   613  1046 I audio_hw_utils: audio_extn_utils_send_app_type_cfg PLAYBACK app_type = 69937, acdb_dev_id = 14, sample_rate = 48000
10-12 12:47:28.489   613  1046 D msm8916_platform: platform_can_split_snd_device: snd_device(2) num devices(1) new_snd_devices(0)
10-12 12:47:28.489   613  1046 D ACDB-LOADER: ACDB -> send_audio_cal, acdb_id = 14, path = 0, app id = 0x11131, sample rate = 48000
10-12 12:47:28.489   613  1046 D ACDB-LOADER: ACDB -> send_asm_topology
10-12 12:47:28.489   613  1046 D ACDB-LOADER: ACDB -> ACDB_CMD_GET_AUDPROC_STREAM_TOPOLOGY_ID
10-12 12:47:28.489   613  1046 D ACDB-LOADER: ACDB -> send_adm_topology
10-12 12:47:28.489   613  1046 D ACDB-LOADER: ACDB -> ACDB_CMD_GET_AUDPROC_COMMON_TOPOLOGY_ID
10-12 12:47:28.489   613  1046 D ACDB-LOADER: ACDB -> send_audtable
10-12 12:47:28.489   613  1046 D ACDB-LOADER: ACDB -> ACDB_CMD_GET_AUDPROC_COMMON_TABLE_SIZE
10-12 12:47:28.489   613  1046 D ACDB-LOADER: ACDB -> ACDB_CMD_GET_AUDPROC_COMMON_TABLE
10-12 12:47:28.489   613  1046 D ACDB-LOADER: ACDB -> AUDIO_SET_AUDPROC_CAL
10-12 12:47:28.489   613  1046 D ACDB-LOADER: ACDB -> send_audvoltable
10-12 12:47:28.489   613  1046 D ACDB-LOADER: ACDB -> ACDB_CMD_GET_AUDPROC_GAIN_DEP_STEP_TABLE, vol index 0
10-12 12:47:28.489   613  1046 D ACDB-LOADER: ACDB -> AUDIO_SET_VOL_CAL cal type = 12
10-12 12:47:28.489   613  1046 D ACDB-LOADER: ACDB -> send_audstrmtable
10-12 12:47:28.489   613  1046 D ACDB-LOADER: ACDB -> ACDB_CMD_GET_AUDPROC_STREAM_TABLE_V2
10-12 12:47:28.490   613  1046 D ACDB-LOADER: ACDB -> audstrm_cal->cal_type.cal_data.cal_size = 16
10-12 12:47:28.490   613  1046 D ACDB-LOADER: ACDB -> send_afe_topology
10-12 12:47:28.490   613  1046 D ACDB-LOADER: ACDB -> ACDB_CMD_GET_AFE_TOPOLOGY_ID
10-12 12:47:28.490   613  1046 D ACDB-LOADER: ACDB -> GET_AFE_TOPOLOGY_ID for adcd_id 14, Topology Id 1025e
10-12 12:47:28.490   613  1046 D ACDB-LOADER: ACDB -> send_afe_cal
10-12 12:47:28.490   613  1046 D ACDB-LOADER: ACDB -> ACDB_CMD_GET_AFE_COMMON_TABLE
10-12 12:47:28.490   613  1046 D ACDB-LOADER: ACDB -> AUDIO_SET_AFE_CAL
10-12 12:47:28.490   613  1046 D ACDB-LOADER: ACDB -> send_hw_delay : acdb_id = 14 path = 0
10-12 12:47:28.490   613  1046 D ACDB-LOADER: ACDB -> ACDB_AVSYNC_INFO: ACDB_CMD_GET_DEVICE_PROPERTY
10-12 12:47:28.490   613  1046 D audio_hw_primary: enable_audio_route: apply mixer and update path: low-latency-playback
10-12 12:47:28.497   613  1046 D audio_hw_primary: select_devices: done
10-12 12:47:28.501   613  1046 D msm8916_platform: platform_set_channel_map mixer_ctl_name:Playback Channel Map12
10-12 12:47:28.502   613  1046 D msm8916_platform: platform_set_channel_map: set mapping(1 2 0 0 0 0 0 0) for channel:2
10-12 12:47:28.557  5141  5141 I chatty  : uid=1000(system) com.gbcom.metrosystem expire 213 lines
10-12 12:47:28.560  1701  1701 V PhoneStatusBarPolicy: updateManagedProfile: mManagedProfileFocused: false
10-12 12:47:28.573   613  1046 D audio_hw_primary: start_output_stream: exit
10-12 12:47:28.592  5141  5141 W ContextImpl: Calling a method in the system process without a qualified user: android.app.ContextImpl.bindService:1421 android.content.ContextWrapper.bindService:636 com.gbcom.library_base.BaseApp.onCreate:199 com.gbcom.library_base.constant.CommonApp.onCreate:14 com.gbcom.metrosystem.App.onCreate:9 
10-12 12:47:28.941   564   896 E libnav  : CablComputeBacklightLevel(): UpdateType = DifferentSceneUpdate
10-12 12:47:29.017  5164  5164 I LogFile : type=1400 audit(0.0:87): avc: denied { search } for name="metro" dev="mmcblk0p51" ino=81921 scontext=u:r:system_app:s0 tcontext=u:object_r:unlabeled:s0 tclass=dir permissive=1
10-12 12:47:29.030  5141  5164 I chatty  : uid=1000(system) LogFile expire 26 lines
10-12 12:47:29.017  5164  5164 I LogFile : type=1400 audit(0.0:88): avc: denied { getattr } for path="/custom/metro/log/2022-10-12" dev="mmcblk0p51" ino=82019 scontext=u:r:system_app:s0 tcontext=u:object_r:unlabeled:s0 tclass=dir permissive=1
10-12 12:47:29.017  5164  5164 I LogFile : type=1400 audit(0.0:89): avc: denied { read } for name="2022-10-12" dev="mmcblk0p51" ino=82019 scontext=u:r:system_app:s0 tcontext=u:object_r:unlabeled:s0 tclass=dir permissive=1
10-12 12:47:29.017  5164  5164 I LogFile : type=1400 audit(0.0:90): avc: denied { open } for path="/custom/metro/log/2022-10-12" dev="mmcblk0p51" ino=82019 scontext=u:r:system_app:s0 tcontext=u:object_r:unlabeled:s0 tclass=dir permissive=1
10-12 12:47:29.027  5164  5164 I LogFile : type=1400 audit(0.0:91): avc: denied { write } for name="2022-10-12" dev="mmcblk0p51" ino=82019 scontext=u:r:system_app:s0 tcontext=u:object_r:unlabeled:s0 tclass=dir permissive=1
10-12 12:47:29.027  5164  5164 I LogFile : type=1400 audit(0.0:92): avc: denied { add_name } for name="app201665550049041.log" scontext=u:r:system_app:s0 tcontext=u:object_r:unlabeled:s0 tclass=dir permissive=1
10-12 12:47:29.048  5141  5141 W ContextImpl: Calling a method in the system process without a qualified user: android.app.ContextImpl.bindService:1421 android.content.ContextWrapper.bindService:636 com.gbcom.metrosystem.mvvm.view.SplashActivity.initLteService:227 com.gbcom.metrosystem.mvvm.view.SplashActivity.main:87 com.gbcom.library_base.base.activity.BaseActivity.onCreate:25 
10-12 12:47:29.052  5141  5141 W ContextImpl: Calling a method in the system process without a qualified user: android.app.ContextImpl.startService:1357 android.content.ContextWrapper.startService:613 com.gbcom.metrosystem.mvvm.view.SplashActivity.initLteService:230 com.gbcom.metrosystem.mvvm.view.SplashActivity.main:87 com.gbcom.library_base.base.activity.BaseActivity.onCreate:25 
10-12 12:47:29.071  5141  5141 W ContextImpl: Calling a method in the system process without a qualified user: android.app.ContextImpl.startService:1357 android.content.ContextWrapper.startService:613 com.gbcom.metrosystem.mvvm.view.SplashActivity.initNTP:131 com.gbcom.metrosystem.mvvm.view.SplashActivity.main:89 com.gbcom.library_base.base.activity.BaseActivity.onCreate:25 
10-12 12:47:29.074  5141  5141 W ContextImpl: Calling a method in the system process without a qualified user: android.app.ContextImpl.bindService:1421 android.content.ContextWrapper.bindService:636 com.gbcom.metrosystem.mvvm.view.SplashActivity.initNTP:132 com.gbcom.metrosystem.mvvm.view.SplashActivity.main:89 com.gbcom.library_base.base.activity.BaseActivity.onCreate:25 
10-12 12:47:29.127  5171  5171 I sh      : type=1400 audit(0.0:93): avc: denied { write } for name="value" dev="sysfs" ino=41752 scontext=u:r:system_app:s0 tcontext=u:object_r:sysfs:s0 tclass=file permissive=1
10-12 12:47:29.177  5176  5176 I sh      : type=1400 audit(0.0:94): avc: denied { getattr } for path="/system/xbin/su" dev="mmcblk0p24" ino=6898 scontext=u:r:system_app:s0 tcontext=u:object_r:su_exec:s0 tclass=file permissive=1
10-12 12:47:29.177  5176  5176 I sh      : type=1400 audit(0.0:95): avc: denied { execute } for name="su" dev="mmcblk0p24" ino=6898 scontext=u:r:system_app:s0 tcontext=u:object_r:su_exec:s0 tclass=file permissive=1
10-12 12:47:29.177  5176  5176 I sh      : type=1400 audit(0.0:96): avc: denied { read open } for path="/system/xbin/su" dev="mmcblk0p24" ino=6898 scontext=u:r:system_app:s0 tcontext=u:object_r:su_exec:s0 tclass=file permissive=1
10-12 12:47:29.177  5176  5176 I sh      : type=1400 audit(0.0:97): avc: denied { execute_no_trans } for path="/system/xbin/su" dev="mmcblk0p24" ino=6898 scontext=u:r:system_app:s0 tcontext=u:object_r:su_exec:s0 tclass=file permissive=1
10-12 12:47:29.197  5176  5176 I su      : type=1400 audit(0.0:98): avc: denied { setgid } for capability=6 scontext=u:r:system_app:s0 tcontext=u:r:system_app:s0 tclass=capability permissive=1
10-12 12:47:29.197  5176  5176 I su      : type=1400 audit(0.0:99): avc: denied { setuid } for capability=7 scontext=u:r:system_app:s0 tcontext=u:r:system_app:s0 tclass=capability permissive=1
10-12 12:47:29.227  5178  5178 I chmod   : type=1400 audit(0.0:100): avc: denied { getattr } for path="/custom" dev="mmcblk0p51" ino=2 scontext=u:r:system_app:s0 tcontext=u:object_r:unlabeled:s0 tclass=dir permissive=1
10-12 12:47:29.237  5178  5178 I chmod   : type=1400 audit(0.0:101): avc: denied { setattr } for name="/" dev="mmcblk0p51" ino=2 scontext=u:r:system_app:s0 tcontext=u:object_r:unlabeled:s0 tclass=dir permissive=1
10-12 12:47:29.297  5181  5181 I chmod   : type=1400 audit(0.0:102): avc: denied { setattr } for name="metro" dev="mmcblk0p51" ino=81921 scontext=u:r:system_app:s0 tcontext=u:object_r:unlabeled:s0 tclass=dir permissive=1
10-12 12:47:29.367  5183  5183 I chmod   : type=1400 audit(0.0:103): avc: denied { fowner } for capability=3 scontext=u:r:system_app:s0 tcontext=u:r:system_app:s0 tclass=capability permissive=1
10-12 12:47:29.437  5185  5185 I chmod   : type=1400 audit(0.0:104): avc: denied { setattr } for name="startBro.sh" dev="mmcblk0p51" ino=81927 scontext=u:r:system_app:s0 tcontext=u:object_r:unlabeled:s0 tclass=file permissive=1
10-12 12:47:29.800  5141  5141 W ContextImpl: Calling a method in the system process without a qualified user: android.app.ContextImpl.sendBroadcast:877 android.content.ContextWrapper.sendBroadcast:421 com.ztegota.system.lte.LTERIL.setLteRilStatus:5104 com.ztegota.system.lte.LTERIL.<init>:1045 com.ztegota.system.lte.LTEPhone.<init>:131 
10-12 12:47:29.802  1436  2389 E ActivityManager: Sending non-protected broadcast com.ztegota.remote.ril_status from system 5141:com.gbcom.metrosystem/1000 pkg com.gbcom.metrosystem
10-12 12:47:29.802  1436  2389 E ActivityManager: java.lang.Throwable
10-12 12:47:29.802  1436  2389 E ActivityManager: 	at com.android.server.am.ActivityManagerService.checkBroadcastFromSystem(ActivityManagerService.java:18272)
10-12 12:47:29.802  1436  2389 E ActivityManager: 	at com.android.server.am.ActivityManagerService.broadcastIntentLocked(ActivityManagerService.java:18844)
10-12 12:47:29.802  1436  2389 E ActivityManager: 	at com.android.server.am.ActivityManagerService.broadcastIntent(ActivityManagerService.java:18935)
10-12 12:47:29.802  1436  2389 E ActivityManager: 	at android.app.ActivityManagerNative.onTransact(ActivityManagerNative.java:499)
10-12 12:47:29.802  1436  2389 E ActivityManager: 	at com.android.server.am.ActivityManagerService.onTransact(ActivityManagerService.java:2869)
10-12 12:47:29.802  1436  2389 E ActivityManager: 	at android.os.Binder.execTransact(Binder.java:565)
10-12 12:47:29.822  5141  5199 I chatty  : uid=1000(system) RILRemoteReceiv expire 14 lines
10-12 12:47:29.835  5141  5199 W ContextImpl: Calling a method in the system process without a qualified user: android.app.ContextImpl.sendBroadcast:877 android.content.ContextWrapper.sendBroadcast:421 com.ztegota.system.lte.LTERIL.setLteRilStatus:5104 com.ztegota.system.lte.LTERIL.processUnsolicited:1619 com.ztegota.system.lte.LTERIL.processResponse:1172 
10-12 12:47:29.838  1436  2094 E ActivityManager: Sending non-protected broadcast com.ztegota.remote.ril_status from system 5141:com.gbcom.metrosystem/1000 pkg com.gbcom.metrosystem
10-12 12:47:29.838  1436  2094 E ActivityManager: java.lang.Throwable
10-12 12:47:29.838  1436  2094 E ActivityManager: 	at com.android.server.am.ActivityManagerService.checkBroadcastFromSystem(ActivityManagerService.java:18272)
10-12 12:47:29.838  1436  2094 E ActivityManager: 	at com.android.server.am.ActivityManagerService.broadcastIntentLocked(ActivityManagerService.java:18844)
10-12 12:47:29.838  1436  2094 E ActivityManager: 	at com.android.server.am.ActivityManagerService.broadcastIntent(ActivityManagerService.java:18935)
10-12 12:47:29.838  1436  2094 E ActivityManager: 	at android.app.ActivityManagerNative.onTransact(ActivityManagerNative.java:499)
10-12 12:47:29.838  1436  2094 E ActivityManager: 	at com.android.server.am.ActivityManagerService.onTransact(ActivityManagerService.java:2869)
10-12 12:47:29.838  1436  2094 E ActivityManager: 	at android.os.Binder.execTransact(Binder.java:565)
10-12 12:47:29.851  5141  5196 I chatty  : uid=1000(system) GotaSystem expire 30 lines
10-12 12:47:30.084  5141  5141 I chatty  : uid=1000(system) com.gbcom.metrosystem expire 201 lines
10-12 12:47:30.193  5141  5196 W ContextImpl: Calling a method in the system process without a qualified user: android.app.ContextImpl.sendBroadcast:892 android.content.ContextWrapper.sendBroadcast:426 com.ztegota.system.GotaSystem$GotaSystemHandler.handleMessage:144 android.os.Handler.dispatchMessage:102 android.os.Looper.loop:154 
10-12 12:47:30.195  1436  2389 E ActivityManager: Sending non-protected broadcast com.ztegota.action.SERVICE_COMPLETED from system 5141:com.gbcom.metrosystem/1000 pkg com.gbcom.metrosystem
10-12 12:47:30.195  1436  2389 E ActivityManager: java.lang.Throwable
10-12 12:47:30.195  1436  2389 E ActivityManager: 	at com.android.server.am.ActivityManagerService.checkBroadcastFromSystem(ActivityManagerService.java:18272)
10-12 12:47:30.195  1436  2389 E ActivityManager: 	at com.android.server.am.ActivityManagerService.broadcastIntentLocked(ActivityManagerService.java:18753)
10-12 12:47:30.195  1436  2389 E ActivityManager: 	at com.android.server.am.ActivityManagerService.broadcastIntent(ActivityManagerService.java:18935)
10-12 12:47:30.195  1436  2389 E ActivityManager: 	at android.app.ActivityManagerNative.onTransact(ActivityManagerNative.java:499)
10-12 12:47:30.195  1436  2389 E ActivityManager: 	at com.android.server.am.ActivityManagerService.onTransact(ActivityManagerService.java:2869)
10-12 12:47:30.195  1436  2389 E ActivityManager: 	at android.os.Binder.execTransact(Binder.java:565)
10-12 12:47:30.218  1436  2389 E ActivityManager: Sending non-protected broadcast com.ztegota.action.SERVICE_COMPLETED from system 5141:com.gbcom.metrosystem/1000 pkg com.gbcom.metrosystem
10-12 12:47:30.218  1436  2389 E ActivityManager: java.lang.Throwable
10-12 12:47:30.218  1436  2389 E ActivityManager: 	at com.android.server.am.ActivityManagerService.checkBroadcastFromSystem(ActivityManagerService.java:18272)
10-12 12:47:30.218  1436  2389 E ActivityManager: 	at com.android.server.am.ActivityManagerService.broadcastIntentLocked(ActivityManagerService.java:18844)
10-12 12:47:30.218  1436  2389 E ActivityManager: 	at com.android.server.am.ActivityManagerService.broadcastIntent(ActivityManagerService.java:18935)
10-12 12:47:30.218  1436  2389 E ActivityManager: 	at android.app.ActivityManagerNative.onTransact(ActivityManagerNative.java:499)
10-12 12:47:30.218  1436  2389 E ActivityManager: 	at com.android.server.am.ActivityManagerService.onTransact(ActivityManagerService.java:2869)
10-12 12:47:30.218  1436  2389 E ActivityManager: 	at android.os.Binder.execTransact(Binder.java:565)
10-12 12:47:30.306  5141  5195 I chatty  : uid=1000(system) RenderThread expire 3 lines
10-12 12:47:30.319   775   775 I MSM-irqbalance: Decided to move IRQ3 from CPU1 [P:0] to CPU6 [P:1] (banned)
10-12 12:47:30.320   775   775 I MSM-irqbalance: Decided to move IRQ5 from CPU1 [P:0] to CPU4 [P:1] (banned)
10-12 12:47:30.321   775   775 I MSM-irqbalance: Decided to move IRQ3 from CPU2 [P:0] to CPU7 [P:1] (banned)
10-12 12:47:30.322   775   775 I MSM-irqbalance: Decided to move IRQ5 from CPU2 [P:0] to CPU5 [P:1] (banned)
10-12 12:47:30.323   775   775 I MSM-irqbalance: Decided to move IRQ3 from CPU3 [P:0] to CPU6 [P:1] (banned)
10-12 12:47:30.324   775   775 I MSM-irqbalance: Decided to move IRQ5 from CPU3 [P:0] to CPU4 [P:1] (banned)
10-12 12:47:30.325   775   775 I MSM-irqbalance: Decided to move IRQ3 from CPU0 [P:0] to CPU7 [P:1] (banned)
10-12 12:47:30.326   775   775 I MSM-irqbalance: Decided to move IRQ5 from CPU0 [P:0] to CPU5 [P:1] (banned)
10-12 12:47:30.371  5141  5206 I chatty  : uid=1000(system) DefaultDispatch expire 3 lines
10-12 12:47:30.382  5141  5209 I chatty  : uid=1000(system) pool-3-thread-1 expire 9 lines
10-12 12:47:30.408  5141  5199 I chatty  : uid=1000(system) RILRemoteReceiv expire 4 lines
10-12 12:47:30.429  1436  1464 D AlarmManagerService: Setting time of day to sec=1665550050
10-12 12:47:30.434  1436  1464 W AlarmManagerService: Unable to set rtc to 1665550050: Invalid argument
10-12 12:47:30.502  1436  1535 I ActivityManager: Displayed com.gbcom.metrosystem/.mvvm.view.SplashActivity: +2s100ms
10-12 12:47:30.505  5141  5141 W ContextImpl: Calling a method in the system process without a qualified user: android.app.ContextImpl.sendBroadcast:877 android.content.ContextWrapper.sendBroadcast:421 com.gbcom.library_base.service.LLteService.updateStatus:378 com.gbcom.library_base.service.LLteService.access$updateStatus:31 com.gbcom.library_base.service.LLteService$mHandler$1.handleMessage:205 
10-12 12:47:30.507  1436  2413 E ActivityManager: Sending non-protected broadcast com.gbcom.action.ACTION_BTRUNC_IS_NOT_CONNECTED from system 5141:com.gbcom.metrosystem/1000 pkg com.gbcom.metrosystem
10-12 12:47:30.507  1436  2413 E ActivityManager: java.lang.Throwable
10-12 12:47:30.507  1436  2413 E ActivityManager: 	at com.android.server.am.ActivityManagerService.checkBroadcastFromSystem(ActivityManagerService.java:18272)
10-12 12:47:30.507  1436  2413 E ActivityManager: 	at com.android.server.am.ActivityManagerService.broadcastIntentLocked(ActivityManagerService.java:18753)
10-12 12:47:30.507  1436  2413 E ActivityManager: 	at com.android.server.am.ActivityManagerService.broadcastIntent(ActivityManagerService.java:18935)
10-12 12:47:30.507  1436  2413 E ActivityManager: 	at android.app.ActivityManagerNative.onTransact(ActivityManagerNative.java:499)
10-12 12:47:30.507  1436  2413 E ActivityManager: 	at com.android.server.am.ActivityManagerService.onTransact(ActivityManagerService.java:2869)
10-12 12:47:30.507  1436  2413 E ActivityManager: 	at android.os.Binder.execTransact(Binder.java:565)
10-12 12:47:30.523  1436  2413 E ActivityManager: Sending non-protected broadcast com.gbcom.action.ACTION_BTRUNC_IS_NOT_CONNECTED from system 5141:com.gbcom.metrosystem/1000 pkg com.gbcom.metrosystem
10-12 12:47:30.523  1436  2413 E ActivityManager: java.lang.Throwable
10-12 12:47:30.523  1436  2413 E ActivityManager: 	at com.android.server.am.ActivityManagerService.checkBroadcastFromSystem(ActivityManagerService.java:18272)
10-12 12:47:30.523  1436  2413 E ActivityManager: 	at com.android.server.am.ActivityManagerService.broadcastIntentLocked(ActivityManagerService.java:18844)
10-12 12:47:30.523  1436  2413 E ActivityManager: 	at com.android.server.am.ActivityManagerService.broadcastIntent(ActivityManagerService.java:18935)
10-12 12:47:30.523  1436  2413 E ActivityManager: 	at android.app.ActivityManagerNative.onTransact(ActivityManagerNative.java:499)
10-12 12:47:30.523  1436  2413 E ActivityManager: 	at com.android.server.am.ActivityManagerService.onTransact(ActivityManagerService.java:2869)
10-12 12:47:30.523  1436  2413 E ActivityManager: 	at android.os.Binder.execTransact(Binder.java:565)
10-12 12:47:30.522  5164  5164 I LogFile : type=1400 audit(0.0:107): avc: denied { search } for name="metro" dev="mmcblk0p51" ino=81921 scontext=u:r:system_app:s0 tcontext=u:object_r:unlabeled:s0 tclass=dir permissive=1
10-12 12:47:30.522  5164  5164 I LogFile : type=1400 audit(0.0:108): avc: denied { getattr } for path="/custom/metro/log/2022-10-12" dev="mmcblk0p51" ino=82019 scontext=u:r:system_app:s0 tcontext=u:object_r:unlabeled:s0 tclass=dir permissive=1
10-12 12:47:30.522  5164  5164 I LogFile : type=1400 audit(0.0:109): avc: denied { read } for name="2022-10-12" dev="mmcblk0p51" ino=82019 scontext=u:r:system_app:s0 tcontext=u:object_r:unlabeled:s0 tclass=dir permissive=1
10-12 12:47:30.531  5141  5164 I chatty  : uid=1000(system) LogFile expire 170 lines
10-12 12:47:30.531  1436  2465 D ActivityTrigger: ActivityTrigger activityStopTrigger 
10-12 12:47:30.522  5164  5164 I LogFile : type=1400 audit(0.0:110): avc: denied { open } for path="/custom/metro/log/2022-10-12" dev="mmcblk0p51" ino=82019 scontext=u:r:system_app:s0 tcontext=u:object_r:unlabeled:s0 tclass=dir permissive=1
10-12 12:47:30.542  5164  5164 I LogFile : type=1400 audit(0.0:111): avc: denied { getattr } for path="/custom/metro/log/2022-10-12/app201665550049041.log" dev="mmcblk0p51" ino=82052 scontext=u:r:system_app:s0 tcontext=u:object_r:unlabeled:s0 tclass=file permissive=1
10-12 12:47:30.645  5141  5199 I chatty  : uid=1000(system) RILRemoteReceiv expire 19 lines
10-12 12:47:30.646  5141  5196 I chatty  : uid=1000(system) GotaSystem expire 12 lines
10-12 12:47:30.649  5141  5141 I chatty  : uid=1000(system) com.gbcom.metrosystem expire 22 lines
10-12 12:47:30.662  5141  5201 I chatty  : uid=1000(system) LteEcmHandler expire 4 lines
10-12 12:47:31.284  5141  5206 I chatty  : uid=1000(system) DefaultDispatch expire 12 lines
10-12 12:47:31.716   613  1046 D audio_hw_primary: out_standby: enter: stream (0xf53b7800) usecase(1: low-latency-playback)
10-12 12:47:31.867   613  1046 D audio_hw_primary: disable_audio_route: reset and update mixer path: low-latency-playback
10-12 12:47:31.874   613  1046 D soundtrigger: audio_extn_sound_trigger_update_stream_status: uc_id 1 of type 0 for Event 2, with Raise=0
10-12 12:47:31.874   613  1046 D hardware_info: hw_info_append_hw_type : device_name = speaker
10-12 12:47:31.874   613  1046 D audio_hw_primary: disable_snd_device: snd_device(2: speaker)
10-12 12:47:31.874   613  1046 D msm8916_platform: platform_can_split_snd_device: snd_device(2) num devices(0) new_snd_devices(0)
10-12 12:47:31.889   613  1046 D aud_dev_arbi: releaseOneDevice: not sending command, device argument (2) does not match any registered device
10-12 12:47:31.889   613  1046 D aud_dev_arbi: releaseOneDevice: device 2 owner is 0
10-12 12:47:31.890   613  1046 I soundtrigger: audio_extn_sound_trigger_update_device_status: device 0x2 of type 0 for Event 0, with Raise=0
10-12 12:47:31.890   613  1046 D audio_hw_primary: out_standby: exit
10-12 12:47:32.898  5141  5196 W ContextImpl: Calling a method in the system process without a qualified user: android.app.ContextImpl.sendBroadcast:877 android.content.ContextWrapper.sendBroadcast:421 com.ztegota.system.lte.LTEPhone.handleMessage:570 android.os.Handler.dispatchMessage:102 android.os.Looper.loop:154 
10-12 12:47:32.898  5141  5199 I chatty  : uid=1000(system) RILRemoteReceiv expire 34 lines
10-12 12:47:32.901  5141  5201 I chatty  : uid=1000(system) LteEcmHandler expire 17 lines
10-12 12:47:32.901  1436  2391 E ActivityManager: Sending non-protected broadcast android.intent.action.LTEPHONE_NO_SIM from system 5141:com.gbcom.metrosystem/1000 pkg com.gbcom.metrosystem
10-12 12:47:32.901  1436  2391 E ActivityManager: java.lang.Throwable
10-12 12:47:32.901  1436  2391 E ActivityManager: 	at com.android.server.am.ActivityManagerService.checkBroadcastFromSystem(ActivityManagerService.java:18272)
10-12 12:47:32.901  1436  2391 E ActivityManager: 	at com.android.server.am.ActivityManagerService.broadcastIntentLocked(ActivityManagerService.java:18844)
10-12 12:47:32.901  1436  2391 E ActivityManager: 	at com.android.server.am.ActivityManagerService.broadcastIntent(ActivityManagerService.java:18935)
10-12 12:47:32.901  1436  2391 E ActivityManager: 	at android.app.ActivityManagerNative.onTransact(ActivityManagerNative.java:499)
10-12 12:47:32.901  1436  2391 E ActivityManager: 	at com.android.server.am.ActivityManagerService.onTransact(ActivityManagerService.java:2869)
10-12 12:47:32.901  1436  2391 E ActivityManager: 	at android.os.Binder.execTransact(Binder.java:565)
10-12 12:47:32.902  5141  5141 I chatty  : uid=1000(system) com.gbcom.metrosystem expire 20 lines
10-12 12:47:32.903  5141  5196 I chatty  : uid=1000(system) GotaSystem expire 69 lines
10-12 12:47:32.905  5141  5199 W ContextImpl: Calling a method in the system process without a qualified user: android.app.ContextImpl.sendBroadcast:877 android.content.ContextWrapper.sendBroadcast:421 com.ztegota.system.lte.LTERIL.processUnsolicited:1781 com.ztegota.system.lte.LTERIL.processResponse:1172 com.ztegota.system.lte.LTERIL.access$10:1164 
10-12 12:47:32.907  1436  1693 E ActivityManager: Sending non-protected broadcast com.ztegota.lte.number from system 5141:com.gbcom.metrosystem/1000 pkg com.gbcom.metrosystem
10-12 12:47:32.907  1436  1693 E ActivityManager: java.lang.Throwable
10-12 12:47:32.907  1436  1693 E ActivityManager: 	at com.android.server.am.ActivityManagerService.checkBroadcastFromSystem(ActivityManagerService.java:18272)
10-12 12:47:32.907  1436  1693 E ActivityManager: 	at com.android.server.am.ActivityManagerService.broadcastIntentLocked(ActivityManagerService.java:18844)
10-12 12:47:32.907  1436  1693 E ActivityManager: 	at com.android.server.am.ActivityManagerService.broadcastIntent(ActivityManagerService.java:18935)
10-12 12:47:32.907  1436  1693 E ActivityManager: 	at android.app.ActivityManagerNative.onTransact(ActivityManagerNative.java:499)
10-12 12:47:32.907  1436  1693 E ActivityManager: 	at com.android.server.am.ActivityManagerService.onTransact(ActivityManagerService.java:2869)
10-12 12:47:32.907  1436  1693 E ActivityManager: 	at android.os.Binder.execTransact(Binder.java:565)
10-12 12:47:32.952  5141  5196 W ContextImpl: Calling a method in the system process without a qualified user: android.app.ContextImpl.sendBroadcast:877 android.content.ContextWrapper.sendBroadcast:421 com.ztegota.system.lte.LTEPhone.handleMessage:663 android.os.Handler.dispatchMessage:102 android.os.Looper.loop:154 
10-12 12:47:32.953  1436  1981 E ActivityManager: Sending non-protected broadcast LTE.ECMCONNECT.STATUS from system 5141:com.gbcom.metrosystem/1000 pkg com.gbcom.metrosystem
10-12 12:47:32.953  1436  1981 E ActivityManager: java.lang.Throwable
10-12 12:47:32.953  1436  1981 E ActivityManager: 	at com.android.server.am.ActivityManagerService.checkBroadcastFromSystem(ActivityManagerService.java:18272)
10-12 12:47:32.953  1436  1981 E ActivityManager: 	at com.android.server.am.ActivityManagerService.broadcastIntentLocked(ActivityManagerService.java:18844)
10-12 12:47:32.953  1436  1981 E ActivityManager: 	at com.android.server.am.ActivityManagerService.broadcastIntent(ActivityManagerService.java:18935)
10-12 12:47:32.953  1436  1981 E ActivityManager: 	at android.app.ActivityManagerNative.onTransact(ActivityManagerNative.java:499)
10-12 12:47:32.953  1436  1981 E ActivityManager: 	at com.android.server.am.ActivityManagerService.onTransact(ActivityManagerService.java:2869)
10-12 12:47:32.953  1436  1981 E ActivityManager: 	at android.os.Binder.execTransact(Binder.java:565)
10-12 12:47:32.955  5141  5196 W ContextImpl: Calling a method in the system process without a qualified user: android.app.ContextImpl.sendBroadcast:877 android.content.ContextWrapper.sendBroadcast:421 com.ztegota.system.lte.LTEPhone.handleMessage:667 android.os.Handler.dispatchMessage:102 android.os.Looper.loop:154 
10-12 12:47:32.957  1436  1693 E ActivityManager: Sending non-protected broadcast com.ztegota.remote.lte_status from system 5141:com.gbcom.metrosystem/1000 pkg com.gbcom.metrosystem
10-12 12:47:32.957  1436  1693 E ActivityManager: java.lang.Throwable
10-12 12:47:32.957  1436  1693 E ActivityManager: 	at com.android.server.am.ActivityManagerService.checkBroadcastFromSystem(ActivityManagerService.java:18272)
10-12 12:47:32.957  1436  1693 E ActivityManager: 	at com.android.server.am.ActivityManagerService.broadcastIntentLocked(ActivityManagerService.java:18753)
10-12 12:47:32.957  1436  1693 E ActivityManager: 	at com.android.server.am.ActivityManagerService.broadcastIntent(ActivityManagerService.java:18935)
10-12 12:47:32.957  1436  1693 E ActivityManager: 	at android.app.ActivityManagerNative.onTransact(ActivityManagerNative.java:499)
10-12 12:47:32.957  1436  1693 E ActivityManager: 	at com.android.server.am.ActivityManagerService.onTransact(ActivityManagerService.java:2869)
10-12 12:47:32.957  1436  1693 E ActivityManager: 	at android.os.Binder.execTransact(Binder.java:565)
10-12 12:47:32.960  1436  1693 E ActivityManager: Sending non-protected broadcast com.ztegota.remote.lte_status from system 5141:com.gbcom.metrosystem/1000 pkg com.gbcom.metrosystem
10-12 12:47:32.960  1436  1693 E ActivityManager: java.lang.Throwable
10-12 12:47:32.960  1436  1693 E ActivityManager: 	at com.android.server.am.ActivityManagerService.checkBroadcastFromSystem(ActivityManagerService.java:18272)
10-12 12:47:32.960  1436  1693 E ActivityManager: 	at com.android.server.am.ActivityManagerService.broadcastIntentLocked(ActivityManagerService.java:18844)
10-12 12:47:32.960  1436  1693 E ActivityManager: 	at com.android.server.am.ActivityManagerService.broadcastIntent(ActivityManagerService.java:18935)
10-12 12:47:32.960  1436  1693 E ActivityManager: 	at android.app.ActivityManagerNative.onTransact(ActivityManagerNative.java:499)
10-12 12:47:32.960  1436  1693 E ActivityManager: 	at com.android.server.am.ActivityManagerService.onTransact(ActivityManagerService.java:2869)
10-12 12:47:32.960  1436  1693 E ActivityManager: 	at android.os.Binder.execTransact(Binder.java:565)
10-12 12:47:32.965  5141  5196 W ContextImpl: Calling a method in the system process without a qualified user: android.app.ContextImpl.sendBroadcast:877 android.content.ContextWrapper.sendBroadcast:421 com.ztegota.system.lte.LTEServiceTracker.handleMessage:561 android.os.Handler.dispatchMessage:102 android.os.Looper.loop:154 
10-12 12:47:32.965  5141  5141 W ContextImpl: Calling a method in the system process without a qualified user: android.app.ContextImpl.sendBroadcast:877 android.content.ContextWrapper.sendBroadcast:421 com.gbcom.library_base.service.LLteService.updateStatus:378 com.gbcom.library_base.service.LLteService.access$updateStatus:31 com.gbcom.library_base.service.LLteService$mBroadCastReceiver$1.onReceive:80 
10-12 12:47:32.967  1436  2465 E ActivityManager: Sending non-protected broadcast com.ztegota.lte.number from system 5141:com.gbcom.metrosystem/1000 pkg com.gbcom.metrosystem
10-12 12:47:32.967  1436  2465 E ActivityManager: java.lang.Throwable
10-12 12:47:32.967  1436  2465 E ActivityManager: 	at com.android.server.am.ActivityManagerService.checkBroadcastFromSystem(ActivityManagerService.java:18272)
10-12 12:47:32.967  1436  2465 E ActivityManager: 	at com.android.server.am.ActivityManagerService.broadcastIntentLocked(ActivityManagerService.java:18844)
10-12 12:47:32.967  1436  2465 E ActivityManager: 	at com.android.server.am.ActivityManagerService.broadcastIntent(ActivityManagerService.java:18935)
10-12 12:47:32.967  1436  2465 E ActivityManager: 	at android.app.ActivityManagerNative.onTransact(ActivityManagerNative.java:499)
10-12 12:47:32.967  1436  2465 E ActivityManager: 	at com.android.server.am.ActivityManagerService.onTransact(ActivityManagerService.java:2869)
10-12 12:47:32.967  1436  2465 E ActivityManager: 	at android.os.Binder.execTransact(Binder.java:565)
10-12 12:47:32.969  1436  1739 E ActivityManager: Sending non-protected broadcast com.gbcom.action.ACTION_BTRUNC_IS_NOT_CONNECTED from system 5141:com.gbcom.metrosystem/1000 pkg com.gbcom.metrosystem
10-12 12:47:32.969  1436  1739 E ActivityManager: java.lang.Throwable
10-12 12:47:32.969  1436  1739 E ActivityManager: 	at com.android.server.am.ActivityManagerService.checkBroadcastFromSystem(ActivityManagerService.java:18272)
10-12 12:47:32.969  1436  1739 E ActivityManager: 	at com.android.server.am.ActivityManagerService.broadcastIntentLocked(ActivityManagerService.java:18753)
10-12 12:47:32.969  1436  1739 E ActivityManager: 	at com.android.server.am.ActivityManagerService.broadcastIntent(ActivityManagerService.java:18935)
10-12 12:47:32.969  1436  1739 E ActivityManager: 	at android.app.ActivityManagerNative.onTransact(ActivityManagerNative.java:499)
10-12 12:47:32.969  1436  1739 E ActivityManager: 	at com.android.server.am.ActivityManagerService.onTransact(ActivityManagerService.java:2869)
10-12 12:47:32.969  1436  1739 E ActivityManager: 	at android.os.Binder.execTransact(Binder.java:565)
10-12 12:47:32.971  1436  1739 E ActivityManager: Sending non-protected broadcast com.gbcom.action.ACTION_BTRUNC_IS_NOT_CONNECTED from system 5141:com.gbcom.metrosystem/1000 pkg com.gbcom.metrosystem
10-12 12:47:32.971  1436  1739 E ActivityManager: java.lang.Throwable
10-12 12:47:32.971  1436  1739 E ActivityManager: 	at com.android.server.am.ActivityManagerService.checkBroadcastFromSystem(ActivityManagerService.java:18272)
10-12 12:47:32.971  1436  1739 E ActivityManager: 	at com.android.server.am.ActivityManagerService.broadcastIntentLocked(ActivityManagerService.java:18844)
10-12 12:47:32.971  1436  1739 E ActivityManager: 	at com.android.server.am.ActivityManagerService.broadcastIntent(ActivityManagerService.java:18935)
10-12 12:47:32.971  1436  1739 E ActivityManager: 	at android.app.ActivityManagerNative.onTransact(ActivityManagerNative.java:499)
10-12 12:47:32.971  1436  1739 E ActivityManager: 	at com.android.server.am.ActivityManagerService.onTransact(ActivityManagerService.java:2869)
10-12 12:47:32.971  1436  1739 E ActivityManager: 	at android.os.Binder.execTransact(Binder.java:565)
10-12 12:47:32.975  5141  5164 I chatty  : uid=1000(system) LogFile expire 84 lines
10-12 12:47:32.989  5141  5141 W ContextImpl: Calling a method in the system process without a qualified user: android.app.ContextImpl.sendBroadcast:877 android.content.ContextWrapper.sendBroadcast:421 com.gbcom.library_base.service.LLteService.updateStatus:378 com.gbcom.library_base.service.LLteService.access$updateStatus:31 com.gbcom.library_base.service.LLteService$mHandler$1.handleMessage:205 
10-12 12:47:32.992  1436  1464 E ActivityManager: Sending non-protected broadcast com.gbcom.action.ACTION_LTE_IS_NOT_CONNECTED from system 5141:com.gbcom.metrosystem/1000 pkg com.gbcom.metrosystem
10-12 12:47:32.992  1436  1464 E ActivityManager: java.lang.Throwable
10-12 12:47:32.992  1436  1464 E ActivityManager: 	at com.android.server.am.ActivityManagerService.checkBroadcastFromSystem(ActivityManagerService.java:18272)
10-12 12:47:32.992  1436  1464 E ActivityManager: 	at com.android.server.am.ActivityManagerService.broadcastIntentLocked(ActivityManagerService.java:18753)
10-12 12:47:32.992  1436  1464 E ActivityManager: 	at com.android.server.am.ActivityManagerService.broadcastIntent(ActivityManagerService.java:18935)
10-12 12:47:32.992  1436  1464 E ActivityManager: 	at android.app.ActivityManagerNative.onTransact(ActivityManagerNative.java:499)
10-12 12:47:32.992  1436  1464 E ActivityManager: 	at com.android.server.am.ActivityManagerService.onTransact(ActivityManagerService.java:2869)
10-12 12:47:32.992  1436  1464 E ActivityManager: 	at android.os.Binder.execTransact(Binder.java:565)
10-12 12:47:32.994  1436  1464 E ActivityManager: Sending non-protected broadcast com.gbcom.action.ACTION_LTE_IS_NOT_CONNECTED from system 5141:com.gbcom.metrosystem/1000 pkg com.gbcom.metrosystem
10-12 12:47:32.994  1436  1464 E ActivityManager: java.lang.Throwable
10-12 12:47:32.994  1436  1464 E ActivityManager: 	at com.android.server.am.ActivityManagerService.checkBroadcastFromSystem(ActivityManagerService.java:18272)
10-12 12:47:32.994  1436  1464 E ActivityManager: 	at com.android.server.am.ActivityManagerService.broadcastIntentLocked(ActivityManagerService.java:18844)
10-12 12:47:32.994  1436  1464 E ActivityManager: 	at com.android.server.am.ActivityManagerService.broadcastIntent(ActivityManagerService.java:18935)
10-12 12:47:32.994  1436  1464 E ActivityManager: 	at android.app.ActivityManagerNative.onTransact(ActivityManagerNative.java:499)
10-12 12:47:32.994  1436  1464 E ActivityManager: 	at com.android.server.am.ActivityManagerService.onTransact(ActivityManagerService.java:2869)
10-12 12:47:32.994  1436  1464 E ActivityManager: 	at android.os.Binder.execTransact(Binder.java:565)
10-12 12:47:33.100  5141  5200 I chatty  : uid=1000(system) LtePhoneRespons expire 12 lines
10-12 12:47:33.100  5141  5196 W ContextImpl: Calling a method in the system process without a qualified user: android.app.ContextImpl.sendBroadcast:877 android.content.ContextWrapper.sendBroadcast:421 com.ztegota.system.lte.LTEServiceTracker.handleMessage:619 android.os.Handler.dispatchMessage:102 android.os.Looper.loop:154 
10-12 12:47:33.103  1436  1950 E ActivityManager: Sending non-protected broadcast intent.action.gota4g.srvinfo from system 5141:com.gbcom.metrosystem/1000 pkg com.gbcom.metrosystem
10-12 12:47:33.103  1436  1950 E ActivityManager: java.lang.Throwable
10-12 12:47:33.103  1436  1950 E ActivityManager: 	at com.android.server.am.ActivityManagerService.checkBroadcastFromSystem(ActivityManagerService.java:18272)
10-12 12:47:33.103  1436  1950 E ActivityManager: 	at com.android.server.am.ActivityManagerService.broadcastIntentLocked(ActivityManagerService.java:18844)
10-12 12:47:33.103  1436  1950 E ActivityManager: 	at com.android.server.am.ActivityManagerService.broadcastIntent(ActivityManagerService.java:18935)
10-12 12:47:33.103  1436  1950 E ActivityManager: 	at android.app.ActivityManagerNative.onTransact(ActivityManagerNative.java:499)
10-12 12:47:33.103  1436  1950 E ActivityManager: 	at com.android.server.am.ActivityManagerService.onTransact(ActivityManagerService.java:2869)
10-12 12:47:33.103  1436  1950 E ActivityManager: 	at android.os.Binder.execTransact(Binder.java:565)
