--------- beginning of main
10-12 14:07:39.538   775   775 I MSM-irqbalance: Decided to move IRQ5 from CPU1 [P:0] to CPU5 [P:1] (banned)
10-12 14:07:39.538  6346  6368 I chatty  : uid=1000(system) LogFile expire 130 lines
10-12 14:07:39.539  6346  7940 I chatty  : uid=1000(system) DefaultDispatch expire 11 lines
10-12 14:07:39.540   775   775 I MSM-irqbalance: Decided to move IRQ188 from CPU2 [P:0] to CPU4 [P:1] (banned)
10-12 14:07:39.543   775   775 I MSM-irqbalance: Decided to move IRQ5 from CPU2 [P:0] to CPU7 [P:1] (banned)
10-12 14:07:39.544  6346  7939 I chatty  : uid=1000(system) DefaultDispatch expire 13 lines
10-12 14:07:39.545   775   775 I MSM-irqbalance: Decided to move IRQ5 from CPU3 [P:0] to CPU6 [P:1] (banned)
10-12 14:07:39.546   775   775 I MSM-irqbalance: Decided to move IRQ5 from CPU0 [P:0] to CPU5 [P:1] (banned)
10-12 14:07:39.565  6346  6346 I chatty  : uid=1000(system) com.gbcom.metrosystem expire 12 lines
10-12 14:07:39.918  6346  6403 I chatty  : uid=1000(system) RILRemoteReceiv expire 2 lines
10-12 14:07:39.920  6346  6400 I chatty  : uid=1000(system) GotaSystem expire 2 lines
10-12 14:07:39.981  6346  7297 I chatty  : uid=1000(system) DefaultDispatch expire 1 line
10-12 14:07:40.530  6346  6420 I chatty  : uid=1000(system) DefaultDispatch expire 2 lines
10-12 14:07:40.550  6346  7913 I chatty  : uid=1000(system) DefaultDispatch expire 4 lines
10-12 14:07:40.921  6346  6403 I chatty  : uid=1000(system) RILRemoteReceiv expire 2 lines
10-12 14:07:40.922  6346  6400 I chatty  : uid=1000(system) GotaSystem expire 2 lines
10-12 14:07:40.926  6346  6346 I chatty  : uid=1000(system) com.gbcom.metrosystem expire 1 line
10-12 14:07:40.929  6346  6368 I chatty  : uid=1000(system) LogFile expire 189 lines
10-12 14:07:41.036  6346  6410 I chatty  : uid=1000(system) DefaultDispatch expire 12 lines
10-12 14:07:41.045  6346  7939 I chatty  : uid=1000(system) DefaultDispatch expire 2 lines
10-12 14:07:41.049  6346  7575 I chatty  : uid=1000(system) DefaultDispatch expire 1 line
10-12 14:07:41.108  6346  6368 I chatty  : uid=1000(system) LogFile expire 184 lines
10-12 14:07:41.125  6346  7939 I chatty  : uid=1000(system) DefaultDispatch expire 10 lines
10-12 14:07:41.536  6346  6420 I chatty  : uid=1000(system) DefaultDispatch expire 4 lines
10-12 14:07:41.539  6346  6346 I chatty  : uid=1000(system) com.gbcom.metrosystem expire 6 lines
10-12 14:07:41.558  6346  7940 I chatty  : uid=1000(system) DefaultDispatch expire 3 lines
10-12 14:07:41.859  6346  6444 I chatty  : uid=1000(system) Timer-0 expire 4 lines
10-12 14:07:41.915  6346  6403 I chatty  : uid=1000(system) RILRemoteReceiv expire 2 lines
10-12 14:07:41.916  6346  6400 I chatty  : uid=1000(system) GotaSystem expire 4 lines
10-12 14:07:41.942  6346  6368 I chatty  : uid=1000(system) LogFile expire 159 lines
10-12 14:07:41.974  6346  6420 I chatty  : uid=1000(system) DefaultDispatch expire 8 lines
10-12 14:07:41.977  6346  6346 I chatty  : uid=1000(system) com.gbcom.metrosystem expire 11 lines
10-12 14:07:41.979  6346  7940 I chatty  : uid=1000(system) DefaultDispatch expire 18 lines
10-12 14:07:41.981  6346  7939 I chatty  : uid=1000(system) DefaultDispatch expire 2 lines
10-12 14:07:42.131  6346  7913 I chatty  : uid=1000(system) DefaultDispatch expire 10 lines
10-12 14:07:42.165   672   672 I cnss-daemon: RTM_NEWNEIGH message received: 28
10-12 14:07:42.165   672   672 I cnss-daemon: NDA_DST received: 192.168.42.133 ul: 562995137259712
10-12 14:07:42.165   672   672 I cnss-daemon: NDA_LLADDR received
10-12 14:07:42.917  6346  6403 I chatty  : uid=1000(system) RILRemoteReceiv expire 4 lines
10-12 14:07:42.934  6346  6368 I chatty  : uid=1000(system) LogFile expire 169 lines
10-12 14:07:42.948  6346  6346 I chatty  : uid=1000(system) com.gbcom.metrosystem expire 15 lines
10-12 14:07:42.982  6346  7913 I chatty  : uid=1000(system) DefaultDispatch expire 3 lines
10-12 14:07:42.982  6346  7940 I chatty  : uid=1000(system) DefaultDispatch expire 16 lines
10-12 14:07:43.734  6346  6420 I chatty  : uid=1000(system) DefaultDispatch expire 6 lines
10-12 14:07:43.917  6346  6400 I chatty  : uid=1000(system) GotaSystem expire 2 lines
10-12 14:07:43.931  6346  6444 I chatty  : uid=1000(system) Timer-0 expire 6 lines
10-12 14:07:43.994  6346  6368 I chatty  : uid=1000(system) LogFile expire 155 lines
10-12 14:07:43.994  6346  7940 I chatty  : uid=1000(system) DefaultDispatch expire 37 lines
10-12 14:07:44.048  6346  6346 I chatty  : uid=1000(system) com.gbcom.metrosystem expire 4 lines
10-12 14:07:44.089  6346  7939 I chatty  : uid=1000(system) DefaultDispatch expire 2 lines
10-12 14:07:44.142  6346  6400 I chatty  : uid=1000(system) GotaSystem expire 9 lines
10-12 14:07:44.214  6346  6403 I chatty  : uid=1000(system) RILRemoteReceiv expire 3 lines
10-12 14:07:44.216  6346  6404 I chatty  : uid=1000(system) LtePhoneRespons expire 3 lines
10-12 14:07:44.533   775   775 I MSM-irqbalance: Decided to move IRQ188 from CPU1 [P:0] to CPU5 [P:1] (banned)
10-12 14:07:44.536   775   775 I MSM-irqbalance: Decided to move IRQ5 from CPU1 [P:0] to CPU4 [P:1] (banned)
10-12 14:07:44.539   775   775 I MSM-irqbalance: Decided to move IRQ5 from CPU2 [P:0] to CPU7 [P:1] (banned)
10-12 14:07:44.541   775   775 I MSM-irqbalance: Decided to move IRQ5 from CPU3 [P:0] to CPU6 [P:1] (banned)
10-12 14:07:44.542   775   775 I MSM-irqbalance: Decided to move IRQ5 from CPU0 [P:0] to CPU5 [P:1] (banned)
10-12 14:07:44.902  6346  6368 I chatty  : uid=1000(system) LogFile expire 178 lines
10-12 14:07:44.914  6346  6403 I chatty  : uid=1000(system) RILRemoteReceiv expire 2 lines
10-12 14:07:44.915  6346  6400 I chatty  : uid=1000(system) GotaSystem expire 2 lines
10-12 14:07:44.916  6346  6346 I chatty  : uid=1000(system) com.gbcom.metrosystem expire 9 lines
10-12 14:07:44.918  6346  6420 I chatty  : uid=1000(system) DefaultDispatch expire 8 lines
10-12 14:07:44.920  6346  7940 I chatty  : uid=1000(system) DefaultDispatch expire 10 lines
10-12 14:07:44.987  6346  7939 I chatty  : uid=1000(system) DefaultDispatch expire 2 lines
10-12 14:07:44.988  6346  7297 I chatty  : uid=1000(system) DefaultDispatch expire 20 lines
10-12 14:07:45.036  6346  6368 I chatty  : uid=1000(system) LogFile expire 156 lines
10-12 14:07:45.039  6346  6346 I chatty  : uid=1000(system) com.gbcom.metrosystem expire 12 lines
10-12 14:07:45.260  6346  6400 I chatty  : uid=1000(system) GotaSystem expire 11 lines
10-12 14:07:45.322  6346  6403 I chatty  : uid=1000(system) RILRemoteReceiv expire 4 lines
10-12 14:07:45.563  6346  6410 I chatty  : uid=1000(system) DefaultDispatch expire 4 lines
--------- beginning of system
10-12 14:07:45.572  6346  7940 W ContextImpl: Calling a method in the system process without a qualified user: android.app.ContextImpl.sendBroadcast:877 android.content.ContextWrapper.sendBroadcast:421 com.gbcom.library_base.udp.MasterApiReceive.processingFileListData:153 com.gbcom.library_base.udp.MasterApiReceive.processingData:60 com.gbcom.library_main.mvvm.viewmodel.MainViewModel$processingMasterApi$1.invokeSuspend:251 
10-12 14:07:45.580  1436  2413 E ActivityManager: Sending non-protected broadcast com.gbcom.action.ACTION_MASTER_FILE_LIST_TASK from system 6346:com.gbcom.metrosystem/1000 pkg com.gbcom.metrosystem
10-12 14:07:45.580  1436  2413 E ActivityManager: java.lang.Throwable
10-12 14:07:45.580  1436  2413 E ActivityManager: 	at com.android.server.am.ActivityManagerService.checkBroadcastFromSystem(ActivityManagerService.java:18272)
10-12 14:07:45.580  1436  2413 E ActivityManager: 	at com.android.server.am.ActivityManagerService.broadcastIntentLocked(ActivityManagerService.java:18753)
10-12 14:07:45.580  1436  2413 E ActivityManager: 	at com.android.server.am.ActivityManagerService.broadcastIntent(ActivityManagerService.java:18935)
10-12 14:07:45.580  1436  2413 E ActivityManager: 	at android.app.ActivityManagerNative.onTransact(ActivityManagerNative.java:499)
10-12 14:07:45.580  1436  2413 E ActivityManager: 	at com.android.server.am.ActivityManagerService.onTransact(ActivityManagerService.java:2869)
10-12 14:07:45.580  1436  2413 E ActivityManager: 	at android.os.Binder.execTransact(Binder.java:565)
10-12 14:07:45.604  1436  2413 E ActivityManager: Sending non-protected broadcast com.gbcom.action.ACTION_MASTER_FILE_LIST_TASK from system 6346:com.gbcom.metrosystem/1000 pkg com.gbcom.metrosystem
10-12 14:07:45.604  1436  2413 E ActivityManager: java.lang.Throwable
10-12 14:07:45.604  1436  2413 E ActivityManager: 	at com.android.server.am.ActivityManagerService.checkBroadcastFromSystem(ActivityManagerService.java:18272)
10-12 14:07:45.604  1436  2413 E ActivityManager: 	at com.android.server.am.ActivityManagerService.broadcastIntentLocked(ActivityManagerService.java:18844)
10-12 14:07:45.604  1436  2413 E ActivityManager: 	at com.android.server.am.ActivityManagerService.broadcastIntent(ActivityManagerService.java:18935)
10-12 14:07:45.604  1436  2413 E ActivityManager: 	at android.app.ActivityManagerNative.onTransact(ActivityManagerNative.java:499)
10-12 14:07:45.604  1436  2413 E ActivityManager: 	at com.android.server.am.ActivityManagerService.onTransact(ActivityManagerService.java:2869)
10-12 14:07:45.604  1436  2413 E ActivityManager: 	at android.os.Binder.execTransact(Binder.java:565)
10-12 14:07:45.627  6346  7940 I chatty  : uid=1000(system) DefaultDispatch expire 14 lines
10-12 14:07:45.934  6346  6420 I chatty  : uid=1000(system) DefaultDispatch expire 4 lines
10-12 14:07:46.002  6346  7297 I chatty  : uid=1000(system) DefaultDispatch expire 2 lines
10-12 14:08:03.534   613  1046 D audio_hw_spkr_prot: audio_extn_fbsp_set_parameters: Speaker protection disabled
10-12 14:08:03.536   613  1046 D audio_hw_primary: start_output_stream: enter: stream(0xf53b7800)usecase(1: low-latency-playback) devices(0x2)
10-12 14:08:03.537   440  2277 E ANDR-PERF-MPCTL: Invalid profile no. 0, total profiles 0 only
10-12 14:08:03.537   613  1046 D audio_hw_primary: select_devices for use case (low-latency-playback)
10-12 14:08:03.537   613  1046 D audio_hw_primary: select_devices: out_snd_device(2: speaker) in_snd_device(0: )
10-12 14:08:03.537   613  1046 I msm8916_platform: platform_check_and_set_codec_backend_cfg:becf: afe: bitwidth 16, samplerate 48000 channels 2, backend_idx 0 usecase = 1 device (speaker)
10-12 14:08:03.537   613  1046 D msm8916_platform: platform_can_split_snd_device: snd_device(2) num devices(1) new_snd_devices(999600)
10-12 14:08:03.537   613  1046 I msm8916_platform: platform_check_and_set_codec_backend_cfg: becf: new_snd_devices[0] is speaker
10-12 14:08:03.537   613  1046 I msm8916_platform: platform_check_codec_backend_cfg:becf: afe: Codec selected backend: 0 current bit width: 16 sample rate: 48000 channels: 2
10-12 14:08:03.537   613  1046 D msm8916_platform: platform_check_codec_backend_cfg:becf: afe: playback on non-44.1-support device Configure afe to default Sample Rate(48k)
10-12 14:08:03.537   613  1046 D msm8916_platform: platform_check_codec_backend_cfg:becf: afe: only 48KHZ sample rate is supported Configure afe to default Sample Rate(48k)
10-12 14:08:03.537   613  1046 I msm8916_platform: platform_check_codec_backend_cfg:becf: afe: Codec selected backend: 0 updated bit width: 16 and sample rate: 48000
10-12 14:08:03.537   613  1046 D audio_hw_primary: check_usecases_codec_backend:becf: force routing 0
10-12 14:08:03.537   613  1046 E msm8916_platform: platform_check_backends_match: Invalid snd_device = 
10-12 14:08:03.537   613  1046 D audio_hw_primary: check_usecases_codec_backend:becf: (40) check_usecases curr device: speaker, usecase device: backends match 0
10-12 14:08:03.537   613  1046 D audio_hw_primary: check_usecases_codec_backend:becf: check_usecases num.of Usecases to switch 0
10-12 14:08:03.537   613  1046 D hardware_info: hw_info_append_hw_type : device_name = speaker
10-12 14:08:03.537   613  1046 D msm8916_platform: platform_can_split_snd_device: snd_device(2) num devices(0) new_snd_devices(0)
10-12 14:08:03.537   613  1046 D audio_hw_primary: enable_snd_device: snd_device(2: speaker)
10-12 14:08:03.537   613  1046 I soundtrigger: audio_extn_sound_trigger_update_device_status: device 0x2 of type 0 for Event 1, with Raise=0
10-12 14:08:03.537   613  1046 D aud_dev_arbi: acquireOneDevice: device owner for device 2 is 1
10-12 14:08:03.542  6346  6400 I chatty  : uid=1000(system) GotaSystem expire 11 lines
10-12 14:08:03.552   613  1046 I audio_hw_primary: select_devices Selected apptype: 69937
10-12 14:08:03.552   613  1046 D soundtrigger: audio_extn_sound_trigger_update_stream_status: uc_id 1 of type 0 for Event 3, with Raise=0
10-12 14:08:03.553   613  1046 I audio_hw_utils: audio_extn_utils_send_app_type_cfg PLAYBACK app_type = 69937, acdb_dev_id = 14, sample_rate = 48000
10-12 14:08:03.553   613  1046 D msm8916_platform: platform_can_split_snd_device: snd_device(2) num devices(1) new_snd_devices(0)
10-12 14:08:03.553   613  1046 D ACDB-LOADER: ACDB -> send_audio_cal, acdb_id = 14, path = 0, app id = 0x11131, sample rate = 48000
10-12 14:08:03.553   613  1046 D ACDB-LOADER: ACDB -> send_asm_topology
10-12 14:08:03.553   613  1046 D ACDB-LOADER: ACDB -> ACDB_CMD_GET_AUDPROC_STREAM_TOPOLOGY_ID
10-12 14:08:03.553   613  1046 D ACDB-LOADER: ACDB -> send_adm_topology
10-12 14:08:03.553   613  1046 D ACDB-LOADER: ACDB -> ACDB_CMD_GET_AUDPROC_COMMON_TOPOLOGY_ID
10-12 14:08:03.553   613  1046 D ACDB-LOADER: ACDB -> send_audtable
10-12 14:08:03.553   613  1046 D ACDB-LOADER: ACDB -> ACDB_CMD_GET_AUDPROC_COMMON_TABLE_SIZE
10-12 14:08:03.553   613  1046 D ACDB-LOADER: ACDB -> ACDB_CMD_GET_AUDPROC_COMMON_TABLE
10-12 14:08:03.553   613  1046 D ACDB-LOADER: ACDB -> AUDIO_SET_AUDPROC_CAL
10-12 14:08:03.553   613  1046 D ACDB-LOADER: ACDB -> send_audvoltable
10-12 14:08:03.553   613  1046 D ACDB-LOADER: ACDB -> ACDB_CMD_GET_AUDPROC_GAIN_DEP_STEP_TABLE, vol index 0
10-12 14:08:03.553   613  1046 D ACDB-LOADER: ACDB -> AUDIO_SET_VOL_CAL cal type = 12
10-12 14:08:03.553   613  1046 D ACDB-LOADER: ACDB -> send_audstrmtable
10-12 14:08:03.554   613  1046 D ACDB-LOADER: ACDB -> ACDB_CMD_GET_AUDPROC_STREAM_TABLE_V2
10-12 14:08:03.554   613  1046 D ACDB-LOADER: ACDB -> audstrm_cal->cal_type.cal_data.cal_size = 16
10-12 14:08:03.554   613  1046 D ACDB-LOADER: ACDB -> send_afe_topology
10-12 14:08:03.554   613  1046 D ACDB-LOADER: ACDB -> ACDB_CMD_GET_AFE_TOPOLOGY_ID
10-12 14:08:03.554   613  1046 D ACDB-LOADER: ACDB -> GET_AFE_TOPOLOGY_ID for adcd_id 14, Topology Id 1025e
10-12 14:08:03.554   613  1046 D ACDB-LOADER: ACDB -> send_afe_cal
10-12 14:08:03.554   613  1046 D ACDB-LOADER: ACDB -> ACDB_CMD_GET_AFE_COMMON_TABLE
10-12 14:08:03.554   613  1046 D ACDB-LOADER: ACDB -> AUDIO_SET_AFE_CAL
10-12 14:08:03.554   613  1046 D ACDB-LOADER: ACDB -> send_hw_delay : acdb_id = 14 path = 0
10-12 14:08:03.554   613  1046 D ACDB-LOADER: ACDB -> ACDB_AVSYNC_INFO: ACDB_CMD_GET_DEVICE_PROPERTY
10-12 14:08:03.554   613  1046 D audio_hw_primary: enable_audio_route: apply mixer and update path: low-latency-playback
10-12 14:08:03.559   613  1046 D audio_hw_primary: select_devices: done
10-12 14:08:03.563   613  1046 D msm8916_platform: platform_set_channel_map mixer_ctl_name:Playback Channel Map12
10-12 14:08:03.564   613  1046 D msm8916_platform: platform_set_channel_map: set mapping(1 2 0 0 0 0 0 0) for channel:2
10-12 14:08:03.621  6346  6403 I chatty  : uid=1000(system) RILRemoteReceiv expire 5 lines
10-12 14:08:03.622   613  1046 D audio_hw_primary: start_output_stream: exit
10-12 14:08:03.671  6346  6404 I chatty  : uid=1000(system) LtePhoneRespons expire 5 lines
10-12 14:08:04.003  6346  7297 I chatty  : uid=1000(system) DefaultDispatch expire 9 lines
10-12 14:08:04.328  6346  7460 I chatty  : uid=1000(system) DefaultDispatch expire 1 line
10-12 14:08:04.342  6346  7913 I chatty  : uid=1000(system) DefaultDispatch expire 15 lines
10-12 14:08:04.354  6346  6368 I chatty  : uid=1000(system) LogFile expire 190 lines
10-12 14:08:04.358  6346  6346 I chatty  : uid=1000(system) com.gbcom.metrosystem expire 11 lines
10-12 14:08:04.360   613   613 I AudioPolicyManagerCustom: FLAG None hence request for a primary output
10-12 14:08:04.366   613  3732 I AudioPolicyManagerCustom: FLAG None hence request for a primary output
10-12 14:08:04.530   775   775 I MSM-irqbalance: Decided to move IRQ5 from CPU1 [P:0] to CPU5 [P:1] (banned)
10-12 14:08:04.532   775   775 I MSM-irqbalance: Decided to move IRQ3 from CPU2 [P:0] to CPU4 [P:1] (banned)
10-12 14:08:04.533   775   775 I MSM-irqbalance: Decided to move IRQ5 from CPU2 [P:0] to CPU7 [P:1] (banned)
10-12 14:08:04.535   775   775 I MSM-irqbalance: Decided to move IRQ5 from CPU3 [P:0] to CPU6 [P:1] (banned)
10-12 14:08:04.536   775   775 I MSM-irqbalance: Decided to move IRQ3 from CPU0 [P:0] to CPU5 [P:1] (banned)
10-12 14:08:04.537   775   775 I MSM-irqbalance: Decided to move IRQ5 from CPU0 [P:0] to CPU4 [P:1] (banned)
10-12 14:08:04.784   672   672 I cnss-daemon: RTM_NEWNEIGH message received: 28
10-12 14:08:04.784   672   672 E cnss-daemon: Stale or unreachable neighbors, ndm state: 4
10-12 14:08:04.819   613  1263 I AudioPolicyManagerCustom: FLAG None hence request for a primary output
10-12 14:08:04.820   613  3734 I AudioPolicyManagerCustom: FLAG None hence request for a primary output
10-12 14:08:04.916  6346  6403 I chatty  : uid=1000(system) RILRemoteReceiv expire 6 lines
10-12 14:08:04.918  6346  6400 I chatty  : uid=1000(system) GotaSystem expire 13 lines
10-12 14:08:05.869  6346  6444 I chatty  : uid=1000(system) Timer-0 expire 4 lines
10-12 14:08:05.931  6346  6420 I chatty  : uid=1000(system) DefaultDispatch expire 2 lines
10-12 14:08:05.934  6346  7297 I chatty  : uid=1000(system) DefaultDispatch expire 12 lines
10-12 14:08:05.939  6346  6368 I chatty  : uid=1000(system) LogFile expire 196 lines
10-12 14:08:05.989  6346  6420 I chatty  : uid=1000(system) DefaultDispatch expire 5 lines
10-12 14:08:05.991  6346  6346 I chatty  : uid=1000(system) com.gbcom.metrosystem expire 5 lines
10-12 14:08:05.998  6346  7460 I chatty  : uid=1000(system) DefaultDispatch expire 4 lines
10-12 14:08:06.270  6346  6410 I chatty  : uid=1000(system) DefaultDispatch expire 12 lines
10-12 14:08:06.282  6346  7913 I chatty  : uid=1000(system) DefaultDispatch expire 1 line
10-12 14:08:06.328  6346  6420 I chatty  : uid=1000(system) DefaultDispatch expire 3 lines
10-12 14:08:06.328  6346  6368 I chatty  : uid=1000(system) LogFile expire 195 lines
10-12 14:08:06.329  6346  6346 I chatty  : uid=1000(system) com.gbcom.metrosystem expire 13 lines
10-12 14:08:06.330  6346  7460 I chatty  : uid=1000(system) DefaultDispatch expire 8 lines
10-12 14:08:06.346  6346  7297 I chatty  : uid=1000(system) DefaultDispatch expire 8 lines
10-12 14:08:06.915  6346  6403 I chatty  : uid=1000(system) RILRemoteReceiv expire 2 lines
10-12 14:08:06.916  6346  6400 I chatty  : uid=1000(system) GotaSystem expire 2 lines
10-12 14:08:07.006  6346  7940 I chatty  : uid=1000(system) DefaultDispatch expire 12 lines
10-12 14:08:07.350  6346  6368 I chatty  : uid=1000(system) LogFile expire 190 lines
10-12 14:08:07.357  6346  7939 I chatty  : uid=1000(system) DefaultDispatch expire 14 lines
10-12 14:08:07.364  6346  6346 I chatty  : uid=1000(system) com.gbcom.metrosystem expire 17 lines
10-12 14:08:07.441   613  1691 I AudioPolicyManagerCustom: FLAG None hence request for a primary output
10-12 14:08:07.441   613  1263 I AudioPolicyManagerCustom: FLAG None hence request for a primary output
10-12 14:08:07.863   613   613 I AudioPolicyManagerCustom: FLAG None hence request for a primary output
10-12 14:08:07.865   613  3732 I AudioPolicyManagerCustom: FLAG None hence request for a primary output
10-12 14:08:07.926  6346  6403 I chatty  : uid=1000(system) RILRemoteReceiv expire 4 lines
10-12 14:08:07.927  6346  6400 I chatty  : uid=1000(system) GotaSystem expire 4 lines
10-12 14:08:12.272  2820  2820 W ContextImpl: Calling a method in the system process without a qualified user: android.app.ContextImpl.sendBroadcast:877 android.content.ContextWrapper.sendBroadcast:421 com.qualcomm.qti.qs.tiles.AudioProfileTile.handleUpdateState:82 com.qualcomm.qti.qs.tiles.AudioProfileTile$1.onReceive:30 android.app.LoadedApk$ReceiverDispatcher$Args.run:1122 
10-12 14:08:12.319  2820  2820 W ContextImpl: Calling a method in the system process without a qualified user: android.app.ContextImpl.sendBroadcast:877 android.content.ContextWrapper.sendBroadcast:421 com.qualcomm.qti.qs.tiles.AudioProfileTile.handleUpdateState:82 com.qualcomm.qti.qs.tiles.AudioProfileTile$1.onReceive:30 android.app.LoadedApk$ReceiverDispatcher$Args.run:1122 
10-12 14:08:12.465  6346  6346 W ContextImpl: Calling a method in the system process without a qualified user: android.app.ContextImpl.sendBroadcast:877 android.content.ContextWrapper.sendBroadcast:421 com.gbcom.library_base.utils.CallActivity.startStationZoneBro:1113 com.gbcom.library_base.utils.CallActivity.showInit:711 com.gbcom.library_base.utils.CallActivity.showPopupWindow:618 
10-12 14:08:12.997   613  1046 I msm8916_platform: platform_check_and_set_codec_backend_cfg:becf: afe: bitwidth 16, samplerate 48000 channels 2, backend_idx 0 usecase = 1 device (handset)
10-12 14:08:12.997   613  1046 D msm8916_platform: platform_can_split_snd_device: snd_device(1) num devices(1) new_snd_devices(0)
10-12 14:08:12.997   613  1046 I msm8916_platform: platform_check_and_set_codec_backend_cfg: becf: new_snd_devices[0] is handset
10-12 14:08:12.998   613  1046 I msm8916_platform: platform_check_codec_backend_cfg:becf: afe: Codec selected backend: 0 current bit width: 16 sample rate: 48000 channels: 2
10-12 14:08:12.998   613  1046 W msm8916_platform: platform_check_codec_backend_cfg:becf: afe:Use default bw and sr for voice/voip calls 
10-12 14:08:12.998   613  1046 D msm8916_platform: platform_check_codec_backend_cfg:becf: afe: playback on non-44.1-support device Configure afe to default Sample Rate(48k)
10-12 14:08:12.998   613  1046 D msm8916_platform: platform_check_codec_backend_cfg:becf: afe: only 48KHZ sample rate is supported Configure afe to default Sample Rate(48k)
10-12 14:08:13.017   613  1046 D ACDB-LOADER: ACDB -> AUDIO_SET_AUDPROC_CAL
10-12 14:08:13.017   613  1046 D ACDB-LOADER: ACDB -> send_audvoltable
10-12 14:08:13.017   613  1046 D ACDB-LOADER: ACDB -> ACDB_CMD_GET_AUDPROC_GAIN_DEP_STEP_TABLE, vol index 0
10-12 14:08:13.017   613  1046 D ACDB-LOADER: ACDB -> AUDIO_SET_VOL_CAL cal type = 12
10-12 14:08:13.017   613  1046 D ACDB-LOADER: ACDB -> send_audstrmtable
10-12 14:08:13.018   613  1046 D ACDB-LOADER: ACDB -> ACDB_CMD_GET_AUDPROC_STREAM_TABLE_V2
10-12 14:08:13.018   613  1046 D ACDB-LOADER: ACDB -> audstrm_cal->cal_type.cal_data.cal_size = 16
10-12 14:08:13.018   613  1046 D ACDB-LOADER: ACDB -> send_afe_topology
10-12 14:08:13.018   613  1046 D ACDB-LOADER: ACDB -> ACDB_CMD_GET_AFE_TOPOLOGY_ID
10-12 14:08:13.018   613  1046 D ACDB-LOADER: ACDB -> GET_AFE_TOPOLOGY_ID for adcd_id 7, Topology Id 112fc
10-12 14:08:13.018   613  1046 D ACDB-LOADER: ACDB -> send_afe_cal
10-12 14:08:13.018   613  1046 D ACDB-LOADER: ACDB -> ACDB_CMD_GET_AFE_COMMON_TABLE
10-12 14:08:13.018   613  1046 D         : Failed to fetch the lookup information of the device 00000007 
10-12 14:08:13.018   613  1046 E ACDB-LOADER: Error: ACDB AFE returned = -19
10-12 14:08:13.018   613  1046 D ACDB-LOADER: ACDB -> AUDIO_SET_AFE_CAL
10-12 14:08:13.018   613  1046 D ACDB-LOADER: ACDB -> send_hw_delay : acdb_id = 7 path = 0
10-12 14:08:13.018   613  1046 D ACDB-LOADER: ACDB -> ACDB_AVSYNC_INFO: ACDB_CMD_GET_DEVICE_PROPERTY
10-12 14:08:13.018   613  1046 D audio_hw_primary: enable_audio_route: apply mixer and update path: low-latency-playback
10-12 14:08:13.055   613  1046 D audio_hw_primary: select_devices: done
10-12 14:08:13.056   613  1046 D audio_hw_extn: audio_extn_set_anc_parameters: anc_enabled:0
10-12 14:08:13.056   613  1046 D audio_hw_spkr_prot: audio_extn_fbsp_set_parameters: Speaker protection disabled
10-12 14:08:13.063   613  3734 D AudioPolicyManagerCustom: setForceUse() usage 0, config 0, mPhoneState 3
10-12 14:08:13.067   613  1053 D audio_hw_primary: out_set_parameters: enter: usecase(0: deep-buffer-playback) kvpairs: routing=1
10-12 14:08:13.073   613  1049 D audio_hw_primary: out_set_parameters: enter: usecase(12: audio-ull-playback) kvpairs: routing=1
10-12 14:08:13.081   613  1046 D audio_hw_primary: out_set_parameters: enter: usecase(1: low-latency-playback) kvpairs: routing=1
10-12 14:08:13.082   613  1046 D audio_hw_primary: select_devices for use case (low-latency-playback)
10-12 14:08:13.082   613  1046 D audio_hw_extn: audio_extn_set_anc_parameters: anc_enabled:0
10-12 14:08:13.083   613  1046 D audio_hw_spkr_prot: audio_extn_fbsp_set_parameters: Speaker protection disabled
10-12 14:08:13.083  6346  7913 I chatty  : uid=1000(system) DefaultDispatch expire 1 line
10-12 14:08:13.084  6346  7297 I chatty  : uid=1000(system) DefaultDispatch expire 9 lines
10-12 14:08:13.133  1701  1829 I vol.Events: writeEvent level_changed STREAM_MUSIC 11
10-12 14:08:13.155  2820  2820 D AudioProfileTile: onReceive-intent=Intent { act=android.media.VOLUME_CHANGED_ACTION flg=0x14000010 (has extras) }
10-12 14:08:13.158  1436  2422 W art     : Long monitor contention with owner Binder:1436_2 (1464) at void com.android.server.audio.AudioService.setMode(int, android.os.IBinder, java.lang.String)(AudioService.java:2423) waiters=0 in void com.android.server.audio.AudioService.setMode(int, android.os.IBinder, java.lang.String) for 432ms
10-12 14:08:13.159  1436  2422 E JavaBinder: *** Uncaught remote exception!  (Exceptions are not yet supported across processes.)
10-12 14:08:13.159  1436  2422 E JavaBinder: java.util.NoSuchElementException: Death link does not exist
10-12 14:08:13.159  1436  2422 E JavaBinder: 	at android.os.BinderProxy.unlinkToDeath(Native Method)
10-12 14:08:13.159  1436  2422 E JavaBinder: 	at com.android.server.audio.AudioService.setModeInt(AudioService.java:2456)
10-12 14:08:13.159  1436  2422 E JavaBinder: 	at com.android.server.audio.AudioService.setMode(AudioService.java:2427)
10-12 14:08:13.159  1436  2422 E JavaBinder: 	at android.media.IAudioService$Stub.onTransact(IAudioService.java:279)
10-12 14:08:13.159  1436  2422 E JavaBinder: 	at android.os.Binder.execTransact(Binder.java:565)
10-12 14:08:13.163  1436  1739 I MediaFocusControl:  AudioFocus  abandonAudioFocus() from uid/pid 1000/6346 clientId=android.media.AudioManager@10933b7com.ztegota.system.lte.call.LTEMedia$2@536f724
10-12 14:08:13.171  1701  1829 I vol.Events: writeEvent level_changed STREAM_VOICE_CALL 4
10-12 14:08:13.179  2820  2820 W ContextImpl: Calling a method in the system process without a qualified user: android.app.ContextImpl.sendBroadcast:877 android.content.ContextWrapper.sendBroadcast:421 com.qualcomm.qti.qs.tiles.AudioProfileTile.handleUpdateState:82 com.qualcomm.qti.qs.tiles.AudioProfileTile$1.onReceive:30 android.app.LoadedApk$ReceiverDispatcher$Args.run:1122 
10-12 14:08:13.182  1436  1739 E ActivityManager: Sending non-protected broadcast com.qualcomm.qti.qs.tiles.audioprofiletile from system 2820:com.qualcomm.qti.qs/1000 pkg com.qualcomm.qti.qs
10-12 14:08:13.182  1436  1739 E ActivityManager: java.lang.Throwable
10-12 14:08:13.182  1436  1739 E ActivityManager: 	at com.android.server.am.ActivityManagerService.checkBroadcastFromSystem(ActivityManagerService.java:18272)
10-12 14:08:13.182  1436  1739 E ActivityManager: 	at com.android.server.am.ActivityManagerService.broadcastIntentLocked(ActivityManagerService.java:18844)
10-12 14:08:13.182  1436  1739 E ActivityManager: 	at com.android.server.am.ActivityManagerService.broadcastIntent(ActivityManagerService.java:18935)
10-12 14:08:13.182  1436  1739 E ActivityManager: 	at android.app.ActivityManagerNative.onTransact(ActivityManagerNative.java:499)
10-12 14:08:13.182  1436  1739 E ActivityManager: 	at com.android.server.am.ActivityManagerService.onTransact(ActivityManagerService.java:2869)
10-12 14:08:13.182  1436  1739 E ActivityManager: 	at android.os.Binder.execTransact(Binder.java:565)
10-12 14:08:13.231  2820  2820 D AudioProfileTile: onReceive-intent=Intent { act=android.media.VOLUME_CHANGED_ACTION flg=0x14000010 (has extras) }
10-12 14:08:13.235  2820  2820 W ContextImpl: Calling a method in the system process without a qualified user: android.app.ContextImpl.sendBroadcast:877 android.content.ContextWrapper.sendBroadcast:421 com.qualcomm.qti.qs.tiles.AudioProfileTile.handleUpdateState:82 com.qualcomm.qti.qs.tiles.AudioProfileTile$1.onReceive:30 android.app.LoadedApk$ReceiverDispatcher$Args.run:1122 
10-12 14:08:13.237  1436  1463 E ActivityManager: Sending non-protected broadcast com.qualcomm.qti.qs.tiles.audioprofiletile from system 2820:com.qualcomm.qti.qs/1000 pkg com.qualcomm.qti.qs
10-12 14:08:13.237  1436  1463 E ActivityManager: java.lang.Throwable
10-12 14:08:13.237  1436  1463 E ActivityManager: 	at com.android.server.am.ActivityManagerService.checkBroadcastFromSystem(ActivityManagerService.java:18272)
10-12 14:08:13.237  1436  1463 E ActivityManager: 	at com.android.server.am.ActivityManagerService.broadcastIntentLocked(ActivityManagerService.java:18844)
10-12 14:08:13.237  1436  1463 E ActivityManager: 	at com.android.server.am.ActivityManagerService.broadcastIntent(ActivityManagerService.java:18935)
10-12 14:08:13.237  1436  1463 E ActivityManager: 	at android.app.ActivityManagerNative.onTransact(ActivityManagerNative.java:499)
10-12 14:08:13.237  1436  1463 E ActivityManager: 	at com.android.server.am.ActivityManagerService.onTransact(ActivityManagerService.java:2869)
10-12 14:08:13.237  1436  1463 E ActivityManager: 	at android.os.Binder.execTransact(Binder.java:565)
10-12 14:08:13.224  8012  8012 I sh      : type=1400 audit(0.0:196): avc: denied { dac_override } for capability=1 scontext=u:r:system_app:s0 tcontext=u:r:system_app:s0 tclass=capability permissive=1
10-12 14:08:13.244   613  1046 D audio_hw_primary: out_standby: enter: stream (0xf53b7800) usecase(1: low-latency-playback)
10-12 14:08:13.431   613  1046 D audio_hw_primary: disable_audio_route: reset and update mixer path: low-latency-playback
10-12 14:08:13.438   613  1046 D soundtrigger: audio_extn_sound_trigger_update_stream_status: uc_id 1 of type 0 for Event 2, with Raise=0
10-12 14:08:13.438   613  1046 D hardware_info: hw_info_append_hw_type : device_name = handset
10-12 14:08:13.439   613  1046 D audio_hw_primary: disable_snd_device: snd_device(1: handset)
10-12 14:08:13.439   613  1046 D msm8916_platform: platform_can_split_snd_device: snd_device(1) num devices(0) new_snd_devices(0)
10-12 14:08:13.453   613  1046 D aud_dev_arbi: releaseOneDevice: not sending command, device argument (1) does not match any registered device
10-12 14:08:13.453   613  1046 D aud_dev_arbi: releaseOneDevice: device 1 owner is 0
10-12 14:08:13.453   613  1046 I soundtrigger: audio_extn_sound_trigger_update_device_status: device 0x1 of type 0 for Event 0, with Raise=0
10-12 14:08:13.453   613  1046 D audio_hw_primary: out_standby: exit
10-12 14:08:13.532  6346  6420 I chatty  : uid=1000(system) DefaultDispatch expire 4 lines
10-12 14:08:13.540  6346  7460 I chatty  : uid=1000(system) DefaultDispatch expire 9 lines
10-12 14:08:13.560  6346  6368 I chatty  : uid=1000(system) LogFile expire 189 lines
10-12 14:08:13.566  6346  6346 I chatty  : uid=1000(system) com.gbcom.metrosystem expire 13 lines
10-12 14:08:13.570  1436  1535 W AppOps  : Finishing op nesting under-run: uid 1000 pkg com.gbcom.metrosystem code 24 time=0 duration=0 nesting=0
10-12 14:08:13.574  1436  1661 V WiredAccessoryManager: notifyWiredAccessoryChanged: when=7832950755000 bits=SW_HEADPHONE_INSERT SW_MICROPHONE_INSERT mask=94
10-12 14:08:13.574  1436  1661 V WiredAccessoryManager: newName=h2w newState=1 headsetState=1 prev headsetState=0
10-12 14:08:13.575  1436  1661 I WiredAccessoryManager: MSG_NEW_DEVICE_STATE
10-12 14:08:13.576  1436  1436 V WiredAccessoryManager: headsetName:  connected
10-12 14:08:13.580   613  3732 D AudioPolicyManagerCustom: setDeviceConnectionStateInt() device: 0x4, state 1, address  name 
10-12 14:08:13.580   613  3732 I AudioFlinger: openOutput(), module 10 Device 4, SamplingRate 8000, Format 0x000006, Channels 1, flags 2001
10-12 14:08:13.580   613  3732 D audio_hw_primary: adev_open_output_stream: enter: format(0x6) sample_rate(8000) channel_mask(0x1) devices(0x4) flags(0x2001)        stream_handle(0xf27c0a00)
10-12 14:08:13.580   613  3732 I audio_hw_utils: PCM offload Fragment size to 960 bytes
10-12 14:08:13.581   613  3732 D audio_hw_primary: adev_open_output_stream: Stream (0xf27c0a00) picks up usecase (compress-offload-playback2)
10-12 14:08:13.581   613  3732 I AudioFlinger: HAL output buffer size 320 frames, normal sink buffer size 320 frames
10-12 14:08:13.583   613  8018 I AudioFlinger: AudioFlinger's thread 0xf27e2000 ready to run
10-12 14:08:13.583   613  3732 I AudioFlinger: openOutput(), module 10 Device 4, SamplingRate 8000, Format 0x1000000, Channels 1, flags 31
10-12 14:08:13.583   613  3732 D audio_hw_primary: adev_open_output_stream: enter: format(0x1000000) sample_rate(8000) channel_mask(0x1) devices(0x4) flags(0x31)        stream_handle(0xf27c0600)
10-12 14:08:13.586   613  3732 D audio_hw_primary: adev_open_output_stream: Stream (0xf27c0600) picks up usecase (compress-offload-playback)
10-12 14:08:13.587   613  3732 I AudioFlinger: HAL output buffer size 65536 frames, normal sink buffer size 65536 frames
10-12 14:08:13.588   613  8021 I AudioFlinger: AudioFlinger's thread 0xf27e0000 ready to run
10-12 14:08:13.590   613  8018 D audio_hw_primary: out_standby: enter: stream (0xf27c0a00) usecase(4: compress-offload-playback2)
10-12 14:08:13.590   613  8018 D audio_hw_primary: out_standby: exit
10-12 14:08:13.594   613  3732 I AudioFlinger: openOutput(), module 10 Device 4, SamplingRate 8000, Format 0x000001, Channels 1, flags 801
10-12 14:08:13.594   613  3732 D audio_hw_primary: adev_open_output_stream: enter: format(0x1) sample_rate(8000) channel_mask(0x1) devices(0x4) flags(0x801)        stream_handle(0xf27c0200)
10-12 14:08:13.595   613  3732 D compress_voip: voice_extn_compress_voip_pcm_prop_check: VoIP PCM property is enabled
10-12 14:08:13.595   613  3732 D compress_voip: voice_extn_compress_voip_open_output_stream: enter
10-12 14:08:13.595   613  3732 D compress_voip: voip_set_mode: enter, format=1
10-12 14:08:13.595   613  3732 D compress_voip: voip_set_mode: Derived mode = 12
10-12 14:08:13.595   613  3732 D audio_hw_primary: adev_open_output_stream: Stream (0xf27c0200) picks up usecase (compress-voip-call)
10-12 14:08:13.595   613  3732 I AudioFlinger: HAL output buffer size 160 frames, normal sink buffer size 160 frames
10-12 14:08:13.598   613  8022 I AudioFlinger: AudioFlinger's thread 0xf48b1000 ready to run
10-12 14:08:13.600   613  8022 D audio_hw_primary: out_standby: enter: stream (0xf27c0200) usecase(27: compress-voip-call)
10-12 14:08:13.600   613  8022 D audio_hw_primary: out_standby: exit
10-12 14:08:13.601   613   849 D audio_hw_primary: adev_set_parameters: enter: connect=4
10-12 14:08:13.601   613   849 D audio_hw_extn: audio_extn_set_anc_parameters: anc_enabled:0
10-12 14:08:13.601   613   849 D audio_hw_spkr_prot: audio_extn_fbsp_set_parameters: Speaker protection disabled
10-12 14:08:13.602   613  8018 D audio_hw_primary: out_set_parameters: enter: usecase(4: compress-offload-playback2) kvpairs: closing=true
10-12 14:08:13.604   613  3732 D audio_hw_primary: out_set_parameters: enter: usecase(4: compress-offload-playback2) kvpairs: exiting=1
10-12 14:08:13.605   613  3732 D audio_hw_primary: adev_close_output_stream: enter:stream_handle(0xf27c0a00)
10-12 14:08:13.605   613  3732 D audio_hw_primary: out_standby: enter: stream (0xf27c0a00) usecase(4: compress-offload-playback2)
10-12 14:08:13.605   613  3732 D audio_hw_primary: out_standby: exit
10-12 14:08:13.607   613  8021 D audio_hw_primary: out_set_parameters: enter: usecase(3: compress-offload-playback) kvpairs: closing=true
10-12 14:08:13.609   613  3732 D audio_hw_primary: out_set_parameters: enter: usecase(3: compress-offload-playback) kvpairs: exiting=1
10-12 14:08:13.611   613  3732 D audio_hw_primary: adev_close_output_stream: enter:stream_handle(0xf27c0600)
10-12 14:08:13.611   613  8019 E audio_hw_primary: offload_thread_loop: Compress handle is NULL
10-12 14:08:13.611   613  3732 D audio_hw_primary: out_standby: enter: stream (0xf27c0600) usecase(3: compress-offload-playback)
10-12 14:08:13.611   613  3732 D audio_hw_primary: out_standby: exit
10-12 14:08:13.614   613  8022 D audio_hw_primary: out_set_parameters: enter: usecase(27: compress-voip-call) kvpairs: closing=true
10-12 14:08:13.616   613  3732 D audio_hw_primary: out_set_parameters: enter: usecase(27: compress-voip-call) kvpairs: exiting=1
10-12 14:08:13.616   613  3732 D audio_hw_primary: adev_close_output_stream: enter:stream_handle(0xf27c0200)
10-12 14:08:13.616   613  3732 D compress_voip: voice_extn_compress_voip_close_output_stream: enter
10-12 14:08:13.616   613  3732 D compress_voip: voip_stop_call: enter, out_stream_count=0, in_stream_count=0
10-12 14:08:13.616   613  3732 E compress_voip: voip_stop_call: Could not find the usecase (27) in the list
10-12 14:08:13.616   613  3732 E audio_hw_primary: adev_close_output_stream: Compress voip output cannot be closed, error:-22
10-12 14:08:13.618   613  1046 D audio_hw_primary: out_set_parameters: enter: usecase(1: low-latency-playback) kvpairs: routing=4
10-12 14:08:13.618   613  1046 D audio_hw_extn: audio_extn_set_anc_parameters: anc_enabled:0
10-12 14:08:13.618   613  1046 D audio_hw_spkr_prot: audio_extn_fbsp_set_parameters: Speaker protection disabled
10-12 14:08:13.625   613  1049 D audio_hw_primary: out_set_parameters: enter: usecase(12: audio-ull-playback) kvpairs: routing=4
10-12 14:08:13.627  6346  7575 I chatty  : uid=1000(system) DefaultDispatch expire 8 lines
10-12 14:08:13.632   613  1053 D audio_hw_primary: out_set_parameters: enter: usecase(0: deep-buffer-playback) kvpairs: routing=4
10-12 14:08:13.635   613   613 D AudioPolicyManagerCustom: setForceUse() usage 1, config 10, mPhoneState 3
10-12 14:08:13.636   613  1053 D audio_hw_primary: out_set_parameters: enter: usecase(0: deep-buffer-playback) kvpairs: routing=4
10-12 14:08:13.638   613  1049 D audio_hw_primary: out_set_parameters: enter: usecase(12: audio-ull-playback) kvpairs: routing=4
10-12 14:08:13.639   564   896 E libnav  : CablComputeBacklightLevel(): UpdateType = DifferentSceneUpdate
10-12 14:08:13.639   613  1046 D audio_hw_primary: out_set_parameters: enter: usecase(1: low-latency-playback) kvpairs: routing=4
10-12 14:08:13.640   613  1046 D audio_hw_extn: audio_extn_set_anc_parameters: anc_enabled:0
10-12 14:08:13.640   613  1046 D audio_hw_spkr_prot: audio_extn_fbsp_set_parameters: Speaker protection disabled
10-12 14:08:13.647   613  3734 D AudioPolicyManagerCustom: setDeviceConnectionStateInt() device: 0x80000010, state 1, address  name 
10-12 14:08:13.648   613  3734 D audio_hw_primary: adev_open_input_stream: enter: sample_rate(48000) channel_mask(0xc) devices(0x80000010)        stream_handle(0xf47f23c0) io_handle(342) source(1) format 1
10-12 14:08:13.650   613  3734 D audio_hw_primary: adev_open_input_stream: enter: sample_rate(192000) channel_mask(0x8000000f) devices(0x80000010)        stream_handle(0xf47f2240) io_handle(350) source(1) format 5
10-12 14:08:13.650   613  3734 D audio_hw_primary: adev_open_input_stream: enter: sample_rate(48000) channel_mask(0x8000000f) devices(0x80000010)        stream_handle(0xf47f2240) io_handle(350) source(1) format 1
10-12 14:08:13.652   613   849 D audio_hw_primary: adev_set_parameters: enter: connect=-2147483632
10-12 14:08:13.652   613  8023 I AudioFlinger: AudioFlinger's thread 0xf26038c0 ready to run
10-12 14:08:13.652   613  8023 D audio_hw_primary: in_standby: enter: stream (0xf47f23c0) usecase(16: audio-record)
10-12 14:08:13.653   613   849 D audio_hw_extn: audio_extn_set_anc_parameters: anc_enabled:0
10-12 14:08:13.653   613   849 D audio_hw_spkr_prot: audio_extn_fbsp_set_parameters: Speaker protection disabled
10-12 14:08:13.655   613  8023 D audio_hw_primary: in_standby: enter: stream (0xf47f23c0) usecase(16: audio-record)
10-12 14:08:13.655  6346  7939 I chatty  : uid=1000(system) DefaultDispatch expire 2 lines
10-12 14:08:13.664   613  8024 I AudioFlinger: AudioFlinger's thread 0xf1683680 ready to run
10-12 14:08:13.664   613  8024 D audio_hw_primary: in_standby: enter: stream (0xf47f2240) usecase(16: audio-record)
10-12 14:08:13.666   613  8024 D audio_hw_primary: in_standby: enter: stream (0xf47f2240) usecase(16: audio-record)
10-12 14:08:13.673   613  3734 D audio_hw_primary: adev_close_input_stream: enter:stream_handle(0xf47f2240)
10-12 14:08:13.673   613  3734 D audio_hw_primary: in_standby: enter: stream (0xf47f2240) usecase(16: audio-record)
10-12 14:08:13.681   613  3734 D audio_hw_primary: adev_close_input_stream: enter:stream_handle(0xf47f23c0)
10-12 14:08:13.681   613  3734 D audio_hw_primary: in_standby: enter: stream (0xf47f23c0) usecase(16: audio-record)
10-12 14:08:13.689  1701  1701 V MediaRouter: Updating audio routes: AudioRoutesInfo{ type=HEADSET }
10-12 14:08:13.689  1701  1701 V MediaRouter: Dispatching route change: RouteInfo{ name=耳机, description=null, status=null, category=RouteCategory{ name=null types=ROUTE_TYPE_LIVE_AUDIO ROUTE_TYPE_LIVE_VIDEO  groupable=false }, supportedTypes=ROUTE_TYPE_LIVE_AUDIO ROUTE_TYPE_LIVE_VIDEO , presentationDisplay=null }
10-12 14:08:13.733  1436  1436 V MediaRouter: Updating audio routes: AudioRoutesInfo{ type=HEADSET }
10-12 14:08:13.734  1436  1436 V MediaRouter: Dispatching route change: RouteInfo{ name=耳机, description=null, status=null, category=RouteCategory{ name=null types=ROUTE_TYPE_LIVE_AUDIO ROUTE_TYPE_LIVE_VIDEO  groupable=false }, supportedTypes=ROUTE_TYPE_LIVE_AUDIO ROUTE_TYPE_LIVE_VIDEO , presentationDisplay=null }
10-12 14:08:13.734  1436  1436 I Telecom : WiredHeadsetManager: ACTION_HEADSET_PLUG event, plugged in: true, : WHC.oADA@AME
10-12 14:08:13.735  1436  1436 E Notification: setLatestEventInfo() is deprecated and you should feel deprecated.
10-12 14:08:13.735  1436  1436 E Notification: java.lang.Throwable
10-12 14:08:13.735  1436  1436 E Notification: 	at android.app.Notification.setLatestEventInfo(Notification.java:2076)
10-12 14:08:13.735  1436  1436 E Notification: 	at com.android.server.telecom.TtyManager.showHeadSetPlugin(TtyManager.java:144)
10-12 14:08:13.735  1436  1436 E Notification: 	at com.android.server.telecom.TtyManager.onWiredHeadsetPluggedInChanged(TtyManager.java:80)
10-12 14:08:13.735  1436  1436 E Notification: 	at com.android.server.telecom.WiredHeadsetManager.onHeadsetPluggedInChanged(WiredHeadsetManager.java:119)
10-12 14:08:13.735  1436  1436 E Notification: 	at com.android.server.telecom.WiredHeadsetManager.-wrap0(WiredHeadsetManager.java)
10-12 14:08:13.735  1436  1436 E Notification: 	at com.android.server.telecom.WiredHeadsetManager$WiredHeadsetCallback.updateHeadsetStatus(WiredHeadsetManager.java:75)
10-12 14:08:13.735  1436  1436 E Notification: 	at com.android.server.telecom.WiredHeadsetManager$WiredHeadsetCallback.onAudioDevicesAdded(WiredHeadsetManager.java:45)
10-12 14:08:13.735  1436  1436 E Notification: 	at android.media.AudioManager$NativeEventHandlerDelegate$1.handleMessage(AudioManager.java:4201)
10-12 14:08:13.735  1436  1436 E Notification: 	at android.os.Handler.dispatchMessage(Handler.java:102)
10-12 14:08:13.735  1436  1436 E Notification: 	at android.os.Looper.loop(Looper.java:154)
10-12 14:08:13.735  1436  1436 E Notification: 	at com.android.server.SystemServer.run(SystemServer.java:371)
10-12 14:08:13.735  1436  1436 E Notification: 	at com.android.server.SystemServer.main(SystemServer.java:230)
10-12 14:08:13.735  1436  1436 E Notification: 	at java.lang.reflect.Method.invoke(Native Method)
10-12 14:08:13.735  1436  1436 E Notification: 	at com.android.internal.os.ZygoteInit$MethodAndArgsCaller.run(ZygoteInit.java:889)
10-12 14:08:13.735  1436  1436 E Notification: 	at com.android.internal.os.ZygoteInit.main(ZygoteInit.java:779)
10-12 14:08:13.737  1436  2014 I Telecom : CallAudioRouteStateMachine: Message received: CONNECT_WIRED_HEADSET=1, arg1=0: WHC.oADA->CARSM.pM_CONNECT_WIRED_HEADSET@AME_0
10-12 14:08:13.737  1436  2014 I Telecom : Telecom: Non-call EVENT: AUDIO_ROUTE, Wired headset connected: WHC.oADA->CARSM.pM_CONNECT_WIRED_HEADSET@AME_0
10-12 14:08:13.738  1436  2014 I Telecom : CallAudioRouteStateMachine: Message received: SWITCH_HEADSET=1003, arg1=0: WHC.oADA->CARSM.pM_CONNECT_WIRED_HEADSET->CARSM.pM_SWITCH_HEADSET@AME_0_0
10-12 14:08:13.738  1436  2014 I Telecom : Telecom: Non-call EVENT: AUDIO_ROUTE, Leaving state QuiescentEarpieceRoute: WHC.oADA->CARSM.pM_CONNECT_WIRED_HEADSET->CARSM.pM_SWITCH_HEADSET@AME_0_0
10-12 14:08:13.738  1436  2014 I Telecom : Telecom: Non-call EVENT: AUDIO_ROUTE, Entering state QuiescentHeadsetRoute: WHC.oADA->CARSM.pM_CONNECT_WIRED_HEADSET->CARSM.pM_SWITCH_HEADSET@AME_0_0
10-12 14:08:13.741  1701  1829 I vol.Events: writeEvent level_changed STREAM_VOICE_CALL 5
10-12 14:08:13.757   613  1691 D AudioPolicyManagerCustom: setForceUse() usage 0, config 0, mPhoneState 3
10-12 14:08:13.761   613  1053 D audio_hw_primary: out_set_parameters: enter: usecase(0: deep-buffer-playback) kvpairs: routing=4
10-12 14:08:13.766   613  1049 D audio_hw_primary: out_set_parameters: enter: usecase(12: audio-ull-playback) kvpairs: routing=4
10-12 14:08:13.786   613  1046 D audio_hw_primary: out_set_parameters: enter: usecase(1: low-latency-playback) kvpairs: routing=4
10-12 14:08:13.786   613  1046 D audio_hw_extn: audio_extn_set_anc_parameters: anc_enabled:0
10-12 14:08:13.786   613  1046 D audio_hw_spkr_prot: audio_extn_fbsp_set_parameters: Speaker protection disabled
10-12 14:08:13.802  1701  1829 I vol.Events: writeEvent level_changed STREAM_MUSIC 10
10-12 14:08:13.832  2820  2820 D AudioProfileTile: onReceive-intent=Intent { act=android.media.VOLUME_CHANGED_ACTION flg=0x14000010 (has extras) }
10-12 14:08:13.842  2820  2820 W ContextImpl: Calling a method in the system process without a qualified user: android.app.ContextImpl.sendBroadcast:877 android.content.ContextWrapper.sendBroadcast:421 com.qualcomm.qti.qs.tiles.AudioProfileTile.handleUpdateState:82 com.qualcomm.qti.qs.tiles.AudioProfileTile$1.onReceive:30 android.app.LoadedApk$ReceiverDispatcher$Args.run:1122 
10-12 14:08:13.845  1436  2465 E ActivityManager: Sending non-protected broadcast com.qualcomm.qti.qs.tiles.audioprofiletile from system 2820:com.qualcomm.qti.qs/1000 pkg com.qualcomm.qti.qs
10-12 14:08:13.845  1436  2465 E ActivityManager: java.lang.Throwable
10-12 14:08:13.845  1436  2465 E ActivityManager: 	at com.android.server.am.ActivityManagerService.checkBroadcastFromSystem(ActivityManagerService.java:18272)
10-12 14:08:13.845  1436  2465 E ActivityManager: 	at com.android.server.am.ActivityManagerService.broadcastIntentLocked(ActivityManagerService.java:18844)
10-12 14:08:13.845  1436  2465 E ActivityManager: 	at com.android.server.am.ActivityManagerService.broadcastIntent(ActivityManagerService.java:18935)
10-12 14:08:13.845  1436  2465 E ActivityManager: 	at android.app.ActivityManagerNative.onTransact(ActivityManagerNative.java:499)
10-12 14:08:13.845  1436  2465 E ActivityManager: 	at com.android.server.am.ActivityManagerService.onTransact(ActivityManagerService.java:2869)
10-12 14:08:13.845  1436  2465 E ActivityManager: 	at android.os.Binder.execTransact(Binder.java:565)
10-12 14:08:13.848  2820  2820 D AudioProfileTile: onReceive-intent=Intent { act=android.media.VOLUME_CHANGED_ACTION flg=0x14000010 (has extras) }
10-12 14:08:13.863  2820  2820 W ContextImpl: Calling a method in the system process without a qualified user: android.app.ContextImpl.sendBroadcast:877 android.content.ContextWrapper.sendBroadcast:421 com.qualcomm.qti.qs.tiles.AudioProfileTile.handleUpdateState:82 com.qualcomm.qti.qs.tiles.AudioProfileTile$1.onReceive:30 android.app.LoadedApk$ReceiverDispatcher$Args.run:1122 
10-12 14:08:13.872  1436  1950 E ActivityManager: Sending non-protected broadcast com.qualcomm.qti.qs.tiles.audioprofiletile from system 2820:com.qualcomm.qti.qs/1000 pkg com.qualcomm.qti.qs
10-12 14:08:13.872  1436  1950 E ActivityManager: java.lang.Throwable
10-12 14:08:13.872  1436  1950 E ActivityManager: 	at com.android.server.am.ActivityManagerService.checkBroadcastFromSystem(ActivityManagerService.java:18272)
10-12 14:08:13.872  1436  1950 E ActivityManager: 	at com.android.server.am.ActivityManagerService.broadcastIntentLocked(ActivityManagerService.java:18844)
10-12 14:08:13.872  1436  1950 E ActivityManager: 	at com.android.server.am.ActivityManagerService.broadcastIntent(ActivityManagerService.java:18935)
10-12 14:08:13.872  1436  1950 E ActivityManager: 	at android.app.ActivityManagerNative.onTransact(ActivityManagerNative.java:499)
10-12 14:08:13.872  1436  1950 E ActivityManager: 	at com.android.server.am.ActivityManagerService.onTransact(ActivityManagerService.java:2869)
10-12 14:08:13.872  1436  1950 E ActivityManager: 	at android.os.Binder.execTransact(Binder.java:565)
10-12 14:08:13.914  6346  6403 I chatty  : uid=1000(system) RILRemoteReceiv expire 2 lines
10-12 14:08:13.915  6346  6400 I chatty  : uid=1000(system) GotaSystem expire 2 lines
10-12 14:08:13.931  6346  6444 I chatty  : uid=1000(system) Timer-0 expire 2 lines
10-12 14:08:13.981  6346  6420 I chatty  : uid=1000(system) DefaultDispatch expire 4 lines
10-12 14:08:14.004  6346  6368 I chatty  : uid=1000(system) LogFile expire 163 lines
10-12 14:08:14.005  6346  7575 I chatty  : uid=1000(system) DefaultDispatch expire 31 lines
10-12 14:08:14.037  6346  6346 I chatty  : uid=1000(system) com.gbcom.metrosystem expire 5 lines
10-12 14:08:14.132  6346  7297 I chatty  : uid=1000(system) DefaultDispatch expire 3 lines
