10-12 15:56:22.582 11295 11497 D TAG     : getUserId: userId2=+866022013
10-12 15:56:22.582 11295 11486 D TAG     : getUserId: userId2=+866022013
10-12 15:56:22.582 11295 11497 D BtrunCConfig: isR2Nubmer is true
10-12 15:56:22.582 11295 11486 D BtrunCConfig: isR2Nubmer is true
10-12 15:56:22.582 11295 11486 D com.ztegota.system.GotaSystem: getMdn +866022013
10-12 15:56:22.582 11295 11497 D com.ztegota.system.GotaSystem: getMdn +866022013
10-12 15:56:22.582 11295 11372 D DisApiSingletonReceive: parseStationAtsData: atsInfo=com.gbcom.library_base.data.StationAtsApiData@481e7a4
10-12 15:56:22.582 11295 11486 D TAG     : getUserId: userId2=+866022013
10-12 15:56:22.582 11295 11497 D TAG     : getUserId: userId2=+866022013
10-12 15:56:22.582 11295 11486 D BtrunCConfig: isR2Nubmer is true
10-12 15:56:22.582 11295 11486 D com.ztegota.system.GotaSystem: getMdn +866022013
10-12 15:56:22.582 11295 11486 D TAG     : getUserId: userId2=+866022013
10-12 15:56:22.582 11295 11372 D BtrunCConfig: isR2Nubmer is true
10-12 15:56:22.582 11295 11372 D com.ztegota.system.GotaSystem: getMdn +866022013
10-12 15:56:22.582 11295 11372 D TAG     : getUserId: userId2=+866022013
10-12 15:56:22.582 11295 11372 D BtrunCConfig: isR2Nubmer is true
10-12 15:56:22.582 11295 11372 D com.ztegota.system.GotaSystem: getMdn +866022013
10-12 15:56:22.582 11295 11372 D TAG     : getUserId: userId2=+866022013
10-12 15:56:22.582 11295 11372 D BtrunCConfig: isR2Nubmer is true
10-12 15:56:22.582 11295 11372 D com.ztegota.system.GotaSystem: getMdn +866022013
10-12 15:56:22.582 11295 11372 D TAG     : getUserId: userId2=+866022013
10-12 15:56:22.586 11295 11353 D LTERILJ : [0047]< RIL_REQUEST_ZTE_UPDATE_SCANGROUPINFO 
10-12 15:56:22.590 11295 11389 I APP_LogUtils.kt: [(LogUtils.kt:50).i()] [UdpMasterServices] start: send1 - masterApi - thread ID=238 - message={"MsgSeqID":54,"MsgName":"GetFileListRsp","MsgInfo":[]}
10-12 15:56:22.591 11295 11317 D LogWriteUtil.class=LogFileHandlerThread.class: 1getFilePath: logFormat=2022-10-12, LogWriteUtil.logPathDir=/custom/metro/log
10-12 15:56:22.592 11295 11317 D LogWriteUtil.class=LogFileHandlerThread.class: 2getFilePath: filePath=/custom/metro/log/2022-10-12
10-12 15:56:22.592 11295 11317 D LogWriteUtil.class=LogFileHandlerThread.class: 1getCurrentFileName: LogWriteUtil.logfile=app.log
10-12 15:56:22.592 11295 11317 D LogWriteUtil.class=LogFileHandlerThread.class: 1getFilePath: logFormat=2022-10-12, LogWriteUtil.logPathDir=/custom/metro/log
10-12 15:56:22.592 11295 11317 D LogWriteUtil.class=LogFileHandlerThread.class: 2getFilePath: filePath=/custom/metro/log/2022-10-12
10-12 15:56:22.592 11295 11317 D LogWriteUtil.class=LogFileHandlerThread.class: getFileNameSuffix: file=/custom/metro/log/2022-10-12
10-12 15:56:22.593 11295 11317 D LogWriteUtil.class=LogFileHandlerThread.class: 2getCurrentFileName: index=3, LogWriteUtil.logfile=app.log, getFileNameSuffix=33
10-12 15:56:22.593 11295 11317 D LogWriteUtil.class=LogFileHandlerThread.class: 1getFilePath: logFormat=2022-10-12, LogWriteUtil.logPathDir=/custom/metro/log
10-12 15:56:22.593 11295 11317 D LogWriteUtil.class=LogFileHandlerThread.class: 2getFilePath: filePath=/custom/metro/log/2022-10-12
10-12 15:56:22.593 11295 11317 D LogWriteUtil.class=LogFileHandlerThread.class: getFileNameSuffix: file=/custom/metro/log/2022-10-12
10-12 15:56:22.594 11295 11317 D LogWriteUtil.class=LogFileHandlerThread.class: 3getCurrentFileName: logFileName=app33.log
10-12 15:56:22.594 11295 11317 D LogWriteUtil.class=LogFileHandlerThread.class: 1,initFile: getFilePath()=/custom/metro/log/2022-10-12, getCurrentFileName=app33.log
10-12 15:56:22.594 11295 11317 D LogWriteUtil.class=LogFileHandlerThread.class: 1getFilePath: logFormat=2022-10-12, LogWriteUtil.logPathDir=/custom/metro/log
10-12 15:56:22.594 11295 11317 D LogWriteUtil.class=LogFileHandlerThread.class: 2getFilePath: filePath=/custom/metro/log/2022-10-12
10-12 15:56:22.594 11295 11317 D LogWriteUtil.class=LogFileHandlerThread.class: 1getCurrentFileName: LogWriteUtil.logfile=app.log
10-12 15:56:22.594 11295 11317 D LogWriteUtil.class=LogFileHandlerThread.class: 1getFilePath: logFormat=2022-10-12, LogWriteUtil.logPathDir=/custom/metro/log
10-12 15:56:22.594 11295 11317 D LogWriteUtil.class=LogFileHandlerThread.class: 2getFilePath: filePath=/custom/metro/log/2022-10-12
10-12 15:56:22.594 11295 11317 D LogWriteUtil.class=LogFileHandlerThread.class: getFileNameSuffix: file=/custom/metro/log/2022-10-12
10-12 15:56:22.595 11295 11317 D LogWriteUtil.class=LogFileHandlerThread.class: 2getCurrentFileName: index=3, LogWriteUtil.logfile=app.log, getFileNameSuffix=33
10-12 15:56:22.595 11295 11317 D LogWriteUtil.class=LogFileHandlerThread.class: 1getFilePath: logFormat=2022-10-12, LogWriteUtil.logPathDir=/custom/metro/log
10-12 15:56:22.595 11295 11317 D LogWriteUtil.class=LogFileHandlerThread.class: 2getFilePath: filePath=/custom/metro/log/2022-10-12
10-12 15:56:22.595 11295 11317 D LogWriteUtil.class=LogFileHandlerThread.class: getFileNameSuffix: file=/custom/metro/log/2022-10-12
10-12 15:56:22.596 11295 11317 D LogWriteUtil.class=LogFileHandlerThread.class: 3getCurrentFileName: logFileName=app33.log
10-12 15:56:22.596 11295 11317 D LogWriteUtil.class=LogFileHandlerThread.class: 1getCurrentFileName: LogWriteUtil.logfile=app.log
10-12 15:56:22.596 11295 11295 D LLongevityService: updateNtpTime: result1=kotlin.Unit
10-12 15:56:22.596 11295 11317 D LogWriteUtil.class=LogFileHandlerThread.class: 1getFilePath: logFormat=2022-10-12, LogWriteUtil.logPathDir=/custom/metro/log
10-12 15:56:22.596 11295 11317 D LogWriteUtil.class=LogFileHandlerThread.class: 2getFilePath: filePath=/custom/metro/log/2022-10-12
10-12 15:56:22.597 11295 11317 D LogWriteUtil.class=LogFileHandlerThread.class: getFileNameSuffix: file=/custom/metro/log/2022-10-12
10-12 15:56:22.597 11295 11317 D LogWriteUtil.class=LogFileHandlerThread.class: 2getCurrentFileName: index=3, LogWriteUtil.logfile=app.log, getFileNameSuffix=33
10-12 15:56:22.597 11295 11317 D LogWriteUtil.class=LogFileHandlerThread.class: 1getFilePath: logFormat=2022-10-12, LogWriteUtil.logPathDir=/custom/metro/log
10-12 15:56:22.597 11295 11317 D LogWriteUtil.class=LogFileHandlerThread.class: 2getFilePath: filePath=/custom/metro/log/2022-10-12
10-12 15:56:22.598 11295 11317 D LogWriteUtil.class=LogFileHandlerThread.class: getFileNameSuffix: file=/custom/metro/log/2022-10-12
10-12 15:56:22.598 11295 11317 D LogWriteUtil.class=LogFileHandlerThread.class: 3getCurrentFileName: logFileName=app33.log
10-12 15:56:22.598 11295 11317 D TAG     : 2,initFile: /custom/metro/log/2022-10-12/app33.log, logFile.length=0, getCurrentFileName()=app33.log, writeFileName=/custom/metro/log/2022-10-12/app321665561219591.log
10-12 15:56:22.598 11295 11317 D LogWriteUtil.class=LogFileHandlerThread.class: 8,initFile: logFile=/custom/metro/log/2022-10-12/app33.log, logFile.length=0
10-12 15:56:22.614 11295 11295 D IndexFragment: initView: applyFxData() - ats=[StationAts(createTime=1665561382, trainGroupNumber=211, serviceNumber=000, trainCrewNumber=000, trainPosition=1, trainRunningPosition=1, railName=T1306, stationID=013, terminalStationID=000, destinationID=000, identityID=+866022013), StationAts(createTime=1665561382, trainGroupNumber=202, serviceNumber=000, trainCrewNumber=000, trainPosition=1, trainRunningPosition=2, railName=T1303, stationID=013, terminalStationID=000, destinationID=000, identityID=+866022013), StationAts(createTime=1665561382, trainGroupNumber=299, serviceNumber=801, trainCrewNumber=000, trainPosition=1, trainRunningPosition=2, railName=T1301, stationID=013, terminalStationID=000, destinationID=000, identityID=+866022013)]
10-12 15:56:22.647 11295 11353 I LTERILJ : XXX set ScanInfo success
10-12 15:56:22.647 11295 11353 D LTERILJ : [UNSL]< RIL_UNSOL_NOTIFY_PTT_SCAN_INFO_RSP
10-12 15:56:22.648 11295 11354 D LTEGroupManager: LteGroupTracker handleMessage: GROUPMANAGER_RESP_UPDATE_SCAN_RSP
10-12 15:56:22.648 11295 11354 D GroupStatusSetScan: handleUpdateScan result is 0
10-12 15:56:22.648 11295 11354 D LTEGroupManager: switch group status GroupStatusSetScan -----> GroupStatusNormal
10-12 15:56:22.648 11295 11354 D GroupStatusSetScan: handleUpdateScan in:cause:2,count:1,+866027313  out:cause:2,count:1,+866027313 
10-12 15:56:22.649 11295 11354 D GroupStatusSetScan: handleUpdateScan in equals out, set scaninfo done.
10-12 15:56:22.686 11295 11353 I rilj    : EMCI Detial(CellId--->Tav): 5889,255,2,"46009",255,65535,59,65535,255,255,58,26,16,255,1202590897205,0,0,0,0,0,0,0,0
10-12 15:56:22.686 11295 11353 D LTERILJ : [UNSL]< RIL_UNSOL_NOTIFY_EMCI_DETAIL
10-12 15:56:22.687 11295 11350 D LTEPhone: EVENT_FOR_EMCI_DETAIL
10-12 15:56:22.687 11295 11350 D LTEServiceTracker: setCellId cellId:5889,"46009"
10-12 15:56:22.688 11295 11295 I APP_LogUtils.kt: [(LogUtils.kt:50).i()] [com.gbcom.library_base.service.LLteService] lte_resp_sys_for_emci_detail - EmciDetail=com.ztegota.system.common.EmciDetail@ac7da10
10-12 15:56:22.689 11295 11317 D LogWriteUtil.class=LogFileHandlerThread.class: 1getFilePath: logFormat=2022-10-12, LogWriteUtil.logPathDir=/custom/metro/log
10-12 15:56:22.689 11295 11317 D LogWriteUtil.class=LogFileHandlerThread.class: 2getFilePath: filePath=/custom/metro/log/2022-10-12
10-12 15:56:22.689 11295 11317 D LogWriteUtil.class=LogFileHandlerThread.class: 1getCurrentFileName: LogWriteUtil.logfile=app.log
10-12 15:56:22.690 11295 11317 D LogWriteUtil.class=LogFileHandlerThread.class: 1getFilePath: logFormat=2022-10-12, LogWriteUtil.logPathDir=/custom/metro/log
10-12 15:56:22.690 11295 11317 D LogWriteUtil.class=LogFileHandlerThread.class: 2getFilePath: filePath=/custom/metro/log/2022-10-12
10-12 15:56:22.690 11295 11317 D LogWriteUtil.class=LogFileHandlerThread.class: getFileNameSuffix: file=/custom/metro/log/2022-10-12
10-12 15:56:22.691 11295 11317 D LogWriteUtil.class=LogFileHandlerThread.class: 2getCurrentFileName: index=3, LogWriteUtil.logfile=app.log, getFileNameSuffix=33
10-12 15:56:22.691 11295 11317 D LogWriteUtil.class=LogFileHandlerThread.class: 1getFilePath: logFormat=2022-10-12, LogWriteUtil.logPathDir=/custom/metro/log
10-12 15:56:22.691 11295 11317 D LogWriteUtil.class=LogFileHandlerThread.class: 2getFilePath: filePath=/custom/metro/log/2022-10-12
10-12 15:56:22.691 11295 11317 D LogWriteUtil.class=LogFileHandlerThread.class: getFileNameSuffix: file=/custom/metro/log/2022-10-12
10-12 15:56:22.692 11295 11317 D LogWriteUtil.class=LogFileHandlerThread.class: 3getCurrentFileName: logFileName=app33.log
10-12 15:56:22.692 11295 11317 D LogWriteUtil.class=LogFileHandlerThread.class: 1,initFile: getFilePath()=/custom/metro/log/2022-10-12, getCurrentFileName=app33.log
10-12 15:56:22.693 11295 11317 D LogWriteUtil.class=LogFileHandlerThread.class: 1getFilePath: logFormat=2022-10-12, LogWriteUtil.logPathDir=/custom/metro/log
10-12 15:56:22.693 11295 11317 D LogWriteUtil.class=LogFileHandlerThread.class: 2getFilePath: filePath=/custom/metro/log/2022-10-12
10-12 15:56:22.693 11295 11317 D LogWriteUtil.class=LogFileHandlerThread.class: 1getCurrentFileName: LogWriteUtil.logfile=app.log
10-12 15:56:22.694 11295 11317 D LogWriteUtil.class=LogFileHandlerThread.class: 1getFilePath: logFormat=2022-10-12, LogWriteUtil.logPathDir=/custom/metro/log
10-12 15:56:22.694 11295 11317 D LogWriteUtil.class=LogFileHandlerThread.class: 2getFilePath: filePath=/custom/metro/log/2022-10-12
10-12 15:56:22.694 11295 11317 D LogWriteUtil.class=LogFileHandlerThread.class: getFileNameSuffix: file=/custom/metro/log/2022-10-12
10-12 15:56:22.694 11295 11317 D LogWriteUtil.class=LogFileHandlerThread.class: 2getCurrentFileName: index=3, LogWriteUtil.logfile=app.log, getFileNameSuffix=33
10-12 15:56:22.695 11295 11317 D LogWriteUtil.class=LogFileHandlerThread.class: 1getFilePath: logFormat=2022-10-12, LogWriteUtil.logPathDir=/custom/metro/log
10-12 15:56:22.695 11295 11317 D LogWriteUtil.class=LogFileHandlerThread.class: 2getFilePath: filePath=/custom/metro/log/2022-10-12
10-12 15:56:22.695 11295 11317 D LogWriteUtil.class=LogFileHandlerThread.class: getFileNameSuffix: file=/custom/metro/log/2022-10-12
10-12 15:56:22.696 11295 11317 D LogWriteUtil.class=LogFileHandlerThread.class: 3getCurrentFileName: logFileName=app33.log
10-12 15:56:22.696 11295 11317 D LogWriteUtil.class=LogFileHandlerThread.class: 1getCurrentFileName: LogWriteUtil.logfile=app.log
10-12 15:56:22.697 11295 11317 D LogWriteUtil.class=LogFileHandlerThread.class: 1getFilePath: logFormat=2022-10-12, LogWriteUtil.logPathDir=/custom/metro/log
10-12 15:56:22.697 11295 11317 D LogWriteUtil.class=LogFileHandlerThread.class: 2getFilePath: filePath=/custom/metro/log/2022-10-12
10-12 15:56:22.697 11295 11317 D LogWriteUtil.class=LogFileHandlerThread.class: getFileNameSuffix: file=/custom/metro/log/2022-10-12
10-12 15:56:22.698 11295 11317 D LogWriteUtil.class=LogFileHandlerThread.class: 2getCurrentFileName: index=3, LogWriteUtil.logfile=app.log, getFileNameSuffix=33
10-12 15:56:22.698 11295 11317 D LogWriteUtil.class=LogFileHandlerThread.class: 1getFilePath: logFormat=2022-10-12, LogWriteUtil.logPathDir=/custom/metro/log
10-12 15:56:22.698 11295 11317 D LogWriteUtil.class=LogFileHandlerThread.class: 2getFilePath: filePath=/custom/metro/log/2022-10-12
10-12 15:56:22.698 11295 11317 D LogWriteUtil.class=LogFileHandlerThread.class: getFileNameSuffix: file=/custom/metro/log/2022-10-12
10-12 15:56:22.699 11295 11317 D LogWriteUtil.class=LogFileHandlerThread.class: 3getCurrentFileName: logFileName=app33.log
10-12 15:56:22.699 11295 11317 D TAG     : 2,initFile: /custom/metro/log/2022-10-12/app33.log, logFile.length=0, getCurrentFileName()=app33.log, writeFileName=/custom/metro/log/2022-10-12/app321665561219591.log
10-12 15:56:22.699 11295 11317 D LogWriteUtil.class=LogFileHandlerThread.class: 8,initFile: logFile=/custom/metro/log/2022-10-12/app33.log, logFile.length=0
10-12 15:56:22.709 11295 11372 D MainViewModel: getSystemTime_currentThreadID2: 227
10-12 15:56:22.754 11295 11372 D TAG     : getSystemTime_currentThreadID3s: 227, isActive=true
10-12 15:56:22.950 11295 11295 D SystemFragment: onClickview: 2131230883
10-12 15:56:22.952   613  3732 I AudioPolicyManagerCustom: FLAG None hence request for a primary output
10-12 15:56:22.953   613  1691 I AudioPolicyManagerCustom: FLAG None hence request for a primary output
10-12 15:56:22.959 11295 11295 D GroupHelper: getGroupByNumber : group nuber is +866027313
10-12 15:56:22.963 11295 11295 V GroupHelper: getGroupByNumber result cursor: android.content.ContentResolver$CursorWrapperInner@f38873c
10-12 15:56:23.169 11295 11295 D SystemFragment: onClickview: 2131230883
10-12 15:56:23.170   613  6603 I AudioPolicyManagerCustom: FLAG None hence request for a primary output
10-12 15:56:23.173   613  1692 I AudioPolicyManagerCustom: FLAG None hence request for a primary output
10-12 15:56:23.181 11295 11295 D GroupHelper: getGroupByNumber : group nuber is +866027313
10-12 15:56:23.184 11295 11295 V GroupHelper: getGroupByNumber result cursor: android.content.ContentResolver$CursorWrapperInner@f5da61a
10-12 15:56:23.212 11295 11372 D MainViewModel: getSystemTime_currentThreadID2: 227
10-12 15:56:23.261 11295 11486 D TAG     : getSystemTime_currentThreadID3s: 256, isActive=true
10-12 15:56:23.348 11295 11295 D SystemFragment: onClickview: 2131230883
10-12 15:56:23.349   613  1691 I AudioPolicyManagerCustom: FLAG None hence request for a primary output
10-12 15:56:23.351   613  3734 I AudioPolicyManagerCustom: FLAG None hence request for a primary output
10-12 15:56:23.355 11295 11295 D GroupHelper: getGroupByNumber : group nuber is +866027313
10-12 15:56:23.359 11295 11295 V GroupHelper: getGroupByNumber result cursor: android.content.ContentResolver$CursorWrapperInner@1a009e6
10-12 15:56:23.540 11295 11295 D SystemFragment: onClickview: 2131230883
10-12 15:56:23.542   613  1692 I AudioPolicyManagerCustom: FLAG None hence request for a primary output
10-12 15:56:23.543   613   613 I AudioPolicyManagerCustom: FLAG None hence request for a primary output
10-12 15:56:23.552 11295 11295 D GroupHelper: getGroupByNumber : group nuber is +866027313
10-12 15:56:23.555 11295 11295 V GroupHelper: getGroupByNumber result cursor: android.content.ContentResolver$CursorWrapperInner@40081d4
10-12 15:56:23.684 11295 11353 I rilj    : EMCI Detial(CellId--->Tav): 5889,255,2,"46009",255,65535,59,65535,255,255,58,28,16,255,1202590897205,0,0,0,0,0,0,0,0
10-12 15:56:23.684 11295 11353 D LTERILJ : [UNSL]< RIL_UNSOL_NOTIFY_EMCI_DETAIL
10-12 15:56:23.685 11295 11350 D LTEPhone: EVENT_FOR_EMCI_DETAIL
10-12 15:56:23.685 11295 11350 D LTEServiceTracker: setCellId cellId:5889,"46009"
10-12 15:56:23.687 11295 11295 I APP_LogUtils.kt: [(LogUtils.kt:50).i()] [com.gbcom.library_base.service.LLteService] lte_resp_sys_for_emci_detail - EmciDetail=com.ztegota.system.common.EmciDetail@9be0f7d
10-12 15:56:23.689 11295 11317 D LogWriteUtil.class=LogFileHandlerThread.class: 1getFilePath: logFormat=2022-10-12, LogWriteUtil.logPathDir=/custom/metro/log
10-12 15:56:23.689 11295 11317 D LogWriteUtil.class=LogFileHandlerThread.class: 2getFilePath: filePath=/custom/metro/log/2022-10-12
10-12 15:56:23.689 11295 11317 D LogWriteUtil.class=LogFileHandlerThread.class: 1getCurrentFileName: LogWriteUtil.logfile=app.log
10-12 15:56:23.690 11295 11317 D LogWriteUtil.class=LogFileHandlerThread.class: 1getFilePath: logFormat=2022-10-12, LogWriteUtil.logPathDir=/custom/metro/log
10-12 15:56:23.691 11295 11317 D LogWriteUtil.class=LogFileHandlerThread.class: 2getFilePath: filePath=/custom/metro/log/2022-10-12
10-12 15:56:23.691 11295 11317 D LogWriteUtil.class=LogFileHandlerThread.class: getFileNameSuffix: file=/custom/metro/log/2022-10-12
10-12 15:56:23.691 11295 11317 D LogWriteUtil.class=LogFileHandlerThread.class: 2getCurrentFileName: index=3, LogWriteUtil.logfile=app.log, getFileNameSuffix=33
10-12 15:56:23.693 11295 11317 D LogWriteUtil.class=LogFileHandlerThread.class: 1getFilePath: logFormat=2022-10-12, LogWriteUtil.logPathDir=/custom/metro/log
10-12 15:56:23.693 11295 11317 D LogWriteUtil.class=LogFileHandlerThread.class: 2getFilePath: filePath=/custom/metro/log/2022-10-12
10-12 15:56:23.695 11295 11317 D LogWriteUtil.class=LogFileHandlerThread.class: getFileNameSuffix: file=/custom/metro/log/2022-10-12
10-12 15:56:23.698 11295 11317 D LogWriteUtil.class=LogFileHandlerThread.class: 3getCurrentFileName: logFileName=app33.log
10-12 15:56:23.698 11295 11317 D LogWriteUtil.class=LogFileHandlerThread.class: 1,initFile: getFilePath()=/custom/metro/log/2022-10-12, getCurrentFileName=app33.log
10-12 15:56:23.699 11295 11317 D LogWriteUtil.class=LogFileHandlerThread.class: 1getFilePath: logFormat=2022-10-12, LogWriteUtil.logPathDir=/custom/metro/log
10-12 15:56:23.699 11295 11317 D LogWriteUtil.class=LogFileHandlerThread.class: 2getFilePath: filePath=/custom/metro/log/2022-10-12
10-12 15:56:23.700 11295 11317 D LogWriteUtil.class=LogFileHandlerThread.class: 1getCurrentFileName: LogWriteUtil.logfile=app.log
10-12 15:56:23.701 11295 11317 D LogWriteUtil.class=LogFileHandlerThread.class: 1getFilePath: logFormat=2022-10-12, LogWriteUtil.logPathDir=/custom/metro/log
10-12 15:56:23.702 11295 11317 D LogWriteUtil.class=LogFileHandlerThread.class: 2getFilePath: filePath=/custom/metro/log/2022-10-12
10-12 15:56:23.702 11295 11317 D LogWriteUtil.class=LogFileHandlerThread.class: getFileNameSuffix: file=/custom/metro/log/2022-10-12
10-12 15:56:23.703 11295 11317 D LogWriteUtil.class=LogFileHandlerThread.class: 2getCurrentFileName: index=3, LogWriteUtil.logfile=app.log, getFileNameSuffix=33
10-12 15:56:23.705 11295 11317 D LogWriteUtil.class=LogFileHandlerThread.class: 1getFilePath: logFormat=2022-10-12, LogWriteUtil.logPathDir=/custom/metro/log
10-12 15:56:23.705 11295 11317 D LogWriteUtil.class=LogFileHandlerThread.class: 2getFilePath: filePath=/custom/metro/log/2022-10-12
10-12 15:56:23.706 11295 11317 D LogWriteUtil.class=LogFileHandlerThread.class: getFileNameSuffix: file=/custom/metro/log/2022-10-12
10-12 15:56:23.706 11295 11317 D LogWriteUtil.class=LogFileHandlerThread.class: 3getCurrentFileName: logFileName=app33.log
10-12 15:56:23.707 11295 11317 D LogWriteUtil.class=LogFileHandlerThread.class: 1getCurrentFileName: LogWriteUtil.logfile=app.log
10-12 15:56:23.707 11295 11317 D LogWriteUtil.class=LogFileHandlerThread.class: 1getFilePath: logFormat=2022-10-12, LogWriteUtil.logPathDir=/custom/metro/log
10-12 15:56:23.708 11295 11317 D LogWriteUtil.class=LogFileHandlerThread.class: 2getFilePath: filePath=/custom/metro/log/2022-10-12
10-12 15:56:23.708 11295 11317 D LogWriteUtil.class=LogFileHandlerThread.class: getFileNameSuffix: file=/custom/metro/log/2022-10-12
10-12 15:56:23.708 11295 11317 D LogWriteUtil.class=LogFileHandlerThread.class: 2getCurrentFileName: index=3, LogWriteUtil.logfile=app.log, getFileNameSuffix=33
10-12 15:56:23.710 11295 11317 D LogWriteUtil.class=LogFileHandlerThread.class: 1getFilePath: logFormat=2022-10-12, LogWriteUtil.logPathDir=/custom/metro/log
10-12 15:56:23.711 11295 11317 D LogWriteUtil.class=LogFileHandlerThread.class: 2getFilePath: filePath=/custom/metro/log/2022-10-12
10-12 15:56:23.711 11295 11317 D LogWriteUtil.class=LogFileHandlerThread.class: getFileNameSuffix: file=/custom/metro/log/2022-10-12
10-12 15:56:23.712 11295 11317 D LogWriteUtil.class=LogFileHandlerThread.class: 3getCurrentFileName: logFileName=app33.log
10-12 15:56:23.712 11295 11317 D TAG     : 2,initFile: /custom/metro/log/2022-10-12/app33.log, logFile.length=0, getCurrentFileName()=app33.log, writeFileName=/custom/metro/log/2022-10-12/app321665561219591.log
10-12 15:56:23.714 11295 11486 D MainViewModel: getSystemTime_currentThreadID2: 256
10-12 15:56:23.716 11295 11317 D LogWriteUtil.class=LogFileHandlerThread.class: 8,initFile: logFile=/custom/metro/log/2022-10-12/app33.log, logFile.length=0
10-12 15:56:23.765 11295 11372 D TAG     : getSystemTime_currentThreadID3s: 227, isActive=true
10-12 15:56:24.216 11295 11372 D MainViewModel: getSystemTime_currentThreadID2: 227
10-12 15:56:24.269 11295 11372 D TAG     : getSystemTime_currentThreadID3s: 227, isActive=true
10-12 15:56:24.646   775   775 I MSM-irqbalance: Decided to move IRQ3 from CPU1 [P:0] to CPU6 [P:1] (banned)
10-12 15:56:24.648   775   775 I MSM-irqbalance: Decided to move IRQ5 from CPU1 [P:0] to CPU4 [P:1] (banned)
10-12 15:56:24.650   775   775 I MSM-irqbalance: Decided to move IRQ5 from CPU2 [P:0] to CPU7 [P:1] (banned)
10-12 15:56:24.651   775   775 I MSM-irqbalance: Decided to move IRQ3 from CPU3 [P:0] to CPU5 [P:1] (banned)
10-12 15:56:24.653   775   775 I MSM-irqbalance: Decided to move IRQ5 from CPU3 [P:0] to CPU6 [P:1] (banned)
10-12 15:56:24.654   775   775 I MSM-irqbalance: Decided to move IRQ5 from CPU0 [P:0] to CPU4 [P:1] (banned)
10-12 15:56:24.657   775   775 I MSM-irqbalance: Decided to move IRQ3 from CPU0 [P:0] to CPU7 [P:1] (banned)
10-12 15:56:24.673 11295 11390 D UdpDcRepository: api send - Thread ID=239, obj={"MsgName":"GetStationATSReq","MsgSeqID":110,"AppID":"172.2.200.13","MsgInfo":{}}
10-12 15:56:24.677 11295 11390 I APP_LogUtils.kt: [(LogUtils.kt:50).i()] [UdpDisServices] start: send(String) - thread ID=239, send msg={"MsgName":"GetStationATSReq","MsgSeqID":110,"AppID":"172.2.200.13","MsgInfo":{}}
10-12 15:56:24.679 11295 11317 D LogWriteUtil.class=LogFileHandlerThread.class: 1getFilePath: logFormat=2022-10-12, LogWriteUtil.logPathDir=/custom/metro/log
10-12 15:56:24.679 11295 11317 D LogWriteUtil.class=LogFileHandlerThread.class: 2getFilePath: filePath=/custom/metro/log/2022-10-12
10-12 15:56:24.679 11295 11317 D LogWriteUtil.class=LogFileHandlerThread.class: 1getCurrentFileName: LogWriteUtil.logfile=app.log
10-12 15:56:24.680 11295 11317 D LogWriteUtil.class=LogFileHandlerThread.class: 1getFilePath: logFormat=2022-10-12, LogWriteUtil.logPathDir=/custom/metro/log
10-12 15:56:24.680 11295 11317 D LogWriteUtil.class=LogFileHandlerThread.class: 2getFilePath: filePath=/custom/metro/log/2022-10-12
10-12 15:56:24.681 11295 11317 D LogWriteUtil.class=LogFileHandlerThread.class: getFileNameSuffix: file=/custom/metro/log/2022-10-12
10-12 15:56:24.682 11295 11353 I rilj    : EMCI Detial(CellId--->Tav): 5889,255,2,"46009",255,65535,59,65535,255,255,57,27,16,255,1202590897205,0,0,0,0,0,0,0,0
10-12 15:56:24.682 11295 11317 D LogWriteUtil.class=LogFileHandlerThread.class: 2getCurrentFileName: index=3, LogWriteUtil.logfile=app.log, getFileNameSuffix=33
10-12 15:56:24.682 11295 11353 D LTERILJ : [UNSL]< RIL_UNSOL_NOTIFY_EMCI_DETAIL
10-12 15:56:24.682 11295 11350 D LTEPhone: EVENT_FOR_EMCI_DETAIL
10-12 15:56:24.683 11295 11350 D LTEServiceTracker: setCellId cellId:5889,"46009"
10-12 15:56:24.683 11295 11317 D LogWriteUtil.class=LogFileHandlerThread.class: 1getFilePath: logFormat=2022-10-12, LogWriteUtil.logPathDir=/custom/metro/log
10-12 15:56:24.683 11295 11317 D LogWriteUtil.class=LogFileHandlerThread.class: 2getFilePath: filePath=/custom/metro/log/2022-10-12
10-12 15:56:24.683 11295 11317 D LogWriteUtil.class=LogFileHandlerThread.class: getFileNameSuffix: file=/custom/metro/log/2022-10-12
10-12 15:56:24.684 11295 11317 D LogWriteUtil.class=LogFileHandlerThread.class: 3getCurrentFileName: logFileName=app33.log
10-12 15:56:24.684 11295 11295 I APP_LogUtils.kt: [(LogUtils.kt:50).i()] [com.gbcom.library_base.service.LLteService] lte_resp_sys_for_emci_detail - EmciDetail=com.ztegota.system.common.EmciDetail@ec6fbe
10-12 15:56:24.684 11295 11317 D LogWriteUtil.class=LogFileHandlerThread.class: 1,initFile: getFilePath()=/custom/metro/log/2022-10-12, getCurrentFileName=app33.log
10-12 15:56:24.685 11295 11390 D UdpDcRepository: api send - Thread ID=239, obj={"MsgName":"AppHeartbeat","MsgSeqID":111,"AppID":"172.2.200.13","MsgInfo":{"SDKLongNumber":"+866022013"}}
10-12 15:56:24.685 11295 11317 D LogWriteUtil.class=LogFileHandlerThread.class: 1getFilePath: logFormat=2022-10-12, LogWriteUtil.logPathDir=/custom/metro/log
10-12 15:56:24.685 11295 11317 D LogWriteUtil.class=LogFileHandlerThread.class: 2getFilePath: filePath=/custom/metro/log/2022-10-12
10-12 15:56:24.685 11295 11317 D LogWriteUtil.class=LogFileHandlerThread.class: 1getCurrentFileName: LogWriteUtil.logfile=app.log
10-12 15:56:24.686 11295 11317 D LogWriteUtil.class=LogFileHandlerThread.class: 1getFilePath: logFormat=2022-10-12, LogWriteUtil.logPathDir=/custom/metro/log
10-12 15:56:24.686 11295 11317 D LogWriteUtil.class=LogFileHandlerThread.class: 2getFilePath: filePath=/custom/metro/log/2022-10-12
10-12 15:56:24.687 11295 11317 D LogWriteUtil.class=LogFileHandlerThread.class: getFileNameSuffix: file=/custom/metro/log/2022-10-12
10-12 15:56:24.687 11295 11317 D LogWriteUtil.class=LogFileHandlerThread.class: 2getCurrentFileName: index=3, LogWriteUtil.logfile=app.log, getFileNameSuffix=33
10-12 15:56:24.688 11295 11317 D LogWriteUtil.class=LogFileHandlerThread.class: 1getFilePath: logFormat=2022-10-12, LogWriteUtil.logPathDir=/custom/metro/log
10-12 15:56:24.688 11295 11390 I APP_LogUtils.kt: [(LogUtils.kt:50).i()] [UdpDisServices] start: send(String) - thread ID=239, send msg={"MsgName":"AppHeartbeat","MsgSeqID":111,"AppID":"172.2.200.13","MsgInfo":{"SDKLongNumber":"+866022013"}}
10-12 15:56:24.688 11295 11317 D LogWriteUtil.class=LogFileHandlerThread.class: 2getFilePath: filePath=/custom/metro/log/2022-10-12
10-12 15:56:24.689 11295 11317 D LogWriteUtil.class=LogFileHandlerThread.class: getFileNameSuffix: file=/custom/metro/log/2022-10-12
10-12 15:56:24.689 11295 11317 D LogWriteUtil.class=LogFileHandlerThread.class: 3getCurrentFileName: logFileName=app33.log
10-12 15:56:24.689 11295 11317 D LogWriteUtil.class=LogFileHandlerThread.class: 1getCurrentFileName: LogWriteUtil.logfile=app.log
10-12 15:56:24.690 11295 11317 D LogWriteUtil.class=LogFileHandlerThread.class: 1getFilePath: logFormat=2022-10-12, LogWriteUtil.logPathDir=/custom/metro/log
10-12 15:56:24.690 11295 11317 D LogWriteUtil.class=LogFileHandlerThread.class: 2getFilePath: filePath=/custom/metro/log/2022-10-12
10-12 15:56:24.691 11295 11317 D LogWriteUtil.class=LogFileHandlerThread.class: getFileNameSuffix: file=/custom/metro/log/2022-10-12
10-12 15:56:24.691 11295 11317 D LogWriteUtil.class=LogFileHandlerThread.class: 2getCurrentFileName: index=3, LogWriteUtil.logfile=app.log, getFileNameSuffix=33
10-12 15:56:24.692 11295 11317 D LogWriteUtil.class=LogFileHandlerThread.class: 1getFilePath: logFormat=2022-10-12, LogWriteUtil.logPathDir=/custom/metro/log
10-12 15:56:24.692 11295 11317 D LogWriteUtil.class=LogFileHandlerThread.class: 2getFilePath: filePath=/custom/metro/log/2022-10-12
10-12 15:56:24.692 11295 11317 D LogWriteUtil.class=LogFileHandlerThread.class: getFileNameSuffix: file=/custom/metro/log/2022-10-12
10-12 15:56:24.693 11295 11317 D LogWriteUtil.class=LogFileHandlerThread.class: 3getCurrentFileName: logFileName=app33.log
10-12 15:56:24.693 11295 11317 D TAG     : 2,initFile: /custom/metro/log/2022-10-12/app33.log, logFile.length=0, getCurrentFileName()=app33.log, writeFileName=/custom/metro/log/2022-10-12/app321665561219591.log
10-12 15:56:24.693 11295 11317 D LogWriteUtil.class=LogFileHandlerThread.class: 8,initFile: logFile=/custom/metro/log/2022-10-12/app33.log, logFile.length=0
10-12 15:56:24.695 11295 11317 D LogWriteUtil.class=LogFileHandlerThread.class: 1getFilePath: logFormat=2022-10-12, LogWriteUtil.logPathDir=/custom/metro/log
10-12 15:56:24.695 11295 11317 D LogWriteUtil.class=LogFileHandlerThread.class: 2getFilePath: filePath=/custom/metro/log/2022-10-12
10-12 15:56:24.695 11295 11317 D LogWriteUtil.class=LogFileHandlerThread.class: 1getCurrentFileName: LogWriteUtil.logfile=app.log
10-12 15:56:24.696 11295 11317 D LogWriteUtil.class=LogFileHandlerThread.class: 1getFilePath: logFormat=2022-10-12, LogWriteUtil.logPathDir=/custom/metro/log
10-12 15:56:24.696 11295 11317 D LogWriteUtil.class=LogFileHandlerThread.class: 2getFilePath: filePath=/custom/metro/log/2022-10-12
10-12 15:56:24.696 11295 11317 D LogWriteUtil.class=LogFileHandlerThread.class: getFileNameSuffix: file=/custom/metro/log/2022-10-12
10-12 15:56:24.697 11295 11317 D LogWriteUtil.class=LogFileHandlerThread.class: 2getCurrentFileName: index=3, LogWriteUtil.logfile=app.log, getFileNameSuffix=33
10-12 15:56:24.698 11295 11317 D LogWriteUtil.class=LogFileHandlerThread.class: 1getFilePath: logFormat=2022-10-12, LogWriteUtil.logPathDir=/custom/metro/log
10-12 15:56:24.698 11295 11317 D LogWriteUtil.class=LogFileHandlerThread.class: 2getFilePath: filePath=/custom/metro/log/2022-10-12
10-12 15:56:24.698 11295 11317 D LogWriteUtil.class=LogFileHandlerThread.class: getFileNameSuffix: file=/custom/metro/log/2022-10-12
10-12 15:56:24.699 11295 11317 D LogWriteUtil.class=LogFileHandlerThread.class: 3getCurrentFileName: logFileName=app33.log
10-12 15:56:24.699 11295 11317 D LogWriteUtil.class=LogFileHandlerThread.class: 1,initFile: getFilePath()=/custom/metro/log/2022-10-12, getCurrentFileName=app33.log
10-12 15:56:24.700 11295 11317 D LogWriteUtil.class=LogFileHandlerThread.class: 1getFilePath: logFormat=2022-10-12, LogWriteUtil.logPathDir=/custom/metro/log
10-12 15:56:24.700 11295 11317 D LogWriteUtil.class=LogFileHandlerThread.class: 2getFilePath: filePath=/custom/metro/log/2022-10-12
10-12 15:56:24.700 11295 11317 D LogWriteUtil.class=LogFileHandlerThread.class: 1getCurrentFileName: LogWriteUtil.logfile=app.log
10-12 15:56:24.700 11295 11317 D LogWriteUtil.class=LogFileHandlerThread.class: 1getFilePath: logFormat=2022-10-12, LogWriteUtil.logPathDir=/custom/metro/log
10-12 15:56:24.701 11295 11317 D LogWriteUtil.class=LogFileHandlerThread.class: 2getFilePath: filePath=/custom/metro/log/2022-10-12
10-12 15:56:24.701 11295 11317 D LogWriteUtil.class=LogFileHandlerThread.class: getFileNameSuffix: file=/custom/metro/log/2022-10-12
10-12 15:56:24.701 11295 11317 D LogWriteUtil.class=LogFileHandlerThread.class: 2getCurrentFileName: index=3, LogWriteUtil.logfile=app.log, getFileNameSuffix=33
10-12 15:56:24.702 11295 11317 D LogWriteUtil.class=LogFileHandlerThread.class: 1getFilePath: logFormat=2022-10-12, LogWriteUtil.logPathDir=/custom/metro/log
10-12 15:56:24.702 11295 11317 D LogWriteUtil.class=LogFileHandlerThread.class: 2getFilePath: filePath=/custom/metro/log/2022-10-12
10-12 15:56:24.702 11295 11317 D LogWriteUtil.class=LogFileHandlerThread.class: getFileNameSuffix: file=/custom/metro/log/2022-10-12
10-12 15:56:24.703 11295 11317 D LogWriteUtil.class=LogFileHandlerThread.class: 3getCurrentFileName: logFileName=app33.log
10-12 15:56:24.703 11295 11317 D LogWriteUtil.class=LogFileHandlerThread.class: 1getCurrentFileName: LogWriteUtil.logfile=app.log
10-12 15:56:24.704 11295 11317 D LogWriteUtil.class=LogFileHandlerThread.class: 1getFilePath: logFormat=2022-10-12, LogWriteUtil.logPathDir=/custom/metro/log
10-12 15:56:24.704 11295 11317 D LogWriteUtil.class=LogFileHandlerThread.class: 2getFilePath: filePath=/custom/metro/log/2022-10-12
10-12 15:56:24.704 11295 11317 D LogWriteUtil.class=LogFileHandlerThread.class: getFileNameSuffix: file=/custom/metro/log/2022-10-12
10-12 15:56:24.705 11295 11317 D LogWriteUtil.class=LogFileHandlerThread.class: 2getCurrentFileName: index=3, LogWriteUtil.logfile=app.log, getFileNameSuffix=33
10-12 15:56:24.706 11295 11317 D LogWriteUtil.class=LogFileHandlerThread.class: 1getFilePath: logFormat=2022-10-12, LogWriteUtil.logPathDir=/custom/metro/log
10-12 15:56:24.706 11295 11317 D LogWriteUtil.class=LogFileHandlerThread.class: 2getFilePath: filePath=/custom/metro/log/2022-10-12
10-12 15:56:24.706 11295 11317 D LogWriteUtil.class=LogFileHandlerThread.class: getFileNameSuffix: file=/custom/metro/log/2022-10-12
10-12 15:56:24.707 11295 11317 D LogWriteUtil.class=LogFileHandlerThread.class: 3getCurrentFileName: logFileName=app33.log
10-12 15:56:24.707 11295 11317 D TAG     : 2,initFile: /custom/metro/log/2022-10-12/app33.log, logFile.length=0, getCurrentFileName()=app33.log, writeFileName=/custom/metro/log/2022-10-12/app321665561219591.log
10-12 15:56:24.707 11295 11317 D LogWriteUtil.class=LogFileHandlerThread.class: 8,initFile: logFile=/custom/metro/log/2022-10-12/app33.log, logFile.length=0
10-12 15:56:24.708 11295 11317 D LogWriteUtil.class=LogFileHandlerThread.class: 1getFilePath: logFormat=2022-10-12, LogWriteUtil.logPathDir=/custom/metro/log
10-12 15:56:24.709 11295 11317 D LogWriteUtil.class=LogFileHandlerThread.class: 2getFilePath: filePath=/custom/metro/log/2022-10-12
10-12 15:56:24.709 11295 11317 D LogWriteUtil.class=LogFileHandlerThread.class: 1getCurrentFileName: LogWriteUtil.logfile=app.log
10-12 15:56:24.709 11295 11317 D LogWriteUtil.class=LogFileHandlerThread.class: 1getFilePath: logFormat=2022-10-12, LogWriteUtil.logPathDir=/custom/metro/log
10-12 15:56:24.710 11295 11317 D LogWriteUtil.class=LogFileHandlerThread.class: 2getFilePath: filePath=/custom/metro/log/2022-10-12
10-12 15:56:24.710 11295 11317 D LogWriteUtil.class=LogFileHandlerThread.class: getFileNameSuffix: file=/custom/metro/log/2022-10-12
10-12 15:56:24.710 11295 11317 D LogWriteUtil.class=LogFileHandlerThread.class: 2getCurrentFileName: index=3, LogWriteUtil.logfile=app.log, getFileNameSuffix=33
10-12 15:56:24.711 11295 11317 D LogWriteUtil.class=LogFileHandlerThread.class: 1getFilePath: logFormat=2022-10-12, LogWriteUtil.logPathDir=/custom/metro/log
10-12 15:56:24.711 11295 11317 D LogWriteUtil.class=LogFileHandlerThread.class: 2getFilePath: filePath=/custom/metro/log/2022-10-12
10-12 15:56:24.711 11295 11317 D LogWriteUtil.class=LogFileHandlerThread.class: getFileNameSuffix: file=/custom/metro/log/2022-10-12
10-12 15:56:24.712 11295 11317 D LogWriteUtil.class=LogFileHandlerThread.class: 3getCurrentFileName: logFileName=app33.log
10-12 15:56:24.712 11295 11317 D LogWriteUtil.class=LogFileHandlerThread.class: 1,initFile: getFilePath()=/custom/metro/log/2022-10-12, getCurrentFileName=app33.log
10-12 15:56:24.713 11295 11317 D LogWriteUtil.class=LogFileHandlerThread.class: 1getFilePath: logFormat=2022-10-12, LogWriteUtil.logPathDir=/custom/metro/log
10-12 15:56:24.713 11295 11317 D LogWriteUtil.class=LogFileHandlerThread.class: 2getFilePath: filePath=/custom/metro/log/2022-10-12
10-12 15:56:24.713 11295 11317 D LogWriteUtil.class=LogFileHandlerThread.class: 1getCurrentFileName: LogWriteUtil.logfile=app.log
10-12 15:56:24.714 11295 11317 D LogWriteUtil.class=LogFileHandlerThread.class: 1getFilePath: logFormat=2022-10-12, LogWriteUtil.logPathDir=/custom/metro/log
10-12 15:56:24.714 11295 11317 D LogWriteUtil.class=LogFileHandlerThread.class: 2getFilePath: filePath=/custom/metro/log/2022-10-12
10-12 15:56:24.714 11295 11317 D LogWriteUtil.class=LogFileHandlerThread.class: getFileNameSuffix: file=/custom/metro/log/2022-10-12
10-12 15:56:24.715 11295 11317 D LogWriteUtil.class=LogFileHandlerThread.class: 2getCurrentFileName: index=3, LogWriteUtil.logfile=app.log, getFileNameSuffix=33
10-12 15:56:24.716 11295 11317 D LogWriteUtil.class=LogFileHandlerThread.class: 1getFilePath: logFormat=2022-10-12, LogWriteUtil.logPathDir=/custom/metro/log
10-12 15:56:24.717 11295 11317 D LogWriteUtil.class=LogFileHandlerThread.class: 2getFilePath: filePath=/custom/metro/log/2022-10-12
10-12 15:56:24.717 11295 11317 D LogWriteUtil.class=LogFileHandlerThread.class: getFileNameSuffix: file=/custom/metro/log/2022-10-12
10-12 15:56:24.717 11295 11317 D LogWriteUtil.class=LogFileHandlerThread.class: 3getCurrentFileName: logFileName=app33.log
10-12 15:56:24.718 11295 11317 D LogWriteUtil.class=LogFileHandlerThread.class: 1getCurrentFileName: LogWriteUtil.logfile=app.log
10-12 15:56:24.718 11295 11317 D LogWriteUtil.class=LogFileHandlerThread.class: 1getFilePath: logFormat=2022-10-12, LogWriteUtil.logPathDir=/custom/metro/log
10-12 15:56:24.718 11295 11317 D LogWriteUtil.class=LogFileHandlerThread.class: 2getFilePath: filePath=/custom/metro/log/2022-10-12
10-12 15:56:24.718 11295 11317 D LogWriteUtil.class=LogFileHandlerThread.class: getFileNameSuffix: file=/custom/metro/log/2022-10-12
10-12 15:56:24.719 11295 11317 D LogWriteUtil.class=LogFileHandlerThread.class: 2getCurrentFileName: index=3, LogWriteUtil.logfile=app.log, getFileNameSuffix=33
10-12 15:56:24.719 11295 11317 D LogWriteUtil.class=LogFileHandlerThread.class: 1getFilePath: logFormat=2022-10-12, LogWriteUtil.logPathDir=/custom/metro/log
10-12 15:56:24.719 11295 11317 D LogWriteUtil.class=LogFileHandlerThread.class: 2getFilePath: filePath=/custom/metro/log/2022-10-12
10-12 15:56:24.720 11295 11317 D LogWriteUtil.class=LogFileHandlerThread.class: getFileNameSuffix: file=/custom/metro/log/2022-10-12
10-12 15:56:24.720 11295 11317 D LogWriteUtil.class=LogFileHandlerThread.class: 3getCurrentFileName: logFileName=app33.log
10-12 15:56:24.720 11295 11317 D TAG     : 2,initFile: /custom/metro/log/2022-10-12/app33.log, logFile.length=0, getCurrentFileName()=app33.log, writeFileName=/custom/metro/log/2022-10-12/app321665561219591.log
10-12 15:56:24.721 11295 11317 D LogWriteUtil.class=LogFileHandlerThread.class: 8,initFile: logFile=/custom/metro/log/2022-10-12/app33.log, logFile.length=0
10-12 15:56:24.721 11295 11372 D MainViewModel: getSystemTime_currentThreadID2: 227
10-12 15:56:24.728 11295 11361 D UdpDisServices: udp receive - api receive data disApi, udp service id=219  - udp.packet.address=/172.2.208.8, udp.pack.socketAddress=/172.2.208.8:64002, udp.port=64002- running=true - message={"MsgSeqID":57114,"MsgName":"DisReceivedNotify","MsgInfo":{"AppMsgSeqID":110,"Code":10001}}
10-12 15:56:24.729 11295 11361 I APP_LogUtils.kt: [(LogUtils.kt:50).i()] [UdpDisServices] udp receive - api receive data disApi, udp service id=219 - running=true  - ip=/172.2.208.8 - port=64002 - message={"MsgSeqID":57114,"MsgName":"DisReceivedNotify","MsgInfo":{"AppMsgSeqID":110,"Code":10001}}
10-12 15:56:24.730 11295 11317 D LogWriteUtil.class=LogFileHandlerThread.class: 1getFilePath: logFormat=2022-10-12, LogWriteUtil.logPathDir=/custom/metro/log
10-12 15:56:24.730 11295 11317 D LogWriteUtil.class=LogFileHandlerThread.class: 2getFilePath: filePath=/custom/metro/log/2022-10-12
10-12 15:56:24.730 11295 11317 D LogWriteUtil.class=LogFileHandlerThread.class: 1getCurrentFileName: LogWriteUtil.logfile=app.log
10-12 15:56:24.731 11295 11317 D LogWriteUtil.class=LogFileHandlerThread.class: 1getFilePath: logFormat=2022-10-12, LogWriteUtil.logPathDir=/custom/metro/log
10-12 15:56:24.731 11295 11317 D LogWriteUtil.class=LogFileHandlerThread.class: 2getFilePath: filePath=/custom/metro/log/2022-10-12
10-12 15:56:24.731 11295 11317 D LogWriteUtil.class=LogFileHandlerThread.class: getFileNameSuffix: file=/custom/metro/log/2022-10-12
10-12 15:56:24.732 11295 11317 D LogWriteUtil.class=LogFileHandlerThread.class: 2getCurrentFileName: index=3, LogWriteUtil.logfile=app.log, getFileNameSuffix=33
10-12 15:56:24.733 11295 11317 D LogWriteUtil.class=LogFileHandlerThread.class: 1getFilePath: logFormat=2022-10-12, LogWriteUtil.logPathDir=/custom/metro/log
10-12 15:56:24.733 11295 11317 D LogWriteUtil.class=LogFileHandlerThread.class: 2getFilePath: filePath=/custom/metro/log/2022-10-12
10-12 15:56:24.733 11295 11317 D LogWriteUtil.class=LogFileHandlerThread.class: getFileNameSuffix: file=/custom/metro/log/2022-10-12
10-12 15:56:24.734 11295 11317 D LogWriteUtil.class=LogFileHandlerThread.class: 3getCurrentFileName: logFileName=app33.log
10-12 15:56:24.734 11295 11317 D LogWriteUtil.class=LogFileHandlerThread.class: 1,initFile: getFilePath()=/custom/metro/log/2022-10-12, getCurrentFileName=app33.log
10-12 15:56:24.735 11295 11317 D LogWriteUtil.class=LogFileHandlerThread.class: 1getFilePath: logFormat=2022-10-12, LogWriteUtil.logPathDir=/custom/metro/log
10-12 15:56:24.735 11295 11317 D LogWriteUtil.class=LogFileHandlerThread.class: 2getFilePath: filePath=/custom/metro/log/2022-10-12
10-12 15:56:24.735 11295 11317 D LogWriteUtil.class=LogFileHandlerThread.class: 1getCurrentFileName: LogWriteUtil.logfile=app.log
10-12 15:56:24.735 11295 11295 D MainActivity: onMessageEvent  -- gginit: disApi, id=1---event={"MsgSeqID":57114,"MsgName":"DisReceivedNotify","MsgInfo":{"AppMsgSeqID":110,"Code":10001}}
10-12 15:56:24.735 11295 11295 D MainViewModel: 1processDisApi: disApi, id=1
10-12 15:56:24.736 11295 11317 D LogWriteUtil.class=LogFileHandlerThread.class: 1getFilePath: logFormat=2022-10-12, LogWriteUtil.logPathDir=/custom/metro/log
10-12 15:56:24.736 11295 11317 D LogWriteUtil.class=LogFileHandlerThread.class: 2getFilePath: filePath=/custom/metro/log/2022-10-12
10-12 15:56:24.736 11295 11317 D LogWriteUtil.class=LogFileHandlerThread.class: getFileNameSuffix: file=/custom/metro/log/2022-10-12
10-12 15:56:24.736 11295 11372 D DisApiSingletonReceive: processingData: disApi, id=227 - data={"MsgSeqID":57114,"MsgName":"DisReceivedNotify","MsgInfo":{"AppMsgSeqID":110,"Code":10001}}
10-12 15:56:24.737 11295 11317 D LogWriteUtil.class=LogFileHandlerThread.class: 2getCurrentFileName: index=3, LogWriteUtil.logfile=app.log, getFileNameSuffix=33
10-12 15:56:24.737 11295 11317 D LogWriteUtil.class=LogFileHandlerThread.class: 1getFilePath: logFormat=2022-10-12, LogWriteUtil.logPathDir=/custom/metro/log
10-12 15:56:24.737 11295 11317 D LogWriteUtil.class=LogFileHandlerThread.class: 2getFilePath: filePath=/custom/metro/log/2022-10-12
10-12 15:56:24.737 11295 11317 D LogWriteUtil.class=LogFileHandlerThread.class: getFileNameSuffix: file=/custom/metro/log/2022-10-12
10-12 15:56:24.738 11295 11372 D DisApiSingletonReceive: processingDisReceivedNotify: info=DisReceivedNotifyApiData(msgName=DisReceivedNotify, msgSeqID=57114, msgInfo=ReceivedNotifyData(appMsgSeqID=0, code=10001))
10-12 15:56:24.738 11295 11317 D LogWriteUtil.class=LogFileHandlerThread.class: 3getCurrentFileName: logFileName=app33.log
10-12 15:56:24.738 11295 11317 D LogWriteUtil.class=LogFileHandlerThread.class: 1getCurrentFileName: LogWriteUtil.logfile=app.log
10-12 15:56:24.739 11295 11317 D LogWriteUtil.class=LogFileHandlerThread.class: 1getFilePath: logFormat=2022-10-12, LogWriteUtil.logPathDir=/custom/metro/log
10-12 15:56:24.739 11295 11317 D LogWriteUtil.class=LogFileHandlerThread.class: 2getFilePath: filePath=/custom/metro/log/2022-10-12
10-12 15:56:24.739 11295 11317 D LogWriteUtil.class=LogFileHandlerThread.class: getFileNameSuffix: file=/custom/metro/log/2022-10-12
10-12 15:56:24.740 11295 11317 D LogWriteUtil.class=LogFileHandlerThread.class: 2getCurrentFileName: index=3, LogWriteUtil.logfile=app.log, getFileNameSuffix=33
10-12 15:56:24.740 11295 11317 D LogWriteUtil.class=LogFileHandlerThread.class: 1getFilePath: logFormat=2022-10-12, LogWriteUtil.logPathDir=/custom/metro/log
10-12 15:56:24.740 11295 11317 D LogWriteUtil.class=LogFileHandlerThread.class: 2getFilePath: filePath=/custom/metro/log/2022-10-12
10-12 15:56:24.741 11295 11317 D LogWriteUtil.class=LogFileHandlerThread.class: getFileNameSuffix: file=/custom/metro/log/2022-10-12
10-12 15:56:24.741 11295 11317 D LogWriteUtil.class=LogFileHandlerThread.class: 3getCurrentFileName: logFileName=app33.log
10-12 15:56:24.741 11295 11317 D TAG     : 2,initFile: /custom/metro/log/2022-10-12/app33.log, logFile.length=0, getCurrentFileName()=app33.log, writeFileName=/custom/metro/log/2022-10-12/app321665561219591.log
10-12 15:56:24.741 11295 11317 D LogWriteUtil.class=LogFileHandlerThread.class: 8,initFile: logFile=/custom/metro/log/2022-10-12/app33.log, logFile.length=0
10-12 15:56:24.752 11295 11295 D MainActivity: updateSignalIcon: signal=4
10-12 15:56:24.759 11295 11361 D UdpDisServices: udp receive - api receive data disApi, udp service id=219  - udp.packet.address=/172.2.208.8, udp.pack.socketAddress=/172.2.208.8:64002, udp.port=64002- running=true - message={"MsgSeqID":57115,"MsgName":"GetStationATSRsp","MsgInfo":{"Code":10011,"StationATSInfos":[{"TrainGroupNumber":"211","ServiceNumber":"000","TrainCrewNumber":"000","TrainPosition":"1","TrainRunningPosition":"1","RailName":"T1306","StationID":"013","TerminalStationID":"000","DestinationID":"000"},{"TrainGroupNumber":"202","ServiceNumber":"000","TrainCrewNumber":"000","TrainPosition":"1","TrainRunningPosition":"2","RailName":"T1303","StationID":"013","TerminalStationID":"000","DestinationID":"000"},{"TrainGroupNumber":"299","ServiceNumber":"801","TrainCrewNumber":"000","TrainPosition":"1","TrainRunningPosition":"2","RailName":"T1301","StationID":"013","TerminalStationID":"000","DestinationID":"000"}]}}
10-12 15:56:24.760 11295 11361 I APP_LogUtils.kt: [(LogUtils.kt:50).i()] [UdpDisServices] udp receive - api receive data disApi, udp service id=219 - running=true  - ip=/172.2.208.8 - port=64002 - message={"MsgSeqID":57115,"MsgName":"GetStationATSRsp","MsgInfo":{"Code":10011,"StationATSInfos":[{"TrainGroupNumber":"211","ServiceNumber":"000","TrainCrewNumber":"000","TrainPosition":"1","TrainRunningPosition":"1","RailName":"T1306","StationID":"013","TerminalStationID":"000","DestinationID":"000"},{"TrainGroupNumber":"202","ServiceNumber":"000","TrainCrewNumber":"000","TrainPosition":"1","TrainRunningPosition":"2","RailName":"T1303","StationID":"013","TerminalStationID":"000","DestinationID":"000"},{"TrainGroupNumber":"299","ServiceNumber":"801","TrainCrewNumber":"000","TrainPosition":"1","TrainRunningPosition":"2","RailName":"T1301","StationID":"013","TerminalStationID":"000","DestinationID":"000"}]}}
10-12 15:56:24.761 11295 11361 D UdpDisServices: udp receive - api receive data disApi, udp service id=219  - udp.packet.address=/172.2.208.8, udp.pack.socketAddress=/172.2.208.8:64002, udp.port=64002- running=true - message={"MsgSeqID":57116,"MsgName":"DisReceivedNotify","MsgInfo":{"AppMsgSeqID":111,"Code":10001}}
10-12 15:56:24.761 11295 11317 D LogWriteUtil.class=LogFileHandlerThread.class: 1getFilePath: logFormat=2022-10-12, LogWriteUtil.logPathDir=/custom/metro/log
10-12 15:56:24.761 11295 11317 D LogWriteUtil.class=LogFileHandlerThread.class: 2getFilePath: filePath=/custom/metro/log/2022-10-12
10-12 15:56:24.761 11295 11361 I APP_LogUtils.kt: [(LogUtils.kt:50).i()] [UdpDisServices] udp receive - api receive data disApi, udp service id=219 - running=true  - ip=/172.2.208.8 - port=64002 - message={"MsgSeqID":57116,"MsgName":"DisReceivedNotify","MsgInfo":{"AppMsgSeqID":111,"Code":10001}}
10-12 15:56:24.761 11295 11317 D LogWriteUtil.class=LogFileHandlerThread.class: 1getCurrentFileName: LogWriteUtil.logfile=app.log
10-12 15:56:24.762 11295 11317 D LogWriteUtil.class=LogFileHandlerThread.class: 1getFilePath: logFormat=2022-10-12, LogWriteUtil.logPathDir=/custom/metro/log
10-12 15:56:24.762 11295 11317 D LogWriteUtil.class=LogFileHandlerThread.class: 2getFilePath: filePath=/custom/metro/log/2022-10-12
10-12 15:56:24.762 11295 11317 D LogWriteUtil.class=LogFileHandlerThread.class: getFileNameSuffix: file=/custom/metro/log/2022-10-12
10-12 15:56:24.763 11295 11317 D LogWriteUtil.class=LogFileHandlerThread.class: 2getCurrentFileName: index=3, LogWriteUtil.logfile=app.log, getFileNameSuffix=33
10-12 15:56:24.764 11295 11317 D LogWriteUtil.class=LogFileHandlerThread.class: 1getFilePath: logFormat=2022-10-12, LogWriteUtil.logPathDir=/custom/metro/log
10-12 15:56:24.764 11295 11317 D LogWriteUtil.class=LogFileHandlerThread.class: 2getFilePath: filePath=/custom/metro/log/2022-10-12
10-12 15:56:24.764 11295 11317 D LogWriteUtil.class=LogFileHandlerThread.class: getFileNameSuffix: file=/custom/metro/log/2022-10-12
10-12 15:56:24.764 11295 11317 D LogWriteUtil.class=LogFileHandlerThread.class: 3getCurrentFileName: logFileName=app33.log
10-12 15:56:24.764 11295 11317 D LogWriteUtil.class=LogFileHandlerThread.class: 1,initFile: getFilePath()=/custom/metro/log/2022-10-12, getCurrentFileName=app33.log
10-12 15:56:24.765 11295 11317 D LogWriteUtil.class=LogFileHandlerThread.class: 1getFilePath: logFormat=2022-10-12, LogWriteUtil.logPathDir=/custom/metro/log
10-12 15:56:24.765 11295 11317 D LogWriteUtil.class=LogFileHandlerThread.class: 2getFilePath: filePath=/custom/metro/log/2022-10-12
10-12 15:56:24.765 11295 11317 D LogWriteUtil.class=LogFileHandlerThread.class: 1getCurrentFileName: LogWriteUtil.logfile=app.log
