10-12 14:08:26.922  6346  6368 D LogWriteUtil.class=LogFileHandlerThread.class: 2getFilePath: filePath=/custom/metro/log/2022-10-12
10-12 14:08:26.922  6346  6368 D LogWriteUtil.class=LogFileHandlerThread.class: 1getCurrentFileName: LogWriteUtil.logfile=app.log
10-12 14:08:26.922  6346  6368 D LogWriteUtil.class=LogFileHandlerThread.class: 1getFilePath: logFormat=2022-10-12, LogWriteUtil.logPathDir=/custom/metro/log
10-12 14:08:26.922  6346  6368 D LogWriteUtil.class=LogFileHandlerThread.class: 2getFilePath: filePath=/custom/metro/log/2022-10-12
10-12 14:08:26.922  6346  6368 D LogWriteUtil.class=LogFileHandlerThread.class: getFileNameSuffix: file=/custom/metro/log/2022-10-12
10-12 14:08:26.923  6346  6368 D LogWriteUtil.class=LogFileHandlerThread.class: 2getCurrentFileName: index=3, LogWriteUtil.logfile=app.log, getFileNameSuffix=26
10-12 14:08:26.923  6346  6368 D LogWriteUtil.class=LogFileHandlerThread.class: 1getFilePath: logFormat=2022-10-12, LogWriteUtil.logPathDir=/custom/metro/log
10-12 14:08:26.923  6346  6368 D LogWriteUtil.class=LogFileHandlerThread.class: 2getFilePath: filePath=/custom/metro/log/2022-10-12
10-12 14:08:26.923  6346  6368 D LogWriteUtil.class=LogFileHandlerThread.class: getFileNameSuffix: file=/custom/metro/log/2022-10-12
10-12 14:08:26.924  6346  6368 D LogWriteUtil.class=LogFileHandlerThread.class: 3getCurrentFileName: logFileName=app26.log
10-12 14:08:26.924  6346  6368 D LogWriteUtil.class=LogFileHandlerThread.class: 1getCurrentFileName: LogWriteUtil.logfile=app.log
10-12 14:08:26.924  6346  6368 D LogWriteUtil.class=LogFileHandlerThread.class: 1getFilePath: logFormat=2022-10-12, LogWriteUtil.logPathDir=/custom/metro/log
10-12 14:08:26.924  6346  6368 D LogWriteUtil.class=LogFileHandlerThread.class: 2getFilePath: filePath=/custom/metro/log/2022-10-12
10-12 14:08:26.924  6346  6368 D LogWriteUtil.class=LogFileHandlerThread.class: getFileNameSuffix: file=/custom/metro/log/2022-10-12
10-12 14:08:26.925  6346  6368 D LogWriteUtil.class=LogFileHandlerThread.class: 2getCurrentFileName: index=3, LogWriteUtil.logfile=app.log, getFileNameSuffix=26
10-12 14:08:26.925  6346  6368 D LogWriteUtil.class=LogFileHandlerThread.class: 1getFilePath: logFormat=2022-10-12, LogWriteUtil.logPathDir=/custom/metro/log
10-12 14:08:26.925  6346  6368 D LogWriteUtil.class=LogFileHandlerThread.class: 2getFilePath: filePath=/custom/metro/log/2022-10-12
10-12 14:08:26.926  6346  6368 D LogWriteUtil.class=LogFileHandlerThread.class: getFileNameSuffix: file=/custom/metro/log/2022-10-12
10-12 14:08:26.926  6346  6368 D LogWriteUtil.class=LogFileHandlerThread.class: 3getCurrentFileName: logFileName=app26.log
10-12 14:08:26.926  6346  6368 D TAG     : 2,initFile: /custom/metro/log/2022-10-12/app26.log, logFile.length=17097, getCurrentFileName()=app26.log, writeFileName=/custom/metro/log/2022-10-12/app26.log
10-12 14:08:26.926  6346  6368 D LogWriteUtil.class=LogFileHandlerThread.class: 8,initFile: logFile=/custom/metro/log/2022-10-12/app26.log, logFile.length=17097
10-12 14:08:26.933  6346  6420 D UdpDisServices: udp receive - api receive data disApi, udp service id=213  - udp.packet.address=/172.2.208.8, udp.pack.socketAddress=/172.2.208.8:64002, udp.port=64002- running=true - message={"MsgSeqID":16939,"MsgName":"DisReceivedNotify","MsgInfo":{"AppMsgSeqID":1728,"Code":10001}}
10-12 14:08:26.934  6346  6420 I APP_LogUtils.kt: [(LogUtils.kt:50).i()] [UdpDisServices] udp receive - api receive data disApi, udp service id=213 - running=true  - ip=/172.2.208.8 - port=64002 - message={"MsgSeqID":16939,"MsgName":"DisReceivedNotify","MsgInfo":{"AppMsgSeqID":1728,"Code":10001}}
10-12 14:08:26.934  6346  6346 D MainActivity: onMessageEvent  -- gginit: disApi, id=1---event={"MsgSeqID":16939,"MsgName":"DisReceivedNotify","MsgInfo":{"AppMsgSeqID":1728,"Code":10001}}
10-12 14:08:26.934  6346  6346 D MainViewModel: 1processDisApi: disApi, id=1
10-12 14:08:26.935  6346  6368 D LogWriteUtil.class=LogFileHandlerThread.class: 1getFilePath: logFormat=2022-10-12, LogWriteUtil.logPathDir=/custom/metro/log
10-12 14:08:26.935  6346  6368 D LogWriteUtil.class=LogFileHandlerThread.class: 2getFilePath: filePath=/custom/metro/log/2022-10-12
10-12 14:08:26.935  6346  6368 D LogWriteUtil.class=LogFileHandlerThread.class: 1getCurrentFileName: LogWriteUtil.logfile=app.log
10-12 14:08:26.936  6346  6368 D LogWriteUtil.class=LogFileHandlerThread.class: 1getFilePath: logFormat=2022-10-12, LogWriteUtil.logPathDir=/custom/metro/log
10-12 14:08:26.936  6346  6368 D LogWriteUtil.class=LogFileHandlerThread.class: 2getFilePath: filePath=/custom/metro/log/2022-10-12
10-12 14:08:26.936  6346  6368 D LogWriteUtil.class=LogFileHandlerThread.class: getFileNameSuffix: file=/custom/metro/log/2022-10-12
10-12 14:08:26.936  6346  6368 D LogWriteUtil.class=LogFileHandlerThread.class: 2getCurrentFileName: index=3, LogWriteUtil.logfile=app.log, getFileNameSuffix=26
10-12 14:08:26.937  6346  7460 D DisApiSingletonReceive: processingData: disApi, id=317 - data={"MsgSeqID":16939,"MsgName":"DisReceivedNotify","MsgInfo":{"AppMsgSeqID":1728,"Code":10001}}
10-12 14:08:26.937  6346  6368 D LogWriteUtil.class=LogFileHandlerThread.class: 1getFilePath: logFormat=2022-10-12, LogWriteUtil.logPathDir=/custom/metro/log
10-12 14:08:26.937  6346  6368 D LogWriteUtil.class=LogFileHandlerThread.class: 2getFilePath: filePath=/custom/metro/log/2022-10-12
10-12 14:08:26.937  6346  6368 D LogWriteUtil.class=LogFileHandlerThread.class: getFileNameSuffix: file=/custom/metro/log/2022-10-12
10-12 14:08:26.937  6346  6368 D LogWriteUtil.class=LogFileHandlerThread.class: 3getCurrentFileName: logFileName=app26.log
10-12 14:08:26.937  6346  6368 D LogWriteUtil.class=LogFileHandlerThread.class: 1,initFile: getFilePath()=/custom/metro/log/2022-10-12, getCurrentFileName=app26.log
10-12 14:08:26.938  6346  7460 D DisApiSingletonReceive: processingDisReceivedNotify: info=DisReceivedNotifyApiData(msgName=DisReceivedNotify, msgSeqID=16939, msgInfo=ReceivedNotifyData(appMsgSeqID=0, code=10001))
10-12 14:08:26.938  6346  6368 D LogWriteUtil.class=LogFileHandlerThread.class: 1getFilePath: logFormat=2022-10-12, LogWriteUtil.logPathDir=/custom/metro/log
10-12 14:08:26.938  6346  6368 D LogWriteUtil.class=LogFileHandlerThread.class: 2getFilePath: filePath=/custom/metro/log/2022-10-12
10-12 14:08:26.938  6346  6368 D LogWriteUtil.class=LogFileHandlerThread.class: 1getCurrentFileName: LogWriteUtil.logfile=app.log
10-12 14:08:26.938  6346  6368 D LogWriteUtil.class=LogFileHandlerThread.class: 1getFilePath: logFormat=2022-10-12, LogWriteUtil.logPathDir=/custom/metro/log
10-12 14:08:26.938  6346  6368 D LogWriteUtil.class=LogFileHandlerThread.class: 2getFilePath: filePath=/custom/metro/log/2022-10-12
10-12 14:08:26.939  6346  6368 D LogWriteUtil.class=LogFileHandlerThread.class: getFileNameSuffix: file=/custom/metro/log/2022-10-12
10-12 14:08:26.939  6346  6368 D LogWriteUtil.class=LogFileHandlerThread.class: 2getCurrentFileName: index=3, LogWriteUtil.logfile=app.log, getFileNameSuffix=26
10-12 14:08:26.940  6346  6368 D LogWriteUtil.class=LogFileHandlerThread.class: 1getFilePath: logFormat=2022-10-12, LogWriteUtil.logPathDir=/custom/metro/log
10-12 14:08:26.940  6346  6368 D LogWriteUtil.class=LogFileHandlerThread.class: 2getFilePath: filePath=/custom/metro/log/2022-10-12
10-12 14:08:26.940  6346  6368 D LogWriteUtil.class=LogFileHandlerThread.class: getFileNameSuffix: file=/custom/metro/log/2022-10-12
10-12 14:08:26.940  6346  6368 D LogWriteUtil.class=LogFileHandlerThread.class: 3getCurrentFileName: logFileName=app26.log
10-12 14:08:26.940  6346  6368 D LogWriteUtil.class=LogFileHandlerThread.class: 1getCurrentFileName: LogWriteUtil.logfile=app.log
10-12 14:08:26.941  6346  6368 D LogWriteUtil.class=LogFileHandlerThread.class: 1getFilePath: logFormat=2022-10-12, LogWriteUtil.logPathDir=/custom/metro/log
10-12 14:08:26.941  6346  6368 D LogWriteUtil.class=LogFileHandlerThread.class: 2getFilePath: filePath=/custom/metro/log/2022-10-12
10-12 14:08:26.941  6346  6368 D LogWriteUtil.class=LogFileHandlerThread.class: getFileNameSuffix: file=/custom/metro/log/2022-10-12
10-12 14:08:26.942  6346  6368 D LogWriteUtil.class=LogFileHandlerThread.class: 2getCurrentFileName: index=3, LogWriteUtil.logfile=app.log, getFileNameSuffix=26
10-12 14:08:26.942  6346  6368 D LogWriteUtil.class=LogFileHandlerThread.class: 1getFilePath: logFormat=2022-10-12, LogWriteUtil.logPathDir=/custom/metro/log
10-12 14:08:26.942  6346  6368 D LogWriteUtil.class=LogFileHandlerThread.class: 2getFilePath: filePath=/custom/metro/log/2022-10-12
10-12 14:08:26.942  6346  6368 D LogWriteUtil.class=LogFileHandlerThread.class: getFileNameSuffix: file=/custom/metro/log/2022-10-12
10-12 14:08:26.943  6346  6368 D LogWriteUtil.class=LogFileHandlerThread.class: 3getCurrentFileName: logFileName=app26.log
10-12 14:08:26.943  6346  6368 D TAG     : 2,initFile: /custom/metro/log/2022-10-12/app26.log, logFile.length=17277, getCurrentFileName()=app26.log, writeFileName=/custom/metro/log/2022-10-12/app26.log
10-12 14:08:26.943  6346  6368 D LogWriteUtil.class=LogFileHandlerThread.class: 8,initFile: logFile=/custom/metro/log/2022-10-12/app26.log, logFile.length=17277
10-12 14:08:26.990  6346  6420 D UdpDisServices: udp receive - api receive data disApi, udp service id=213  - udp.packet.address=/172.2.208.8, udp.pack.socketAddress=/172.2.208.8:64002, udp.port=64002- running=true - message={"MsgSeqID":16940,"MsgName":"GetStationATSRsp","MsgInfo":{"Code":10011,"StationATSInfos":[{"TrainGroupNumber":"202","ServiceNumber":"000","TrainCrewNumber":"000","TrainPosition":"1","TrainRunningPosition":"2","RailName":"T1303","StationID":"013","TerminalStationID":"000","DestinationID":"000"},{"TrainGroupNumber":"299","ServiceNumber":"801","TrainCrewNumber":"000","TrainPosition":"1","TrainRunningPosition":"2","RailName":"T1301","StationID":"013","TerminalStationID":"000","DestinationID":"000"}]}}
10-12 14:08:26.991  6346  6420 I APP_LogUtils.kt: [(LogUtils.kt:50).i()] [UdpDisServices] udp receive - api receive data disApi, udp service id=213 - running=true  - ip=/172.2.208.8 - port=64002 - message={"MsgSeqID":16940,"MsgName":"GetStationATSRsp","MsgInfo":{"Code":10011,"StationATSInfos":[{"TrainGroupNumber":"202","ServiceNumber":"000","TrainCrewNumber":"000","TrainPosition":"1","TrainRunningPosition":"2","RailName":"T1303","StationID":"013","TerminalStationID":"000","DestinationID":"000"},{"TrainGroupNumber":"299","ServiceNumber":"801","TrainCrewNumber":"000","TrainPosition":"1","TrainRunningPosition":"2","RailName":"T1301","StationID":"013","TerminalStationID":"000","DestinationID":"000"}]}}
10-12 14:08:26.992  6346  6346 D MainActivity: onMessageEvent  -- gginit: disApi, id=1---event={"MsgSeqID":16940,"MsgName":"GetStationATSRsp","MsgInfo":{"Code":10011,"StationATSInfos":[{"TrainGroupNumber":"202","ServiceNumber":"000","TrainCrewNumber":"000","TrainPosition":"1","TrainRunningPosition":"2","RailName":"T1303","StationID":"013","TerminalStationID":"000","DestinationID":"000"},{"TrainGroupNumber":"299","ServiceNumber":"801","TrainCrewNumber":"000","TrainPosition":"1","TrainRunningPosition":"2","RailName":"T1301","StationID":"013","TerminalStationID":"000","DestinationID":"000"}]}}
10-12 14:08:26.992  6346  6346 D MainViewModel: 1processDisApi: disApi, id=1
10-12 14:08:26.993  6346  6420 D UdpDisServices: udp receive - api receive data disApi, udp service id=213  - udp.packet.address=/172.2.208.8, udp.pack.socketAddress=/172.2.208.8:64002, udp.port=64002- running=true - message={"MsgSeqID":16941,"MsgName":"DisReceivedNotify","MsgInfo":{"AppMsgSeqID":1729,"Code":10001}}
10-12 14:08:26.993  6346  6368 D LogWriteUtil.class=LogFileHandlerThread.class: 1getFilePath: logFormat=2022-10-12, LogWriteUtil.logPathDir=/custom/metro/log
10-12 14:08:26.993  6346  6368 D LogWriteUtil.class=LogFileHandlerThread.class: 2getFilePath: filePath=/custom/metro/log/2022-10-12
10-12 14:08:26.993  6346  7460 D DisApiSingletonReceive: processingData: disApi, id=317 - data={"MsgSeqID":16940,"MsgName":"GetStationATSRsp","MsgInfo":{"Code":10011,"StationATSInfos":[{"TrainGroupNumber":"202","ServiceNumber":"000","TrainCrewNumber":"000","TrainPosition":"1","TrainRunningPosition":"2","RailName":"T1303","StationID":"013","TerminalStationID":"000","DestinationID":"000"},{"TrainGroupNumber":"299","ServiceNumber":"801","TrainCrewNumber":"000","TrainPosition":"1","TrainRunningPosition":"2","RailName":"T1301","StationID":"013","TerminalStationID":"000","DestinationID":"000"}]}}
10-12 14:08:26.993  6346  6368 D LogWriteUtil.class=LogFileHandlerThread.class: 1getCurrentFileName: LogWriteUtil.logfile=app.log
10-12 14:08:26.994  6346  6420 I APP_LogUtils.kt: [(LogUtils.kt:50).i()] [UdpDisServices] udp receive - api receive data disApi, udp service id=213 - running=true  - ip=/172.2.208.8 - port=64002 - message={"MsgSeqID":16941,"MsgName":"DisReceivedNotify","MsgInfo":{"AppMsgSeqID":1729,"Code":10001}}
10-12 14:08:26.994  6346  6368 D LogWriteUtil.class=LogFileHandlerThread.class: 1getFilePath: logFormat=2022-10-12, LogWriteUtil.logPathDir=/custom/metro/log
10-12 14:08:26.994  6346  6368 D LogWriteUtil.class=LogFileHandlerThread.class: 2getFilePath: filePath=/custom/metro/log/2022-10-12
10-12 14:08:26.994  6346  6368 D LogWriteUtil.class=LogFileHandlerThread.class: getFileNameSuffix: file=/custom/metro/log/2022-10-12
10-12 14:08:26.994  6346  6346 D MainActivity: onMessageEvent  -- gginit: disApi, id=1---event={"MsgSeqID":16941,"MsgName":"DisReceivedNotify","MsgInfo":{"AppMsgSeqID":1729,"Code":10001}}
10-12 14:08:26.994  6346  6346 D MainViewModel: 1processDisApi: disApi, id=1
10-12 14:08:26.995  6346  6368 D LogWriteUtil.class=LogFileHandlerThread.class: 2getCurrentFileName: index=3, LogWriteUtil.logfile=app.log, getFileNameSuffix=26
10-12 14:08:26.996  6346  6368 D LogWriteUtil.class=LogFileHandlerThread.class: 1getFilePath: logFormat=2022-10-12, LogWriteUtil.logPathDir=/custom/metro/log
10-12 14:08:26.996  6346  7939 D DisApiSingletonReceive: processingData: disApi, id=359 - data={"MsgSeqID":16941,"MsgName":"DisReceivedNotify","MsgInfo":{"AppMsgSeqID":1729,"Code":10001}}
10-12 14:08:26.996  6346  6368 D LogWriteUtil.class=LogFileHandlerThread.class: 2getFilePath: filePath=/custom/metro/log/2022-10-12
10-12 14:08:26.996  6346  6368 D LogWriteUtil.class=LogFileHandlerThread.class: getFileNameSuffix: file=/custom/metro/log/2022-10-12
10-12 14:08:26.997  6346  7460 D DisApiSingletonReceive: parseStationAtsData: atsInfo=com.gbcom.library_base.data.StationAtsApiData@a8aaf65
10-12 14:08:26.997  6346  6368 D LogWriteUtil.class=LogFileHandlerThread.class: 3getCurrentFileName: logFileName=app26.log
10-12 14:08:26.997  6346  6368 D LogWriteUtil.class=LogFileHandlerThread.class: 1,initFile: getFilePath()=/custom/metro/log/2022-10-12, getCurrentFileName=app26.log
10-12 14:08:26.997  6346  7460 D BtrunCConfig: isR2Nubmer is true
10-12 14:08:26.997  6346  7460 D com.ztegota.system.GotaSystem: getMdn +866022013
10-12 14:08:26.997  6346  7460 D TAG     : getUserId: userId2=+866022013
10-12 14:08:26.997  6346  7460 D BtrunCConfig: isR2Nubmer is true
10-12 14:08:26.997  6346  7460 D com.ztegota.system.GotaSystem: getMdn +866022013
10-12 14:08:26.997  6346  7460 D TAG     : getUserId: userId2=+866022013
10-12 14:08:26.997  6346  7939 D DisApiSingletonReceive: processingDisReceivedNotify: info=DisReceivedNotifyApiData(msgName=DisReceivedNotify, msgSeqID=16941, msgInfo=ReceivedNotifyData(appMsgSeqID=0, code=10001))
10-12 14:08:26.998  6346  6368 D LogWriteUtil.class=LogFileHandlerThread.class: 1getFilePath: logFormat=2022-10-12, LogWriteUtil.logPathDir=/custom/metro/log
10-12 14:08:26.998  6346  6368 D LogWriteUtil.class=LogFileHandlerThread.class: 2getFilePath: filePath=/custom/metro/log/2022-10-12
10-12 14:08:26.998  6346  6368 D LogWriteUtil.class=LogFileHandlerThread.class: 1getCurrentFileName: LogWriteUtil.logfile=app.log
10-12 14:08:26.999  6346  6368 D LogWriteUtil.class=LogFileHandlerThread.class: 1getFilePath: logFormat=2022-10-12, LogWriteUtil.logPathDir=/custom/metro/log
10-12 14:08:26.999  6346  6368 D LogWriteUtil.class=LogFileHandlerThread.class: 2getFilePath: filePath=/custom/metro/log/2022-10-12
10-12 14:08:26.999  6346  6368 D LogWriteUtil.class=LogFileHandlerThread.class: getFileNameSuffix: file=/custom/metro/log/2022-10-12
10-12 14:08:27.000  6346  6368 D LogWriteUtil.class=LogFileHandlerThread.class: 2getCurrentFileName: index=3, LogWriteUtil.logfile=app.log, getFileNameSuffix=26
10-12 14:08:27.001  6346  6368 D LogWriteUtil.class=LogFileHandlerThread.class: 1getFilePath: logFormat=2022-10-12, LogWriteUtil.logPathDir=/custom/metro/log
10-12 14:08:27.001  6346  6368 D LogWriteUtil.class=LogFileHandlerThread.class: 2getFilePath: filePath=/custom/metro/log/2022-10-12
10-12 14:08:27.002  6346  6368 D LogWriteUtil.class=LogFileHandlerThread.class: getFileNameSuffix: file=/custom/metro/log/2022-10-12
10-12 14:08:27.002  6346  6368 D LogWriteUtil.class=LogFileHandlerThread.class: 3getCurrentFileName: logFileName=app26.log
10-12 14:08:27.003  6346  6368 D LogWriteUtil.class=LogFileHandlerThread.class: 1getCurrentFileName: LogWriteUtil.logfile=app.log
10-12 14:08:27.003  6346  6368 D LogWriteUtil.class=LogFileHandlerThread.class: 1getFilePath: logFormat=2022-10-12, LogWriteUtil.logPathDir=/custom/metro/log
10-12 14:08:27.004  6346  6368 D LogWriteUtil.class=LogFileHandlerThread.class: 2getFilePath: filePath=/custom/metro/log/2022-10-12
10-12 14:08:27.004  6346  6368 D LogWriteUtil.class=LogFileHandlerThread.class: getFileNameSuffix: file=/custom/metro/log/2022-10-12
10-12 14:08:27.004  6346  6368 D LogWriteUtil.class=LogFileHandlerThread.class: 2getCurrentFileName: index=3, LogWriteUtil.logfile=app.log, getFileNameSuffix=26
10-12 14:08:27.006  6346  6368 D LogWriteUtil.class=LogFileHandlerThread.class: 1getFilePath: logFormat=2022-10-12, LogWriteUtil.logPathDir=/custom/metro/log
10-12 14:08:27.006  6346  6368 D LogWriteUtil.class=LogFileHandlerThread.class: 2getFilePath: filePath=/custom/metro/log/2022-10-12
10-12 14:08:27.006  6346  6368 D LogWriteUtil.class=LogFileHandlerThread.class: getFileNameSuffix: file=/custom/metro/log/2022-10-12
10-12 14:08:27.007  6346  6368 D LogWriteUtil.class=LogFileHandlerThread.class: 3getCurrentFileName: logFileName=app26.log
10-12 14:08:27.007  6346  6368 D TAG     : 2,initFile: /custom/metro/log/2022-10-12/app26.log, logFile.length=17550, getCurrentFileName()=app26.log, writeFileName=/custom/metro/log/2022-10-12/app26.log
10-12 14:08:27.007  6346  6368 D LogWriteUtil.class=LogFileHandlerThread.class: 8,initFile: logFile=/custom/metro/log/2022-10-12/app26.log, logFile.length=17550
10-12 14:08:27.008  6346  6368 D LogWriteUtil.class=LogFileHandlerThread.class: 1getFilePath: logFormat=2022-10-12, LogWriteUtil.logPathDir=/custom/metro/log
10-12 14:08:27.009  6346  6368 D LogWriteUtil.class=LogFileHandlerThread.class: 2getFilePath: filePath=/custom/metro/log/2022-10-12
10-12 14:08:27.009  6346  6368 D LogWriteUtil.class=LogFileHandlerThread.class: 1getCurrentFileName: LogWriteUtil.logfile=app.log
10-12 14:08:27.009  6346  6368 D LogWriteUtil.class=LogFileHandlerThread.class: 1getFilePath: logFormat=2022-10-12, LogWriteUtil.logPathDir=/custom/metro/log
10-12 14:08:27.009  6346  6368 D LogWriteUtil.class=LogFileHandlerThread.class: 2getFilePath: filePath=/custom/metro/log/2022-10-12
10-12 14:08:27.010  6346  6368 D LogWriteUtil.class=LogFileHandlerThread.class: getFileNameSuffix: file=/custom/metro/log/2022-10-12
10-12 14:08:27.010  6346  6368 D LogWriteUtil.class=LogFileHandlerThread.class: 2getCurrentFileName: index=3, LogWriteUtil.logfile=app.log, getFileNameSuffix=26
10-12 14:08:27.011  6346  6368 D LogWriteUtil.class=LogFileHandlerThread.class: 1getFilePath: logFormat=2022-10-12, LogWriteUtil.logPathDir=/custom/metro/log
10-12 14:08:27.011  6346  6368 D LogWriteUtil.class=LogFileHandlerThread.class: 2getFilePath: filePath=/custom/metro/log/2022-10-12
10-12 14:08:27.011  6346  6368 D LogWriteUtil.class=LogFileHandlerThread.class: getFileNameSuffix: file=/custom/metro/log/2022-10-12
10-12 14:08:27.012  6346  6368 D LogWriteUtil.class=LogFileHandlerThread.class: 3getCurrentFileName: logFileName=app26.log
10-12 14:08:27.012  6346  6368 D LogWriteUtil.class=LogFileHandlerThread.class: 1,initFile: getFilePath()=/custom/metro/log/2022-10-12, getCurrentFileName=app26.log
10-12 14:08:27.013  6346  6368 D LogWriteUtil.class=LogFileHandlerThread.class: 1getFilePath: logFormat=2022-10-12, LogWriteUtil.logPathDir=/custom/metro/log
10-12 14:08:27.013  6346  6368 D LogWriteUtil.class=LogFileHandlerThread.class: 2getFilePath: filePath=/custom/metro/log/2022-10-12
10-12 14:08:27.013  6346  6368 D LogWriteUtil.class=LogFileHandlerThread.class: 1getCurrentFileName: LogWriteUtil.logfile=app.log
10-12 14:08:27.014  6346  6368 D LogWriteUtil.class=LogFileHandlerThread.class: 1getFilePath: logFormat=2022-10-12, LogWriteUtil.logPathDir=/custom/metro/log
10-12 14:08:27.014  6346  6368 D LogWriteUtil.class=LogFileHandlerThread.class: 2getFilePath: filePath=/custom/metro/log/2022-10-12
10-12 14:08:27.014  6346  6368 D LogWriteUtil.class=LogFileHandlerThread.class: getFileNameSuffix: file=/custom/metro/log/2022-10-12
10-12 14:08:27.015  6346  6368 D LogWriteUtil.class=LogFileHandlerThread.class: 2getCurrentFileName: index=3, LogWriteUtil.logfile=app.log, getFileNameSuffix=26
10-12 14:08:27.016  6346  6368 D LogWriteUtil.class=LogFileHandlerThread.class: 1getFilePath: logFormat=2022-10-12, LogWriteUtil.logPathDir=/custom/metro/log
10-12 14:08:27.016  6346  6368 D LogWriteUtil.class=LogFileHandlerThread.class: 2getFilePath: filePath=/custom/metro/log/2022-10-12
10-12 14:08:27.016  6346  6368 D LogWriteUtil.class=LogFileHandlerThread.class: getFileNameSuffix: file=/custom/metro/log/2022-10-12
10-12 14:08:27.017  6346  6368 D LogWriteUtil.class=LogFileHandlerThread.class: 3getCurrentFileName: logFileName=app26.log
10-12 14:08:27.017  6346  6368 D LogWriteUtil.class=LogFileHandlerThread.class: 1getCurrentFileName: LogWriteUtil.logfile=app.log
10-12 14:08:27.018  6346  6368 D LogWriteUtil.class=LogFileHandlerThread.class: 1getFilePath: logFormat=2022-10-12, LogWriteUtil.logPathDir=/custom/metro/log
10-12 14:08:27.018  6346  6368 D LogWriteUtil.class=LogFileHandlerThread.class: 2getFilePath: filePath=/custom/metro/log/2022-10-12
10-12 14:08:27.018  6346  6368 D LogWriteUtil.class=LogFileHandlerThread.class: getFileNameSuffix: file=/custom/metro/log/2022-10-12
10-12 14:08:27.019  6346  6368 D LogWriteUtil.class=LogFileHandlerThread.class: 2getCurrentFileName: index=3, LogWriteUtil.logfile=app.log, getFileNameSuffix=26
10-12 14:08:27.020  6346  6368 D LogWriteUtil.class=LogFileHandlerThread.class: 1getFilePath: logFormat=2022-10-12, LogWriteUtil.logPathDir=/custom/metro/log
10-12 14:08:27.020  6346  6368 D LogWriteUtil.class=LogFileHandlerThread.class: 2getFilePath: filePath=/custom/metro/log/2022-10-12
10-12 14:08:27.020  6346  6368 D LogWriteUtil.class=LogFileHandlerThread.class: getFileNameSuffix: file=/custom/metro/log/2022-10-12
10-12 14:08:27.021  6346  6346 D IndexFragment: initView: applyFxData() - ats=[StationAts(createTime=1665554906, trainGroupNumber=202, serviceNumber=000, trainCrewNumber=000, trainPosition=1, trainRunningPosition=2, railName=T1303, stationID=013, terminalStationID=000, destinationID=000, identityID=+866022013), StationAts(createTime=1665554906, trainGroupNumber=299, serviceNumber=801, trainCrewNumber=000, trainPosition=1, trainRunningPosition=2, railName=T1301, stationID=013, terminalStationID=000, destinationID=000, identityID=+866022013)]
10-12 14:08:27.021  6346  6368 D LogWriteUtil.class=LogFileHandlerThread.class: 3getCurrentFileName: logFileName=app26.log
10-12 14:08:27.021  6346  6368 D TAG     : 2,initFile: /custom/metro/log/2022-10-12/app26.log, logFile.length=18233, getCurrentFileName()=app26.log, writeFileName=/custom/metro/log/2022-10-12/app26.log
10-12 14:08:27.021  6346  6368 D LogWriteUtil.class=LogFileHandlerThread.class: 8,initFile: logFile=/custom/metro/log/2022-10-12/app26.log, logFile.length=18233
10-12 14:08:27.277  6346  7460 D MainViewModel: getSystemTime_currentThreadID2: 317
10-12 14:08:27.328  6346  6420 D UdpDisServices: udp receive - api receive data disApi, udp service id=213  - udp.packet.address=/172.2.208.8, udp.pack.socketAddress=/172.2.208.8:64002, udp.port=64002- running=true - message={"MsgSeqID":16925,"MsgName":"GetStationATSRsp","MsgInfo":{"Code":10011,"StationATSInfos":[{"TrainGroupNumber":"202","ServiceNumber":"000","TrainCrewNumber":"000","TrainPosition":"1","TrainRunningPosition":"2","RailName":"T1303","StationID":"013","TerminalStationID":"000","DestinationID":"000"},{"TrainGroupNumber":"299","ServiceNumber":"801","TrainCrewNumber":"000","TrainPosition":"1","TrainRunningPosition":"2","RailName":"T1301","StationID":"013","TerminalStationID":"000","DestinationID":"000"}]}}
10-12 14:08:27.330  6346  6420 I APP_LogUtils.kt: [(LogUtils.kt:50).i()] [UdpDisServices] udp receive - api receive data disApi, udp service id=213 - running=true  - ip=/172.2.208.8 - port=64002 - message={"MsgSeqID":16925,"MsgName":"GetStationATSRsp","MsgInfo":{"Code":10011,"StationATSInfos":[{"TrainGroupNumber":"202","ServiceNumber":"000","TrainCrewNumber":"000","TrainPosition":"1","TrainRunningPosition":"2","RailName":"T1303","StationID":"013","TerminalStationID":"000","DestinationID":"000"},{"TrainGroupNumber":"299","ServiceNumber":"801","TrainCrewNumber":"000","TrainPosition":"1","TrainRunningPosition":"2","RailName":"T1301","StationID":"013","TerminalStationID":"000","DestinationID":"000"}]}}
10-12 14:08:27.331  6346  6346 D MainActivity: onMessageEvent  -- gginit: disApi, id=1---event={"MsgSeqID":16925,"MsgName":"GetStationATSRsp","MsgInfo":{"Code":10011,"StationATSInfos":[{"TrainGroupNumber":"202","ServiceNumber":"000","TrainCrewNumber":"000","TrainPosition":"1","TrainRunningPosition":"2","RailName":"T1303","StationID":"013","TerminalStationID":"000","DestinationID":"000"},{"TrainGroupNumber":"299","ServiceNumber":"801","TrainCrewNumber":"000","TrainPosition":"1","TrainRunningPosition":"2","RailName":"T1301","StationID":"013","TerminalStationID":"000","DestinationID":"000"}]}}
10-12 14:08:27.331  6346  6346 D MainViewModel: 1processDisApi: disApi, id=1
10-12 14:08:27.332  6346  6368 D LogWriteUtil.class=LogFileHandlerThread.class: 1getFilePath: logFormat=2022-10-12, LogWriteUtil.logPathDir=/custom/metro/log
10-12 14:08:27.332  6346  6368 D LogWriteUtil.class=LogFileHandlerThread.class: 2getFilePath: filePath=/custom/metro/log/2022-10-12
10-12 14:08:27.332  6346  6368 D LogWriteUtil.class=LogFileHandlerThread.class: 1getCurrentFileName: LogWriteUtil.logfile=app.log
10-12 14:08:27.333  6346  7460 D DisApiSingletonReceive: processingData: disApi, id=317 - data={"MsgSeqID":16925,"MsgName":"GetStationATSRsp","MsgInfo":{"Code":10011,"StationATSInfos":[{"TrainGroupNumber":"202","ServiceNumber":"000","TrainCrewNumber":"000","TrainPosition":"1","TrainRunningPosition":"2","RailName":"T1303","StationID":"013","TerminalStationID":"000","DestinationID":"000"},{"TrainGroupNumber":"299","ServiceNumber":"801","TrainCrewNumber":"000","TrainPosition":"1","TrainRunningPosition":"2","RailName":"T1301","StationID":"013","TerminalStationID":"000","DestinationID":"000"}]}}
10-12 14:08:27.334  6346  6368 D LogWriteUtil.class=LogFileHandlerThread.class: 1getFilePath: logFormat=2022-10-12, LogWriteUtil.logPathDir=/custom/metro/log
10-12 14:08:27.334  6346  6368 D LogWriteUtil.class=LogFileHandlerThread.class: 2getFilePath: filePath=/custom/metro/log/2022-10-12
10-12 14:08:27.334  6346  6368 D LogWriteUtil.class=LogFileHandlerThread.class: getFileNameSuffix: file=/custom/metro/log/2022-10-12
10-12 14:08:27.336  6346  6368 D LogWriteUtil.class=LogFileHandlerThread.class: 2getCurrentFileName: index=3, LogWriteUtil.logfile=app.log, getFileNameSuffix=26
10-12 14:08:27.338  6346  6368 D LogWriteUtil.class=LogFileHandlerThread.class: 1getFilePath: logFormat=2022-10-12, LogWriteUtil.logPathDir=/custom/metro/log
10-12 14:08:27.337  6346  7460 D DisApiSingletonReceive: parseStationAtsData: atsInfo=com.gbcom.library_base.data.StationAtsApiData@8fbdce1
10-12 14:08:27.338  6346  6368 D LogWriteUtil.class=LogFileHandlerThread.class: 2getFilePath: filePath=/custom/metro/log/2022-10-12
10-12 14:08:27.338  6346  6368 D LogWriteUtil.class=LogFileHandlerThread.class: getFileNameSuffix: file=/custom/metro/log/2022-10-12
10-12 14:08:27.338  6346  7460 D BtrunCConfig: isR2Nubmer is true
10-12 14:08:27.338  6346  7460 D com.ztegota.system.GotaSystem: getMdn +866022013
10-12 14:08:27.338  6346  7460 D TAG     : getUserId: userId2=+866022013
10-12 14:08:27.338  6346  7460 D BtrunCConfig: isR2Nubmer is true
10-12 14:08:27.338  6346  7460 D com.ztegota.system.GotaSystem: getMdn +866022013
10-12 14:08:27.339  6346  7460 D TAG     : getUserId: userId2=+866022013
10-12 14:08:27.339  6346  6368 D LogWriteUtil.class=LogFileHandlerThread.class: 3getCurrentFileName: logFileName=app26.log
10-12 14:08:27.339  6346  6368 D LogWriteUtil.class=LogFileHandlerThread.class: 1,initFile: getFilePath()=/custom/metro/log/2022-10-12, getCurrentFileName=app26.log
10-12 14:08:27.340  6346  6368 D LogWriteUtil.class=LogFileHandlerThread.class: 1getFilePath: logFormat=2022-10-12, LogWriteUtil.logPathDir=/custom/metro/log
10-12 14:08:27.340  6346  6368 D LogWriteUtil.class=LogFileHandlerThread.class: 2getFilePath: filePath=/custom/metro/log/2022-10-12
10-12 14:08:27.340  6346  6368 D LogWriteUtil.class=LogFileHandlerThread.class: 1getCurrentFileName: LogWriteUtil.logfile=app.log
10-12 14:08:27.342  6346  6368 D LogWriteUtil.class=LogFileHandlerThread.class: 1getFilePath: logFormat=2022-10-12, LogWriteUtil.logPathDir=/custom/metro/log
10-12 14:08:27.342  6346  6368 D LogWriteUtil.class=LogFileHandlerThread.class: 2getFilePath: filePath=/custom/metro/log/2022-10-12
10-12 14:08:27.342  6346  6368 D LogWriteUtil.class=LogFileHandlerThread.class: getFileNameSuffix: file=/custom/metro/log/2022-10-12
10-12 14:08:27.343  6346  6368 D LogWriteUtil.class=LogFileHandlerThread.class: 2getCurrentFileName: index=3, LogWriteUtil.logfile=app.log, getFileNameSuffix=26
10-12 14:08:27.344  6346  6368 D LogWriteUtil.class=LogFileHandlerThread.class: 1getFilePath: logFormat=2022-10-12, LogWriteUtil.logPathDir=/custom/metro/log
10-12 14:08:27.345  6346  6368 D LogWriteUtil.class=LogFileHandlerThread.class: 2getFilePath: filePath=/custom/metro/log/2022-10-12
10-12 14:08:27.345  6346  6368 D LogWriteUtil.class=LogFileHandlerThread.class: getFileNameSuffix: file=/custom/metro/log/2022-10-12
10-12 14:08:27.346  6346  6368 D LogWriteUtil.class=LogFileHandlerThread.class: 3getCurrentFileName: logFileName=app26.log
10-12 14:08:27.347  6346  6368 D LogWriteUtil.class=LogFileHandlerThread.class: 1getCurrentFileName: LogWriteUtil.logfile=app.log
10-12 14:08:27.347  6346  6368 D LogWriteUtil.class=LogFileHandlerThread.class: 1getFilePath: logFormat=2022-10-12, LogWriteUtil.logPathDir=/custom/metro/log
10-12 14:08:27.347  6346  6368 D LogWriteUtil.class=LogFileHandlerThread.class: 2getFilePath: filePath=/custom/metro/log/2022-10-12
10-12 14:08:27.348  6346  6368 D LogWriteUtil.class=LogFileHandlerThread.class: getFileNameSuffix: file=/custom/metro/log/2022-10-12
10-12 14:08:27.348  6346  6368 D LogWriteUtil.class=LogFileHandlerThread.class: 2getCurrentFileName: index=3, LogWriteUtil.logfile=app.log, getFileNameSuffix=26
10-12 14:08:27.349  6346  6368 D LogWriteUtil.class=LogFileHandlerThread.class: 1getFilePath: logFormat=2022-10-12, LogWriteUtil.logPathDir=/custom/metro/log
10-12 14:08:27.349  6346  6368 D LogWriteUtil.class=LogFileHandlerThread.class: 2getFilePath: filePath=/custom/metro/log/2022-10-12
10-12 14:08:27.350  6346  6368 D LogWriteUtil.class=LogFileHandlerThread.class: getFileNameSuffix: file=/custom/metro/log/2022-10-12
10-12 14:08:27.353  6346  6368 D LogWriteUtil.class=LogFileHandlerThread.class: 3getCurrentFileName: logFileName=app26.log
10-12 14:08:27.353  6346  6368 D TAG     : 2,initFile: /custom/metro/log/2022-10-12/app26.log, logFile.length=18506, getCurrentFileName()=app26.log, writeFileName=/custom/metro/log/2022-10-12/app26.log
10-12 14:08:27.353  6346  6368 D LogWriteUtil.class=LogFileHandlerThread.class: 8,initFile: logFile=/custom/metro/log/2022-10-12/app26.log, logFile.length=18506
10-12 14:08:27.361  6346  6346 D IndexFragment: initView: applyFxData() - ats=[StationAts(createTime=1665554907, trainGroupNumber=202, serviceNumber=000, trainCrewNumber=000, trainPosition=1, trainRunningPosition=2, railName=T1303, stationID=013, terminalStationID=000, destinationID=000, identityID=+866022013), StationAts(createTime=1665554907, trainGroupNumber=299, serviceNumber=801, trainCrewNumber=000, trainPosition=1, trainRunningPosition=2, railName=T1301, stationID=013, terminalStationID=000, destinationID=000, identityID=+866022013)]
10-12 14:08:27.414  6346  7460 D TAG     : getSystemTime_currentThreadID3s: 317, isActive=true
10-12 14:08:27.782  6346  7460 D MainViewModel: getSystemTime_currentThreadID2: 317
10-12 14:08:27.918  6346  7460 D TAG     : getSystemTime_currentThreadID3s: 317, isActive=true
10-12 14:08:27.919  6346  6403 I rilj    : EMCI Detial(CellId--->Tav): 5889,255,2,"46009",255,65535,59,65535,255,255,56,32,16,255,1202590897205,0,0,0,0,0,0,0,0
10-12 14:08:27.920  6346  6403 D LTERILJ : [UNSL]< RIL_UNSOL_NOTIFY_EMCI_DETAIL
10-12 14:08:27.921  6346  6400 D LTEPhone: EVENT_FOR_EMCI_DETAIL
10-12 14:08:27.921  6346  6400 D LTEServiceTracker: setCellId cellId:5889,"46009"
10-12 14:08:27.923  6346  6346 I APP_LogUtils.kt: [(LogUtils.kt:50).i()] [com.gbcom.library_base.service.LLteService] lte_resp_sys_for_emci_detail - EmciDetail=com.ztegota.system.common.EmciDetail@b856a63
10-12 14:08:27.927  6346  6368 D LogWriteUtil.class=LogFileHandlerThread.class: 1getFilePath: logFormat=2022-10-12, LogWriteUtil.logPathDir=/custom/metro/log
10-12 14:08:27.927  6346  6368 D LogWriteUtil.class=LogFileHandlerThread.class: 2getFilePath: filePath=/custom/metro/log/2022-10-12
10-12 14:08:27.928  6346  6368 D LogWriteUtil.class=LogFileHandlerThread.class: 1getCurrentFileName: LogWriteUtil.logfile=app.log
10-12 14:08:27.929  6346  6368 D LogWriteUtil.class=LogFileHandlerThread.class: 1getFilePath: logFormat=2022-10-12, LogWriteUtil.logPathDir=/custom/metro/log
10-12 14:08:27.929  6346  6368 D LogWriteUtil.class=LogFileHandlerThread.class: 2getFilePath: filePath=/custom/metro/log/2022-10-12
10-12 14:08:27.930  6346  6368 D LogWriteUtil.class=LogFileHandlerThread.class: getFileNameSuffix: file=/custom/metro/log/2022-10-12
10-12 14:08:27.931  6346  6368 D LogWriteUtil.class=LogFileHandlerThread.class: 2getCurrentFileName: index=3, LogWriteUtil.logfile=app.log, getFileNameSuffix=26
10-12 14:08:27.933  6346  6368 D LogWriteUtil.class=LogFileHandlerThread.class: 1getFilePath: logFormat=2022-10-12, LogWriteUtil.logPathDir=/custom/metro/log
10-12 14:08:27.933  6346  6368 D LogWriteUtil.class=LogFileHandlerThread.class: 2getFilePath: filePath=/custom/metro/log/2022-10-12
10-12 14:08:27.933  6346  6368 D LogWriteUtil.class=LogFileHandlerThread.class: getFileNameSuffix: file=/custom/metro/log/2022-10-12
10-12 14:08:27.934  6346  6368 D LogWriteUtil.class=LogFileHandlerThread.class: 3getCurrentFileName: logFileName=app26.log
10-12 14:08:27.935  6346  6368 D LogWriteUtil.class=LogFileHandlerThread.class: 1,initFile: getFilePath()=/custom/metro/log/2022-10-12, getCurrentFileName=app26.log
10-12 14:08:27.937  6346  6368 D LogWriteUtil.class=LogFileHandlerThread.class: 1getFilePath: logFormat=2022-10-12, LogWriteUtil.logPathDir=/custom/metro/log
10-12 14:08:27.937  6346  6368 D LogWriteUtil.class=LogFileHandlerThread.class: 2getFilePath: filePath=/custom/metro/log/2022-10-12
10-12 14:08:27.937  6346  6368 D LogWriteUtil.class=LogFileHandlerThread.class: 1getCurrentFileName: LogWriteUtil.logfile=app.log
10-12 14:08:27.939  6346  6368 D LogWriteUtil.class=LogFileHandlerThread.class: 1getFilePath: logFormat=2022-10-12, LogWriteUtil.logPathDir=/custom/metro/log
10-12 14:08:27.940  6346  6368 D LogWriteUtil.class=LogFileHandlerThread.class: 2getFilePath: filePath=/custom/metro/log/2022-10-12
10-12 14:08:27.940  6346  6368 D LogWriteUtil.class=LogFileHandlerThread.class: getFileNameSuffix: file=/custom/metro/log/2022-10-12
10-12 14:08:27.942  6346  6368 D LogWriteUtil.class=LogFileHandlerThread.class: 2getCurrentFileName: index=3, LogWriteUtil.logfile=app.log, getFileNameSuffix=26
10-12 14:08:27.943  6346  6368 D LogWriteUtil.class=LogFileHandlerThread.class: 1getFilePath: logFormat=2022-10-12, LogWriteUtil.logPathDir=/custom/metro/log
10-12 14:08:27.944  6346  6368 D LogWriteUtil.class=LogFileHandlerThread.class: 2getFilePath: filePath=/custom/metro/log/2022-10-12
10-12 14:08:27.944  6346  6368 D LogWriteUtil.class=LogFileHandlerThread.class: getFileNameSuffix: file=/custom/metro/log/2022-10-12
10-12 14:08:27.945  6346  6368 D LogWriteUtil.class=LogFileHandlerThread.class: 3getCurrentFileName: logFileName=app26.log
10-12 14:08:27.946  6346  6368 D LogWriteUtil.class=LogFileHandlerThread.class: 1getCurrentFileName: LogWriteUtil.logfile=app.log
10-12 14:08:27.947  6346  6368 D LogWriteUtil.class=LogFileHandlerThread.class: 1getFilePath: logFormat=2022-10-12, LogWriteUtil.logPathDir=/custom/metro/log
10-12 14:08:27.947  6346  6368 D LogWriteUtil.class=LogFileHandlerThread.class: 2getFilePath: filePath=/custom/metro/log/2022-10-12
10-12 14:08:27.947  6346  6368 D LogWriteUtil.class=LogFileHandlerThread.class: getFileNameSuffix: file=/custom/metro/log/2022-10-12
10-12 14:08:27.948  6346  6368 D LogWriteUtil.class=LogFileHandlerThread.class: 2getCurrentFileName: index=3, LogWriteUtil.logfile=app.log, getFileNameSuffix=26
10-12 14:08:27.949  6346  6368 D LogWriteUtil.class=LogFileHandlerThread.class: 1getFilePath: logFormat=2022-10-12, LogWriteUtil.logPathDir=/custom/metro/log
10-12 14:08:27.949  6346  6368 D LogWriteUtil.class=LogFileHandlerThread.class: 2getFilePath: filePath=/custom/metro/log/2022-10-12
10-12 14:08:27.949  6346  6368 D LogWriteUtil.class=LogFileHandlerThread.class: getFileNameSuffix: file=/custom/metro/log/2022-10-12
10-12 14:08:27.950  6346  6368 D LogWriteUtil.class=LogFileHandlerThread.class: 3getCurrentFileName: logFileName=app26.log
10-12 14:08:27.950  6346  6368 D TAG     : 2,initFile: /custom/metro/log/2022-10-12/app26.log, logFile.length=19189, getCurrentFileName()=app26.log, writeFileName=/custom/metro/log/2022-10-12/app26.log
10-12 14:08:27.950  6346  6368 D LogWriteUtil.class=LogFileHandlerThread.class: 8,initFile: logFile=/custom/metro/log/2022-10-12/app26.log, logFile.length=19189
10-12 14:08:27.981  6346  6346 D MainActivity: updateSignalIcon: signal=4
10-12 14:08:28.014  6346  6346 E train_jni_log: getHandsetStatus===popen buffer=0
10-12 14:08:28.014  6346  6346 E train_jni_log: getHandsetStatus===popen iRet=0
10-12 14:08:28.016  6346  6346 D TAG     : getHeadsetStatus: 0
10-12 14:08:28.017  6346  6346 D TAG     : getHeadsetStatus: headsetStatus=200
10-12 14:08:28.017  6346  6346 D TAG     : getHeadsetStatus: headsetStatus2=200
10-12 14:08:28.018  6346  7460 D BtrunCConfig: isR2Nubmer is true
10-12 14:08:28.019  6346  7460 D com.ztegota.system.GotaSystem: getMdn +866022013
10-12 14:08:28.019  6346  7460 D TAG     : getUserId: userId2=+866022013
10-12 14:08:28.019  6346  7297 D MainViewModel: getLteIp: test1111111=172.2.200.13
10-12 14:08:28.019  6346  7460 I APP_LogUtils.kt: [(LogUtils.kt:50).i()] [MainViewModel] GotaSystem SDK:V2.13 2021-04-20, Host Soft Version:GM655+V1.0.6.8B02, Host Hard Version:GM655MB_C, Host Build Time:2021年 12月 28日 星期二 16:23:13 CST;
10-12 14:08:28.021  6346  6368 D LogWriteUtil.class=LogFileHandlerThread.class: 1getFilePath: logFormat=2022-10-12, LogWriteUtil.logPathDir=/custom/metro/log
10-12 14:08:28.021  6346  6368 D LogWriteUtil.class=LogFileHandlerThread.class: 2getFilePath: filePath=/custom/metro/log/2022-10-12
10-12 14:08:28.021  6346  6368 D LogWriteUtil.class=LogFileHandlerThread.class: 1getCurrentFileName: LogWriteUtil.logfile=app.log
10-12 14:08:28.021  6346  6346 D MainActivity: showStatus: aa---result---result=true, url=192.168.42.131
10-12 14:08:28.022  6346  6368 D LogWriteUtil.class=LogFileHandlerThread.class: 1getFilePath: logFormat=2022-10-12, LogWriteUtil.logPathDir=/custom/metro/log
10-12 14:08:28.022  6346  6368 D LogWriteUtil.class=LogFileHandlerThread.class: 2getFilePath: filePath=/custom/metro/log/2022-10-12
10-12 14:08:28.022  6346  6368 D LogWriteUtil.class=LogFileHandlerThread.class: getFileNameSuffix: file=/custom/metro/log/2022-10-12
10-12 14:08:28.022  6346  6368 D LogWriteUtil.class=LogFileHandlerThread.class: 2getCurrentFileName: index=3, LogWriteUtil.logfile=app.log, getFileNameSuffix=26
10-12 14:08:28.023  6346  6368 D LogWriteUtil.class=LogFileHandlerThread.class: 1getFilePath: logFormat=2022-10-12, LogWriteUtil.logPathDir=/custom/metro/log
10-12 14:08:28.023  6346  6368 D LogWriteUtil.class=LogFileHandlerThread.class: 2getFilePath: filePath=/custom/metro/log/2022-10-12
10-12 14:08:28.023  6346  6368 D LogWriteUtil.class=LogFileHandlerThread.class: getFileNameSuffix: file=/custom/metro/log/2022-10-12
10-12 14:08:28.024  6346  6368 D LogWriteUtil.class=LogFileHandlerThread.class: 3getCurrentFileName: logFileName=app26.log
10-12 14:08:28.024  6346  6368 D LogWriteUtil.class=LogFileHandlerThread.class: 1,initFile: getFilePath()=/custom/metro/log/2022-10-12, getCurrentFileName=app26.log
10-12 14:08:28.025  6346  6368 D LogWriteUtil.class=LogFileHandlerThread.class: 1getFilePath: logFormat=2022-10-12, LogWriteUtil.logPathDir=/custom/metro/log
10-12 14:08:28.025  6346  6368 D LogWriteUtil.class=LogFileHandlerThread.class: 2getFilePath: filePath=/custom/metro/log/2022-10-12
10-12 14:08:28.025  6346  6368 D LogWriteUtil.class=LogFileHandlerThread.class: 1getCurrentFileName: LogWriteUtil.logfile=app.log
10-12 14:08:28.026  6346  6368 D LogWriteUtil.class=LogFileHandlerThread.class: 1getFilePath: logFormat=2022-10-12, LogWriteUtil.logPathDir=/custom/metro/log
10-12 14:08:28.026  6346  6368 D LogWriteUtil.class=LogFileHandlerThread.class: 2getFilePath: filePath=/custom/metro/log/2022-10-12
10-12 14:08:28.026  6346  6368 D LogWriteUtil.class=LogFileHandlerThread.class: getFileNameSuffix: file=/custom/metro/log/2022-10-12
10-12 14:08:28.026  6346  6368 D LogWriteUtil.class=LogFileHandlerThread.class: 2getCurrentFileName: index=3, LogWriteUtil.logfile=app.log, getFileNameSuffix=26
10-12 14:08:28.027  6346  6368 D LogWriteUtil.class=LogFileHandlerThread.class: 1getFilePath: logFormat=2022-10-12, LogWriteUtil.logPathDir=/custom/metro/log
10-12 14:08:28.027  6346  6368 D LogWriteUtil.class=LogFileHandlerThread.class: 2getFilePath: filePath=/custom/metro/log/2022-10-12
10-12 14:08:28.027  6346  6368 D LogWriteUtil.class=LogFileHandlerThread.class: getFileNameSuffix: file=/custom/metro/log/2022-10-12
10-12 14:08:28.028  6346  6368 D LogWriteUtil.class=LogFileHandlerThread.class: 3getCurrentFileName: logFileName=app26.log
10-12 14:08:28.028  6346  6368 D LogWriteUtil.class=LogFileHandlerThread.class: 1getCurrentFileName: LogWriteUtil.logfile=app.log
10-12 14:08:28.028  6346  6368 D LogWriteUtil.class=LogFileHandlerThread.class: 1getFilePath: logFormat=2022-10-12, LogWriteUtil.logPathDir=/custom/metro/log
10-12 14:08:28.029  6346  6368 D LogWriteUtil.class=LogFileHandlerThread.class: 2getFilePath: filePath=/custom/metro/log/2022-10-12
10-12 14:08:28.029  6346  6368 D LogWriteUtil.class=LogFileHandlerThread.class: getFileNameSuffix: file=/custom/metro/log/2022-10-12
10-12 14:08:28.029  6346  6368 D LogWriteUtil.class=LogFileHandlerThread.class: 2getCurrentFileName: index=3, LogWriteUtil.logfile=app.log, getFileNameSuffix=26
10-12 14:08:28.030  6346  6368 D LogWriteUtil.class=LogFileHandlerThread.class: 1getFilePath: logFormat=2022-10-12, LogWriteUtil.logPathDir=/custom/metro/log
10-12 14:08:28.030  6346  6368 D LogWriteUtil.class=LogFileHandlerThread.class: 2getFilePath: filePath=/custom/metro/log/2022-10-12
10-12 14:08:28.030  6346  6368 D LogWriteUtil.class=LogFileHandlerThread.class: getFileNameSuffix: file=/custom/metro/log/2022-10-12
10-12 14:08:28.030  6346  6368 D LogWriteUtil.class=LogFileHandlerThread.class: 3getCurrentFileName: logFileName=app26.log
10-12 14:08:28.030  6346  6368 D TAG     : 2,initFile: /custom/metro/log/2022-10-12/app26.log, logFile.length=19369, getCurrentFileName()=app26.log, writeFileName=/custom/metro/log/2022-10-12/app26.log
10-12 14:08:28.031  6346  6368 D LogWriteUtil.class=LogFileHandlerThread.class: 8,initFile: logFile=/custom/metro/log/2022-10-12/app26.log, logFile.length=19369
10-12 14:08:28.287  6346  7460 D MainViewModel: getSystemTime_currentThreadID2: 317
10-12 14:08:28.330  6346  6420 D UdpDisServices: udp receive - api receive data disApi, udp service id=213  - udp.packet.address=/172.2.208.8, udp.pack.socketAddress=/172.2.208.8:64002, udp.port=64002- running=true - message={"MsgSeqID":16895,"MsgName":"GetStationATSRsp","MsgInfo":{"Code":10011,"StationATSInfos":[{"TrainGroupNumber":"202","ServiceNumber":"000","TrainCrewNumber":"000","TrainPosition":"1","TrainRunningPosition":"2","RailName":"T1303","StationID":"013","TerminalStationID":"000","DestinationID":"000"},{"TrainGroupNumber":"299","ServiceNumber":"801","TrainCrewNumber":"000","TrainPosition":"1","TrainRunningPosition":"2","RailName":"T1301","StationID":"013","TerminalStationID":"000","DestinationID":"000"}]}}
10-12 14:08:28.331  6346  6420 I APP_LogUtils.kt: [(LogUtils.kt:50).i()] [UdpDisServices] udp receive - api receive data disApi, udp service id=213 - running=true  - ip=/172.2.208.8 - port=64002 - message={"MsgSeqID":16895,"MsgName":"GetStationATSRsp","MsgInfo":{"Code":10011,"StationATSInfos":[{"TrainGroupNumber":"202","ServiceNumber":"000","TrainCrewNumber":"000","TrainPosition":"1","TrainRunningPosition":"2","RailName":"T1303","StationID":"013","TerminalStationID":"000","DestinationID":"000"},{"TrainGroupNumber":"299","ServiceNumber":"801","TrainCrewNumber":"000","TrainPosition":"1","TrainRunningPosition":"2","RailName":"T1301","StationID":"013","TerminalStationID":"000","DestinationID":"000"}]}}
10-12 14:08:28.331  6346  6420 D UdpDisServices: udp receive - api receive data disApi, udp service id=213  - udp.packet.address=/172.2.208.8, udp.pack.socketAddress=/172.2.208.8:64002, udp.port=64002- running=true - message={"MsgSeqID":16910,"MsgName":"GetStationATSRsp","MsgInfo":{"Code":10011,"StationATSInfos":[{"TrainGroupNumber":"202","ServiceNumber":"000","TrainCrewNumber":"000","TrainPosition":"1","TrainRunningPosition":"2","RailName":"T1303","StationID":"013","TerminalStationID":"000","DestinationID":"000"},{"TrainGroupNumber":"299","ServiceNumber":"801","TrainCrewNumber":"000","TrainPosition":"1","TrainRunningPosition":"2","RailName":"T1301","StationID":"013","TerminalStationID":"000","DestinationID":"000"}]}}
10-12 14:08:28.332  6346  6368 D LogWriteUtil.class=LogFileHandlerThread.class: 1getFilePath: logFormat=2022-10-12, LogWriteUtil.logPathDir=/custom/metro/log
10-12 14:08:28.332  6346  6368 D LogWriteUtil.class=LogFileHandlerThread.class: 2getFilePath: filePath=/custom/metro/log/2022-10-12
10-12 14:08:28.332  6346  6368 D LogWriteUtil.class=LogFileHandlerThread.class: 1getCurrentFileName: LogWriteUtil.logfile=app.log
10-12 14:08:28.332  6346  6346 D MainActivity: onMessageEvent  -- gginit: disApi, id=1---event={"MsgSeqID":16895,"MsgName":"GetStationATSRsp","MsgInfo":{"Code":10011,"StationATSInfos":[{"TrainGroupNumber":"202","ServiceNumber":"000","TrainCrewNumber":"000","TrainPosition":"1","TrainRunningPosition":"2","RailName":"T1303","StationID":"013","TerminalStationID":"000","DestinationID":"000"},{"TrainGroupNumber":"299","ServiceNumber":"801","TrainCrewNumber":"000","TrainPosition":"1","TrainRunningPosition":"2","RailName":"T1301","StationID":"013","TerminalStationID":"000","DestinationID":"000"}]}}
10-12 14:08:28.332  6346  6346 D MainViewModel: 1processDisApi: disApi, id=1
10-12 14:08:28.332  6346  6420 I APP_LogUtils.kt: [(LogUtils.kt:50).i()] [UdpDisServices] udp receive - api receive data disApi, udp service id=213 - running=true  - ip=/172.2.208.8 - port=64002 - message={"MsgSeqID":16910,"MsgName":"GetStationATSRsp","MsgInfo":{"Code":10011,"StationATSInfos":[{"TrainGroupNumber":"202","ServiceNumber":"000","TrainCrewNumber":"000","TrainPosition":"1","TrainRunningPosition":"2","RailName":"T1303","StationID":"013","TerminalStationID":"000","DestinationID":"000"},{"TrainGroupNumber":"299","ServiceNumber":"801","TrainCrewNumber":"000","TrainPosition":"1","TrainRunningPosition":"2","RailName":"T1301","StationID":"013","TerminalStationID":"000","DestinationID":"000"}]}}
10-12 14:08:28.332  6346  6346 D MainActivity: onMessageEvent  -- gginit: disApi, id=1---event={"MsgSeqID":16910,"MsgName":"GetStationATSRsp","MsgInfo":{"Code":10011,"StationATSInfos":[{"TrainGroupNumber":"202","ServiceNumber":"000","TrainCrewNumber":"000","TrainPosition":"1","TrainRunningPosition":"2","RailName":"T1303","StationID":"013","TerminalStationID":"000","DestinationID":"000"},{"TrainGroupNumber":"299","ServiceNumber":"801","TrainCrewNumber":"000","TrainPosition":"1","TrainRunningPosition":"2","RailName":"T1301","StationID":"013","TerminalStationID":"000","DestinationID":"000"}]}}
10-12 14:08:28.332  6346  6346 D MainViewModel: 1processDisApi: disApi, id=1
10-12 14:08:28.332  6346  6368 D LogWriteUtil.class=LogFileHandlerThread.class: 1getFilePath: logFormat=2022-10-12, LogWriteUtil.logPathDir=/custom/metro/log
10-12 14:08:28.333  6346  6368 D LogWriteUtil.class=LogFileHandlerThread.class: 2getFilePath: filePath=/custom/metro/log/2022-10-12
