10-12 15:56:27.855 11295 11317 D LogWriteUtil.class=LogFileHandlerThread.class: 1getFilePath: logFormat=2022-10-12, LogWriteUtil.logPathDir=/custom/metro/log
10-12 15:56:27.855 11295 11317 D LogWriteUtil.class=LogFileHandlerThread.class: 2getFilePath: filePath=/custom/metro/log/2022-10-12
10-12 15:56:27.855 11295 11317 D LogWriteUtil.class=LogFileHandlerThread.class: getFileNameSuffix: file=/custom/metro/log/2022-10-12
10-12 15:56:27.856 11295 11295 D MainActivity: onMessageEvent  -- gginit: disApi, id=1---event={"MsgSeqID":57135,"MsgName":"GetStationATSRsp","MsgInfo":{"Code":10011,"StationATSInfos":[{"TrainGroupNumber":"211","ServiceNumber":"000","TrainCrewNumber":"000","TrainPosition":"1","TrainRunningPosition":"1","RailName":"T1306","StationID":"013","TerminalStationID":"000","DestinationID":"000"},{"TrainGroupNumber":"202","ServiceNumber":"000","TrainCrewNumber":"000","TrainPosition":"1","TrainRunningPosition":"2","RailName":"T1303","StationID":"013","TerminalStationID":"000","DestinationID":"000"},{"TrainGroupNumber":"299","ServiceNumber":"801","TrainCrewNumber":"000","TrainPosition":"1","TrainRunningPosition":"2","RailName":"T1301","StationID":"013","TerminalStationID":"000","DestinationID":"000"}]}}
10-12 15:56:27.856 11295 11295 D MainViewModel: 1processDisApi: disApi, id=1
10-12 15:56:27.856 11295 11317 D LogWriteUtil.class=LogFileHandlerThread.class: 3getCurrentFileName: logFileName=app33.log
10-12 15:56:27.856 11295 11317 D LogWriteUtil.class=LogFileHandlerThread.class: 1,initFile: getFilePath()=/custom/metro/log/2022-10-12, getCurrentFileName=app33.log
10-12 15:56:27.856 11295 11295 D MainActivity: onMessageEvent  -- gginit: disApi, id=1---event={"MsgSeqID":57136,"MsgName":"DisReceivedNotify","MsgInfo":{"AppMsgSeqID":115,"Code":10001}}
10-12 15:56:27.856 11295 11295 D MainViewModel: 1processDisApi: disApi, id=1
10-12 15:56:27.857 11295 11486 D DisApiSingletonReceive: processingData: disApi, id=256 - data={"MsgSeqID":57135,"MsgName":"GetStationATSRsp","MsgInfo":{"Code":10011,"StationATSInfos":[{"TrainGroupNumber":"211","ServiceNumber":"000","TrainCrewNumber":"000","TrainPosition":"1","TrainRunningPosition":"1","RailName":"T1306","StationID":"013","TerminalStationID":"000","DestinationID":"000"},{"TrainGroupNumber":"202","ServiceNumber":"000","TrainCrewNumber":"000","TrainPosition":"1","TrainRunningPosition":"2","RailName":"T1303","StationID":"013","TerminalStationID":"000","DestinationID":"000"},{"TrainGroupNumber":"299","ServiceNumber":"801","TrainCrewNumber":"000","TrainPosition":"1","TrainRunningPosition":"2","RailName":"T1301","StationID":"013","TerminalStationID":"000","DestinationID":"000"}]}}
10-12 15:56:27.858 11295 11389 D DisApiSingletonReceive: processingData: disApi, id=238 - data={"MsgSeqID":57136,"MsgName":"DisReceivedNotify","MsgInfo":{"AppMsgSeqID":115,"Code":10001}}
10-12 15:56:27.858 11295 11317 D LogWriteUtil.class=LogFileHandlerThread.class: 1getFilePath: logFormat=2022-10-12, LogWriteUtil.logPathDir=/custom/metro/log
10-12 15:56:27.858 11295 11317 D LogWriteUtil.class=LogFileHandlerThread.class: 2getFilePath: filePath=/custom/metro/log/2022-10-12
10-12 15:56:27.858 11295 11317 D LogWriteUtil.class=LogFileHandlerThread.class: 1getCurrentFileName: LogWriteUtil.logfile=app.log
10-12 15:56:27.858 11295 11317 D LogWriteUtil.class=LogFileHandlerThread.class: 1getFilePath: logFormat=2022-10-12, LogWriteUtil.logPathDir=/custom/metro/log
10-12 15:56:27.859 11295 11317 D LogWriteUtil.class=LogFileHandlerThread.class: 2getFilePath: filePath=/custom/metro/log/2022-10-12
10-12 15:56:27.859 11295 11317 D LogWriteUtil.class=LogFileHandlerThread.class: getFileNameSuffix: file=/custom/metro/log/2022-10-12
10-12 15:56:27.859 11295 11389 D DisApiSingletonReceive: processingDisReceivedNotify: info=DisReceivedNotifyApiData(msgName=DisReceivedNotify, msgSeqID=57136, msgInfo=ReceivedNotifyData(appMsgSeqID=0, code=10001))
10-12 15:56:27.859 11295 11317 D LogWriteUtil.class=LogFileHandlerThread.class: 2getCurrentFileName: index=3, LogWriteUtil.logfile=app.log, getFileNameSuffix=33
10-12 15:56:27.860 11295 11486 D DisApiSingletonReceive: parseStationAtsData: atsInfo=com.gbcom.library_base.data.StationAtsApiData@3dc39f6
10-12 15:56:27.860 11295 11317 D LogWriteUtil.class=LogFileHandlerThread.class: 1getFilePath: logFormat=2022-10-12, LogWriteUtil.logPathDir=/custom/metro/log
10-12 15:56:27.860 11295 11389 D TAG     : getSystemTime_currentThreadID3s: 238, isActive=true
10-12 15:56:27.860 11295 11317 D LogWriteUtil.class=LogFileHandlerThread.class: 2getFilePath: filePath=/custom/metro/log/2022-10-12
10-12 15:56:27.860 11295 11317 D LogWriteUtil.class=LogFileHandlerThread.class: getFileNameSuffix: file=/custom/metro/log/2022-10-12
10-12 15:56:27.860 11295 11486 D BtrunCConfig: isR2Nubmer is true
10-12 15:56:27.860 11295 11486 D com.ztegota.system.GotaSystem: getMdn +866022013
10-12 15:56:27.860 11295 11486 D TAG     : getUserId: userId2=+866022013
10-12 15:56:27.860 11295 11486 D BtrunCConfig: isR2Nubmer is true
10-12 15:56:27.860 11295 11486 D com.ztegota.system.GotaSystem: getMdn +866022013
10-12 15:56:27.860 11295 11486 D TAG     : getUserId: userId2=+866022013
10-12 15:56:27.860 11295 11486 D BtrunCConfig: isR2Nubmer is true
10-12 15:56:27.860 11295 11486 D com.ztegota.system.GotaSystem: getMdn +866022013
10-12 15:56:27.860 11295 11486 D TAG     : getUserId: userId2=+866022013
10-12 15:56:27.860 11295 11317 D LogWriteUtil.class=LogFileHandlerThread.class: 3getCurrentFileName: logFileName=app33.log
10-12 15:56:27.861 11295 11317 D LogWriteUtil.class=LogFileHandlerThread.class: 1getCurrentFileName: LogWriteUtil.logfile=app.log
10-12 15:56:27.861 11295 11317 D LogWriteUtil.class=LogFileHandlerThread.class: 1getFilePath: logFormat=2022-10-12, LogWriteUtil.logPathDir=/custom/metro/log
10-12 15:56:27.861 11295 11317 D LogWriteUtil.class=LogFileHandlerThread.class: 2getFilePath: filePath=/custom/metro/log/2022-10-12
10-12 15:56:27.862 11295 11317 D LogWriteUtil.class=LogFileHandlerThread.class: getFileNameSuffix: file=/custom/metro/log/2022-10-12
10-12 15:56:27.862 11295 11317 D LogWriteUtil.class=LogFileHandlerThread.class: 2getCurrentFileName: index=3, LogWriteUtil.logfile=app.log, getFileNameSuffix=33
10-12 15:56:27.863 11295 11317 D LogWriteUtil.class=LogFileHandlerThread.class: 1getFilePath: logFormat=2022-10-12, LogWriteUtil.logPathDir=/custom/metro/log
10-12 15:56:27.863 11295 11317 D LogWriteUtil.class=LogFileHandlerThread.class: 2getFilePath: filePath=/custom/metro/log/2022-10-12
10-12 15:56:27.863 11295 11317 D LogWriteUtil.class=LogFileHandlerThread.class: getFileNameSuffix: file=/custom/metro/log/2022-10-12
10-12 15:56:27.864 11295 11317 D LogWriteUtil.class=LogFileHandlerThread.class: 3getCurrentFileName: logFileName=app33.log
10-12 15:56:27.864 11295 11317 D TAG     : 2,initFile: /custom/metro/log/2022-10-12/app33.log, logFile.length=0, getCurrentFileName()=app33.log, writeFileName=/custom/metro/log/2022-10-12/app321665561219591.log
10-12 15:56:27.865 11295 11317 D LogWriteUtil.class=LogFileHandlerThread.class: 8,initFile: logFile=/custom/metro/log/2022-10-12/app33.log, logFile.length=0
10-12 15:56:27.873 11295 11295 D IndexFragment: initView: applyFxData() - ats=[StationAts(createTime=1665561387, trainGroupNumber=211, serviceNumber=000, trainCrewNumber=000, trainPosition=1, trainRunningPosition=1, railName=T1306, stationID=013, terminalStationID=000, destinationID=000, identityID=+866022013), StationAts(createTime=1665561387, trainGroupNumber=202, serviceNumber=000, trainCrewNumber=000, trainPosition=1, trainRunningPosition=2, railName=T1303, stationID=013, terminalStationID=000, destinationID=000, identityID=+866022013), StationAts(createTime=1665561387, trainGroupNumber=299, serviceNumber=801, trainCrewNumber=000, trainPosition=1, trainRunningPosition=2, railName=T1301, stationID=013, terminalStationID=000, destinationID=000, identityID=+866022013)]
10-12 15:56:28.217 11295 11295 D SystemFragment: onClickview: 2131231178
10-12 15:56:28.219   613  1692 I AudioPolicyManagerCustom: FLAG None hence request for a primary output
10-12 15:56:28.221   613  3732 I AudioPolicyManagerCustom: FLAG None hence request for a primary output
10-12 15:56:28.225 11295 11350 D LoopTimer: handleMessage 0,timeinterval:20000,started:true,mTickCallback:com.ztegota.system.lte.CSQRequestor$3@139469c
10-12 15:56:28.225 11295 11350 D LoopTimer: beginRequest()..., onTick()
10-12 15:56:28.226 11295 11350 D PTTRequestor: PTTRequestor beginRequest...
10-12 15:56:28.226 11295 11350 D LTERILJ : requestLteSignal!
10-12 15:56:28.226 11295 11350 D LTERILJ : [0048]> RIL_REQUEST_ZTE_LTE_CSQ
10-12 15:56:28.230 11295 11295 D GroupHelper: getGroupByNumber : group nuber is +866027313
10-12 15:56:28.239 11295 11350 D LoopTimer: start tick ..., RT_NORMAL
10-12 15:56:28.240   613  1046 D audio_hw_primary: start_output_stream: enter: stream(0xf53b7800)usecase(1: low-latency-playback) devices(0x2)
10-12 15:56:28.242   440  2277 E ANDR-PERF-MPCTL: Invalid profile no. 0, total profiles 0 only
10-12 15:56:28.242   613  1046 D audio_hw_primary: select_devices for use case (low-latency-playback)
10-12 15:56:28.242   613  1046 D audio_hw_primary: select_devices: out_snd_device(2: speaker) in_snd_device(0: )
10-12 15:56:28.242   613  1046 I msm8916_platform: platform_check_and_set_codec_backend_cfg:becf: afe: bitwidth 16, samplerate 48000 channels 2, backend_idx 0 usecase = 1 device (speaker)
10-12 15:56:28.242   613  1046 D msm8916_platform: platform_can_split_snd_device: snd_device(2) num devices(1) new_snd_devices(999396)
10-12 15:56:28.242   613  1046 I msm8916_platform: platform_check_and_set_codec_backend_cfg: becf: new_snd_devices[0] is speaker
10-12 15:56:28.242   613  1046 I msm8916_platform: platform_check_codec_backend_cfg:becf: afe: Codec selected backend: 0 current bit width: 16 sample rate: 48000 channels: 2
10-12 15:56:28.242   613  1046 D msm8916_platform: platform_check_codec_backend_cfg:becf: afe: playback on non-44.1-support device Configure afe to default Sample Rate(48k)
10-12 15:56:28.242   613  1046 D msm8916_platform: platform_check_codec_backend_cfg:becf: afe: only 48KHZ sample rate is supported Configure afe to default Sample Rate(48k)
10-12 15:56:28.242   613  1046 I msm8916_platform: platform_check_codec_backend_cfg:becf: afe: Codec selected backend: 0 updated bit width: 16 and sample rate: 48000
10-12 15:56:28.242   613  1046 D audio_hw_primary: check_usecases_codec_backend:becf: force routing 0
10-12 15:56:28.242   613  1046 E msm8916_platform: platform_check_backends_match: Invalid snd_device = 
10-12 15:56:28.242   613  1046 D audio_hw_primary: check_usecases_codec_backend:becf: (40) check_usecases curr device: speaker, usecase device: backends match 0
10-12 15:56:28.242   613  1046 D audio_hw_primary: check_usecases_codec_backend:becf: check_usecases num.of Usecases to switch 0
10-12 15:56:28.242   613  1046 D hardware_info: hw_info_append_hw_type : device_name = speaker
10-12 15:56:28.242   613  1046 D msm8916_platform: platform_can_split_snd_device: snd_device(2) num devices(0) new_snd_devices(0)
10-12 15:56:28.242   613  1046 D audio_hw_primary: enable_snd_device: snd_device(2: speaker)
10-12 15:56:28.242   613  1046 I soundtrigger: audio_extn_sound_trigger_update_device_status: device 0x2 of type 0 for Event 1, with Raise=0
10-12 15:56:28.243   613  1046 D aud_dev_arbi: acquireOneDevice: device owner for device 2 is 1
10-12 15:56:28.244 11295 11295 V GroupHelper: getGroupByNumber result cursor: android.content.ContentResolver$CursorWrapperInner@f279693
10-12 15:56:28.249 11295 11295 D GroupHelper: modifyGroup : target group name is S2
10-12 15:56:28.249 11295 11350 D GotaSystemHandler: handleMessage msg.what =GROUPMANAGER_RESP_UPDATE_SCAN_GROUP;msg.arg1=0
10-12 15:56:28.249 11295 11350 D LTEPhone: processRequest msg.what=GROUPMANAGER_RESP_UPDATE_SCAN_GROUP
10-12 15:56:28.249 11295 11350 D LTEGroupManager: LteGroupTracker handleMessage: GROUPMANAGER_RESP_UPDATE_SCAN_GROUP
10-12 15:56:28.249 11295 11350 D LTEGroupManager: updateScanGroupInfo()
10-12 15:56:28.249 11295 11350 D GroupStatusNormal: setScanGroup,scanInfo:cause:0,count:0,
10-12 15:56:28.256   613  1046 I audio_hw_primary: select_devices Selected apptype: 69937
10-12 15:56:28.256   613  1046 D soundtrigger: audio_extn_sound_trigger_update_stream_status: uc_id 1 of type 0 for Event 3, with Raise=0
10-12 15:56:28.257   613  1046 I audio_hw_utils: audio_extn_utils_send_app_type_cfg PLAYBACK app_type = 69937, acdb_dev_id = 14, sample_rate = 48000
10-12 15:56:28.258   613  1046 D msm8916_platform: platform_can_split_snd_device: snd_device(2) num devices(1) new_snd_devices(0)
10-12 15:56:28.258   613  1046 D ACDB-LOADER: ACDB -> send_audio_cal, acdb_id = 14, path = 0, app id = 0x11131, sample rate = 48000
10-12 15:56:28.258   613  1046 D ACDB-LOADER: ACDB -> send_asm_topology
10-12 15:56:28.258   613  1046 D ACDB-LOADER: ACDB -> ACDB_CMD_GET_AUDPROC_STREAM_TOPOLOGY_ID
10-12 15:56:28.258   613  1046 D ACDB-LOADER: ACDB -> send_adm_topology
10-12 15:56:28.258   613  1046 D ACDB-LOADER: ACDB -> ACDB_CMD_GET_AUDPROC_COMMON_TOPOLOGY_ID
10-12 15:56:28.258   613  1046 D ACDB-LOADER: ACDB -> send_audtable
10-12 15:56:28.258   613  1046 D ACDB-LOADER: ACDB -> ACDB_CMD_GET_AUDPROC_COMMON_TABLE_SIZE
10-12 15:56:28.258   613  1046 D ACDB-LOADER: ACDB -> ACDB_CMD_GET_AUDPROC_COMMON_TABLE
10-12 15:56:28.258   613  1046 D ACDB-LOADER: ACDB -> AUDIO_SET_AUDPROC_CAL
10-12 15:56:28.258   613  1046 D ACDB-LOADER: ACDB -> send_audvoltable
10-12 15:56:28.258   613  1046 D ACDB-LOADER: ACDB -> ACDB_CMD_GET_AUDPROC_GAIN_DEP_STEP_TABLE, vol index 0
10-12 15:56:28.258   613  1046 D ACDB-LOADER: ACDB -> AUDIO_SET_VOL_CAL cal type = 12
10-12 15:56:28.258   613  1046 D ACDB-LOADER: ACDB -> send_audstrmtable
10-12 15:56:28.258   613  1046 D ACDB-LOADER: ACDB -> ACDB_CMD_GET_AUDPROC_STREAM_TABLE_V2
10-12 15:56:28.258   613  1046 D ACDB-LOADER: ACDB -> audstrm_cal->cal_type.cal_data.cal_size = 16
10-12 15:56:28.259   613  1046 D ACDB-LOADER: ACDB -> send_afe_topology
10-12 15:56:28.259   613  1046 D ACDB-LOADER: ACDB -> ACDB_CMD_GET_AFE_TOPOLOGY_ID
10-12 15:56:28.259   613  1046 D ACDB-LOADER: ACDB -> GET_AFE_TOPOLOGY_ID for adcd_id 14, Topology Id 1025e
10-12 15:56:28.259   613  1046 D ACDB-LOADER: ACDB -> send_afe_cal
10-12 15:56:28.259   613  1046 D ACDB-LOADER: ACDB -> ACDB_CMD_GET_AFE_COMMON_TABLE
10-12 15:56:28.259   613  1046 D ACDB-LOADER: ACDB -> AUDIO_SET_AFE_CAL
10-12 15:56:28.259   613  1046 D ACDB-LOADER: ACDB -> send_hw_delay : acdb_id = 14 path = 0
10-12 15:56:28.259   613  1046 D ACDB-LOADER: ACDB -> ACDB_AVSYNC_INFO: ACDB_CMD_GET_DEVICE_PROPERTY
10-12 15:56:28.259   613  1046 D audio_hw_primary: enable_audio_route: apply mixer and update path: low-latency-playback
10-12 15:56:28.263   613  1046 D audio_hw_primary: select_devices: done
10-12 15:56:28.267   613  1046 D msm8916_platform: platform_set_channel_map mixer_ctl_name:Playback Channel Map12
10-12 15:56:28.268   613  1046 D msm8916_platform: platform_set_channel_map: set mapping(1 2 0 0 0 0 0 0) for channel:2
10-12 15:56:28.275 11295 11350 D GroupStatusNormal: setScanGroup,DynamicGroup in db null,do nothing
10-12 15:56:28.276 11295 11350 D GroupStatusNormal: updateScanGroupInfo() callStaus is 0
10-12 15:56:28.276 11295 11350 D LTEGroupManager: switch group status GroupStatusNormal -----> GroupStatusSetScan
10-12 15:56:28.276 11295 11350 D LTERILJ : [0049]> RIL_REQUEST_ZTE_UPDATE_SCANGROUPINFO
10-12 15:56:28.276 11295 11295 D GroupHelper: modifyGroup : target group name is S2
10-12 15:56:28.289 11295 11353 D LTERILJ : [UNSL]< RIL_UNSOL_NOTIFY_LTE_CSQ
10-12 15:56:28.289 11295 11350 D PTTRequestor: PTTRequestor endRequest...
10-12 15:56:28.289 11295 11353 D LTERILJ : [0048]< RIL_REQUEST_ZTE_LTE_CSQ 
10-12 15:56:28.289 11295 11350 D CSQRequestor: handleCsqResult(), csq.rssi=157,csq.ber=99
10-12 15:56:28.289 11295 11350 D CSQRequestor: rssi=-84,level=4,signal=4
10-12 15:56:28.291 11295 11295 D GroupHelper: modifyGroup : target group name is S2
10-12 15:56:28.297 11295 11353 D LTERILJ : [0049]< RIL_REQUEST_ZTE_UPDATE_SCANGROUPINFO 
10-12 15:56:28.304 11295 11295 D GroupHelper: modifyGroup : target group name is S2
10-12 15:56:28.317 11295 11295 D GotaSettingsHelper: String putValues key:4 value:0
10-12 15:56:28.317 11295 11295 E SettingsProvider: update
10-12 15:56:28.329   613  1046 D audio_hw_primary: start_output_stream: exit
10-12 15:56:28.337 11295 11486 D MainViewModel: getSystemTime_currentThreadID2: 256
10-12 15:56:28.349 11295 11353 I LTERILJ : XXX set ScanInfo success
10-12 15:56:28.349 11295 11353 D LTERILJ : [UNSL]< RIL_UNSOL_NOTIFY_PTT_SCAN_INFO_RSP
10-12 15:56:28.350 11295 11354 D LTEGroupManager: LteGroupTracker handleMessage: GROUPMANAGER_RESP_UPDATE_SCAN_RSP
10-12 15:56:28.350 11295 11354 D GroupStatusSetScan: handleUpdateScan result is 0
10-12 15:56:28.350 11295 11354 D LTEGroupManager: switch group status GroupStatusSetScan -----> GroupStatusNormal
10-12 15:56:28.350 11295 11354 D GroupStatusSetScan: handleUpdateScan in:cause:0,count:0, out:cause:0,count:0,
10-12 15:56:28.350 11295 11354 D GroupStatusSetScan: handleUpdateScan in equals out, set scaninfo done.
10-12 15:56:28.372 11295 11486 D TAG     : getSystemTime_currentThreadID3s: 256, isActive=true
10-12 15:56:28.379 11295 11295 D SystemFragment: onClickview: 2131231178
10-12 15:56:28.381   613  3734 I AudioPolicyManagerCustom: FLAG None hence request for a primary output
10-12 15:56:28.382   613  1263 I AudioPolicyManagerCustom: FLAG None hence request for a primary output
10-12 15:56:28.384 11295 11295 D GroupHelper: getGroupByNumber : group nuber is +866027313
10-12 15:56:28.387 11295 11295 V GroupHelper: getGroupByNumber result cursor: android.content.ContentResolver$CursorWrapperInner@d2b08ef
10-12 15:56:28.529 11295 11361 D UdpDisServices: udp receive - api receive data disApi, udp service id=219  - udp.packet.address=/172.2.208.8, udp.pack.socketAddress=/172.2.208.8:64002, udp.port=64002- running=true - message={"MsgSeqID":57097,"MsgName":"GetStationATSRsp","MsgInfo":{"Code":10011,"StationATSInfos":[{"TrainGroupNumber":"211","ServiceNumber":"000","TrainCrewNumber":"000","TrainPosition":"1","TrainRunningPosition":"1","RailName":"T1306","StationID":"013","TerminalStationID":"000","DestinationID":"000"},{"TrainGroupNumber":"202","ServiceNumber":"000","TrainCrewNumber":"000","TrainPosition":"1","TrainRunningPosition":"2","RailName":"T1303","StationID":"013","TerminalStationID":"000","DestinationID":"000"},{"TrainGroupNumber":"299","ServiceNumber":"801","TrainCrewNumber":"000","TrainPosition":"1","TrainRunningPosition":"2","RailName":"T1301","StationID":"013","TerminalStationID":"000","DestinationID":"000"}]}}
10-12 15:56:28.530 11295 11361 I APP_LogUtils.kt: [(LogUtils.kt:50).i()] [UdpDisServices] udp receive - api receive data disApi, udp service id=219 - running=true  - ip=/172.2.208.8 - port=64002 - message={"MsgSeqID":57097,"MsgName":"GetStationATSRsp","MsgInfo":{"Code":10011,"StationATSInfos":[{"TrainGroupNumber":"211","ServiceNumber":"000","TrainCrewNumber":"000","TrainPosition":"1","TrainRunningPosition":"1","RailName":"T1306","StationID":"013","TerminalStationID":"000","DestinationID":"000"},{"TrainGroupNumber":"202","ServiceNumber":"000","TrainCrewNumber":"000","TrainPosition":"1","TrainRunningPosition":"2","RailName":"T1303","StationID":"013","TerminalStationID":"000","DestinationID":"000"},{"TrainGroupNumber":"299","ServiceNumber":"801","TrainCrewNumber":"000","TrainPosition":"1","TrainRunningPosition":"2","RailName":"T1301","StationID":"013","TerminalStationID":"000","DestinationID":"000"}]}}
10-12 15:56:28.532 11295 11317 D LogWriteUtil.class=LogFileHandlerThread.class: 1getFilePath: logFormat=2022-10-12, LogWriteUtil.logPathDir=/custom/metro/log
10-12 15:56:28.532 11295 11317 D LogWriteUtil.class=LogFileHandlerThread.class: 2getFilePath: filePath=/custom/metro/log/2022-10-12
10-12 15:56:28.532 11295 11361 D UdpDisServices: udp receive - api receive data disApi, udp service id=219  - udp.packet.address=/172.2.208.8, udp.pack.socketAddress=/172.2.208.8:64002, udp.port=64002- running=true - message={"MsgSeqID":57115,"MsgName":"GetStationATSRsp","MsgInfo":{"Code":10011,"StationATSInfos":[{"TrainGroupNumber":"211","ServiceNumber":"000","TrainCrewNumber":"000","TrainPosition":"1","TrainRunningPosition":"1","RailName":"T1306","StationID":"013","TerminalStationID":"000","DestinationID":"000"},{"TrainGroupNumber":"202","ServiceNumber":"000","TrainCrewNumber":"000","TrainPosition":"1","TrainRunningPosition":"2","RailName":"T1303","StationID":"013","TerminalStationID":"000","DestinationID":"000"},{"TrainGroupNumber":"299","ServiceNumber":"801","TrainCrewNumber":"000","TrainPosition":"1","TrainRunningPosition":"2","RailName":"T1301","StationID":"013","TerminalStationID":"000","DestinationID":"000"}]}}
10-12 15:56:28.532 11295 11317 D LogWriteUtil.class=LogFileHandlerThread.class: 1getCurrentFileName: LogWriteUtil.logfile=app.log
10-12 15:56:28.533 11295 11317 D LogWriteUtil.class=LogFileHandlerThread.class: 1getFilePath: logFormat=2022-10-12, LogWriteUtil.logPathDir=/custom/metro/log
10-12 15:56:28.533 11295 11317 D LogWriteUtil.class=LogFileHandlerThread.class: 2getFilePath: filePath=/custom/metro/log/2022-10-12
10-12 15:56:28.534 11295 11317 D LogWriteUtil.class=LogFileHandlerThread.class: getFileNameSuffix: file=/custom/metro/log/2022-10-12
10-12 15:56:28.534 11295 11361 I APP_LogUtils.kt: [(LogUtils.kt:50).i()] [UdpDisServices] udp receive - api receive data disApi, udp service id=219 - running=true  - ip=/172.2.208.8 - port=64002 - message={"MsgSeqID":57115,"MsgName":"GetStationATSRsp","MsgInfo":{"Code":10011,"StationATSInfos":[{"TrainGroupNumber":"211","ServiceNumber":"000","TrainCrewNumber":"000","TrainPosition":"1","TrainRunningPosition":"1","RailName":"T1306","StationID":"013","TerminalStationID":"000","DestinationID":"000"},{"TrainGroupNumber":"202","ServiceNumber":"000","TrainCrewNumber":"000","TrainPosition":"1","TrainRunningPosition":"2","RailName":"T1303","StationID":"013","TerminalStationID":"000","DestinationID":"000"},{"TrainGroupNumber":"299","ServiceNumber":"801","TrainCrewNumber":"000","TrainPosition":"1","TrainRunningPosition":"2","RailName":"T1301","StationID":"013","TerminalStationID":"000","DestinationID":"000"}]}}
10-12 15:56:28.534 11295 11295 D MainActivity: onMessageEvent  -- gginit: disApi, id=1---event={"MsgSeqID":57097,"MsgName":"GetStationATSRsp","MsgInfo":{"Code":10011,"StationATSInfos":[{"TrainGroupNumber":"211","ServiceNumber":"000","TrainCrewNumber":"000","TrainPosition":"1","TrainRunningPosition":"1","RailName":"T1306","StationID":"013","TerminalStationID":"000","DestinationID":"000"},{"TrainGroupNumber":"202","ServiceNumber":"000","TrainCrewNumber":"000","TrainPosition":"1","TrainRunningPosition":"2","RailName":"T1303","StationID":"013","TerminalStationID":"000","DestinationID":"000"},{"TrainGroupNumber":"299","ServiceNumber":"801","TrainCrewNumber":"000","TrainPosition":"1","TrainRunningPosition":"2","RailName":"T1301","StationID":"013","TerminalStationID":"000","DestinationID":"000"}]}}
10-12 15:56:28.534 11295 11317 D LogWriteUtil.class=LogFileHandlerThread.class: 2getCurrentFileName: index=3, LogWriteUtil.logfile=app.log, getFileNameSuffix=33
10-12 15:56:28.534 11295 11295 D MainViewModel: 1processDisApi: disApi, id=1
10-12 15:56:28.536 11295 11317 D LogWriteUtil.class=LogFileHandlerThread.class: 1getFilePath: logFormat=2022-10-12, LogWriteUtil.logPathDir=/custom/metro/log
10-12 15:56:28.536 11295 11317 D LogWriteUtil.class=LogFileHandlerThread.class: 2getFilePath: filePath=/custom/metro/log/2022-10-12
10-12 15:56:28.536 11295 11317 D LogWriteUtil.class=LogFileHandlerThread.class: getFileNameSuffix: file=/custom/metro/log/2022-10-12
10-12 15:56:28.537 11295 11317 D LogWriteUtil.class=LogFileHandlerThread.class: 3getCurrentFileName: logFileName=app33.log
10-12 15:56:28.537 11295 11486 D DisApiSingletonReceive: processingData: disApi, id=256 - data={"MsgSeqID":57097,"MsgName":"GetStationATSRsp","MsgInfo":{"Code":10011,"StationATSInfos":[{"TrainGroupNumber":"211","ServiceNumber":"000","TrainCrewNumber":"000","TrainPosition":"1","TrainRunningPosition":"1","RailName":"T1306","StationID":"013","TerminalStationID":"000","DestinationID":"000"},{"TrainGroupNumber":"202","ServiceNumber":"000","TrainCrewNumber":"000","TrainPosition":"1","TrainRunningPosition":"2","RailName":"T1303","StationID":"013","TerminalStationID":"000","DestinationID":"000"},{"TrainGroupNumber":"299","ServiceNumber":"801","TrainCrewNumber":"000","TrainPosition":"1","TrainRunningPosition":"2","RailName":"T1301","StationID":"013","TerminalStationID":"000","DestinationID":"000"}]}}
10-12 15:56:28.538 11295 11317 D LogWriteUtil.class=LogFileHandlerThread.class: 1,initFile: getFilePath()=/custom/metro/log/2022-10-12, getCurrentFileName=app33.log
10-12 15:56:28.538 11295 11317 D LogWriteUtil.class=LogFileHandlerThread.class: 1getFilePath: logFormat=2022-10-12, LogWriteUtil.logPathDir=/custom/metro/log
10-12 15:56:28.538 11295 11317 D LogWriteUtil.class=LogFileHandlerThread.class: 2getFilePath: filePath=/custom/metro/log/2022-10-12
10-12 15:56:28.539 11295 11317 D LogWriteUtil.class=LogFileHandlerThread.class: 1getCurrentFileName: LogWriteUtil.logfile=app.log
10-12 15:56:28.540 11295 11317 D LogWriteUtil.class=LogFileHandlerThread.class: 1getFilePath: logFormat=2022-10-12, LogWriteUtil.logPathDir=/custom/metro/log
10-12 15:56:28.540 11295 11317 D LogWriteUtil.class=LogFileHandlerThread.class: 2getFilePath: filePath=/custom/metro/log/2022-10-12
10-12 15:56:28.540 11295 11317 D LogWriteUtil.class=LogFileHandlerThread.class: getFileNameSuffix: file=/custom/metro/log/2022-10-12
10-12 15:56:28.541 11295 11317 D LogWriteUtil.class=LogFileHandlerThread.class: 2getCurrentFileName: index=3, LogWriteUtil.logfile=app.log, getFileNameSuffix=33
10-12 15:56:28.542 11295 11295 D MainActivity: onMessageEvent  -- gginit: disApi, id=1---event={"MsgSeqID":57115,"MsgName":"GetStationATSRsp","MsgInfo":{"Code":10011,"StationATSInfos":[{"TrainGroupNumber":"211","ServiceNumber":"000","TrainCrewNumber":"000","TrainPosition":"1","TrainRunningPosition":"1","RailName":"T1306","StationID":"013","TerminalStationID":"000","DestinationID":"000"},{"TrainGroupNumber":"202","ServiceNumber":"000","TrainCrewNumber":"000","TrainPosition":"1","TrainRunningPosition":"2","RailName":"T1303","StationID":"013","TerminalStationID":"000","DestinationID":"000"},{"TrainGroupNumber":"299","ServiceNumber":"801","TrainCrewNumber":"000","TrainPosition":"1","TrainRunningPosition":"2","RailName":"T1301","StationID":"013","TerminalStationID":"000","DestinationID":"000"}]}}
10-12 15:56:28.542 11295 11295 D MainViewModel: 1processDisApi: disApi, id=1
10-12 15:56:28.542 11295 11317 D LogWriteUtil.class=LogFileHandlerThread.class: 1getFilePath: logFormat=2022-10-12, LogWriteUtil.logPathDir=/custom/metro/log
10-12 15:56:28.542 11295 11317 D LogWriteUtil.class=LogFileHandlerThread.class: 2getFilePath: filePath=/custom/metro/log/2022-10-12
10-12 15:56:28.542 11295 11317 D LogWriteUtil.class=LogFileHandlerThread.class: getFileNameSuffix: file=/custom/metro/log/2022-10-12
10-12 15:56:28.543 11295 11389 D DisApiSingletonReceive: processingData: disApi, id=238 - data={"MsgSeqID":57115,"MsgName":"GetStationATSRsp","MsgInfo":{"Code":10011,"StationATSInfos":[{"TrainGroupNumber":"211","ServiceNumber":"000","TrainCrewNumber":"000","TrainPosition":"1","TrainRunningPosition":"1","RailName":"T1306","StationID":"013","TerminalStationID":"000","DestinationID":"000"},{"TrainGroupNumber":"202","ServiceNumber":"000","TrainCrewNumber":"000","TrainPosition":"1","TrainRunningPosition":"2","RailName":"T1303","StationID":"013","TerminalStationID":"000","DestinationID":"000"},{"TrainGroupNumber":"299","ServiceNumber":"801","TrainCrewNumber":"000","TrainPosition":"1","TrainRunningPosition":"2","RailName":"T1301","StationID":"013","TerminalStationID":"000","DestinationID":"000"}]}}
10-12 15:56:28.543 11295 11317 D LogWriteUtil.class=LogFileHandlerThread.class: 3getCurrentFileName: logFileName=app33.log
10-12 15:56:28.543 11295 11317 D LogWriteUtil.class=LogFileHandlerThread.class: 1getCurrentFileName: LogWriteUtil.logfile=app.log
10-12 15:56:28.544 11295 11317 D LogWriteUtil.class=LogFileHandlerThread.class: 1getFilePath: logFormat=2022-10-12, LogWriteUtil.logPathDir=/custom/metro/log
10-12 15:56:28.545 11295 11317 D LogWriteUtil.class=LogFileHandlerThread.class: 2getFilePath: filePath=/custom/metro/log/2022-10-12
10-12 15:56:28.545 11295 11317 D LogWriteUtil.class=LogFileHandlerThread.class: getFileNameSuffix: file=/custom/metro/log/2022-10-12
10-12 15:56:28.546 11295 11486 D DisApiSingletonReceive: parseStationAtsData: atsInfo=com.gbcom.library_base.data.StationAtsApiData@fe5cffc
10-12 15:56:28.547 11295 11486 D BtrunCConfig: isR2Nubmer is true
10-12 15:56:28.547 11295 11486 D com.ztegota.system.GotaSystem: getMdn +866022013
10-12 15:56:28.547 11295 11389 D DisApiSingletonReceive: parseStationAtsData: atsInfo=com.gbcom.library_base.data.StationAtsApiData@3208685
10-12 15:56:28.547 11295 11486 D TAG     : getUserId: userId2=+866022013
10-12 15:56:28.547 11295 11389 D BtrunCConfig: isR2Nubmer is true
10-12 15:56:28.547 11295 11486 D BtrunCConfig: isR2Nubmer is true
10-12 15:56:28.547 11295 11389 D com.ztegota.system.GotaSystem: getMdn +866022013
10-12 15:56:28.547 11295 11486 D com.ztegota.system.GotaSystem: getMdn +866022013
10-12 15:56:28.548 11295 11389 D TAG     : getUserId: userId2=+866022013
10-12 15:56:28.548 11295 11486 D TAG     : getUserId: userId2=+866022013
10-12 15:56:28.548 11295 11389 D BtrunCConfig: isR2Nubmer is true
10-12 15:56:28.548 11295 11486 D BtrunCConfig: isR2Nubmer is true
10-12 15:56:28.548 11295 11389 D com.ztegota.system.GotaSystem: getMdn +866022013
10-12 15:56:28.548 11295 11486 D com.ztegota.system.GotaSystem: getMdn +866022013
10-12 15:56:28.548 11295 11389 D TAG     : getUserId: userId2=+866022013
10-12 15:56:28.548 11295 11486 D TAG     : getUserId: userId2=+866022013
10-12 15:56:28.548 11295 11389 D BtrunCConfig: isR2Nubmer is true
10-12 15:56:28.548 11295 11389 D com.ztegota.system.GotaSystem: getMdn +866022013
10-12 15:56:28.548 11295 11389 D TAG     : getUserId: userId2=+866022013
10-12 15:56:28.548 11295 11317 D LogWriteUtil.class=LogFileHandlerThread.class: 2getCurrentFileName: index=3, LogWriteUtil.logfile=app.log, getFileNameSuffix=33
10-12 15:56:28.549 11295 11317 D LogWriteUtil.class=LogFileHandlerThread.class: 1getFilePath: logFormat=2022-10-12, LogWriteUtil.logPathDir=/custom/metro/log
10-12 15:56:28.549 11295 11317 D LogWriteUtil.class=LogFileHandlerThread.class: 2getFilePath: filePath=/custom/metro/log/2022-10-12
10-12 15:56:28.549 11295 11317 D LogWriteUtil.class=LogFileHandlerThread.class: getFileNameSuffix: file=/custom/metro/log/2022-10-12
10-12 15:56:28.550 11295 11317 D LogWriteUtil.class=LogFileHandlerThread.class: 3getCurrentFileName: logFileName=app33.log
10-12 15:56:28.550 11295 11317 D TAG     : 2,initFile: /custom/metro/log/2022-10-12/app33.log, logFile.length=0, getCurrentFileName()=app33.log, writeFileName=/custom/metro/log/2022-10-12/app321665561219591.log
10-12 15:56:28.551 11295 11317 D LogWriteUtil.class=LogFileHandlerThread.class: 8,initFile: logFile=/custom/metro/log/2022-10-12/app33.log, logFile.length=0
10-12 15:56:28.552 11295 11317 D LogWriteUtil.class=LogFileHandlerThread.class: 1getFilePath: logFormat=2022-10-12, LogWriteUtil.logPathDir=/custom/metro/log
10-12 15:56:28.552 11295 11317 D LogWriteUtil.class=LogFileHandlerThread.class: 2getFilePath: filePath=/custom/metro/log/2022-10-12
10-12 15:56:28.553 11295 11317 D LogWriteUtil.class=LogFileHandlerThread.class: 1getCurrentFileName: LogWriteUtil.logfile=app.log
10-12 15:56:28.554 11295 11317 D LogWriteUtil.class=LogFileHandlerThread.class: 1getFilePath: logFormat=2022-10-12, LogWriteUtil.logPathDir=/custom/metro/log
10-12 15:56:28.554 11295 11317 D LogWriteUtil.class=LogFileHandlerThread.class: 2getFilePath: filePath=/custom/metro/log/2022-10-12
10-12 15:56:28.554 11295 11317 D LogWriteUtil.class=LogFileHandlerThread.class: getFileNameSuffix: file=/custom/metro/log/2022-10-12
10-12 15:56:28.555 11295 11317 D LogWriteUtil.class=LogFileHandlerThread.class: 2getCurrentFileName: index=3, LogWriteUtil.logfile=app.log, getFileNameSuffix=33
10-12 15:56:28.556 11295 11317 D LogWriteUtil.class=LogFileHandlerThread.class: 1getFilePath: logFormat=2022-10-12, LogWriteUtil.logPathDir=/custom/metro/log
10-12 15:56:28.556 11295 11317 D LogWriteUtil.class=LogFileHandlerThread.class: 2getFilePath: filePath=/custom/metro/log/2022-10-12
10-12 15:56:28.557 11295 11317 D LogWriteUtil.class=LogFileHandlerThread.class: getFileNameSuffix: file=/custom/metro/log/2022-10-12
10-12 15:56:28.558 11295 11317 D LogWriteUtil.class=LogFileHandlerThread.class: 3getCurrentFileName: logFileName=app33.log
10-12 15:56:28.558 11295 11317 D LogWriteUtil.class=LogFileHandlerThread.class: 1,initFile: getFilePath()=/custom/metro/log/2022-10-12, getCurrentFileName=app33.log
10-12 15:56:28.560 11295 11317 D LogWriteUtil.class=LogFileHandlerThread.class: 1getFilePath: logFormat=2022-10-12, LogWriteUtil.logPathDir=/custom/metro/log
10-12 15:56:28.560 11295 11317 D LogWriteUtil.class=LogFileHandlerThread.class: 2getFilePath: filePath=/custom/metro/log/2022-10-12
10-12 15:56:28.561 11295 11317 D LogWriteUtil.class=LogFileHandlerThread.class: 1getCurrentFileName: LogWriteUtil.logfile=app.log
10-12 15:56:28.562 11295 11317 D LogWriteUtil.class=LogFileHandlerThread.class: 1getFilePath: logFormat=2022-10-12, LogWriteUtil.logPathDir=/custom/metro/log
10-12 15:56:28.562 11295 11317 D LogWriteUtil.class=LogFileHandlerThread.class: 2getFilePath: filePath=/custom/metro/log/2022-10-12
10-12 15:56:28.562 11295 11317 D LogWriteUtil.class=LogFileHandlerThread.class: getFileNameSuffix: file=/custom/metro/log/2022-10-12
10-12 15:56:28.563 11295 11317 D LogWriteUtil.class=LogFileHandlerThread.class: 2getCurrentFileName: index=3, LogWriteUtil.logfile=app.log, getFileNameSuffix=33
10-12 15:56:28.565 11295 11317 D LogWriteUtil.class=LogFileHandlerThread.class: 1getFilePath: logFormat=2022-10-12, LogWriteUtil.logPathDir=/custom/metro/log
10-12 15:56:28.566 11295 11317 D LogWriteUtil.class=LogFileHandlerThread.class: 2getFilePath: filePath=/custom/metro/log/2022-10-12
10-12 15:56:28.566 11295 11317 D LogWriteUtil.class=LogFileHandlerThread.class: getFileNameSuffix: file=/custom/metro/log/2022-10-12
10-12 15:56:28.567 11295 11317 D LogWriteUtil.class=LogFileHandlerThread.class: 3getCurrentFileName: logFileName=app33.log
10-12 15:56:28.567 11295 11317 D LogWriteUtil.class=LogFileHandlerThread.class: 1getCurrentFileName: LogWriteUtil.logfile=app.log
10-12 15:56:28.568 11295 11317 D LogWriteUtil.class=LogFileHandlerThread.class: 1getFilePath: logFormat=2022-10-12, LogWriteUtil.logPathDir=/custom/metro/log
10-12 15:56:28.568 11295 11317 D LogWriteUtil.class=LogFileHandlerThread.class: 2getFilePath: filePath=/custom/metro/log/2022-10-12
10-12 15:56:28.568 11295 11317 D LogWriteUtil.class=LogFileHandlerThread.class: getFileNameSuffix: file=/custom/metro/log/2022-10-12
10-12 15:56:28.569 11295 11317 D LogWriteUtil.class=LogFileHandlerThread.class: 2getCurrentFileName: index=3, LogWriteUtil.logfile=app.log, getFileNameSuffix=33
10-12 15:56:28.570 11295 11317 D LogWriteUtil.class=LogFileHandlerThread.class: 1getFilePath: logFormat=2022-10-12, LogWriteUtil.logPathDir=/custom/metro/log
10-12 15:56:28.570 11295 11317 D LogWriteUtil.class=LogFileHandlerThread.class: 2getFilePath: filePath=/custom/metro/log/2022-10-12
10-12 15:56:28.570 11295 11317 D LogWriteUtil.class=LogFileHandlerThread.class: getFileNameSuffix: file=/custom/metro/log/2022-10-12
10-12 15:56:28.571 11295 11317 D LogWriteUtil.class=LogFileHandlerThread.class: 3getCurrentFileName: logFileName=app33.log
10-12 15:56:28.571 11295 11317 D TAG     : 2,initFile: /custom/metro/log/2022-10-12/app33.log, logFile.length=0, getCurrentFileName()=app33.log, writeFileName=/custom/metro/log/2022-10-12/app321665561219591.log
10-12 15:56:28.571 11295 11317 D LogWriteUtil.class=LogFileHandlerThread.class: 8,initFile: logFile=/custom/metro/log/2022-10-12/app33.log, logFile.length=0
10-12 15:56:28.581 11295 11295 D IndexFragment: initView: applyFxData() - ats=[StationAts(createTime=1665561388, trainGroupNumber=211, serviceNumber=000, trainCrewNumber=000, trainPosition=1, trainRunningPosition=1, railName=T1306, stationID=013, terminalStationID=000, destinationID=000, identityID=+866022013), StationAts(createTime=1665561388, trainGroupNumber=202, serviceNumber=000, trainCrewNumber=000, trainPosition=1, trainRunningPosition=2, railName=T1303, stationID=013, terminalStationID=000, destinationID=000, identityID=+866022013), StationAts(createTime=1665561388, trainGroupNumber=299, serviceNumber=801, trainCrewNumber=000, trainPosition=1, trainRunningPosition=2, railName=T1301, stationID=013, terminalStationID=000, destinationID=000, identityID=+866022013)]
10-12 15:56:28.683 11295 11353 I rilj    : EMCI Detial(CellId--->Tav): 5889,255,2,"46009",255,65535,59,65535,255,255,57,27,16,255,1202590897205,0,0,0,0,0,0,0,0
10-12 15:56:28.684 11295 11353 D LTERILJ : [UNSL]< RIL_UNSOL_NOTIFY_EMCI_DETAIL
10-12 15:56:28.685 11295 11350 D LTEPhone: EVENT_FOR_EMCI_DETAIL
10-12 15:56:28.685 11295 11350 D LTEServiceTracker: setCellId cellId:5889,"46009"
10-12 15:56:28.686 11295 11295 I APP_LogUtils.kt: [(LogUtils.kt:50).i()] [com.gbcom.library_base.service.LLteService] lte_resp_sys_for_emci_detail - EmciDetail=com.ztegota.system.common.EmciDetail@ebdefe8
10-12 15:56:28.688 11295 11317 D LogWriteUtil.class=LogFileHandlerThread.class: 1getFilePath: logFormat=2022-10-12, LogWriteUtil.logPathDir=/custom/metro/log
10-12 15:56:28.688 11295 11317 D LogWriteUtil.class=LogFileHandlerThread.class: 2getFilePath: filePath=/custom/metro/log/2022-10-12
10-12 15:56:28.688 11295 11317 D LogWriteUtil.class=LogFileHandlerThread.class: 1getCurrentFileName: LogWriteUtil.logfile=app.log
10-12 15:56:28.689 11295 11317 D LogWriteUtil.class=LogFileHandlerThread.class: 1getFilePath: logFormat=2022-10-12, LogWriteUtil.logPathDir=/custom/metro/log
10-12 15:56:28.689 11295 11317 D LogWriteUtil.class=LogFileHandlerThread.class: 2getFilePath: filePath=/custom/metro/log/2022-10-12
10-12 15:56:28.689 11295 11317 D LogWriteUtil.class=LogFileHandlerThread.class: getFileNameSuffix: file=/custom/metro/log/2022-10-12
10-12 15:56:28.690 11295 11317 D LogWriteUtil.class=LogFileHandlerThread.class: 2getCurrentFileName: index=3, LogWriteUtil.logfile=app.log, getFileNameSuffix=33
10-12 15:56:28.691 11295 11317 D LogWriteUtil.class=LogFileHandlerThread.class: 1getFilePath: logFormat=2022-10-12, LogWriteUtil.logPathDir=/custom/metro/log
10-12 15:56:28.691 11295 11317 D LogWriteUtil.class=LogFileHandlerThread.class: 2getFilePath: filePath=/custom/metro/log/2022-10-12
10-12 15:56:28.691 11295 11317 D LogWriteUtil.class=LogFileHandlerThread.class: getFileNameSuffix: file=/custom/metro/log/2022-10-12
10-12 15:56:28.692 11295 11317 D LogWriteUtil.class=LogFileHandlerThread.class: 3getCurrentFileName: logFileName=app33.log
10-12 15:56:28.692 11295 11317 D LogWriteUtil.class=LogFileHandlerThread.class: 1,initFile: getFilePath()=/custom/metro/log/2022-10-12, getCurrentFileName=app33.log
10-12 15:56:28.693 11295 11317 D LogWriteUtil.class=LogFileHandlerThread.class: 1getFilePath: logFormat=2022-10-12, LogWriteUtil.logPathDir=/custom/metro/log
10-12 15:56:28.693 11295 11317 D LogWriteUtil.class=LogFileHandlerThread.class: 2getFilePath: filePath=/custom/metro/log/2022-10-12
10-12 15:56:28.694 11295 11317 D LogWriteUtil.class=LogFileHandlerThread.class: 1getCurrentFileName: LogWriteUtil.logfile=app.log
10-12 15:56:28.694 11295 11317 D LogWriteUtil.class=LogFileHandlerThread.class: 1getFilePath: logFormat=2022-10-12, LogWriteUtil.logPathDir=/custom/metro/log
10-12 15:56:28.694 11295 11317 D LogWriteUtil.class=LogFileHandlerThread.class: 2getFilePath: filePath=/custom/metro/log/2022-10-12
10-12 15:56:28.695 11295 11317 D LogWriteUtil.class=LogFileHandlerThread.class: getFileNameSuffix: file=/custom/metro/log/2022-10-12
10-12 15:56:28.695 11295 11317 D LogWriteUtil.class=LogFileHandlerThread.class: 2getCurrentFileName: index=3, LogWriteUtil.logfile=app.log, getFileNameSuffix=33
10-12 15:56:28.696 11295 11317 D LogWriteUtil.class=LogFileHandlerThread.class: 1getFilePath: logFormat=2022-10-12, LogWriteUtil.logPathDir=/custom/metro/log
10-12 15:56:28.696 11295 11317 D LogWriteUtil.class=LogFileHandlerThread.class: 2getFilePath: filePath=/custom/metro/log/2022-10-12
10-12 15:56:28.697 11295 11317 D LogWriteUtil.class=LogFileHandlerThread.class: getFileNameSuffix: file=/custom/metro/log/2022-10-12
10-12 15:56:28.697 11295 11317 D LogWriteUtil.class=LogFileHandlerThread.class: 3getCurrentFileName: logFileName=app33.log
10-12 15:56:28.697 11295 11317 D LogWriteUtil.class=LogFileHandlerThread.class: 1getCurrentFileName: LogWriteUtil.logfile=app.log
10-12 15:56:28.698 11295 11317 D LogWriteUtil.class=LogFileHandlerThread.class: 1getFilePath: logFormat=2022-10-12, LogWriteUtil.logPathDir=/custom/metro/log
10-12 15:56:28.698 11295 11317 D LogWriteUtil.class=LogFileHandlerThread.class: 2getFilePath: filePath=/custom/metro/log/2022-10-12
10-12 15:56:28.698 11295 11317 D LogWriteUtil.class=LogFileHandlerThread.class: getFileNameSuffix: file=/custom/metro/log/2022-10-12
10-12 15:56:28.699 11295 11317 D LogWriteUtil.class=LogFileHandlerThread.class: 2getCurrentFileName: index=3, LogWriteUtil.logfile=app.log, getFileNameSuffix=33
10-12 15:56:28.699 11295 11317 D LogWriteUtil.class=LogFileHandlerThread.class: 1getFilePath: logFormat=2022-10-12, LogWriteUtil.logPathDir=/custom/metro/log
10-12 15:56:28.699 11295 11317 D LogWriteUtil.class=LogFileHandlerThread.class: 2getFilePath: filePath=/custom/metro/log/2022-10-12
10-12 15:56:28.699 11295 11317 D LogWriteUtil.class=LogFileHandlerThread.class: getFileNameSuffix: file=/custom/metro/log/2022-10-12
10-12 15:56:28.700 11295 11317 D LogWriteUtil.class=LogFileHandlerThread.class: 3getCurrentFileName: logFileName=app33.log
10-12 15:56:28.700 11295 11317 D TAG     : 2,initFile: /custom/metro/log/2022-10-12/app33.log, logFile.length=0, getCurrentFileName()=app33.log, writeFileName=/custom/metro/log/2022-10-12/app321665561219591.log
10-12 15:56:28.700 11295 11317 D LogWriteUtil.class=LogFileHandlerThread.class: 8,initFile: logFile=/custom/metro/log/2022-10-12/app33.log, logFile.length=0
10-12 15:56:28.838 11295 11389 D MainViewModel: getSystemTime_currentThreadID2: 238
10-12 15:56:28.877 11295 11389 D TAG     : getSystemTime_currentThreadID3s: 238, isActive=true
10-12 15:56:28.896 11295 11352 D LTERILJ : connection poll ping return 0
10-12 15:56:28.948 11295 11295 D SystemFragment: onClickview: 2131231178
10-12 15:56:28.950   613  3732 I AudioPolicyManagerCustom: FLAG None hence request for a primary output
10-12 15:56:28.951   613  1691 I AudioPolicyManagerCustom: FLAG None hence request for a primary output
10-12 15:56:28.956 11295 11295 D GroupHelper: getGroupByNumber : group nuber is +866027313
10-12 15:56:28.960 11295 11295 V GroupHelper: getGroupByNumber result cursor: android.content.ContentResolver$CursorWrapperInner@a762294
10-12 15:56:29.342 11295 11389 D MainViewModel: getSystemTime_currentThreadID2: 238
10-12 15:56:29.353 11295 11360 D UdpMasterServices: udp receive - 1 - gginit api receive data masterApi, udp service id=218 - running=true - message={"MsgName":"HeartBeatReq","MsgSeqID":8886,"MsgInfo":{"Time":1665561388}}
10-12 15:56:29.354 11295 11360 D UdpMasterServices: ++++++++++++++++++++++++++++++++++++++++++++++++++++++++++++++++++++++++++++++++++++
10-12 15:56:29.354 11295 11360 I APP_LogUtils.kt: [(LogUtils.kt:50).i()] [UdpMasterServices] xlog - api receive data disApi, udp service id=218 - running=true - message={"MsgName":"HeartBeatReq","MsgSeqID":8886,"MsgInfo":{"Time":1665561388}}
10-12 15:56:29.357 11295 11360 D UdpMasterServices: receive: data id=218, running=true, msg=null
10-12 15:56:29.357 11295 11317 D LogWriteUtil.class=LogFileHandlerThread.class: 1getFilePath: logFormat=2022-10-12, LogWriteUtil.logPathDir=/custom/metro/log
10-12 15:56:29.358 11295 11317 D LogWriteUtil.class=LogFileHandlerThread.class: 2getFilePath: filePath=/custom/metro/log/2022-10-12
10-12 15:56:29.358 11295 11317 D LogWriteUtil.class=LogFileHandlerThread.class: 1getCurrentFileName: LogWriteUtil.logfile=app.log
10-12 15:56:29.358 11295 11360 D UdpMasterServices: udp receive - 1 - gginit api receive data masterApi, udp service id=218 - running=true - message={"MsgName":"GetStatusReq","MsgSeqID":8887,"MsgInfo":{}}
10-12 15:56:29.358 11295 11360 D UdpMasterServices: ++++++++++++++++++++++++++++++++++++++++++++++++++++++++++++++++++++++++++++++++++++
10-12 15:56:29.359 11295 11360 I APP_LogUtils.kt: [(LogUtils.kt:50).i()] [UdpMasterServices] xlog - api receive data disApi, udp service id=218 - running=true - message={"MsgName":"GetStatusReq","MsgSeqID":8887,"MsgInfo":{}}
10-12 15:56:29.359 11295 11317 D LogWriteUtil.class=LogFileHandlerThread.class: 1getFilePath: logFormat=2022-10-12, LogWriteUtil.logPathDir=/custom/metro/log
10-12 15:56:29.360 11295 11389 D MasterApiReceive: processingHeartBeatData: HeartBeatInfo(time=1665561388, devSite=0)
10-12 15:56:29.360 11295 11317 D LogWriteUtil.class=LogFileHandlerThread.class: 2getFilePath: filePath=/custom/metro/log/2022-10-12
10-12 15:56:29.360 11295 11317 D LogWriteUtil.class=LogFileHandlerThread.class: getFileNameSuffix: file=/custom/metro/log/2022-10-12
10-12 15:56:29.362 11295 11317 D LogWriteUtil.class=LogFileHandlerThread.class: 2getCurrentFileName: index=3, LogWriteUtil.logfile=app.log, getFileNameSuffix=33
10-12 15:56:29.363 11295 11486 D MasterApiReceive: processingStatusData: mMasterData=MasterAppStatusApiData(msgName=GetStatusReq, msgSeqID=8887, msgInfo={})
10-12 15:56:29.367 11295 11360 D UdpMasterServices: receive: data id=218, running=true, msg=null
10-12 15:56:29.368 11295 11360 D UdpMasterServices: udp receive - 1 - gginit api receive data masterApi, udp service id=218 - running=true - message={"MsgName":"GetOperLogReq","MsgSeqID":8888,"MsgInfo":{"StartTime":1}}
10-12 15:56:29.368 11295 11360 D UdpMasterServices: ++++++++++++++++++++++++++++++++++++++++++++++++++++++++++++++++++++++++++++++++++++
10-12 15:56:29.368 11295 11389 I APP_LogUtils.kt: [(LogUtils.kt:50).i()] [UdpMasterServices] start: send1 - masterApi - thread ID=238 - message={"MsgName":"HeartBeatRsp","MsgSeqID":55,"MsgInfo":{"Time":1665561389}}
10-12 15:56:29.369 11295 11360 I APP_LogUtils.kt: [(LogUtils.kt:50).i()] [UdpMasterServices] xlog - api receive data disApi, udp service id=218 - running=true - message={"MsgName":"GetOperLogReq","MsgSeqID":8888,"MsgInfo":{"StartTime":1}}
10-12 15:56:29.369 11295 11360 D UdpMasterServices: receive: data id=218, running=true, msg=null
10-12 15:56:29.370 11295 11317 D LogWriteUtil.class=LogFileHandlerThread.class: 1getFilePath: logFormat=2022-10-12, LogWriteUtil.logPathDir=/custom/metro/log
10-12 15:56:29.370 11295 11317 D LogWriteUtil.class=LogFileHandlerThread.class: 2getFilePath: filePath=/custom/metro/log/2022-10-12
10-12 15:56:29.370 11295 11317 D LogWriteUtil.class=LogFileHandlerThread.class: getFileNameSuffix: file=/custom/metro/log/2022-10-12
10-12 15:56:29.371 11295 11317 D LogWriteUtil.class=LogFileHandlerThread.class: 3getCurrentFileName: logFileName=app33.log
10-12 15:56:29.372 11295 11317 D LogWriteUtil.class=LogFileHandlerThread.class: 1,initFile: getFilePath()=/custom/metro/log/2022-10-12, getCurrentFileName=app33.log
10-12 15:56:29.372 11295 11317 D LogWriteUtil.class=LogFileHandlerThread.class: 1getFilePath: logFormat=2022-10-12, LogWriteUtil.logPathDir=/custom/metro/log
10-12 15:56:29.373 11295 11317 D LogWriteUtil.class=LogFileHandlerThread.class: 2getFilePath: filePath=/custom/metro/log/2022-10-12
10-12 15:56:29.380 11295 11486 I APP_LogUtils.kt: [(LogUtils.kt:50).i()] [UdpMasterServices] start: send1 - masterApi - thread ID=256 - message={"MsgSeqID":56,"MsgName":"GetStatusRsp","MsgInfo":{"NetMask":"255.255.255.0","DeviceId":"BT-FX300","Gateway":"","SelfCheckFailReason":"","Uptime":14328,"SystemVersion":"TX300-ANDROID-7.1-R0018","AppVersion":"FX400-APK-3.0.1-V1.2.0","SelfCheckStatus":1,"Time":1665561389,"FwVersion":"qualcomm"}}
10-12 15:56:29.384 11295 11499 D TAG     : getSystemTime_currentThreadID3s: 259, isActive=true
10-12 15:56:29.384 11295 11486 D MasterApiReceive: processingOperLogData: mMasterData=MasterOperLogData(msgName=GetOperLogReq, msgSeqID=8888, msgInfo=OperLogInfo(startTime=1))
10-12 15:56:29.390 11295 11317 D LogWriteUtil.class=LogFileHandlerThread.class: 1getCurrentFileName: LogWriteUtil.logfile=app.log
10-12 15:56:29.392 11295 11317 D LogWriteUtil.class=LogFileHandlerThread.class: 1getFilePath: logFormat=2022-10-12, LogWriteUtil.logPathDir=/custom/metro/log
10-12 15:56:29.392 11295 11317 D LogWriteUtil.class=LogFileHandlerThread.class: 2getFilePath: filePath=/custom/metro/log/2022-10-12
10-12 15:56:29.392 11295 11317 D LogWriteUtil.class=LogFileHandlerThread.class: getFileNameSuffix: file=/custom/metro/log/2022-10-12
10-12 15:56:29.393 11295 11317 D LogWriteUtil.class=LogFileHandlerThread.class: 2getCurrentFileName: index=3, LogWriteUtil.logfile=app.log, getFileNameSuffix=33
10-12 15:56:29.393 11295 11317 D LogWriteUtil.class=LogFileHandlerThread.class: 1getFilePath: logFormat=2022-10-12, LogWriteUtil.logPathDir=/custom/metro/log
10-12 15:56:29.393 11295 11317 D LogWriteUtil.class=LogFileHandlerThread.class: 2getFilePath: filePath=/custom/metro/log/2022-10-12
10-12 15:56:29.394 11295 11317 D LogWriteUtil.class=LogFileHandlerThread.class: getFileNameSuffix: file=/custom/metro/log/2022-10-12
10-12 15:56:29.394 11295 11317 D LogWriteUtil.class=LogFileHandlerThread.class: 3getCurrentFileName: logFileName=app33.log
