10-11 13:49:54.499  2706  2827 D LogWriteUtil.class=LogFileHandlerThread.class: 1,initFile: getFilePath()=/custom/metro/log/2022-10-11, getCurrentFileName=app2.log
10-11 13:49:54.499  2706  2827 D LogWriteUtil.class=LogFileHandlerThread.class: 1getFilePath: logFormat=2022-10-11, LogWriteUtil.logPathDir=/custom/metro/log
10-11 13:49:54.499  2706  2827 D LogWriteUtil.class=LogFileHandlerThread.class: 2getFilePath: filePath=/custom/metro/log/2022-10-11
10-11 13:49:54.500  2706  2827 D LogWriteUtil.class=LogFileHandlerThread.class: 1getCurrentFileName: LogWriteUtil.logfile=app.log
10-11 13:49:54.500  2706  2827 D LogWriteUtil.class=LogFileHandlerThread.class: 1getFilePath: logFormat=2022-10-11, LogWriteUtil.logPathDir=/custom/metro/log
10-11 13:49:54.500  2706  2827 D LogWriteUtil.class=LogFileHandlerThread.class: 2getFilePath: filePath=/custom/metro/log/2022-10-11
10-11 13:49:54.500  2706  2827 D LogWriteUtil.class=LogFileHandlerThread.class: getFileNameSuffix: file=/custom/metro/log/2022-10-11
10-11 13:49:54.501  2706  2827 D LogWriteUtil.class=LogFileHandlerThread.class: 2getCurrentFileName: index=3, LogWriteUtil.logfile=app.log, getFileNameSuffix=2
10-11 13:49:54.501  2706  2827 D LogWriteUtil.class=LogFileHandlerThread.class: 1getFilePath: logFormat=2022-10-11, LogWriteUtil.logPathDir=/custom/metro/log
10-11 13:49:54.501  2706  2827 D LogWriteUtil.class=LogFileHandlerThread.class: 2getFilePath: filePath=/custom/metro/log/2022-10-11
10-11 13:49:54.501  2706  2827 D LogWriteUtil.class=LogFileHandlerThread.class: getFileNameSuffix: file=/custom/metro/log/2022-10-11
10-11 13:49:54.502  2706  2827 D LogWriteUtil.class=LogFileHandlerThread.class: 3getCurrentFileName: logFileName=app2.log
10-11 13:49:54.502  2706  2827 D LogWriteUtil.class=LogFileHandlerThread.class: 1getCurrentFileName: LogWriteUtil.logfile=app.log
10-11 13:49:54.503  2706  2827 D LogWriteUtil.class=LogFileHandlerThread.class: 1getFilePath: logFormat=2022-10-11, LogWriteUtil.logPathDir=/custom/metro/log
10-11 13:49:54.503  2706  2827 D LogWriteUtil.class=LogFileHandlerThread.class: 2getFilePath: filePath=/custom/metro/log/2022-10-11
10-11 13:49:54.503  2706  2827 D LogWriteUtil.class=LogFileHandlerThread.class: getFileNameSuffix: file=/custom/metro/log/2022-10-11
10-11 13:49:54.503  2706  2827 D LogWriteUtil.class=LogFileHandlerThread.class: 2getCurrentFileName: index=3, LogWriteUtil.logfile=app.log, getFileNameSuffix=2
10-11 13:49:54.504  2706  2827 D LogWriteUtil.class=LogFileHandlerThread.class: 1getFilePath: logFormat=2022-10-11, LogWriteUtil.logPathDir=/custom/metro/log
10-11 13:49:54.504  2706  2827 D LogWriteUtil.class=LogFileHandlerThread.class: 2getFilePath: filePath=/custom/metro/log/2022-10-11
10-11 13:49:54.504  2706  2827 D LogWriteUtil.class=LogFileHandlerThread.class: getFileNameSuffix: file=/custom/metro/log/2022-10-11
10-11 13:49:54.504  2706  2827 D LogWriteUtil.class=LogFileHandlerThread.class: 3getCurrentFileName: logFileName=app2.log
10-11 13:49:54.505  2706  2827 D TAG     : 2,initFile: /custom/metro/log/2022-10-11/app2.log, logFile.length=80065, getCurrentFileName()=app2.log, writeFileName=/custom/metro/log/2022-10-11/app1.log
10-11 13:49:54.505  2706  2827 D LogWriteUtil.class=LogFileHandlerThread.class: 8,initFile: logFile=/custom/metro/log/2022-10-11/app2.log, logFile.length=80065
10-11 13:49:54.561  2706  2763 I rilj    : EMCI Detial(CellId--->Tav): 5378,255,2,"460702",255,65535,59,65535,255,255,60,28,16,255,1185411028021,0,0,0,0,0,0,0,0
10-11 13:49:54.561  2706  2763 D LTERILJ : [UNSL]< RIL_UNSOL_NOTIFY_EMCI_DETAIL
10-11 13:49:54.562  2706  2760 D LTEPhone: EVENT_FOR_EMCI_DETAIL
10-11 13:49:54.562  2706  2760 D LTEServiceTracker: setCellId cellId:5378,"460702"
10-11 13:49:54.564  2706  2706 I APP_LogUtils.kt: [(LogUtils.kt:50).i()] [com.gbcom.library_base.service.LLteService] lte_resp_sys_for_emci_detail - EmciDetail=com.ztegota.system.common.EmciDetail@5648339
10-11 13:49:54.566  2706  2827 D LogWriteUtil.class=LogFileHandlerThread.class: 1getFilePath: logFormat=2022-10-11, LogWriteUtil.logPathDir=/custom/metro/log
10-11 13:49:54.567  2706  2827 D LogWriteUtil.class=LogFileHandlerThread.class: 2getFilePath: filePath=/custom/metro/log/2022-10-11
10-11 13:49:54.567  2706  2827 D LogWriteUtil.class=LogFileHandlerThread.class: 1getCurrentFileName: LogWriteUtil.logfile=app.log
10-11 13:49:54.568  2706  2827 D LogWriteUtil.class=LogFileHandlerThread.class: 1getFilePath: logFormat=2022-10-11, LogWriteUtil.logPathDir=/custom/metro/log
10-11 13:49:54.568  2706  2827 D LogWriteUtil.class=LogFileHandlerThread.class: 2getFilePath: filePath=/custom/metro/log/2022-10-11
10-11 13:49:54.568  2706  2827 D LogWriteUtil.class=LogFileHandlerThread.class: getFileNameSuffix: file=/custom/metro/log/2022-10-11
10-11 13:49:54.569  2706  2827 D LogWriteUtil.class=LogFileHandlerThread.class: 2getCurrentFileName: index=3, LogWriteUtil.logfile=app.log, getFileNameSuffix=2
10-11 13:49:54.569  2706  2827 D LogWriteUtil.class=LogFileHandlerThread.class: 1getFilePath: logFormat=2022-10-11, LogWriteUtil.logPathDir=/custom/metro/log
10-11 13:49:54.570  2706  2827 D LogWriteUtil.class=LogFileHandlerThread.class: 2getFilePath: filePath=/custom/metro/log/2022-10-11
10-11 13:49:54.570  2706  2827 D LogWriteUtil.class=LogFileHandlerThread.class: getFileNameSuffix: file=/custom/metro/log/2022-10-11
10-11 13:49:54.570  2706  2827 D LogWriteUtil.class=LogFileHandlerThread.class: 3getCurrentFileName: logFileName=app2.log
10-11 13:49:54.570  2706  2827 D LogWriteUtil.class=LogFileHandlerThread.class: 1,initFile: getFilePath()=/custom/metro/log/2022-10-11, getCurrentFileName=app2.log
10-11 13:49:54.571  2706  2827 D LogWriteUtil.class=LogFileHandlerThread.class: 1getFilePath: logFormat=2022-10-11, LogWriteUtil.logPathDir=/custom/metro/log
10-11 13:49:54.571  2706  2827 D LogWriteUtil.class=LogFileHandlerThread.class: 2getFilePath: filePath=/custom/metro/log/2022-10-11
10-11 13:49:54.572  2706  2827 D LogWriteUtil.class=LogFileHandlerThread.class: 1getCurrentFileName: LogWriteUtil.logfile=app.log
10-11 13:49:54.572  2706  2827 D LogWriteUtil.class=LogFileHandlerThread.class: 1getFilePath: logFormat=2022-10-11, LogWriteUtil.logPathDir=/custom/metro/log
10-11 13:49:54.573  2706  2827 D LogWriteUtil.class=LogFileHandlerThread.class: 2getFilePath: filePath=/custom/metro/log/2022-10-11
10-11 13:49:54.573  2706  2827 D LogWriteUtil.class=LogFileHandlerThread.class: getFileNameSuffix: file=/custom/metro/log/2022-10-11
10-11 13:49:54.573  2706  2827 D LogWriteUtil.class=LogFileHandlerThread.class: 2getCurrentFileName: index=3, LogWriteUtil.logfile=app.log, getFileNameSuffix=2
10-11 13:49:54.574  2706  2827 D LogWriteUtil.class=LogFileHandlerThread.class: 1getFilePath: logFormat=2022-10-11, LogWriteUtil.logPathDir=/custom/metro/log
10-11 13:49:54.575  2706  2827 D LogWriteUtil.class=LogFileHandlerThread.class: 2getFilePath: filePath=/custom/metro/log/2022-10-11
10-11 13:49:54.575  2706  2827 D LogWriteUtil.class=LogFileHandlerThread.class: getFileNameSuffix: file=/custom/metro/log/2022-10-11
10-11 13:49:54.577  2706  2827 D LogWriteUtil.class=LogFileHandlerThread.class: 3getCurrentFileName: logFileName=app2.log
10-11 13:49:54.577  2706  2827 D LogWriteUtil.class=LogFileHandlerThread.class: 1getCurrentFileName: LogWriteUtil.logfile=app.log
10-11 13:49:54.578  2706  2827 D LogWriteUtil.class=LogFileHandlerThread.class: 1getFilePath: logFormat=2022-10-11, LogWriteUtil.logPathDir=/custom/metro/log
10-11 13:49:54.579  2706  2827 D LogWriteUtil.class=LogFileHandlerThread.class: 2getFilePath: filePath=/custom/metro/log/2022-10-11
10-11 13:49:54.579  2706  2827 D LogWriteUtil.class=LogFileHandlerThread.class: getFileNameSuffix: file=/custom/metro/log/2022-10-11
10-11 13:49:54.579  2706  2827 D LogWriteUtil.class=LogFileHandlerThread.class: 2getCurrentFileName: index=3, LogWriteUtil.logfile=app.log, getFileNameSuffix=2
10-11 13:49:54.580  2706  2827 D LogWriteUtil.class=LogFileHandlerThread.class: 1getFilePath: logFormat=2022-10-11, LogWriteUtil.logPathDir=/custom/metro/log
10-11 13:49:54.580  2706  2827 D LogWriteUtil.class=LogFileHandlerThread.class: 2getFilePath: filePath=/custom/metro/log/2022-10-11
10-11 13:49:54.581  2706  2827 D LogWriteUtil.class=LogFileHandlerThread.class: getFileNameSuffix: file=/custom/metro/log/2022-10-11
10-11 13:49:54.581  2706  2827 D LogWriteUtil.class=LogFileHandlerThread.class: 3getCurrentFileName: logFileName=app2.log
10-11 13:49:54.581  2706  2827 D TAG     : 2,initFile: /custom/metro/log/2022-10-11/app2.log, logFile.length=80065, getCurrentFileName()=app2.log, writeFileName=/custom/metro/log/2022-10-11/app1.log
10-11 13:49:54.581  2706  2827 D LogWriteUtil.class=LogFileHandlerThread.class: 8,initFile: logFile=/custom/metro/log/2022-10-11/app2.log, logFile.length=80065
10-11 13:49:54.660  2706  3331 D MainViewModel: getSystemTime_currentThreadID2: 106
10-11 13:49:54.702  2706  3331 D TAG     : getSystemTime_currentThreadID3s: 106, isActive=true
10-11 13:49:55.168  2706  3331 D MainViewModel: getSystemTime_currentThreadID2: 106
10-11 13:49:55.208  2706  3331 D TAG     : getSystemTime_currentThreadID3s: 106, isActive=true
10-11 13:49:55.564  2706  2763 I rilj    : EMCI Detial(CellId--->Tav): 5378,255,2,"460702",255,65535,59,65535,255,255,60,28,16,255,1185411028021,0,0,0,0,0,0,0,0
10-11 13:49:55.564  2706  2763 D LTERILJ : [UNSL]< RIL_UNSOL_NOTIFY_EMCI_DETAIL
10-11 13:49:55.566  2706  2760 D LTEPhone: EVENT_FOR_EMCI_DETAIL
10-11 13:49:55.566  2706  2760 D LTEServiceTracker: setCellId cellId:5378,"460702"
10-11 13:49:55.569  2706  2706 I APP_LogUtils.kt: [(LogUtils.kt:50).i()] [com.gbcom.library_base.service.LLteService] lte_resp_sys_for_emci_detail - EmciDetail=com.ztegota.system.common.EmciDetail@55ee38a
10-11 13:49:55.571  2706  2827 D LogWriteUtil.class=LogFileHandlerThread.class: 1getFilePath: logFormat=2022-10-11, LogWriteUtil.logPathDir=/custom/metro/log
10-11 13:49:55.572  2706  2827 D LogWriteUtil.class=LogFileHandlerThread.class: 2getFilePath: filePath=/custom/metro/log/2022-10-11
10-11 13:49:55.572  2706  2827 D LogWriteUtil.class=LogFileHandlerThread.class: 1getCurrentFileName: LogWriteUtil.logfile=app.log
10-11 13:49:55.574  2706  2827 D LogWriteUtil.class=LogFileHandlerThread.class: 1getFilePath: logFormat=2022-10-11, LogWriteUtil.logPathDir=/custom/metro/log
10-11 13:49:55.575  2706  2827 D LogWriteUtil.class=LogFileHandlerThread.class: 2getFilePath: filePath=/custom/metro/log/2022-10-11
10-11 13:49:55.575  2706  2827 D LogWriteUtil.class=LogFileHandlerThread.class: getFileNameSuffix: file=/custom/metro/log/2022-10-11
10-11 13:49:55.576  2706  2827 D LogWriteUtil.class=LogFileHandlerThread.class: 2getCurrentFileName: index=3, LogWriteUtil.logfile=app.log, getFileNameSuffix=2
10-11 13:49:55.578  2706  2827 D LogWriteUtil.class=LogFileHandlerThread.class: 1getFilePath: logFormat=2022-10-11, LogWriteUtil.logPathDir=/custom/metro/log
10-11 13:49:55.578  2706  2827 D LogWriteUtil.class=LogFileHandlerThread.class: 2getFilePath: filePath=/custom/metro/log/2022-10-11
10-11 13:49:55.579  2706  2827 D LogWriteUtil.class=LogFileHandlerThread.class: getFileNameSuffix: file=/custom/metro/log/2022-10-11
10-11 13:49:55.579  2706  2827 D LogWriteUtil.class=LogFileHandlerThread.class: 3getCurrentFileName: logFileName=app2.log
10-11 13:49:55.580  2706  2827 D LogWriteUtil.class=LogFileHandlerThread.class: 1,initFile: getFilePath()=/custom/metro/log/2022-10-11, getCurrentFileName=app2.log
10-11 13:49:55.581  2706  2827 D LogWriteUtil.class=LogFileHandlerThread.class: 1getFilePath: logFormat=2022-10-11, LogWriteUtil.logPathDir=/custom/metro/log
10-11 13:49:55.582  2706  2827 D LogWriteUtil.class=LogFileHandlerThread.class: 2getFilePath: filePath=/custom/metro/log/2022-10-11
10-11 13:49:55.582  2706  2827 D LogWriteUtil.class=LogFileHandlerThread.class: 1getCurrentFileName: LogWriteUtil.logfile=app.log
10-11 13:49:55.583  2706  2827 D LogWriteUtil.class=LogFileHandlerThread.class: 1getFilePath: logFormat=2022-10-11, LogWriteUtil.logPathDir=/custom/metro/log
10-11 13:49:55.583  2706  2827 D LogWriteUtil.class=LogFileHandlerThread.class: 2getFilePath: filePath=/custom/metro/log/2022-10-11
10-11 13:49:55.583  2706  2827 D LogWriteUtil.class=LogFileHandlerThread.class: getFileNameSuffix: file=/custom/metro/log/2022-10-11
10-11 13:49:55.584  2706  2827 D LogWriteUtil.class=LogFileHandlerThread.class: 2getCurrentFileName: index=3, LogWriteUtil.logfile=app.log, getFileNameSuffix=2
10-11 13:49:55.585  2706  2827 D LogWriteUtil.class=LogFileHandlerThread.class: 1getFilePath: logFormat=2022-10-11, LogWriteUtil.logPathDir=/custom/metro/log
10-11 13:49:55.586  2706  2827 D LogWriteUtil.class=LogFileHandlerThread.class: 2getFilePath: filePath=/custom/metro/log/2022-10-11
10-11 13:49:55.586  2706  2827 D LogWriteUtil.class=LogFileHandlerThread.class: getFileNameSuffix: file=/custom/metro/log/2022-10-11
10-11 13:49:55.586   791   791 I MSM-irqbalance: Decided to move IRQ5 from CPU0 [P:0] to CPU4 [P:1] (banned)
10-11 13:49:55.587  2706  2827 D LogWriteUtil.class=LogFileHandlerThread.class: 3getCurrentFileName: logFileName=app2.log
10-11 13:49:55.587  2706  2827 D LogWriteUtil.class=LogFileHandlerThread.class: 1getCurrentFileName: LogWriteUtil.logfile=app.log
10-11 13:49:55.588  2706  2827 D LogWriteUtil.class=LogFileHandlerThread.class: 1getFilePath: logFormat=2022-10-11, LogWriteUtil.logPathDir=/custom/metro/log
10-11 13:49:55.588  2706  2827 D LogWriteUtil.class=LogFileHandlerThread.class: 2getFilePath: filePath=/custom/metro/log/2022-10-11
10-11 13:49:55.589  2706  2827 D LogWriteUtil.class=LogFileHandlerThread.class: getFileNameSuffix: file=/custom/metro/log/2022-10-11
10-11 13:49:55.589   791   791 I MSM-irqbalance: Decided to move IRQ5 from CPU3 [P:0] to CPU5 [P:1] (banned)
10-11 13:49:55.589  2706  2827 D LogWriteUtil.class=LogFileHandlerThread.class: 2getCurrentFileName: index=3, LogWriteUtil.logfile=app.log, getFileNameSuffix=2
10-11 13:49:55.590  2706  3234 D UdpDisServices: udp receive - api receive data disApi, udp service id=99  - udp.packet.address=/172.2.208.8, udp.pack.socketAddress=/172.2.208.8:64002, udp.port=64002- running=true - message={"MsgSeqID":1195942,"MsgName":"GetStationATSRsp","MsgInfo":{"Code":10011,"StationATSInfos":[{"TrainGroupNumber":"212","ServiceNumber":"000","TrainCrewNumber":"000","TrainPosition":"1","TrainRunningPosition":"1","RailName":"T1212","StationID":"012","TerminalStationID":"000","DestinationID":"000"}]}}
10-11 13:49:55.590  2706  2827 D LogWriteUtil.class=LogFileHandlerThread.class: 1getFilePath: logFormat=2022-10-11, LogWriteUtil.logPathDir=/custom/metro/log
10-11 13:49:55.590  2706  2827 D LogWriteUtil.class=LogFileHandlerThread.class: 2getFilePath: filePath=/custom/metro/log/2022-10-11
10-11 13:49:55.590   791   791 I MSM-irqbalance: Decided to move IRQ5 from CPU2 [P:0] to CPU6 [P:1] (banned)
10-11 13:49:55.591  2706  2827 D LogWriteUtil.class=LogFileHandlerThread.class: getFileNameSuffix: file=/custom/metro/log/2022-10-11
10-11 13:49:55.591  2706  2827 D LogWriteUtil.class=LogFileHandlerThread.class: 3getCurrentFileName: logFileName=app2.log
10-11 13:49:55.591  2706  2827 D TAG     : 2,initFile: /custom/metro/log/2022-10-11/app2.log, logFile.length=80065, getCurrentFileName()=app2.log, writeFileName=/custom/metro/log/2022-10-11/app1.log
10-11 13:49:55.591  2706  3234 I APP_LogUtils.kt: [(LogUtils.kt:50).i()] [UdpDisServices] udp receive - api receive data disApi, udp service id=99 - running=true  - ip=/172.2.208.8 - port=64002 - message={"MsgSeqID":1195942,"MsgName":"GetStationATSRsp","MsgInfo":{"Code":10011,"StationATSInfos":[{"TrainGroupNumber":"212","ServiceNumber":"000","TrainCrewNumber":"000","TrainPosition":"1","TrainRunningPosition":"1","RailName":"T1212","StationID":"012","TerminalStationID":"000","DestinationID":"000"}]}}
10-11 13:49:55.591  2706  2827 D LogWriteUtil.class=LogFileHandlerThread.class: 8,initFile: logFile=/custom/metro/log/2022-10-11/app2.log, logFile.length=80065
10-11 13:49:55.592   791   791 I MSM-irqbalance: Decided to move IRQ5 from CPU1 [P:0] to CPU7 [P:1] (banned)
10-11 13:49:55.592  2706  3234 D UdpDisServices: udp receive - api receive data disApi, udp service id=99  - udp.packet.address=/172.2.208.8, udp.pack.socketAddress=/172.2.208.8:64002, udp.port=64002- running=true - message={"MsgSeqID":1195957,"MsgName":"GetStationATSRsp","MsgInfo":{"Code":10011,"StationATSInfos":[{"TrainGroupNumber":"212","ServiceNumber":"000","TrainCrewNumber":"000","TrainPosition":"1","TrainRunningPosition":"1","RailName":"T1212","StationID":"012","TerminalStationID":"000","DestinationID":"000"}]}}
10-11 13:49:55.593  2706  2706 D MainActivity: onMessageEvent  -- gginit: disApi, id=1---event={"MsgSeqID":1195942,"MsgName":"GetStationATSRsp","MsgInfo":{"Code":10011,"StationATSInfos":[{"TrainGroupNumber":"212","ServiceNumber":"000","TrainCrewNumber":"000","TrainPosition":"1","TrainRunningPosition":"1","RailName":"T1212","StationID":"012","TerminalStationID":"000","DestinationID":"000"}]}}
10-11 13:49:55.593  2706  2706 D MainViewModel: 1processDisApi: disApi, id=1
10-11 13:49:55.593  2706  2827 D LogWriteUtil.class=LogFileHandlerThread.class: 1getFilePath: logFormat=2022-10-11, LogWriteUtil.logPathDir=/custom/metro/log
10-11 13:49:55.593  2706  2827 D LogWriteUtil.class=LogFileHandlerThread.class: 2getFilePath: filePath=/custom/metro/log/2022-10-11
10-11 13:49:55.594  2706  3331 D DisApiSingletonReceive: processingData: disApi, id=106 - data={"MsgSeqID":1195942,"MsgName":"GetStationATSRsp","MsgInfo":{"Code":10011,"StationATSInfos":[{"TrainGroupNumber":"212","ServiceNumber":"000","TrainCrewNumber":"000","TrainPosition":"1","TrainRunningPosition":"1","RailName":"T1212","StationID":"012","TerminalStationID":"000","DestinationID":"000"}]}}
10-11 13:49:55.594  2706  3234 I APP_LogUtils.kt: [(LogUtils.kt:50).i()] [UdpDisServices] udp receive - api receive data disApi, udp service id=99 - running=true  - ip=/172.2.208.8 - port=64002 - message={"MsgSeqID":1195957,"MsgName":"GetStationATSRsp","MsgInfo":{"Code":10011,"StationATSInfos":[{"TrainGroupNumber":"212","ServiceNumber":"000","TrainCrewNumber":"000","TrainPosition":"1","TrainRunningPosition":"1","RailName":"T1212","StationID":"012","TerminalStationID":"000","DestinationID":"000"}]}}
10-11 13:49:55.595  2706  2706 D MainActivity: onMessageEvent  -- gginit: disApi, id=1---event={"MsgSeqID":1195957,"MsgName":"GetStationATSRsp","MsgInfo":{"Code":10011,"StationATSInfos":[{"TrainGroupNumber":"212","ServiceNumber":"000","TrainCrewNumber":"000","TrainPosition":"1","TrainRunningPosition":"1","RailName":"T1212","StationID":"012","TerminalStationID":"000","DestinationID":"000"}]}}
10-11 13:49:55.595  2706  2706 D MainViewModel: 1processDisApi: disApi, id=1
10-11 13:49:55.596  2706  2827 D LogWriteUtil.class=LogFileHandlerThread.class: 1getCurrentFileName: LogWriteUtil.logfile=app.log
10-11 13:49:55.597  2706  2827 D LogWriteUtil.class=LogFileHandlerThread.class: 1getFilePath: logFormat=2022-10-11, LogWriteUtil.logPathDir=/custom/metro/log
10-11 13:49:55.597  2706  2827 D LogWriteUtil.class=LogFileHandlerThread.class: 2getFilePath: filePath=/custom/metro/log/2022-10-11
10-11 13:49:55.597  2706  3335 D DisApiSingletonReceive: processingData: disApi, id=110 - data={"MsgSeqID":1195957,"MsgName":"GetStationATSRsp","MsgInfo":{"Code":10011,"StationATSInfos":[{"TrainGroupNumber":"212","ServiceNumber":"000","TrainCrewNumber":"000","TrainPosition":"1","TrainRunningPosition":"1","RailName":"T1212","StationID":"012","TerminalStationID":"000","DestinationID":"000"}]}}
10-11 13:49:55.597  2706  3331 D DisApiSingletonReceive: parseStationAtsData: atsInfo=com.gbcom.library_base.data.StationAtsApiData@9771dfb
10-11 13:49:55.597  2706  3331 D BtrunCConfig: isR2Nubmer is true
10-11 13:49:55.597  2706  3331 D com.ztegota.system.GotaSystem: getMdn +866022012
10-11 13:49:55.598  2706  3331 D TAG     : getUserId: userId2=+866022012
10-11 13:49:55.598  2706  2827 D LogWriteUtil.class=LogFileHandlerThread.class: getFileNameSuffix: file=/custom/metro/log/2022-10-11
10-11 13:49:55.598  2706  2827 D LogWriteUtil.class=LogFileHandlerThread.class: 2getCurrentFileName: index=3, LogWriteUtil.logfile=app.log, getFileNameSuffix=2
10-11 13:49:55.599  2706  2827 D LogWriteUtil.class=LogFileHandlerThread.class: 1getFilePath: logFormat=2022-10-11, LogWriteUtil.logPathDir=/custom/metro/log
10-11 13:49:55.599  2706  2827 D LogWriteUtil.class=LogFileHandlerThread.class: 2getFilePath: filePath=/custom/metro/log/2022-10-11
10-11 13:49:55.599  2706  2827 D LogWriteUtil.class=LogFileHandlerThread.class: getFileNameSuffix: file=/custom/metro/log/2022-10-11
10-11 13:49:55.599  2706  2827 D LogWriteUtil.class=LogFileHandlerThread.class: 3getCurrentFileName: logFileName=app2.log
10-11 13:49:55.599  2706  3335 D DisApiSingletonReceive: parseStationAtsData: atsInfo=com.gbcom.library_base.data.StationAtsApiData@dfc6e18
10-11 13:49:55.599  2706  2827 D LogWriteUtil.class=LogFileHandlerThread.class: 1,initFile: getFilePath()=/custom/metro/log/2022-10-11, getCurrentFileName=app2.log
10-11 13:49:55.600  2706  3335 D BtrunCConfig: isR2Nubmer is true
10-11 13:49:55.600  2706  2827 D LogWriteUtil.class=LogFileHandlerThread.class: 1getFilePath: logFormat=2022-10-11, LogWriteUtil.logPathDir=/custom/metro/log
10-11 13:49:55.600  2706  3335 D com.ztegota.system.GotaSystem: getMdn +866022012
10-11 13:49:55.600  2706  2827 D LogWriteUtil.class=LogFileHandlerThread.class: 2getFilePath: filePath=/custom/metro/log/2022-10-11
10-11 13:49:55.600  2706  3335 D TAG     : getUserId: userId2=+866022012
10-11 13:49:55.600  2706  2827 D LogWriteUtil.class=LogFileHandlerThread.class: 1getCurrentFileName: LogWriteUtil.logfile=app.log
10-11 13:49:55.601  2706  2827 D LogWriteUtil.class=LogFileHandlerThread.class: 1getFilePath: logFormat=2022-10-11, LogWriteUtil.logPathDir=/custom/metro/log
10-11 13:49:55.601  2706  2827 D LogWriteUtil.class=LogFileHandlerThread.class: 2getFilePath: filePath=/custom/metro/log/2022-10-11
10-11 13:49:55.601  2706  2827 D LogWriteUtil.class=LogFileHandlerThread.class: getFileNameSuffix: file=/custom/metro/log/2022-10-11
10-11 13:49:55.601  2706  2827 D LogWriteUtil.class=LogFileHandlerThread.class: 2getCurrentFileName: index=3, LogWriteUtil.logfile=app.log, getFileNameSuffix=2
10-11 13:49:55.602  2706  2827 D LogWriteUtil.class=LogFileHandlerThread.class: 1getFilePath: logFormat=2022-10-11, LogWriteUtil.logPathDir=/custom/metro/log
10-11 13:49:55.602  2706  2827 D LogWriteUtil.class=LogFileHandlerThread.class: 2getFilePath: filePath=/custom/metro/log/2022-10-11
10-11 13:49:55.602  2706  2827 D LogWriteUtil.class=LogFileHandlerThread.class: getFileNameSuffix: file=/custom/metro/log/2022-10-11
10-11 13:49:55.603  2706  2827 D LogWriteUtil.class=LogFileHandlerThread.class: 3getCurrentFileName: logFileName=app2.log
10-11 13:49:55.603  2706  2827 D LogWriteUtil.class=LogFileHandlerThread.class: 1getCurrentFileName: LogWriteUtil.logfile=app.log
10-11 13:49:55.603  2706  2827 D LogWriteUtil.class=LogFileHandlerThread.class: 1getFilePath: logFormat=2022-10-11, LogWriteUtil.logPathDir=/custom/metro/log
10-11 13:49:55.604  2706  2827 D LogWriteUtil.class=LogFileHandlerThread.class: 2getFilePath: filePath=/custom/metro/log/2022-10-11
10-11 13:49:55.604  2706  2827 D LogWriteUtil.class=LogFileHandlerThread.class: getFileNameSuffix: file=/custom/metro/log/2022-10-11
10-11 13:49:55.604  2706  2827 D LogWriteUtil.class=LogFileHandlerThread.class: 2getCurrentFileName: index=3, LogWriteUtil.logfile=app.log, getFileNameSuffix=2
10-11 13:49:55.604  2706  2827 D LogWriteUtil.class=LogFileHandlerThread.class: 1getFilePath: logFormat=2022-10-11, LogWriteUtil.logPathDir=/custom/metro/log
10-11 13:49:55.605  2706  2827 D LogWriteUtil.class=LogFileHandlerThread.class: 2getFilePath: filePath=/custom/metro/log/2022-10-11
10-11 13:49:55.605  2706  2827 D LogWriteUtil.class=LogFileHandlerThread.class: getFileNameSuffix: file=/custom/metro/log/2022-10-11
10-11 13:49:55.605  2706  2827 D LogWriteUtil.class=LogFileHandlerThread.class: 3getCurrentFileName: logFileName=app2.log
10-11 13:49:55.605  2706  2827 D TAG     : 2,initFile: /custom/metro/log/2022-10-11/app2.log, logFile.length=80065, getCurrentFileName()=app2.log, writeFileName=/custom/metro/log/2022-10-11/app1.log
10-11 13:49:55.605  2706  2827 D LogWriteUtil.class=LogFileHandlerThread.class: 8,initFile: logFile=/custom/metro/log/2022-10-11/app2.log, logFile.length=80065
10-11 13:49:55.607  2706  2827 D LogWriteUtil.class=LogFileHandlerThread.class: 1getFilePath: logFormat=2022-10-11, LogWriteUtil.logPathDir=/custom/metro/log
10-11 13:49:55.607  2706  2827 D LogWriteUtil.class=LogFileHandlerThread.class: 2getFilePath: filePath=/custom/metro/log/2022-10-11
10-11 13:49:55.607  2706  2827 D LogWriteUtil.class=LogFileHandlerThread.class: 1getCurrentFileName: LogWriteUtil.logfile=app.log
10-11 13:49:55.607  2706  2827 D LogWriteUtil.class=LogFileHandlerThread.class: 1getFilePath: logFormat=2022-10-11, LogWriteUtil.logPathDir=/custom/metro/log
10-11 13:49:55.608  2706  2827 D LogWriteUtil.class=LogFileHandlerThread.class: 2getFilePath: filePath=/custom/metro/log/2022-10-11
10-11 13:49:55.608  2706  2827 D LogWriteUtil.class=LogFileHandlerThread.class: getFileNameSuffix: file=/custom/metro/log/2022-10-11
10-11 13:49:55.608  2706  2827 D LogWriteUtil.class=LogFileHandlerThread.class: 2getCurrentFileName: index=3, LogWriteUtil.logfile=app.log, getFileNameSuffix=2
10-11 13:49:55.609  2706  2827 D LogWriteUtil.class=LogFileHandlerThread.class: 1getFilePath: logFormat=2022-10-11, LogWriteUtil.logPathDir=/custom/metro/log
10-11 13:49:55.609  2706  2827 D LogWriteUtil.class=LogFileHandlerThread.class: 2getFilePath: filePath=/custom/metro/log/2022-10-11
10-11 13:49:55.609  2706  2827 D LogWriteUtil.class=LogFileHandlerThread.class: getFileNameSuffix: file=/custom/metro/log/2022-10-11
10-11 13:49:55.609  2706  2827 D LogWriteUtil.class=LogFileHandlerThread.class: 3getCurrentFileName: logFileName=app2.log
10-11 13:49:55.609  2706  2827 D LogWriteUtil.class=LogFileHandlerThread.class: 1,initFile: getFilePath()=/custom/metro/log/2022-10-11, getCurrentFileName=app2.log
10-11 13:49:55.610  2706  2827 D LogWriteUtil.class=LogFileHandlerThread.class: 1getFilePath: logFormat=2022-10-11, LogWriteUtil.logPathDir=/custom/metro/log
10-11 13:49:55.610  2706  2827 D LogWriteUtil.class=LogFileHandlerThread.class: 2getFilePath: filePath=/custom/metro/log/2022-10-11
10-11 13:49:55.610  2706  2827 D LogWriteUtil.class=LogFileHandlerThread.class: 1getCurrentFileName: LogWriteUtil.logfile=app.log
10-11 13:49:55.611  2706  2827 D LogWriteUtil.class=LogFileHandlerThread.class: 1getFilePath: logFormat=2022-10-11, LogWriteUtil.logPathDir=/custom/metro/log
10-11 13:49:55.611  2706  2827 D LogWriteUtil.class=LogFileHandlerThread.class: 2getFilePath: filePath=/custom/metro/log/2022-10-11
10-11 13:49:55.611  2706  2827 D LogWriteUtil.class=LogFileHandlerThread.class: getFileNameSuffix: file=/custom/metro/log/2022-10-11
10-11 13:49:55.611  2706  2827 D LogWriteUtil.class=LogFileHandlerThread.class: 2getCurrentFileName: index=3, LogWriteUtil.logfile=app.log, getFileNameSuffix=2
10-11 13:49:55.612  2706  2827 D LogWriteUtil.class=LogFileHandlerThread.class: 1getFilePath: logFormat=2022-10-11, LogWriteUtil.logPathDir=/custom/metro/log
10-11 13:49:55.612  2706  2827 D LogWriteUtil.class=LogFileHandlerThread.class: 2getFilePath: filePath=/custom/metro/log/2022-10-11
10-11 13:49:55.612  2706  2827 D LogWriteUtil.class=LogFileHandlerThread.class: getFileNameSuffix: file=/custom/metro/log/2022-10-11
10-11 13:49:55.613  2706  2827 D LogWriteUtil.class=LogFileHandlerThread.class: 3getCurrentFileName: logFileName=app2.log
10-11 13:49:55.613  2706  2827 D LogWriteUtil.class=LogFileHandlerThread.class: 1getCurrentFileName: LogWriteUtil.logfile=app.log
10-11 13:49:55.613  2706  2827 D LogWriteUtil.class=LogFileHandlerThread.class: 1getFilePath: logFormat=2022-10-11, LogWriteUtil.logPathDir=/custom/metro/log
10-11 13:49:55.613  2706  2827 D LogWriteUtil.class=LogFileHandlerThread.class: 2getFilePath: filePath=/custom/metro/log/2022-10-11
10-11 13:49:55.614  2706  2827 D LogWriteUtil.class=LogFileHandlerThread.class: getFileNameSuffix: file=/custom/metro/log/2022-10-11
10-11 13:49:55.615  2706  2827 D LogWriteUtil.class=LogFileHandlerThread.class: 2getCurrentFileName: index=3, LogWriteUtil.logfile=app.log, getFileNameSuffix=2
10-11 13:49:55.616  2706  2827 D LogWriteUtil.class=LogFileHandlerThread.class: 1getFilePath: logFormat=2022-10-11, LogWriteUtil.logPathDir=/custom/metro/log
10-11 13:49:55.616  2706  2827 D LogWriteUtil.class=LogFileHandlerThread.class: 2getFilePath: filePath=/custom/metro/log/2022-10-11
10-11 13:49:55.616  2706  2827 D LogWriteUtil.class=LogFileHandlerThread.class: getFileNameSuffix: file=/custom/metro/log/2022-10-11
10-11 13:49:55.616  2706  2827 D LogWriteUtil.class=LogFileHandlerThread.class: 3getCurrentFileName: logFileName=app2.log
10-11 13:49:55.617  2706  2827 D TAG     : 2,initFile: /custom/metro/log/2022-10-11/app2.log, logFile.length=80065, getCurrentFileName()=app2.log, writeFileName=/custom/metro/log/2022-10-11/app1.log
10-11 13:49:55.617  2706  2827 D LogWriteUtil.class=LogFileHandlerThread.class: 8,initFile: logFile=/custom/metro/log/2022-10-11/app2.log, logFile.length=80065
10-11 13:49:55.617  2706  2706 D IndexFragment: initView: applyFxData() - ats=[StationAts(createTime=1665467395, trainGroupNumber=212, serviceNumber=000, trainCrewNumber=000, trainPosition=1, trainRunningPosition=1, railName=T1212, stationID=012, terminalStationID=000, destinationID=000, identityID=+866022012)]
10-11 13:49:55.685  2706  3335 D MainViewModel: getSystemTime_currentThreadID2: 110
10-11 13:49:55.712  2706  3335 D TAG     : getSystemTime_currentThreadID3s: 110, isActive=true
10-11 13:49:56.190  2706  3335 D MainViewModel: getSystemTime_currentThreadID2: 110
10-11 13:49:56.217  2706  3335 D TAG     : getSystemTime_currentThreadID3s: 110, isActive=true
10-11 13:49:56.567  2706  2763 I rilj    : EMCI Detial(CellId--->Tav): 5378,255,2,"460702",255,65535,59,65535,255,255,62,27,16,255,1185411028021,0,0,0,0,0,0,0,0
10-11 13:49:56.567  2706  2763 D LTERILJ : [UNSL]< RIL_UNSOL_NOTIFY_EMCI_DETAIL
10-11 13:49:56.568  2706  2760 D LTEPhone: EVENT_FOR_EMCI_DETAIL
10-11 13:49:56.569  2706  2760 D LTEServiceTracker: setCellId cellId:5378,"460702"
10-11 13:49:56.571  2706  2706 I APP_LogUtils.kt: [(LogUtils.kt:50).i()] [com.gbcom.library_base.service.LLteService] lte_resp_sys_for_emci_detail - EmciDetail=com.ztegota.system.common.EmciDetail@f455173
10-11 13:49:56.573  2706  2827 D LogWriteUtil.class=LogFileHandlerThread.class: 1getFilePath: logFormat=2022-10-11, LogWriteUtil.logPathDir=/custom/metro/log
10-11 13:49:56.573  2706  2827 D LogWriteUtil.class=LogFileHandlerThread.class: 2getFilePath: filePath=/custom/metro/log/2022-10-11
10-11 13:49:56.574  2706  2827 D LogWriteUtil.class=LogFileHandlerThread.class: 1getCurrentFileName: LogWriteUtil.logfile=app.log
10-11 13:49:56.575  2706  2827 D LogWriteUtil.class=LogFileHandlerThread.class: 1getFilePath: logFormat=2022-10-11, LogWriteUtil.logPathDir=/custom/metro/log
10-11 13:49:56.575  2706  2827 D LogWriteUtil.class=LogFileHandlerThread.class: 2getFilePath: filePath=/custom/metro/log/2022-10-11
10-11 13:49:56.576  2706  2827 D LogWriteUtil.class=LogFileHandlerThread.class: getFileNameSuffix: file=/custom/metro/log/2022-10-11
10-11 13:49:56.577  2706  2827 D LogWriteUtil.class=LogFileHandlerThread.class: 2getCurrentFileName: index=3, LogWriteUtil.logfile=app.log, getFileNameSuffix=2
10-11 13:49:56.579  2706  2827 D LogWriteUtil.class=LogFileHandlerThread.class: 1getFilePath: logFormat=2022-10-11, LogWriteUtil.logPathDir=/custom/metro/log
10-11 13:49:56.579  2706  2827 D LogWriteUtil.class=LogFileHandlerThread.class: 2getFilePath: filePath=/custom/metro/log/2022-10-11
10-11 13:49:56.579  2706  2827 D LogWriteUtil.class=LogFileHandlerThread.class: getFileNameSuffix: file=/custom/metro/log/2022-10-11
10-11 13:49:56.580  2706  2827 D LogWriteUtil.class=LogFileHandlerThread.class: 3getCurrentFileName: logFileName=app2.log
10-11 13:49:56.580  2706  2827 D LogWriteUtil.class=LogFileHandlerThread.class: 1,initFile: getFilePath()=/custom/metro/log/2022-10-11, getCurrentFileName=app2.log
10-11 13:49:56.581  2706  2827 D LogWriteUtil.class=LogFileHandlerThread.class: 1getFilePath: logFormat=2022-10-11, LogWriteUtil.logPathDir=/custom/metro/log
10-11 13:49:56.581  2706  2827 D LogWriteUtil.class=LogFileHandlerThread.class: 2getFilePath: filePath=/custom/metro/log/2022-10-11
10-11 13:49:56.582  2706  2827 D LogWriteUtil.class=LogFileHandlerThread.class: 1getCurrentFileName: LogWriteUtil.logfile=app.log
10-11 13:49:56.583  2706  2827 D LogWriteUtil.class=LogFileHandlerThread.class: 1getFilePath: logFormat=2022-10-11, LogWriteUtil.logPathDir=/custom/metro/log
10-11 13:49:56.583  2706  2827 D LogWriteUtil.class=LogFileHandlerThread.class: 2getFilePath: filePath=/custom/metro/log/2022-10-11
10-11 13:49:56.584  2706  2827 D LogWriteUtil.class=LogFileHandlerThread.class: getFileNameSuffix: file=/custom/metro/log/2022-10-11
10-11 13:49:56.584  2706  2827 D LogWriteUtil.class=LogFileHandlerThread.class: 2getCurrentFileName: index=3, LogWriteUtil.logfile=app.log, getFileNameSuffix=2
10-11 13:49:56.586  2706  2827 D LogWriteUtil.class=LogFileHandlerThread.class: 1getFilePath: logFormat=2022-10-11, LogWriteUtil.logPathDir=/custom/metro/log
10-11 13:49:56.587  2706  2827 D LogWriteUtil.class=LogFileHandlerThread.class: 2getFilePath: filePath=/custom/metro/log/2022-10-11
10-11 13:49:56.587  2706  2827 D LogWriteUtil.class=LogFileHandlerThread.class: getFileNameSuffix: file=/custom/metro/log/2022-10-11
10-11 13:49:56.587  2706  2827 D LogWriteUtil.class=LogFileHandlerThread.class: 3getCurrentFileName: logFileName=app2.log
10-11 13:49:56.588  2706  2827 D LogWriteUtil.class=LogFileHandlerThread.class: 1getCurrentFileName: LogWriteUtil.logfile=app.log
10-11 13:49:56.589  2706  2827 D LogWriteUtil.class=LogFileHandlerThread.class: 1getFilePath: logFormat=2022-10-11, LogWriteUtil.logPathDir=/custom/metro/log
10-11 13:49:56.589  2706  2827 D LogWriteUtil.class=LogFileHandlerThread.class: 2getFilePath: filePath=/custom/metro/log/2022-10-11
10-11 13:49:56.590  2706  2827 D LogWriteUtil.class=LogFileHandlerThread.class: getFileNameSuffix: file=/custom/metro/log/2022-10-11
10-11 13:49:56.590  2706  2827 D LogWriteUtil.class=LogFileHandlerThread.class: 2getCurrentFileName: index=3, LogWriteUtil.logfile=app.log, getFileNameSuffix=2
10-11 13:49:56.592  2706  2827 D LogWriteUtil.class=LogFileHandlerThread.class: 1getFilePath: logFormat=2022-10-11, LogWriteUtil.logPathDir=/custom/metro/log
10-11 13:49:56.592  2706  2827 D LogWriteUtil.class=LogFileHandlerThread.class: 2getFilePath: filePath=/custom/metro/log/2022-10-11
10-11 13:49:56.592  2706  2827 D LogWriteUtil.class=LogFileHandlerThread.class: getFileNameSuffix: file=/custom/metro/log/2022-10-11
10-11 13:49:56.593  2706  2827 D LogWriteUtil.class=LogFileHandlerThread.class: 3getCurrentFileName: logFileName=app2.log
10-11 13:49:56.593  2706  2827 D TAG     : 2,initFile: /custom/metro/log/2022-10-11/app2.log, logFile.length=80065, getCurrentFileName()=app2.log, writeFileName=/custom/metro/log/2022-10-11/app1.log
10-11 13:49:56.593  2706  2827 D LogWriteUtil.class=LogFileHandlerThread.class: 8,initFile: logFile=/custom/metro/log/2022-10-11/app2.log, logFile.length=80065
10-11 13:49:56.693  2706  3335 D MainViewModel: getSystemTime_currentThreadID2: 110
10-11 13:49:56.723  2706  3335 D TAG     : getSystemTime_currentThreadID3s: 110, isActive=true
10-11 13:49:56.726  2706  2957 D UdpMasterServices: udp receive - 1 - gginit api receive data masterApi, udp service id=91 - running=true - message={"MsgName":"HeartBeatReq","MsgSeqID":314,"MsgInfo":{"Time":1665467395}}
10-11 13:49:56.726  2706  2957 D UdpMasterServices: ++++++++++++++++++++++++++++++++++++++++++++++++++++++++++++++++++++++++++++++++++++
10-11 13:49:56.727  2706  2957 I APP_LogUtils.kt: [(LogUtils.kt:50).i()] [UdpMasterServices] xlog - api receive data disApi, udp service id=91 - running=true - message={"MsgName":"HeartBeatReq","MsgSeqID":314,"MsgInfo":{"Time":1665467395}}
10-11 13:49:56.728  2706  2957 D UdpMasterServices: receive: data id=91, running=true, msg=null
10-11 13:49:56.729  2706  2957 D UdpMasterServices: udp receive - 1 - gginit api receive data masterApi, udp service id=91 - running=true - message={"MsgName":"GetStatusReq","MsgSeqID":315,"MsgInfo":{}}
10-11 13:49:56.729  2706  2957 D UdpMasterServices: ++++++++++++++++++++++++++++++++++++++++++++++++++++++++++++++++++++++++++++++++++++
10-11 13:49:56.729  2706  2827 D LogWriteUtil.class=LogFileHandlerThread.class: 1getFilePath: logFormat=2022-10-11, LogWriteUtil.logPathDir=/custom/metro/log
10-11 13:49:56.730  2706  2957 I APP_LogUtils.kt: [(LogUtils.kt:50).i()] [UdpMasterServices] xlog - api receive data disApi, udp service id=91 - running=true - message={"MsgName":"GetStatusReq","MsgSeqID":315,"MsgInfo":{}}
10-11 13:49:56.729  2706  2827 D LogWriteUtil.class=LogFileHandlerThread.class: 2getFilePath: filePath=/custom/metro/log/2022-10-11
10-11 13:49:56.730  2706  2957 D UdpMasterServices: receive: data id=91, running=true, msg=null
10-11 13:49:56.730  2706  2827 D LogWriteUtil.class=LogFileHandlerThread.class: 1getCurrentFileName: LogWriteUtil.logfile=app.log
10-11 13:49:56.732  2706  2957 D UdpMasterServices: udp receive - 1 - gginit api receive data masterApi, udp service id=91 - running=true - message={"MsgName":"GetOperLogReq","MsgSeqID":316,"MsgInfo":{"StartTime":1}}
10-11 13:49:56.732  2706  2957 D UdpMasterServices: ++++++++++++++++++++++++++++++++++++++++++++++++++++++++++++++++++++++++++++++++++++
10-11 13:49:56.733  2706  2957 I APP_LogUtils.kt: [(LogUtils.kt:50).i()] [UdpMasterServices] xlog - api receive data disApi, udp service id=91 - running=true - message={"MsgName":"GetOperLogReq","MsgSeqID":316,"MsgInfo":{"StartTime":1}}
10-11 13:49:56.734  2706  2827 D LogWriteUtil.class=LogFileHandlerThread.class: 1getFilePath: logFormat=2022-10-11, LogWriteUtil.logPathDir=/custom/metro/log
10-11 13:49:56.734  2706  3335 D MasterApiReceive: processingHeartBeatData: HeartBeatInfo(time=1665467395, devSite=0)
10-11 13:49:56.734  2706  2957 D UdpMasterServices: receive: data id=91, running=true, msg=null
10-11 13:49:56.734  2706  2827 D LogWriteUtil.class=LogFileHandlerThread.class: 2getFilePath: filePath=/custom/metro/log/2022-10-11
10-11 13:49:56.734  2706  2827 D LogWriteUtil.class=LogFileHandlerThread.class: getFileNameSuffix: file=/custom/metro/log/2022-10-11
10-11 13:49:56.736  2706  3331 D MasterApiReceive: processingStatusData: mMasterData=MasterAppStatusApiData(msgName=GetStatusReq, msgSeqID=315, msgInfo={})
10-11 13:49:56.737  2706  2827 D LogWriteUtil.class=LogFileHandlerThread.class: 2getCurrentFileName: index=3, LogWriteUtil.logfile=app.log, getFileNameSuffix=2
10-11 13:49:56.738  2706  3335 I APP_LogUtils.kt: [(LogUtils.kt:50).i()] [UdpMasterServices] start: send1 - masterApi - thread ID=110 - message={"MsgName":"HeartBeatRsp","MsgSeqID":202,"MsgInfo":{"Time":1665467396}}
10-11 13:49:56.739  2706  3334 D MasterApiReceive: processingOperLogData: mMasterData=MasterOperLogData(msgName=GetOperLogReq, msgSeqID=316, msgInfo=OperLogInfo(startTime=1))
10-11 13:49:56.739  2706  2827 D LogWriteUtil.class=LogFileHandlerThread.class: 1getFilePath: logFormat=2022-10-11, LogWriteUtil.logPathDir=/custom/metro/log
10-11 13:49:56.739  2706  2827 D LogWriteUtil.class=LogFileHandlerThread.class: 2getFilePath: filePath=/custom/metro/log/2022-10-11
10-11 13:49:56.740  2706  2827 D LogWriteUtil.class=LogFileHandlerThread.class: getFileNameSuffix: file=/custom/metro/log/2022-10-11
10-11 13:49:56.740  2706  2827 D LogWriteUtil.class=LogFileHandlerThread.class: 3getCurrentFileName: logFileName=app2.log
10-11 13:49:56.740  2706  2827 D LogWriteUtil.class=LogFileHandlerThread.class: 1,initFile: getFilePath()=/custom/metro/log/2022-10-11, getCurrentFileName=app2.log
10-11 13:49:56.741  2706  2827 D LogWriteUtil.class=LogFileHandlerThread.class: 1getFilePath: logFormat=2022-10-11, LogWriteUtil.logPathDir=/custom/metro/log
10-11 13:49:56.741  2706  2827 D LogWriteUtil.class=LogFileHandlerThread.class: 2getFilePath: filePath=/custom/metro/log/2022-10-11
10-11 13:49:56.742  2706  2827 D LogWriteUtil.class=LogFileHandlerThread.class: 1getCurrentFileName: LogWriteUtil.logfile=app.log
10-11 13:49:56.743  2706  2827 D LogWriteUtil.class=LogFileHandlerThread.class: 1getFilePath: logFormat=2022-10-11, LogWriteUtil.logPathDir=/custom/metro/log
10-11 13:49:56.743  2706  2827 D LogWriteUtil.class=LogFileHandlerThread.class: 2getFilePath: filePath=/custom/metro/log/2022-10-11
10-11 13:49:56.743  2706  2827 D LogWriteUtil.class=LogFileHandlerThread.class: getFileNameSuffix: file=/custom/metro/log/2022-10-11
10-11 13:49:56.744  2706  2827 D LogWriteUtil.class=LogFileHandlerThread.class: 2getCurrentFileName: index=3, LogWriteUtil.logfile=app.log, getFileNameSuffix=2
10-11 13:49:56.745  2706  2827 D LogWriteUtil.class=LogFileHandlerThread.class: 1getFilePath: logFormat=2022-10-11, LogWriteUtil.logPathDir=/custom/metro/log
10-11 13:49:56.745  2706  2827 D LogWriteUtil.class=LogFileHandlerThread.class: 2getFilePath: filePath=/custom/metro/log/2022-10-11
10-11 13:49:56.745  2706  2827 D LogWriteUtil.class=LogFileHandlerThread.class: getFileNameSuffix: file=/custom/metro/log/2022-10-11
10-11 13:49:56.746  2706  2827 D LogWriteUtil.class=LogFileHandlerThread.class: 3getCurrentFileName: logFileName=app2.log
10-11 13:49:56.746  2706  2827 D LogWriteUtil.class=LogFileHandlerThread.class: 1getCurrentFileName: LogWriteUtil.logfile=app.log
10-11 13:49:56.747  2706  2827 D LogWriteUtil.class=LogFileHandlerThread.class: 1getFilePath: logFormat=2022-10-11, LogWriteUtil.logPathDir=/custom/metro/log
10-11 13:49:56.748  2706  2827 D LogWriteUtil.class=LogFileHandlerThread.class: 2getFilePath: filePath=/custom/metro/log/2022-10-11
10-11 13:49:56.748  2706  2827 D LogWriteUtil.class=LogFileHandlerThread.class: getFileNameSuffix: file=/custom/metro/log/2022-10-11
10-11 13:49:56.748  2706  2827 D LogWriteUtil.class=LogFileHandlerThread.class: 2getCurrentFileName: index=3, LogWriteUtil.logfile=app.log, getFileNameSuffix=2
10-11 13:49:56.749  2706  2827 D LogWriteUtil.class=LogFileHandlerThread.class: 1getFilePath: logFormat=2022-10-11, LogWriteUtil.logPathDir=/custom/metro/log
10-11 13:49:56.749  2706  2827 D LogWriteUtil.class=LogFileHandlerThread.class: 2getFilePath: filePath=/custom/metro/log/2022-10-11
10-11 13:49:56.750  2706  2827 D LogWriteUtil.class=LogFileHandlerThread.class: getFileNameSuffix: file=/custom/metro/log/2022-10-11
10-11 13:49:56.750  2706  2827 D LogWriteUtil.class=LogFileHandlerThread.class: 3getCurrentFileName: logFileName=app2.log
10-11 13:49:56.750  2706  2827 D TAG     : 2,initFile: /custom/metro/log/2022-10-11/app2.log, logFile.length=80065, getCurrentFileName()=app2.log, writeFileName=/custom/metro/log/2022-10-11/app1.log
10-11 13:49:56.751  2706  2827 D LogWriteUtil.class=LogFileHandlerThread.class: 8,initFile: logFile=/custom/metro/log/2022-10-11/app2.log, logFile.length=80065
10-11 13:49:56.753  2706  2827 D LogWriteUtil.class=LogFileHandlerThread.class: 1getFilePath: logFormat=2022-10-11, LogWriteUtil.logPathDir=/custom/metro/log
10-11 13:49:56.753  2706  2827 D LogWriteUtil.class=LogFileHandlerThread.class: 2getFilePath: filePath=/custom/metro/log/2022-10-11
10-11 13:49:56.754  2706  2827 D LogWriteUtil.class=LogFileHandlerThread.class: 1getCurrentFileName: LogWriteUtil.logfile=app.log
10-11 13:49:56.755  2706  2827 D LogWriteUtil.class=LogFileHandlerThread.class: 1getFilePath: logFormat=2022-10-11, LogWriteUtil.logPathDir=/custom/metro/log
10-11 13:49:56.755  2706  2827 D LogWriteUtil.class=LogFileHandlerThread.class: 2getFilePath: filePath=/custom/metro/log/2022-10-11
10-11 13:49:56.755  2706  2827 D LogWriteUtil.class=LogFileHandlerThread.class: getFileNameSuffix: file=/custom/metro/log/2022-10-11
10-11 13:49:56.756  2706  2827 D LogWriteUtil.class=LogFileHandlerThread.class: 2getCurrentFileName: index=3, LogWriteUtil.logfile=app.log, getFileNameSuffix=2
10-11 13:49:56.757  2706  2827 D LogWriteUtil.class=LogFileHandlerThread.class: 1getFilePath: logFormat=2022-10-11, LogWriteUtil.logPathDir=/custom/metro/log
10-11 13:49:56.757  2706  2827 D LogWriteUtil.class=LogFileHandlerThread.class: 2getFilePath: filePath=/custom/metro/log/2022-10-11
10-11 13:49:56.757  2706  2827 D LogWriteUtil.class=LogFileHandlerThread.class: getFileNameSuffix: file=/custom/metro/log/2022-10-11
10-11 13:49:56.757  2706  3331 I APP_LogUtils.kt: [(LogUtils.kt:50).i()] [UdpMasterServices] start: send1 - masterApi - thread ID=106 - message={"MsgSeqID":203,"MsgName":"GetStatusRsp","MsgInfo":{"NetMask":"255.255.255.0","DeviceId":"BT-FX300","Gateway":"","SelfCheckFailReason":"","Uptime":481,"SystemVersion":"TX300-ANDROID-7.1-R0018","AppVersion":"FX400-APK-3.0.1-V1.0.9","SelfCheckStatus":1,"Time":1665467396,"FwVersion":"qualcomm"}}
10-11 13:49:56.757  2706  2827 D LogWriteUtil.class=LogFileHandlerThread.class: 3getCurrentFileName: logFileName=app2.log
10-11 13:49:56.757  2706  2827 D LogWriteUtil.class=LogFileHandlerThread.class: 1,initFile: getFilePath()=/custom/metro/log/2022-10-11, getCurrentFileName=app2.log
10-11 13:49:56.758  2706  2827 D LogWriteUtil.class=LogFileHandlerThread.class: 1getFilePath: logFormat=2022-10-11, LogWriteUtil.logPathDir=/custom/metro/log
10-11 13:49:56.760  2706  2827 D LogWriteUtil.class=LogFileHandlerThread.class: 2getFilePath: filePath=/custom/metro/log/2022-10-11
10-11 13:49:56.760  2706  2827 D LogWriteUtil.class=LogFileHandlerThread.class: 1getCurrentFileName: LogWriteUtil.logfile=app.log
10-11 13:49:56.761  2706  2827 D LogWriteUtil.class=LogFileHandlerThread.class: 1getFilePath: logFormat=2022-10-11, LogWriteUtil.logPathDir=/custom/metro/log
10-11 13:49:56.761  2706  2827 D LogWriteUtil.class=LogFileHandlerThread.class: 2getFilePath: filePath=/custom/metro/log/2022-10-11
10-11 13:49:56.761  2706  2827 D LogWriteUtil.class=LogFileHandlerThread.class: getFileNameSuffix: file=/custom/metro/log/2022-10-11
10-11 13:49:56.761  2706  2827 D LogWriteUtil.class=LogFileHandlerThread.class: 2getCurrentFileName: index=3, LogWriteUtil.logfile=app.log, getFileNameSuffix=2
10-11 13:49:56.762  2706  2827 D LogWriteUtil.class=LogFileHandlerThread.class: 1getFilePath: logFormat=2022-10-11, LogWriteUtil.logPathDir=/custom/metro/log
10-11 13:49:56.762  2706  2827 D LogWriteUtil.class=LogFileHandlerThread.class: 2getFilePath: filePath=/custom/metro/log/2022-10-11
10-11 13:49:56.762  2706  2827 D LogWriteUtil.class=LogFileHandlerThread.class: getFileNameSuffix: file=/custom/metro/log/2022-10-11
10-11 13:49:56.763  2706  2827 D LogWriteUtil.class=LogFileHandlerThread.class: 3getCurrentFileName: logFileName=app2.log
10-11 13:49:56.763  2706  2827 D LogWriteUtil.class=LogFileHandlerThread.class: 1getCurrentFileName: LogWriteUtil.logfile=app.log
10-11 13:49:56.763  2706  2827 D LogWriteUtil.class=LogFileHandlerThread.class: 1getFilePath: logFormat=2022-10-11, LogWriteUtil.logPathDir=/custom/metro/log
10-11 13:49:56.764  2706  2827 D LogWriteUtil.class=LogFileHandlerThread.class: 2getFilePath: filePath=/custom/metro/log/2022-10-11
10-11 13:49:56.764  2706  2827 D LogWriteUtil.class=LogFileHandlerThread.class: getFileNameSuffix: file=/custom/metro/log/2022-10-11
10-11 13:49:56.764  2706  2827 D LogWriteUtil.class=LogFileHandlerThread.class: 2getCurrentFileName: index=3, LogWriteUtil.logfile=app.log, getFileNameSuffix=2
10-11 13:49:56.765  2706  2827 D LogWriteUtil.class=LogFileHandlerThread.class: 1getFilePath: logFormat=2022-10-11, LogWriteUtil.logPathDir=/custom/metro/log
10-11 13:49:56.765  2706  2827 D LogWriteUtil.class=LogFileHandlerThread.class: 2getFilePath: filePath=/custom/metro/log/2022-10-11
10-11 13:49:56.765  2706  2827 D LogWriteUtil.class=LogFileHandlerThread.class: getFileNameSuffix: file=/custom/metro/log/2022-10-11
10-11 13:49:56.766  2706  2827 D LogWriteUtil.class=LogFileHandlerThread.class: 3getCurrentFileName: logFileName=app2.log
10-11 13:49:56.766  2706  2827 D TAG     : 2,initFile: /custom/metro/log/2022-10-11/app2.log, logFile.length=80065, getCurrentFileName()=app2.log, writeFileName=/custom/metro/log/2022-10-11/app1.log
10-11 13:49:56.766  2706  2827 D LogWriteUtil.class=LogFileHandlerThread.class: 8,initFile: logFile=/custom/metro/log/2022-10-11/app2.log, logFile.length=80065
10-11 13:49:56.767  2706  2827 D LogWriteUtil.class=LogFileHandlerThread.class: 1getFilePath: logFormat=2022-10-11, LogWriteUtil.logPathDir=/custom/metro/log
10-11 13:49:56.767  2706  2827 D LogWriteUtil.class=LogFileHandlerThread.class: 2getFilePath: filePath=/custom/metro/log/2022-10-11
10-11 13:49:56.767  2706  2827 D LogWriteUtil.class=LogFileHandlerThread.class: 1getCurrentFileName: LogWriteUtil.logfile=app.log
10-11 13:49:56.768  2706  2827 D LogWriteUtil.class=LogFileHandlerThread.class: 1getFilePath: logFormat=2022-10-11, LogWriteUtil.logPathDir=/custom/metro/log
10-11 13:49:56.768  2706  2827 D LogWriteUtil.class=LogFileHandlerThread.class: 2getFilePath: filePath=/custom/metro/log/2022-10-11
10-11 13:49:56.768  2706  2827 D LogWriteUtil.class=LogFileHandlerThread.class: getFileNameSuffix: file=/custom/metro/log/2022-10-11
10-11 13:49:56.768  2706  2827 D LogWriteUtil.class=LogFileHandlerThread.class: 2getCurrentFileName: index=3, LogWriteUtil.logfile=app.log, getFileNameSuffix=2
10-11 13:49:56.769  2706  2827 D LogWriteUtil.class=LogFileHandlerThread.class: 1getFilePath: logFormat=2022-10-11, LogWriteUtil.logPathDir=/custom/metro/log
10-11 13:49:56.769  2706  2827 D LogWriteUtil.class=LogFileHandlerThread.class: 2getFilePath: filePath=/custom/metro/log/2022-10-11
10-11 13:49:56.769  2706  2827 D LogWriteUtil.class=LogFileHandlerThread.class: getFileNameSuffix: file=/custom/metro/log/2022-10-11
