10-12 15:56:25.697 11295 11317 D TAG     : 2,initFile: /custom/metro/log/2022-10-12/app33.log, logFile.length=0, getCurrentFileName()=app33.log, writeFileName=/custom/metro/log/2022-10-12/app321665561219591.log
10-12 15:56:25.697 11295 11317 D LogWriteUtil.class=LogFileHandlerThread.class: 8,initFile: logFile=/custom/metro/log/2022-10-12/app33.log, logFile.length=0
10-12 15:56:25.729 11295 11389 D MainViewModel: getSystemTime_currentThreadID2: 238
10-12 15:56:25.801 11295 11389 D TAG     : getSystemTime_currentThreadID3s: 238, isActive=true
10-12 15:56:26.233 11295 11389 D MainViewModel: getSystemTime_currentThreadID2: 238
10-12 15:56:26.306 11295 11389 D TAG     : getSystemTime_currentThreadID3s: 238, isActive=true
10-12 15:56:26.531 11295 11361 D UdpDisServices: udp receive - api receive data disApi, udp service id=219  - udp.packet.address=/172.2.208.8, udp.pack.socketAddress=/172.2.208.8:64002, udp.port=64002- running=true - message={"MsgSeqID":57053,"MsgName":"GetStationATSRsp","MsgInfo":{"Code":10011,"StationATSInfos":[{"TrainGroupNumber":"211","ServiceNumber":"000","TrainCrewNumber":"000","TrainPosition":"1","TrainRunningPosition":"1","RailName":"T1306","StationID":"013","TerminalStationID":"000","DestinationID":"000"},{"TrainGroupNumber":"202","ServiceNumber":"000","TrainCrewNumber":"000","TrainPosition":"1","TrainRunningPosition":"2","RailName":"T1303","StationID":"013","TerminalStationID":"000","DestinationID":"000"},{"TrainGroupNumber":"299","ServiceNumber":"801","TrainCrewNumber":"000","TrainPosition":"1","TrainRunningPosition":"2","RailName":"T1301","StationID":"013","TerminalStationID":"000","DestinationID":"000"}]}}
10-12 15:56:26.533 11295 11361 I APP_LogUtils.kt: [(LogUtils.kt:50).i()] [UdpDisServices] udp receive - api receive data disApi, udp service id=219 - running=true  - ip=/172.2.208.8 - port=64002 - message={"MsgSeqID":57053,"MsgName":"GetStationATSRsp","MsgInfo":{"Code":10011,"StationATSInfos":[{"TrainGroupNumber":"211","ServiceNumber":"000","TrainCrewNumber":"000","TrainPosition":"1","TrainRunningPosition":"1","RailName":"T1306","StationID":"013","TerminalStationID":"000","DestinationID":"000"},{"TrainGroupNumber":"202","ServiceNumber":"000","TrainCrewNumber":"000","TrainPosition":"1","TrainRunningPosition":"2","RailName":"T1303","StationID":"013","TerminalStationID":"000","DestinationID":"000"},{"TrainGroupNumber":"299","ServiceNumber":"801","TrainCrewNumber":"000","TrainPosition":"1","TrainRunningPosition":"2","RailName":"T1301","StationID":"013","TerminalStationID":"000","DestinationID":"000"}]}}
10-12 15:56:26.534 11295 11361 D UdpDisServices: udp receive - api receive data disApi, udp service id=219  - udp.packet.address=/172.2.208.8, udp.pack.socketAddress=/172.2.208.8:64002, udp.port=64002- running=true - message={"MsgSeqID":57077,"MsgName":"GetStationATSRsp","MsgInfo":{"Code":10011,"StationATSInfos":[{"TrainGroupNumber":"211","ServiceNumber":"000","TrainCrewNumber":"000","TrainPosition":"1","TrainRunningPosition":"1","RailName":"T1306","StationID":"013","TerminalStationID":"000","DestinationID":"000"},{"TrainGroupNumber":"202","ServiceNumber":"000","TrainCrewNumber":"000","TrainPosition":"1","TrainRunningPosition":"2","RailName":"T1303","StationID":"013","TerminalStationID":"000","DestinationID":"000"},{"TrainGroupNumber":"299","ServiceNumber":"801","TrainCrewNumber":"000","TrainPosition":"1","TrainRunningPosition":"2","RailName":"T1301","StationID":"013","TerminalStationID":"000","DestinationID":"000"}]}}
10-12 15:56:26.535 11295 11295 D MainActivity: onMessageEvent  -- gginit: disApi, id=1---event={"MsgSeqID":57053,"MsgName":"GetStationATSRsp","MsgInfo":{"Code":10011,"StationATSInfos":[{"TrainGroupNumber":"211","ServiceNumber":"000","TrainCrewNumber":"000","TrainPosition":"1","TrainRunningPosition":"1","RailName":"T1306","StationID":"013","TerminalStationID":"000","DestinationID":"000"},{"TrainGroupNumber":"202","ServiceNumber":"000","TrainCrewNumber":"000","TrainPosition":"1","TrainRunningPosition":"2","RailName":"T1303","StationID":"013","TerminalStationID":"000","DestinationID":"000"},{"TrainGroupNumber":"299","ServiceNumber":"801","TrainCrewNumber":"000","TrainPosition":"1","TrainRunningPosition":"2","RailName":"T1301","StationID":"013","TerminalStationID":"000","DestinationID":"000"}]}}
10-12 15:56:26.535 11295 11295 D MainViewModel: 1processDisApi: disApi, id=1
10-12 15:56:26.535 11295 11317 D LogWriteUtil.class=LogFileHandlerThread.class: 1getFilePath: logFormat=2022-10-12, LogWriteUtil.logPathDir=/custom/metro/log
10-12 15:56:26.535 11295 11317 D LogWriteUtil.class=LogFileHandlerThread.class: 2getFilePath: filePath=/custom/metro/log/2022-10-12
10-12 15:56:26.536 11295 11317 D LogWriteUtil.class=LogFileHandlerThread.class: 1getCurrentFileName: LogWriteUtil.logfile=app.log
10-12 15:56:26.537 11295 11486 D DisApiSingletonReceive: processingData: disApi, id=256 - data={"MsgSeqID":57053,"MsgName":"GetStationATSRsp","MsgInfo":{"Code":10011,"StationATSInfos":[{"TrainGroupNumber":"211","ServiceNumber":"000","TrainCrewNumber":"000","TrainPosition":"1","TrainRunningPosition":"1","RailName":"T1306","StationID":"013","TerminalStationID":"000","DestinationID":"000"},{"TrainGroupNumber":"202","ServiceNumber":"000","TrainCrewNumber":"000","TrainPosition":"1","TrainRunningPosition":"2","RailName":"T1303","StationID":"013","TerminalStationID":"000","DestinationID":"000"},{"TrainGroupNumber":"299","ServiceNumber":"801","TrainCrewNumber":"000","TrainPosition":"1","TrainRunningPosition":"2","RailName":"T1301","StationID":"013","TerminalStationID":"000","DestinationID":"000"}]}}
10-12 15:56:26.538 11295 11361 I APP_LogUtils.kt: [(LogUtils.kt:50).i()] [UdpDisServices] udp receive - api receive data disApi, udp service id=219 - running=true  - ip=/172.2.208.8 - port=64002 - message={"MsgSeqID":57077,"MsgName":"GetStationATSRsp","MsgInfo":{"Code":10011,"StationATSInfos":[{"TrainGroupNumber":"211","ServiceNumber":"000","TrainCrewNumber":"000","TrainPosition":"1","TrainRunningPosition":"1","RailName":"T1306","StationID":"013","TerminalStationID":"000","DestinationID":"000"},{"TrainGroupNumber":"202","ServiceNumber":"000","TrainCrewNumber":"000","TrainPosition":"1","TrainRunningPosition":"2","RailName":"T1303","StationID":"013","TerminalStationID":"000","DestinationID":"000"},{"TrainGroupNumber":"299","ServiceNumber":"801","TrainCrewNumber":"000","TrainPosition":"1","TrainRunningPosition":"2","RailName":"T1301","StationID":"013","TerminalStationID":"000","DestinationID":"000"}]}}
10-12 15:56:26.539 11295 11295 D MainActivity: onMessageEvent  -- gginit: disApi, id=1---event={"MsgSeqID":57077,"MsgName":"GetStationATSRsp","MsgInfo":{"Code":10011,"StationATSInfos":[{"TrainGroupNumber":"211","ServiceNumber":"000","TrainCrewNumber":"000","TrainPosition":"1","TrainRunningPosition":"1","RailName":"T1306","StationID":"013","TerminalStationID":"000","DestinationID":"000"},{"TrainGroupNumber":"202","ServiceNumber":"000","TrainCrewNumber":"000","TrainPosition":"1","TrainRunningPosition":"2","RailName":"T1303","StationID":"013","TerminalStationID":"000","DestinationID":"000"},{"TrainGroupNumber":"299","ServiceNumber":"801","TrainCrewNumber":"000","TrainPosition":"1","TrainRunningPosition":"2","RailName":"T1301","StationID":"013","TerminalStationID":"000","DestinationID":"000"}]}}
10-12 15:56:26.539 11295 11295 D MainViewModel: 1processDisApi: disApi, id=1
10-12 15:56:26.541 11295 11317 D LogWriteUtil.class=LogFileHandlerThread.class: 1getFilePath: logFormat=2022-10-12, LogWriteUtil.logPathDir=/custom/metro/log
10-12 15:56:26.541 11295 11317 D LogWriteUtil.class=LogFileHandlerThread.class: 2getFilePath: filePath=/custom/metro/log/2022-10-12
10-12 15:56:26.541 11295 11317 D LogWriteUtil.class=LogFileHandlerThread.class: getFileNameSuffix: file=/custom/metro/log/2022-10-12
10-12 15:56:26.542 11295 11389 D DisApiSingletonReceive: processingData: disApi, id=238 - data={"MsgSeqID":57077,"MsgName":"GetStationATSRsp","MsgInfo":{"Code":10011,"StationATSInfos":[{"TrainGroupNumber":"211","ServiceNumber":"000","TrainCrewNumber":"000","TrainPosition":"1","TrainRunningPosition":"1","RailName":"T1306","StationID":"013","TerminalStationID":"000","DestinationID":"000"},{"TrainGroupNumber":"202","ServiceNumber":"000","TrainCrewNumber":"000","TrainPosition":"1","TrainRunningPosition":"2","RailName":"T1303","StationID":"013","TerminalStationID":"000","DestinationID":"000"},{"TrainGroupNumber":"299","ServiceNumber":"801","TrainCrewNumber":"000","TrainPosition":"1","TrainRunningPosition":"2","RailName":"T1301","StationID":"013","TerminalStationID":"000","DestinationID":"000"}]}}
10-12 15:56:26.543 11295 11317 D LogWriteUtil.class=LogFileHandlerThread.class: 2getCurrentFileName: index=3, LogWriteUtil.logfile=app.log, getFileNameSuffix=33
10-12 15:56:26.543 11295 11486 D DisApiSingletonReceive: parseStationAtsData: atsInfo=com.gbcom.library_base.data.StationAtsApiData@a02397a
10-12 15:56:26.544 11295 11317 D LogWriteUtil.class=LogFileHandlerThread.class: 1getFilePath: logFormat=2022-10-12, LogWriteUtil.logPathDir=/custom/metro/log
10-12 15:56:26.544 11295 11317 D LogWriteUtil.class=LogFileHandlerThread.class: 2getFilePath: filePath=/custom/metro/log/2022-10-12
10-12 15:56:26.544 11295 11317 D LogWriteUtil.class=LogFileHandlerThread.class: getFileNameSuffix: file=/custom/metro/log/2022-10-12
10-12 15:56:26.545 11295 11317 D LogWriteUtil.class=LogFileHandlerThread.class: 3getCurrentFileName: logFileName=app33.log
10-12 15:56:26.546 11295 11317 D LogWriteUtil.class=LogFileHandlerThread.class: 1,initFile: getFilePath()=/custom/metro/log/2022-10-12, getCurrentFileName=app33.log
10-12 15:56:26.545 11295 11389 D DisApiSingletonReceive: parseStationAtsData: atsInfo=com.gbcom.library_base.data.StationAtsApiData@ed1d52b
10-12 15:56:26.546 11295 11389 D BtrunCConfig: isR2Nubmer is true
10-12 15:56:26.546 11295 11389 D com.ztegota.system.GotaSystem: getMdn +866022013
10-12 15:56:26.546 11295 11389 D TAG     : getUserId: userId2=+866022013
10-12 15:56:26.547 11295 11389 D BtrunCConfig: isR2Nubmer is true
10-12 15:56:26.547 11295 11389 D com.ztegota.system.GotaSystem: getMdn +866022013
10-12 15:56:26.547 11295 11389 D TAG     : getUserId: userId2=+866022013
10-12 15:56:26.547 11295 11389 D BtrunCConfig: isR2Nubmer is true
10-12 15:56:26.547 11295 11486 D BtrunCConfig: isR2Nubmer is true
10-12 15:56:26.547 11295 11389 D com.ztegota.system.GotaSystem: getMdn +866022013
10-12 15:56:26.547 11295 11486 D com.ztegota.system.GotaSystem: getMdn +866022013
10-12 15:56:26.547 11295 11389 D TAG     : getUserId: userId2=+866022013
10-12 15:56:26.547 11295 11486 D TAG     : getUserId: userId2=+866022013
10-12 15:56:26.547 11295 11486 D BtrunCConfig: isR2Nubmer is true
10-12 15:56:26.547 11295 11486 D com.ztegota.system.GotaSystem: getMdn +866022013
10-12 15:56:26.547 11295 11486 D TAG     : getUserId: userId2=+866022013
10-12 15:56:26.547 11295 11486 D BtrunCConfig: isR2Nubmer is true
10-12 15:56:26.547 11295 11486 D com.ztegota.system.GotaSystem: getMdn +866022013
10-12 15:56:26.548 11295 11486 D TAG     : getUserId: userId2=+866022013
10-12 15:56:26.551 11295 11317 D LogWriteUtil.class=LogFileHandlerThread.class: 1getFilePath: logFormat=2022-10-12, LogWriteUtil.logPathDir=/custom/metro/log
10-12 15:56:26.551 11295 11317 D LogWriteUtil.class=LogFileHandlerThread.class: 2getFilePath: filePath=/custom/metro/log/2022-10-12
10-12 15:56:26.552 11295 11317 D LogWriteUtil.class=LogFileHandlerThread.class: 1getCurrentFileName: LogWriteUtil.logfile=app.log
10-12 15:56:26.556 11295 11317 D LogWriteUtil.class=LogFileHandlerThread.class: 1getFilePath: logFormat=2022-10-12, LogWriteUtil.logPathDir=/custom/metro/log
10-12 15:56:26.556 11295 11317 D LogWriteUtil.class=LogFileHandlerThread.class: 2getFilePath: filePath=/custom/metro/log/2022-10-12
10-12 15:56:26.557 11295 11317 D LogWriteUtil.class=LogFileHandlerThread.class: getFileNameSuffix: file=/custom/metro/log/2022-10-12
10-12 15:56:26.558 11295 11317 D LogWriteUtil.class=LogFileHandlerThread.class: 2getCurrentFileName: index=3, LogWriteUtil.logfile=app.log, getFileNameSuffix=33
10-12 15:56:26.559 11295 11317 D LogWriteUtil.class=LogFileHandlerThread.class: 1getFilePath: logFormat=2022-10-12, LogWriteUtil.logPathDir=/custom/metro/log
10-12 15:56:26.559 11295 11317 D LogWriteUtil.class=LogFileHandlerThread.class: 2getFilePath: filePath=/custom/metro/log/2022-10-12
10-12 15:56:26.559 11295 11317 D LogWriteUtil.class=LogFileHandlerThread.class: getFileNameSuffix: file=/custom/metro/log/2022-10-12
10-12 15:56:26.560 11295 11317 D LogWriteUtil.class=LogFileHandlerThread.class: 3getCurrentFileName: logFileName=app33.log
10-12 15:56:26.561 11295 11317 D LogWriteUtil.class=LogFileHandlerThread.class: 1getCurrentFileName: LogWriteUtil.logfile=app.log
10-12 15:56:26.562 11295 11317 D LogWriteUtil.class=LogFileHandlerThread.class: 1getFilePath: logFormat=2022-10-12, LogWriteUtil.logPathDir=/custom/metro/log
10-12 15:56:26.562 11295 11317 D LogWriteUtil.class=LogFileHandlerThread.class: 2getFilePath: filePath=/custom/metro/log/2022-10-12
10-12 15:56:26.562 11295 11317 D LogWriteUtil.class=LogFileHandlerThread.class: getFileNameSuffix: file=/custom/metro/log/2022-10-12
10-12 15:56:26.563 11295 11317 D LogWriteUtil.class=LogFileHandlerThread.class: 2getCurrentFileName: index=3, LogWriteUtil.logfile=app.log, getFileNameSuffix=33
10-12 15:56:26.564 11295 11317 D LogWriteUtil.class=LogFileHandlerThread.class: 1getFilePath: logFormat=2022-10-12, LogWriteUtil.logPathDir=/custom/metro/log
10-12 15:56:26.564 11295 11317 D LogWriteUtil.class=LogFileHandlerThread.class: 2getFilePath: filePath=/custom/metro/log/2022-10-12
10-12 15:56:26.564 11295 11317 D LogWriteUtil.class=LogFileHandlerThread.class: getFileNameSuffix: file=/custom/metro/log/2022-10-12
10-12 15:56:26.565 11295 11317 D LogWriteUtil.class=LogFileHandlerThread.class: 3getCurrentFileName: logFileName=app33.log
10-12 15:56:26.566 11295 11317 D TAG     : 2,initFile: /custom/metro/log/2022-10-12/app33.log, logFile.length=0, getCurrentFileName()=app33.log, writeFileName=/custom/metro/log/2022-10-12/app321665561219591.log
10-12 15:56:26.567 11295 11317 D LogWriteUtil.class=LogFileHandlerThread.class: 8,initFile: logFile=/custom/metro/log/2022-10-12/app33.log, logFile.length=0
10-12 15:56:26.568 11295 11317 D LogWriteUtil.class=LogFileHandlerThread.class: 1getFilePath: logFormat=2022-10-12, LogWriteUtil.logPathDir=/custom/metro/log
10-12 15:56:26.569 11295 11317 D LogWriteUtil.class=LogFileHandlerThread.class: 2getFilePath: filePath=/custom/metro/log/2022-10-12
10-12 15:56:26.569 11295 11317 D LogWriteUtil.class=LogFileHandlerThread.class: 1getCurrentFileName: LogWriteUtil.logfile=app.log
10-12 15:56:26.569 11295 11317 D LogWriteUtil.class=LogFileHandlerThread.class: 1getFilePath: logFormat=2022-10-12, LogWriteUtil.logPathDir=/custom/metro/log
10-12 15:56:26.570 11295 11317 D LogWriteUtil.class=LogFileHandlerThread.class: 2getFilePath: filePath=/custom/metro/log/2022-10-12
10-12 15:56:26.570 11295 11317 D LogWriteUtil.class=LogFileHandlerThread.class: getFileNameSuffix: file=/custom/metro/log/2022-10-12
10-12 15:56:26.570 11295 11317 D LogWriteUtil.class=LogFileHandlerThread.class: 2getCurrentFileName: index=3, LogWriteUtil.logfile=app.log, getFileNameSuffix=33
10-12 15:56:26.571 11295 11317 D LogWriteUtil.class=LogFileHandlerThread.class: 1getFilePath: logFormat=2022-10-12, LogWriteUtil.logPathDir=/custom/metro/log
10-12 15:56:26.571 11295 11317 D LogWriteUtil.class=LogFileHandlerThread.class: 2getFilePath: filePath=/custom/metro/log/2022-10-12
10-12 15:56:26.571 11295 11317 D LogWriteUtil.class=LogFileHandlerThread.class: getFileNameSuffix: file=/custom/metro/log/2022-10-12
10-12 15:56:26.572 11295 11317 D LogWriteUtil.class=LogFileHandlerThread.class: 3getCurrentFileName: logFileName=app33.log
10-12 15:56:26.572 11295 11317 D LogWriteUtil.class=LogFileHandlerThread.class: 1,initFile: getFilePath()=/custom/metro/log/2022-10-12, getCurrentFileName=app33.log
10-12 15:56:26.573 11295 11295 D IndexFragment: initView: applyFxData() - ats=[StationAts(createTime=1665561386, trainGroupNumber=211, serviceNumber=000, trainCrewNumber=000, trainPosition=1, trainRunningPosition=1, railName=T1306, stationID=013, terminalStationID=000, destinationID=000, identityID=+866022013), StationAts(createTime=1665561386, trainGroupNumber=202, serviceNumber=000, trainCrewNumber=000, trainPosition=1, trainRunningPosition=2, railName=T1303, stationID=013, terminalStationID=000, destinationID=000, identityID=+866022013), StationAts(createTime=1665561386, trainGroupNumber=299, serviceNumber=801, trainCrewNumber=000, trainPosition=1, trainRunningPosition=2, railName=T1301, stationID=013, terminalStationID=000, destinationID=000, identityID=+866022013)]
10-12 15:56:26.573 11295 11317 D LogWriteUtil.class=LogFileHandlerThread.class: 1getFilePath: logFormat=2022-10-12, LogWriteUtil.logPathDir=/custom/metro/log
10-12 15:56:26.573 11295 11317 D LogWriteUtil.class=LogFileHandlerThread.class: 2getFilePath: filePath=/custom/metro/log/2022-10-12
10-12 15:56:26.573 11295 11317 D LogWriteUtil.class=LogFileHandlerThread.class: 1getCurrentFileName: LogWriteUtil.logfile=app.log
10-12 15:56:26.574 11295 11317 D LogWriteUtil.class=LogFileHandlerThread.class: 1getFilePath: logFormat=2022-10-12, LogWriteUtil.logPathDir=/custom/metro/log
10-12 15:56:26.574 11295 11317 D LogWriteUtil.class=LogFileHandlerThread.class: 2getFilePath: filePath=/custom/metro/log/2022-10-12
10-12 15:56:26.574 11295 11317 D LogWriteUtil.class=LogFileHandlerThread.class: getFileNameSuffix: file=/custom/metro/log/2022-10-12
10-12 15:56:26.575 11295 11317 D LogWriteUtil.class=LogFileHandlerThread.class: 2getCurrentFileName: index=3, LogWriteUtil.logfile=app.log, getFileNameSuffix=33
10-12 15:56:26.576 11295 11317 D LogWriteUtil.class=LogFileHandlerThread.class: 1getFilePath: logFormat=2022-10-12, LogWriteUtil.logPathDir=/custom/metro/log
10-12 15:56:26.576 11295 11317 D LogWriteUtil.class=LogFileHandlerThread.class: 2getFilePath: filePath=/custom/metro/log/2022-10-12
10-12 15:56:26.576 11295 11317 D LogWriteUtil.class=LogFileHandlerThread.class: getFileNameSuffix: file=/custom/metro/log/2022-10-12
10-12 15:56:26.577 11295 11317 D LogWriteUtil.class=LogFileHandlerThread.class: 3getCurrentFileName: logFileName=app33.log
10-12 15:56:26.577 11295 11317 D LogWriteUtil.class=LogFileHandlerThread.class: 1getCurrentFileName: LogWriteUtil.logfile=app.log
10-12 15:56:26.578 11295 11317 D LogWriteUtil.class=LogFileHandlerThread.class: 1getFilePath: logFormat=2022-10-12, LogWriteUtil.logPathDir=/custom/metro/log
10-12 15:56:26.578 11295 11317 D LogWriteUtil.class=LogFileHandlerThread.class: 2getFilePath: filePath=/custom/metro/log/2022-10-12
10-12 15:56:26.579 11295 11317 D LogWriteUtil.class=LogFileHandlerThread.class: getFileNameSuffix: file=/custom/metro/log/2022-10-12
10-12 15:56:26.579 11295 11317 D LogWriteUtil.class=LogFileHandlerThread.class: 2getCurrentFileName: index=3, LogWriteUtil.logfile=app.log, getFileNameSuffix=33
10-12 15:56:26.580 11295 11317 D LogWriteUtil.class=LogFileHandlerThread.class: 1getFilePath: logFormat=2022-10-12, LogWriteUtil.logPathDir=/custom/metro/log
10-12 15:56:26.580 11295 11317 D LogWriteUtil.class=LogFileHandlerThread.class: 2getFilePath: filePath=/custom/metro/log/2022-10-12
10-12 15:56:26.580 11295 11317 D LogWriteUtil.class=LogFileHandlerThread.class: getFileNameSuffix: file=/custom/metro/log/2022-10-12
10-12 15:56:26.581 11295 11317 D LogWriteUtil.class=LogFileHandlerThread.class: 3getCurrentFileName: logFileName=app33.log
10-12 15:56:26.581 11295 11317 D TAG     : 2,initFile: /custom/metro/log/2022-10-12/app33.log, logFile.length=0, getCurrentFileName()=app33.log, writeFileName=/custom/metro/log/2022-10-12/app321665561219591.log
10-12 15:56:26.581 11295 11317 D LogWriteUtil.class=LogFileHandlerThread.class: 8,initFile: logFile=/custom/metro/log/2022-10-12/app33.log, logFile.length=0
10-12 15:56:26.683 11295 11353 I rilj    : EMCI Detial(CellId--->Tav): 5889,255,2,"46009",255,65535,59,65535,255,255,57,28,16,255,1202590897205,0,0,0,0,0,0,0,0
10-12 15:56:26.683 11295 11353 D LTERILJ : [UNSL]< RIL_UNSOL_NOTIFY_EMCI_DETAIL
10-12 15:56:26.684 11295 11350 D LTEPhone: EVENT_FOR_EMCI_DETAIL
10-12 15:56:26.684   613  1046 D audio_hw_primary: out_standby: enter: stream (0xf53b7800) usecase(1: low-latency-playback)
10-12 15:56:26.684 11295 11350 D LTEServiceTracker: setCellId cellId:5889,"46009"
10-12 15:56:26.686 11295 11295 I APP_LogUtils.kt: [(LogUtils.kt:50).i()] [com.gbcom.library_base.service.LLteService] lte_resp_sys_for_emci_detail - EmciDetail=com.ztegota.system.common.EmciDetail@fea7346
10-12 15:56:26.689 11295 11317 D LogWriteUtil.class=LogFileHandlerThread.class: 1getFilePath: logFormat=2022-10-12, LogWriteUtil.logPathDir=/custom/metro/log
10-12 15:56:26.689 11295 11317 D LogWriteUtil.class=LogFileHandlerThread.class: 2getFilePath: filePath=/custom/metro/log/2022-10-12
10-12 15:56:26.690 11295 11317 D LogWriteUtil.class=LogFileHandlerThread.class: 1getCurrentFileName: LogWriteUtil.logfile=app.log
10-12 15:56:26.691 11295 11317 D LogWriteUtil.class=LogFileHandlerThread.class: 1getFilePath: logFormat=2022-10-12, LogWriteUtil.logPathDir=/custom/metro/log
10-12 15:56:26.692 11295 11317 D LogWriteUtil.class=LogFileHandlerThread.class: 2getFilePath: filePath=/custom/metro/log/2022-10-12
10-12 15:56:26.692 11295 11317 D LogWriteUtil.class=LogFileHandlerThread.class: getFileNameSuffix: file=/custom/metro/log/2022-10-12
10-12 15:56:26.693 11295 11317 D LogWriteUtil.class=LogFileHandlerThread.class: 2getCurrentFileName: index=3, LogWriteUtil.logfile=app.log, getFileNameSuffix=33
10-12 15:56:26.696 11295 11317 D LogWriteUtil.class=LogFileHandlerThread.class: 1getFilePath: logFormat=2022-10-12, LogWriteUtil.logPathDir=/custom/metro/log
10-12 15:56:26.696 11295 11317 D LogWriteUtil.class=LogFileHandlerThread.class: 2getFilePath: filePath=/custom/metro/log/2022-10-12
10-12 15:56:26.696 11295 11317 D LogWriteUtil.class=LogFileHandlerThread.class: getFileNameSuffix: file=/custom/metro/log/2022-10-12
10-12 15:56:26.698 11295 11317 D LogWriteUtil.class=LogFileHandlerThread.class: 3getCurrentFileName: logFileName=app33.log
10-12 15:56:26.698 11295 11317 D LogWriteUtil.class=LogFileHandlerThread.class: 1,initFile: getFilePath()=/custom/metro/log/2022-10-12, getCurrentFileName=app33.log
10-12 15:56:26.699 11295 11317 D LogWriteUtil.class=LogFileHandlerThread.class: 1getFilePath: logFormat=2022-10-12, LogWriteUtil.logPathDir=/custom/metro/log
10-12 15:56:26.700 11295 11317 D LogWriteUtil.class=LogFileHandlerThread.class: 2getFilePath: filePath=/custom/metro/log/2022-10-12
10-12 15:56:26.700 11295 11317 D LogWriteUtil.class=LogFileHandlerThread.class: 1getCurrentFileName: LogWriteUtil.logfile=app.log
10-12 15:56:26.701 11295 11317 D LogWriteUtil.class=LogFileHandlerThread.class: 1getFilePath: logFormat=2022-10-12, LogWriteUtil.logPathDir=/custom/metro/log
10-12 15:56:26.701 11295 11317 D LogWriteUtil.class=LogFileHandlerThread.class: 2getFilePath: filePath=/custom/metro/log/2022-10-12
10-12 15:56:26.701 11295 11317 D LogWriteUtil.class=LogFileHandlerThread.class: getFileNameSuffix: file=/custom/metro/log/2022-10-12
10-12 15:56:26.702 11295 11317 D LogWriteUtil.class=LogFileHandlerThread.class: 2getCurrentFileName: index=3, LogWriteUtil.logfile=app.log, getFileNameSuffix=33
10-12 15:56:26.704 11295 11317 D LogWriteUtil.class=LogFileHandlerThread.class: 1getFilePath: logFormat=2022-10-12, LogWriteUtil.logPathDir=/custom/metro/log
10-12 15:56:26.704 11295 11317 D LogWriteUtil.class=LogFileHandlerThread.class: 2getFilePath: filePath=/custom/metro/log/2022-10-12
10-12 15:56:26.704 11295 11317 D LogWriteUtil.class=LogFileHandlerThread.class: getFileNameSuffix: file=/custom/metro/log/2022-10-12
10-12 15:56:26.705 11295 11317 D LogWriteUtil.class=LogFileHandlerThread.class: 3getCurrentFileName: logFileName=app33.log
10-12 15:56:26.706 11295 11317 D LogWriteUtil.class=LogFileHandlerThread.class: 1getCurrentFileName: LogWriteUtil.logfile=app.log
10-12 15:56:26.708 11295 11317 D LogWriteUtil.class=LogFileHandlerThread.class: 1getFilePath: logFormat=2022-10-12, LogWriteUtil.logPathDir=/custom/metro/log
10-12 15:56:26.708 11295 11317 D LogWriteUtil.class=LogFileHandlerThread.class: 2getFilePath: filePath=/custom/metro/log/2022-10-12
10-12 15:56:26.708 11295 11317 D LogWriteUtil.class=LogFileHandlerThread.class: getFileNameSuffix: file=/custom/metro/log/2022-10-12
10-12 15:56:26.709 11295 11317 D LogWriteUtil.class=LogFileHandlerThread.class: 2getCurrentFileName: index=3, LogWriteUtil.logfile=app.log, getFileNameSuffix=33
10-12 15:56:26.711 11295 11317 D LogWriteUtil.class=LogFileHandlerThread.class: 1getFilePath: logFormat=2022-10-12, LogWriteUtil.logPathDir=/custom/metro/log
10-12 15:56:26.711 11295 11317 D LogWriteUtil.class=LogFileHandlerThread.class: 2getFilePath: filePath=/custom/metro/log/2022-10-12
10-12 15:56:26.711 11295 11317 D LogWriteUtil.class=LogFileHandlerThread.class: getFileNameSuffix: file=/custom/metro/log/2022-10-12
10-12 15:56:26.713 11295 11317 D LogWriteUtil.class=LogFileHandlerThread.class: 3getCurrentFileName: logFileName=app33.log
10-12 15:56:26.713 11295 11317 D TAG     : 2,initFile: /custom/metro/log/2022-10-12/app33.log, logFile.length=0, getCurrentFileName()=app33.log, writeFileName=/custom/metro/log/2022-10-12/app321665561219591.log
10-12 15:56:26.714 11295 11317 D LogWriteUtil.class=LogFileHandlerThread.class: 8,initFile: logFile=/custom/metro/log/2022-10-12/app33.log, logFile.length=0
10-12 15:56:26.737 11295 11486 D MainViewModel: getSystemTime_currentThreadID2: 256
10-12 15:56:26.810 11295 11486 D TAG     : getSystemTime_currentThreadID3s: 256, isActive=true
10-12 15:56:26.833   613  1046 D audio_hw_primary: disable_audio_route: reset and update mixer path: low-latency-playback
10-12 15:56:26.839   613  1046 D soundtrigger: audio_extn_sound_trigger_update_stream_status: uc_id 1 of type 0 for Event 2, with Raise=0
10-12 15:56:26.839   613  1046 D hardware_info: hw_info_append_hw_type : device_name = speaker
10-12 15:56:26.840   613  1046 D audio_hw_primary: disable_snd_device: snd_device(2: speaker)
10-12 15:56:26.840   613  1046 D msm8916_platform: platform_can_split_snd_device: snd_device(2) num devices(0) new_snd_devices(0)
10-12 15:56:26.851   613  1046 D aud_dev_arbi: releaseOneDevice: not sending command, device argument (2) does not match any registered device
10-12 15:56:26.851   613  1046 D aud_dev_arbi: releaseOneDevice: device 2 owner is 0
10-12 15:56:26.851   613  1046 I soundtrigger: audio_extn_sound_trigger_update_device_status: device 0x2 of type 0 for Event 0, with Raise=0
10-12 15:56:26.851   613  1046 D audio_hw_primary: out_standby: exit
10-12 15:56:27.244 11295 11486 D MainViewModel: getSystemTime_currentThreadID2: 256
10-12 15:56:27.313 11295 11486 D TAG     : getSystemTime_currentThreadID3s: 256, isActive=true
10-12 15:56:27.610 11295 11390 D UdpDcRepository: api send - Thread ID=239, obj={"MsgName":"GetDSCfgInfoReq","MsgSeqID":112,"AppID":"172.2.200.13","MsgInfo":{}}
10-12 15:56:27.615 11295 11390 I APP_LogUtils.kt: [(LogUtils.kt:50).i()] [UdpDisServices] start: send(String) - thread ID=239, send msg={"MsgName":"GetDSCfgInfoReq","MsgSeqID":112,"AppID":"172.2.200.13","MsgInfo":{}}
10-12 15:56:27.619 11295 11317 D LogWriteUtil.class=LogFileHandlerThread.class: 1getFilePath: logFormat=2022-10-12, LogWriteUtil.logPathDir=/custom/metro/log
10-12 15:56:27.619 11295 11317 D LogWriteUtil.class=LogFileHandlerThread.class: 2getFilePath: filePath=/custom/metro/log/2022-10-12
10-12 15:56:27.619 11295 11317 D LogWriteUtil.class=LogFileHandlerThread.class: 1getCurrentFileName: LogWriteUtil.logfile=app.log
10-12 15:56:27.621 11295 11317 D LogWriteUtil.class=LogFileHandlerThread.class: 1getFilePath: logFormat=2022-10-12, LogWriteUtil.logPathDir=/custom/metro/log
10-12 15:56:27.621 11295 11317 D LogWriteUtil.class=LogFileHandlerThread.class: 2getFilePath: filePath=/custom/metro/log/2022-10-12
10-12 15:56:27.621 11295 11317 D LogWriteUtil.class=LogFileHandlerThread.class: getFileNameSuffix: file=/custom/metro/log/2022-10-12
10-12 15:56:27.622 11295 11317 D LogWriteUtil.class=LogFileHandlerThread.class: 2getCurrentFileName: index=3, LogWriteUtil.logfile=app.log, getFileNameSuffix=33
10-12 15:56:27.624 11295 11317 D LogWriteUtil.class=LogFileHandlerThread.class: 1getFilePath: logFormat=2022-10-12, LogWriteUtil.logPathDir=/custom/metro/log
10-12 15:56:27.624 11295 11317 D LogWriteUtil.class=LogFileHandlerThread.class: 2getFilePath: filePath=/custom/metro/log/2022-10-12
10-12 15:56:27.624 11295 11317 D LogWriteUtil.class=LogFileHandlerThread.class: getFileNameSuffix: file=/custom/metro/log/2022-10-12
10-12 15:56:27.625 11295 11317 D LogWriteUtil.class=LogFileHandlerThread.class: 3getCurrentFileName: logFileName=app33.log
10-12 15:56:27.625 11295 11317 D LogWriteUtil.class=LogFileHandlerThread.class: 1,initFile: getFilePath()=/custom/metro/log/2022-10-12, getCurrentFileName=app33.log
10-12 15:56:27.626 11295 11317 D LogWriteUtil.class=LogFileHandlerThread.class: 1getFilePath: logFormat=2022-10-12, LogWriteUtil.logPathDir=/custom/metro/log
10-12 15:56:27.626 11295 11317 D LogWriteUtil.class=LogFileHandlerThread.class: 2getFilePath: filePath=/custom/metro/log/2022-10-12
10-12 15:56:27.627 11295 11317 D LogWriteUtil.class=LogFileHandlerThread.class: 1getCurrentFileName: LogWriteUtil.logfile=app.log
10-12 15:56:27.628 11295 11317 D LogWriteUtil.class=LogFileHandlerThread.class: 1getFilePath: logFormat=2022-10-12, LogWriteUtil.logPathDir=/custom/metro/log
10-12 15:56:27.628 11295 11317 D LogWriteUtil.class=LogFileHandlerThread.class: 2getFilePath: filePath=/custom/metro/log/2022-10-12
10-12 15:56:27.629 11295 11317 D LogWriteUtil.class=LogFileHandlerThread.class: getFileNameSuffix: file=/custom/metro/log/2022-10-12
10-12 15:56:27.631 11295 11317 D LogWriteUtil.class=LogFileHandlerThread.class: 2getCurrentFileName: index=3, LogWriteUtil.logfile=app.log, getFileNameSuffix=33
10-12 15:56:27.633 11295 11317 D LogWriteUtil.class=LogFileHandlerThread.class: 1getFilePath: logFormat=2022-10-12, LogWriteUtil.logPathDir=/custom/metro/log
10-12 15:56:27.633 11295 11317 D LogWriteUtil.class=LogFileHandlerThread.class: 2getFilePath: filePath=/custom/metro/log/2022-10-12
10-12 15:56:27.633 11295 11317 D LogWriteUtil.class=LogFileHandlerThread.class: getFileNameSuffix: file=/custom/metro/log/2022-10-12
10-12 15:56:27.635 11295 11317 D LogWriteUtil.class=LogFileHandlerThread.class: 3getCurrentFileName: logFileName=app33.log
10-12 15:56:27.635 11295 11317 D LogWriteUtil.class=LogFileHandlerThread.class: 1getCurrentFileName: LogWriteUtil.logfile=app.log
10-12 15:56:27.638 11295 11317 D LogWriteUtil.class=LogFileHandlerThread.class: 1getFilePath: logFormat=2022-10-12, LogWriteUtil.logPathDir=/custom/metro/log
10-12 15:56:27.639 11295 11317 D LogWriteUtil.class=LogFileHandlerThread.class: 2getFilePath: filePath=/custom/metro/log/2022-10-12
10-12 15:56:27.639 11295 11317 D LogWriteUtil.class=LogFileHandlerThread.class: getFileNameSuffix: file=/custom/metro/log/2022-10-12
10-12 15:56:27.640 11295 11317 D LogWriteUtil.class=LogFileHandlerThread.class: 2getCurrentFileName: index=3, LogWriteUtil.logfile=app.log, getFileNameSuffix=33
10-12 15:56:27.641 11295 11317 D LogWriteUtil.class=LogFileHandlerThread.class: 1getFilePath: logFormat=2022-10-12, LogWriteUtil.logPathDir=/custom/metro/log
10-12 15:56:27.641 11295 11317 D LogWriteUtil.class=LogFileHandlerThread.class: 2getFilePath: filePath=/custom/metro/log/2022-10-12
10-12 15:56:27.641 11295 11317 D LogWriteUtil.class=LogFileHandlerThread.class: getFileNameSuffix: file=/custom/metro/log/2022-10-12
10-12 15:56:27.642 11295 11317 D LogWriteUtil.class=LogFileHandlerThread.class: 3getCurrentFileName: logFileName=app33.log
10-12 15:56:27.643 11295 11317 D TAG     : 2,initFile: /custom/metro/log/2022-10-12/app33.log, logFile.length=0, getCurrentFileName()=app33.log, writeFileName=/custom/metro/log/2022-10-12/app321665561219591.log
10-12 15:56:27.643 11295 11317 D LogWriteUtil.class=LogFileHandlerThread.class: 8,initFile: logFile=/custom/metro/log/2022-10-12/app33.log, logFile.length=0
10-12 15:56:27.669 11295 11361 D UdpDisServices: udp receive - api receive data disApi, udp service id=219  - udp.packet.address=/172.2.208.8, udp.pack.socketAddress=/172.2.208.8:64002, udp.port=64002- running=true - message={"MsgSeqID":57132,"MsgName":"DisReceivedNotify","MsgInfo":{"AppMsgSeqID":112,"Code":10001}}
10-12 15:56:27.670 11295 11361 I APP_LogUtils.kt: [(LogUtils.kt:50).i()] [UdpDisServices] udp receive - api receive data disApi, udp service id=219 - running=true  - ip=/172.2.208.8 - port=64002 - message={"MsgSeqID":57132,"MsgName":"DisReceivedNotify","MsgInfo":{"AppMsgSeqID":112,"Code":10001}}
10-12 15:56:27.671 11295 11295 D MainActivity: onMessageEvent  -- gginit: disApi, id=1---event={"MsgSeqID":57132,"MsgName":"DisReceivedNotify","MsgInfo":{"AppMsgSeqID":112,"Code":10001}}
10-12 15:56:27.671 11295 11295 D MainViewModel: 1processDisApi: disApi, id=1
10-12 15:56:27.672 11295 11317 D LogWriteUtil.class=LogFileHandlerThread.class: 1getFilePath: logFormat=2022-10-12, LogWriteUtil.logPathDir=/custom/metro/log
10-12 15:56:27.672 11295 11317 D LogWriteUtil.class=LogFileHandlerThread.class: 2getFilePath: filePath=/custom/metro/log/2022-10-12
10-12 15:56:27.672 11295 11317 D LogWriteUtil.class=LogFileHandlerThread.class: 1getCurrentFileName: LogWriteUtil.logfile=app.log
10-12 15:56:27.672 11295 11486 D DisApiSingletonReceive: processingData: disApi, id=256 - data={"MsgSeqID":57132,"MsgName":"DisReceivedNotify","MsgInfo":{"AppMsgSeqID":112,"Code":10001}}
10-12 15:56:27.673 11295 11317 D LogWriteUtil.class=LogFileHandlerThread.class: 1getFilePath: logFormat=2022-10-12, LogWriteUtil.logPathDir=/custom/metro/log
10-12 15:56:27.673 11295 11317 D LogWriteUtil.class=LogFileHandlerThread.class: 2getFilePath: filePath=/custom/metro/log/2022-10-12
10-12 15:56:27.673 11295 11317 D LogWriteUtil.class=LogFileHandlerThread.class: getFileNameSuffix: file=/custom/metro/log/2022-10-12
10-12 15:56:27.674 11295 11317 D LogWriteUtil.class=LogFileHandlerThread.class: 2getCurrentFileName: index=3, LogWriteUtil.logfile=app.log, getFileNameSuffix=33
10-12 15:56:27.675 11295 11317 D LogWriteUtil.class=LogFileHandlerThread.class: 1getFilePath: logFormat=2022-10-12, LogWriteUtil.logPathDir=/custom/metro/log
10-12 15:56:27.675 11295 11317 D LogWriteUtil.class=LogFileHandlerThread.class: 2getFilePath: filePath=/custom/metro/log/2022-10-12
10-12 15:56:27.675 11295 11317 D LogWriteUtil.class=LogFileHandlerThread.class: getFileNameSuffix: file=/custom/metro/log/2022-10-12
10-12 15:56:27.676 11295 11317 D LogWriteUtil.class=LogFileHandlerThread.class: 3getCurrentFileName: logFileName=app33.log
10-12 15:56:27.677 11295 11317 D LogWriteUtil.class=LogFileHandlerThread.class: 1,initFile: getFilePath()=/custom/metro/log/2022-10-12, getCurrentFileName=app33.log
10-12 15:56:27.677 11295 11390 D UdpDcRepository: api send - Thread ID=239, obj={"MsgName":"GetStationATSReq","MsgSeqID":113,"AppID":"172.2.200.13","MsgInfo":{}}
10-12 15:56:27.678 11295 11317 D LogWriteUtil.class=LogFileHandlerThread.class: 1getFilePath: logFormat=2022-10-12, LogWriteUtil.logPathDir=/custom/metro/log
10-12 15:56:27.678 11295 11317 D LogWriteUtil.class=LogFileHandlerThread.class: 2getFilePath: filePath=/custom/metro/log/2022-10-12
10-12 15:56:27.679 11295 11317 D LogWriteUtil.class=LogFileHandlerThread.class: 1getCurrentFileName: LogWriteUtil.logfile=app.log
10-12 15:56:27.679 11295 11361 D UdpDisServices: udp receive - api receive data disApi, udp service id=219  - udp.packet.address=/172.2.208.8, udp.pack.socketAddress=/172.2.208.8:64002, udp.port=64002- running=true - message={"MsgSeqID":57133,"MsgName":"GetDSCfgInfoRsp","MsgInfo":{"Time":1665561387658,"Cfg":{"PTTAllow":0,"BrdTimeout":30,"BrdVolume":1,"HangOffTime":10,"NTPServerAddr":"172.2.208.8","NTPServerPort":123,"NTPSyncPeriod":60,"FXAutoRebootPeriod":0,"FXAutoRebootTime":0,"FTPIP":"172.2.208.10","FTPPort":123,"FTPUserName":"wzs2","FTPPassword":"wzs2","SelfCheckTotalTime":300},"StationID":13,"DefaultGroupID":"6027313","StationBrdGroups":[{"ID":1,"Name":"","GroupID":"6027333"},{"ID":2,"Name":"","GroupID":"6027353"},{"ID":35003,"Name":"","GroupID":"6027514"}]}}
10-12 15:56:27.679 11295 11317 D LogWriteUtil.class=LogFileHandlerThread.class: 1getFilePath: logFormat=2022-10-12, LogWriteUtil.logPathDir=/custom/metro/log
10-12 15:56:27.680 11295 11317 D LogWriteUtil.class=LogFileHandlerThread.class: 2getFilePath: filePath=/custom/metro/log/2022-10-12
10-12 15:56:27.680 11295 11317 D LogWriteUtil.class=LogFileHandlerThread.class: getFileNameSuffix: file=/custom/metro/log/2022-10-12
10-12 15:56:27.680 11295 11361 I APP_LogUtils.kt: [(LogUtils.kt:50).i()] [UdpDisServices] udp receive - api receive data disApi, udp service id=219 - running=true  - ip=/172.2.208.8 - port=64002 - message={"MsgSeqID":57133,"MsgName":"GetDSCfgInfoRsp","MsgInfo":{"Time":1665561387658,"Cfg":{"PTTAllow":0,"BrdTimeout":30,"BrdVolume":1,"HangOffTime":10,"NTPServerAddr":"172.2.208.8","NTPServerPort":123,"NTPSyncPeriod":60,"FXAutoRebootPeriod":0,"FXAutoRebootTime":0,"FTPIP":"172.2.208.10","FTPPort":123,"FTPUserName":"wzs2","FTPPassword":"wzs2","SelfCheckTotalTime":300},"StationID":13,"DefaultGroupID":"6027313","StationBrdGroups":[{"ID":1,"Name":"","GroupID":"6027333"},{"ID":2,"Name":"","GroupID":"6027353"},{"ID":35003,"Name":"","GroupID":"6027514"}]}}
10-12 15:56:27.681 11295 11317 D LogWriteUtil.class=LogFileHandlerThread.class: 2getCurrentFileName: index=3, LogWriteUtil.logfile=app.log, getFileNameSuffix=33
10-12 15:56:27.681 11295 11295 D MainActivity: onMessageEvent  -- gginit: disApi, id=1---event={"MsgSeqID":57133,"MsgName":"GetDSCfgInfoRsp","MsgInfo":{"Time":1665561387658,"Cfg":{"PTTAllow":0,"BrdTimeout":30,"BrdVolume":1,"HangOffTime":10,"NTPServerAddr":"172.2.208.8","NTPServerPort":123,"NTPSyncPeriod":60,"FXAutoRebootPeriod":0,"FXAutoRebootTime":0,"FTPIP":"172.2.208.10","FTPPort":123,"FTPUserName":"wzs2","FTPPassword":"wzs2","SelfCheckTotalTime":300},"StationID":13,"DefaultGroupID":"6027313","StationBrdGroups":[{"ID":1,"Name":"","GroupID":"6027333"},{"ID":2,"Name":"","GroupID":"6027353"},{"ID":35003,"Name":"","GroupID":"6027514"}]}}
10-12 15:56:27.681 11295 11295 D MainViewModel: 1processDisApi: disApi, id=1
10-12 15:56:27.682 11295 11389 D DisApiSingletonReceive: processingData: disApi, id=238 - data={"MsgSeqID":57133,"MsgName":"GetDSCfgInfoRsp","MsgInfo":{"Time":1665561387658,"Cfg":{"PTTAllow":0,"BrdTimeout":30,"BrdVolume":1,"HangOffTime":10,"NTPServerAddr":"172.2.208.8","NTPServerPort":123,"NTPSyncPeriod":60,"FXAutoRebootPeriod":0,"FXAutoRebootTime":0,"FTPIP":"172.2.208.10","FTPPort":123,"FTPUserName":"wzs2","FTPPassword":"wzs2","SelfCheckTotalTime":300},"StationID":13,"DefaultGroupID":"6027313","StationBrdGroups":[{"ID":1,"Name":"","GroupID":"6027333"},{"ID":2,"Name":"","GroupID":"6027353"},{"ID":35003,"Name":"","GroupID":"6027514"}]}}
10-12 15:56:27.683 11295 11353 I rilj    : EMCI Detial(CellId--->Tav): 5889,255,2,"46009",255,65535,59,65535,255,255,58,28,16,255,1202590897205,0,0,0,0,0,0,0,0
10-12 15:56:27.683 11295 11353 D LTERILJ : [UNSL]< RIL_UNSOL_NOTIFY_EMCI_DETAIL
10-12 15:56:27.683 11295 11350 D LTEPhone: EVENT_FOR_EMCI_DETAIL
10-12 15:56:27.683 11295 11350 D LTEServiceTracker: setCellId cellId:5889,"46009"
10-12 15:56:27.685 11295 11486 D DisApiSingletonReceive: processingDisReceivedNotify: info=DisReceivedNotifyApiData(msgName=DisReceivedNotify, msgSeqID=57132, msgInfo=ReceivedNotifyData(appMsgSeqID=0, code=10001))
10-12 15:56:27.686 11295 11295 I APP_LogUtils.kt: [(LogUtils.kt:50).i()] [com.gbcom.library_base.service.LLteService] lte_resp_sys_for_emci_detail - EmciDetail=com.ztegota.system.common.EmciDetail@9f9bea3
10-12 15:56:27.694 11295 11317 D LogWriteUtil.class=LogFileHandlerThread.class: 1getFilePath: logFormat=2022-10-12, LogWriteUtil.logPathDir=/custom/metro/log
10-12 15:56:27.694 11295 11317 D LogWriteUtil.class=LogFileHandlerThread.class: 2getFilePath: filePath=/custom/metro/log/2022-10-12
10-12 15:56:27.694 11295 11317 D LogWriteUtil.class=LogFileHandlerThread.class: getFileNameSuffix: file=/custom/metro/log/2022-10-12
10-12 15:56:27.695 11295 11317 D LogWriteUtil.class=LogFileHandlerThread.class: 3getCurrentFileName: logFileName=app33.log
10-12 15:56:27.695 11295 11317 D LogWriteUtil.class=LogFileHandlerThread.class: 1getCurrentFileName: LogWriteUtil.logfile=app.log
10-12 15:56:27.697 11295 11317 D LogWriteUtil.class=LogFileHandlerThread.class: 1getFilePath: logFormat=2022-10-12, LogWriteUtil.logPathDir=/custom/metro/log
10-12 15:56:27.697 11295 11317 D LogWriteUtil.class=LogFileHandlerThread.class: 2getFilePath: filePath=/custom/metro/log/2022-10-12
10-12 15:56:27.698 11295 11317 D LogWriteUtil.class=LogFileHandlerThread.class: getFileNameSuffix: file=/custom/metro/log/2022-10-12
10-12 15:56:27.698 11295 11317 D LogWriteUtil.class=LogFileHandlerThread.class: 2getCurrentFileName: index=3, LogWriteUtil.logfile=app.log, getFileNameSuffix=33
10-12 15:56:27.699 11295 11317 D LogWriteUtil.class=LogFileHandlerThread.class: 1getFilePath: logFormat=2022-10-12, LogWriteUtil.logPathDir=/custom/metro/log
10-12 15:56:27.699 11295 11317 D LogWriteUtil.class=LogFileHandlerThread.class: 2getFilePath: filePath=/custom/metro/log/2022-10-12
10-12 15:56:27.699 11295 11317 D LogWriteUtil.class=LogFileHandlerThread.class: getFileNameSuffix: file=/custom/metro/log/2022-10-12
10-12 15:56:27.700 11295 11317 D LogWriteUtil.class=LogFileHandlerThread.class: 3getCurrentFileName: logFileName=app33.log
10-12 15:56:27.700 11295 11390 I APP_LogUtils.kt: [(LogUtils.kt:50).i()] [UdpDisServices] start: send(String) - thread ID=239, send msg={"MsgName":"GetStationATSReq","MsgSeqID":113,"AppID":"172.2.200.13","MsgInfo":{}}
10-12 15:56:27.701 11295 11317 D TAG     : 2,initFile: /custom/metro/log/2022-10-12/app33.log, logFile.length=0, getCurrentFileName()=app33.log, writeFileName=/custom/metro/log/2022-10-12/app321665561219591.log
10-12 15:56:27.701 11295 11317 D LogWriteUtil.class=LogFileHandlerThread.class: 8,initFile: logFile=/custom/metro/log/2022-10-12/app33.log, logFile.length=0
10-12 15:56:27.701 11295 11390 D UdpDcRepository: api send - Thread ID=239, obj={"MsgName":"AppHeartbeat","MsgSeqID":115,"AppID":"172.2.200.13","MsgInfo":{"SDKLongNumber":"+866022013"}}
10-12 15:56:27.702 11295 11317 D LogWriteUtil.class=LogFileHandlerThread.class: 1getFilePath: logFormat=2022-10-12, LogWriteUtil.logPathDir=/custom/metro/log
10-12 15:56:27.702 11295 11317 D LogWriteUtil.class=LogFileHandlerThread.class: 2getFilePath: filePath=/custom/metro/log/2022-10-12
10-12 15:56:27.702 11295 11317 D LogWriteUtil.class=LogFileHandlerThread.class: 1getCurrentFileName: LogWriteUtil.logfile=app.log
10-12 15:56:27.704 11295 11317 D LogWriteUtil.class=LogFileHandlerThread.class: 1getFilePath: logFormat=2022-10-12, LogWriteUtil.logPathDir=/custom/metro/log
10-12 15:56:27.704 11295 11317 D LogWriteUtil.class=LogFileHandlerThread.class: 2getFilePath: filePath=/custom/metro/log/2022-10-12
10-12 15:56:27.704 11295 11317 D LogWriteUtil.class=LogFileHandlerThread.class: getFileNameSuffix: file=/custom/metro/log/2022-10-12
10-12 15:56:27.705 11295 11317 D LogWriteUtil.class=LogFileHandlerThread.class: 2getCurrentFileName: index=3, LogWriteUtil.logfile=app.log, getFileNameSuffix=33
10-12 15:56:27.706 11295 11317 D LogWriteUtil.class=LogFileHandlerThread.class: 1getFilePath: logFormat=2022-10-12, LogWriteUtil.logPathDir=/custom/metro/log
10-12 15:56:27.706 11295 11317 D LogWriteUtil.class=LogFileHandlerThread.class: 2getFilePath: filePath=/custom/metro/log/2022-10-12
10-12 15:56:27.706 11295 11317 D LogWriteUtil.class=LogFileHandlerThread.class: getFileNameSuffix: file=/custom/metro/log/2022-10-12
10-12 15:56:27.707 11295 11317 D LogWriteUtil.class=LogFileHandlerThread.class: 3getCurrentFileName: logFileName=app33.log
10-12 15:56:27.707 11295 11317 D LogWriteUtil.class=LogFileHandlerThread.class: 1,initFile: getFilePath()=/custom/metro/log/2022-10-12, getCurrentFileName=app33.log
10-12 15:56:27.705 11295 11389 I APP_LogUtils.kt: [(LogUtils.kt:50).i()] [UdpDisServices] start: send(String) - thread ID=238, send msg={"MsgName":"AppReceivedNotify","MsgSeqID":114,"AppID":"172.2.200.13","MsgInfo":{"DisMsgSeqID":57133,"Code":10002}}
10-12 15:56:27.708 11295 11317 D LogWriteUtil.class=LogFileHandlerThread.class: 1getFilePath: logFormat=2022-10-12, LogWriteUtil.logPathDir=/custom/metro/log
10-12 15:56:27.708 11295 11390 I APP_LogUtils.kt: [(LogUtils.kt:50).i()] [UdpDisServices] start: send(String) - thread ID=239, send msg={"MsgName":"AppHeartbeat","MsgSeqID":115,"AppID":"172.2.200.13","MsgInfo":{"SDKLongNumber":"+866022013"}}
10-12 15:56:27.708 11295 11317 D LogWriteUtil.class=LogFileHandlerThread.class: 2getFilePath: filePath=/custom/metro/log/2022-10-12
10-12 15:56:27.708 11295 11317 D LogWriteUtil.class=LogFileHandlerThread.class: 1getCurrentFileName: LogWriteUtil.logfile=app.log
10-12 15:56:27.709 11295 11317 D LogWriteUtil.class=LogFileHandlerThread.class: 1getFilePath: logFormat=2022-10-12, LogWriteUtil.logPathDir=/custom/metro/log
10-12 15:56:27.710 11295 11317 D LogWriteUtil.class=LogFileHandlerThread.class: 2getFilePath: filePath=/custom/metro/log/2022-10-12
10-12 15:56:27.710 11295 11317 D LogWriteUtil.class=LogFileHandlerThread.class: getFileNameSuffix: file=/custom/metro/log/2022-10-12
10-12 15:56:27.710 11295 11389 D DisApiSingletonReceive: --------------------------------------parseDSCfgData - info=DcCfgApiData(msgName=GetDSCfgInfoRsp, msgSeqID=57133, msgInfo=MsgInfo(time=1665561387658, cfg=Cfg(pttAllow=0, brdTimeout=30, hangOffTime=10, ntpServerAddr=172.2.208.8, ntpServerPort=123, ntpSyncPeriod=60, fxAutoRebootPeriod=0, fxAutoRebootTime=0, AllowEmergencyCall=false, BroadcastVolume=0, MaxSelfCheckNum=0, OMCServerAddr=, OMCTrapPort=0, OMCTrapCommunity=, OMCFTPPort=21, OMCFTPUser=, OMCFTPPwd=, TrainPos=null, TrainBrdGroup=null, DepotGroupID=0, MainLineGroupID=0, UplineTrainGroupID=0, DownlineTrainGroupID=0, AlllineTrainGroupID=0, PredefinedSMS=null, StationInnerGroupID=, StationGroupID=0, StationName=, Station=null), defaultGroupID=6027313, stationID=13, stationBrdZone=[StationBrdZone(zoneID=1, zoneName=, groupID=6027333), StationBrdZone(zoneID=2, zoneName=, groupID=6027353), StationBrdZone(zoneID=35003, zoneName=, groupID=6027514)]))
10-12 15:56:27.711 11295 11389 D DisApiSingletonReceive: parseDSCfgData: setDefaultGroupID=6027313
10-12 15:56:27.713 11295 11317 D LogWriteUtil.class=LogFileHandlerThread.class: 2getCurrentFileName: index=3, LogWriteUtil.logfile=app.log, getFileNameSuffix=33
10-12 15:56:27.714 11295 11317 D LogWriteUtil.class=LogFileHandlerThread.class: 1getFilePath: logFormat=2022-10-12, LogWriteUtil.logPathDir=/custom/metro/log
10-12 15:56:27.714 11295 11317 D LogWriteUtil.class=LogFileHandlerThread.class: 2getFilePath: filePath=/custom/metro/log/2022-10-12
10-12 15:56:27.714 11295 11317 D LogWriteUtil.class=LogFileHandlerThread.class: getFileNameSuffix: file=/custom/metro/log/2022-10-12
10-12 15:56:27.715 11295 11317 D LogWriteUtil.class=LogFileHandlerThread.class: 3getCurrentFileName: logFileName=app33.log
10-12 15:56:27.715 11295 11317 D LogWriteUtil.class=LogFileHandlerThread.class: 1getCurrentFileName: LogWriteUtil.logfile=app.log
10-12 15:56:27.717 11295 11317 D LogWriteUtil.class=LogFileHandlerThread.class: 1getFilePath: logFormat=2022-10-12, LogWriteUtil.logPathDir=/custom/metro/log
10-12 15:56:27.717 11295 11317 D LogWriteUtil.class=LogFileHandlerThread.class: 2getFilePath: filePath=/custom/metro/log/2022-10-12
10-12 15:56:27.717 11295 11389 D GroupHelper: getGroupByNumber : group nuber is +866027313
10-12 15:56:27.717 11295 11317 D LogWriteUtil.class=LogFileHandlerThread.class: getFileNameSuffix: file=/custom/metro/log/2022-10-12
10-12 15:56:27.718 11295 11317 D LogWriteUtil.class=LogFileHandlerThread.class: 2getCurrentFileName: index=3, LogWriteUtil.logfile=app.log, getFileNameSuffix=33
10-12 15:56:27.719 11295 11317 D LogWriteUtil.class=LogFileHandlerThread.class: 1getFilePath: logFormat=2022-10-12, LogWriteUtil.logPathDir=/custom/metro/log
10-12 15:56:27.719 11295 11317 D LogWriteUtil.class=LogFileHandlerThread.class: 2getFilePath: filePath=/custom/metro/log/2022-10-12
10-12 15:56:27.719 11295 11317 D LogWriteUtil.class=LogFileHandlerThread.class: getFileNameSuffix: file=/custom/metro/log/2022-10-12
10-12 15:56:27.720 11295 11317 D LogWriteUtil.class=LogFileHandlerThread.class: 3getCurrentFileName: logFileName=app33.log
10-12 15:56:27.720 11295 11317 D TAG     : 2,initFile: /custom/metro/log/2022-10-12/app33.log, logFile.length=0, getCurrentFileName()=app33.log, writeFileName=/custom/metro/log/2022-10-12/app321665561219591.log
10-12 15:56:27.720 11295 11317 D LogWriteUtil.class=LogFileHandlerThread.class: 8,initFile: logFile=/custom/metro/log/2022-10-12/app33.log, logFile.length=0
10-12 15:56:27.722 11295 11317 D LogWriteUtil.class=LogFileHandlerThread.class: 1getFilePath: logFormat=2022-10-12, LogWriteUtil.logPathDir=/custom/metro/log
10-12 15:56:27.722 11295 11317 D LogWriteUtil.class=LogFileHandlerThread.class: 2getFilePath: filePath=/custom/metro/log/2022-10-12
10-12 15:56:27.722 11295 11317 D LogWriteUtil.class=LogFileHandlerThread.class: 1getCurrentFileName: LogWriteUtil.logfile=app.log
10-12 15:56:27.722 11295 11389 V GroupHelper: getGroupByNumber result cursor: android.content.ContentResolver$CursorWrapperInner@c7e05a0
10-12 15:56:27.722 11295 11317 D LogWriteUtil.class=LogFileHandlerThread.class: 1getFilePath: logFormat=2022-10-12, LogWriteUtil.logPathDir=/custom/metro/log
10-12 15:56:27.723 11295 11317 D LogWriteUtil.class=LogFileHandlerThread.class: 2getFilePath: filePath=/custom/metro/log/2022-10-12
10-12 15:56:27.723 11295 11317 D LogWriteUtil.class=LogFileHandlerThread.class: getFileNameSuffix: file=/custom/metro/log/2022-10-12
