10-11 13:49:54.259  2706  2827 D LogWriteUtil.class=LogFileHandlerThread.class: 2getFilePath: filePath=/custom/metro/log/2022-10-11
10-11 13:49:54.259  2706  2827 D LogWriteUtil.class=LogFileHandlerThread.class: getFileNameSuffix: file=/custom/metro/log/2022-10-11
10-11 13:49:54.259  2706  2827 D LogWriteUtil.class=LogFileHandlerThread.class: 2getCurrentFileName: index=3, LogWriteUtil.logfile=app.log, getFileNameSuffix=2
10-11 13:49:54.260  2706  2827 D LogWriteUtil.class=LogFileHandlerThread.class: 1getFilePath: logFormat=2022-10-11, LogWriteUtil.logPathDir=/custom/metro/log
10-11 13:49:54.260  2706  2827 D LogWriteUtil.class=LogFileHandlerThread.class: 2getFilePath: filePath=/custom/metro/log/2022-10-11
10-11 13:49:54.260  2706  2827 D LogWriteUtil.class=LogFileHandlerThread.class: getFileNameSuffix: file=/custom/metro/log/2022-10-11
10-11 13:49:54.261  2706  2827 D LogWriteUtil.class=LogFileHandlerThread.class: 3getCurrentFileName: logFileName=app2.log
10-11 13:49:54.261  2706  2827 D TAG     : 2,initFile: /custom/metro/log/2022-10-11/app2.log, logFile.length=80065, getCurrentFileName()=app2.log, writeFileName=/custom/metro/log/2022-10-11/app1.log
10-11 13:49:54.261  2706  2827 D LogWriteUtil.class=LogFileHandlerThread.class: 8,initFile: logFile=/custom/metro/log/2022-10-11/app2.log, logFile.length=80065
10-11 13:49:54.262  2706  2827 D LogWriteUtil.class=LogFileHandlerThread.class: 1getFilePath: logFormat=2022-10-11, LogWriteUtil.logPathDir=/custom/metro/log
10-11 13:49:54.263  2706  2827 D LogWriteUtil.class=LogFileHandlerThread.class: 2getFilePath: filePath=/custom/metro/log/2022-10-11
10-11 13:49:54.263  2706  2827 D LogWriteUtil.class=LogFileHandlerThread.class: 1getCurrentFileName: LogWriteUtil.logfile=app.log
10-11 13:49:54.263  2706  2827 D LogWriteUtil.class=LogFileHandlerThread.class: 1getFilePath: logFormat=2022-10-11, LogWriteUtil.logPathDir=/custom/metro/log
10-11 13:49:54.264  2706  2827 D LogWriteUtil.class=LogFileHandlerThread.class: 2getFilePath: filePath=/custom/metro/log/2022-10-11
10-11 13:49:54.264  2706  2827 D LogWriteUtil.class=LogFileHandlerThread.class: getFileNameSuffix: file=/custom/metro/log/2022-10-11
10-11 13:49:54.264  2706  2827 D LogWriteUtil.class=LogFileHandlerThread.class: 2getCurrentFileName: index=3, LogWriteUtil.logfile=app.log, getFileNameSuffix=2
10-11 13:49:54.265  2706  2827 D LogWriteUtil.class=LogFileHandlerThread.class: 1getFilePath: logFormat=2022-10-11, LogWriteUtil.logPathDir=/custom/metro/log
10-11 13:49:54.265  2706  2827 D LogWriteUtil.class=LogFileHandlerThread.class: 2getFilePath: filePath=/custom/metro/log/2022-10-11
10-11 13:49:54.265  2706  2827 D LogWriteUtil.class=LogFileHandlerThread.class: getFileNameSuffix: file=/custom/metro/log/2022-10-11
10-11 13:49:54.265  2706  2827 D LogWriteUtil.class=LogFileHandlerThread.class: 3getCurrentFileName: logFileName=app2.log
10-11 13:49:54.265  2706  2827 D LogWriteUtil.class=LogFileHandlerThread.class: 1,initFile: getFilePath()=/custom/metro/log/2022-10-11, getCurrentFileName=app2.log
10-11 13:49:54.266  2706  2827 D LogWriteUtil.class=LogFileHandlerThread.class: 1getFilePath: logFormat=2022-10-11, LogWriteUtil.logPathDir=/custom/metro/log
10-11 13:49:54.266  2706  2827 D LogWriteUtil.class=LogFileHandlerThread.class: 2getFilePath: filePath=/custom/metro/log/2022-10-11
10-11 13:49:54.266  2706  2827 D LogWriteUtil.class=LogFileHandlerThread.class: 1getCurrentFileName: LogWriteUtil.logfile=app.log
10-11 13:49:54.267  2706  2827 D LogWriteUtil.class=LogFileHandlerThread.class: 1getFilePath: logFormat=2022-10-11, LogWriteUtil.logPathDir=/custom/metro/log
10-11 13:49:54.267  2706  2827 D LogWriteUtil.class=LogFileHandlerThread.class: 2getFilePath: filePath=/custom/metro/log/2022-10-11
10-11 13:49:54.267  2706  2827 D LogWriteUtil.class=LogFileHandlerThread.class: getFileNameSuffix: file=/custom/metro/log/2022-10-11
10-11 13:49:54.267  2706  2827 D LogWriteUtil.class=LogFileHandlerThread.class: 2getCurrentFileName: index=3, LogWriteUtil.logfile=app.log, getFileNameSuffix=2
10-11 13:49:54.268  2706  2827 D LogWriteUtil.class=LogFileHandlerThread.class: 1getFilePath: logFormat=2022-10-11, LogWriteUtil.logPathDir=/custom/metro/log
10-11 13:49:54.268  2706  2827 D LogWriteUtil.class=LogFileHandlerThread.class: 2getFilePath: filePath=/custom/metro/log/2022-10-11
10-11 13:49:54.269  2706  2827 D LogWriteUtil.class=LogFileHandlerThread.class: getFileNameSuffix: file=/custom/metro/log/2022-10-11
10-11 13:49:54.269  2706  2827 D LogWriteUtil.class=LogFileHandlerThread.class: 3getCurrentFileName: logFileName=app2.log
10-11 13:49:54.269  2706  2827 D LogWriteUtil.class=LogFileHandlerThread.class: 1getCurrentFileName: LogWriteUtil.logfile=app.log
10-11 13:49:54.270  2706  2827 D LogWriteUtil.class=LogFileHandlerThread.class: 1getFilePath: logFormat=2022-10-11, LogWriteUtil.logPathDir=/custom/metro/log
10-11 13:49:54.270  2706  2827 D LogWriteUtil.class=LogFileHandlerThread.class: 2getFilePath: filePath=/custom/metro/log/2022-10-11
10-11 13:49:54.270  2706  2827 D LogWriteUtil.class=LogFileHandlerThread.class: getFileNameSuffix: file=/custom/metro/log/2022-10-11
10-11 13:49:54.270  2706  2827 D LogWriteUtil.class=LogFileHandlerThread.class: 2getCurrentFileName: index=3, LogWriteUtil.logfile=app.log, getFileNameSuffix=2
10-11 13:49:54.271  2706  2827 D LogWriteUtil.class=LogFileHandlerThread.class: 1getFilePath: logFormat=2022-10-11, LogWriteUtil.logPathDir=/custom/metro/log
10-11 13:49:54.271  2706  2827 D LogWriteUtil.class=LogFileHandlerThread.class: 2getFilePath: filePath=/custom/metro/log/2022-10-11
10-11 13:49:54.271  2706  2827 D LogWriteUtil.class=LogFileHandlerThread.class: getFileNameSuffix: file=/custom/metro/log/2022-10-11
10-11 13:49:54.271  2706  2827 D LogWriteUtil.class=LogFileHandlerThread.class: 3getCurrentFileName: logFileName=app2.log
10-11 13:49:54.271  2706  2827 D TAG     : 2,initFile: /custom/metro/log/2022-10-11/app2.log, logFile.length=80065, getCurrentFileName()=app2.log, writeFileName=/custom/metro/log/2022-10-11/app1.log
10-11 13:49:54.272  2706  2827 D LogWriteUtil.class=LogFileHandlerThread.class: 8,initFile: logFile=/custom/metro/log/2022-10-11/app2.log, logFile.length=80065
10-11 13:49:54.293  2706  3234 D UdpDisServices: udp receive - api receive data disApi, udp service id=99  - udp.packet.address=/172.2.208.8, udp.pack.socketAddress=/172.2.208.8:64002, udp.port=64002- running=true - message={"MsgSeqID":1195986,"MsgName":"DisReceivedNotify","MsgInfo":{"AppMsgSeqID":308,"Code":10001}}
10-11 13:49:54.294  2706  3234 I APP_LogUtils.kt: [(LogUtils.kt:50).i()] [UdpDisServices] udp receive - api receive data disApi, udp service id=99 - running=true  - ip=/172.2.208.8 - port=64002 - message={"MsgSeqID":1195986,"MsgName":"DisReceivedNotify","MsgInfo":{"AppMsgSeqID":308,"Code":10001}}
10-11 13:49:54.295  2706  2706 D MainActivity: onMessageEvent  -- gginit: disApi, id=1---event={"MsgSeqID":1195986,"MsgName":"DisReceivedNotify","MsgInfo":{"AppMsgSeqID":308,"Code":10001}}
10-11 13:49:54.295  2706  2706 D MainViewModel: 1processDisApi: disApi, id=1
10-11 13:49:54.296  2706  2827 D LogWriteUtil.class=LogFileHandlerThread.class: 1getFilePath: logFormat=2022-10-11, LogWriteUtil.logPathDir=/custom/metro/log
10-11 13:49:54.296  2706  2827 D LogWriteUtil.class=LogFileHandlerThread.class: 2getFilePath: filePath=/custom/metro/log/2022-10-11
10-11 13:49:54.296  2706  2827 D LogWriteUtil.class=LogFileHandlerThread.class: 1getCurrentFileName: LogWriteUtil.logfile=app.log
10-11 13:49:54.296  2706  3335 D DisApiSingletonReceive: processingData: disApi, id=110 - data={"MsgSeqID":1195986,"MsgName":"DisReceivedNotify","MsgInfo":{"AppMsgSeqID":308,"Code":10001}}
10-11 13:49:54.297  2706  2827 D LogWriteUtil.class=LogFileHandlerThread.class: 1getFilePath: logFormat=2022-10-11, LogWriteUtil.logPathDir=/custom/metro/log
10-11 13:49:54.297  2706  2827 D LogWriteUtil.class=LogFileHandlerThread.class: 2getFilePath: filePath=/custom/metro/log/2022-10-11
10-11 13:49:54.298  2706  2827 D LogWriteUtil.class=LogFileHandlerThread.class: getFileNameSuffix: file=/custom/metro/log/2022-10-11
10-11 13:49:54.298  2706  3335 D DisApiSingletonReceive: processingDisReceivedNotify: info=DisReceivedNotifyApiData(msgName=DisReceivedNotify, msgSeqID=1195986, msgInfo=ReceivedNotifyData(appMsgSeqID=0, code=10001))
10-11 13:49:54.298  2706  2827 D LogWriteUtil.class=LogFileHandlerThread.class: 2getCurrentFileName: index=3, LogWriteUtil.logfile=app.log, getFileNameSuffix=2
10-11 13:49:54.299  2706  2827 D LogWriteUtil.class=LogFileHandlerThread.class: 1getFilePath: logFormat=2022-10-11, LogWriteUtil.logPathDir=/custom/metro/log
10-11 13:49:54.299  2706  2827 D LogWriteUtil.class=LogFileHandlerThread.class: 2getFilePath: filePath=/custom/metro/log/2022-10-11
10-11 13:49:54.300  2706  2827 D LogWriteUtil.class=LogFileHandlerThread.class: getFileNameSuffix: file=/custom/metro/log/2022-10-11
10-11 13:49:54.300  2706  2827 D LogWriteUtil.class=LogFileHandlerThread.class: 3getCurrentFileName: logFileName=app2.log
10-11 13:49:54.300  2706  2827 D LogWriteUtil.class=LogFileHandlerThread.class: 1,initFile: getFilePath()=/custom/metro/log/2022-10-11, getCurrentFileName=app2.log
10-11 13:49:54.302  2706  2827 D LogWriteUtil.class=LogFileHandlerThread.class: 1getFilePath: logFormat=2022-10-11, LogWriteUtil.logPathDir=/custom/metro/log
10-11 13:49:54.302  2706  2827 D LogWriteUtil.class=LogFileHandlerThread.class: 2getFilePath: filePath=/custom/metro/log/2022-10-11
10-11 13:49:54.302  2706  2827 D LogWriteUtil.class=LogFileHandlerThread.class: 1getCurrentFileName: LogWriteUtil.logfile=app.log
10-11 13:49:54.303  2706  2827 D LogWriteUtil.class=LogFileHandlerThread.class: 1getFilePath: logFormat=2022-10-11, LogWriteUtil.logPathDir=/custom/metro/log
10-11 13:49:54.303  2706  2827 D LogWriteUtil.class=LogFileHandlerThread.class: 2getFilePath: filePath=/custom/metro/log/2022-10-11
10-11 13:49:54.303  2706  2827 D LogWriteUtil.class=LogFileHandlerThread.class: getFileNameSuffix: file=/custom/metro/log/2022-10-11
10-11 13:49:54.303  2706  2827 D LogWriteUtil.class=LogFileHandlerThread.class: 2getCurrentFileName: index=3, LogWriteUtil.logfile=app.log, getFileNameSuffix=2
10-11 13:49:54.304  2706  2827 D LogWriteUtil.class=LogFileHandlerThread.class: 1getFilePath: logFormat=2022-10-11, LogWriteUtil.logPathDir=/custom/metro/log
10-11 13:49:54.304  2706  2827 D LogWriteUtil.class=LogFileHandlerThread.class: 2getFilePath: filePath=/custom/metro/log/2022-10-11
10-11 13:49:54.304  2706  2827 D LogWriteUtil.class=LogFileHandlerThread.class: getFileNameSuffix: file=/custom/metro/log/2022-10-11
10-11 13:49:54.305  2706  2827 D LogWriteUtil.class=LogFileHandlerThread.class: 3getCurrentFileName: logFileName=app2.log
10-11 13:49:54.305  2706  2827 D LogWriteUtil.class=LogFileHandlerThread.class: 1getCurrentFileName: LogWriteUtil.logfile=app.log
10-11 13:49:54.306  2706  2827 D LogWriteUtil.class=LogFileHandlerThread.class: 1getFilePath: logFormat=2022-10-11, LogWriteUtil.logPathDir=/custom/metro/log
10-11 13:49:54.306  2706  2827 D LogWriteUtil.class=LogFileHandlerThread.class: 2getFilePath: filePath=/custom/metro/log/2022-10-11
10-11 13:49:54.306  2706  2827 D LogWriteUtil.class=LogFileHandlerThread.class: getFileNameSuffix: file=/custom/metro/log/2022-10-11
10-11 13:49:54.307  2706  2827 D LogWriteUtil.class=LogFileHandlerThread.class: 2getCurrentFileName: index=3, LogWriteUtil.logfile=app.log, getFileNameSuffix=2
10-11 13:49:54.307  2706  2827 D LogWriteUtil.class=LogFileHandlerThread.class: 1getFilePath: logFormat=2022-10-11, LogWriteUtil.logPathDir=/custom/metro/log
10-11 13:49:54.308  2706  2827 D LogWriteUtil.class=LogFileHandlerThread.class: 2getFilePath: filePath=/custom/metro/log/2022-10-11
10-11 13:49:54.308  2706  2827 D LogWriteUtil.class=LogFileHandlerThread.class: getFileNameSuffix: file=/custom/metro/log/2022-10-11
10-11 13:49:54.308  2706  2827 D LogWriteUtil.class=LogFileHandlerThread.class: 3getCurrentFileName: logFileName=app2.log
10-11 13:49:54.308  2706  2827 D TAG     : 2,initFile: /custom/metro/log/2022-10-11/app2.log, logFile.length=80065, getCurrentFileName()=app2.log, writeFileName=/custom/metro/log/2022-10-11/app1.log
10-11 13:49:54.309  2706  2827 D LogWriteUtil.class=LogFileHandlerThread.class: 8,initFile: logFile=/custom/metro/log/2022-10-11/app2.log, logFile.length=80065
10-11 13:49:54.319  2706  3234 D UdpDisServices: udp receive - api receive data disApi, udp service id=99  - udp.packet.address=/172.2.208.8, udp.pack.socketAddress=/172.2.208.8:64002, udp.port=64002- running=true - message={"MsgSeqID":1195987,"MsgName":"GetStationATSRsp","MsgInfo":{"Code":10011,"StationATSInfos":[{"TrainGroupNumber":"212","ServiceNumber":"000","TrainCrewNumber":"000","TrainPosition":"1","TrainRunningPosition":"1","RailName":"T1212","StationID":"012","TerminalStationID":"000","DestinationID":"000"}]}}
10-11 13:49:54.320  2706  3234 I APP_LogUtils.kt: [(LogUtils.kt:50).i()] [UdpDisServices] udp receive - api receive data disApi, udp service id=99 - running=true  - ip=/172.2.208.8 - port=64002 - message={"MsgSeqID":1195987,"MsgName":"GetStationATSRsp","MsgInfo":{"Code":10011,"StationATSInfos":[{"TrainGroupNumber":"212","ServiceNumber":"000","TrainCrewNumber":"000","TrainPosition":"1","TrainRunningPosition":"1","RailName":"T1212","StationID":"012","TerminalStationID":"000","DestinationID":"000"}]}}
10-11 13:49:54.321  2706  2706 D MainActivity: onMessageEvent  -- gginit: disApi, id=1---event={"MsgSeqID":1195987,"MsgName":"GetStationATSRsp","MsgInfo":{"Code":10011,"StationATSInfos":[{"TrainGroupNumber":"212","ServiceNumber":"000","TrainCrewNumber":"000","TrainPosition":"1","TrainRunningPosition":"1","RailName":"T1212","StationID":"012","TerminalStationID":"000","DestinationID":"000"}]}}
10-11 13:49:54.321  2706  3234 D UdpDisServices: udp receive - api receive data disApi, udp service id=99  - udp.packet.address=/172.2.208.8, udp.pack.socketAddress=/172.2.208.8:64002, udp.port=64002- running=true - message={"MsgSeqID":1195988,"MsgName":"DisReceivedNotify","MsgInfo":{"AppMsgSeqID":309,"Code":10001}}
10-11 13:49:54.321  2706  2706 D MainViewModel: 1processDisApi: disApi, id=1
10-11 13:49:54.322  2706  2827 D LogWriteUtil.class=LogFileHandlerThread.class: 1getFilePath: logFormat=2022-10-11, LogWriteUtil.logPathDir=/custom/metro/log
10-11 13:49:54.322  2706  2827 D LogWriteUtil.class=LogFileHandlerThread.class: 2getFilePath: filePath=/custom/metro/log/2022-10-11
10-11 13:49:54.322  2706  2827 D LogWriteUtil.class=LogFileHandlerThread.class: 1getCurrentFileName: LogWriteUtil.logfile=app.log
10-11 13:49:54.322  2706  3234 I APP_LogUtils.kt: [(LogUtils.kt:50).i()] [UdpDisServices] udp receive - api receive data disApi, udp service id=99 - running=true  - ip=/172.2.208.8 - port=64002 - message={"MsgSeqID":1195988,"MsgName":"DisReceivedNotify","MsgInfo":{"AppMsgSeqID":309,"Code":10001}}
10-11 13:49:54.323  2706  2827 D LogWriteUtil.class=LogFileHandlerThread.class: 1getFilePath: logFormat=2022-10-11, LogWriteUtil.logPathDir=/custom/metro/log
10-11 13:49:54.323  2706  3335 D DisApiSingletonReceive: processingData: disApi, id=110 - data={"MsgSeqID":1195987,"MsgName":"GetStationATSRsp","MsgInfo":{"Code":10011,"StationATSInfos":[{"TrainGroupNumber":"212","ServiceNumber":"000","TrainCrewNumber":"000","TrainPosition":"1","TrainRunningPosition":"1","RailName":"T1212","StationID":"012","TerminalStationID":"000","DestinationID":"000"}]}}
10-11 13:49:54.323  2706  2706 D MainActivity: onMessageEvent  -- gginit: disApi, id=1---event={"MsgSeqID":1195988,"MsgName":"DisReceivedNotify","MsgInfo":{"AppMsgSeqID":309,"Code":10001}}
10-11 13:49:54.323  2706  2827 D LogWriteUtil.class=LogFileHandlerThread.class: 2getFilePath: filePath=/custom/metro/log/2022-10-11
10-11 13:49:54.323  2706  2706 D MainViewModel: 1processDisApi: disApi, id=1
10-11 13:49:54.323  2706  2827 D LogWriteUtil.class=LogFileHandlerThread.class: getFileNameSuffix: file=/custom/metro/log/2022-10-11
10-11 13:49:54.323  2706  2827 D LogWriteUtil.class=LogFileHandlerThread.class: 2getCurrentFileName: index=3, LogWriteUtil.logfile=app.log, getFileNameSuffix=2
10-11 13:49:54.323  2706  3331 D DisApiSingletonReceive: processingData: disApi, id=106 - data={"MsgSeqID":1195988,"MsgName":"DisReceivedNotify","MsgInfo":{"AppMsgSeqID":309,"Code":10001}}
10-11 13:49:54.324  2706  2827 D LogWriteUtil.class=LogFileHandlerThread.class: 1getFilePath: logFormat=2022-10-11, LogWriteUtil.logPathDir=/custom/metro/log
10-11 13:49:54.324  2706  2827 D LogWriteUtil.class=LogFileHandlerThread.class: 2getFilePath: filePath=/custom/metro/log/2022-10-11
10-11 13:49:54.324  2706  2827 D LogWriteUtil.class=LogFileHandlerThread.class: getFileNameSuffix: file=/custom/metro/log/2022-10-11
10-11 13:49:54.324  2706  2827 D LogWriteUtil.class=LogFileHandlerThread.class: 3getCurrentFileName: logFileName=app2.log
10-11 13:49:54.325  2706  2827 D LogWriteUtil.class=LogFileHandlerThread.class: 1,initFile: getFilePath()=/custom/metro/log/2022-10-11, getCurrentFileName=app2.log
10-11 13:49:54.325  2706  3335 D DisApiSingletonReceive: parseStationAtsData: atsInfo=com.gbcom.library_base.data.StationAtsApiData@4c5aafc
10-11 13:49:54.325  2706  3331 D DisApiSingletonReceive: processingDisReceivedNotify: info=DisReceivedNotifyApiData(msgName=DisReceivedNotify, msgSeqID=1195988, msgInfo=ReceivedNotifyData(appMsgSeqID=0, code=10001))
10-11 13:49:54.325  2706  3335 D BtrunCConfig: isR2Nubmer is true
10-11 13:49:54.325  2706  3335 D com.ztegota.system.GotaSystem: getMdn +866022012
10-11 13:49:54.325  2706  3335 D TAG     : getUserId: userId2=+866022012
10-11 13:49:54.326  2706  2827 D LogWriteUtil.class=LogFileHandlerThread.class: 1getFilePath: logFormat=2022-10-11, LogWriteUtil.logPathDir=/custom/metro/log
10-11 13:49:54.326  2706  2827 D LogWriteUtil.class=LogFileHandlerThread.class: 2getFilePath: filePath=/custom/metro/log/2022-10-11
10-11 13:49:54.327  2706  2827 D LogWriteUtil.class=LogFileHandlerThread.class: 1getCurrentFileName: LogWriteUtil.logfile=app.log
10-11 13:49:54.327  2706  2827 D LogWriteUtil.class=LogFileHandlerThread.class: 1getFilePath: logFormat=2022-10-11, LogWriteUtil.logPathDir=/custom/metro/log
10-11 13:49:54.327  2706  2827 D LogWriteUtil.class=LogFileHandlerThread.class: 2getFilePath: filePath=/custom/metro/log/2022-10-11
10-11 13:49:54.328  2706  2827 D LogWriteUtil.class=LogFileHandlerThread.class: getFileNameSuffix: file=/custom/metro/log/2022-10-11
10-11 13:49:54.328  2706  2827 D LogWriteUtil.class=LogFileHandlerThread.class: 2getCurrentFileName: index=3, LogWriteUtil.logfile=app.log, getFileNameSuffix=2
10-11 13:49:54.329  2706  2827 D LogWriteUtil.class=LogFileHandlerThread.class: 1getFilePath: logFormat=2022-10-11, LogWriteUtil.logPathDir=/custom/metro/log
10-11 13:49:54.329  2706  2827 D LogWriteUtil.class=LogFileHandlerThread.class: 2getFilePath: filePath=/custom/metro/log/2022-10-11
10-11 13:49:54.329  2706  2827 D LogWriteUtil.class=LogFileHandlerThread.class: getFileNameSuffix: file=/custom/metro/log/2022-10-11
10-11 13:49:54.329  2706  2827 D LogWriteUtil.class=LogFileHandlerThread.class: 3getCurrentFileName: logFileName=app2.log
10-11 13:49:54.329  2706  2827 D LogWriteUtil.class=LogFileHandlerThread.class: 1getCurrentFileName: LogWriteUtil.logfile=app.log
10-11 13:49:54.330  2706  2827 D LogWriteUtil.class=LogFileHandlerThread.class: 1getFilePath: logFormat=2022-10-11, LogWriteUtil.logPathDir=/custom/metro/log
10-11 13:49:54.330  2706  2827 D LogWriteUtil.class=LogFileHandlerThread.class: 2getFilePath: filePath=/custom/metro/log/2022-10-11
10-11 13:49:54.331  2706  2827 D LogWriteUtil.class=LogFileHandlerThread.class: getFileNameSuffix: file=/custom/metro/log/2022-10-11
10-11 13:49:54.331  2706  2827 D LogWriteUtil.class=LogFileHandlerThread.class: 2getCurrentFileName: index=3, LogWriteUtil.logfile=app.log, getFileNameSuffix=2
10-11 13:49:54.332  2706  2827 D LogWriteUtil.class=LogFileHandlerThread.class: 1getFilePath: logFormat=2022-10-11, LogWriteUtil.logPathDir=/custom/metro/log
10-11 13:49:54.332  2706  2827 D LogWriteUtil.class=LogFileHandlerThread.class: 2getFilePath: filePath=/custom/metro/log/2022-10-11
10-11 13:49:54.332  2706  2827 D LogWriteUtil.class=LogFileHandlerThread.class: getFileNameSuffix: file=/custom/metro/log/2022-10-11
10-11 13:49:54.332  2706  2827 D LogWriteUtil.class=LogFileHandlerThread.class: 3getCurrentFileName: logFileName=app2.log
10-11 13:49:54.333  2706  2827 D TAG     : 2,initFile: /custom/metro/log/2022-10-11/app2.log, logFile.length=80065, getCurrentFileName()=app2.log, writeFileName=/custom/metro/log/2022-10-11/app1.log
10-11 13:49:54.333  2706  2827 D LogWriteUtil.class=LogFileHandlerThread.class: 8,initFile: logFile=/custom/metro/log/2022-10-11/app2.log, logFile.length=80065
10-11 13:49:54.334  2706  2827 D LogWriteUtil.class=LogFileHandlerThread.class: 1getFilePath: logFormat=2022-10-11, LogWriteUtil.logPathDir=/custom/metro/log
10-11 13:49:54.334  2706  2827 D LogWriteUtil.class=LogFileHandlerThread.class: 2getFilePath: filePath=/custom/metro/log/2022-10-11
10-11 13:49:54.335  2706  2827 D LogWriteUtil.class=LogFileHandlerThread.class: 1getCurrentFileName: LogWriteUtil.logfile=app.log
10-11 13:49:54.336  2706  2827 D LogWriteUtil.class=LogFileHandlerThread.class: 1getFilePath: logFormat=2022-10-11, LogWriteUtil.logPathDir=/custom/metro/log
10-11 13:49:54.336  2706  2827 D LogWriteUtil.class=LogFileHandlerThread.class: 2getFilePath: filePath=/custom/metro/log/2022-10-11
10-11 13:49:54.336  2706  2827 D LogWriteUtil.class=LogFileHandlerThread.class: getFileNameSuffix: file=/custom/metro/log/2022-10-11
10-11 13:49:54.336  2706  2827 D LogWriteUtil.class=LogFileHandlerThread.class: 2getCurrentFileName: index=3, LogWriteUtil.logfile=app.log, getFileNameSuffix=2
10-11 13:49:54.337  2706  2827 D LogWriteUtil.class=LogFileHandlerThread.class: 1getFilePath: logFormat=2022-10-11, LogWriteUtil.logPathDir=/custom/metro/log
10-11 13:49:54.337  2706  2827 D LogWriteUtil.class=LogFileHandlerThread.class: 2getFilePath: filePath=/custom/metro/log/2022-10-11
10-11 13:49:54.337  2706  2827 D LogWriteUtil.class=LogFileHandlerThread.class: getFileNameSuffix: file=/custom/metro/log/2022-10-11
10-11 13:49:54.338  2706  2827 D LogWriteUtil.class=LogFileHandlerThread.class: 3getCurrentFileName: logFileName=app2.log
10-11 13:49:54.338  2706  2827 D LogWriteUtil.class=LogFileHandlerThread.class: 1,initFile: getFilePath()=/custom/metro/log/2022-10-11, getCurrentFileName=app2.log
10-11 13:49:54.338  2706  2827 D LogWriteUtil.class=LogFileHandlerThread.class: 1getFilePath: logFormat=2022-10-11, LogWriteUtil.logPathDir=/custom/metro/log
10-11 13:49:54.339  2706  2827 D LogWriteUtil.class=LogFileHandlerThread.class: 2getFilePath: filePath=/custom/metro/log/2022-10-11
10-11 13:49:54.339  2706  2827 D LogWriteUtil.class=LogFileHandlerThread.class: 1getCurrentFileName: LogWriteUtil.logfile=app.log
10-11 13:49:54.340  2706  2827 D LogWriteUtil.class=LogFileHandlerThread.class: 1getFilePath: logFormat=2022-10-11, LogWriteUtil.logPathDir=/custom/metro/log
10-11 13:49:54.340  2706  2706 D IndexFragment: initView: applyFxData() - ats=[StationAts(createTime=1665467394, trainGroupNumber=212, serviceNumber=000, trainCrewNumber=000, trainPosition=1, trainRunningPosition=1, railName=T1212, stationID=012, terminalStationID=000, destinationID=000, identityID=+866022012)]
10-11 13:49:54.340  2706  2827 D LogWriteUtil.class=LogFileHandlerThread.class: 2getFilePath: filePath=/custom/metro/log/2022-10-11
10-11 13:49:54.340  2706  2827 D LogWriteUtil.class=LogFileHandlerThread.class: getFileNameSuffix: file=/custom/metro/log/2022-10-11
10-11 13:49:54.340  2706  2827 D LogWriteUtil.class=LogFileHandlerThread.class: 2getCurrentFileName: index=3, LogWriteUtil.logfile=app.log, getFileNameSuffix=2
10-11 13:49:54.341  2706  2827 D LogWriteUtil.class=LogFileHandlerThread.class: 1getFilePath: logFormat=2022-10-11, LogWriteUtil.logPathDir=/custom/metro/log
10-11 13:49:54.341  2706  2827 D LogWriteUtil.class=LogFileHandlerThread.class: 2getFilePath: filePath=/custom/metro/log/2022-10-11
10-11 13:49:54.342  2706  2827 D LogWriteUtil.class=LogFileHandlerThread.class: getFileNameSuffix: file=/custom/metro/log/2022-10-11
10-11 13:49:54.342  2706  2827 D LogWriteUtil.class=LogFileHandlerThread.class: 3getCurrentFileName: logFileName=app2.log
10-11 13:49:54.343  2706  2827 D LogWriteUtil.class=LogFileHandlerThread.class: 1getCurrentFileName: LogWriteUtil.logfile=app.log
10-11 13:49:54.343  2706  2827 D LogWriteUtil.class=LogFileHandlerThread.class: 1getFilePath: logFormat=2022-10-11, LogWriteUtil.logPathDir=/custom/metro/log
10-11 13:49:54.344  2706  2827 D LogWriteUtil.class=LogFileHandlerThread.class: 2getFilePath: filePath=/custom/metro/log/2022-10-11
10-11 13:49:54.344  2706  2827 D LogWriteUtil.class=LogFileHandlerThread.class: getFileNameSuffix: file=/custom/metro/log/2022-10-11
10-11 13:49:54.344  2706  2827 D LogWriteUtil.class=LogFileHandlerThread.class: 2getCurrentFileName: index=3, LogWriteUtil.logfile=app.log, getFileNameSuffix=2
10-11 13:49:54.345  2706  2827 D LogWriteUtil.class=LogFileHandlerThread.class: 1getFilePath: logFormat=2022-10-11, LogWriteUtil.logPathDir=/custom/metro/log
10-11 13:49:54.345  2706  2827 D LogWriteUtil.class=LogFileHandlerThread.class: 2getFilePath: filePath=/custom/metro/log/2022-10-11
10-11 13:49:54.346  2706  2827 D LogWriteUtil.class=LogFileHandlerThread.class: getFileNameSuffix: file=/custom/metro/log/2022-10-11
10-11 13:49:54.346  2706  2827 D LogWriteUtil.class=LogFileHandlerThread.class: 3getCurrentFileName: logFileName=app2.log
10-11 13:49:54.346  2706  2827 D TAG     : 2,initFile: /custom/metro/log/2022-10-11/app2.log, logFile.length=80065, getCurrentFileName()=app2.log, writeFileName=/custom/metro/log/2022-10-11/app1.log
10-11 13:49:54.347  2706  2827 D LogWriteUtil.class=LogFileHandlerThread.class: 8,initFile: logFile=/custom/metro/log/2022-10-11/app2.log, logFile.length=80065
10-11 13:49:54.370  2706  3234 D UdpDisServices: udp receive - api receive data disApi, udp service id=99  - udp.packet.address=/172.2.208.8, udp.pack.socketAddress=/172.2.208.8:64002, udp.port=64002- running=true - message={"MsgSeqID":1195972,"MsgName":"GetStationATSRsp","MsgInfo":{"Code":10011,"StationATSInfos":[{"TrainGroupNumber":"212","ServiceNumber":"000","TrainCrewNumber":"000","TrainPosition":"1","TrainRunningPosition":"1","RailName":"T1212","StationID":"012","TerminalStationID":"000","DestinationID":"000"}]}}
10-11 13:49:54.371  2706  3234 I APP_LogUtils.kt: [(LogUtils.kt:50).i()] [UdpDisServices] udp receive - api receive data disApi, udp service id=99 - running=true  - ip=/172.2.208.8 - port=64002 - message={"MsgSeqID":1195972,"MsgName":"GetStationATSRsp","MsgInfo":{"Code":10011,"StationATSInfos":[{"TrainGroupNumber":"212","ServiceNumber":"000","TrainCrewNumber":"000","TrainPosition":"1","TrainRunningPosition":"1","RailName":"T1212","StationID":"012","TerminalStationID":"000","DestinationID":"000"}]}}
10-11 13:49:54.373  2706  2827 D LogWriteUtil.class=LogFileHandlerThread.class: 1getFilePath: logFormat=2022-10-11, LogWriteUtil.logPathDir=/custom/metro/log
10-11 13:49:54.373  2706  2827 D LogWriteUtil.class=LogFileHandlerThread.class: 2getFilePath: filePath=/custom/metro/log/2022-10-11
10-11 13:49:54.373  2706  2827 D LogWriteUtil.class=LogFileHandlerThread.class: 1getCurrentFileName: LogWriteUtil.logfile=app.log
10-11 13:49:54.374  2706  2827 D LogWriteUtil.class=LogFileHandlerThread.class: 1getFilePath: logFormat=2022-10-11, LogWriteUtil.logPathDir=/custom/metro/log
10-11 13:49:54.374  2706  2827 D LogWriteUtil.class=LogFileHandlerThread.class: 2getFilePath: filePath=/custom/metro/log/2022-10-11
10-11 13:49:54.374  2706  2827 D LogWriteUtil.class=LogFileHandlerThread.class: getFileNameSuffix: file=/custom/metro/log/2022-10-11
10-11 13:49:54.374  2706  2827 D LogWriteUtil.class=LogFileHandlerThread.class: 2getCurrentFileName: index=3, LogWriteUtil.logfile=app.log, getFileNameSuffix=2
10-11 13:49:54.375  2706  2827 D LogWriteUtil.class=LogFileHandlerThread.class: 1getFilePath: logFormat=2022-10-11, LogWriteUtil.logPathDir=/custom/metro/log
10-11 13:49:54.376  2706  2827 D LogWriteUtil.class=LogFileHandlerThread.class: 2getFilePath: filePath=/custom/metro/log/2022-10-11
10-11 13:49:54.376  2706  2827 D LogWriteUtil.class=LogFileHandlerThread.class: getFileNameSuffix: file=/custom/metro/log/2022-10-11
10-11 13:49:54.376  2706  2827 D LogWriteUtil.class=LogFileHandlerThread.class: 3getCurrentFileName: logFileName=app2.log
10-11 13:49:54.376  2706  2827 D LogWriteUtil.class=LogFileHandlerThread.class: 1,initFile: getFilePath()=/custom/metro/log/2022-10-11, getCurrentFileName=app2.log
10-11 13:49:54.377  2706  2827 D LogWriteUtil.class=LogFileHandlerThread.class: 1getFilePath: logFormat=2022-10-11, LogWriteUtil.logPathDir=/custom/metro/log
10-11 13:49:54.377  2706  2827 D LogWriteUtil.class=LogFileHandlerThread.class: 2getFilePath: filePath=/custom/metro/log/2022-10-11
10-11 13:49:54.377  2706  2827 D LogWriteUtil.class=LogFileHandlerThread.class: 1getCurrentFileName: LogWriteUtil.logfile=app.log
10-11 13:49:54.378  2706  2827 D LogWriteUtil.class=LogFileHandlerThread.class: 1getFilePath: logFormat=2022-10-11, LogWriteUtil.logPathDir=/custom/metro/log
10-11 13:49:54.378  2706  2827 D LogWriteUtil.class=LogFileHandlerThread.class: 2getFilePath: filePath=/custom/metro/log/2022-10-11
10-11 13:49:54.378  2706  2827 D LogWriteUtil.class=LogFileHandlerThread.class: getFileNameSuffix: file=/custom/metro/log/2022-10-11
10-11 13:49:54.379  2706  2827 D LogWriteUtil.class=LogFileHandlerThread.class: 2getCurrentFileName: index=3, LogWriteUtil.logfile=app.log, getFileNameSuffix=2
10-11 13:49:54.379  2706  2827 D LogWriteUtil.class=LogFileHandlerThread.class: 1getFilePath: logFormat=2022-10-11, LogWriteUtil.logPathDir=/custom/metro/log
10-11 13:49:54.379  2706  2827 D LogWriteUtil.class=LogFileHandlerThread.class: 2getFilePath: filePath=/custom/metro/log/2022-10-11
10-11 13:49:54.380  2706  2827 D LogWriteUtil.class=LogFileHandlerThread.class: getFileNameSuffix: file=/custom/metro/log/2022-10-11
10-11 13:49:54.380  2706  2827 D LogWriteUtil.class=LogFileHandlerThread.class: 3getCurrentFileName: logFileName=app2.log
10-11 13:49:54.380  2706  2827 D LogWriteUtil.class=LogFileHandlerThread.class: 1getCurrentFileName: LogWriteUtil.logfile=app.log
10-11 13:49:54.381  2706  2827 D LogWriteUtil.class=LogFileHandlerThread.class: 1getFilePath: logFormat=2022-10-11, LogWriteUtil.logPathDir=/custom/metro/log
10-11 13:49:54.381  2706  2827 D LogWriteUtil.class=LogFileHandlerThread.class: 2getFilePath: filePath=/custom/metro/log/2022-10-11
10-11 13:49:54.381  2706  2827 D LogWriteUtil.class=LogFileHandlerThread.class: getFileNameSuffix: file=/custom/metro/log/2022-10-11
10-11 13:49:54.381  2706  2827 D LogWriteUtil.class=LogFileHandlerThread.class: 2getCurrentFileName: index=3, LogWriteUtil.logfile=app.log, getFileNameSuffix=2
10-11 13:49:54.382  2706  2827 D LogWriteUtil.class=LogFileHandlerThread.class: 1getFilePath: logFormat=2022-10-11, LogWriteUtil.logPathDir=/custom/metro/log
10-11 13:49:54.382  2706  2827 D LogWriteUtil.class=LogFileHandlerThread.class: 2getFilePath: filePath=/custom/metro/log/2022-10-11
10-11 13:49:54.382  2706  2827 D LogWriteUtil.class=LogFileHandlerThread.class: getFileNameSuffix: file=/custom/metro/log/2022-10-11
10-11 13:49:54.383  2706  2827 D LogWriteUtil.class=LogFileHandlerThread.class: 3getCurrentFileName: logFileName=app2.log
10-11 13:49:54.383  2706  2827 D TAG     : 2,initFile: /custom/metro/log/2022-10-11/app2.log, logFile.length=80065, getCurrentFileName()=app2.log, writeFileName=/custom/metro/log/2022-10-11/app1.log
10-11 13:49:54.383  2706  2827 D LogWriteUtil.class=LogFileHandlerThread.class: 8,initFile: logFile=/custom/metro/log/2022-10-11/app2.log, logFile.length=80065
10-11 13:49:54.393  2706  2706 D MainActivity: onMessageEvent  -- gginit: disApi, id=1---event={"MsgSeqID":1195972,"MsgName":"GetStationATSRsp","MsgInfo":{"Code":10011,"StationATSInfos":[{"TrainGroupNumber":"212","ServiceNumber":"000","TrainCrewNumber":"000","TrainPosition":"1","TrainRunningPosition":"1","RailName":"T1212","StationID":"012","TerminalStationID":"000","DestinationID":"000"}]}}
10-11 13:49:54.394  2706  2706 D MainViewModel: 1processDisApi: disApi, id=1
10-11 13:49:54.394  2706  2706 D MainActivity: updateSignalIcon: signal=4
10-11 13:49:54.395  2706  3335 D DisApiSingletonReceive: processingData: disApi, id=110 - data={"MsgSeqID":1195972,"MsgName":"GetStationATSRsp","MsgInfo":{"Code":10011,"StationATSInfos":[{"TrainGroupNumber":"212","ServiceNumber":"000","TrainCrewNumber":"000","TrainPosition":"1","TrainRunningPosition":"1","RailName":"T1212","StationID":"012","TerminalStationID":"000","DestinationID":"000"}]}}
10-11 13:49:54.398  2706  3335 D DisApiSingletonReceive: parseStationAtsData: atsInfo=com.gbcom.library_base.data.StationAtsApiData@d631c0b
10-11 13:49:54.399  2706  3335 D BtrunCConfig: isR2Nubmer is true
10-11 13:49:54.399  2706  3335 D com.ztegota.system.GotaSystem: getMdn +866022012
10-11 13:49:54.399  2706  3335 D TAG     : getUserId: userId2=+866022012
10-11 13:49:54.415  2706  2706 E train_jni_log: getHandsetStatus===popen buffer=0
10-11 13:49:54.415  2706  2706 E train_jni_log: getHandsetStatus===popen iRet=0
10-11 13:49:54.417  2706  2706 D TAG     : getHeadsetStatus: 0
10-11 13:49:54.418  2706  2706 D TAG     : getHeadsetStatus: headsetStatus=200
10-11 13:49:54.419  2706  2706 D TAG     : getHeadsetStatus: headsetStatus2=200
10-11 13:49:54.420  2706  3527 D BtrunCConfig: isR2Nubmer is true
10-11 13:49:54.420  2706  3527 D com.ztegota.system.GotaSystem: getMdn +866022012
10-11 13:49:54.420  2706  3334 D MainViewModel: getLteIp: test1111111=172.2.200.12
10-11 13:49:54.420  2706  3527 D TAG     : getUserId: userId2=+866022012
10-11 13:49:54.420  2706  2706 D MainActivity: showStatus: aa---result---result=true, url=192.168.42.131
10-11 13:49:54.420  2706  3331 I APP_LogUtils.kt: [(LogUtils.kt:50).i()] [MainViewModel] GotaSystem SDK:V2.13 2021-04-20, Host Soft Version:GM655+V1.0.6.8B02, Host Hard Version:GM655MB_C, Host Build Time:2021 12 28  16:23:13 CST;
10-11 13:49:54.421  2706  2827 D LogWriteUtil.class=LogFileHandlerThread.class: 1getFilePath: logFormat=2022-10-11, LogWriteUtil.logPathDir=/custom/metro/log
10-11 13:49:54.421  2706  2827 D LogWriteUtil.class=LogFileHandlerThread.class: 2getFilePath: filePath=/custom/metro/log/2022-10-11
10-11 13:49:54.422  2706  2827 D LogWriteUtil.class=LogFileHandlerThread.class: 1getCurrentFileName: LogWriteUtil.logfile=app.log
10-11 13:49:54.422  2706  2827 D LogWriteUtil.class=LogFileHandlerThread.class: 1getFilePath: logFormat=2022-10-11, LogWriteUtil.logPathDir=/custom/metro/log
10-11 13:49:54.422  2706  2827 D LogWriteUtil.class=LogFileHandlerThread.class: 2getFilePath: filePath=/custom/metro/log/2022-10-11
10-11 13:49:54.422  2706  2827 D LogWriteUtil.class=LogFileHandlerThread.class: getFileNameSuffix: file=/custom/metro/log/2022-10-11
10-11 13:49:54.423  2706  2827 D LogWriteUtil.class=LogFileHandlerThread.class: 2getCurrentFileName: index=3, LogWriteUtil.logfile=app.log, getFileNameSuffix=2
10-11 13:49:54.423  2706  2827 D LogWriteUtil.class=LogFileHandlerThread.class: 1getFilePath: logFormat=2022-10-11, LogWriteUtil.logPathDir=/custom/metro/log
10-11 13:49:54.423  2706  2827 D LogWriteUtil.class=LogFileHandlerThread.class: 2getFilePath: filePath=/custom/metro/log/2022-10-11
10-11 13:49:54.423  2706  2827 D LogWriteUtil.class=LogFileHandlerThread.class: getFileNameSuffix: file=/custom/metro/log/2022-10-11
10-11 13:49:54.424  2706  2827 D LogWriteUtil.class=LogFileHandlerThread.class: 3getCurrentFileName: logFileName=app2.log
10-11 13:49:54.424  2706  2827 D LogWriteUtil.class=LogFileHandlerThread.class: 1,initFile: getFilePath()=/custom/metro/log/2022-10-11, getCurrentFileName=app2.log
10-11 13:49:54.424  2706  2706 D IndexFragment: initView: applyFxData() - ats=[StationAts(createTime=1665467394, trainGroupNumber=212, serviceNumber=000, trainCrewNumber=000, trainPosition=1, trainRunningPosition=1, railName=T1212, stationID=012, terminalStationID=000, destinationID=000, identityID=+866022012)]
10-11 13:49:54.424  2706  2827 D LogWriteUtil.class=LogFileHandlerThread.class: 1getFilePath: logFormat=2022-10-11, LogWriteUtil.logPathDir=/custom/metro/log
10-11 13:49:54.424  2706  2827 D LogWriteUtil.class=LogFileHandlerThread.class: 2getFilePath: filePath=/custom/metro/log/2022-10-11
10-11 13:49:54.424  2706  2827 D LogWriteUtil.class=LogFileHandlerThread.class: 1getCurrentFileName: LogWriteUtil.logfile=app.log
10-11 13:49:54.427  2706  2957 D UdpMasterServices: udp receive - 1 - gginit api receive data masterApi, udp service id=91 - running=true - message={"MsgName":"GetFileListReq","MsgSeqID":313,"MsgInfo":{"StartTime":1665467301}}
10-11 13:49:54.427  2706  2957 D UdpMasterServices: ++++++++++++++++++++++++++++++++++++++++++++++++++++++++++++++++++++++++++++++++++++
10-11 13:49:54.427  2706  2827 D LogWriteUtil.class=LogFileHandlerThread.class: 1getFilePath: logFormat=2022-10-11, LogWriteUtil.logPathDir=/custom/metro/log
10-11 13:49:54.427  2706  2827 D LogWriteUtil.class=LogFileHandlerThread.class: 2getFilePath: filePath=/custom/metro/log/2022-10-11
10-11 13:49:54.427  2706  2827 D LogWriteUtil.class=LogFileHandlerThread.class: getFileNameSuffix: file=/custom/metro/log/2022-10-11
10-11 13:49:54.427  2706  2827 D LogWriteUtil.class=LogFileHandlerThread.class: 2getCurrentFileName: index=3, LogWriteUtil.logfile=app.log, getFileNameSuffix=2
10-11 13:49:54.427  2706  2957 I APP_LogUtils.kt: [(LogUtils.kt:50).i()] [UdpMasterServices] xlog - api receive data disApi, udp service id=91 - running=true - message={"MsgName":"GetFileListReq","MsgSeqID":313,"MsgInfo":{"StartTime":1665467301}}
10-11 13:49:54.428  2706  2957 D UdpMasterServices: receive: data id=91, running=true, msg=null
10-11 13:49:54.428  2706  2827 D LogWriteUtil.class=LogFileHandlerThread.class: 1getFilePath: logFormat=2022-10-11, LogWriteUtil.logPathDir=/custom/metro/log
10-11 13:49:54.428  2706  2827 D LogWriteUtil.class=LogFileHandlerThread.class: 2getFilePath: filePath=/custom/metro/log/2022-10-11
10-11 13:49:54.428  2706  2827 D LogWriteUtil.class=LogFileHandlerThread.class: getFileNameSuffix: file=/custom/metro/log/2022-10-11
10-11 13:49:54.428  2706  2827 D LogWriteUtil.class=LogFileHandlerThread.class: 3getCurrentFileName: logFileName=app2.log
10-11 13:49:54.428  2706  2827 D LogWriteUtil.class=LogFileHandlerThread.class: 1getCurrentFileName: LogWriteUtil.logfile=app.log
10-11 13:49:54.429  2706  2827 D LogWriteUtil.class=LogFileHandlerThread.class: 1getFilePath: logFormat=2022-10-11, LogWriteUtil.logPathDir=/custom/metro/log
10-11 13:49:54.429  2706  2827 D LogWriteUtil.class=LogFileHandlerThread.class: 2getFilePath: filePath=/custom/metro/log/2022-10-11
10-11 13:49:54.429  2706  2827 D LogWriteUtil.class=LogFileHandlerThread.class: getFileNameSuffix: file=/custom/metro/log/2022-10-11
10-11 13:49:54.430  2706  2827 D LogWriteUtil.class=LogFileHandlerThread.class: 2getCurrentFileName: index=3, LogWriteUtil.logfile=app.log, getFileNameSuffix=2
10-11 13:49:54.430  2706  2827 D LogWriteUtil.class=LogFileHandlerThread.class: 1getFilePath: logFormat=2022-10-11, LogWriteUtil.logPathDir=/custom/metro/log
10-11 13:49:54.430  2706  2827 D LogWriteUtil.class=LogFileHandlerThread.class: 2getFilePath: filePath=/custom/metro/log/2022-10-11
10-11 13:49:54.430  2706  2827 D LogWriteUtil.class=LogFileHandlerThread.class: getFileNameSuffix: file=/custom/metro/log/2022-10-11
10-11 13:49:54.431  2706  2827 D LogWriteUtil.class=LogFileHandlerThread.class: 3getCurrentFileName: logFileName=app2.log
10-11 13:49:54.431  2706  2827 D TAG     : 2,initFile: /custom/metro/log/2022-10-11/app2.log, logFile.length=80065, getCurrentFileName()=app2.log, writeFileName=/custom/metro/log/2022-10-11/app1.log
10-11 13:49:54.431  2706  2827 D LogWriteUtil.class=LogFileHandlerThread.class: 8,initFile: logFile=/custom/metro/log/2022-10-11/app2.log, logFile.length=80065
10-11 13:49:54.432  2706  2827 D LogWriteUtil.class=LogFileHandlerThread.class: 1getFilePath: logFormat=2022-10-11, LogWriteUtil.logPathDir=/custom/metro/log
10-11 13:49:54.432  2706  2827 D LogWriteUtil.class=LogFileHandlerThread.class: 2getFilePath: filePath=/custom/metro/log/2022-10-11
10-11 13:49:54.432  2706  2827 D LogWriteUtil.class=LogFileHandlerThread.class: 1getCurrentFileName: LogWriteUtil.logfile=app.log
10-11 13:49:54.433  2706  2827 D LogWriteUtil.class=LogFileHandlerThread.class: 1getFilePath: logFormat=2022-10-11, LogWriteUtil.logPathDir=/custom/metro/log
10-11 13:49:54.433  2706  2827 D LogWriteUtil.class=LogFileHandlerThread.class: 2getFilePath: filePath=/custom/metro/log/2022-10-11
10-11 13:49:54.433  2706  2827 D LogWriteUtil.class=LogFileHandlerThread.class: getFileNameSuffix: file=/custom/metro/log/2022-10-11
10-11 13:49:54.434  2706  2827 D LogWriteUtil.class=LogFileHandlerThread.class: 2getCurrentFileName: index=3, LogWriteUtil.logfile=app.log, getFileNameSuffix=2
10-11 13:49:54.434  2706  2827 D LogWriteUtil.class=LogFileHandlerThread.class: 1getFilePath: logFormat=2022-10-11, LogWriteUtil.logPathDir=/custom/metro/log
10-11 13:49:54.434  2706  2827 D LogWriteUtil.class=LogFileHandlerThread.class: 2getFilePath: filePath=/custom/metro/log/2022-10-11
10-11 13:49:54.435  2706  2827 D LogWriteUtil.class=LogFileHandlerThread.class: getFileNameSuffix: file=/custom/metro/log/2022-10-11
10-11 13:49:54.435  2706  2827 D LogWriteUtil.class=LogFileHandlerThread.class: 3getCurrentFileName: logFileName=app2.log
10-11 13:49:54.435  2706  2827 D LogWriteUtil.class=LogFileHandlerThread.class: 1,initFile: getFilePath()=/custom/metro/log/2022-10-11, getCurrentFileName=app2.log
10-11 13:49:54.436  2706  2827 D LogWriteUtil.class=LogFileHandlerThread.class: 1getFilePath: logFormat=2022-10-11, LogWriteUtil.logPathDir=/custom/metro/log
10-11 13:49:54.436  2706  2827 D LogWriteUtil.class=LogFileHandlerThread.class: 2getFilePath: filePath=/custom/metro/log/2022-10-11
10-11 13:49:54.436  2706  2827 D LogWriteUtil.class=LogFileHandlerThread.class: 1getCurrentFileName: LogWriteUtil.logfile=app.log
10-11 13:49:54.437  2706  2827 D LogWriteUtil.class=LogFileHandlerThread.class: 1getFilePath: logFormat=2022-10-11, LogWriteUtil.logPathDir=/custom/metro/log
10-11 13:49:54.437  2706  2827 D LogWriteUtil.class=LogFileHandlerThread.class: 2getFilePath: filePath=/custom/metro/log/2022-10-11
10-11 13:49:54.437  2706  2827 D LogWriteUtil.class=LogFileHandlerThread.class: getFileNameSuffix: file=/custom/metro/log/2022-10-11
10-11 13:49:54.438  2706  2827 D LogWriteUtil.class=LogFileHandlerThread.class: 2getCurrentFileName: index=3, LogWriteUtil.logfile=app.log, getFileNameSuffix=2
10-11 13:49:54.438  2706  2827 D LogWriteUtil.class=LogFileHandlerThread.class: 1getFilePath: logFormat=2022-10-11, LogWriteUtil.logPathDir=/custom/metro/log
10-11 13:49:54.438  2706  2827 D LogWriteUtil.class=LogFileHandlerThread.class: 2getFilePath: filePath=/custom/metro/log/2022-10-11
10-11 13:49:54.438  2706  2827 D LogWriteUtil.class=LogFileHandlerThread.class: getFileNameSuffix: file=/custom/metro/log/2022-10-11
10-11 13:49:54.439  2706  2827 D LogWriteUtil.class=LogFileHandlerThread.class: 3getCurrentFileName: logFileName=app2.log
10-11 13:49:54.439  2706  2827 D LogWriteUtil.class=LogFileHandlerThread.class: 1getCurrentFileName: LogWriteUtil.logfile=app.log
10-11 13:49:54.439  2706  2827 D LogWriteUtil.class=LogFileHandlerThread.class: 1getFilePath: logFormat=2022-10-11, LogWriteUtil.logPathDir=/custom/metro/log
10-11 13:49:54.440  2706  2827 D LogWriteUtil.class=LogFileHandlerThread.class: 2getFilePath: filePath=/custom/metro/log/2022-10-11
10-11 13:49:54.440  2706  2827 D LogWriteUtil.class=LogFileHandlerThread.class: getFileNameSuffix: file=/custom/metro/log/2022-10-11
10-11 13:49:54.440  2706  2827 D LogWriteUtil.class=LogFileHandlerThread.class: 2getCurrentFileName: index=3, LogWriteUtil.logfile=app.log, getFileNameSuffix=2
10-11 13:49:54.441  2706  2827 D LogWriteUtil.class=LogFileHandlerThread.class: 1getFilePath: logFormat=2022-10-11, LogWriteUtil.logPathDir=/custom/metro/log
10-11 13:49:54.441  2706  2827 D LogWriteUtil.class=LogFileHandlerThread.class: 2getFilePath: filePath=/custom/metro/log/2022-10-11
10-11 13:49:54.441  2706  2827 D LogWriteUtil.class=LogFileHandlerThread.class: getFileNameSuffix: file=/custom/metro/log/2022-10-11
10-11 13:49:54.441  2706  2827 D LogWriteUtil.class=LogFileHandlerThread.class: 3getCurrentFileName: logFileName=app2.log
10-11 13:49:54.441  2706  2827 D TAG     : 2,initFile: /custom/metro/log/2022-10-11/app2.log, logFile.length=80065, getCurrentFileName()=app2.log, writeFileName=/custom/metro/log/2022-10-11/app1.log
10-11 13:49:54.442  2706  2827 D LogWriteUtil.class=LogFileHandlerThread.class: 8,initFile: logFile=/custom/metro/log/2022-10-11/app2.log, logFile.length=80065
10-11 13:49:54.466  2706  3331 W ContextImpl: Calling a method in the system process without a qualified user: android.app.ContextImpl.sendBroadcast:877 android.content.ContextWrapper.sendBroadcast:421 com.gbcom.library_base.udp.MasterApiReceive.processingFileListData:153 com.gbcom.library_base.udp.MasterApiReceive.processingData:60 com.gbcom.library_main.mvvm.viewmodel.MainViewModel$processingMasterApi$1.invokeSuspend:251 
10-11 13:49:54.468  1427  1454 E ActivityManager: Sending non-protected broadcast com.gbcom.action.ACTION_MASTER_FILE_LIST_TASK from system 2706:com.gbcom.metrosystem/1000 pkg com.gbcom.metrosystem
10-11 13:49:54.468  1427  1454 E ActivityManager: java.lang.Throwable
10-11 13:49:54.468  1427  1454 E ActivityManager: 	at com.android.server.am.ActivityManagerService.checkBroadcastFromSystem(ActivityManagerService.java:18272)
10-11 13:49:54.468  1427  1454 E ActivityManager: 	at com.android.server.am.ActivityManagerService.broadcastIntentLocked(ActivityManagerService.java:18753)
10-11 13:49:54.468  1427  1454 E ActivityManager: 	at com.android.server.am.ActivityManagerService.broadcastIntent(ActivityManagerService.java:18935)
10-11 13:49:54.468  1427  1454 E ActivityManager: 	at android.app.ActivityManagerNative.onTransact(ActivityManagerNative.java:499)
10-11 13:49:54.468  1427  1454 E ActivityManager: 	at com.android.server.am.ActivityManagerService.onTransact(ActivityManagerService.java:2869)
10-11 13:49:54.468  1427  1454 E ActivityManager: 	at android.os.Binder.execTransact(Binder.java:565)
10-11 13:49:54.478  1427  1454 E ActivityManager: Sending non-protected broadcast com.gbcom.action.ACTION_MASTER_FILE_LIST_TASK from system 2706:com.gbcom.metrosystem/1000 pkg com.gbcom.metrosystem
10-11 13:49:54.478  1427  1454 E ActivityManager: java.lang.Throwable
10-11 13:49:54.478  1427  1454 E ActivityManager: 	at com.android.server.am.ActivityManagerService.checkBroadcastFromSystem(ActivityManagerService.java:18272)
10-11 13:49:54.478  1427  1454 E ActivityManager: 	at com.android.server.am.ActivityManagerService.broadcastIntentLocked(ActivityManagerService.java:18844)
10-11 13:49:54.478  1427  1454 E ActivityManager: 	at com.android.server.am.ActivityManagerService.broadcastIntent(ActivityManagerService.java:18935)
10-11 13:49:54.478  1427  1454 E ActivityManager: 	at android.app.ActivityManagerNative.onTransact(ActivityManagerNative.java:499)
10-11 13:49:54.478  1427  1454 E ActivityManager: 	at com.android.server.am.ActivityManagerService.onTransact(ActivityManagerService.java:2869)
10-11 13:49:54.478  1427  1454 E ActivityManager: 	at android.os.Binder.execTransact(Binder.java:565)
10-11 13:49:54.489  2706  3331 D LLongevityService: getFileList thread id is: 106, time=1665467301
10-11 13:49:54.489  2706  3331 D BtrunCConfig: isR2Nubmer is true
10-11 13:49:54.489  2706  3331 D com.ztegota.system.GotaSystem: getMdn +866022012
10-11 13:49:54.489  2706  3331 D TAG     : getUserId: userId2=+866022012
10-11 13:49:54.495  2706  3331 I APP_LogUtils.kt: [(LogUtils.kt:50).i()] [UdpMasterServices] start: send1 - masterApi - thread ID=106 - message={"MsgSeqID":201,"MsgName":"GetFileListRsp","MsgInfo":[{"addTime":1665467303,"fileName":"1665467295374_866027352.mp3","filePath":"/custom/metro/voice/2022-10-11","fileSize":16384,"fileType":1,"id":34,"identityID":"+866022012","modifiedTime":1665467300}]}
10-11 13:49:54.496  2706  2827 D LogWriteUtil.class=LogFileHandlerThread.class: 1getFilePath: logFormat=2022-10-11, LogWriteUtil.logPathDir=/custom/metro/log
10-11 13:49:54.496  2706  2827 D LogWriteUtil.class=LogFileHandlerThread.class: 2getFilePath: filePath=/custom/metro/log/2022-10-11
10-11 13:49:54.496  2706  2706 D LLongevityService: updateNtpTime: result1=kotlin.Unit
10-11 13:49:54.496  2706  2827 D LogWriteUtil.class=LogFileHandlerThread.class: 1getCurrentFileName: LogWriteUtil.logfile=app.log
10-11 13:49:54.497  2706  2827 D LogWriteUtil.class=LogFileHandlerThread.class: 1getFilePath: logFormat=2022-10-11, LogWriteUtil.logPathDir=/custom/metro/log
10-11 13:49:54.497  2706  2827 D LogWriteUtil.class=LogFileHandlerThread.class: 2getFilePath: filePath=/custom/metro/log/2022-10-11
10-11 13:49:54.497  2706  2827 D LogWriteUtil.class=LogFileHandlerThread.class: getFileNameSuffix: file=/custom/metro/log/2022-10-11
10-11 13:49:54.498  2706  2827 D LogWriteUtil.class=LogFileHandlerThread.class: 2getCurrentFileName: index=3, LogWriteUtil.logfile=app.log, getFileNameSuffix=2
10-11 13:49:54.498  2706  2827 D LogWriteUtil.class=LogFileHandlerThread.class: 1getFilePath: logFormat=2022-10-11, LogWriteUtil.logPathDir=/custom/metro/log
10-11 13:49:54.498  2706  2827 D LogWriteUtil.class=LogFileHandlerThread.class: 2getFilePath: filePath=/custom/metro/log/2022-10-11
10-11 13:49:54.498  2706  2827 D LogWriteUtil.class=LogFileHandlerThread.class: getFileNameSuffix: file=/custom/metro/log/2022-10-11
10-11 13:49:54.499  2706  2827 D LogWriteUtil.class=LogFileHandlerThread.class: 3getCurrentFileName: logFileName=app2.log
