10-12 12:48:06.602  5141  5164 D TAG     : 2,initFile: /custom/metro/log/2022-10-12/app21.log, logFile.length=0, getCurrentFileName()=app21.log, writeFileName=/custom/metro/log/2022-10-12/app201665550049041.log
10-12 12:48:06.602  5141  5164 D LogWriteUtil.class=LogFileHandlerThread.class: 8,initFile: logFile=/custom/metro/log/2022-10-12/app21.log, logFile.length=0
10-12 12:48:06.613  5141  5141 D IndexFragment: initView: applyFxData() - ats=[StationAts(createTime=1665550086, trainGroupNumber=211, serviceNumber=000, trainCrewNumber=000, trainPosition=1, trainRunningPosition=1, railName=T1306, stationID=013, terminalStationID=000, destinationID=000, identityID=+866022013), StationAts(createTime=1665550086, trainGroupNumber=202, serviceNumber=000, trainCrewNumber=000, trainPosition=1, trainRunningPosition=2, railName=T1303, stationID=013, terminalStationID=000, destinationID=000, identityID=+866022013), StationAts(createTime=1665550086, trainGroupNumber=299, serviceNumber=801, trainCrewNumber=000, trainPosition=1, trainRunningPosition=2, railName=T1301, stationID=013, terminalStationID=000, destinationID=000, identityID=+866022013), StationAts(createTime=1665550086, trainGroupNumber=201, serviceNumber=000, trainCrewNumber=000, trainPosition=1, trainRunningPosition=1, railName=T1304, stationID=013, terminalStationID=000, destinationID=000, identityID=+866022013)]
10-12 12:48:06.945  5141  5233 D MainViewModel: getSystemTime_currentThreadID2: 216
10-12 12:48:06.949  5141  5236 D TAG     : getSystemTime_currentThreadID3s: 219, isActive=true
10-12 12:48:06.984  5141  5199 I rilj    : EMCI Detial(CellId--->Tav): 5889,255,2,"46009",255,65535,59,65535,255,255,58,27,16,255,1202590897205,0,0,0,0,0,0,0,0
10-12 12:48:06.985  5141  5199 D LTERILJ : [UNSL]< RIL_UNSOL_NOTIFY_EMCI_DETAIL
10-12 12:48:06.985  5141  5196 D LTEPhone: EVENT_FOR_EMCI_DETAIL
10-12 12:48:06.985  5141  5196 D LTEServiceTracker: setCellId cellId:5889,"46009"
10-12 12:48:06.988  5141  5141 I APP_LogUtils.kt: [(LogUtils.kt:50).i()] [com.gbcom.library_base.service.LLteService] lte_resp_sys_for_emci_detail - EmciDetail=com.ztegota.system.common.EmciDetail@4d4657d
10-12 12:48:06.989  5141  5164 D LogWriteUtil.class=LogFileHandlerThread.class: 1getFilePath: logFormat=2022-10-12, LogWriteUtil.logPathDir=/custom/metro/log
10-12 12:48:06.989  5141  5164 D LogWriteUtil.class=LogFileHandlerThread.class: 2getFilePath: filePath=/custom/metro/log/2022-10-12
10-12 12:48:06.989  5141  5164 D LogWriteUtil.class=LogFileHandlerThread.class: 1getCurrentFileName: LogWriteUtil.logfile=app.log
10-12 12:48:06.990  5141  5164 D LogWriteUtil.class=LogFileHandlerThread.class: 1getFilePath: logFormat=2022-10-12, LogWriteUtil.logPathDir=/custom/metro/log
10-12 12:48:06.990  5141  5164 D LogWriteUtil.class=LogFileHandlerThread.class: 2getFilePath: filePath=/custom/metro/log/2022-10-12
10-12 12:48:06.990  5141  5164 D LogWriteUtil.class=LogFileHandlerThread.class: getFileNameSuffix: file=/custom/metro/log/2022-10-12
10-12 12:48:06.991  5141  5164 D LogWriteUtil.class=LogFileHandlerThread.class: 2getCurrentFileName: index=3, LogWriteUtil.logfile=app.log, getFileNameSuffix=21
10-12 12:48:06.991  5141  5164 D LogWriteUtil.class=LogFileHandlerThread.class: 1getFilePath: logFormat=2022-10-12, LogWriteUtil.logPathDir=/custom/metro/log
10-12 12:48:06.991  5141  5164 D LogWriteUtil.class=LogFileHandlerThread.class: 2getFilePath: filePath=/custom/metro/log/2022-10-12
10-12 12:48:06.991  5141  5164 D LogWriteUtil.class=LogFileHandlerThread.class: getFileNameSuffix: file=/custom/metro/log/2022-10-12
10-12 12:48:06.992  5141  5164 D LogWriteUtil.class=LogFileHandlerThread.class: 3getCurrentFileName: logFileName=app21.log
10-12 12:48:06.992  5141  5164 D LogWriteUtil.class=LogFileHandlerThread.class: 1,initFile: getFilePath()=/custom/metro/log/2022-10-12, getCurrentFileName=app21.log
10-12 12:48:06.992  5141  5164 D LogWriteUtil.class=LogFileHandlerThread.class: 1getFilePath: logFormat=2022-10-12, LogWriteUtil.logPathDir=/custom/metro/log
10-12 12:48:06.993  5141  5164 D LogWriteUtil.class=LogFileHandlerThread.class: 2getFilePath: filePath=/custom/metro/log/2022-10-12
10-12 12:48:06.993  5141  5164 D LogWriteUtil.class=LogFileHandlerThread.class: 1getCurrentFileName: LogWriteUtil.logfile=app.log
10-12 12:48:06.993  5141  5164 D LogWriteUtil.class=LogFileHandlerThread.class: 1getFilePath: logFormat=2022-10-12, LogWriteUtil.logPathDir=/custom/metro/log
10-12 12:48:06.993  5141  5164 D LogWriteUtil.class=LogFileHandlerThread.class: 2getFilePath: filePath=/custom/metro/log/2022-10-12
10-12 12:48:06.994  5141  5164 D LogWriteUtil.class=LogFileHandlerThread.class: getFileNameSuffix: file=/custom/metro/log/2022-10-12
10-12 12:48:06.994  5141  5164 D LogWriteUtil.class=LogFileHandlerThread.class: 2getCurrentFileName: index=3, LogWriteUtil.logfile=app.log, getFileNameSuffix=21
10-12 12:48:06.995  5141  5164 D LogWriteUtil.class=LogFileHandlerThread.class: 1getFilePath: logFormat=2022-10-12, LogWriteUtil.logPathDir=/custom/metro/log
10-12 12:48:06.995  5141  5164 D LogWriteUtil.class=LogFileHandlerThread.class: 2getFilePath: filePath=/custom/metro/log/2022-10-12
10-12 12:48:06.995  5141  5164 D LogWriteUtil.class=LogFileHandlerThread.class: getFileNameSuffix: file=/custom/metro/log/2022-10-12
10-12 12:48:06.996  5141  5164 D LogWriteUtil.class=LogFileHandlerThread.class: 3getCurrentFileName: logFileName=app21.log
10-12 12:48:06.996  5141  5164 D LogWriteUtil.class=LogFileHandlerThread.class: 1getCurrentFileName: LogWriteUtil.logfile=app.log
10-12 12:48:06.997  5141  5164 D LogWriteUtil.class=LogFileHandlerThread.class: 1getFilePath: logFormat=2022-10-12, LogWriteUtil.logPathDir=/custom/metro/log
10-12 12:48:06.997  5141  5164 D LogWriteUtil.class=LogFileHandlerThread.class: 2getFilePath: filePath=/custom/metro/log/2022-10-12
10-12 12:48:06.997  5141  5164 D LogWriteUtil.class=LogFileHandlerThread.class: getFileNameSuffix: file=/custom/metro/log/2022-10-12
10-12 12:48:06.998  5141  5164 D LogWriteUtil.class=LogFileHandlerThread.class: 2getCurrentFileName: index=3, LogWriteUtil.logfile=app.log, getFileNameSuffix=21
10-12 12:48:06.998  5141  5164 D LogWriteUtil.class=LogFileHandlerThread.class: 1getFilePath: logFormat=2022-10-12, LogWriteUtil.logPathDir=/custom/metro/log
10-12 12:48:06.999  5141  5164 D LogWriteUtil.class=LogFileHandlerThread.class: 2getFilePath: filePath=/custom/metro/log/2022-10-12
10-12 12:48:06.999  5141  5164 D LogWriteUtil.class=LogFileHandlerThread.class: getFileNameSuffix: file=/custom/metro/log/2022-10-12
10-12 12:48:06.999  5141  5164 D LogWriteUtil.class=LogFileHandlerThread.class: 3getCurrentFileName: logFileName=app21.log
10-12 12:48:07.000  5141  5164 D TAG     : 2,initFile: /custom/metro/log/2022-10-12/app21.log, logFile.length=0, getCurrentFileName()=app21.log, writeFileName=/custom/metro/log/2022-10-12/app201665550049041.log
10-12 12:48:07.000  5141  5164 D LogWriteUtil.class=LogFileHandlerThread.class: 8,initFile: logFile=/custom/metro/log/2022-10-12/app21.log, logFile.length=0
10-12 12:48:07.458  5141  5236 D MainViewModel: getSystemTime_currentThreadID2: 219
10-12 12:48:07.463  5141  5233 D TAG     : getSystemTime_currentThreadID3s: 216, isActive=true
10-12 12:48:07.647  5141  5206 D UdpMasterServices: udp receive - 1 - gginit api receive data masterApi, udp service id=197 - running=true - message={"MsgName":"HeartBeatReq","MsgSeqID":1862,"MsgInfo":{"Time":1665550087}}
10-12 12:48:07.648  5141  5206 D UdpMasterServices: ++++++++++++++++++++++++++++++++++++++++++++++++++++++++++++++++++++++++++++++++++++
10-12 12:48:07.649  5141  5206 I APP_LogUtils.kt: [(LogUtils.kt:50).i()] [UdpMasterServices] xlog - api receive data disApi, udp service id=197 - running=true - message={"MsgName":"HeartBeatReq","MsgSeqID":1862,"MsgInfo":{"Time":1665550087}}
10-12 12:48:07.650  5141  5206 D UdpMasterServices: receive: data id=197, running=true, msg=null
10-12 12:48:07.650  5141  5206 D UdpMasterServices: udp receive - 1 - gginit api receive data masterApi, udp service id=197 - running=true - message={"MsgName":"GetStatusReq","MsgSeqID":1863,"MsgInfo":{}}
10-12 12:48:07.650  5141  5206 D UdpMasterServices: ++++++++++++++++++++++++++++++++++++++++++++++++++++++++++++++++++++++++++++++++++++
10-12 12:48:07.651  5141  5164 D LogWriteUtil.class=LogFileHandlerThread.class: 1getFilePath: logFormat=2022-10-12, LogWriteUtil.logPathDir=/custom/metro/log
10-12 12:48:07.651  5141  5164 D LogWriteUtil.class=LogFileHandlerThread.class: 2getFilePath: filePath=/custom/metro/log/2022-10-12
10-12 12:48:07.651  5141  5164 D LogWriteUtil.class=LogFileHandlerThread.class: 1getCurrentFileName: LogWriteUtil.logfile=app.log
10-12 12:48:07.651  5141  5206 I APP_LogUtils.kt: [(LogUtils.kt:50).i()] [UdpMasterServices] xlog - api receive data disApi, udp service id=197 - running=true - message={"MsgName":"GetStatusReq","MsgSeqID":1863,"MsgInfo":{}}
10-12 12:48:07.652  5141  5206 D UdpMasterServices: receive: data id=197, running=true, msg=null
10-12 12:48:07.652  5141  5164 D LogWriteUtil.class=LogFileHandlerThread.class: 1getFilePath: logFormat=2022-10-12, LogWriteUtil.logPathDir=/custom/metro/log
10-12 12:48:07.652  5141  5164 D LogWriteUtil.class=LogFileHandlerThread.class: 2getFilePath: filePath=/custom/metro/log/2022-10-12
10-12 12:48:07.652  5141  5206 D UdpMasterServices: udp receive - 1 - gginit api receive data masterApi, udp service id=197 - running=true - message={"MsgName":"GetOperLogReq","MsgSeqID":1864,"MsgInfo":{"StartTime":1}}
10-12 12:48:07.652  5141  5164 D LogWriteUtil.class=LogFileHandlerThread.class: getFileNameSuffix: file=/custom/metro/log/2022-10-12
10-12 12:48:07.653  5141  5206 D UdpMasterServices: ++++++++++++++++++++++++++++++++++++++++++++++++++++++++++++++++++++++++++++++++++++
10-12 12:48:07.653  5141  5164 D LogWriteUtil.class=LogFileHandlerThread.class: 2getCurrentFileName: index=3, LogWriteUtil.logfile=app.log, getFileNameSuffix=21
10-12 12:48:07.654  5141  5164 D LogWriteUtil.class=LogFileHandlerThread.class: 1getFilePath: logFormat=2022-10-12, LogWriteUtil.logPathDir=/custom/metro/log
10-12 12:48:07.655  5141  5164 D LogWriteUtil.class=LogFileHandlerThread.class: 2getFilePath: filePath=/custom/metro/log/2022-10-12
10-12 12:48:07.655  5141  5206 I APP_LogUtils.kt: [(LogUtils.kt:50).i()] [UdpMasterServices] xlog - api receive data disApi, udp service id=197 - running=true - message={"MsgName":"GetOperLogReq","MsgSeqID":1864,"MsgInfo":{"StartTime":1}}
10-12 12:48:07.655  5141  5164 D LogWriteUtil.class=LogFileHandlerThread.class: getFileNameSuffix: file=/custom/metro/log/2022-10-12
10-12 12:48:07.655  5141  5206 D UdpMasterServices: receive: data id=197, running=true, msg=null
10-12 12:48:07.656  5141  5164 D LogWriteUtil.class=LogFileHandlerThread.class: 3getCurrentFileName: logFileName=app21.log
10-12 12:48:07.656  5141  5164 D LogWriteUtil.class=LogFileHandlerThread.class: 1,initFile: getFilePath()=/custom/metro/log/2022-10-12, getCurrentFileName=app21.log
10-12 12:48:07.657  5141  5164 D LogWriteUtil.class=LogFileHandlerThread.class: 1getFilePath: logFormat=2022-10-12, LogWriteUtil.logPathDir=/custom/metro/log
10-12 12:48:07.658  5141  5164 D LogWriteUtil.class=LogFileHandlerThread.class: 2getFilePath: filePath=/custom/metro/log/2022-10-12
10-12 12:48:07.658  5141  5164 D LogWriteUtil.class=LogFileHandlerThread.class: 1getCurrentFileName: LogWriteUtil.logfile=app.log
10-12 12:48:07.659  5141  5164 D LogWriteUtil.class=LogFileHandlerThread.class: 1getFilePath: logFormat=2022-10-12, LogWriteUtil.logPathDir=/custom/metro/log
10-12 12:48:07.659  5141  5164 D LogWriteUtil.class=LogFileHandlerThread.class: 2getFilePath: filePath=/custom/metro/log/2022-10-12
10-12 12:48:07.659  5141  5164 D LogWriteUtil.class=LogFileHandlerThread.class: getFileNameSuffix: file=/custom/metro/log/2022-10-12
10-12 12:48:07.660  5141  5229 D MasterApiReceive: processingStatusData: mMasterData=MasterAppStatusApiData(msgName=GetStatusReq, msgSeqID=1863, msgInfo={})
10-12 12:48:07.660  5141  5164 D LogWriteUtil.class=LogFileHandlerThread.class: 2getCurrentFileName: index=3, LogWriteUtil.logfile=app.log, getFileNameSuffix=21
10-12 12:48:07.661  5141  5164 D LogWriteUtil.class=LogFileHandlerThread.class: 1getFilePath: logFormat=2022-10-12, LogWriteUtil.logPathDir=/custom/metro/log
10-12 12:48:07.661  5141  5164 D LogWriteUtil.class=LogFileHandlerThread.class: 2getFilePath: filePath=/custom/metro/log/2022-10-12
10-12 12:48:07.662  5141  5236 D MasterApiReceive: processingOperLogData: mMasterData=MasterOperLogData(msgName=GetOperLogReq, msgSeqID=1864, msgInfo=OperLogInfo(startTime=1))
10-12 12:48:07.662  5141  5164 D LogWriteUtil.class=LogFileHandlerThread.class: getFileNameSuffix: file=/custom/metro/log/2022-10-12
10-12 12:48:07.663  5141  5164 D LogWriteUtil.class=LogFileHandlerThread.class: 3getCurrentFileName: logFileName=app21.log
10-12 12:48:07.663  5141  5164 D LogWriteUtil.class=LogFileHandlerThread.class: 1getCurrentFileName: LogWriteUtil.logfile=app.log
10-12 12:48:07.664  5141  5164 D LogWriteUtil.class=LogFileHandlerThread.class: 1getFilePath: logFormat=2022-10-12, LogWriteUtil.logPathDir=/custom/metro/log
10-12 12:48:07.664  5141  5164 D LogWriteUtil.class=LogFileHandlerThread.class: 2getFilePath: filePath=/custom/metro/log/2022-10-12
10-12 12:48:07.665  5141  5164 D LogWriteUtil.class=LogFileHandlerThread.class: getFileNameSuffix: file=/custom/metro/log/2022-10-12
10-12 12:48:07.666  5141  5164 D LogWriteUtil.class=LogFileHandlerThread.class: 2getCurrentFileName: index=3, LogWriteUtil.logfile=app.log, getFileNameSuffix=21
10-12 12:48:07.668  5141  5164 D LogWriteUtil.class=LogFileHandlerThread.class: 1getFilePath: logFormat=2022-10-12, LogWriteUtil.logPathDir=/custom/metro/log
10-12 12:48:07.668  5141  5164 D LogWriteUtil.class=LogFileHandlerThread.class: 2getFilePath: filePath=/custom/metro/log/2022-10-12
10-12 12:48:07.668  5141  5164 D LogWriteUtil.class=LogFileHandlerThread.class: getFileNameSuffix: file=/custom/metro/log/2022-10-12
10-12 12:48:07.669  5141  5164 D LogWriteUtil.class=LogFileHandlerThread.class: 3getCurrentFileName: logFileName=app21.log
10-12 12:48:07.669  5141  5233 D MasterApiReceive: processingHeartBeatData: HeartBeatInfo(time=1665550087, devSite=0)
10-12 12:48:07.669  5141  5164 D TAG     : 2,initFile: /custom/metro/log/2022-10-12/app21.log, logFile.length=0, getCurrentFileName()=app21.log, writeFileName=/custom/metro/log/2022-10-12/app201665550049041.log
10-12 12:48:07.670  5141  5164 D LogWriteUtil.class=LogFileHandlerThread.class: 8,initFile: logFile=/custom/metro/log/2022-10-12/app21.log, logFile.length=0
10-12 12:48:07.672  5141  5164 D LogWriteUtil.class=LogFileHandlerThread.class: 1getFilePath: logFormat=2022-10-12, LogWriteUtil.logPathDir=/custom/metro/log
10-12 12:48:07.672  5141  5164 D LogWriteUtil.class=LogFileHandlerThread.class: 2getFilePath: filePath=/custom/metro/log/2022-10-12
10-12 12:48:07.672  5141  5164 D LogWriteUtil.class=LogFileHandlerThread.class: 1getCurrentFileName: LogWriteUtil.logfile=app.log
10-12 12:48:07.673  5141  5233 I APP_LogUtils.kt: [(LogUtils.kt:50).i()] [UdpMasterServices] start: send1 - masterApi - thread ID=216 - message={"MsgName":"HeartBeatRsp","MsgSeqID":6,"MsgInfo":{"Time":1665550087}}
10-12 12:48:07.673  5141  5164 D LogWriteUtil.class=LogFileHandlerThread.class: 1getFilePath: logFormat=2022-10-12, LogWriteUtil.logPathDir=/custom/metro/log
10-12 12:48:07.673  5141  5164 D LogWriteUtil.class=LogFileHandlerThread.class: 2getFilePath: filePath=/custom/metro/log/2022-10-12
10-12 12:48:07.673  5141  5164 D LogWriteUtil.class=LogFileHandlerThread.class: getFileNameSuffix: file=/custom/metro/log/2022-10-12
10-12 12:48:07.675  5141  5164 D LogWriteUtil.class=LogFileHandlerThread.class: 2getCurrentFileName: index=3, LogWriteUtil.logfile=app.log, getFileNameSuffix=21
10-12 12:48:07.676  5141  5164 D LogWriteUtil.class=LogFileHandlerThread.class: 1getFilePath: logFormat=2022-10-12, LogWriteUtil.logPathDir=/custom/metro/log
10-12 12:48:07.676  5141  5164 D LogWriteUtil.class=LogFileHandlerThread.class: 2getFilePath: filePath=/custom/metro/log/2022-10-12
10-12 12:48:07.676  5141  5164 D LogWriteUtil.class=LogFileHandlerThread.class: getFileNameSuffix: file=/custom/metro/log/2022-10-12
10-12 12:48:07.677  5141  5164 D LogWriteUtil.class=LogFileHandlerThread.class: 3getCurrentFileName: logFileName=app21.log
10-12 12:48:07.677  5141  5164 D LogWriteUtil.class=LogFileHandlerThread.class: 1,initFile: getFilePath()=/custom/metro/log/2022-10-12, getCurrentFileName=app21.log
10-12 12:48:07.678  5141  5164 D LogWriteUtil.class=LogFileHandlerThread.class: 1getFilePath: logFormat=2022-10-12, LogWriteUtil.logPathDir=/custom/metro/log
10-12 12:48:07.678  5141  5164 D LogWriteUtil.class=LogFileHandlerThread.class: 2getFilePath: filePath=/custom/metro/log/2022-10-12
10-12 12:48:07.678  5141  5164 D LogWriteUtil.class=LogFileHandlerThread.class: 1getCurrentFileName: LogWriteUtil.logfile=app.log
10-12 12:48:07.679  5141  5164 D LogWriteUtil.class=LogFileHandlerThread.class: 1getFilePath: logFormat=2022-10-12, LogWriteUtil.logPathDir=/custom/metro/log
10-12 12:48:07.679  5141  5164 D LogWriteUtil.class=LogFileHandlerThread.class: 2getFilePath: filePath=/custom/metro/log/2022-10-12
10-12 12:48:07.679  5141  5164 D LogWriteUtil.class=LogFileHandlerThread.class: getFileNameSuffix: file=/custom/metro/log/2022-10-12
10-12 12:48:07.679  5141  5164 D LogWriteUtil.class=LogFileHandlerThread.class: 2getCurrentFileName: index=3, LogWriteUtil.logfile=app.log, getFileNameSuffix=21
10-12 12:48:07.680  5141  5164 D LogWriteUtil.class=LogFileHandlerThread.class: 1getFilePath: logFormat=2022-10-12, LogWriteUtil.logPathDir=/custom/metro/log
10-12 12:48:07.680  5141  5164 D LogWriteUtil.class=LogFileHandlerThread.class: 2getFilePath: filePath=/custom/metro/log/2022-10-12
10-12 12:48:07.680  5141  5164 D LogWriteUtil.class=LogFileHandlerThread.class: getFileNameSuffix: file=/custom/metro/log/2022-10-12
10-12 12:48:07.681  5141  5164 D LogWriteUtil.class=LogFileHandlerThread.class: 3getCurrentFileName: logFileName=app21.log
10-12 12:48:07.681  5141  5164 D LogWriteUtil.class=LogFileHandlerThread.class: 1getCurrentFileName: LogWriteUtil.logfile=app.log
10-12 12:48:07.682  5141  5164 D LogWriteUtil.class=LogFileHandlerThread.class: 1getFilePath: logFormat=2022-10-12, LogWriteUtil.logPathDir=/custom/metro/log
10-12 12:48:07.682  5141  5164 D LogWriteUtil.class=LogFileHandlerThread.class: 2getFilePath: filePath=/custom/metro/log/2022-10-12
10-12 12:48:07.682  5141  5164 D LogWriteUtil.class=LogFileHandlerThread.class: getFileNameSuffix: file=/custom/metro/log/2022-10-12
10-12 12:48:07.683  5141  5164 D LogWriteUtil.class=LogFileHandlerThread.class: 2getCurrentFileName: index=3, LogWriteUtil.logfile=app.log, getFileNameSuffix=21
10-12 12:48:07.684  5141  5164 D LogWriteUtil.class=LogFileHandlerThread.class: 1getFilePath: logFormat=2022-10-12, LogWriteUtil.logPathDir=/custom/metro/log
10-12 12:48:07.684  5141  5164 D LogWriteUtil.class=LogFileHandlerThread.class: 2getFilePath: filePath=/custom/metro/log/2022-10-12
10-12 12:48:07.684  5141  5164 D LogWriteUtil.class=LogFileHandlerThread.class: getFileNameSuffix: file=/custom/metro/log/2022-10-12
10-12 12:48:07.684  5141  5164 D LogWriteUtil.class=LogFileHandlerThread.class: 3getCurrentFileName: logFileName=app21.log
10-12 12:48:07.684  5141  5164 D TAG     : 2,initFile: /custom/metro/log/2022-10-12/app21.log, logFile.length=0, getCurrentFileName()=app21.log, writeFileName=/custom/metro/log/2022-10-12/app201665550049041.log
10-12 12:48:07.685  5141  5164 D LogWriteUtil.class=LogFileHandlerThread.class: 8,initFile: logFile=/custom/metro/log/2022-10-12/app21.log, logFile.length=0
10-12 12:48:07.686  5141  5164 D LogWriteUtil.class=LogFileHandlerThread.class: 1getFilePath: logFormat=2022-10-12, LogWriteUtil.logPathDir=/custom/metro/log
10-12 12:48:07.686  5141  5164 D LogWriteUtil.class=LogFileHandlerThread.class: 2getFilePath: filePath=/custom/metro/log/2022-10-12
10-12 12:48:07.686  5141  5164 D LogWriteUtil.class=LogFileHandlerThread.class: 1getCurrentFileName: LogWriteUtil.logfile=app.log
10-12 12:48:07.687  5141  5164 D LogWriteUtil.class=LogFileHandlerThread.class: 1getFilePath: logFormat=2022-10-12, LogWriteUtil.logPathDir=/custom/metro/log
10-12 12:48:07.687  5141  5164 D LogWriteUtil.class=LogFileHandlerThread.class: 2getFilePath: filePath=/custom/metro/log/2022-10-12
10-12 12:48:07.688  5141  5164 D LogWriteUtil.class=LogFileHandlerThread.class: getFileNameSuffix: file=/custom/metro/log/2022-10-12
10-12 12:48:07.688  5141  5164 D LogWriteUtil.class=LogFileHandlerThread.class: 2getCurrentFileName: index=3, LogWriteUtil.logfile=app.log, getFileNameSuffix=21
10-12 12:48:07.689  5141  5164 D LogWriteUtil.class=LogFileHandlerThread.class: 1getFilePath: logFormat=2022-10-12, LogWriteUtil.logPathDir=/custom/metro/log
10-12 12:48:07.689  5141  5164 D LogWriteUtil.class=LogFileHandlerThread.class: 2getFilePath: filePath=/custom/metro/log/2022-10-12
10-12 12:48:07.689  5141  5164 D LogWriteUtil.class=LogFileHandlerThread.class: getFileNameSuffix: file=/custom/metro/log/2022-10-12
10-12 12:48:07.690  5141  5229 I APP_LogUtils.kt: [(LogUtils.kt:50).i()] [UdpMasterServices] start: send1 - masterApi - thread ID=212 - message={"MsgSeqID":7,"MsgName":"GetStatusRsp","MsgInfo":{"NetMask":"255.255.255.0","DeviceId":"BT-FX300","Gateway":"","SelfCheckFailReason":"","Uptime":3027,"SystemVersion":"TX300-ANDROID-7.1-R0018","AppVersion":"FX400-APK-3.0.1-V1.1.7","SelfCheckStatus":1,"Time":1665550087,"FwVersion":"qualcomm"}}
10-12 12:48:07.690  5141  5164 D LogWriteUtil.class=LogFileHandlerThread.class: 3getCurrentFileName: logFileName=app21.log
10-12 12:48:07.690  5141  5164 D LogWriteUtil.class=LogFileHandlerThread.class: 1,initFile: getFilePath()=/custom/metro/log/2022-10-12, getCurrentFileName=app21.log
10-12 12:48:07.690  5141  5164 D LogWriteUtil.class=LogFileHandlerThread.class: 1getFilePath: logFormat=2022-10-12, LogWriteUtil.logPathDir=/custom/metro/log
10-12 12:48:07.690  5141  5164 D LogWriteUtil.class=LogFileHandlerThread.class: 2getFilePath: filePath=/custom/metro/log/2022-10-12
10-12 12:48:07.691  5141  5164 D LogWriteUtil.class=LogFileHandlerThread.class: 1getCurrentFileName: LogWriteUtil.logfile=app.log
10-12 12:48:07.691  5141  5164 D LogWriteUtil.class=LogFileHandlerThread.class: 1getFilePath: logFormat=2022-10-12, LogWriteUtil.logPathDir=/custom/metro/log
10-12 12:48:07.691  5141  5164 D LogWriteUtil.class=LogFileHandlerThread.class: 2getFilePath: filePath=/custom/metro/log/2022-10-12
10-12 12:48:07.692  5141  5164 D LogWriteUtil.class=LogFileHandlerThread.class: getFileNameSuffix: file=/custom/metro/log/2022-10-12
10-12 12:48:07.692  5141  5164 D LogWriteUtil.class=LogFileHandlerThread.class: 2getCurrentFileName: index=3, LogWriteUtil.logfile=app.log, getFileNameSuffix=21
10-12 12:48:07.693  5141  5164 D LogWriteUtil.class=LogFileHandlerThread.class: 1getFilePath: logFormat=2022-10-12, LogWriteUtil.logPathDir=/custom/metro/log
10-12 12:48:07.693  5141  5164 D LogWriteUtil.class=LogFileHandlerThread.class: 2getFilePath: filePath=/custom/metro/log/2022-10-12
10-12 12:48:07.693  5141  5164 D LogWriteUtil.class=LogFileHandlerThread.class: getFileNameSuffix: file=/custom/metro/log/2022-10-12
10-12 12:48:07.694  5141  5164 D LogWriteUtil.class=LogFileHandlerThread.class: 3getCurrentFileName: logFileName=app21.log
10-12 12:48:07.694  5141  5164 D LogWriteUtil.class=LogFileHandlerThread.class: 1getCurrentFileName: LogWriteUtil.logfile=app.log
10-12 12:48:07.694  5141  5164 D LogWriteUtil.class=LogFileHandlerThread.class: 1getFilePath: logFormat=2022-10-12, LogWriteUtil.logPathDir=/custom/metro/log
10-12 12:48:07.695  5141  5164 D LogWriteUtil.class=LogFileHandlerThread.class: 2getFilePath: filePath=/custom/metro/log/2022-10-12
10-12 12:48:07.695  5141  5164 D LogWriteUtil.class=LogFileHandlerThread.class: getFileNameSuffix: file=/custom/metro/log/2022-10-12
10-12 12:48:07.695  5141  5164 D LogWriteUtil.class=LogFileHandlerThread.class: 2getCurrentFileName: index=3, LogWriteUtil.logfile=app.log, getFileNameSuffix=21
10-12 12:48:07.696  5141  5164 D LogWriteUtil.class=LogFileHandlerThread.class: 1getFilePath: logFormat=2022-10-12, LogWriteUtil.logPathDir=/custom/metro/log
10-12 12:48:07.696  5141  5164 D LogWriteUtil.class=LogFileHandlerThread.class: 2getFilePath: filePath=/custom/metro/log/2022-10-12
10-12 12:48:07.696  5141  5164 D LogWriteUtil.class=LogFileHandlerThread.class: getFileNameSuffix: file=/custom/metro/log/2022-10-12
10-12 12:48:07.697  5141  5164 D LogWriteUtil.class=LogFileHandlerThread.class: 3getCurrentFileName: logFileName=app21.log
10-12 12:48:07.697  5141  5164 D TAG     : 2,initFile: /custom/metro/log/2022-10-12/app21.log, logFile.length=0, getCurrentFileName()=app21.log, writeFileName=/custom/metro/log/2022-10-12/app201665550049041.log
10-12 12:48:07.698  5141  5164 D LogWriteUtil.class=LogFileHandlerThread.class: 8,initFile: logFile=/custom/metro/log/2022-10-12/app21.log, logFile.length=0
10-12 12:48:07.699  5141  5164 D LogWriteUtil.class=LogFileHandlerThread.class: 1getFilePath: logFormat=2022-10-12, LogWriteUtil.logPathDir=/custom/metro/log
10-12 12:48:07.699  5141  5164 D LogWriteUtil.class=LogFileHandlerThread.class: 2getFilePath: filePath=/custom/metro/log/2022-10-12
10-12 12:48:07.699  5141  5164 D LogWriteUtil.class=LogFileHandlerThread.class: 1getCurrentFileName: LogWriteUtil.logfile=app.log
10-12 12:48:07.700  5141  5164 D LogWriteUtil.class=LogFileHandlerThread.class: 1getFilePath: logFormat=2022-10-12, LogWriteUtil.logPathDir=/custom/metro/log
10-12 12:48:07.700  5141  5164 D LogWriteUtil.class=LogFileHandlerThread.class: 2getFilePath: filePath=/custom/metro/log/2022-10-12
10-12 12:48:07.700  5141  5164 D LogWriteUtil.class=LogFileHandlerThread.class: getFileNameSuffix: file=/custom/metro/log/2022-10-12
10-12 12:48:07.701  5141  5164 D LogWriteUtil.class=LogFileHandlerThread.class: 2getCurrentFileName: index=3, LogWriteUtil.logfile=app.log, getFileNameSuffix=21
10-12 12:48:07.701  5141  5164 D LogWriteUtil.class=LogFileHandlerThread.class: 1getFilePath: logFormat=2022-10-12, LogWriteUtil.logPathDir=/custom/metro/log
10-12 12:48:07.701  5141  5164 D LogWriteUtil.class=LogFileHandlerThread.class: 2getFilePath: filePath=/custom/metro/log/2022-10-12
10-12 12:48:07.702  5141  5164 D LogWriteUtil.class=LogFileHandlerThread.class: getFileNameSuffix: file=/custom/metro/log/2022-10-12
10-12 12:48:07.702  5141  5164 D LogWriteUtil.class=LogFileHandlerThread.class: 3getCurrentFileName: logFileName=app21.log
10-12 12:48:07.702  5141  5164 D LogWriteUtil.class=LogFileHandlerThread.class: 1,initFile: getFilePath()=/custom/metro/log/2022-10-12, getCurrentFileName=app21.log
10-12 12:48:07.703  5141  5164 D LogWriteUtil.class=LogFileHandlerThread.class: 1getFilePath: logFormat=2022-10-12, LogWriteUtil.logPathDir=/custom/metro/log
10-12 12:48:07.703  5141  5164 D LogWriteUtil.class=LogFileHandlerThread.class: 2getFilePath: filePath=/custom/metro/log/2022-10-12
10-12 12:48:07.703  5141  5164 D LogWriteUtil.class=LogFileHandlerThread.class: 1getCurrentFileName: LogWriteUtil.logfile=app.log
10-12 12:48:07.704  5141  5164 D LogWriteUtil.class=LogFileHandlerThread.class: 1getFilePath: logFormat=2022-10-12, LogWriteUtil.logPathDir=/custom/metro/log
10-12 12:48:07.704  5141  5164 D LogWriteUtil.class=LogFileHandlerThread.class: 2getFilePath: filePath=/custom/metro/log/2022-10-12
10-12 12:48:07.704  5141  5164 D LogWriteUtil.class=LogFileHandlerThread.class: getFileNameSuffix: file=/custom/metro/log/2022-10-12
10-12 12:48:07.705  5141  5164 D LogWriteUtil.class=LogFileHandlerThread.class: 2getCurrentFileName: index=3, LogWriteUtil.logfile=app.log, getFileNameSuffix=21
10-12 12:48:07.706  5141  5164 D LogWriteUtil.class=LogFileHandlerThread.class: 1getFilePath: logFormat=2022-10-12, LogWriteUtil.logPathDir=/custom/metro/log
10-12 12:48:07.706  5141  5164 D LogWriteUtil.class=LogFileHandlerThread.class: 2getFilePath: filePath=/custom/metro/log/2022-10-12
10-12 12:48:07.706  5141  5164 D LogWriteUtil.class=LogFileHandlerThread.class: getFileNameSuffix: file=/custom/metro/log/2022-10-12
10-12 12:48:07.707  5141  5164 D LogWriteUtil.class=LogFileHandlerThread.class: 3getCurrentFileName: logFileName=app21.log
10-12 12:48:07.707  5141  5164 D LogWriteUtil.class=LogFileHandlerThread.class: 1getCurrentFileName: LogWriteUtil.logfile=app.log
10-12 12:48:07.708  5141  5164 D LogWriteUtil.class=LogFileHandlerThread.class: 1getFilePath: logFormat=2022-10-12, LogWriteUtil.logPathDir=/custom/metro/log
10-12 12:48:07.708  5141  5164 D LogWriteUtil.class=LogFileHandlerThread.class: 2getFilePath: filePath=/custom/metro/log/2022-10-12
10-12 12:48:07.708  5141  5164 D LogWriteUtil.class=LogFileHandlerThread.class: getFileNameSuffix: file=/custom/metro/log/2022-10-12
10-12 12:48:07.708  5141  5164 D LogWriteUtil.class=LogFileHandlerThread.class: 2getCurrentFileName: index=3, LogWriteUtil.logfile=app.log, getFileNameSuffix=21
10-12 12:48:07.709  5141  5164 D LogWriteUtil.class=LogFileHandlerThread.class: 1getFilePath: logFormat=2022-10-12, LogWriteUtil.logPathDir=/custom/metro/log
10-12 12:48:07.709  5141  5164 D LogWriteUtil.class=LogFileHandlerThread.class: 2getFilePath: filePath=/custom/metro/log/2022-10-12
10-12 12:48:07.709  5141  5164 D LogWriteUtil.class=LogFileHandlerThread.class: getFileNameSuffix: file=/custom/metro/log/2022-10-12
10-12 12:48:07.710  5141  5164 D LogWriteUtil.class=LogFileHandlerThread.class: 3getCurrentFileName: logFileName=app21.log
10-12 12:48:07.710  5141  5164 D TAG     : 2,initFile: /custom/metro/log/2022-10-12/app21.log, logFile.length=0, getCurrentFileName()=app21.log, writeFileName=/custom/metro/log/2022-10-12/app201665550049041.log
10-12 12:48:07.710  5141  5164 D LogWriteUtil.class=LogFileHandlerThread.class: 8,initFile: logFile=/custom/metro/log/2022-10-12/app21.log, logFile.length=0
10-12 12:48:07.712  5141  5164 D LogWriteUtil.class=LogFileHandlerThread.class: 1getFilePath: logFormat=2022-10-12, LogWriteUtil.logPathDir=/custom/metro/log
10-12 12:48:07.712  5141  5164 D LogWriteUtil.class=LogFileHandlerThread.class: 2getFilePath: filePath=/custom/metro/log/2022-10-12
10-12 12:48:07.712  5141  5164 D LogWriteUtil.class=LogFileHandlerThread.class: 1getCurrentFileName: LogWriteUtil.logfile=app.log
10-12 12:48:07.713  5141  5164 D LogWriteUtil.class=LogFileHandlerThread.class: 1getFilePath: logFormat=2022-10-12, LogWriteUtil.logPathDir=/custom/metro/log
10-12 12:48:07.713  5141  5164 D LogWriteUtil.class=LogFileHandlerThread.class: 2getFilePath: filePath=/custom/metro/log/2022-10-12
10-12 12:48:07.713  5141  5164 D LogWriteUtil.class=LogFileHandlerThread.class: getFileNameSuffix: file=/custom/metro/log/2022-10-12
10-12 12:48:07.713  5141  5164 D LogWriteUtil.class=LogFileHandlerThread.class: 2getCurrentFileName: index=3, LogWriteUtil.logfile=app.log, getFileNameSuffix=21
10-12 12:48:07.714  5141  5164 D LogWriteUtil.class=LogFileHandlerThread.class: 1getFilePath: logFormat=2022-10-12, LogWriteUtil.logPathDir=/custom/metro/log
10-12 12:48:07.714  5141  5164 D LogWriteUtil.class=LogFileHandlerThread.class: 2getFilePath: filePath=/custom/metro/log/2022-10-12
10-12 12:48:07.714  5141  5164 D LogWriteUtil.class=LogFileHandlerThread.class: getFileNameSuffix: file=/custom/metro/log/2022-10-12
10-12 12:48:07.715  5141  5164 D LogWriteUtil.class=LogFileHandlerThread.class: 3getCurrentFileName: logFileName=app21.log
10-12 12:48:07.715  5141  5164 D LogWriteUtil.class=LogFileHandlerThread.class: 1,initFile: getFilePath()=/custom/metro/log/2022-10-12, getCurrentFileName=app21.log
10-12 12:48:07.715  5141  5164 D LogWriteUtil.class=LogFileHandlerThread.class: 1getFilePath: logFormat=2022-10-12, LogWriteUtil.logPathDir=/custom/metro/log
10-12 12:48:07.716  5141  5164 D LogWriteUtil.class=LogFileHandlerThread.class: 2getFilePath: filePath=/custom/metro/log/2022-10-12
10-12 12:48:07.716  5141  5164 D LogWriteUtil.class=LogFileHandlerThread.class: 1getCurrentFileName: LogWriteUtil.logfile=app.log
10-12 12:48:07.716  5141  5164 D LogWriteUtil.class=LogFileHandlerThread.class: 1getFilePath: logFormat=2022-10-12, LogWriteUtil.logPathDir=/custom/metro/log
10-12 12:48:07.717  5141  5164 D LogWriteUtil.class=LogFileHandlerThread.class: 2getFilePath: filePath=/custom/metro/log/2022-10-12
10-12 12:48:07.717  5141  5164 D LogWriteUtil.class=LogFileHandlerThread.class: getFileNameSuffix: file=/custom/metro/log/2022-10-12
10-12 12:48:07.717  5141  5164 D LogWriteUtil.class=LogFileHandlerThread.class: 2getCurrentFileName: index=3, LogWriteUtil.logfile=app.log, getFileNameSuffix=21
10-12 12:48:07.718  5141  5164 D LogWriteUtil.class=LogFileHandlerThread.class: 1getFilePath: logFormat=2022-10-12, LogWriteUtil.logPathDir=/custom/metro/log
10-12 12:48:07.718  5141  5164 D LogWriteUtil.class=LogFileHandlerThread.class: 2getFilePath: filePath=/custom/metro/log/2022-10-12
10-12 12:48:07.718  5141  5164 D LogWriteUtil.class=LogFileHandlerThread.class: getFileNameSuffix: file=/custom/metro/log/2022-10-12
10-12 12:48:07.719  5141  5164 D LogWriteUtil.class=LogFileHandlerThread.class: 3getCurrentFileName: logFileName=app21.log
10-12 12:48:07.719  5141  5164 D LogWriteUtil.class=LogFileHandlerThread.class: 1getCurrentFileName: LogWriteUtil.logfile=app.log
10-12 12:48:07.720  5141  5164 D LogWriteUtil.class=LogFileHandlerThread.class: 1getFilePath: logFormat=2022-10-12, LogWriteUtil.logPathDir=/custom/metro/log
10-12 12:48:07.720  5141  5164 D LogWriteUtil.class=LogFileHandlerThread.class: 2getFilePath: filePath=/custom/metro/log/2022-10-12
10-12 12:48:07.720  5141  5164 D LogWriteUtil.class=LogFileHandlerThread.class: getFileNameSuffix: file=/custom/metro/log/2022-10-12
10-12 12:48:07.721  5141  5164 D LogWriteUtil.class=LogFileHandlerThread.class: 2getCurrentFileName: index=3, LogWriteUtil.logfile=app.log, getFileNameSuffix=21
10-12 12:48:07.721  5141  5164 D LogWriteUtil.class=LogFileHandlerThread.class: 1getFilePath: logFormat=2022-10-12, LogWriteUtil.logPathDir=/custom/metro/log
10-12 12:48:07.721  5141  5164 D LogWriteUtil.class=LogFileHandlerThread.class: 2getFilePath: filePath=/custom/metro/log/2022-10-12
10-12 12:48:07.722  5141  5164 D LogWriteUtil.class=LogFileHandlerThread.class: getFileNameSuffix: file=/custom/metro/log/2022-10-12
10-12 12:48:07.722  5141  5164 D LogWriteUtil.class=LogFileHandlerThread.class: 3getCurrentFileName: logFileName=app21.log
10-12 12:48:07.722  5141  5164 D TAG     : 2,initFile: /custom/metro/log/2022-10-12/app21.log, logFile.length=0, getCurrentFileName()=app21.log, writeFileName=/custom/metro/log/2022-10-12/app201665550049041.log
10-12 12:48:07.723  5141  5164 D LogWriteUtil.class=LogFileHandlerThread.class: 8,initFile: logFile=/custom/metro/log/2022-10-12/app21.log, logFile.length=0
10-12 12:48:07.968  5141  5229 D MainViewModel: getSystemTime_currentThreadID2: 212
10-12 12:48:07.975  5141  5199 I rilj    : EMCI Detial(CellId--->Tav): 5889,255,2,"46009",255,65535,59,65535,255,255,59,27,16,255,1202590897205,0,0,0,0,0,0,0,0
10-12 12:48:07.976  5141  5199 D LTERILJ : [UNSL]< RIL_UNSOL_NOTIFY_EMCI_DETAIL
10-12 12:48:07.978  5141  5196 D LTEPhone: EVENT_FOR_EMCI_DETAIL
10-12 12:48:07.978  5141  5196 D LTEServiceTracker: setCellId cellId:5889,"46009"
10-12 12:48:07.985  5141  5229 D TAG     : getSystemTime_currentThreadID3s: 212, isActive=true
10-12 12:48:07.992  5141  5141 I APP_LogUtils.kt: [(LogUtils.kt:50).i()] [com.gbcom.library_base.service.LLteService] lte_resp_sys_for_emci_detail - EmciDetail=com.ztegota.system.common.EmciDetail@f2827ca
10-12 12:48:07.993  5141  5164 D LogWriteUtil.class=LogFileHandlerThread.class: 1getFilePath: logFormat=2022-10-12, LogWriteUtil.logPathDir=/custom/metro/log
10-12 12:48:07.993  5141  5164 D LogWriteUtil.class=LogFileHandlerThread.class: 2getFilePath: filePath=/custom/metro/log/2022-10-12
10-12 12:48:07.993  5141  5164 D LogWriteUtil.class=LogFileHandlerThread.class: 1getCurrentFileName: LogWriteUtil.logfile=app.log
10-12 12:48:07.994  5141  5164 D LogWriteUtil.class=LogFileHandlerThread.class: 1getFilePath: logFormat=2022-10-12, LogWriteUtil.logPathDir=/custom/metro/log
10-12 12:48:07.994  5141  5164 D LogWriteUtil.class=LogFileHandlerThread.class: 2getFilePath: filePath=/custom/metro/log/2022-10-12
10-12 12:48:07.994  5141  5164 D LogWriteUtil.class=LogFileHandlerThread.class: getFileNameSuffix: file=/custom/metro/log/2022-10-12
10-12 12:48:07.995  5141  5164 D LogWriteUtil.class=LogFileHandlerThread.class: 2getCurrentFileName: index=3, LogWriteUtil.logfile=app.log, getFileNameSuffix=21
10-12 12:48:07.996  5141  5164 D LogWriteUtil.class=LogFileHandlerThread.class: 1getFilePath: logFormat=2022-10-12, LogWriteUtil.logPathDir=/custom/metro/log
10-12 12:48:07.996  5141  5164 D LogWriteUtil.class=LogFileHandlerThread.class: 2getFilePath: filePath=/custom/metro/log/2022-10-12
10-12 12:48:07.996  5141  5164 D LogWriteUtil.class=LogFileHandlerThread.class: getFileNameSuffix: file=/custom/metro/log/2022-10-12
10-12 12:48:07.997  5141  5164 D LogWriteUtil.class=LogFileHandlerThread.class: 3getCurrentFileName: logFileName=app21.log
10-12 12:48:07.997  5141  5164 D LogWriteUtil.class=LogFileHandlerThread.class: 1,initFile: getFilePath()=/custom/metro/log/2022-10-12, getCurrentFileName=app21.log
10-12 12:48:07.998  5141  5164 D LogWriteUtil.class=LogFileHandlerThread.class: 1getFilePath: logFormat=2022-10-12, LogWriteUtil.logPathDir=/custom/metro/log
10-12 12:48:07.998  5141  5164 D LogWriteUtil.class=LogFileHandlerThread.class: 2getFilePath: filePath=/custom/metro/log/2022-10-12
10-12 12:48:07.998  5141  5164 D LogWriteUtil.class=LogFileHandlerThread.class: 1getCurrentFileName: LogWriteUtil.logfile=app.log
10-12 12:48:07.999  5141  5238 D UdpDcRepository: api send - Thread ID=221, obj={"MsgName":"AppHeartbeat","MsgSeqID":18,"AppID":"172.2.200.13","MsgInfo":{"SDKLongNumber":"+866022013"}}
10-12 12:48:07.999  5141  5164 D LogWriteUtil.class=LogFileHandlerThread.class: 1getFilePath: logFormat=2022-10-12, LogWriteUtil.logPathDir=/custom/metro/log
10-12 12:48:07.999  5141  5164 D LogWriteUtil.class=LogFileHandlerThread.class: 2getFilePath: filePath=/custom/metro/log/2022-10-12
10-12 12:48:07.999  5141  5164 D LogWriteUtil.class=LogFileHandlerThread.class: getFileNameSuffix: file=/custom/metro/log/2022-10-12
10-12 12:48:08.000  5141  5164 D LogWriteUtil.class=LogFileHandlerThread.class: 2getCurrentFileName: index=3, LogWriteUtil.logfile=app.log, getFileNameSuffix=21
10-12 12:48:08.000  5141  5164 D LogWriteUtil.class=LogFileHandlerThread.class: 1getFilePath: logFormat=2022-10-12, LogWriteUtil.logPathDir=/custom/metro/log
10-12 12:48:08.000  5141  5164 D LogWriteUtil.class=LogFileHandlerThread.class: 2getFilePath: filePath=/custom/metro/log/2022-10-12
10-12 12:48:08.001  5141  5164 D LogWriteUtil.class=LogFileHandlerThread.class: getFileNameSuffix: file=/custom/metro/log/2022-10-12
10-12 12:48:08.001  5141  5164 D LogWriteUtil.class=LogFileHandlerThread.class: 3getCurrentFileName: logFileName=app21.log
10-12 12:48:08.001  5141  5164 D LogWriteUtil.class=LogFileHandlerThread.class: 1getCurrentFileName: LogWriteUtil.logfile=app.log
10-12 12:48:08.002  5141  5164 D LogWriteUtil.class=LogFileHandlerThread.class: 1getFilePath: logFormat=2022-10-12, LogWriteUtil.logPathDir=/custom/metro/log
10-12 12:48:08.002  5141  5164 D LogWriteUtil.class=LogFileHandlerThread.class: 2getFilePath: filePath=/custom/metro/log/2022-10-12
10-12 12:48:08.002  5141  5164 D LogWriteUtil.class=LogFileHandlerThread.class: getFileNameSuffix: file=/custom/metro/log/2022-10-12
10-12 12:48:08.003  5141  5164 D LogWriteUtil.class=LogFileHandlerThread.class: 2getCurrentFileName: index=3, LogWriteUtil.logfile=app.log, getFileNameSuffix=21
10-12 12:48:08.003  5141  5238 I APP_LogUtils.kt: [(LogUtils.kt:50).i()] [UdpDisServices] start: send(String) - thread ID=221, send msg={"MsgName":"AppHeartbeat","MsgSeqID":18,"AppID":"172.2.200.13","MsgInfo":{"SDKLongNumber":"+866022013"}}
10-12 12:48:08.004  5141  5164 D LogWriteUtil.class=LogFileHandlerThread.class: 1getFilePath: logFormat=2022-10-12, LogWriteUtil.logPathDir=/custom/metro/log
10-12 12:48:08.004  5141  5164 D LogWriteUtil.class=LogFileHandlerThread.class: 2getFilePath: filePath=/custom/metro/log/2022-10-12
10-12 12:48:08.004  5141  5164 D LogWriteUtil.class=LogFileHandlerThread.class: getFileNameSuffix: file=/custom/metro/log/2022-10-12
10-12 12:48:08.005  5141  5164 D LogWriteUtil.class=LogFileHandlerThread.class: 3getCurrentFileName: logFileName=app21.log
10-12 12:48:08.005  5141  5164 D TAG     : 2,initFile: /custom/metro/log/2022-10-12/app21.log, logFile.length=0, getCurrentFileName()=app21.log, writeFileName=/custom/metro/log/2022-10-12/app201665550049041.log
10-12 12:48:08.005  5141  5164 D LogWriteUtil.class=LogFileHandlerThread.class: 8,initFile: logFile=/custom/metro/log/2022-10-12/app21.log, logFile.length=0
10-12 12:48:08.006  5141  5164 D LogWriteUtil.class=LogFileHandlerThread.class: 1getFilePath: logFormat=2022-10-12, LogWriteUtil.logPathDir=/custom/metro/log
10-12 12:48:08.006  5141  5164 D LogWriteUtil.class=LogFileHandlerThread.class: 2getFilePath: filePath=/custom/metro/log/2022-10-12
10-12 12:48:08.007  5141  5164 D LogWriteUtil.class=LogFileHandlerThread.class: 1getCurrentFileName: LogWriteUtil.logfile=app.log
10-12 12:48:08.008  5141  5164 D LogWriteUtil.class=LogFileHandlerThread.class: 1getFilePath: logFormat=2022-10-12, LogWriteUtil.logPathDir=/custom/metro/log
10-12 12:48:08.008  5141  5164 D LogWriteUtil.class=LogFileHandlerThread.class: 2getFilePath: filePath=/custom/metro/log/2022-10-12
10-12 12:48:08.008  5141  5164 D LogWriteUtil.class=LogFileHandlerThread.class: getFileNameSuffix: file=/custom/metro/log/2022-10-12
10-12 12:48:08.009  5141  5164 D LogWriteUtil.class=LogFileHandlerThread.class: 2getCurrentFileName: index=3, LogWriteUtil.logfile=app.log, getFileNameSuffix=21
10-12 12:48:08.009  5141  5164 D LogWriteUtil.class=LogFileHandlerThread.class: 1getFilePath: logFormat=2022-10-12, LogWriteUtil.logPathDir=/custom/metro/log
10-12 12:48:08.009  5141  5164 D LogWriteUtil.class=LogFileHandlerThread.class: 2getFilePath: filePath=/custom/metro/log/2022-10-12
10-12 12:48:08.010  5141  5164 D LogWriteUtil.class=LogFileHandlerThread.class: getFileNameSuffix: file=/custom/metro/log/2022-10-12
10-12 12:48:08.010  5141  5164 D LogWriteUtil.class=LogFileHandlerThread.class: 3getCurrentFileName: logFileName=app21.log
10-12 12:48:08.010  5141  5238 D UdpDcRepository: api send - Thread ID=221, obj={"MsgName":"GetStationATSReq","MsgSeqID":19,"AppID":"172.2.200.13","MsgInfo":{}}
10-12 12:48:08.010  5141  5164 D LogWriteUtil.class=LogFileHandlerThread.class: 1,initFile: getFilePath()=/custom/metro/log/2022-10-12, getCurrentFileName=app21.log
10-12 12:48:08.011  5141  5164 D LogWriteUtil.class=LogFileHandlerThread.class: 1getFilePath: logFormat=2022-10-12, LogWriteUtil.logPathDir=/custom/metro/log
10-12 12:48:08.011  5141  5164 D LogWriteUtil.class=LogFileHandlerThread.class: 2getFilePath: filePath=/custom/metro/log/2022-10-12
10-12 12:48:08.011  5141  5164 D LogWriteUtil.class=LogFileHandlerThread.class: 1getCurrentFileName: LogWriteUtil.logfile=app.log
10-12 12:48:08.012  5141  5164 D LogWriteUtil.class=LogFileHandlerThread.class: 1getFilePath: logFormat=2022-10-12, LogWriteUtil.logPathDir=/custom/metro/log
10-12 12:48:08.012  5141  5164 D LogWriteUtil.class=LogFileHandlerThread.class: 2getFilePath: filePath=/custom/metro/log/2022-10-12
10-12 12:48:08.012  5141  5164 D LogWriteUtil.class=LogFileHandlerThread.class: getFileNameSuffix: file=/custom/metro/log/2022-10-12
10-12 12:48:08.013  5141  5164 D LogWriteUtil.class=LogFileHandlerThread.class: 2getCurrentFileName: index=3, LogWriteUtil.logfile=app.log, getFileNameSuffix=21
10-12 12:48:08.014  5141  5164 D LogWriteUtil.class=LogFileHandlerThread.class: 1getFilePath: logFormat=2022-10-12, LogWriteUtil.logPathDir=/custom/metro/log
10-12 12:48:08.014  5141  5164 D LogWriteUtil.class=LogFileHandlerThread.class: 2getFilePath: filePath=/custom/metro/log/2022-10-12
10-12 12:48:08.014  5141  5164 D LogWriteUtil.class=LogFileHandlerThread.class: getFileNameSuffix: file=/custom/metro/log/2022-10-12
10-12 12:48:08.015  5141  5164 D LogWriteUtil.class=LogFileHandlerThread.class: 3getCurrentFileName: logFileName=app21.log
10-12 12:48:08.015  5141  5164 D LogWriteUtil.class=LogFileHandlerThread.class: 1getCurrentFileName: LogWriteUtil.logfile=app.log
10-12 12:48:08.016  5141  5164 D LogWriteUtil.class=LogFileHandlerThread.class: 1getFilePath: logFormat=2022-10-12, LogWriteUtil.logPathDir=/custom/metro/log
10-12 12:48:08.016  5141  5164 D LogWriteUtil.class=LogFileHandlerThread.class: 2getFilePath: filePath=/custom/metro/log/2022-10-12
10-12 12:48:08.016  5141  5164 D LogWriteUtil.class=LogFileHandlerThread.class: getFileNameSuffix: file=/custom/metro/log/2022-10-12
10-12 12:48:08.016  5141  5164 D LogWriteUtil.class=LogFileHandlerThread.class: 2getCurrentFileName: index=3, LogWriteUtil.logfile=app.log, getFileNameSuffix=21
10-12 12:48:08.018  5141  5164 D LogWriteUtil.class=LogFileHandlerThread.class: 1getFilePath: logFormat=2022-10-12, LogWriteUtil.logPathDir=/custom/metro/log
10-12 12:48:08.018  5141  5164 D LogWriteUtil.class=LogFileHandlerThread.class: 2getFilePath: filePath=/custom/metro/log/2022-10-12
10-12 12:48:08.018  5141  5164 D LogWriteUtil.class=LogFileHandlerThread.class: getFileNameSuffix: file=/custom/metro/log/2022-10-12
10-12 12:48:08.018  5141  5164 D LogWriteUtil.class=LogFileHandlerThread.class: 3getCurrentFileName: logFileName=app21.log
10-12 12:48:08.019  5141  5164 D TAG     : 2,initFile: /custom/metro/log/2022-10-12/app21.log, logFile.length=0, getCurrentFileName()=app21.log, writeFileName=/custom/metro/log/2022-10-12/app201665550049041.log
10-12 12:48:08.019  5141  5238 I APP_LogUtils.kt: [(LogUtils.kt:50).i()] [UdpDisServices] start: send(String) - thread ID=221, send msg={"MsgName":"GetStationATSReq","MsgSeqID":19,"AppID":"172.2.200.13","MsgInfo":{}}
10-12 12:48:08.019  5141  5164 D LogWriteUtil.class=LogFileHandlerThread.class: 8,initFile: logFile=/custom/metro/log/2022-10-12/app21.log, logFile.length=0
10-12 12:48:08.020  5141  5141 D MainActivity: updateSignalIcon: signal=4
10-12 12:48:08.020  5141  5164 D LogWriteUtil.class=LogFileHandlerThread.class: 1getFilePath: logFormat=2022-10-12, LogWriteUtil.logPathDir=/custom/metro/log
10-12 12:48:08.020  5141  5164 D LogWriteUtil.class=LogFileHandlerThread.class: 2getFilePath: filePath=/custom/metro/log/2022-10-12
10-12 12:48:08.020  5141  5164 D LogWriteUtil.class=LogFileHandlerThread.class: 1getCurrentFileName: LogWriteUtil.logfile=app.log
10-12 12:48:08.021  5141  5164 D LogWriteUtil.class=LogFileHandlerThread.class: 1getFilePath: logFormat=2022-10-12, LogWriteUtil.logPathDir=/custom/metro/log
10-12 12:48:08.021  5141  5164 D LogWriteUtil.class=LogFileHandlerThread.class: 2getFilePath: filePath=/custom/metro/log/2022-10-12
10-12 12:48:08.021  5141  5164 D LogWriteUtil.class=LogFileHandlerThread.class: getFileNameSuffix: file=/custom/metro/log/2022-10-12
10-12 12:48:08.022  5141  5164 D LogWriteUtil.class=LogFileHandlerThread.class: 2getCurrentFileName: index=3, LogWriteUtil.logfile=app.log, getFileNameSuffix=21
10-12 12:48:08.022  5141  5164 D LogWriteUtil.class=LogFileHandlerThread.class: 1getFilePath: logFormat=2022-10-12, LogWriteUtil.logPathDir=/custom/metro/log
10-12 12:48:08.022  5141  5164 D LogWriteUtil.class=LogFileHandlerThread.class: 2getFilePath: filePath=/custom/metro/log/2022-10-12
10-12 12:48:08.023  5141  5164 D LogWriteUtil.class=LogFileHandlerThread.class: getFileNameSuffix: file=/custom/metro/log/2022-10-12
10-12 12:48:08.023  5141  5164 D LogWriteUtil.class=LogFileHandlerThread.class: 3getCurrentFileName: logFileName=app21.log
10-12 12:48:08.023  5141  5164 D LogWriteUtil.class=LogFileHandlerThread.class: 1,initFile: getFilePath()=/custom/metro/log/2022-10-12, getCurrentFileName=app21.log
10-12 12:48:08.024  5141  5164 D LogWriteUtil.class=LogFileHandlerThread.class: 1getFilePath: logFormat=2022-10-12, LogWriteUtil.logPathDir=/custom/metro/log
10-12 12:48:08.024  5141  5164 D LogWriteUtil.class=LogFileHandlerThread.class: 2getFilePath: filePath=/custom/metro/log/2022-10-12
10-12 12:48:08.024  5141  5164 D LogWriteUtil.class=LogFileHandlerThread.class: 1getCurrentFileName: LogWriteUtil.logfile=app.log
10-12 12:48:08.025  5141  5164 D LogWriteUtil.class=LogFileHandlerThread.class: 1getFilePath: logFormat=2022-10-12, LogWriteUtil.logPathDir=/custom/metro/log
10-12 12:48:08.025  5141  5164 D LogWriteUtil.class=LogFileHandlerThread.class: 2getFilePath: filePath=/custom/metro/log/2022-10-12
10-12 12:48:08.025  5141  5164 D LogWriteUtil.class=LogFileHandlerThread.class: getFileNameSuffix: file=/custom/metro/log/2022-10-12
10-12 12:48:08.026  5141  5164 D LogWriteUtil.class=LogFileHandlerThread.class: 2getCurrentFileName: index=3, LogWriteUtil.logfile=app.log, getFileNameSuffix=21
10-12 12:48:08.026  5141  5164 D LogWriteUtil.class=LogFileHandlerThread.class: 1getFilePath: logFormat=2022-10-12, LogWriteUtil.logPathDir=/custom/metro/log
10-12 12:48:08.026  5141  5164 D LogWriteUtil.class=LogFileHandlerThread.class: 2getFilePath: filePath=/custom/metro/log/2022-10-12
10-12 12:48:08.027  5141  5164 D LogWriteUtil.class=LogFileHandlerThread.class: getFileNameSuffix: file=/custom/metro/log/2022-10-12
10-12 12:48:08.029  5141  5164 D LogWriteUtil.class=LogFileHandlerThread.class: 3getCurrentFileName: logFileName=app21.log
10-12 12:48:08.029  5141  5164 D LogWriteUtil.class=LogFileHandlerThread.class: 1getCurrentFileName: LogWriteUtil.logfile=app.log
10-12 12:48:08.029  5141  5164 D LogWriteUtil.class=LogFileHandlerThread.class: 1getFilePath: logFormat=2022-10-12, LogWriteUtil.logPathDir=/custom/metro/log
10-12 12:48:08.029  5141  5164 D LogWriteUtil.class=LogFileHandlerThread.class: 2getFilePath: filePath=/custom/metro/log/2022-10-12
