--------- beginning of main
10-11 13:49:25.585   791   791 I MSM-irqbalance: Decided to move IRQ5 from CPU0 [P:0] to CPU4 [P:1] (banned)
10-11 13:49:25.587   791   791 I MSM-irqbalance: Decided to move IRQ5 from CPU3 [P:0] to CPU5 [P:1] (banned)
10-11 13:49:25.588   791   791 I MSM-irqbalance: Decided to move IRQ5 from CPU2 [P:0] to CPU6 [P:1] (banned)
10-11 13:49:25.589   791   791 I MSM-irqbalance: Decided to move IRQ5 from CPU1 [P:0] to CPU7 [P:1] (banned)
10-11 13:49:25.795  2706  3527 I chatty  : uid=1000(system) DefaultDispatch expire 2 lines
10-11 13:49:25.978  2706  2957 I chatty  : uid=1000(system) DefaultDispatch expire 12 lines
10-11 13:49:25.981  2706  2827 I chatty  : uid=1000(system) LogFile expire 207 lines
10-11 13:49:25.991  2706  3527 I chatty  : uid=1000(system) DefaultDispatch expire 11 lines
10-11 13:49:26.371  2706  3234 I chatty  : uid=1000(system) DefaultDispatch expire 4 lines
10-11 13:49:26.374  2706  2706 I chatty  : uid=1000(system) com.gbcom.metrosystem expire 6 lines
10-11 13:49:26.564  2706  2763 I chatty  : uid=1000(system) RILRemoteReceiv expire 2 lines
10-11 13:49:26.566  2706  2760 I chatty  : uid=1000(system) GotaSystem expire 2 lines
10-11 13:49:27.103  2706  3341 I chatty  : uid=1000(system) Timer-0 expire 6 lines
10-11 13:49:27.159  2706  2827 I chatty  : uid=1000(system) LogFile expire 183 lines
10-11 13:49:27.160  2706  3527 I chatty  : uid=1000(system) DefaultDispatch expire 29 lines
10-11 13:49:27.160  2706  3234 I chatty  : uid=1000(system) DefaultDispatch expire 2 lines
10-11 13:49:27.163  2706  2706 I chatty  : uid=1000(system) com.gbcom.metrosystem expire 21 lines
10-11 13:49:27.242  2706  2827 I chatty  : uid=1000(system) LogFile expire 157 lines
10-11 13:49:27.249  2706  3527 I chatty  : uid=1000(system) DefaultDispatch expire 13 lines
10-11 13:49:27.283  2706  3234 I chatty  : uid=1000(system) DefaultDispatch expire 6 lines
10-11 13:49:27.286  2706  3546 I chatty  : uid=1000(system) DefaultDispatch expire 2 lines
10-11 13:49:27.314  2706  3333 I chatty  : uid=1000(system) DefaultDispatch expire 8 lines
10-11 13:49:27.337  2706  2760 I chatty  : uid=1000(system) GotaSystem expire 11 lines
10-11 13:49:27.423  2706  2763 I chatty  : uid=1000(system) RILRemoteReceiv expire 5 lines
10-11 13:49:27.424  2706  2765 I chatty  : uid=1000(system) LtePhoneRespons expire 3 lines
10-11 13:49:27.568  2706  2827 I chatty  : uid=1000(system) LogFile expire 172 lines
10-11 13:49:27.571  2706  3234 I chatty  : uid=1000(system) DefaultDispatch expire 6 lines
10-11 13:49:27.573  2706  2706 I chatty  : uid=1000(system) com.gbcom.metrosystem expire 9 lines
10-11 13:49:27.576  2706  3334 I chatty  : uid=1000(system) DefaultDispatch expire 19 lines
10-11 13:49:28.198  2706  2957 I chatty  : uid=1000(system) DefaultDispatch expire 4 lines
--------- beginning of system
10-11 13:49:28.205  2706  3334 W ContextImpl: Calling a method in the system process without a qualified user: android.app.ContextImpl.sendBroadcast:877 android.content.ContextWrapper.sendBroadcast:421 com.gbcom.library_base.udp.MasterApiReceive.processingFileListData:153 com.gbcom.library_base.udp.MasterApiReceive.processingData:60 com.gbcom.library_main.mvvm.viewmodel.MainViewModel$processingMasterApi$1.invokeSuspend:251 
10-11 13:49:28.209  1427  1815 E ActivityManager: Sending non-protected broadcast com.gbcom.action.ACTION_MASTER_FILE_LIST_TASK from system 2706:com.gbcom.metrosystem/1000 pkg com.gbcom.metrosystem
10-11 13:49:28.209  1427  1815 E ActivityManager: java.lang.Throwable
10-11 13:49:28.209  1427  1815 E ActivityManager: 	at com.android.server.am.ActivityManagerService.checkBroadcastFromSystem(ActivityManagerService.java:18272)
10-11 13:49:28.209  1427  1815 E ActivityManager: 	at com.android.server.am.ActivityManagerService.broadcastIntentLocked(ActivityManagerService.java:18753)
10-11 13:49:28.209  1427  1815 E ActivityManager: 	at com.android.server.am.ActivityManagerService.broadcastIntent(ActivityManagerService.java:18935)
10-11 13:49:28.209  1427  1815 E ActivityManager: 	at android.app.ActivityManagerNative.onTransact(ActivityManagerNative.java:499)
10-11 13:49:28.209  1427  1815 E ActivityManager: 	at com.android.server.am.ActivityManagerService.onTransact(ActivityManagerService.java:2869)
10-11 13:49:28.209  1427  1815 E ActivityManager: 	at android.os.Binder.execTransact(Binder.java:565)
10-11 13:49:28.223  1427  1815 E ActivityManager: Sending non-protected broadcast com.gbcom.action.ACTION_MASTER_FILE_LIST_TASK from system 2706:com.gbcom.metrosystem/1000 pkg com.gbcom.metrosystem
10-11 13:49:28.223  1427  1815 E ActivityManager: java.lang.Throwable
10-11 13:49:28.223  1427  1815 E ActivityManager: 	at com.android.server.am.ActivityManagerService.checkBroadcastFromSystem(ActivityManagerService.java:18272)
10-11 13:49:28.223  1427  1815 E ActivityManager: 	at com.android.server.am.ActivityManagerService.broadcastIntentLocked(ActivityManagerService.java:18844)
10-11 13:49:28.223  1427  1815 E ActivityManager: 	at com.android.server.am.ActivityManagerService.broadcastIntent(ActivityManagerService.java:18935)
10-11 13:49:28.223  1427  1815 E ActivityManager: 	at android.app.ActivityManagerNative.onTransact(ActivityManagerNative.java:499)
10-11 13:49:28.223  1427  1815 E ActivityManager: 	at com.android.server.am.ActivityManagerService.onTransact(ActivityManagerService.java:2869)
10-11 13:49:28.223  1427  1815 E ActivityManager: 	at android.os.Binder.execTransact(Binder.java:565)
10-11 13:49:28.561  2706  2763 I chatty  : uid=1000(system) RILRemoteReceiv expire 2 lines
10-11 13:49:28.563  2706  2760 I chatty  : uid=1000(system) GotaSystem expire 7 lines
10-11 13:49:28.583  2706  3333 I chatty  : uid=1000(system) DefaultDispatch expire 13 lines
10-11 13:49:28.595  2706  2827 I chatty  : uid=1000(system) LogFile expire 195 lines
10-11 13:49:28.599  2706  2760 I chatty  : uid=1000(system) GotaSystem expire 6 lines
10-11 13:49:28.611  2706  2706 I chatty  : uid=1000(system) com.gbcom.metrosystem expire 4 lines
10-11 13:49:28.646  2706  2763 I chatty  : uid=1000(system) RILRemoteReceiv expire 4 lines
10-11 13:49:28.985  2706  2762 I chatty  : uid=1000(system) heartbeat expire 1 line
10-11 13:49:30.227  2706  3341 I chatty  : uid=1000(system) Timer-0 expire 4 lines
10-11 13:49:30.278  2706  3234 I chatty  : uid=1000(system) DefaultDispatch expire 6 lines
10-11 13:49:30.288  2706  2827 I chatty  : uid=1000(system) LogFile expire 171 lines
10-11 13:49:30.310  2706  2706 I chatty  : uid=1000(system) com.gbcom.metrosystem expire 17 lines
10-11 13:49:30.311  2706  3334 I chatty  : uid=1000(system) DefaultDispatch expire 7 lines
10-11 13:49:30.314  2706  3333 I chatty  : uid=1000(system) DefaultDispatch expire 5 lines
10-11 13:49:30.404  2706  3527 I chatty  : uid=1000(system) DefaultDispatch expire 4 lines
10-11 13:49:30.447  2706  2957 I chatty  : uid=1000(system) DefaultDispatch expire 12 lines
10-11 13:49:30.450  2706  3335 I chatty  : uid=1000(system) DefaultDispatch expire 2 lines
10-11 13:49:30.459  2706  3331 I chatty  : uid=1000(system) DefaultDispatch expire 1 line
10-11 13:49:30.466  2706  2827 I chatty  : uid=1000(system) LogFile expire 187 lines
10-11 13:49:30.477  2706  2763 I chatty  : uid=1000(system) RILRemoteReceiv expire 7 lines
10-11 13:49:30.478  2706  2765 I chatty  : uid=1000(system) LtePhoneRespons expire 3 lines
10-11 13:49:30.561  2706  2760 I chatty  : uid=1000(system) GotaSystem expire 4 lines
10-11 13:49:30.563  2706  2706 I chatty  : uid=1000(system) com.gbcom.metrosystem expire 7 lines
10-11 13:49:30.569  2706  3234 I chatty  : uid=1000(system) DefaultDispatch expire 4 lines
10-11 13:49:30.573  2706  3335 I chatty  : uid=1000(system) DefaultDispatch expire 28 lines
10-11 13:49:30.585   791   791 I MSM-irqbalance: Decided to move IRQ5 from CPU0 [P:0] to CPU4 [P:1] (banned)
10-11 13:49:30.588   791   791 I MSM-irqbalance: Decided to move IRQ3 from CPU0 [P:0] to CPU5 [P:1] (banned)
10-11 13:49:30.589   791   791 I MSM-irqbalance: Decided to move IRQ5 from CPU3 [P:0] to CPU6 [P:1] (banned)
10-11 13:49:30.597   791   791 I MSM-irqbalance: Decided to move IRQ5 from CPU2 [P:0] to CPU7 [P:1] (banned)
10-11 13:49:30.599   791   791 I MSM-irqbalance: Decided to move IRQ5 from CPU1 [P:0] to CPU4 [P:1] (banned)
10-11 13:49:31.576  2706  2827 I chatty  : uid=1000(system) LogFile expire 189 lines
10-11 13:49:31.597  2706  2706 I chatty  : uid=1000(system) com.gbcom.metrosystem expire 6 lines
10-11 13:49:32.561  2706  2763 I chatty  : uid=1000(system) RILRemoteReceiv expire 2 lines
10-11 13:49:32.562  2706  2760 I chatty  : uid=1000(system) GotaSystem expire 2 lines
10-11 13:49:32.570  2706  3234 I chatty  : uid=1000(system) DefaultDispatch expire 2 lines
10-11 13:49:32.738  2706  2957 I chatty  : uid=1000(system) DefaultDispatch expire 4 lines
10-11 13:49:32.747  2706  3335 W ContextImpl: Calling a method in the system process without a qualified user: android.app.ContextImpl.sendBroadcast:877 android.content.ContextWrapper.sendBroadcast:421 com.gbcom.library_base.udp.MasterApiReceive.processingFileListData:153 com.gbcom.library_base.udp.MasterApiReceive.processingData:60 com.gbcom.library_main.mvvm.viewmodel.MainViewModel$processingMasterApi$1.invokeSuspend:251 
10-11 13:49:32.752  1427  2140 E ActivityManager: Sending non-protected broadcast com.gbcom.action.ACTION_MASTER_FILE_LIST_TASK from system 2706:com.gbcom.metrosystem/1000 pkg com.gbcom.metrosystem
10-11 13:49:32.752  1427  2140 E ActivityManager: java.lang.Throwable
10-11 13:49:32.752  1427  2140 E ActivityManager: 	at com.android.server.am.ActivityManagerService.checkBroadcastFromSystem(ActivityManagerService.java:18272)
10-11 13:49:32.752  1427  2140 E ActivityManager: 	at com.android.server.am.ActivityManagerService.broadcastIntentLocked(ActivityManagerService.java:18753)
10-11 13:49:32.752  1427  2140 E ActivityManager: 	at com.android.server.am.ActivityManagerService.broadcastIntent(ActivityManagerService.java:18935)
10-11 13:49:32.752  1427  2140 E ActivityManager: 	at android.app.ActivityManagerNative.onTransact(ActivityManagerNative.java:499)
10-11 13:49:32.752  1427  2140 E ActivityManager: 	at com.android.server.am.ActivityManagerService.onTransact(ActivityManagerService.java:2869)
10-11 13:49:32.752  1427  2140 E ActivityManager: 	at android.os.Binder.execTransact(Binder.java:565)
10-11 13:49:32.771  1427  2140 E ActivityManager: Sending non-protected broadcast com.gbcom.action.ACTION_MASTER_FILE_LIST_TASK from system 2706:com.gbcom.metrosystem/1000 pkg com.gbcom.metrosystem
10-11 13:49:32.771  1427  2140 E ActivityManager: java.lang.Throwable
10-11 13:49:32.771  1427  2140 E ActivityManager: 	at com.android.server.am.ActivityManagerService.checkBroadcastFromSystem(ActivityManagerService.java:18272)
10-11 13:49:32.771  1427  2140 E ActivityManager: 	at com.android.server.am.ActivityManagerService.broadcastIntentLocked(ActivityManagerService.java:18844)
10-11 13:49:32.771  1427  2140 E ActivityManager: 	at com.android.server.am.ActivityManagerService.broadcastIntent(ActivityManagerService.java:18935)
10-11 13:49:32.771  1427  2140 E ActivityManager: 	at android.app.ActivityManagerNative.onTransact(ActivityManagerNative.java:499)
10-11 13:49:32.771  1427  2140 E ActivityManager: 	at com.android.server.am.ActivityManagerService.onTransact(ActivityManagerService.java:2869)
10-11 13:49:32.771  1427  2140 E ActivityManager: 	at android.os.Binder.execTransact(Binder.java:565)
10-11 13:49:32.809  2706  2827 I chatty  : uid=1000(system) LogFile expire 181 lines
10-11 13:49:32.931  2706  3335 I chatty  : uid=1000(system) DefaultDispatch expire 12 lines
10-11 13:49:33.231  2706  3341 I chatty  : uid=1000(system) Timer-0 expire 4 lines
10-11 13:49:33.293  2706  3234 I chatty  : uid=1000(system) DefaultDispatch expire 6 lines
10-11 13:49:33.295  2706  2706 I chatty  : uid=1000(system) com.gbcom.metrosystem expire 14 lines
10-11 13:49:33.333  2706  3331 I chatty  : uid=1000(system) DefaultDispatch expire 3 lines
10-11 13:49:33.412  2706  3334 I chatty  : uid=1000(system) DefaultDispatch expire 7 lines
10-11 13:49:33.417  2706  2827 I chatty  : uid=1000(system) LogFile expire 166 lines
10-11 13:49:33.434  2706  3333 I chatty  : uid=1000(system) DefaultDispatch expire 15 lines
10-11 13:49:33.480  2706  2706 I chatty  : uid=1000(system) com.gbcom.metrosystem expire 14 lines
10-11 13:49:33.539  2706  2763 I chatty  : uid=1000(system) RILRemoteReceiv expire 7 lines
10-11 13:49:33.540  2706  2765 I chatty  : uid=1000(system) LtePhoneRespons expire 3 lines
10-11 13:49:33.561  2706  2760 I chatty  : uid=1000(system) GotaSystem expire 4 lines
10-11 13:49:33.570  2706  3234 I chatty  : uid=1000(system) DefaultDispatch expire 6 lines
10-11 13:49:34.736  1427  2520 E LocSvc_libulp: I/int ulp_msg_process_system_update(const UlpSystemEvent): systemEvent:5 
10-11 13:49:34.736  1427  2520 E LocSvc_libulp: I/===> int ulp_brain_turn_onoff_dr_provider() line 842 
10-11 13:49:34.736  1427  2520 E LocSvc_libulp: I/===> int ulp_dr_stop_engine() line 235 
10-11 13:49:34.737  1427  2520 E LocSvc_libulp: I/int ulp_msg_process_start_req(), at ulp state = 1
10-11 13:49:34.737  1427  1891 E LocSvc_api_v02: I/---> locClientSendReq line 2064 QMI_LOC_GET_BEST_AVAILABLE_POSITION_REQ_V02
10-11 13:49:34.743  1427  1916 E LocSvc_ApiV02: I/<--- void globalRespCb(locClientHandleType, uint32_t, const locClientRespIndUnionType, uint32_t, void *) line 140 QMI_LOC_GET_BEST_AVAILABLE_POSITION_REQ_V02
10-11 13:49:34.744  1427  2520 E LocSvc_libulp: I/int ulp_brain_process_zpp_position_report(const enum loc_sess_status, LocPosTechMask, UlpLocation *), report ZPP position to providers,report_position = 1
10-11 13:49:34.744  1427  2520 E LocSvc_libulp: I/===> int ulp_brain_turn_onoff_dr_provider() line 842 
10-11 13:49:34.744  1427  2520 E LocSvc_libulp: I/===> int ulp_dr_stop_engine() line 235 
10-11 13:49:34.801  2706  2827 I chatty  : uid=1000(system) LogFile expire 194 lines
10-11 13:49:34.806  2706  2706 I chatty  : uid=1000(system) com.gbcom.metrosystem expire 2 lines
10-11 13:49:34.948  2706  3334 I chatty  : uid=1000(system) DefaultDispatch expire 4 lines
10-11 13:49:34.986  2706  3333 I chatty  : uid=1000(system) DefaultDispatch expire 6 lines
10-11 13:49:35.561  2706  2763 I chatty  : uid=1000(system) RILRemoteReceiv expire 2 lines
10-11 13:49:35.562  2706  2760 I chatty  : uid=1000(system) GotaSystem expire 2 lines
10-11 13:49:35.586   791   791 I MSM-irqbalance: Decided to move IRQ188 from CPU0 [P:0] to CPU4 [P:1] (banned)
10-11 13:49:35.588   791   791 I MSM-irqbalance: Decided to move IRQ5 from CPU0 [P:0] to CPU5 [P:1] (banned)
10-11 13:49:35.591   791   791 I MSM-irqbalance: Decided to move IRQ188 from CPU3 [P:0] to CPU6 [P:1] (banned)
10-11 13:49:35.593   791   791 I MSM-irqbalance: Decided to move IRQ5 from CPU3 [P:0] to CPU7 [P:1] (banned)
10-11 13:49:35.594   791   791 I MSM-irqbalance: Decided to move IRQ5 from CPU2 [P:0] to CPU4 [P:1] (banned)
10-11 13:49:35.596   791   791 I MSM-irqbalance: Decided to move IRQ5 from CPU1 [P:0] to CPU5 [P:1] (banned)
10-11 13:49:36.118  2706  2957 I chatty  : uid=1000(system) DefaultDispatch expire 12 lines
10-11 13:49:36.131  2706  3527 I chatty  : uid=1000(system) DefaultDispatch expire 1 line
10-11 13:49:36.172  2706  2827 I chatty  : uid=1000(system) LogFile expire 195 lines
10-11 13:49:36.232  2706  3341 I chatty  : uid=1000(system) Timer-0 expire 4 lines
10-11 13:49:36.296  2706  3234 I chatty  : uid=1000(system) DefaultDispatch expire 6 lines
10-11 13:49:36.299  2706  2706 I chatty  : uid=1000(system) com.gbcom.metrosystem expire 7 lines
10-11 13:49:36.300  2706  3333 I chatty  : uid=1000(system) DefaultDispatch expire 7 lines
10-11 13:49:36.326  2706  3334 I chatty  : uid=1000(system) DefaultDispatch expire 3 lines
10-11 13:49:36.346  2706  2827 I chatty  : uid=1000(system) LogFile expire 163 lines
10-11 13:49:36.398  2706  2706 I chatty  : uid=1000(system) com.gbcom.metrosystem expire 19 lines
10-11 13:49:36.423  2706  3333 I chatty  : uid=1000(system) DefaultDispatch expire 3 lines
10-11 13:49:36.424  2706  3331 I chatty  : uid=1000(system) DefaultDispatch expire 6 lines
10-11 13:49:36.459  2706  3527 I chatty  : uid=1000(system) DefaultDispatch expire 10 lines
10-11 13:49:36.502  2706  3332 I chatty  : uid=1000(system) DefaultDispatch expire 1 line
10-11 13:49:36.561  2706  2763 I chatty  : uid=1000(system) RILRemoteReceiv expire 7 lines
10-11 13:49:36.562  2706  2760 I chatty  : uid=1000(system) GotaSystem expire 4 lines
10-11 13:49:36.602  2706  2765 I chatty  : uid=1000(system) LtePhoneRespons expire 3 lines
10-11 13:49:36.772  2706  3234 I chatty  : uid=1000(system) DefaultDispatch expire 6 lines
10-11 13:49:37.573  2706  2827 I chatty  : uid=1000(system) LogFile expire 186 lines
10-11 13:49:37.975  2706  3527 I chatty  : uid=1000(system) DefaultDispatch expire 16 lines
10-11 13:49:37.975  2706  2706 I chatty  : uid=1000(system) com.gbcom.metrosystem expire 5 lines
10-11 13:49:38.477  2706  2957 I chatty  : uid=1000(system) DefaultDispatch expire 4 lines
10-11 13:49:38.490  2706  3527 W ContextImpl: Calling a method in the system process without a qualified user: android.app.ContextImpl.sendBroadcast:877 android.content.ContextWrapper.sendBroadcast:421 com.gbcom.library_base.udp.MasterApiReceive.processingFileListData:153 com.gbcom.library_base.udp.MasterApiReceive.processingData:60 com.gbcom.library_main.mvvm.viewmodel.MainViewModel$processingMasterApi$1.invokeSuspend:251 
10-11 13:49:38.494  1427  2391 E ActivityManager: Sending non-protected broadcast com.gbcom.action.ACTION_MASTER_FILE_LIST_TASK from system 2706:com.gbcom.metrosystem/1000 pkg com.gbcom.metrosystem
10-11 13:49:38.494  1427  2391 E ActivityManager: java.lang.Throwable
10-11 13:49:38.494  1427  2391 E ActivityManager: 	at com.android.server.am.ActivityManagerService.checkBroadcastFromSystem(ActivityManagerService.java:18272)
10-11 13:49:38.494  1427  2391 E ActivityManager: 	at com.android.server.am.ActivityManagerService.broadcastIntentLocked(ActivityManagerService.java:18753)
10-11 13:49:38.494  1427  2391 E ActivityManager: 	at com.android.server.am.ActivityManagerService.broadcastIntent(ActivityManagerService.java:18935)
10-11 13:49:38.494  1427  2391 E ActivityManager: 	at android.app.ActivityManagerNative.onTransact(ActivityManagerNative.java:499)
10-11 13:49:38.494  1427  2391 E ActivityManager: 	at com.android.server.am.ActivityManagerService.onTransact(ActivityManagerService.java:2869)
10-11 13:49:38.494  1427  2391 E ActivityManager: 	at android.os.Binder.execTransact(Binder.java:565)
10-11 13:49:38.510  1427  2391 E ActivityManager: Sending non-protected broadcast com.gbcom.action.ACTION_MASTER_FILE_LIST_TASK from system 2706:com.gbcom.metrosystem/1000 pkg com.gbcom.metrosystem
10-11 13:49:38.510  1427  2391 E ActivityManager: java.lang.Throwable
10-11 13:49:38.510  1427  2391 E ActivityManager: 	at com.android.server.am.ActivityManagerService.checkBroadcastFromSystem(ActivityManagerService.java:18272)
10-11 13:49:38.510  1427  2391 E ActivityManager: 	at com.android.server.am.ActivityManagerService.broadcastIntentLocked(ActivityManagerService.java:18844)
10-11 13:49:38.510  1427  2391 E ActivityManager: 	at com.android.server.am.ActivityManagerService.broadcastIntent(ActivityManagerService.java:18935)
10-11 13:49:38.510  1427  2391 E ActivityManager: 	at android.app.ActivityManagerNative.onTransact(ActivityManagerNative.java:499)
10-11 13:49:38.510  1427  2391 E ActivityManager: 	at com.android.server.am.ActivityManagerService.onTransact(ActivityManagerService.java:2869)
10-11 13:49:38.510  1427  2391 E ActivityManager: 	at android.os.Binder.execTransact(Binder.java:565)
10-11 13:49:38.560  2706  2763 I chatty  : uid=1000(system) RILRemoteReceiv expire 2 lines
10-11 13:49:38.560  2706  2760 I chatty  : uid=1000(system) GotaSystem expire 2 lines
10-11 13:49:39.236  2706  3341 I chatty  : uid=1000(system) Timer-0 expire 4 lines
10-11 13:49:39.264  2706  2827 I chatty  : uid=1000(system) LogFile expire 180 lines
10-11 13:49:39.293  2706  3234 I chatty  : uid=1000(system) DefaultDispatch expire 6 lines
10-11 13:49:39.295  2706  2706 I chatty  : uid=1000(system) com.gbcom.metrosystem expire 15 lines
10-11 13:49:39.296  2706  3527 I chatty  : uid=1000(system) DefaultDispatch expire 11 lines
10-11 13:49:39.327  2706  3335 I chatty  : uid=1000(system) DefaultDispatch expire 4 lines
10-11 13:49:39.493  2706  3334 I chatty  : uid=1000(system) DefaultDispatch expire 1 line
10-11 13:49:39.560  2706  2763 I chatty  : uid=1000(system) RILRemoteReceiv expire 2 lines
10-11 13:49:39.560  2706  2760 I chatty  : uid=1000(system) GotaSystem expire 4 lines
10-11 13:49:39.564  2706  2827 I chatty  : uid=1000(system) LogFile expire 170 lines
10-11 13:49:39.603  2706  2706 I chatty  : uid=1000(system) com.gbcom.metrosystem expire 9 lines
10-11 13:49:40.000  2706  3335 I chatty  : uid=1000(system) DefaultDispatch expire 7 lines
10-11 13:49:40.179  2706  3234 I chatty  : uid=1000(system) DefaultDispatch expire 6 lines
10-11 13:49:40.188  2706  3334 I chatty  : uid=1000(system) DefaultDispatch expire 5 lines
10-11 13:49:40.191  2706  3333 I chatty  : uid=1000(system) DefaultDispatch expire 7 lines
10-11 13:49:40.566  2706  2763 I chatty  : uid=1000(system) RILRemoteReceiv expire 2 lines
10-11 13:49:40.584   791   791 I MSM-irqbalance: Decided to move IRQ5 from CPU0 [P:0] to CPU4 [P:1] (banned)
10-11 13:49:40.587   791   791 I MSM-irqbalance: Decided to move IRQ188 from CPU0 [P:0] to CPU5 [P:1] (banned)
10-11 13:49:40.588   791   791 I MSM-irqbalance: Decided to move IRQ3 from CPU0 [P:0] to CPU6 [P:1] (banned)
10-11 13:49:40.590   791   791 I MSM-irqbalance: Decided to move IRQ5 from CPU3 [P:0] to CPU7 [P:1] (banned)
10-11 13:49:40.591   791   791 I MSM-irqbalance: Decided to move IRQ5 from CPU2 [P:0] to CPU4 [P:1] (banned)
10-11 13:49:40.592   791   791 I MSM-irqbalance: Decided to move IRQ5 from CPU1 [P:0] to CPU5 [P:1] (banned)
10-11 13:49:40.834  2706  2957 I chatty  : uid=1000(system) DefaultDispatch expire 12 lines
10-11 13:49:40.841  2706  2827 I chatty  : uid=1000(system) LogFile expire 200 lines
10-11 13:49:40.843  2706  3333 I chatty  : uid=1000(system) DefaultDispatch expire 2 lines
10-11 13:49:40.846  2706  3334 I chatty  : uid=1000(system) DefaultDispatch expire 8 lines
10-11 13:49:40.849  2706  3335 I chatty  : uid=1000(system) DefaultDispatch expire 1 line
10-11 13:49:41.563  2706  2763 I chatty  : uid=1000(system) RILRemoteReceiv expire 2 lines
10-11 13:49:41.564  2706  2760 I chatty  : uid=1000(system) GotaSystem expire 2 lines
10-11 13:49:41.567  2706  2706 I chatty  : uid=1000(system) com.gbcom.metrosystem expire 1 line
10-11 13:49:42.236  2706  3341 I chatty  : uid=1000(system) Timer-0 expire 4 lines
10-11 13:49:42.243  2706  2827 I chatty  : uid=1000(system) LogFile expire 196 lines
10-11 13:49:42.293  2706  3234 I chatty  : uid=1000(system) DefaultDispatch expire 8 lines
10-11 13:49:42.295  2706  2706 I chatty  : uid=1000(system) com.gbcom.metrosystem expire 7 lines
10-11 13:49:42.296  2706  3334 I chatty  : uid=1000(system) DefaultDispatch expire 7 lines
10-11 13:49:42.330  2706  3333 I chatty  : uid=1000(system) DefaultDispatch expire 3 lines
10-11 13:49:42.380  2706  2827 I chatty  : uid=1000(system) LogFile expire 166 lines
10-11 13:49:42.399  2706  2706 I chatty  : uid=1000(system) com.gbcom.metrosystem expire 17 lines
10-11 13:49:42.423  2706  3334 I chatty  : uid=1000(system) DefaultDispatch expire 3 lines
10-11 13:49:42.425  2706  3335 I chatty  : uid=1000(system) DefaultDispatch expire 12 lines
10-11 13:49:42.561  2706  2763 I chatty  : uid=1000(system) RILRemoteReceiv expire 4 lines
10-11 13:49:42.562  2706  2760 I chatty  : uid=1000(system) GotaSystem expire 4 lines
10-11 13:49:42.582  2706  3332 I chatty  : uid=1000(system) DefaultDispatch expire 10 lines
10-11 13:49:43.590  2706  3234 I chatty  : uid=1000(system) DefaultDispatch expire 6 lines
10-11 13:49:43.622  2706  2827 I chatty  : uid=1000(system) LogFile expire 189 lines
10-11 13:49:44.048  2706  3332 I chatty  : uid=1000(system) DefaultDispatch expire 13 lines
10-11 13:49:44.191  2706  2957 I chatty  : uid=1000(system) DefaultDispatch expire 4 lines
10-11 13:49:44.200  2706  3332 W ContextImpl: Calling a method in the system process without a qualified user: android.app.ContextImpl.sendBroadcast:877 android.content.ContextWrapper.sendBroadcast:421 com.gbcom.library_base.udp.MasterApiReceive.processingFileListData:153 com.gbcom.library_base.udp.MasterApiReceive.processingData:60 com.gbcom.library_main.mvvm.viewmodel.MainViewModel$processingMasterApi$1.invokeSuspend:251 
10-11 13:49:44.204  1427  2140 E ActivityManager: Sending non-protected broadcast com.gbcom.action.ACTION_MASTER_FILE_LIST_TASK from system 2706:com.gbcom.metrosystem/1000 pkg com.gbcom.metrosystem
10-11 13:49:44.204  1427  2140 E ActivityManager: java.lang.Throwable
10-11 13:49:44.204  1427  2140 E ActivityManager: 	at com.android.server.am.ActivityManagerService.checkBroadcastFromSystem(ActivityManagerService.java:18272)
10-11 13:49:44.204  1427  2140 E ActivityManager: 	at com.android.server.am.ActivityManagerService.broadcastIntentLocked(ActivityManagerService.java:18753)
10-11 13:49:44.204  1427  2140 E ActivityManager: 	at com.android.server.am.ActivityManagerService.broadcastIntent(ActivityManagerService.java:18935)
10-11 13:49:44.204  1427  2140 E ActivityManager: 	at android.app.ActivityManagerNative.onTransact(ActivityManagerNative.java:499)
10-11 13:49:44.204  1427  2140 E ActivityManager: 	at com.android.server.am.ActivityManagerService.onTransact(ActivityManagerService.java:2869)
10-11 13:49:44.204  1427  2140 E ActivityManager: 	at android.os.Binder.execTransact(Binder.java:565)
10-11 13:49:44.221  1427  2140 E ActivityManager: Sending non-protected broadcast com.gbcom.action.ACTION_MASTER_FILE_LIST_TASK from system 2706:com.gbcom.metrosystem/1000 pkg com.gbcom.metrosystem
10-11 13:49:44.221  1427  2140 E ActivityManager: java.lang.Throwable
10-11 13:49:44.221  1427  2140 E ActivityManager: 	at com.android.server.am.ActivityManagerService.checkBroadcastFromSystem(ActivityManagerService.java:18272)
10-11 13:49:44.221  1427  2140 E ActivityManager: 	at com.android.server.am.ActivityManagerService.broadcastIntentLocked(ActivityManagerService.java:18844)
10-11 13:49:44.221  1427  2140 E ActivityManager: 	at com.android.server.am.ActivityManagerService.broadcastIntent(ActivityManagerService.java:18935)
10-11 13:49:44.221  1427  2140 E ActivityManager: 	at android.app.ActivityManagerNative.onTransact(ActivityManagerNative.java:499)
10-11 13:49:44.221  1427  2140 E ActivityManager: 	at com.android.server.am.ActivityManagerService.onTransact(ActivityManagerService.java:2869)
10-11 13:49:44.221  1427  2140 E ActivityManager: 	at android.os.Binder.execTransact(Binder.java:565)
10-11 13:49:44.243  2706  2706 I chatty  : uid=1000(system) com.gbcom.metrosystem expire 4 lines
10-11 13:49:44.266   660   660 I cnss-daemon: RTM_NEWNEIGH message received: 28
10-11 13:49:44.266   660   660 E cnss-daemon: Stale or unreachable neighbors, ndm state: 4
10-11 13:49:44.562  2706  2763 I chatty  : uid=1000(system) RILRemoteReceiv expire 2 lines
10-11 13:49:44.563  2706  2760 I chatty  : uid=1000(system) GotaSystem expire 2 lines
10-11 13:49:45.237  2706  3341 I chatty  : uid=1000(system) Timer-0 expire 4 lines
10-11 13:49:45.298  2706  2827 I chatty  : uid=1000(system) LogFile expire 173 lines
10-11 13:49:45.325  2706  3234 I chatty  : uid=1000(system) DefaultDispatch expire 8 lines
10-11 13:49:45.327  2706  2706 I chatty  : uid=1000(system) com.gbcom.metrosystem expire 17 lines
10-11 13:49:45.328  2706  3332 I chatty  : uid=1000(system) DefaultDispatch expire 6 lines
10-11 13:49:45.329  2706  3335 I chatty  : uid=1000(system) DefaultDispatch expire 5 lines
10-11 13:49:45.422  2706  3527 I chatty  : uid=1000(system) DefaultDispatch expire 3 lines
10-11 13:49:45.562  2706  2763 I chatty  : uid=1000(system) RILRemoteReceiv expire 2 lines
10-11 13:49:45.563  2706  2760 I chatty  : uid=1000(system) GotaSystem expire 2 lines
10-11 13:49:45.567  2706  3334 I chatty  : uid=1000(system) DefaultDispatch expire 11 lines
10-11 13:49:45.587   791   791 I MSM-irqbalance: Decided to move IRQ188 from CPU0 [P:0] to CPU4 [P:1] (banned)
10-11 13:49:45.589   791   791 I MSM-irqbalance: Decided to move IRQ5 from CPU0 [P:0] to CPU5 [P:1] (banned)
10-11 13:49:45.590   791   791 I MSM-irqbalance: Decided to move IRQ5 from CPU3 [P:0] to CPU6 [P:1] (banned)
10-11 13:49:45.592   791   791 I MSM-irqbalance: Decided to move IRQ5 from CPU2 [P:0] to CPU7 [P:1] (banned)
10-11 13:49:45.593   791   791 I MSM-irqbalance: Decided to move IRQ5 from CPU1 [P:0] to CPU4 [P:1] (banned)
10-11 13:49:45.780  2706  2827 I chatty  : uid=1000(system) LogFile expire 194 lines
10-11 13:49:45.780  2706  3527 I chatty  : uid=1000(system) DefaultDispatch expire 5 lines
10-11 13:49:45.815  2706  2706 I chatty  : uid=1000(system) com.gbcom.metrosystem expire 1 line
10-11 13:49:46.462  2706  2957 I chatty  : uid=1000(system) DefaultDispatch expire 12 lines
10-11 13:49:46.480  2706  3331 I chatty  : uid=1000(system) DefaultDispatch expire 1 line
10-11 13:49:46.528  2706  2827 I chatty  : uid=1000(system) LogFile expire 189 lines
10-11 13:49:46.560  2706  2763 I chatty  : uid=1000(system) RILRemoteReceiv expire 4 lines
10-11 13:49:46.561  2706  2760 I chatty  : uid=1000(system) GotaSystem expire 4 lines
10-11 13:49:46.562  2706  2706 I chatty  : uid=1000(system) com.gbcom.metrosystem expire 5 lines
10-11 13:49:46.578  2706  3527 I chatty  : uid=1000(system) DefaultDispatch expire 12 lines
10-11 13:49:46.622  2706  3334 I chatty  : uid=1000(system) DefaultDispatch expire 1 line
10-11 13:49:46.774  2706  3234 I chatty  : uid=1000(system) DefaultDispatch expire 2 lines
10-11 13:49:48.237  2706  3341 I chatty  : uid=1000(system) Timer-0 expire 4 lines
10-11 13:49:48.272  2706  2827 I chatty  : uid=1000(system) LogFile expire 177 lines
10-11 13:49:48.306  2706  3234 I chatty  : uid=1000(system) DefaultDispatch expire 6 lines
10-11 13:49:48.307  2706  2706 I chatty  : uid=1000(system) com.gbcom.metrosystem expire 15 lines
10-11 13:49:48.309  2706  3527 I chatty  : uid=1000(system) DefaultDispatch expire 8 lines
10-11 13:49:48.344  2706  3334 I chatty  : uid=1000(system) DefaultDispatch expire 6 lines
10-11 13:49:48.561  2706  2763 I chatty  : uid=1000(system) RILRemoteReceiv expire 2 lines
10-11 13:49:48.563  2706  2760 I chatty  : uid=1000(system) GotaSystem expire 11 lines
10-11 13:49:48.582  2706  2827 I chatty  : uid=1000(system) LogFile expire 166 lines
10-11 13:49:48.600  2706  3333 I chatty  : uid=1000(system) DefaultDispatch expire 12 lines
10-11 13:49:48.657  2706  2763 I chatty  : uid=1000(system) RILRemoteReceiv expire 2 lines
10-11 13:49:48.705  2706  2957 I chatty  : uid=1000(system) DefaultDispatch expire 4 lines
10-11 13:49:48.713  2706  3333 W ContextImpl: Calling a method in the system process without a qualified user: android.app.ContextImpl.sendBroadcast:877 android.content.ContextWrapper.sendBroadcast:421 com.gbcom.library_base.udp.MasterApiReceive.processingFileListData:153 com.gbcom.library_base.udp.MasterApiReceive.processingData:60 com.gbcom.library_main.mvvm.viewmodel.MainViewModel$processingMasterApi$1.invokeSuspend:251 
10-11 13:49:48.716  1427  2140 E ActivityManager: Sending non-protected broadcast com.gbcom.action.ACTION_MASTER_FILE_LIST_TASK from system 2706:com.gbcom.metrosystem/1000 pkg com.gbcom.metrosystem
10-11 13:49:48.716  1427  2140 E ActivityManager: java.lang.Throwable
10-11 13:49:48.716  1427  2140 E ActivityManager: 	at com.android.server.am.ActivityManagerService.checkBroadcastFromSystem(ActivityManagerService.java:18272)
10-11 13:49:48.716  1427  2140 E ActivityManager: 	at com.android.server.am.ActivityManagerService.broadcastIntentLocked(ActivityManagerService.java:18753)
10-11 13:49:48.716  1427  2140 E ActivityManager: 	at com.android.server.am.ActivityManagerService.broadcastIntent(ActivityManagerService.java:18935)
10-11 13:49:48.716  1427  2140 E ActivityManager: 	at android.app.ActivityManagerNative.onTransact(ActivityManagerNative.java:499)
10-11 13:49:48.716  1427  2140 E ActivityManager: 	at com.android.server.am.ActivityManagerService.onTransact(ActivityManagerService.java:2869)
10-11 13:49:48.716  1427  2140 E ActivityManager: 	at android.os.Binder.execTransact(Binder.java:565)
10-11 13:49:48.737  1427  2140 E ActivityManager: Sending non-protected broadcast com.gbcom.action.ACTION_MASTER_FILE_LIST_TASK from system 2706:com.gbcom.metrosystem/1000 pkg com.gbcom.metrosystem
10-11 13:49:48.737  1427  2140 E ActivityManager: java.lang.Throwable
10-11 13:49:48.737  1427  2140 E ActivityManager: 	at com.android.server.am.ActivityManagerService.checkBroadcastFromSystem(ActivityManagerService.java:18272)
10-11 13:49:48.737  1427  2140 E ActivityManager: 	at com.android.server.am.ActivityManagerService.broadcastIntentLocked(ActivityManagerService.java:18844)
10-11 13:49:48.737  1427  2140 E ActivityManager: 	at com.android.server.am.ActivityManagerService.broadcastIntent(ActivityManagerService.java:18935)
10-11 13:49:48.737  1427  2140 E ActivityManager: 	at android.app.ActivityManagerNative.onTransact(ActivityManagerNative.java:499)
10-11 13:49:48.737  1427  2140 E ActivityManager: 	at com.android.server.am.ActivityManagerService.onTransact(ActivityManagerService.java:2869)
10-11 13:49:48.737  1427  2140 E ActivityManager: 	at android.os.Binder.execTransact(Binder.java:565)
10-11 13:49:48.760  2706  2706 I chatty  : uid=1000(system) com.gbcom.metrosystem expire 7 lines
10-11 13:49:48.971  2706  3234 I chatty  : uid=1000(system) DefaultDispatch expire 6 lines
10-11 13:49:48.977  2706  3331 I chatty  : uid=1000(system) DefaultDispatch expire 5 lines
10-11 13:49:48.984  2706  3334 I chatty  : uid=1000(system) DefaultDispatch expire 5 lines
10-11 13:49:49.006  2706  2762 I chatty  : uid=1000(system) heartbeat expire 1 line
10-11 13:49:49.016  2706  2827 I chatty  : uid=1000(system) LogFile expire 181 lines
10-11 13:49:49.023  2706  2706 I chatty  : uid=1000(system) com.gbcom.metrosystem expire 7 lines
10-11 13:49:49.103  2706  3334 I chatty  : uid=1000(system) DefaultDispatch expire 10 lines
10-11 13:49:49.144  2706  3331 I chatty  : uid=1000(system) DefaultDispatch expire 2 lines
10-11 13:49:49.563  2706  2763 I chatty  : uid=1000(system) RILRemoteReceiv expire 4 lines
10-11 13:49:49.564  2706  2760 I chatty  : uid=1000(system) GotaSystem expire 4 lines
10-11 13:49:50.588   791   791 I MSM-irqbalance: Decided to move IRQ188 from CPU0 [P:0] to CPU4 [P:1] (banned)
10-11 13:49:50.590   791   791 I MSM-irqbalance: Decided to move IRQ5 from CPU0 [P:0] to CPU5 [P:1] (banned)
10-11 13:49:50.592   791   791 I MSM-irqbalance: Decided to move IRQ5 from CPU3 [P:0] to CPU6 [P:1] (banned)
10-11 13:49:50.594   791   791 I MSM-irqbalance: Decided to move IRQ5 from CPU2 [P:0] to CPU7 [P:1] (banned)
10-11 13:49:50.596   791   791 I MSM-irqbalance: Decided to move IRQ5 from CPU1 [P:0] to CPU4 [P:1] (banned)
10-11 13:49:51.238  2706  3341 I chatty  : uid=1000(system) Timer-0 expire 4 lines
10-11 13:49:51.293  2706  3234 I chatty  : uid=1000(system) DefaultDispatch expire 11 lines
10-11 13:49:51.326  2706  2827 I chatty  : uid=1000(system) LogFile expire 162 lines
10-11 13:49:51.326  2706  3334 I chatty  : uid=1000(system) DefaultDispatch expire 13 lines
10-11 13:49:51.326  2706  2706 I chatty  : uid=1000(system) com.gbcom.metrosystem expire 15 lines
10-11 13:49:51.327  2706  3331 I chatty  : uid=1000(system) DefaultDispatch expire 4 lines
10-11 13:49:51.432  2706  3333 I chatty  : uid=1000(system) DefaultDispatch expire 1 line
10-11 13:49:51.570  2706  2763 I chatty  : uid=1000(system) RILRemoteReceiv expire 2 lines
10-11 13:49:51.571  2706  2760 I chatty  : uid=1000(system) GotaSystem expire 2 lines
10-11 13:49:52.157  2706  2957 I chatty  : uid=1000(system) DefaultDispatch expire 12 lines
10-11 13:49:52.184  2706  3334 I chatty  : uid=1000(system) DefaultDispatch expire 5 lines
10-11 13:49:52.184  2706  3234 I chatty  : uid=1000(system) DefaultDispatch expire 1 line
10-11 13:49:52.185  2706  2706 I chatty  : uid=1000(system) com.gbcom.metrosystem expire 4 lines
10-11 13:49:52.185  2706  3331 I chatty  : uid=1000(system) DefaultDispatch expire 4 lines
10-11 13:49:52.187  2706  3335 I chatty  : uid=1000(system) DefaultDispatch expire 5 lines
10-11 13:49:52.188  2706  2827 I chatty  : uid=1000(system) LogFile expire 195 lines
10-11 13:49:52.563  2706  2763 I chatty  : uid=1000(system) RILRemoteReceiv expire 2 lines
10-11 13:49:52.564  2706  2760 I chatty  : uid=1000(system) GotaSystem expire 2 lines
10-11 13:49:52.581  2706  2827 D LogWriteUtil.class=LogFileHandlerThread.class: 2getCurrentFileName: index=3, LogWriteUtil.logfile=app.log, getFileNameSuffix=2
10-11 13:49:52.583  2706  2827 D LogWriteUtil.class=LogFileHandlerThread.class: 1getFilePath: logFormat=2022-10-11, LogWriteUtil.logPathDir=/custom/metro/log
10-11 13:49:52.583  2706  2827 D LogWriteUtil.class=LogFileHandlerThread.class: 2getFilePath: filePath=/custom/metro/log/2022-10-11
10-11 13:49:52.584  2706  2827 D LogWriteUtil.class=LogFileHandlerThread.class: getFileNameSuffix: file=/custom/metro/log/2022-10-11
10-11 13:49:52.585  2706  2827 D LogWriteUtil.class=LogFileHandlerThread.class: 3getCurrentFileName: logFileName=app2.log
10-11 13:49:52.585  2706  2827 D LogWriteUtil.class=LogFileHandlerThread.class: 1getCurrentFileName: LogWriteUtil.logfile=app.log
10-11 13:49:52.587  2706  2827 D LogWriteUtil.class=LogFileHandlerThread.class: 1getFilePath: logFormat=2022-10-11, LogWriteUtil.logPathDir=/custom/metro/log
10-11 13:49:52.588  2706  2827 D LogWriteUtil.class=LogFileHandlerThread.class: 2getFilePath: filePath=/custom/metro/log/2022-10-11
10-11 13:49:52.588  2706  2827 D LogWriteUtil.class=LogFileHandlerThread.class: getFileNameSuffix: file=/custom/metro/log/2022-10-11
10-11 13:49:52.589  2706  2827 D LogWriteUtil.class=LogFileHandlerThread.class: 2getCurrentFileName: index=3, LogWriteUtil.logfile=app.log, getFileNameSuffix=2
10-11 13:49:52.591  2706  2827 D LogWriteUtil.class=LogFileHandlerThread.class: 1getFilePath: logFormat=2022-10-11, LogWriteUtil.logPathDir=/custom/metro/log
10-11 13:49:52.591  2706  2827 D LogWriteUtil.class=LogFileHandlerThread.class: 2getFilePath: filePath=/custom/metro/log/2022-10-11
10-11 13:49:52.591  2706  2827 D LogWriteUtil.class=LogFileHandlerThread.class: getFileNameSuffix: file=/custom/metro/log/2022-10-11
10-11 13:49:52.592  2706  2827 D LogWriteUtil.class=LogFileHandlerThread.class: 3getCurrentFileName: logFileName=app2.log
10-11 13:49:52.592  2706  2827 D TAG     : 2,initFile: /custom/metro/log/2022-10-11/app2.log, logFile.length=80065, getCurrentFileName()=app2.log, writeFileName=/custom/metro/log/2022-10-11/app1.log
10-11 13:49:52.593  2706  2827 D LogWriteUtil.class=LogFileHandlerThread.class: 8,initFile: logFile=/custom/metro/log/2022-10-11/app2.log, logFile.length=80065
10-11 13:49:52.639  2706  3335 D MainViewModel: getSystemTime_currentThreadID2: 110
10-11 13:49:52.685  2706  3335 D TAG     : getSystemTime_currentThreadID3s: 110, isActive=true
10-11 13:49:52.777   660   660 I cnss-daemon: RTM_NEWNEIGH message received: 28
10-11 13:49:52.777   660   660 E cnss-daemon: Stale or unreachable neighbors, ndm state: 4
10-11 13:49:53.062  2706  2762 D LTERILJ : connection poll ping return 0
10-11 13:49:53.144  2706  3335 D MainViewModel: getSystemTime_currentThreadID2: 110
10-11 13:49:53.189  2706  3335 D TAG     : getSystemTime_currentThreadID3s: 110, isActive=true
10-11 13:49:53.561  2706  2763 I rilj    : EMCI Detial(CellId--->Tav): 5378,255,2,"460702",255,65535,59,65535,255,255,60,27,16,255,1185411028021,0,0,0,0,0,0,0,0
10-11 13:49:53.561  2706  2763 D LTERILJ : [UNSL]< RIL_UNSOL_NOTIFY_EMCI_DETAIL
10-11 13:49:53.562  2706  2760 D LTEPhone: EVENT_FOR_EMCI_DETAIL
10-11 13:49:53.562  2706  2760 D LTEServiceTracker: setCellId cellId:5378,"460702"
10-11 13:49:53.564  2706  2706 I APP_LogUtils.kt: [(LogUtils.kt:50).i()] [com.gbcom.library_base.service.LLteService] lte_resp_sys_for_emci_detail - EmciDetail=com.ztegota.system.common.EmciDetail@dd98d93
10-11 13:49:53.566  2706  2827 D LogWriteUtil.class=LogFileHandlerThread.class: 1getFilePath: logFormat=2022-10-11, LogWriteUtil.logPathDir=/custom/metro/log
10-11 13:49:53.566  2706  2827 D LogWriteUtil.class=LogFileHandlerThread.class: 2getFilePath: filePath=/custom/metro/log/2022-10-11
10-11 13:49:53.566  2706  2827 D LogWriteUtil.class=LogFileHandlerThread.class: 1getCurrentFileName: LogWriteUtil.logfile=app.log
10-11 13:49:53.567  2706  2827 D LogWriteUtil.class=LogFileHandlerThread.class: 1getFilePath: logFormat=2022-10-11, LogWriteUtil.logPathDir=/custom/metro/log
10-11 13:49:53.567  2706  2827 D LogWriteUtil.class=LogFileHandlerThread.class: 2getFilePath: filePath=/custom/metro/log/2022-10-11
10-11 13:49:53.568  2706  2827 D LogWriteUtil.class=LogFileHandlerThread.class: getFileNameSuffix: file=/custom/metro/log/2022-10-11
10-11 13:49:53.568  2706  2827 D LogWriteUtil.class=LogFileHandlerThread.class: 2getCurrentFileName: index=3, LogWriteUtil.logfile=app.log, getFileNameSuffix=2
10-11 13:49:53.570  2706  2827 D LogWriteUtil.class=LogFileHandlerThread.class: 1getFilePath: logFormat=2022-10-11, LogWriteUtil.logPathDir=/custom/metro/log
10-11 13:49:53.570  2706  2827 D LogWriteUtil.class=LogFileHandlerThread.class: 2getFilePath: filePath=/custom/metro/log/2022-10-11
10-11 13:49:53.571  2706  2827 D LogWriteUtil.class=LogFileHandlerThread.class: getFileNameSuffix: file=/custom/metro/log/2022-10-11
10-11 13:49:53.571  2706  2827 D LogWriteUtil.class=LogFileHandlerThread.class: 3getCurrentFileName: logFileName=app2.log
10-11 13:49:53.571  2706  2827 D LogWriteUtil.class=LogFileHandlerThread.class: 1,initFile: getFilePath()=/custom/metro/log/2022-10-11, getCurrentFileName=app2.log
10-11 13:49:53.572  2706  2827 D LogWriteUtil.class=LogFileHandlerThread.class: 1getFilePath: logFormat=2022-10-11, LogWriteUtil.logPathDir=/custom/metro/log
10-11 13:49:53.573  2706  2827 D LogWriteUtil.class=LogFileHandlerThread.class: 2getFilePath: filePath=/custom/metro/log/2022-10-11
10-11 13:49:53.573  2706  2827 D LogWriteUtil.class=LogFileHandlerThread.class: 1getCurrentFileName: LogWriteUtil.logfile=app.log
10-11 13:49:53.574  2706  2827 D LogWriteUtil.class=LogFileHandlerThread.class: 1getFilePath: logFormat=2022-10-11, LogWriteUtil.logPathDir=/custom/metro/log
10-11 13:49:53.574  2706  2827 D LogWriteUtil.class=LogFileHandlerThread.class: 2getFilePath: filePath=/custom/metro/log/2022-10-11
10-11 13:49:53.575  2706  2827 D LogWriteUtil.class=LogFileHandlerThread.class: getFileNameSuffix: file=/custom/metro/log/2022-10-11
10-11 13:49:53.576  2706  2827 D LogWriteUtil.class=LogFileHandlerThread.class: 2getCurrentFileName: index=3, LogWriteUtil.logfile=app.log, getFileNameSuffix=2
10-11 13:49:53.577  2706  2827 D LogWriteUtil.class=LogFileHandlerThread.class: 1getFilePath: logFormat=2022-10-11, LogWriteUtil.logPathDir=/custom/metro/log
10-11 13:49:53.577  2706  2827 D LogWriteUtil.class=LogFileHandlerThread.class: 2getFilePath: filePath=/custom/metro/log/2022-10-11
10-11 13:49:53.578  2706  2827 D LogWriteUtil.class=LogFileHandlerThread.class: getFileNameSuffix: file=/custom/metro/log/2022-10-11
10-11 13:49:53.578  2706  2827 D LogWriteUtil.class=LogFileHandlerThread.class: 3getCurrentFileName: logFileName=app2.log
10-11 13:49:53.579  2706  2827 D LogWriteUtil.class=LogFileHandlerThread.class: 1getCurrentFileName: LogWriteUtil.logfile=app.log
10-11 13:49:53.580  2706  2827 D LogWriteUtil.class=LogFileHandlerThread.class: 1getFilePath: logFormat=2022-10-11, LogWriteUtil.logPathDir=/custom/metro/log
10-11 13:49:53.580  2706  2827 D LogWriteUtil.class=LogFileHandlerThread.class: 2getFilePath: filePath=/custom/metro/log/2022-10-11
10-11 13:49:53.580  2706  2827 D LogWriteUtil.class=LogFileHandlerThread.class: getFileNameSuffix: file=/custom/metro/log/2022-10-11
10-11 13:49:53.581  2706  2827 D LogWriteUtil.class=LogFileHandlerThread.class: 2getCurrentFileName: index=3, LogWriteUtil.logfile=app.log, getFileNameSuffix=2
10-11 13:49:53.582  2706  2827 D LogWriteUtil.class=LogFileHandlerThread.class: 1getFilePath: logFormat=2022-10-11, LogWriteUtil.logPathDir=/custom/metro/log
10-11 13:49:53.582  2706  2827 D LogWriteUtil.class=LogFileHandlerThread.class: 2getFilePath: filePath=/custom/metro/log/2022-10-11
10-11 13:49:53.582  2706  2827 D LogWriteUtil.class=LogFileHandlerThread.class: getFileNameSuffix: file=/custom/metro/log/2022-10-11
10-11 13:49:53.583  2706  2827 D LogWriteUtil.class=LogFileHandlerThread.class: 3getCurrentFileName: logFileName=app2.log
10-11 13:49:53.583  2706  2827 D TAG     : 2,initFile: /custom/metro/log/2022-10-11/app2.log, logFile.length=80065, getCurrentFileName()=app2.log, writeFileName=/custom/metro/log/2022-10-11/app1.log
10-11 13:49:53.583  2706  2827 D LogWriteUtil.class=LogFileHandlerThread.class: 8,initFile: logFile=/custom/metro/log/2022-10-11/app2.log, logFile.length=80065
10-11 13:49:53.649  2706  3335 D MainViewModel: getSystemTime_currentThreadID2: 110
10-11 13:49:53.692  2706  3335 D TAG     : getSystemTime_currentThreadID3s: 110, isActive=true
10-11 13:49:54.154  2706  3335 D MainViewModel: getSystemTime_currentThreadID2: 110
10-11 13:49:54.198  2706  3335 D TAG     : getSystemTime_currentThreadID3s: 110, isActive=true
10-11 13:49:54.238  2706  3341 D UdpDcRepository: api send - Thread ID=116, obj={"MsgName":"GetStationATSReq","MsgSeqID":308,"AppID":"172.2.200.12","MsgInfo":{}}
10-11 13:49:54.242  2706  3341 I APP_LogUtils.kt: [(LogUtils.kt:50).i()] [UdpDisServices] start: send(String) - thread ID=116, send msg={"MsgName":"GetStationATSReq","MsgSeqID":308,"AppID":"172.2.200.12","MsgInfo":{}}
10-11 13:49:54.244  2706  3341 D UdpDcRepository: api send - Thread ID=116, obj={"MsgName":"AppHeartbeat","MsgSeqID":309,"AppID":"172.2.200.12","MsgInfo":{"SDKLongNumber":"+866022012"}}
10-11 13:49:54.244  2706  2827 D LogWriteUtil.class=LogFileHandlerThread.class: 1getFilePath: logFormat=2022-10-11, LogWriteUtil.logPathDir=/custom/metro/log
10-11 13:49:54.245  2706  2827 D LogWriteUtil.class=LogFileHandlerThread.class: 2getFilePath: filePath=/custom/metro/log/2022-10-11
10-11 13:49:54.245  2706  2827 D LogWriteUtil.class=LogFileHandlerThread.class: 1getCurrentFileName: LogWriteUtil.logfile=app.log
10-11 13:49:54.246  2706  2827 D LogWriteUtil.class=LogFileHandlerThread.class: 1getFilePath: logFormat=2022-10-11, LogWriteUtil.logPathDir=/custom/metro/log
10-11 13:49:54.247  2706  2827 D LogWriteUtil.class=LogFileHandlerThread.class: 2getFilePath: filePath=/custom/metro/log/2022-10-11
10-11 13:49:54.247  2706  2827 D LogWriteUtil.class=LogFileHandlerThread.class: getFileNameSuffix: file=/custom/metro/log/2022-10-11
10-11 13:49:54.248  2706  2827 D LogWriteUtil.class=LogFileHandlerThread.class: 2getCurrentFileName: index=3, LogWriteUtil.logfile=app.log, getFileNameSuffix=2
10-11 13:49:54.249  2706  3341 I APP_LogUtils.kt: [(LogUtils.kt:50).i()] [UdpDisServices] start: send(String) - thread ID=116, send msg={"MsgName":"AppHeartbeat","MsgSeqID":309,"AppID":"172.2.200.12","MsgInfo":{"SDKLongNumber":"+866022012"}}
10-11 13:49:54.250  2706  2827 D LogWriteUtil.class=LogFileHandlerThread.class: 1getFilePath: logFormat=2022-10-11, LogWriteUtil.logPathDir=/custom/metro/log
10-11 13:49:54.250  2706  2827 D LogWriteUtil.class=LogFileHandlerThread.class: 2getFilePath: filePath=/custom/metro/log/2022-10-11
10-11 13:49:54.251  2706  2827 D LogWriteUtil.class=LogFileHandlerThread.class: getFileNameSuffix: file=/custom/metro/log/2022-10-11
10-11 13:49:54.252  2706  2827 D LogWriteUtil.class=LogFileHandlerThread.class: 3getCurrentFileName: logFileName=app2.log
10-11 13:49:54.252  2706  2827 D LogWriteUtil.class=LogFileHandlerThread.class: 1,initFile: getFilePath()=/custom/metro/log/2022-10-11, getCurrentFileName=app2.log
10-11 13:49:54.253  2706  2827 D LogWriteUtil.class=LogFileHandlerThread.class: 1getFilePath: logFormat=2022-10-11, LogWriteUtil.logPathDir=/custom/metro/log
10-11 13:49:54.253  2706  2827 D LogWriteUtil.class=LogFileHandlerThread.class: 2getFilePath: filePath=/custom/metro/log/2022-10-11
10-11 13:49:54.254  2706  2827 D LogWriteUtil.class=LogFileHandlerThread.class: 1getCurrentFileName: LogWriteUtil.logfile=app.log
10-11 13:49:54.254  2706  2827 D LogWriteUtil.class=LogFileHandlerThread.class: 1getFilePath: logFormat=2022-10-11, LogWriteUtil.logPathDir=/custom/metro/log
10-11 13:49:54.255  2706  2827 D LogWriteUtil.class=LogFileHandlerThread.class: 2getFilePath: filePath=/custom/metro/log/2022-10-11
10-11 13:49:54.255  2706  2827 D LogWriteUtil.class=LogFileHandlerThread.class: getFileNameSuffix: file=/custom/metro/log/2022-10-11
10-11 13:49:54.255  2706  2827 D LogWriteUtil.class=LogFileHandlerThread.class: 2getCurrentFileName: index=3, LogWriteUtil.logfile=app.log, getFileNameSuffix=2
10-11 13:49:54.257  2706  2827 D LogWriteUtil.class=LogFileHandlerThread.class: 1getFilePath: logFormat=2022-10-11, LogWriteUtil.logPathDir=/custom/metro/log
10-11 13:49:54.257  2706  2827 D LogWriteUtil.class=LogFileHandlerThread.class: 2getFilePath: filePath=/custom/metro/log/2022-10-11
10-11 13:49:54.257  2706  2827 D LogWriteUtil.class=LogFileHandlerThread.class: getFileNameSuffix: file=/custom/metro/log/2022-10-11
10-11 13:49:54.257  2706  2827 D LogWriteUtil.class=LogFileHandlerThread.class: 3getCurrentFileName: logFileName=app2.log
10-11 13:49:54.258  2706  2827 D LogWriteUtil.class=LogFileHandlerThread.class: 1getCurrentFileName: LogWriteUtil.logfile=app.log
10-11 13:49:54.259  2706  2827 D LogWriteUtil.class=LogFileHandlerThread.class: 1getFilePath: logFormat=2022-10-11, LogWriteUtil.logPathDir=/custom/metro/log
