10-12 14:08:21.220  6346  7575 D TAG     : getSystemTime_currentThreadID3s: 323, isActive=true
10-12 14:08:21.698  6346  7575 D MainViewModel: getSystemTime_currentThreadID2: 323
10-12 14:08:21.728  6346  7575 D TAG     : getSystemTime_currentThreadID3s: 323, isActive=true
10-12 14:08:21.916  6346  6403 I rilj    : EMCI Detial(CellId--->Tav): 5889,255,2,"46009",255,65535,59,65535,255,255,56,32,16,255,1202590897205,0,0,0,0,0,0,0,0
10-12 14:08:21.916  6346  6403 D LTERILJ : [UNSL]< RIL_UNSOL_NOTIFY_EMCI_DETAIL
10-12 14:08:21.917  6346  6400 D LTEPhone: EVENT_FOR_EMCI_DETAIL
10-12 14:08:21.917  6346  6400 D LTEServiceTracker: setCellId cellId:5889,"46009"
10-12 14:08:21.919  6346  6346 I APP_LogUtils.kt: [(LogUtils.kt:50).i()] [com.gbcom.library_base.service.LLteService] lte_resp_sys_for_emci_detail - EmciDetail=com.ztegota.system.common.EmciDetail@439a721
10-12 14:08:21.921  6346  6368 D LogWriteUtil.class=LogFileHandlerThread.class: 1getFilePath: logFormat=2022-10-12, LogWriteUtil.logPathDir=/custom/metro/log
10-12 14:08:21.921  6346  6368 D LogWriteUtil.class=LogFileHandlerThread.class: 2getFilePath: filePath=/custom/metro/log/2022-10-12
10-12 14:08:21.921  6346  6368 D LogWriteUtil.class=LogFileHandlerThread.class: 1getCurrentFileName: LogWriteUtil.logfile=app.log
10-12 14:08:21.922  6346  6368 D LogWriteUtil.class=LogFileHandlerThread.class: 1getFilePath: logFormat=2022-10-12, LogWriteUtil.logPathDir=/custom/metro/log
10-12 14:08:21.922  6346  6368 D LogWriteUtil.class=LogFileHandlerThread.class: 2getFilePath: filePath=/custom/metro/log/2022-10-12
10-12 14:08:21.922  6346  6368 D LogWriteUtil.class=LogFileHandlerThread.class: getFileNameSuffix: file=/custom/metro/log/2022-10-12
10-12 14:08:21.923  6346  6368 D LogWriteUtil.class=LogFileHandlerThread.class: 2getCurrentFileName: index=3, LogWriteUtil.logfile=app.log, getFileNameSuffix=26
10-12 14:08:21.924  6346  6368 D LogWriteUtil.class=LogFileHandlerThread.class: 1getFilePath: logFormat=2022-10-12, LogWriteUtil.logPathDir=/custom/metro/log
10-12 14:08:21.924  6346  6368 D LogWriteUtil.class=LogFileHandlerThread.class: 2getFilePath: filePath=/custom/metro/log/2022-10-12
10-12 14:08:21.924  6346  6368 D LogWriteUtil.class=LogFileHandlerThread.class: getFileNameSuffix: file=/custom/metro/log/2022-10-12
10-12 14:08:21.926  6346  6368 D LogWriteUtil.class=LogFileHandlerThread.class: 3getCurrentFileName: logFileName=app26.log
10-12 14:08:21.926  6346  6368 D LogWriteUtil.class=LogFileHandlerThread.class: 1,initFile: getFilePath()=/custom/metro/log/2022-10-12, getCurrentFileName=app26.log
10-12 14:08:21.927  6346  6368 D LogWriteUtil.class=LogFileHandlerThread.class: 1getFilePath: logFormat=2022-10-12, LogWriteUtil.logPathDir=/custom/metro/log
10-12 14:08:21.927  6346  6368 D LogWriteUtil.class=LogFileHandlerThread.class: 2getFilePath: filePath=/custom/metro/log/2022-10-12
10-12 14:08:21.928  6346  6368 D LogWriteUtil.class=LogFileHandlerThread.class: 1getCurrentFileName: LogWriteUtil.logfile=app.log
10-12 14:08:21.929  6346  6420 D UdpDisServices: udp receive - api receive data disApi, udp service id=213  - udp.packet.address=/172.2.208.8, udp.pack.socketAddress=/172.2.208.8:64002, udp.port=64002- running=true - message={"MsgSeqID":16855,"MsgName":"GetStationATSRsp","MsgInfo":{"Code":10011,"StationATSInfos":[{"TrainGroupNumber":"202","ServiceNumber":"000","TrainCrewNumber":"000","TrainPosition":"1","TrainRunningPosition":"2","RailName":"T1303","StationID":"013","TerminalStationID":"000","DestinationID":"000"},{"TrainGroupNumber":"299","ServiceNumber":"801","TrainCrewNumber":"000","TrainPosition":"1","TrainRunningPosition":"2","RailName":"T1301","StationID":"013","TerminalStationID":"000","DestinationID":"000"}]}}
10-12 14:08:21.929  6346  6368 D LogWriteUtil.class=LogFileHandlerThread.class: 1getFilePath: logFormat=2022-10-12, LogWriteUtil.logPathDir=/custom/metro/log
10-12 14:08:21.930  6346  6368 D LogWriteUtil.class=LogFileHandlerThread.class: 2getFilePath: filePath=/custom/metro/log/2022-10-12
10-12 14:08:21.930  6346  6368 D LogWriteUtil.class=LogFileHandlerThread.class: getFileNameSuffix: file=/custom/metro/log/2022-10-12
10-12 14:08:21.931  6346  6368 D LogWriteUtil.class=LogFileHandlerThread.class: 2getCurrentFileName: index=3, LogWriteUtil.logfile=app.log, getFileNameSuffix=26
10-12 14:08:21.931  6346  6420 I APP_LogUtils.kt: [(LogUtils.kt:50).i()] [UdpDisServices] udp receive - api receive data disApi, udp service id=213 - running=true  - ip=/172.2.208.8 - port=64002 - message={"MsgSeqID":16855,"MsgName":"GetStationATSRsp","MsgInfo":{"Code":10011,"StationATSInfos":[{"TrainGroupNumber":"202","ServiceNumber":"000","TrainCrewNumber":"000","TrainPosition":"1","TrainRunningPosition":"2","RailName":"T1303","StationID":"013","TerminalStationID":"000","DestinationID":"000"},{"TrainGroupNumber":"299","ServiceNumber":"801","TrainCrewNumber":"000","TrainPosition":"1","TrainRunningPosition":"2","RailName":"T1301","StationID":"013","TerminalStationID":"000","DestinationID":"000"}]}}
10-12 14:08:21.932  6346  6346 D MainActivity: onMessageEvent  -- gginit: disApi, id=1---event={"MsgSeqID":16855,"MsgName":"GetStationATSRsp","MsgInfo":{"Code":10011,"StationATSInfos":[{"TrainGroupNumber":"202","ServiceNumber":"000","TrainCrewNumber":"000","TrainPosition":"1","TrainRunningPosition":"2","RailName":"T1303","StationID":"013","TerminalStationID":"000","DestinationID":"000"},{"TrainGroupNumber":"299","ServiceNumber":"801","TrainCrewNumber":"000","TrainPosition":"1","TrainRunningPosition":"2","RailName":"T1301","StationID":"013","TerminalStationID":"000","DestinationID":"000"}]}}
10-12 14:08:21.932  6346  6420 D UdpDisServices: udp receive - api receive data disApi, udp service id=213  - udp.packet.address=/172.2.208.8, udp.pack.socketAddress=/172.2.208.8:64002, udp.port=64002- running=true - message={"MsgSeqID":16874,"MsgName":"GetStationATSRsp","MsgInfo":{"Code":10011,"StationATSInfos":[{"TrainGroupNumber":"202","ServiceNumber":"000","TrainCrewNumber":"000","TrainPosition":"1","TrainRunningPosition":"2","RailName":"T1303","StationID":"013","TerminalStationID":"000","DestinationID":"000"},{"TrainGroupNumber":"299","ServiceNumber":"801","TrainCrewNumber":"000","TrainPosition":"1","TrainRunningPosition":"2","RailName":"T1301","StationID":"013","TerminalStationID":"000","DestinationID":"000"}]}}
10-12 14:08:21.932  6346  6368 D LogWriteUtil.class=LogFileHandlerThread.class: 1getFilePath: logFormat=2022-10-12, LogWriteUtil.logPathDir=/custom/metro/log
10-12 14:08:21.932  6346  6346 D MainViewModel: 1processDisApi: disApi, id=1
10-12 14:08:21.932  6346  6368 D LogWriteUtil.class=LogFileHandlerThread.class: 2getFilePath: filePath=/custom/metro/log/2022-10-12
10-12 14:08:21.933  6346  6368 D LogWriteUtil.class=LogFileHandlerThread.class: getFileNameSuffix: file=/custom/metro/log/2022-10-12
10-12 14:08:21.934  6346  6368 D LogWriteUtil.class=LogFileHandlerThread.class: 3getCurrentFileName: logFileName=app26.log
10-12 14:08:21.934  6346  6420 I APP_LogUtils.kt: [(LogUtils.kt:50).i()] [UdpDisServices] udp receive - api receive data disApi, udp service id=213 - running=true  - ip=/172.2.208.8 - port=64002 - message={"MsgSeqID":16874,"MsgName":"GetStationATSRsp","MsgInfo":{"Code":10011,"StationATSInfos":[{"TrainGroupNumber":"202","ServiceNumber":"000","TrainCrewNumber":"000","TrainPosition":"1","TrainRunningPosition":"2","RailName":"T1303","StationID":"013","TerminalStationID":"000","DestinationID":"000"},{"TrainGroupNumber":"299","ServiceNumber":"801","TrainCrewNumber":"000","TrainPosition":"1","TrainRunningPosition":"2","RailName":"T1301","StationID":"013","TerminalStationID":"000","DestinationID":"000"}]}}
10-12 14:08:21.934  6346  7575 D DisApiSingletonReceive: processingData: disApi, id=323 - data={"MsgSeqID":16855,"MsgName":"GetStationATSRsp","MsgInfo":{"Code":10011,"StationATSInfos":[{"TrainGroupNumber":"202","ServiceNumber":"000","TrainCrewNumber":"000","TrainPosition":"1","TrainRunningPosition":"2","RailName":"T1303","StationID":"013","TerminalStationID":"000","DestinationID":"000"},{"TrainGroupNumber":"299","ServiceNumber":"801","TrainCrewNumber":"000","TrainPosition":"1","TrainRunningPosition":"2","RailName":"T1301","StationID":"013","TerminalStationID":"000","DestinationID":"000"}]}}
10-12 14:08:21.934  6346  6368 D LogWriteUtil.class=LogFileHandlerThread.class: 1getCurrentFileName: LogWriteUtil.logfile=app.log
10-12 14:08:21.935  6346  6346 D MainActivity: onMessageEvent  -- gginit: disApi, id=1---event={"MsgSeqID":16874,"MsgName":"GetStationATSRsp","MsgInfo":{"Code":10011,"StationATSInfos":[{"TrainGroupNumber":"202","ServiceNumber":"000","TrainCrewNumber":"000","TrainPosition":"1","TrainRunningPosition":"2","RailName":"T1303","StationID":"013","TerminalStationID":"000","DestinationID":"000"},{"TrainGroupNumber":"299","ServiceNumber":"801","TrainCrewNumber":"000","TrainPosition":"1","TrainRunningPosition":"2","RailName":"T1301","StationID":"013","TerminalStationID":"000","DestinationID":"000"}]}}
10-12 14:08:21.935  6346  6420 D UdpDisServices: udp receive - api receive data disApi, udp service id=213  - udp.packet.address=/172.2.208.8, udp.pack.socketAddress=/172.2.208.8:64002, udp.port=64002- running=true - message={"MsgSeqID":16895,"MsgName":"GetStationATSRsp","MsgInfo":{"Code":10011,"StationATSInfos":[{"TrainGroupNumber":"202","ServiceNumber":"000","TrainCrewNumber":"000","TrainPosition":"1","TrainRunningPosition":"2","RailName":"T1303","StationID":"013","TerminalStationID":"000","DestinationID":"000"},{"TrainGroupNumber":"299","ServiceNumber":"801","TrainCrewNumber":"000","TrainPosition":"1","TrainRunningPosition":"2","RailName":"T1301","StationID":"013","TerminalStationID":"000","DestinationID":"000"}]}}
10-12 14:08:21.935  6346  6346 D MainViewModel: 1processDisApi: disApi, id=1
10-12 14:08:21.937  6346  7913 D DisApiSingletonReceive: processingData: disApi, id=358 - data={"MsgSeqID":16874,"MsgName":"GetStationATSRsp","MsgInfo":{"Code":10011,"StationATSInfos":[{"TrainGroupNumber":"202","ServiceNumber":"000","TrainCrewNumber":"000","TrainPosition":"1","TrainRunningPosition":"2","RailName":"T1303","StationID":"013","TerminalStationID":"000","DestinationID":"000"},{"TrainGroupNumber":"299","ServiceNumber":"801","TrainCrewNumber":"000","TrainPosition":"1","TrainRunningPosition":"2","RailName":"T1301","StationID":"013","TerminalStationID":"000","DestinationID":"000"}]}}
10-12 14:08:21.937  6346  6368 D LogWriteUtil.class=LogFileHandlerThread.class: 1getFilePath: logFormat=2022-10-12, LogWriteUtil.logPathDir=/custom/metro/log
10-12 14:08:21.937  6346  6368 D LogWriteUtil.class=LogFileHandlerThread.class: 2getFilePath: filePath=/custom/metro/log/2022-10-12
10-12 14:08:21.938  6346  6368 D LogWriteUtil.class=LogFileHandlerThread.class: getFileNameSuffix: file=/custom/metro/log/2022-10-12
10-12 14:08:21.938  6346  7575 D DisApiSingletonReceive: parseStationAtsData: atsInfo=com.gbcom.library_base.data.StationAtsApiData@1fe6746
10-12 14:08:21.938  6346  6368 D LogWriteUtil.class=LogFileHandlerThread.class: 2getCurrentFileName: index=3, LogWriteUtil.logfile=app.log, getFileNameSuffix=26
10-12 14:08:21.939  6346  7575 D BtrunCConfig: isR2Nubmer is true
10-12 14:08:21.939  6346  6420 I APP_LogUtils.kt: [(LogUtils.kt:50).i()] [UdpDisServices] udp receive - api receive data disApi, udp service id=213 - running=true  - ip=/172.2.208.8 - port=64002 - message={"MsgSeqID":16895,"MsgName":"GetStationATSRsp","MsgInfo":{"Code":10011,"StationATSInfos":[{"TrainGroupNumber":"202","ServiceNumber":"000","TrainCrewNumber":"000","TrainPosition":"1","TrainRunningPosition":"2","RailName":"T1303","StationID":"013","TerminalStationID":"000","DestinationID":"000"},{"TrainGroupNumber":"299","ServiceNumber":"801","TrainCrewNumber":"000","TrainPosition":"1","TrainRunningPosition":"2","RailName":"T1301","StationID":"013","TerminalStationID":"000","DestinationID":"000"}]}}
10-12 14:08:21.939  6346  7575 D com.ztegota.system.GotaSystem: getMdn +866022013
10-12 14:08:21.939  6346  7575 D TAG     : getUserId: userId2=+866022013
10-12 14:08:21.939  6346  7575 D BtrunCConfig: isR2Nubmer is true
10-12 14:08:21.939  6346  7575 D com.ztegota.system.GotaSystem: getMdn +866022013
10-12 14:08:21.939  6346  7575 D TAG     : getUserId: userId2=+866022013
10-12 14:08:21.939  6346  7913 D DisApiSingletonReceive: parseStationAtsData: atsInfo=com.gbcom.library_base.data.StationAtsApiData@2ed7d07
10-12 14:08:21.939  6346  6368 D LogWriteUtil.class=LogFileHandlerThread.class: 1getFilePath: logFormat=2022-10-12, LogWriteUtil.logPathDir=/custom/metro/log
10-12 14:08:21.939  6346  6368 D LogWriteUtil.class=LogFileHandlerThread.class: 2getFilePath: filePath=/custom/metro/log/2022-10-12
10-12 14:08:21.940  6346  7913 D BtrunCConfig: isR2Nubmer is true
10-12 14:08:21.940  6346  6368 D LogWriteUtil.class=LogFileHandlerThread.class: getFileNameSuffix: file=/custom/metro/log/2022-10-12
10-12 14:08:21.940  6346  7913 D com.ztegota.system.GotaSystem: getMdn +866022013
10-12 14:08:21.940  6346  7913 D TAG     : getUserId: userId2=+866022013
10-12 14:08:21.940  6346  6346 D MainActivity: onMessageEvent  -- gginit: disApi, id=1---event={"MsgSeqID":16895,"MsgName":"GetStationATSRsp","MsgInfo":{"Code":10011,"StationATSInfos":[{"TrainGroupNumber":"202","ServiceNumber":"000","TrainCrewNumber":"000","TrainPosition":"1","TrainRunningPosition":"2","RailName":"T1303","StationID":"013","TerminalStationID":"000","DestinationID":"000"},{"TrainGroupNumber":"299","ServiceNumber":"801","TrainCrewNumber":"000","TrainPosition":"1","TrainRunningPosition":"2","RailName":"T1301","StationID":"013","TerminalStationID":"000","DestinationID":"000"}]}}
10-12 14:08:21.940  6346  7913 D BtrunCConfig: isR2Nubmer is true
10-12 14:08:21.940  6346  6346 D MainViewModel: 1processDisApi: disApi, id=1
10-12 14:08:21.940  6346  7913 D com.ztegota.system.GotaSystem: getMdn +866022013
10-12 14:08:21.940  6346  7913 D TAG     : getUserId: userId2=+866022013
10-12 14:08:21.941  6346  6368 D LogWriteUtil.class=LogFileHandlerThread.class: 3getCurrentFileName: logFileName=app26.log
10-12 14:08:21.941  6346  6368 D TAG     : 2,initFile: /custom/metro/log/2022-10-12/app26.log, logFile.length=7965, getCurrentFileName()=app26.log, writeFileName=/custom/metro/log/2022-10-12/app26.log
10-12 14:08:21.941  6346  7733 D DisApiSingletonReceive: processingData: disApi, id=336 - data={"MsgSeqID":16895,"MsgName":"GetStationATSRsp","MsgInfo":{"Code":10011,"StationATSInfos":[{"TrainGroupNumber":"202","ServiceNumber":"000","TrainCrewNumber":"000","TrainPosition":"1","TrainRunningPosition":"2","RailName":"T1303","StationID":"013","TerminalStationID":"000","DestinationID":"000"},{"TrainGroupNumber":"299","ServiceNumber":"801","TrainCrewNumber":"000","TrainPosition":"1","TrainRunningPosition":"2","RailName":"T1301","StationID":"013","TerminalStationID":"000","DestinationID":"000"}]}}
10-12 14:08:21.941  6346  6368 D LogWriteUtil.class=LogFileHandlerThread.class: 8,initFile: logFile=/custom/metro/log/2022-10-12/app26.log, logFile.length=7965
10-12 14:08:21.943  6346  6368 D LogWriteUtil.class=LogFileHandlerThread.class: 1getFilePath: logFormat=2022-10-12, LogWriteUtil.logPathDir=/custom/metro/log
10-12 14:08:21.943  6346  6368 D LogWriteUtil.class=LogFileHandlerThread.class: 2getFilePath: filePath=/custom/metro/log/2022-10-12
10-12 14:08:21.943  6346  6368 D LogWriteUtil.class=LogFileHandlerThread.class: 1getCurrentFileName: LogWriteUtil.logfile=app.log
10-12 14:08:21.944  6346  7733 D DisApiSingletonReceive: parseStationAtsData: atsInfo=com.gbcom.library_base.data.StationAtsApiData@5a08e34
10-12 14:08:21.944  6346  6368 D LogWriteUtil.class=LogFileHandlerThread.class: 1getFilePath: logFormat=2022-10-12, LogWriteUtil.logPathDir=/custom/metro/log
10-12 14:08:21.944  6346  6368 D LogWriteUtil.class=LogFileHandlerThread.class: 2getFilePath: filePath=/custom/metro/log/2022-10-12
10-12 14:08:21.944  6346  7733 D BtrunCConfig: isR2Nubmer is true
10-12 14:08:21.944  6346  7733 D com.ztegota.system.GotaSystem: getMdn +866022013
10-12 14:08:21.944  6346  7733 D TAG     : getUserId: userId2=+866022013
10-12 14:08:21.944  6346  6368 D LogWriteUtil.class=LogFileHandlerThread.class: getFileNameSuffix: file=/custom/metro/log/2022-10-12
10-12 14:08:21.944  6346  7733 D BtrunCConfig: isR2Nubmer is true
10-12 14:08:21.944  6346  7733 D com.ztegota.system.GotaSystem: getMdn +866022013
10-12 14:08:21.945  6346  7733 D TAG     : getUserId: userId2=+866022013
10-12 14:08:21.945  6346  6368 D LogWriteUtil.class=LogFileHandlerThread.class: 2getCurrentFileName: index=3, LogWriteUtil.logfile=app.log, getFileNameSuffix=26
10-12 14:08:21.947  6346  6368 D LogWriteUtil.class=LogFileHandlerThread.class: 1getFilePath: logFormat=2022-10-12, LogWriteUtil.logPathDir=/custom/metro/log
10-12 14:08:21.947  6346  6368 D LogWriteUtil.class=LogFileHandlerThread.class: 2getFilePath: filePath=/custom/metro/log/2022-10-12
10-12 14:08:21.947  6346  6368 D LogWriteUtil.class=LogFileHandlerThread.class: getFileNameSuffix: file=/custom/metro/log/2022-10-12
10-12 14:08:21.948  6346  6368 D LogWriteUtil.class=LogFileHandlerThread.class: 3getCurrentFileName: logFileName=app26.log
10-12 14:08:21.948  6346  6368 D LogWriteUtil.class=LogFileHandlerThread.class: 1,initFile: getFilePath()=/custom/metro/log/2022-10-12, getCurrentFileName=app26.log
10-12 14:08:21.948  6346  6368 D LogWriteUtil.class=LogFileHandlerThread.class: 1getFilePath: logFormat=2022-10-12, LogWriteUtil.logPathDir=/custom/metro/log
10-12 14:08:21.949  6346  6368 D LogWriteUtil.class=LogFileHandlerThread.class: 2getFilePath: filePath=/custom/metro/log/2022-10-12
10-12 14:08:21.949  6346  6368 D LogWriteUtil.class=LogFileHandlerThread.class: 1getCurrentFileName: LogWriteUtil.logfile=app.log
10-12 14:08:21.949  6346  6368 D LogWriteUtil.class=LogFileHandlerThread.class: 1getFilePath: logFormat=2022-10-12, LogWriteUtil.logPathDir=/custom/metro/log
10-12 14:08:21.950  6346  6368 D LogWriteUtil.class=LogFileHandlerThread.class: 2getFilePath: filePath=/custom/metro/log/2022-10-12
10-12 14:08:21.950  6346  6368 D LogWriteUtil.class=LogFileHandlerThread.class: getFileNameSuffix: file=/custom/metro/log/2022-10-12
10-12 14:08:21.950  6346  6368 D LogWriteUtil.class=LogFileHandlerThread.class: 2getCurrentFileName: index=3, LogWriteUtil.logfile=app.log, getFileNameSuffix=26
10-12 14:08:21.951  6346  6368 D LogWriteUtil.class=LogFileHandlerThread.class: 1getFilePath: logFormat=2022-10-12, LogWriteUtil.logPathDir=/custom/metro/log
10-12 14:08:21.951  6346  6368 D LogWriteUtil.class=LogFileHandlerThread.class: 2getFilePath: filePath=/custom/metro/log/2022-10-12
10-12 14:08:21.951  6346  6368 D LogWriteUtil.class=LogFileHandlerThread.class: getFileNameSuffix: file=/custom/metro/log/2022-10-12
10-12 14:08:21.952  6346  6368 D LogWriteUtil.class=LogFileHandlerThread.class: 3getCurrentFileName: logFileName=app26.log
10-12 14:08:21.952  6346  6368 D LogWriteUtil.class=LogFileHandlerThread.class: 1getCurrentFileName: LogWriteUtil.logfile=app.log
10-12 14:08:21.953  6346  6368 D LogWriteUtil.class=LogFileHandlerThread.class: 1getFilePath: logFormat=2022-10-12, LogWriteUtil.logPathDir=/custom/metro/log
10-12 14:08:21.953  6346  6368 D LogWriteUtil.class=LogFileHandlerThread.class: 2getFilePath: filePath=/custom/metro/log/2022-10-12
10-12 14:08:21.953  6346  6368 D LogWriteUtil.class=LogFileHandlerThread.class: getFileNameSuffix: file=/custom/metro/log/2022-10-12
10-12 14:08:21.954  6346  6368 D LogWriteUtil.class=LogFileHandlerThread.class: 2getCurrentFileName: index=3, LogWriteUtil.logfile=app.log, getFileNameSuffix=26
10-12 14:08:21.955  6346  6368 D LogWriteUtil.class=LogFileHandlerThread.class: 1getFilePath: logFormat=2022-10-12, LogWriteUtil.logPathDir=/custom/metro/log
10-12 14:08:21.955  6346  6368 D LogWriteUtil.class=LogFileHandlerThread.class: 2getFilePath: filePath=/custom/metro/log/2022-10-12
10-12 14:08:21.955  6346  6368 D LogWriteUtil.class=LogFileHandlerThread.class: getFileNameSuffix: file=/custom/metro/log/2022-10-12
10-12 14:08:21.956  6346  6368 D LogWriteUtil.class=LogFileHandlerThread.class: 3getCurrentFileName: logFileName=app26.log
10-12 14:08:21.956  6346  6368 D TAG     : 2,initFile: /custom/metro/log/2022-10-12/app26.log, logFile.length=8145, getCurrentFileName()=app26.log, writeFileName=/custom/metro/log/2022-10-12/app26.log
10-12 14:08:21.956  6346  6368 D LogWriteUtil.class=LogFileHandlerThread.class: 8,initFile: logFile=/custom/metro/log/2022-10-12/app26.log, logFile.length=8145
10-12 14:08:21.958  6346  6368 D LogWriteUtil.class=LogFileHandlerThread.class: 1getFilePath: logFormat=2022-10-12, LogWriteUtil.logPathDir=/custom/metro/log
10-12 14:08:21.958  6346  6368 D LogWriteUtil.class=LogFileHandlerThread.class: 2getFilePath: filePath=/custom/metro/log/2022-10-12
10-12 14:08:21.958  6346  6368 D LogWriteUtil.class=LogFileHandlerThread.class: 1getCurrentFileName: LogWriteUtil.logfile=app.log
10-12 14:08:21.959  6346  6368 D LogWriteUtil.class=LogFileHandlerThread.class: 1getFilePath: logFormat=2022-10-12, LogWriteUtil.logPathDir=/custom/metro/log
10-12 14:08:21.959  6346  6368 D LogWriteUtil.class=LogFileHandlerThread.class: 2getFilePath: filePath=/custom/metro/log/2022-10-12
10-12 14:08:21.959  6346  6368 D LogWriteUtil.class=LogFileHandlerThread.class: getFileNameSuffix: file=/custom/metro/log/2022-10-12
10-12 14:08:21.960  6346  6368 D LogWriteUtil.class=LogFileHandlerThread.class: 2getCurrentFileName: index=3, LogWriteUtil.logfile=app.log, getFileNameSuffix=26
10-12 14:08:21.961  6346  6368 D LogWriteUtil.class=LogFileHandlerThread.class: 1getFilePath: logFormat=2022-10-12, LogWriteUtil.logPathDir=/custom/metro/log
10-12 14:08:21.961  6346  6368 D LogWriteUtil.class=LogFileHandlerThread.class: 2getFilePath: filePath=/custom/metro/log/2022-10-12
10-12 14:08:21.961  6346  6368 D LogWriteUtil.class=LogFileHandlerThread.class: getFileNameSuffix: file=/custom/metro/log/2022-10-12
10-12 14:08:21.962  6346  6368 D LogWriteUtil.class=LogFileHandlerThread.class: 3getCurrentFileName: logFileName=app26.log
10-12 14:08:21.962  6346  6368 D LogWriteUtil.class=LogFileHandlerThread.class: 1,initFile: getFilePath()=/custom/metro/log/2022-10-12, getCurrentFileName=app26.log
10-12 14:08:21.962  6346  6368 D LogWriteUtil.class=LogFileHandlerThread.class: 1getFilePath: logFormat=2022-10-12, LogWriteUtil.logPathDir=/custom/metro/log
10-12 14:08:21.962  6346  6368 D LogWriteUtil.class=LogFileHandlerThread.class: 2getFilePath: filePath=/custom/metro/log/2022-10-12
10-12 14:08:21.963  6346  6368 D LogWriteUtil.class=LogFileHandlerThread.class: 1getCurrentFileName: LogWriteUtil.logfile=app.log
10-12 14:08:21.963  6346  6368 D LogWriteUtil.class=LogFileHandlerThread.class: 1getFilePath: logFormat=2022-10-12, LogWriteUtil.logPathDir=/custom/metro/log
10-12 14:08:21.963  6346  6368 D LogWriteUtil.class=LogFileHandlerThread.class: 2getFilePath: filePath=/custom/metro/log/2022-10-12
10-12 14:08:21.963  6346  6368 D LogWriteUtil.class=LogFileHandlerThread.class: getFileNameSuffix: file=/custom/metro/log/2022-10-12
10-12 14:08:21.964  6346  6368 D LogWriteUtil.class=LogFileHandlerThread.class: 2getCurrentFileName: index=3, LogWriteUtil.logfile=app.log, getFileNameSuffix=26
10-12 14:08:21.964  6346  6368 D LogWriteUtil.class=LogFileHandlerThread.class: 1getFilePath: logFormat=2022-10-12, LogWriteUtil.logPathDir=/custom/metro/log
10-12 14:08:21.964  6346  6368 D LogWriteUtil.class=LogFileHandlerThread.class: 2getFilePath: filePath=/custom/metro/log/2022-10-12
10-12 14:08:21.965  6346  6368 D LogWriteUtil.class=LogFileHandlerThread.class: getFileNameSuffix: file=/custom/metro/log/2022-10-12
10-12 14:08:21.965  6346  6368 D LogWriteUtil.class=LogFileHandlerThread.class: 3getCurrentFileName: logFileName=app26.log
10-12 14:08:21.966  6346  6368 D LogWriteUtil.class=LogFileHandlerThread.class: 1getCurrentFileName: LogWriteUtil.logfile=app.log
10-12 14:08:21.967  6346  6368 D LogWriteUtil.class=LogFileHandlerThread.class: 1getFilePath: logFormat=2022-10-12, LogWriteUtil.logPathDir=/custom/metro/log
10-12 14:08:21.967  6346  6368 D LogWriteUtil.class=LogFileHandlerThread.class: 2getFilePath: filePath=/custom/metro/log/2022-10-12
10-12 14:08:21.967  6346  6368 D LogWriteUtil.class=LogFileHandlerThread.class: getFileNameSuffix: file=/custom/metro/log/2022-10-12
10-12 14:08:21.967  6346  6346 D IndexFragment: initView: applyFxData() - ats=[StationAts(createTime=1665554901, trainGroupNumber=202, serviceNumber=000, trainCrewNumber=000, trainPosition=1, trainRunningPosition=2, railName=T1303, stationID=013, terminalStationID=000, destinationID=000, identityID=+866022013), StationAts(createTime=1665554901, trainGroupNumber=299, serviceNumber=801, trainCrewNumber=000, trainPosition=1, trainRunningPosition=2, railName=T1301, stationID=013, terminalStationID=000, destinationID=000, identityID=+866022013)]
10-12 14:08:21.967  6346  6368 D LogWriteUtil.class=LogFileHandlerThread.class: 2getCurrentFileName: index=3, LogWriteUtil.logfile=app.log, getFileNameSuffix=26
10-12 14:08:21.968  6346  6368 D LogWriteUtil.class=LogFileHandlerThread.class: 1getFilePath: logFormat=2022-10-12, LogWriteUtil.logPathDir=/custom/metro/log
10-12 14:08:21.968  6346  6368 D LogWriteUtil.class=LogFileHandlerThread.class: 2getFilePath: filePath=/custom/metro/log/2022-10-12
10-12 14:08:21.968  6346  6368 D LogWriteUtil.class=LogFileHandlerThread.class: getFileNameSuffix: file=/custom/metro/log/2022-10-12
10-12 14:08:21.969  6346  6368 D LogWriteUtil.class=LogFileHandlerThread.class: 3getCurrentFileName: logFileName=app26.log
10-12 14:08:21.969  6346  6368 D TAG     : 2,initFile: /custom/metro/log/2022-10-12/app26.log, logFile.length=8828, getCurrentFileName()=app26.log, writeFileName=/custom/metro/log/2022-10-12/app26.log
10-12 14:08:21.969  6346  6368 D LogWriteUtil.class=LogFileHandlerThread.class: 8,initFile: logFile=/custom/metro/log/2022-10-12/app26.log, logFile.length=8828
10-12 14:08:21.971  6346  6368 D LogWriteUtil.class=LogFileHandlerThread.class: 1getFilePath: logFormat=2022-10-12, LogWriteUtil.logPathDir=/custom/metro/log
10-12 14:08:21.971  6346  6368 D LogWriteUtil.class=LogFileHandlerThread.class: 2getFilePath: filePath=/custom/metro/log/2022-10-12
10-12 14:08:21.971  6346  6368 D LogWriteUtil.class=LogFileHandlerThread.class: 1getCurrentFileName: LogWriteUtil.logfile=app.log
10-12 14:08:21.972  6346  6368 D LogWriteUtil.class=LogFileHandlerThread.class: 1getFilePath: logFormat=2022-10-12, LogWriteUtil.logPathDir=/custom/metro/log
10-12 14:08:21.972  6346  6368 D LogWriteUtil.class=LogFileHandlerThread.class: 2getFilePath: filePath=/custom/metro/log/2022-10-12
10-12 14:08:21.972  6346  6368 D LogWriteUtil.class=LogFileHandlerThread.class: getFileNameSuffix: file=/custom/metro/log/2022-10-12
10-12 14:08:21.972  6346  6368 D LogWriteUtil.class=LogFileHandlerThread.class: 2getCurrentFileName: index=3, LogWriteUtil.logfile=app.log, getFileNameSuffix=26
10-12 14:08:21.973  6346  6368 D LogWriteUtil.class=LogFileHandlerThread.class: 1getFilePath: logFormat=2022-10-12, LogWriteUtil.logPathDir=/custom/metro/log
10-12 14:08:21.973  6346  6368 D LogWriteUtil.class=LogFileHandlerThread.class: 2getFilePath: filePath=/custom/metro/log/2022-10-12
10-12 14:08:21.973  6346  6368 D LogWriteUtil.class=LogFileHandlerThread.class: getFileNameSuffix: file=/custom/metro/log/2022-10-12
10-12 14:08:21.974  6346  6368 D LogWriteUtil.class=LogFileHandlerThread.class: 3getCurrentFileName: logFileName=app26.log
10-12 14:08:21.974  6346  6368 D LogWriteUtil.class=LogFileHandlerThread.class: 1,initFile: getFilePath()=/custom/metro/log/2022-10-12, getCurrentFileName=app26.log
10-12 14:08:21.974  6346  6346 D MainActivity: updateSignalIcon: signal=4
10-12 14:08:21.975  6346  6368 D LogWriteUtil.class=LogFileHandlerThread.class: 1getFilePath: logFormat=2022-10-12, LogWriteUtil.logPathDir=/custom/metro/log
10-12 14:08:21.975  6346  6368 D LogWriteUtil.class=LogFileHandlerThread.class: 2getFilePath: filePath=/custom/metro/log/2022-10-12
10-12 14:08:21.975  6346  6368 D LogWriteUtil.class=LogFileHandlerThread.class: 1getCurrentFileName: LogWriteUtil.logfile=app.log
10-12 14:08:21.976  6346  6368 D LogWriteUtil.class=LogFileHandlerThread.class: 1getFilePath: logFormat=2022-10-12, LogWriteUtil.logPathDir=/custom/metro/log
10-12 14:08:21.976  6346  6368 D LogWriteUtil.class=LogFileHandlerThread.class: 2getFilePath: filePath=/custom/metro/log/2022-10-12
10-12 14:08:21.976  6346  6368 D LogWriteUtil.class=LogFileHandlerThread.class: getFileNameSuffix: file=/custom/metro/log/2022-10-12
10-12 14:08:21.977  6346  6368 D LogWriteUtil.class=LogFileHandlerThread.class: 2getCurrentFileName: index=3, LogWriteUtil.logfile=app.log, getFileNameSuffix=26
10-12 14:08:21.978  6346  6368 D LogWriteUtil.class=LogFileHandlerThread.class: 1getFilePath: logFormat=2022-10-12, LogWriteUtil.logPathDir=/custom/metro/log
10-12 14:08:21.978  6346  6368 D LogWriteUtil.class=LogFileHandlerThread.class: 2getFilePath: filePath=/custom/metro/log/2022-10-12
10-12 14:08:21.978  6346  6368 D LogWriteUtil.class=LogFileHandlerThread.class: getFileNameSuffix: file=/custom/metro/log/2022-10-12
10-12 14:08:21.979  6346  6368 D LogWriteUtil.class=LogFileHandlerThread.class: 3getCurrentFileName: logFileName=app26.log
10-12 14:08:21.979  6346  6368 D LogWriteUtil.class=LogFileHandlerThread.class: 1getCurrentFileName: LogWriteUtil.logfile=app.log
10-12 14:08:21.979  6346  6368 D LogWriteUtil.class=LogFileHandlerThread.class: 1getFilePath: logFormat=2022-10-12, LogWriteUtil.logPathDir=/custom/metro/log
10-12 14:08:21.980  6346  6368 D LogWriteUtil.class=LogFileHandlerThread.class: 2getFilePath: filePath=/custom/metro/log/2022-10-12
10-12 14:08:21.980  6346  6368 D LogWriteUtil.class=LogFileHandlerThread.class: getFileNameSuffix: file=/custom/metro/log/2022-10-12
10-12 14:08:21.981  6346  6368 D LogWriteUtil.class=LogFileHandlerThread.class: 2getCurrentFileName: index=3, LogWriteUtil.logfile=app.log, getFileNameSuffix=26
10-12 14:08:21.981  6346  6368 D LogWriteUtil.class=LogFileHandlerThread.class: 1getFilePath: logFormat=2022-10-12, LogWriteUtil.logPathDir=/custom/metro/log
10-12 14:08:21.982  6346  6368 D LogWriteUtil.class=LogFileHandlerThread.class: 2getFilePath: filePath=/custom/metro/log/2022-10-12
10-12 14:08:21.982  6346  6368 D LogWriteUtil.class=LogFileHandlerThread.class: getFileNameSuffix: file=/custom/metro/log/2022-10-12
10-12 14:08:21.982  6346  6368 D LogWriteUtil.class=LogFileHandlerThread.class: 3getCurrentFileName: logFileName=app26.log
10-12 14:08:21.982  6346  6368 D TAG     : 2,initFile: /custom/metro/log/2022-10-12/app26.log, logFile.length=9511, getCurrentFileName()=app26.log, writeFileName=/custom/metro/log/2022-10-12/app26.log
10-12 14:08:21.983  6346  6368 D LogWriteUtil.class=LogFileHandlerThread.class: 8,initFile: logFile=/custom/metro/log/2022-10-12/app26.log, logFile.length=9511
10-12 14:08:21.998  6346  6346 E train_jni_log: getHandsetStatus===popen buffer=0
10-12 14:08:21.998  6346  6346 E train_jni_log: getHandsetStatus===popen iRet=0
10-12 14:08:22.000  6346  6346 D TAG     : getHeadsetStatus: 0
10-12 14:08:22.001  6346  6346 D TAG     : getHeadsetStatus: headsetStatus=201
10-12 14:08:22.001  6346  6346 D TAG     : getHeadsetStatus: headsetStatus2=201
10-12 14:08:22.017  6346  6346 E train_jni_log: getHandsetStatus===popen buffer=0
10-12 14:08:22.017  6346  6346 E train_jni_log: getHandsetStatus===popen iRet=0
10-12 14:08:22.017  6346  6346 D TAG     : getHeadsetStatus: 0
10-12 14:08:22.018  6346  6346 D TAG     : getHeadsetStatus: headsetStatus=201
10-12 14:08:22.018  6346  6346 D TAG     : getHeadsetStatus: headsetStatus2=201
10-12 14:08:22.019  6346  7733 D BtrunCConfig: isR2Nubmer is true
10-12 14:08:22.019  6346  7733 D com.ztegota.system.GotaSystem: getMdn +866022013
10-12 14:08:22.019  6346  7913 D MainViewModel: getLteIp: test1111111=172.2.200.13
10-12 14:08:22.019  6346  7733 D TAG     : getUserId: userId2=+866022013
10-12 14:08:22.019  6346  6346 D MainActivity: showStatus: aa---result---result=true, url=192.168.42.131
10-12 14:08:22.020  6346  7575 I APP_LogUtils.kt: [(LogUtils.kt:50).i()] [MainViewModel] GotaSystem SDK:V2.13 2021-04-20, Host Soft Version:GM655+V1.0.6.8B02, Host Hard Version:GM655MB_C, Host Build Time:2021年 12月 28日 星期二 16:23:13 CST;
10-12 14:08:22.021  6346  6368 D LogWriteUtil.class=LogFileHandlerThread.class: 1getFilePath: logFormat=2022-10-12, LogWriteUtil.logPathDir=/custom/metro/log
10-12 14:08:22.021  6346  6368 D LogWriteUtil.class=LogFileHandlerThread.class: 2getFilePath: filePath=/custom/metro/log/2022-10-12
10-12 14:08:22.021  6346  6368 D LogWriteUtil.class=LogFileHandlerThread.class: 1getCurrentFileName: LogWriteUtil.logfile=app.log
10-12 14:08:22.021  6346  6368 D LogWriteUtil.class=LogFileHandlerThread.class: 1getFilePath: logFormat=2022-10-12, LogWriteUtil.logPathDir=/custom/metro/log
10-12 14:08:22.021  6346  6368 D LogWriteUtil.class=LogFileHandlerThread.class: 2getFilePath: filePath=/custom/metro/log/2022-10-12
10-12 14:08:22.021  6346  6368 D LogWriteUtil.class=LogFileHandlerThread.class: getFileNameSuffix: file=/custom/metro/log/2022-10-12
10-12 14:08:22.022  6346  6368 D LogWriteUtil.class=LogFileHandlerThread.class: 2getCurrentFileName: index=3, LogWriteUtil.logfile=app.log, getFileNameSuffix=26
10-12 14:08:22.022  6346  6368 D LogWriteUtil.class=LogFileHandlerThread.class: 1getFilePath: logFormat=2022-10-12, LogWriteUtil.logPathDir=/custom/metro/log
10-12 14:08:22.022  6346  6368 D LogWriteUtil.class=LogFileHandlerThread.class: 2getFilePath: filePath=/custom/metro/log/2022-10-12
10-12 14:08:22.022  6346  6368 D LogWriteUtil.class=LogFileHandlerThread.class: getFileNameSuffix: file=/custom/metro/log/2022-10-12
10-12 14:08:22.023  6346  6368 D LogWriteUtil.class=LogFileHandlerThread.class: 3getCurrentFileName: logFileName=app26.log
10-12 14:08:22.023  6346  6368 D LogWriteUtil.class=LogFileHandlerThread.class: 1,initFile: getFilePath()=/custom/metro/log/2022-10-12, getCurrentFileName=app26.log
10-12 14:08:22.023  6346  6368 D LogWriteUtil.class=LogFileHandlerThread.class: 1getFilePath: logFormat=2022-10-12, LogWriteUtil.logPathDir=/custom/metro/log
10-12 14:08:22.023  6346  6368 D LogWriteUtil.class=LogFileHandlerThread.class: 2getFilePath: filePath=/custom/metro/log/2022-10-12
10-12 14:08:22.023  6346  6368 D LogWriteUtil.class=LogFileHandlerThread.class: 1getCurrentFileName: LogWriteUtil.logfile=app.log
10-12 14:08:22.023  6346  6368 D LogWriteUtil.class=LogFileHandlerThread.class: 1getFilePath: logFormat=2022-10-12, LogWriteUtil.logPathDir=/custom/metro/log
10-12 14:08:22.023  6346  6368 D LogWriteUtil.class=LogFileHandlerThread.class: 2getFilePath: filePath=/custom/metro/log/2022-10-12
10-12 14:08:22.023  6346  6368 D LogWriteUtil.class=LogFileHandlerThread.class: getFileNameSuffix: file=/custom/metro/log/2022-10-12
10-12 14:08:22.024  6346  6368 D LogWriteUtil.class=LogFileHandlerThread.class: 2getCurrentFileName: index=3, LogWriteUtil.logfile=app.log, getFileNameSuffix=26
10-12 14:08:22.024  6346  6368 D LogWriteUtil.class=LogFileHandlerThread.class: 1getFilePath: logFormat=2022-10-12, LogWriteUtil.logPathDir=/custom/metro/log
10-12 14:08:22.024  6346  6368 D LogWriteUtil.class=LogFileHandlerThread.class: 2getFilePath: filePath=/custom/metro/log/2022-10-12
10-12 14:08:22.024  6346  6368 D LogWriteUtil.class=LogFileHandlerThread.class: getFileNameSuffix: file=/custom/metro/log/2022-10-12
10-12 14:08:22.025  6346  6368 D LogWriteUtil.class=LogFileHandlerThread.class: 3getCurrentFileName: logFileName=app26.log
10-12 14:08:22.025  6346  6368 D LogWriteUtil.class=LogFileHandlerThread.class: 1getCurrentFileName: LogWriteUtil.logfile=app.log
10-12 14:08:22.026  6346  6368 D LogWriteUtil.class=LogFileHandlerThread.class: 1getFilePath: logFormat=2022-10-12, LogWriteUtil.logPathDir=/custom/metro/log
10-12 14:08:22.026  6346  6368 D LogWriteUtil.class=LogFileHandlerThread.class: 2getFilePath: filePath=/custom/metro/log/2022-10-12
10-12 14:08:22.026  6346  6368 D LogWriteUtil.class=LogFileHandlerThread.class: getFileNameSuffix: file=/custom/metro/log/2022-10-12
10-12 14:08:22.026  6346  6368 D LogWriteUtil.class=LogFileHandlerThread.class: 2getCurrentFileName: index=3, LogWriteUtil.logfile=app.log, getFileNameSuffix=26
10-12 14:08:22.027  6346  6368 D LogWriteUtil.class=LogFileHandlerThread.class: 1getFilePath: logFormat=2022-10-12, LogWriteUtil.logPathDir=/custom/metro/log
10-12 14:08:22.027  6346  6368 D LogWriteUtil.class=LogFileHandlerThread.class: 2getFilePath: filePath=/custom/metro/log/2022-10-12
10-12 14:08:22.027  6346  6368 D LogWriteUtil.class=LogFileHandlerThread.class: getFileNameSuffix: file=/custom/metro/log/2022-10-12
10-12 14:08:22.028  6346  6368 D LogWriteUtil.class=LogFileHandlerThread.class: 3getCurrentFileName: logFileName=app26.log
10-12 14:08:22.028  6346  6368 D TAG     : 2,initFile: /custom/metro/log/2022-10-12/app26.log, logFile.length=10194, getCurrentFileName()=app26.log, writeFileName=/custom/metro/log/2022-10-12/app26.log
10-12 14:08:22.028  6346  6368 D LogWriteUtil.class=LogFileHandlerThread.class: 8,initFile: logFile=/custom/metro/log/2022-10-12/app26.log, logFile.length=10194
10-12 14:08:22.202  6346  7575 D MainViewModel: getSystemTime_currentThreadID2: 323
10-12 14:08:22.233  6346  7575 D TAG     : getSystemTime_currentThreadID3s: 323, isActive=true
10-12 14:08:22.555  1436  1661 V WiredAccessoryManager: notifyWiredAccessoryChanged: when=7841929885000 bits= mask=94
10-12 14:08:22.555  1436  1661 V WiredAccessoryManager: newName=h2w newState=0 headsetState=0 prev headsetState=1
10-12 14:08:22.556  1436  1661 I WiredAccessoryManager: MSG_NEW_DEVICE_STATE
10-12 14:08:22.557  1436  1436 V WiredAccessoryManager: headsetName:  disconnected
10-12 14:08:22.557  1436  1436 D AudioService: checkSendBecomingNoisyIntent update the noise
10-12 14:08:22.624  6531  6531 E ExtMediaPlayer-JNI: env->IsInstanceOf fails
10-12 14:08:22.624  6531  6531 E MediaPlayer-JNI: JNIMediaPlayerFactory: bIsQCMediaPlayerPresent 0
10-12 14:08:22.625  6531  6531 E ExtMediaPlayer-JNI: env->IsInstanceOf fails
10-12 14:08:22.625  6531  6531 E MediaPlayer-JNI: JNIMediaPlayerFactory: bIsQCMediaPlayerPresent 0
10-12 14:08:22.630  6531  6531 D RemoteControlClient: setBrowsedPlayerUpdateListener
10-12 14:08:22.631  6531  6531 D RemoteControlClient: setPlayItemListener
10-12 14:08:22.631  6531  6531 D RemoteControlClient: setNowPlayingEntriesUpdateListener
10-12 14:08:22.633  6531  6531 E RemoteControlClient: updateNowPlayingContentChange
10-12 14:08:22.633  6531  6531 D RemoteControlClient: updateNowPlayingContentChangeInt
10-12 14:08:22.633  6531  6531 D MediaSession: MediaSession: updateNowPlayingContentChange
10-12 14:08:22.634  1436  1950 D MediaSessionRecord: SessionStub: updateNowPlayingContentChange
10-12 14:08:22.635  1436  1436 D MediaSessionRecord: pushNowPlayingContentChange
10-12 14:08:22.636  1701  1994 D MediaController: CallBackStub: onUpdateNowPlayingContentChange
10-12 14:08:22.708  6346  7460 D MainViewModel: getSystemTime_currentThreadID2: 317
10-12 14:08:22.740  6346  7460 D TAG     : getSystemTime_currentThreadID3s: 317, isActive=true
10-12 14:08:22.918  6346  6403 I rilj    : EMCI Detial(CellId--->Tav): 5889,255,2,"46009",255,65535,59,65535,255,255,56,32,16,255,1202590897205,0,0,0,0,0,0,0,0
10-12 14:08:22.918  6346  6403 D LTERILJ : [UNSL]< RIL_UNSOL_NOTIFY_EMCI_DETAIL
10-12 14:08:22.919  6346  6400 D LTEPhone: EVENT_FOR_EMCI_DETAIL
10-12 14:08:22.919  6346  6400 D LTEServiceTracker: setCellId cellId:5889,"46009"
10-12 14:08:22.921  6346  6346 I APP_LogUtils.kt: [(LogUtils.kt:50).i()] [com.gbcom.library_base.service.LLteService] lte_resp_sys_for_emci_detail - EmciDetail=com.ztegota.system.common.EmciDetail@1ada92a
10-12 14:08:22.923  6346  6368 D LogWriteUtil.class=LogFileHandlerThread.class: 1getFilePath: logFormat=2022-10-12, LogWriteUtil.logPathDir=/custom/metro/log
10-12 14:08:22.923  6346  6368 D LogWriteUtil.class=LogFileHandlerThread.class: 2getFilePath: filePath=/custom/metro/log/2022-10-12
10-12 14:08:22.923  6346  6368 D LogWriteUtil.class=LogFileHandlerThread.class: 1getCurrentFileName: LogWriteUtil.logfile=app.log
10-12 14:08:22.924  6346  6368 D LogWriteUtil.class=LogFileHandlerThread.class: 1getFilePath: logFormat=2022-10-12, LogWriteUtil.logPathDir=/custom/metro/log
10-12 14:08:22.924  6346  6368 D LogWriteUtil.class=LogFileHandlerThread.class: 2getFilePath: filePath=/custom/metro/log/2022-10-12
10-12 14:08:22.925  6346  6368 D LogWriteUtil.class=LogFileHandlerThread.class: getFileNameSuffix: file=/custom/metro/log/2022-10-12
10-12 14:08:22.926  6346  6368 D LogWriteUtil.class=LogFileHandlerThread.class: 2getCurrentFileName: index=3, LogWriteUtil.logfile=app.log, getFileNameSuffix=26
10-12 14:08:22.927  6346  6368 D LogWriteUtil.class=LogFileHandlerThread.class: 1getFilePath: logFormat=2022-10-12, LogWriteUtil.logPathDir=/custom/metro/log
10-12 14:08:22.927  6346  6368 D LogWriteUtil.class=LogFileHandlerThread.class: 2getFilePath: filePath=/custom/metro/log/2022-10-12
10-12 14:08:22.928  6346  6368 D LogWriteUtil.class=LogFileHandlerThread.class: getFileNameSuffix: file=/custom/metro/log/2022-10-12
10-12 14:08:22.929  6346  6368 D LogWriteUtil.class=LogFileHandlerThread.class: 3getCurrentFileName: logFileName=app26.log
10-12 14:08:22.929  6346  6368 D LogWriteUtil.class=LogFileHandlerThread.class: 1,initFile: getFilePath()=/custom/metro/log/2022-10-12, getCurrentFileName=app26.log
10-12 14:08:22.930  6346  6368 D LogWriteUtil.class=LogFileHandlerThread.class: 1getFilePath: logFormat=2022-10-12, LogWriteUtil.logPathDir=/custom/metro/log
10-12 14:08:22.930  6346  6368 D LogWriteUtil.class=LogFileHandlerThread.class: 2getFilePath: filePath=/custom/metro/log/2022-10-12
10-12 14:08:22.930  6346  6368 D LogWriteUtil.class=LogFileHandlerThread.class: 1getCurrentFileName: LogWriteUtil.logfile=app.log
10-12 14:08:22.931  6346  6368 D LogWriteUtil.class=LogFileHandlerThread.class: 1getFilePath: logFormat=2022-10-12, LogWriteUtil.logPathDir=/custom/metro/log
10-12 14:08:22.931  6346  6368 D LogWriteUtil.class=LogFileHandlerThread.class: 2getFilePath: filePath=/custom/metro/log/2022-10-12
10-12 14:08:22.931  6346  6368 D LogWriteUtil.class=LogFileHandlerThread.class: getFileNameSuffix: file=/custom/metro/log/2022-10-12
10-12 14:08:22.932  6346  6368 D LogWriteUtil.class=LogFileHandlerThread.class: 2getCurrentFileName: index=3, LogWriteUtil.logfile=app.log, getFileNameSuffix=26
10-12 14:08:22.933  6346  6368 D LogWriteUtil.class=LogFileHandlerThread.class: 1getFilePath: logFormat=2022-10-12, LogWriteUtil.logPathDir=/custom/metro/log
10-12 14:08:22.934  6346  6368 D LogWriteUtil.class=LogFileHandlerThread.class: 2getFilePath: filePath=/custom/metro/log/2022-10-12
10-12 14:08:22.934  6346  6368 D LogWriteUtil.class=LogFileHandlerThread.class: getFileNameSuffix: file=/custom/metro/log/2022-10-12
10-12 14:08:22.935  6346  6368 D LogWriteUtil.class=LogFileHandlerThread.class: 3getCurrentFileName: logFileName=app26.log
10-12 14:08:22.935  6346  6368 D LogWriteUtil.class=LogFileHandlerThread.class: 1getCurrentFileName: LogWriteUtil.logfile=app.log
10-12 14:08:22.936  6346  6368 D LogWriteUtil.class=LogFileHandlerThread.class: 1getFilePath: logFormat=2022-10-12, LogWriteUtil.logPathDir=/custom/metro/log
10-12 14:08:22.937  6346  6368 D LogWriteUtil.class=LogFileHandlerThread.class: 2getFilePath: filePath=/custom/metro/log/2022-10-12
10-12 14:08:22.937  6346  6368 D LogWriteUtil.class=LogFileHandlerThread.class: getFileNameSuffix: file=/custom/metro/log/2022-10-12
10-12 14:08:22.938  6346  6368 D LogWriteUtil.class=LogFileHandlerThread.class: 2getCurrentFileName: index=3, LogWriteUtil.logfile=app.log, getFileNameSuffix=26
10-12 14:08:22.939  6346  6368 D LogWriteUtil.class=LogFileHandlerThread.class: 1getFilePath: logFormat=2022-10-12, LogWriteUtil.logPathDir=/custom/metro/log
10-12 14:08:22.939  6346  6368 D LogWriteUtil.class=LogFileHandlerThread.class: 2getFilePath: filePath=/custom/metro/log/2022-10-12
10-12 14:08:22.939  6346  6368 D LogWriteUtil.class=LogFileHandlerThread.class: getFileNameSuffix: file=/custom/metro/log/2022-10-12
10-12 14:08:22.940  6346  6368 D LogWriteUtil.class=LogFileHandlerThread.class: 3getCurrentFileName: logFileName=app26.log
10-12 14:08:22.940  6346  6368 D TAG     : 2,initFile: /custom/metro/log/2022-10-12/app26.log, logFile.length=10417, getCurrentFileName()=app26.log, writeFileName=/custom/metro/log/2022-10-12/app26.log
10-12 14:08:22.941  6346  6368 D LogWriteUtil.class=LogFileHandlerThread.class: 8,initFile: logFile=/custom/metro/log/2022-10-12/app26.log, logFile.length=10417
10-12 14:08:23.217  6346  7460 D MainViewModel: getSystemTime_currentThreadID2: 317
10-12 14:08:23.247  6346  7460 D TAG     : getSystemTime_currentThreadID3s: 317, isActive=true
10-12 14:08:23.259   613  1691 D AudioPolicyManagerCustom: setForceUse() usage 1, config 0, mPhoneState 3
10-12 14:08:23.264   613  1053 D audio_hw_primary: out_set_parameters: enter: usecase(0: deep-buffer-playback) kvpairs: routing=4
10-12 14:08:23.268   613  1049 D audio_hw_primary: out_set_parameters: enter: usecase(12: audio-ull-playback) kvpairs: routing=4
10-12 14:08:23.271   613  1046 D audio_hw_primary: out_set_parameters: enter: usecase(1: low-latency-playback) kvpairs: routing=4
10-12 14:08:23.272   613  1046 D audio_hw_extn: audio_extn_set_anc_parameters: anc_enabled:0
10-12 14:08:23.272   613  1046 D audio_hw_spkr_prot: audio_extn_fbsp_set_parameters: Speaker protection disabled
10-12 14:08:23.277   613  1263 D AudioPolicyManagerCustom: setDeviceConnectionStateInt() device: 0x4, state 0, address  name 
10-12 14:08:23.278   613   849 D audio_hw_primary: adev_set_parameters: enter: disconnect=4
10-12 14:08:23.278   613   849 D audio_hw_extn: audio_extn_set_anc_parameters: anc_enabled:0
10-12 14:08:23.278   613   849 D audio_hw_spkr_prot: audio_extn_fbsp_set_parameters: Speaker protection disabled
10-12 14:08:23.279   613  1046 D audio_hw_primary: out_set_parameters: enter: usecase(1: low-latency-playback) kvpairs: routing=1
10-12 14:08:23.280   613  1046 D audio_hw_extn: audio_extn_set_anc_parameters: anc_enabled:0
10-12 14:08:23.280   613  1046 D audio_hw_spkr_prot: audio_extn_fbsp_set_parameters: Speaker protection disabled
10-12 14:08:23.290   613  1049 D audio_hw_primary: out_set_parameters: enter: usecase(12: audio-ull-playback) kvpairs: routing=1
10-12 14:08:23.300   613  1053 D audio_hw_primary: out_set_parameters: enter: usecase(0: deep-buffer-playback) kvpairs: routing=1
10-12 14:08:23.319  1701  1701 V MediaRouter: Updating audio routes: AudioRoutesInfo{ type=SPEAKER }
10-12 14:08:23.319  6346  6346 D MainActivity: onReceive: new request mBroadCastReceiver, intent?.action=android.intent.action.HEADSET_PLUG
10-12 14:08:23.319  1701  1701 V MediaRouter: Dispatching route change: RouteInfo{ name=手机, description=null, status=null, category=RouteCategory{ name=null types=ROUTE_TYPE_LIVE_AUDIO ROUTE_TYPE_LIVE_VIDEO  groupable=false }, supportedTypes=ROUTE_TYPE_LIVE_AUDIO ROUTE_TYPE_LIVE_VIDEO , presentationDisplay=null }
10-12 14:08:23.351  6346  6346 E train_jni_log: getHandsetStatus===popen buffer=0
10-12 14:08:23.351  6346  6346 E train_jni_log: getHandsetStatus===popen iRet=0
10-12 14:08:23.353  6346  6346 D TAG     : getHeadsetStatus: 0
10-12 14:08:23.356  6346  6346 D TAG     : getHeadsetStatus: headsetStatus=200
10-12 14:08:23.356  6346  6346 D TAG     : getHeadsetStatus: headsetStatus2=200
10-12 14:08:23.357  6346  6346 D AudioManagerUtils: setSpeakerStatus: aaaaaaaaaa
10-12 14:08:23.364  1701  1829 I vol.Events: writeEvent level_changed STREAM_VOICE_CALL 4
10-12 14:08:23.364   613  1263 D audio_hw_primary: adev_set_mode: mode 0
10-12 14:08:23.364   613  1263 D AudioPolicyManagerCustom: setPhoneState() state 0
10-12 14:08:23.365   613  1046 D audio_hw_primary: out_set_parameters: enter: usecase(1: low-latency-playback) kvpairs: routing=1
10-12 14:08:23.365   613  1046 D audio_hw_extn: audio_extn_set_anc_parameters: anc_enabled:0
10-12 14:08:23.365   613  1046 D audio_hw_spkr_prot: audio_extn_fbsp_set_parameters: Speaker protection disabled
10-12 14:08:23.371   613  3732 D AudioPolicyManagerCustom: setDeviceConnectionStateInt() device: 0x80000010, state 0, address  name 
10-12 14:08:23.371   613   849 D audio_hw_primary: adev_set_parameters: enter: disconnect=-2147483632
10-12 14:08:23.371   613   849 D audio_hw_extn: audio_extn_set_anc_parameters: anc_enabled:0
10-12 14:08:23.371   613   849 D audio_hw_spkr_prot: audio_extn_fbsp_set_parameters: Speaker protection disabled
10-12 14:08:23.374   613  1691 D AudioPolicyManagerCustom: setForceUse() usage 0, config 1, mPhoneState 0
10-12 14:08:23.395  1436  1436 V MediaRouter: Updating audio routes: AudioRoutesInfo{ type=SPEAKER }
10-12 14:08:23.395  1436  1436 V MediaRouter: Dispatching route change: RouteInfo{ name=手机, description=null, status=null, category=RouteCategory{ name=null types=ROUTE_TYPE_LIVE_AUDIO ROUTE_TYPE_LIVE_VIDEO  groupable=false }, supportedTypes=ROUTE_TYPE_LIVE_AUDIO ROUTE_TYPE_LIVE_VIDEO , presentationDisplay=null }
10-12 14:08:23.407  1436  1436 I Telecom : WiredHeadsetManager: ACTION_HEADSET_PLUG event, plugged in: false, : WHC.oADR@AMU
10-12 14:08:23.408  1436  2014 I Telecom : CallAudioRouteStateMachine: Message received: DISCONNECT_WIRED_HEADSET=2, arg1=0: WHC.oADR->CARSM.pM_DISCONNECT_WIRED_HEADSET@AMU_0
10-12 14:08:23.409  1436  2014 I Telecom : Telecom: Non-call EVENT: AUDIO_ROUTE, Wired headset disconnected: WHC.oADR->CARSM.pM_DISCONNECT_WIRED_HEADSET@AMU_0
10-12 14:08:23.409  1436  2014 I Telecom : CallAudioRouteStateMachine: Message received: SWITCH_BASELINE_ROUTE=1005, arg1=0: WHC.oADR->CARSM.pM_DISCONNECT_WIRED_HEADSET->CARSM.pM_SWITCH_BASELINE_ROUTE@AMU_0_0
