10-11 14:41:59.446   621  1065 D audio_hw_primary: select_devices: out_snd_device(2: speaker) in_snd_device(0: )
10-11 14:41:59.447   621  1065 I msm8916_platform: platform_check_and_set_codec_backend_cfg:becf: afe: bitwidth 16, samplerate 48000 channels 2, backend_idx 0 usecase = 1 device (speaker)
10-11 14:41:59.447   621  1065 D msm8916_platform: platform_can_split_snd_device: snd_device(2) num devices(1) new_snd_devices(999637)
10-11 14:41:59.447   621  1065 I msm8916_platform: platform_check_and_set_codec_backend_cfg: becf: new_snd_devices[0] is speaker
10-11 14:41:59.447   621  1065 I msm8916_platform: platform_check_codec_backend_cfg:becf: afe: Codec selected backend: 0 current bit width: 16 sample rate: 48000 channels: 2
10-11 14:41:59.447   621  1065 D msm8916_platform: platform_check_codec_backend_cfg:becf: afe: playback on non-44.1-support device Configure afe to default Sample Rate(48k)
10-11 14:41:59.447   621  1065 D msm8916_platform: platform_check_codec_backend_cfg:becf: afe: only 48KHZ sample rate is supported Configure afe to default Sample Rate(48k)
10-11 14:41:59.447   621  1065 I msm8916_platform: platform_check_codec_backend_cfg:becf: afe: Codec selected backend: 0 updated bit width: 16 and sample rate: 48000
10-11 14:41:59.447   621  1065 D audio_hw_primary: check_usecases_codec_backend:becf: force routing 0
10-11 14:41:59.447   621  1065 E msm8916_platform: platform_check_backends_match: Invalid snd_device = 
10-11 14:41:59.447   621  1065 D audio_hw_primary: check_usecases_codec_backend:becf: (40) check_usecases curr device: speaker, usecase device: backends match 0
10-11 14:41:59.447   621  1065 D audio_hw_primary: check_usecases_codec_backend:becf: check_usecases num.of Usecases to switch 0
10-11 14:41:59.447   621  1065 D hardware_info: hw_info_append_hw_type : device_name = speaker
10-11 14:41:59.447   621  1065 D msm8916_platform: platform_can_split_snd_device: snd_device(2) num devices(0) new_snd_devices(0)
10-11 14:41:59.447   621  1065 D audio_hw_primary: enable_snd_device: snd_device(2: speaker)
10-11 14:41:59.447   621  1065 I soundtrigger: audio_extn_sound_trigger_update_device_status: device 0x2 of type 0 for Event 1, with Raise=0
10-11 14:41:59.447   621  1065 D aud_dev_arbi: acquireOneDevice: device owner for device 2 is 1
10-11 14:41:59.458  4965  5021 D LTERILJ : [0180]< RIL_REQUEST_ZTE_UPDATE_SCANGROUPINFO 
10-11 14:41:59.460   621  1065 I audio_hw_primary: select_devices Selected apptype: 69937
10-11 14:41:59.460   621  1065 D soundtrigger: audio_extn_sound_trigger_update_stream_status: uc_id 1 of type 0 for Event 3, with Raise=0
10-11 14:41:59.461   621  1065 I audio_hw_utils: audio_extn_utils_send_app_type_cfg PLAYBACK app_type = 69937, acdb_dev_id = 14, sample_rate = 48000
10-11 14:41:59.461   621  1065 D msm8916_platform: platform_can_split_snd_device: snd_device(2) num devices(1) new_snd_devices(0)
10-11 14:41:59.461   621  1065 D ACDB-LOADER: ACDB -> send_audio_cal, acdb_id = 14, path = 0, app id = 0x11131, sample rate = 48000
10-11 14:41:59.461   621  1065 D ACDB-LOADER: ACDB -> send_asm_topology
10-11 14:41:59.461   621  1065 D ACDB-LOADER: ACDB -> ACDB_CMD_GET_AUDPROC_STREAM_TOPOLOGY_ID
10-11 14:41:59.461  4965  4965 D GotaSettingsHelper: String putValues key:4 value:2
10-11 14:41:59.461   621  1065 D ACDB-LOADER: ACDB -> send_adm_topology
10-11 14:41:59.461   621  1065 D ACDB-LOADER: ACDB -> ACDB_CMD_GET_AUDPROC_COMMON_TOPOLOGY_ID
10-11 14:41:59.461   621  1065 D ACDB-LOADER: ACDB -> send_audtable
10-11 14:41:59.461   621  1065 D ACDB-LOADER: ACDB -> ACDB_CMD_GET_AUDPROC_COMMON_TABLE_SIZE
10-11 14:41:59.461  4965  4965 E SettingsProvider: update
10-11 14:41:59.462   621  1065 D ACDB-LOADER: ACDB -> ACDB_CMD_GET_AUDPROC_COMMON_TABLE
10-11 14:41:59.462   621  1065 D ACDB-LOADER: ACDB -> AUDIO_SET_AUDPROC_CAL
10-11 14:41:59.462   621  1065 D ACDB-LOADER: ACDB -> send_audvoltable
10-11 14:41:59.462   621  1065 D ACDB-LOADER: ACDB -> ACDB_CMD_GET_AUDPROC_GAIN_DEP_STEP_TABLE, vol index 0
10-11 14:41:59.462   621  1065 D ACDB-LOADER: ACDB -> AUDIO_SET_VOL_CAL cal type = 12
10-11 14:41:59.462   621  1065 D ACDB-LOADER: ACDB -> send_audstrmtable
10-11 14:41:59.462   621  1065 D ACDB-LOADER: ACDB -> ACDB_CMD_GET_AUDPROC_STREAM_TABLE_V2
10-11 14:41:59.462   621  1065 D ACDB-LOADER: ACDB -> audstrm_cal->cal_type.cal_data.cal_size = 16
10-11 14:41:59.462   621  1065 D ACDB-LOADER: ACDB -> send_afe_topology
10-11 14:41:59.462   621  1065 D ACDB-LOADER: ACDB -> ACDB_CMD_GET_AFE_TOPOLOGY_ID
10-11 14:41:59.462   621  1065 D ACDB-LOADER: ACDB -> GET_AFE_TOPOLOGY_ID for adcd_id 14, Topology Id 1025e
10-11 14:41:59.462   621  1065 D ACDB-LOADER: ACDB -> send_afe_cal
10-11 14:41:59.462   621  1065 D ACDB-LOADER: ACDB -> ACDB_CMD_GET_AFE_COMMON_TABLE
10-11 14:41:59.462   621  1065 D ACDB-LOADER: ACDB -> AUDIO_SET_AFE_CAL
10-11 14:41:59.462   621  1065 D ACDB-LOADER: ACDB -> send_hw_delay : acdb_id = 14 path = 0
10-11 14:41:59.462   621  1065 D ACDB-LOADER: ACDB -> ACDB_AVSYNC_INFO: ACDB_CMD_GET_DEVICE_PROPERTY
10-11 14:41:59.463   621  1065 D audio_hw_primary: enable_audio_route: apply mixer and update path: low-latency-playback
10-11 14:41:59.467   621  1065 D audio_hw_primary: select_devices: done
10-11 14:41:59.472   621  1065 D msm8916_platform: platform_set_channel_map mixer_ctl_name:Playback Channel Map12
10-11 14:41:59.472   621  1065 D msm8916_platform: platform_set_channel_map: set mapping(1 2 0 0 0 0 0 0) for channel:2
10-11 14:41:59.485  4965  4965 I APP_LogUtils.kt: [(LogUtils.kt:50).i()] [com.gbcom.library_base.service.LLteService] lte_resp_sys_for_emci_detail - EmciDetail=com.ztegota.system.common.EmciDetail@3f140c8
10-11 14:41:59.486  4965  4986 D LogWriteUtil.class=LogFileHandlerThread.class: 1getFilePath: logFormat=2022-10-11, LogWriteUtil.logPathDir=/custom/metro/log
10-11 14:41:59.486  4965  4986 D LogWriteUtil.class=LogFileHandlerThread.class: 2getFilePath: filePath=/custom/metro/log/2022-10-11
10-11 14:41:59.487  4965  4986 D LogWriteUtil.class=LogFileHandlerThread.class: 1getCurrentFileName: LogWriteUtil.logfile=app.log
10-11 14:41:59.488  4965  4986 D LogWriteUtil.class=LogFileHandlerThread.class: 1getFilePath: logFormat=2022-10-11, LogWriteUtil.logPathDir=/custom/metro/log
10-11 14:41:59.488  4965  4986 D LogWriteUtil.class=LogFileHandlerThread.class: 2getFilePath: filePath=/custom/metro/log/2022-10-11
10-11 14:41:59.488  4965  4986 D LogWriteUtil.class=LogFileHandlerThread.class: getFileNameSuffix: file=/custom/metro/log/2022-10-11
10-11 14:41:59.488  4965  4986 D LogWriteUtil.class=LogFileHandlerThread.class: 2getCurrentFileName: index=3, LogWriteUtil.logfile=app.log, getFileNameSuffix=5
10-11 14:41:59.488  4965  4965 D MainActivity: onMessageEvent  -- gginit: disApi, id=1---event={"MsgSeqID":1212519,"MsgName":"GetStationATSRsp","MsgInfo":{"Code":10011,"StationATSInfos":[{"TrainGroupNumber":"212","ServiceNumber":"000","TrainCrewNumber":"000","TrainPosition":"1","TrainRunningPosition":"1","RailName":"T1212","StationID":"012","TerminalStationID":"000","DestinationID":"000"}]}}
10-11 14:41:59.488  4965  4965 D MainViewModel: 1processDisApi: disApi, id=1
10-11 14:41:59.489  4965  4986 D LogWriteUtil.class=LogFileHandlerThread.class: 1getFilePath: logFormat=2022-10-11, LogWriteUtil.logPathDir=/custom/metro/log
10-11 14:41:59.489  4965  4986 D LogWriteUtil.class=LogFileHandlerThread.class: 2getFilePath: filePath=/custom/metro/log/2022-10-11
10-11 14:41:59.489  4965  4965 D MainActivity: onMessageEvent  -- gginit: disApi, id=1---event={"MsgSeqID":1212534,"MsgName":"GetStationATSRsp","MsgInfo":{"Code":10011,"StationATSInfos":[{"TrainGroupNumber":"212","ServiceNumber":"000","TrainCrewNumber":"000","TrainPosition":"1","TrainRunningPosition":"1","RailName":"T1212","StationID":"012","TerminalStationID":"000","DestinationID":"000"}]}}
10-11 14:41:59.489  4965  4965 D MainViewModel: 1processDisApi: disApi, id=1
10-11 14:41:59.489  4965  4986 D LogWriteUtil.class=LogFileHandlerThread.class: getFileNameSuffix: file=/custom/metro/log/2022-10-11
10-11 14:41:59.489  4965  4965 D MainActivity: onMessageEvent  -- gginit: disApi, id=1---event={"MsgSeqID":1212553,"MsgName":"GetStationATSRsp","MsgInfo":{"Code":10011,"StationATSInfos":[{"TrainGroupNumber":"212","ServiceNumber":"000","TrainCrewNumber":"000","TrainPosition":"1","TrainRunningPosition":"1","RailName":"T1212","StationID":"012","TerminalStationID":"000","DestinationID":"000"}]}}
10-11 14:41:59.489  4965  4965 D MainViewModel: 1processDisApi: disApi, id=1
10-11 14:41:59.489  4965  4986 D LogWriteUtil.class=LogFileHandlerThread.class: 3getCurrentFileName: logFileName=app5.log
10-11 14:41:59.489  4965  4986 D LogWriteUtil.class=LogFileHandlerThread.class: 1,initFile: getFilePath()=/custom/metro/log/2022-10-11, getCurrentFileName=app5.log
10-11 14:41:59.489  4965  5254 D DisApiSingletonReceive: processingData: disApi, id=227 - data={"MsgSeqID":1212534,"MsgName":"GetStationATSRsp","MsgInfo":{"Code":10011,"StationATSInfos":[{"TrainGroupNumber":"212","ServiceNumber":"000","TrainCrewNumber":"000","TrainPosition":"1","TrainRunningPosition":"1","RailName":"T1212","StationID":"012","TerminalStationID":"000","DestinationID":"000"}]}}
10-11 14:41:59.489  4965  5289 D DisApiSingletonReceive: processingData: disApi, id=229 - data={"MsgSeqID":1212519,"MsgName":"GetStationATSRsp","MsgInfo":{"Code":10011,"StationATSInfos":[{"TrainGroupNumber":"212","ServiceNumber":"000","TrainCrewNumber":"000","TrainPosition":"1","TrainRunningPosition":"1","RailName":"T1212","StationID":"012","TerminalStationID":"000","DestinationID":"000"}]}}
10-11 14:41:59.490  4965  5384 D DisApiSingletonReceive: processingData: disApi, id=233 - data={"MsgSeqID":1212553,"MsgName":"GetStationATSRsp","MsgInfo":{"Code":10011,"StationATSInfos":[{"TrainGroupNumber":"212","ServiceNumber":"000","TrainCrewNumber":"000","TrainPosition":"1","TrainRunningPosition":"1","RailName":"T1212","StationID":"012","TerminalStationID":"000","DestinationID":"000"}]}}
10-11 14:41:59.491  4965  4986 D LogWriteUtil.class=LogFileHandlerThread.class: 1getFilePath: logFormat=2022-10-11, LogWriteUtil.logPathDir=/custom/metro/log
10-11 14:41:59.491  4965  4986 D LogWriteUtil.class=LogFileHandlerThread.class: 2getFilePath: filePath=/custom/metro/log/2022-10-11
10-11 14:41:59.491  4965  4986 D LogWriteUtil.class=LogFileHandlerThread.class: 1getCurrentFileName: LogWriteUtil.logfile=app.log
10-11 14:41:59.491  4965  5057 D MainViewModel: getSystemTime_currentThreadID2: 199
10-11 14:41:59.492  4965  5384 D DisApiSingletonReceive: parseStationAtsData: atsInfo=com.gbcom.library_base.data.StationAtsApiData@225b561
10-11 14:41:59.492  4965  5384 D BtrunCConfig: isR2Nubmer is true
10-11 14:41:59.492  4965  5384 D com.ztegota.system.GotaSystem: getMdn +866022012
10-11 14:41:59.492  4965  5384 D TAG     : getUserId: userId2=+866022012
10-11 14:41:59.492  4965  4986 D LogWriteUtil.class=LogFileHandlerThread.class: 1getFilePath: logFormat=2022-10-11, LogWriteUtil.logPathDir=/custom/metro/log
10-11 14:41:59.492  4965  4986 D LogWriteUtil.class=LogFileHandlerThread.class: 2getFilePath: filePath=/custom/metro/log/2022-10-11
10-11 14:41:59.492  4965  4986 D LogWriteUtil.class=LogFileHandlerThread.class: getFileNameSuffix: file=/custom/metro/log/2022-10-11
10-11 14:41:59.493  4965  4986 D LogWriteUtil.class=LogFileHandlerThread.class: 2getCurrentFileName: index=3, LogWriteUtil.logfile=app.log, getFileNameSuffix=5
10-11 14:41:59.494  4965  4986 D LogWriteUtil.class=LogFileHandlerThread.class: 1getFilePath: logFormat=2022-10-11, LogWriteUtil.logPathDir=/custom/metro/log
10-11 14:41:59.494  4965  4986 D LogWriteUtil.class=LogFileHandlerThread.class: 2getFilePath: filePath=/custom/metro/log/2022-10-11
10-11 14:41:59.494  4965  4986 D LogWriteUtil.class=LogFileHandlerThread.class: getFileNameSuffix: file=/custom/metro/log/2022-10-11
10-11 14:41:59.494  4965  5254 D DisApiSingletonReceive: parseStationAtsData: atsInfo=com.gbcom.library_base.data.StationAtsApiData@dd1d547
10-11 14:41:59.495  4965  5254 D BtrunCConfig: isR2Nubmer is true
10-11 14:41:59.495  4965  4986 D LogWriteUtil.class=LogFileHandlerThread.class: 3getCurrentFileName: logFileName=app5.log
10-11 14:41:59.495  4965  4986 D LogWriteUtil.class=LogFileHandlerThread.class: 1getCurrentFileName: LogWriteUtil.logfile=app.log
10-11 14:41:59.496  4965  5289 D DisApiSingletonReceive: parseStationAtsData: atsInfo=com.gbcom.library_base.data.StationAtsApiData@d3da174
10-11 14:41:59.497  4965  5289 D BtrunCConfig: isR2Nubmer is true
10-11 14:41:59.497  4965  5289 D com.ztegota.system.GotaSystem: getMdn +866022012
10-11 14:41:59.497  4965  5289 D TAG     : getUserId: userId2=+866022012
10-11 14:41:59.495  4965  5254 D com.ztegota.system.GotaSystem: getMdn +866022012
10-11 14:41:59.497  4965  4986 D LogWriteUtil.class=LogFileHandlerThread.class: 1getFilePath: logFormat=2022-10-11, LogWriteUtil.logPathDir=/custom/metro/log
10-11 14:41:59.497  4965  4986 D LogWriteUtil.class=LogFileHandlerThread.class: 2getFilePath: filePath=/custom/metro/log/2022-10-11
10-11 14:41:59.497  4965  4986 D LogWriteUtil.class=LogFileHandlerThread.class: getFileNameSuffix: file=/custom/metro/log/2022-10-11
10-11 14:41:59.498  4965  4986 D LogWriteUtil.class=LogFileHandlerThread.class: 2getCurrentFileName: index=3, LogWriteUtil.logfile=app.log, getFileNameSuffix=5
10-11 14:41:59.497  4965  5254 D TAG     : getUserId: userId2=+866022012
10-11 14:41:59.499  4965  4986 D LogWriteUtil.class=LogFileHandlerThread.class: 1getFilePath: logFormat=2022-10-11, LogWriteUtil.logPathDir=/custom/metro/log
10-11 14:41:59.499  4965  4986 D LogWriteUtil.class=LogFileHandlerThread.class: 2getFilePath: filePath=/custom/metro/log/2022-10-11
10-11 14:41:59.499  4965  4986 D LogWriteUtil.class=LogFileHandlerThread.class: getFileNameSuffix: file=/custom/metro/log/2022-10-11
10-11 14:41:59.499  4965  4986 D LogWriteUtil.class=LogFileHandlerThread.class: 3getCurrentFileName: logFileName=app5.log
10-11 14:41:59.499  4965  4986 D TAG     : 2,initFile: /custom/metro/log/2022-10-11/app5.log, logFile.length=0, getCurrentFileName()=app5.log, writeFileName=/custom/metro/log/2022-10-11/app41665469747342.log
10-11 14:41:59.499  4965  4986 D LogWriteUtil.class=LogFileHandlerThread.class: 8,initFile: logFile=/custom/metro/log/2022-10-11/app5.log, logFile.length=0
10-11 14:41:59.508  4965  4965 D IndexFragment: initView: applyFxData() - ats=[StationAts(createTime=1665470519, trainGroupNumber=212, serviceNumber=000, trainCrewNumber=000, trainPosition=1, trainRunningPosition=1, railName=T1212, stationID=012, terminalStationID=000, destinationID=000, identityID=+866022012)]
10-11 14:41:59.520  4965  5021 I LTERILJ : XXX set ScanInfo success
10-11 14:41:59.520  4965  5021 D LTERILJ : [UNSL]< RIL_UNSOL_NOTIFY_PTT_SCAN_INFO_RSP
10-11 14:41:59.521  4965  5022 D LTEGroupManager: LteGroupTracker handleMessage: GROUPMANAGER_RESP_UPDATE_SCAN_RSP
10-11 14:41:59.521  4965  5022 D GroupStatusSetScan: handleUpdateScan result is 0
10-11 14:41:59.521  4965  5022 D LTEGroupManager: switch group status GroupStatusSetScan -----> GroupStatusNormal
10-11 14:41:59.521  4965  5022 D GroupStatusSetScan: handleUpdateScan in:cause:2,count:1,+866027312  out:cause:2,count:1,+866027312 
10-11 14:41:59.522  4965  5022 D GroupStatusSetScan: handleUpdateScan in equals out, set scaninfo done.
10-11 14:41:59.539   621  1065 D audio_hw_primary: start_output_stream: exit
10-11 14:41:59.559  4965  4965 D SystemFragment: onClickview: 2131230883
10-11 14:41:59.561   621  2067 I AudioPolicyManagerCustom: FLAG None hence request for a primary output
10-11 14:41:59.562   621   621 I AudioPolicyManagerCustom: FLAG None hence request for a primary output
10-11 14:41:59.564  4965  4965 D GroupHelper: getGroupByNumber : group nuber is +866027312
10-11 14:41:59.567  4965  4965 V GroupHelper: getGroupByNumber result cursor: android.content.ContentResolver$CursorWrapperInner@b6af99
10-11 14:41:59.570  4965  4965 D IndexFragment: initView: applyFxData() - ats=[StationAts(createTime=1665470519, trainGroupNumber=212, serviceNumber=000, trainCrewNumber=000, trainPosition=1, trainRunningPosition=1, railName=T1212, stationID=012, terminalStationID=000, destinationID=000, identityID=+866022012)]
10-11 14:41:59.616  4965  5254 D TAG     : getSystemTime_currentThreadID3s: 227, isActive=true
10-11 14:41:59.701  4965  4965 D SystemFragment: onClickview: 2131230883
10-11 14:41:59.703   621  4304 I AudioPolicyManagerCustom: FLAG None hence request for a primary output
10-11 14:41:59.704   621  1302 I AudioPolicyManagerCustom: FLAG None hence request for a primary output
10-11 14:41:59.709  4965  4965 D GroupHelper: getGroupByNumber : group nuber is +866027312
10-11 14:41:59.712  4965  4965 V GroupHelper: getGroupByNumber result cursor: android.content.ContentResolver$CursorWrapperInner@f39ac55
10-11 14:41:59.854  4965  4965 D SystemFragment: onClickview: 2131230883
10-11 14:41:59.855   621  3500 I AudioPolicyManagerCustom: FLAG None hence request for a primary output
10-11 14:41:59.856   621  4303 I AudioPolicyManagerCustom: FLAG None hence request for a primary output
10-11 14:41:59.858   621  1065 D audio_hw_primary: out_set_parameters: enter: usecase(1: low-latency-playback) kvpairs: routing=2
10-11 14:41:59.861   621  1065 D audio_hw_primary: select_devices for use case (low-latency-playback)
10-11 14:41:59.861   621  1065 D audio_hw_extn: audio_extn_set_anc_parameters: anc_enabled:0
10-11 14:41:59.861   621  1065 D audio_hw_spkr_prot: audio_extn_fbsp_set_parameters: Speaker protection disabled
10-11 14:41:59.863  4965  4965 D GroupHelper: getGroupByNumber : group nuber is +866027312
10-11 14:41:59.867  4965  4965 V GroupHelper: getGroupByNumber result cursor: android.content.ContentResolver$CursorWrapperInner@bf8e75b
10-11 14:41:59.996  4965  5254 D MainViewModel: getSystemTime_currentThreadID2: 227
10-11 14:42:00.021  1700  1700 D KeyguardUpdateMonitor: received broadcast android.intent.action.TIME_TICK
10-11 14:42:00.022  1700  1700 D KeyguardUpdateMonitor: handleTimeUpdate
10-11 14:42:00.035  4965  4965 D SystemFragment: onClickview: 2131230883
10-11 14:42:00.036   621  4303 I AudioPolicyManagerCustom: FLAG None hence request for a primary output
10-11 14:42:00.040  4965  4965 D GroupHelper: getGroupByNumber : group nuber is +866027312
10-11 14:42:00.042  4965  4965 V GroupHelper: getGroupByNumber result cursor: android.content.ContentResolver$CursorWrapperInner@f558f36
10-11 14:42:00.043   621  4304 I AudioPolicyManagerCustom: FLAG None hence request for a primary output
10-11 14:42:00.055   621  1065 D audio_hw_primary: out_set_parameters: enter: usecase(1: low-latency-playback) kvpairs: routing=2
10-11 14:42:00.057   621  1065 D audio_hw_primary: select_devices for use case (low-latency-playback)
10-11 14:42:00.057   621  1065 D audio_hw_extn: audio_extn_set_anc_parameters: anc_enabled:0
10-11 14:42:00.057   621  1065 D audio_hw_spkr_prot: audio_extn_fbsp_set_parameters: Speaker protection disabled
10-11 14:42:00.120  4965  5254 D TAG     : getSystemTime_currentThreadID3s: 227, isActive=true
10-11 14:42:00.212  4965  4965 D SystemFragment: onClickview: 2131230883
10-11 14:42:00.215   621  4304 I AudioPolicyManagerCustom: FLAG None hence request for a primary output
10-11 14:42:00.217   621  1692 I AudioPolicyManagerCustom: FLAG None hence request for a primary output
10-11 14:42:00.223   621  1065 D audio_hw_primary: out_set_parameters: enter: usecase(1: low-latency-playback) kvpairs: routing=2
10-11 14:42:00.224  4965  4965 D GroupHelper: getGroupByNumber : group nuber is +866027312
10-11 14:42:00.224   621  1065 D audio_hw_primary: select_devices for use case (low-latency-playback)
10-11 14:42:00.224   621  1065 D audio_hw_extn: audio_extn_set_anc_parameters: anc_enabled:0
10-11 14:42:00.224   621  1065 D audio_hw_spkr_prot: audio_extn_fbsp_set_parameters: Speaker protection disabled
10-11 14:42:00.229  4965  4965 V GroupHelper: getGroupByNumber result cursor: android.content.ContentResolver$CursorWrapperInner@10c110d
10-11 14:42:00.321  4965  5021 I rilj    : EMCI Detial(CellId--->Tav): 5378,255,2,"460702",255,65535,59,65535,255,255,61,27,16,255,1185411028021,0,0,0,0,0,0,0,0
10-11 14:42:00.321  4965  5021 D LTERILJ : [UNSL]< RIL_UNSOL_NOTIFY_EMCI_DETAIL
10-11 14:42:00.322  4965  5018 D LTEPhone: EVENT_FOR_EMCI_DETAIL
10-11 14:42:00.322  4965  5018 D LTEServiceTracker: setCellId cellId:5378,"460702"
10-11 14:42:00.324  4965  4965 I APP_LogUtils.kt: [(LogUtils.kt:50).i()] [com.gbcom.library_base.service.LLteService] lte_resp_sys_for_emci_detail - EmciDetail=com.ztegota.system.common.EmciDetail@c6368c2
10-11 14:42:00.326  4965  4986 D LogWriteUtil.class=LogFileHandlerThread.class: 1getFilePath: logFormat=2022-10-11, LogWriteUtil.logPathDir=/custom/metro/log
10-11 14:42:00.326  4965  4986 D LogWriteUtil.class=LogFileHandlerThread.class: 2getFilePath: filePath=/custom/metro/log/2022-10-11
10-11 14:42:00.326  4965  4986 D LogWriteUtil.class=LogFileHandlerThread.class: 1getCurrentFileName: LogWriteUtil.logfile=app.log
10-11 14:42:00.327  4965  4986 D LogWriteUtil.class=LogFileHandlerThread.class: 1getFilePath: logFormat=2022-10-11, LogWriteUtil.logPathDir=/custom/metro/log
10-11 14:42:00.327  4965  4986 D LogWriteUtil.class=LogFileHandlerThread.class: 2getFilePath: filePath=/custom/metro/log/2022-10-11
10-11 14:42:00.327  4965  4986 D LogWriteUtil.class=LogFileHandlerThread.class: getFileNameSuffix: file=/custom/metro/log/2022-10-11
10-11 14:42:00.328  4965  4986 D LogWriteUtil.class=LogFileHandlerThread.class: 2getCurrentFileName: index=3, LogWriteUtil.logfile=app.log, getFileNameSuffix=5
10-11 14:42:00.328  4965  4986 D LogWriteUtil.class=LogFileHandlerThread.class: 1getFilePath: logFormat=2022-10-11, LogWriteUtil.logPathDir=/custom/metro/log
10-11 14:42:00.328  4965  4986 D LogWriteUtil.class=LogFileHandlerThread.class: 2getFilePath: filePath=/custom/metro/log/2022-10-11
10-11 14:42:00.328  4965  4986 D LogWriteUtil.class=LogFileHandlerThread.class: getFileNameSuffix: file=/custom/metro/log/2022-10-11
10-11 14:42:00.329  4965  4986 D LogWriteUtil.class=LogFileHandlerThread.class: 3getCurrentFileName: logFileName=app5.log
10-11 14:42:00.329  4965  4986 D LogWriteUtil.class=LogFileHandlerThread.class: 1,initFile: getFilePath()=/custom/metro/log/2022-10-11, getCurrentFileName=app5.log
10-11 14:42:00.329  4965  4986 D LogWriteUtil.class=LogFileHandlerThread.class: 1getFilePath: logFormat=2022-10-11, LogWriteUtil.logPathDir=/custom/metro/log
10-11 14:42:00.330  4965  4986 D LogWriteUtil.class=LogFileHandlerThread.class: 2getFilePath: filePath=/custom/metro/log/2022-10-11
10-11 14:42:00.330  4965  4986 D LogWriteUtil.class=LogFileHandlerThread.class: 1getCurrentFileName: LogWriteUtil.logfile=app.log
10-11 14:42:00.330  4965  4986 D LogWriteUtil.class=LogFileHandlerThread.class: 1getFilePath: logFormat=2022-10-11, LogWriteUtil.logPathDir=/custom/metro/log
10-11 14:42:00.330  4965  4986 D LogWriteUtil.class=LogFileHandlerThread.class: 2getFilePath: filePath=/custom/metro/log/2022-10-11
10-11 14:42:00.330  4965  4986 D LogWriteUtil.class=LogFileHandlerThread.class: getFileNameSuffix: file=/custom/metro/log/2022-10-11
10-11 14:42:00.331  4965  4986 D LogWriteUtil.class=LogFileHandlerThread.class: 2getCurrentFileName: index=3, LogWriteUtil.logfile=app.log, getFileNameSuffix=5
10-11 14:42:00.331  4965  4986 D LogWriteUtil.class=LogFileHandlerThread.class: 1getFilePath: logFormat=2022-10-11, LogWriteUtil.logPathDir=/custom/metro/log
10-11 14:42:00.331  4965  4986 D LogWriteUtil.class=LogFileHandlerThread.class: 2getFilePath: filePath=/custom/metro/log/2022-10-11
10-11 14:42:00.331  4965  4986 D LogWriteUtil.class=LogFileHandlerThread.class: getFileNameSuffix: file=/custom/metro/log/2022-10-11
10-11 14:42:00.332  4965  4986 D LogWriteUtil.class=LogFileHandlerThread.class: 3getCurrentFileName: logFileName=app5.log
10-11 14:42:00.332  4965  4986 D LogWriteUtil.class=LogFileHandlerThread.class: 1getCurrentFileName: LogWriteUtil.logfile=app.log
10-11 14:42:00.333  4965  4986 D LogWriteUtil.class=LogFileHandlerThread.class: 1getFilePath: logFormat=2022-10-11, LogWriteUtil.logPathDir=/custom/metro/log
10-11 14:42:00.333  4965  4986 D LogWriteUtil.class=LogFileHandlerThread.class: 2getFilePath: filePath=/custom/metro/log/2022-10-11
10-11 14:42:00.333  4965  4986 D LogWriteUtil.class=LogFileHandlerThread.class: getFileNameSuffix: file=/custom/metro/log/2022-10-11
10-11 14:42:00.333  4965  4986 D LogWriteUtil.class=LogFileHandlerThread.class: 2getCurrentFileName: index=3, LogWriteUtil.logfile=app.log, getFileNameSuffix=5
10-11 14:42:00.334  4965  4986 D LogWriteUtil.class=LogFileHandlerThread.class: 1getFilePath: logFormat=2022-10-11, LogWriteUtil.logPathDir=/custom/metro/log
10-11 14:42:00.334  4965  4986 D LogWriteUtil.class=LogFileHandlerThread.class: 2getFilePath: filePath=/custom/metro/log/2022-10-11
10-11 14:42:00.334  4965  4986 D LogWriteUtil.class=LogFileHandlerThread.class: getFileNameSuffix: file=/custom/metro/log/2022-10-11
10-11 14:42:00.335  4965  4986 D LogWriteUtil.class=LogFileHandlerThread.class: 3getCurrentFileName: logFileName=app5.log
10-11 14:42:00.335  4965  4986 D TAG     : 2,initFile: /custom/metro/log/2022-10-11/app5.log, logFile.length=0, getCurrentFileName()=app5.log, writeFileName=/custom/metro/log/2022-10-11/app41665469747342.log
10-11 14:42:00.335  4965  4986 D LogWriteUtil.class=LogFileHandlerThread.class: 8,initFile: logFile=/custom/metro/log/2022-10-11/app5.log, logFile.length=0
10-11 14:42:00.499  4965  5254 D MainViewModel: getSystemTime_currentThreadID2: 227
10-11 14:42:00.625  4965  5254 D TAG     : getSystemTime_currentThreadID3s: 227, isActive=true
10-11 14:42:01.001  4965  5254 D MainViewModel: getSystemTime_currentThreadID2: 227
10-11 14:42:01.129  4965  5254 D TAG     : getSystemTime_currentThreadID3s: 227, isActive=true
10-11 14:42:01.315   660   660 I cnss-daemon: RTM_NEWNEIGH message received: 28
10-11 14:42:01.315   660   660 I cnss-daemon: NDA_DST received: 192.168.42.133 ul: 562995137259712
10-11 14:42:01.315   660   660 I cnss-daemon: NDA_LLADDR received
10-11 14:42:01.319  4965  5021 I rilj    : EMCI Detial(CellId--->Tav): 5378,255,2,"460702",255,65535,59,65535,255,255,59,28,16,255,1185411028021,0,0,0,0,0,0,0,0
10-11 14:42:01.319  4965  5021 D LTERILJ : [UNSL]< RIL_UNSOL_NOTIFY_EMCI_DETAIL
10-11 14:42:01.320  4965  5018 D LTEPhone: EVENT_FOR_EMCI_DETAIL
10-11 14:42:01.320  4965  5018 D LTEServiceTracker: setCellId cellId:5378,"460702"
10-11 14:42:01.326  4965  4965 I APP_LogUtils.kt: [(LogUtils.kt:50).i()] [com.gbcom.library_base.service.LLteService] lte_resp_sys_for_emci_detail - EmciDetail=com.ztegota.system.common.EmciDetail@421ef3c
10-11 14:42:01.327  4965  4965 D SystemFragment: onClickview: 2131231178
10-11 14:42:01.328   621  1692 I AudioPolicyManagerCustom: FLAG None hence request for a primary output
10-11 14:42:01.329   621  1302 I AudioPolicyManagerCustom: FLAG None hence request for a primary output
10-11 14:42:01.329  4965  4986 D LogWriteUtil.class=LogFileHandlerThread.class: 1getFilePath: logFormat=2022-10-11, LogWriteUtil.logPathDir=/custom/metro/log
10-11 14:42:01.329  4965  4986 D LogWriteUtil.class=LogFileHandlerThread.class: 2getFilePath: filePath=/custom/metro/log/2022-10-11
10-11 14:42:01.329  4965  4986 D LogWriteUtil.class=LogFileHandlerThread.class: 1getCurrentFileName: LogWriteUtil.logfile=app.log
10-11 14:42:01.331  4965  4986 D LogWriteUtil.class=LogFileHandlerThread.class: 1getFilePath: logFormat=2022-10-11, LogWriteUtil.logPathDir=/custom/metro/log
10-11 14:42:01.331  4965  4986 D LogWriteUtil.class=LogFileHandlerThread.class: 2getFilePath: filePath=/custom/metro/log/2022-10-11
10-11 14:42:01.331  4965  4986 D LogWriteUtil.class=LogFileHandlerThread.class: getFileNameSuffix: file=/custom/metro/log/2022-10-11
10-11 14:42:01.331  4965  4986 D LogWriteUtil.class=LogFileHandlerThread.class: 2getCurrentFileName: index=3, LogWriteUtil.logfile=app.log, getFileNameSuffix=5
10-11 14:42:01.332  4965  4986 D LogWriteUtil.class=LogFileHandlerThread.class: 1getFilePath: logFormat=2022-10-11, LogWriteUtil.logPathDir=/custom/metro/log
10-11 14:42:01.332  4965  4986 D LogWriteUtil.class=LogFileHandlerThread.class: 2getFilePath: filePath=/custom/metro/log/2022-10-11
10-11 14:42:01.332  4965  4986 D LogWriteUtil.class=LogFileHandlerThread.class: getFileNameSuffix: file=/custom/metro/log/2022-10-11
10-11 14:42:01.332  4965  4986 D LogWriteUtil.class=LogFileHandlerThread.class: 3getCurrentFileName: logFileName=app5.log
10-11 14:42:01.332  4965  4986 D LogWriteUtil.class=LogFileHandlerThread.class: 1,initFile: getFilePath()=/custom/metro/log/2022-10-11, getCurrentFileName=app5.log
10-11 14:42:01.333  4965  4965 D GroupHelper: getGroupByNumber : group nuber is +866027312
10-11 14:42:01.333  4965  4986 D LogWriteUtil.class=LogFileHandlerThread.class: 1getFilePath: logFormat=2022-10-11, LogWriteUtil.logPathDir=/custom/metro/log
10-11 14:42:01.333  4965  4986 D LogWriteUtil.class=LogFileHandlerThread.class: 2getFilePath: filePath=/custom/metro/log/2022-10-11
10-11 14:42:01.333  4965  4986 D LogWriteUtil.class=LogFileHandlerThread.class: 1getCurrentFileName: LogWriteUtil.logfile=app.log
10-11 14:42:01.336  4965  4986 D LogWriteUtil.class=LogFileHandlerThread.class: 1getFilePath: logFormat=2022-10-11, LogWriteUtil.logPathDir=/custom/metro/log
10-11 14:42:01.336  4965  4986 D LogWriteUtil.class=LogFileHandlerThread.class: 2getFilePath: filePath=/custom/metro/log/2022-10-11
10-11 14:42:01.336  4965  4986 D LogWriteUtil.class=LogFileHandlerThread.class: getFileNameSuffix: file=/custom/metro/log/2022-10-11
10-11 14:42:01.337  4965  4986 D LogWriteUtil.class=LogFileHandlerThread.class: 2getCurrentFileName: index=3, LogWriteUtil.logfile=app.log, getFileNameSuffix=5
10-11 14:42:01.337  4965  4986 D LogWriteUtil.class=LogFileHandlerThread.class: 1getFilePath: logFormat=2022-10-11, LogWriteUtil.logPathDir=/custom/metro/log
10-11 14:42:01.338  4965  4965 V GroupHelper: getGroupByNumber result cursor: android.content.ContentResolver$CursorWrapperInner@dbf54c5
10-11 14:42:01.338  4965  4986 D LogWriteUtil.class=LogFileHandlerThread.class: 2getFilePath: filePath=/custom/metro/log/2022-10-11
10-11 14:42:01.338  4965  4986 D LogWriteUtil.class=LogFileHandlerThread.class: getFileNameSuffix: file=/custom/metro/log/2022-10-11
10-11 14:42:01.338   621  1065 D audio_hw_primary: out_set_parameters: enter: usecase(1: low-latency-playback) kvpairs: routing=2
10-11 14:42:01.338  4965  4986 D LogWriteUtil.class=LogFileHandlerThread.class: 3getCurrentFileName: logFileName=app5.log
10-11 14:42:01.338  4965  4986 D LogWriteUtil.class=LogFileHandlerThread.class: 1getCurrentFileName: LogWriteUtil.logfile=app.log
10-11 14:42:01.340  4965  4986 D LogWriteUtil.class=LogFileHandlerThread.class: 1getFilePath: logFormat=2022-10-11, LogWriteUtil.logPathDir=/custom/metro/log
10-11 14:42:01.340  4965  4986 D LogWriteUtil.class=LogFileHandlerThread.class: 2getFilePath: filePath=/custom/metro/log/2022-10-11
10-11 14:42:01.340  4965  4986 D LogWriteUtil.class=LogFileHandlerThread.class: getFileNameSuffix: file=/custom/metro/log/2022-10-11
10-11 14:42:01.341   621  1065 D audio_hw_primary: select_devices for use case (low-latency-playback)
10-11 14:42:01.341  4965  4986 D LogWriteUtil.class=LogFileHandlerThread.class: 2getCurrentFileName: index=3, LogWriteUtil.logfile=app.log, getFileNameSuffix=5
10-11 14:42:01.341   621  1065 D audio_hw_extn: audio_extn_set_anc_parameters: anc_enabled:0
10-11 14:42:01.341  4965  4965 D GroupHelper: modifyGroup : target group name is S2天河站站务组
10-11 14:42:01.341   621  1065 D audio_hw_spkr_prot: audio_extn_fbsp_set_parameters: Speaker protection disabled
10-11 14:42:01.341  4965  4986 D LogWriteUtil.class=LogFileHandlerThread.class: 1getFilePath: logFormat=2022-10-11, LogWriteUtil.logPathDir=/custom/metro/log
10-11 14:42:01.341  4965  4986 D LogWriteUtil.class=LogFileHandlerThread.class: 2getFilePath: filePath=/custom/metro/log/2022-10-11
10-11 14:42:01.341  4965  5018 D GotaSystemHandler: handleMessage msg.what =GROUPMANAGER_RESP_UPDATE_SCAN_GROUP;msg.arg1=0
10-11 14:42:01.341  4965  4986 D LogWriteUtil.class=LogFileHandlerThread.class: getFileNameSuffix: file=/custom/metro/log/2022-10-11
10-11 14:42:01.341  4965  5018 D LTEPhone: processRequest msg.what=GROUPMANAGER_RESP_UPDATE_SCAN_GROUP
10-11 14:42:01.341  4965  5018 D LTEGroupManager: LteGroupTracker handleMessage: GROUPMANAGER_RESP_UPDATE_SCAN_GROUP
10-11 14:42:01.342  4965  5018 D LTEGroupManager: updateScanGroupInfo()
10-11 14:42:01.342  4965  5018 D GroupStatusNormal: setScanGroup,scanInfo:cause:0,count:0,
10-11 14:42:01.342  4965  4986 D LogWriteUtil.class=LogFileHandlerThread.class: 3getCurrentFileName: logFileName=app5.log
10-11 14:42:01.342  4965  4986 D TAG     : 2,initFile: /custom/metro/log/2022-10-11/app5.log, logFile.length=0, getCurrentFileName()=app5.log, writeFileName=/custom/metro/log/2022-10-11/app41665469747342.log
10-11 14:42:01.342  4965  4986 D LogWriteUtil.class=LogFileHandlerThread.class: 8,initFile: logFile=/custom/metro/log/2022-10-11/app5.log, logFile.length=0
10-11 14:42:01.373  4965  5018 D GroupStatusNormal: setScanGroup,DynamicGroup in db null,do nothing
10-11 14:42:01.373  4965  4965 D GroupHelper: modifyGroup : target group name is S2天河站上行广播组
10-11 14:42:01.373  4965  5018 D GroupStatusNormal: updateScanGroupInfo() callStaus is 0
10-11 14:42:01.373  4965  5018 D LTEGroupManager: switch group status GroupStatusNormal -----> GroupStatusSetScan
10-11 14:42:01.373  4965  5018 D LTERILJ : [0181]> RIL_REQUEST_ZTE_UPDATE_SCANGROUPINFO
10-11 14:42:01.397  4965  4965 D GroupHelper: modifyGroup : target group name is S2天河站下行广播组
10-11 14:42:01.425  4965  4965 D GroupHelper: modifyGroup : target group name is S2车站通播组
10-11 14:42:01.430  4965  5021 D LTERILJ : [0181]< RIL_REQUEST_ZTE_UPDATE_SCANGROUPINFO 
10-11 14:42:01.462  4965  4965 D GotaSettingsHelper: String putValues key:4 value:0
10-11 14:42:01.462  4965  4965 E SettingsProvider: update
10-11 14:42:01.496  4965  5021 I LTERILJ : XXX set ScanInfo success
10-11 14:42:01.497  4965  5021 D LTERILJ : [UNSL]< RIL_UNSOL_NOTIFY_PTT_SCAN_INFO_RSP
10-11 14:42:01.497  4965  5022 D LTEGroupManager: LteGroupTracker handleMessage: GROUPMANAGER_RESP_UPDATE_SCAN_RSP
10-11 14:42:01.497  4965  5022 D GroupStatusSetScan: handleUpdateScan result is 0
10-11 14:42:01.498  4965  5022 D LTEGroupManager: switch group status GroupStatusSetScan -----> GroupStatusNormal
10-11 14:42:01.498  4965  5022 D GroupStatusSetScan: handleUpdateScan in:cause:0,count:0, out:cause:0,count:0,
10-11 14:42:01.498  4965  5022 D GroupStatusSetScan: handleUpdateScan in equals out, set scaninfo done.
10-11 14:42:01.515  4965  5254 D MainViewModel: getSystemTime_currentThreadID2: 227
10-11 14:42:01.557  4965  5059 D UdpDcRepository: api send - Thread ID=201, obj={"MsgName":"GetStationATSReq","MsgSeqID":558,"AppID":"172.2.200.12","MsgInfo":{}}
10-11 14:42:01.560  4965  5059 I APP_LogUtils.kt: [(LogUtils.kt:50).i()] [UdpDisServices] start: send(String) - thread ID=201, send msg={"MsgName":"GetStationATSReq","MsgSeqID":558,"AppID":"172.2.200.12","MsgInfo":{}}
10-11 14:42:01.562  4965  4986 D LogWriteUtil.class=LogFileHandlerThread.class: 1getFilePath: logFormat=2022-10-11, LogWriteUtil.logPathDir=/custom/metro/log
10-11 14:42:01.562  4965  4986 D LogWriteUtil.class=LogFileHandlerThread.class: 2getFilePath: filePath=/custom/metro/log/2022-10-11
10-11 14:42:01.562  4965  4986 D LogWriteUtil.class=LogFileHandlerThread.class: 1getCurrentFileName: LogWriteUtil.logfile=app.log
10-11 14:42:01.563  4965  4986 D LogWriteUtil.class=LogFileHandlerThread.class: 1getFilePath: logFormat=2022-10-11, LogWriteUtil.logPathDir=/custom/metro/log
10-11 14:42:01.563  4965  4986 D LogWriteUtil.class=LogFileHandlerThread.class: 2getFilePath: filePath=/custom/metro/log/2022-10-11
10-11 14:42:01.563  4965  4986 D LogWriteUtil.class=LogFileHandlerThread.class: getFileNameSuffix: file=/custom/metro/log/2022-10-11
10-11 14:42:01.563  4965  4986 D LogWriteUtil.class=LogFileHandlerThread.class: 2getCurrentFileName: index=3, LogWriteUtil.logfile=app.log, getFileNameSuffix=5
10-11 14:42:01.565  4965  5059 D UdpDcRepository: api send - Thread ID=201, obj={"MsgName":"AppHeartbeat","MsgSeqID":559,"AppID":"172.2.200.12","MsgInfo":{"SDKLongNumber":"+866022012"}}
10-11 14:42:01.565  4965  4986 D LogWriteUtil.class=LogFileHandlerThread.class: 1getFilePath: logFormat=2022-10-11, LogWriteUtil.logPathDir=/custom/metro/log
10-11 14:42:01.565  4965  4986 D LogWriteUtil.class=LogFileHandlerThread.class: 2getFilePath: filePath=/custom/metro/log/2022-10-11
10-11 14:42:01.565  4965  4986 D LogWriteUtil.class=LogFileHandlerThread.class: getFileNameSuffix: file=/custom/metro/log/2022-10-11
10-11 14:42:01.565  4965  4986 D LogWriteUtil.class=LogFileHandlerThread.class: 3getCurrentFileName: logFileName=app5.log
10-11 14:42:01.565  4965  4986 D LogWriteUtil.class=LogFileHandlerThread.class: 1,initFile: getFilePath()=/custom/metro/log/2022-10-11, getCurrentFileName=app5.log
10-11 14:42:01.566  4965  4986 D LogWriteUtil.class=LogFileHandlerThread.class: 1getFilePath: logFormat=2022-10-11, LogWriteUtil.logPathDir=/custom/metro/log
10-11 14:42:01.566  4965  4986 D LogWriteUtil.class=LogFileHandlerThread.class: 2getFilePath: filePath=/custom/metro/log/2022-10-11
10-11 14:42:01.566  4965  4986 D LogWriteUtil.class=LogFileHandlerThread.class: 1getCurrentFileName: LogWriteUtil.logfile=app.log
10-11 14:42:01.567  4965  4986 D LogWriteUtil.class=LogFileHandlerThread.class: 1getFilePath: logFormat=2022-10-11, LogWriteUtil.logPathDir=/custom/metro/log
10-11 14:42:01.567  4965  4986 D LogWriteUtil.class=LogFileHandlerThread.class: 2getFilePath: filePath=/custom/metro/log/2022-10-11
10-11 14:42:01.568  4965  4986 D LogWriteUtil.class=LogFileHandlerThread.class: getFileNameSuffix: file=/custom/metro/log/2022-10-11
10-11 14:42:01.568  4965  5059 I APP_LogUtils.kt: [(LogUtils.kt:50).i()] [UdpDisServices] start: send(String) - thread ID=201, send msg={"MsgName":"AppHeartbeat","MsgSeqID":559,"AppID":"172.2.200.12","MsgInfo":{"SDKLongNumber":"+866022012"}}
10-11 14:42:01.568  4965  4986 D LogWriteUtil.class=LogFileHandlerThread.class: 2getCurrentFileName: index=3, LogWriteUtil.logfile=app.log, getFileNameSuffix=5
10-11 14:42:01.569  4965  4986 D LogWriteUtil.class=LogFileHandlerThread.class: 1getFilePath: logFormat=2022-10-11, LogWriteUtil.logPathDir=/custom/metro/log
10-11 14:42:01.569  4965  4986 D LogWriteUtil.class=LogFileHandlerThread.class: 2getFilePath: filePath=/custom/metro/log/2022-10-11
10-11 14:42:01.569  4965  4986 D LogWriteUtil.class=LogFileHandlerThread.class: getFileNameSuffix: file=/custom/metro/log/2022-10-11
10-11 14:42:01.569  4965  4986 D LogWriteUtil.class=LogFileHandlerThread.class: 3getCurrentFileName: logFileName=app5.log
10-11 14:42:01.569  4965  4986 D LogWriteUtil.class=LogFileHandlerThread.class: 1getCurrentFileName: LogWriteUtil.logfile=app.log
10-11 14:42:01.571  4965  4986 D LogWriteUtil.class=LogFileHandlerThread.class: 1getFilePath: logFormat=2022-10-11, LogWriteUtil.logPathDir=/custom/metro/log
10-11 14:42:01.571  4965  4986 D LogWriteUtil.class=LogFileHandlerThread.class: 2getFilePath: filePath=/custom/metro/log/2022-10-11
10-11 14:42:01.571  4965  4986 D LogWriteUtil.class=LogFileHandlerThread.class: getFileNameSuffix: file=/custom/metro/log/2022-10-11
10-11 14:42:01.572  4965  4986 D LogWriteUtil.class=LogFileHandlerThread.class: 2getCurrentFileName: index=3, LogWriteUtil.logfile=app.log, getFileNameSuffix=5
10-11 14:42:01.574  4965  4986 D LogWriteUtil.class=LogFileHandlerThread.class: 1getFilePath: logFormat=2022-10-11, LogWriteUtil.logPathDir=/custom/metro/log
10-11 14:42:01.575  4965  4986 D LogWriteUtil.class=LogFileHandlerThread.class: 2getFilePath: filePath=/custom/metro/log/2022-10-11
10-11 14:42:01.575  4965  4986 D LogWriteUtil.class=LogFileHandlerThread.class: getFileNameSuffix: file=/custom/metro/log/2022-10-11
10-11 14:42:01.575  4965  4986 D LogWriteUtil.class=LogFileHandlerThread.class: 3getCurrentFileName: logFileName=app5.log
10-11 14:42:01.575  4965  4986 D TAG     : 2,initFile: /custom/metro/log/2022-10-11/app5.log, logFile.length=0, getCurrentFileName()=app5.log, writeFileName=/custom/metro/log/2022-10-11/app41665469747342.log
10-11 14:42:01.576  4965  4986 D LogWriteUtil.class=LogFileHandlerThread.class: 8,initFile: logFile=/custom/metro/log/2022-10-11/app5.log, logFile.length=0
10-11 14:42:01.577  4965  4986 D LogWriteUtil.class=LogFileHandlerThread.class: 1getFilePath: logFormat=2022-10-11, LogWriteUtil.logPathDir=/custom/metro/log
10-11 14:42:01.577  4965  4986 D LogWriteUtil.class=LogFileHandlerThread.class: 2getFilePath: filePath=/custom/metro/log/2022-10-11
10-11 14:42:01.577  4965  4986 D LogWriteUtil.class=LogFileHandlerThread.class: 1getCurrentFileName: LogWriteUtil.logfile=app.log
10-11 14:42:01.578  4965  4986 D LogWriteUtil.class=LogFileHandlerThread.class: 1getFilePath: logFormat=2022-10-11, LogWriteUtil.logPathDir=/custom/metro/log
10-11 14:42:01.578  4965  4986 D LogWriteUtil.class=LogFileHandlerThread.class: 2getFilePath: filePath=/custom/metro/log/2022-10-11
10-11 14:42:01.578  4965  4986 D LogWriteUtil.class=LogFileHandlerThread.class: getFileNameSuffix: file=/custom/metro/log/2022-10-11
10-11 14:42:01.579  4965  4986 D LogWriteUtil.class=LogFileHandlerThread.class: 2getCurrentFileName: index=3, LogWriteUtil.logfile=app.log, getFileNameSuffix=5
10-11 14:42:01.580  4965  4986 D LogWriteUtil.class=LogFileHandlerThread.class: 1getFilePath: logFormat=2022-10-11, LogWriteUtil.logPathDir=/custom/metro/log
10-11 14:42:01.580  4965  4986 D LogWriteUtil.class=LogFileHandlerThread.class: 2getFilePath: filePath=/custom/metro/log/2022-10-11
10-11 14:42:01.580  4965  4986 D LogWriteUtil.class=LogFileHandlerThread.class: getFileNameSuffix: file=/custom/metro/log/2022-10-11
10-11 14:42:01.580  4965  4986 D LogWriteUtil.class=LogFileHandlerThread.class: 3getCurrentFileName: logFileName=app5.log
10-11 14:42:01.580  4965  4986 D LogWriteUtil.class=LogFileHandlerThread.class: 1,initFile: getFilePath()=/custom/metro/log/2022-10-11, getCurrentFileName=app5.log
10-11 14:42:01.581  4965  4986 D LogWriteUtil.class=LogFileHandlerThread.class: 1getFilePath: logFormat=2022-10-11, LogWriteUtil.logPathDir=/custom/metro/log
10-11 14:42:01.581  4965  4986 D LogWriteUtil.class=LogFileHandlerThread.class: 2getFilePath: filePath=/custom/metro/log/2022-10-11
10-11 14:42:01.582  4965  4986 D LogWriteUtil.class=LogFileHandlerThread.class: 1getCurrentFileName: LogWriteUtil.logfile=app.log
10-11 14:42:01.582  4965  4986 D LogWriteUtil.class=LogFileHandlerThread.class: 1getFilePath: logFormat=2022-10-11, LogWriteUtil.logPathDir=/custom/metro/log
10-11 14:42:01.582  4965  4986 D LogWriteUtil.class=LogFileHandlerThread.class: 2getFilePath: filePath=/custom/metro/log/2022-10-11
10-11 14:42:01.583  4965  4986 D LogWriteUtil.class=LogFileHandlerThread.class: getFileNameSuffix: file=/custom/metro/log/2022-10-11
10-11 14:42:01.583  4965  4986 D LogWriteUtil.class=LogFileHandlerThread.class: 2getCurrentFileName: index=3, LogWriteUtil.logfile=app.log, getFileNameSuffix=5
10-11 14:42:01.584  4965  4986 D LogWriteUtil.class=LogFileHandlerThread.class: 1getFilePath: logFormat=2022-10-11, LogWriteUtil.logPathDir=/custom/metro/log
10-11 14:42:01.584  4965  4986 D LogWriteUtil.class=LogFileHandlerThread.class: 2getFilePath: filePath=/custom/metro/log/2022-10-11
10-11 14:42:01.584  4965  4986 D LogWriteUtil.class=LogFileHandlerThread.class: getFileNameSuffix: file=/custom/metro/log/2022-10-11
10-11 14:42:01.585  4965  4986 D LogWriteUtil.class=LogFileHandlerThread.class: 3getCurrentFileName: logFileName=app5.log
10-11 14:42:01.585  4965  4986 D LogWriteUtil.class=LogFileHandlerThread.class: 1getCurrentFileName: LogWriteUtil.logfile=app.log
10-11 14:42:01.586  4965  4986 D LogWriteUtil.class=LogFileHandlerThread.class: 1getFilePath: logFormat=2022-10-11, LogWriteUtil.logPathDir=/custom/metro/log
10-11 14:42:01.586  4965  4986 D LogWriteUtil.class=LogFileHandlerThread.class: 2getFilePath: filePath=/custom/metro/log/2022-10-11
10-11 14:42:01.586  4965  4986 D LogWriteUtil.class=LogFileHandlerThread.class: getFileNameSuffix: file=/custom/metro/log/2022-10-11
10-11 14:42:01.587  4965  4986 D LogWriteUtil.class=LogFileHandlerThread.class: 2getCurrentFileName: index=3, LogWriteUtil.logfile=app.log, getFileNameSuffix=5
10-11 14:42:01.588  4965  4986 D LogWriteUtil.class=LogFileHandlerThread.class: 1getFilePath: logFormat=2022-10-11, LogWriteUtil.logPathDir=/custom/metro/log
10-11 14:42:01.588  4965  4986 D LogWriteUtil.class=LogFileHandlerThread.class: 2getFilePath: filePath=/custom/metro/log/2022-10-11
10-11 14:42:01.588  4965  4986 D LogWriteUtil.class=LogFileHandlerThread.class: getFileNameSuffix: file=/custom/metro/log/2022-10-11
10-11 14:42:01.589  4965  4986 D LogWriteUtil.class=LogFileHandlerThread.class: 3getCurrentFileName: logFileName=app5.log
10-11 14:42:01.589  4965  4986 D TAG     : 2,initFile: /custom/metro/log/2022-10-11/app5.log, logFile.length=0, getCurrentFileName()=app5.log, writeFileName=/custom/metro/log/2022-10-11/app41665469747342.log
10-11 14:42:01.589  4965  4986 D LogWriteUtil.class=LogFileHandlerThread.class: 8,initFile: logFile=/custom/metro/log/2022-10-11/app5.log, logFile.length=0
10-11 14:42:01.615  4965  5038 D UdpDisServices: udp receive - api receive data disApi, udp service id=186  - udp.packet.address=/172.2.208.8, udp.pack.socketAddress=/172.2.208.8:64002, udp.port=64002- running=true - message={"MsgSeqID":1212586,"MsgName":"DisReceivedNotify","MsgInfo":{"AppMsgSeqID":558,"Code":10001}}
10-11 14:42:01.616  4965  5038 I APP_LogUtils.kt: [(LogUtils.kt:50).i()] [UdpDisServices] udp receive - api receive data disApi, udp service id=186 - running=true  - ip=/172.2.208.8 - port=64002 - message={"MsgSeqID":1212586,"MsgName":"DisReceivedNotify","MsgInfo":{"AppMsgSeqID":558,"Code":10001}}
10-11 14:42:01.617  4965  4965 D MainActivity: onMessageEvent  -- gginit: disApi, id=1---event={"MsgSeqID":1212586,"MsgName":"DisReceivedNotify","MsgInfo":{"AppMsgSeqID":558,"Code":10001}}
10-11 14:42:01.617  4965  4965 D MainViewModel: 1processDisApi: disApi, id=1
10-11 14:42:01.617  4965  4986 D LogWriteUtil.class=LogFileHandlerThread.class: 1getFilePath: logFormat=2022-10-11, LogWriteUtil.logPathDir=/custom/metro/log
10-11 14:42:01.618  4965  4986 D LogWriteUtil.class=LogFileHandlerThread.class: 2getFilePath: filePath=/custom/metro/log/2022-10-11
10-11 14:42:01.618  4965  4986 D LogWriteUtil.class=LogFileHandlerThread.class: 1getCurrentFileName: LogWriteUtil.logfile=app.log
10-11 14:42:01.618  4965  4986 D LogWriteUtil.class=LogFileHandlerThread.class: 1getFilePath: logFormat=2022-10-11, LogWriteUtil.logPathDir=/custom/metro/log
10-11 14:42:01.618  4965  4986 D LogWriteUtil.class=LogFileHandlerThread.class: 2getFilePath: filePath=/custom/metro/log/2022-10-11
10-11 14:42:01.619  4965  4986 D LogWriteUtil.class=LogFileHandlerThread.class: getFileNameSuffix: file=/custom/metro/log/2022-10-11
10-11 14:42:01.620  4965  4986 D LogWriteUtil.class=LogFileHandlerThread.class: 2getCurrentFileName: index=3, LogWriteUtil.logfile=app.log, getFileNameSuffix=5
10-11 14:42:01.620  4965  5289 D DisApiSingletonReceive: processingData: disApi, id=229 - data={"MsgSeqID":1212586,"MsgName":"DisReceivedNotify","MsgInfo":{"AppMsgSeqID":558,"Code":10001}}
10-11 14:42:01.621  4965  4986 D LogWriteUtil.class=LogFileHandlerThread.class: 1getFilePath: logFormat=2022-10-11, LogWriteUtil.logPathDir=/custom/metro/log
10-11 14:42:01.621  4965  4986 D LogWriteUtil.class=LogFileHandlerThread.class: 2getFilePath: filePath=/custom/metro/log/2022-10-11
10-11 14:42:01.621  4965  4986 D LogWriteUtil.class=LogFileHandlerThread.class: getFileNameSuffix: file=/custom/metro/log/2022-10-11
10-11 14:42:01.622  4965  4986 D LogWriteUtil.class=LogFileHandlerThread.class: 3getCurrentFileName: logFileName=app5.log
10-11 14:42:01.622  4965  4986 D LogWriteUtil.class=LogFileHandlerThread.class: 1,initFile: getFilePath()=/custom/metro/log/2022-10-11, getCurrentFileName=app5.log
10-11 14:42:01.622  4965  4986 D LogWriteUtil.class=LogFileHandlerThread.class: 1getFilePath: logFormat=2022-10-11, LogWriteUtil.logPathDir=/custom/metro/log
10-11 14:42:01.622  4965  4986 D LogWriteUtil.class=LogFileHandlerThread.class: 2getFilePath: filePath=/custom/metro/log/2022-10-11
10-11 14:42:01.623  4965  4986 D LogWriteUtil.class=LogFileHandlerThread.class: 1getCurrentFileName: LogWriteUtil.logfile=app.log
10-11 14:42:01.623  4965  4986 D LogWriteUtil.class=LogFileHandlerThread.class: 1getFilePath: logFormat=2022-10-11, LogWriteUtil.logPathDir=/custom/metro/log
10-11 14:42:01.623  4965  5289 D DisApiSingletonReceive: processingDisReceivedNotify: info=DisReceivedNotifyApiData(msgName=DisReceivedNotify, msgSeqID=1212586, msgInfo=ReceivedNotifyData(appMsgSeqID=0, code=10001))
10-11 14:42:01.623  4965  4986 D LogWriteUtil.class=LogFileHandlerThread.class: 2getFilePath: filePath=/custom/metro/log/2022-10-11
10-11 14:42:01.624  4965  4986 D LogWriteUtil.class=LogFileHandlerThread.class: getFileNameSuffix: file=/custom/metro/log/2022-10-11
10-11 14:42:01.624  4965  4986 D LogWriteUtil.class=LogFileHandlerThread.class: 2getCurrentFileName: index=3, LogWriteUtil.logfile=app.log, getFileNameSuffix=5
10-11 14:42:01.625  4965  4986 D LogWriteUtil.class=LogFileHandlerThread.class: 1getFilePath: logFormat=2022-10-11, LogWriteUtil.logPathDir=/custom/metro/log
10-11 14:42:01.625  4965  4986 D LogWriteUtil.class=LogFileHandlerThread.class: 2getFilePath: filePath=/custom/metro/log/2022-10-11
10-11 14:42:01.626  4965  4986 D LogWriteUtil.class=LogFileHandlerThread.class: getFileNameSuffix: file=/custom/metro/log/2022-10-11
10-11 14:42:01.626  4965  4986 D LogWriteUtil.class=LogFileHandlerThread.class: 3getCurrentFileName: logFileName=app5.log
