10-10 16:03:42.624  5148  5148 D MainActivity: paStartMic: aaaaaaaaaaaaaaaaaaaaaaaaaa---1111ssssss--8620000000008, +8620000000008 ---AppConstant.station_zone_bro_list2=[StationBrdZone(zoneID=1, zoneName=上行列车通播组, groupID=20000000008), StationBrdZone(zoneID=2, zoneName=下行列车通播组, groupID=20000000009), StationBrdZone(zoneID=35001, zoneName=沙城站上行站台广播组, groupID=6027331), StationBrdZone(zoneID=35002, zoneName=沙城站下行站台广播组, groupID=6027351), StationBrdZone(zoneID=35003, zoneName=沙城站动态重组组, groupID=6027512)]
10-10 16:03:42.624  5148  5148 D MainActivity: paStartMic: aaaaaaaaaaaaaaaaaaaaaaaaaa---1111ssssss--8620000000009, +8620000000009 ---AppConstant.station_zone_bro_list2=[StationBrdZone(zoneID=1, zoneName=上行列车通播组, groupID=20000000008), StationBrdZone(zoneID=2, zoneName=下行列车通播组, groupID=20000000009), StationBrdZone(zoneID=35001, zoneName=沙城站上行站台广播组, groupID=6027331), StationBrdZone(zoneID=35002, zoneName=沙城站下行站台广播组, groupID=6027351), StationBrdZone(zoneID=35003, zoneName=沙城站动态重组组, groupID=6027512)]
10-10 16:03:42.624  5148  5148 D MainActivity: paStartMic: aaaaaaaaaaaaaaaaaaaaaaaaaa---1111ssssss--866027331, +866027331 ---AppConstant.station_zone_bro_list2=[StationBrdZone(zoneID=1, zoneName=上行列车通播组, groupID=20000000008), StationBrdZone(zoneID=2, zoneName=下行列车通播组, groupID=20000000009), StationBrdZone(zoneID=35001, zoneName=沙城站上行站台广播组, groupID=6027331), StationBrdZone(zoneID=35002, zoneName=沙城站下行站台广播组, groupID=6027351), StationBrdZone(zoneID=35003, zoneName=沙城站动态重组组, groupID=6027512)]
10-10 16:03:42.624  5148  5148 D MainActivity: paStartMic: aaaaaaaaaaaaaaaaaaaaaaaaaa---1111---AppConstant.station_zone_bro_list3=[StationBrdZone(zoneID=1, zoneName=上行列车通播组, groupID=20000000008), StationBrdZone(zoneID=2, zoneName=下行列车通播组, groupID=20000000009), StationBrdZone(zoneID=35001, zoneName=沙城站上行站台广播组, groupID=6027331), StationBrdZone(zoneID=35002, zoneName=沙城站下行站台广播组, groupID=6027351), StationBrdZone(zoneID=35003, zoneName=沙城站动态重组组, groupID=6027512)]
10-10 16:03:42.624  5148  5148 D MainActivity: paStartMic: aaaaaaaaaaaaaaaaaaaaaaaaaa---1111ssssss--866027351, +866027351 ---AppConstant.station_zone_bro_list2=[StationBrdZone(zoneID=1, zoneName=上行列车通播组, groupID=20000000008), StationBrdZone(zoneID=2, zoneName=下行列车通播组, groupID=20000000009), StationBrdZone(zoneID=35001, zoneName=沙城站上行站台广播组, groupID=6027331), StationBrdZone(zoneID=35002, zoneName=沙城站下行站台广播组, groupID=6027351), StationBrdZone(zoneID=35003, zoneName=沙城站动态重组组, groupID=6027512)]
10-10 16:03:42.625  5148  5148 D MainActivity: paStartMic: aaaaaaaaaaaaaaaaaaaaaaaaaa---1111ssssss--866027512, +866027512 ---AppConstant.station_zone_bro_list2=[StationBrdZone(zoneID=1, zoneName=上行列车通播组, groupID=20000000008), StationBrdZone(zoneID=2, zoneName=下行列车通播组, groupID=20000000009), StationBrdZone(zoneID=35001, zoneName=沙城站上行站台广播组, groupID=6027331), StationBrdZone(zoneID=35002, zoneName=沙城站下行站台广播组, groupID=6027351), StationBrdZone(zoneID=35003, zoneName=沙城站动态重组组, groupID=6027512)]
10-10 16:03:42.625  5148  5148 D MainActivity: paStartMic: aaaaaaaaaaaaaaaaaaaaaaaaaa---1111---mZoneIDs=[35001], ---AppConstant.station_zone_bro_list4=[StationBrdZone(zoneID=1, zoneName=上行列车通播组, groupID=20000000008), StationBrdZone(zoneID=2, zoneName=下行列车通播组, groupID=20000000009), StationBrdZone(zoneID=35001, zoneName=沙城站上行站台广播组, groupID=6027331), StationBrdZone(zoneID=35002, zoneName=沙城站下行站台广播组, groupID=6027351), StationBrdZone(zoneID=35003, zoneName=沙城站动态重组组, groupID=6027512)]
10-10 16:03:42.625  5148  5148 D MainActivity: paStartMic: aaaaaaaaaaaaaaaaaaaaaaaaaa---2222
10-10 16:03:42.625  5148  5148 D MainViewModel: paStartMic: aaaaaaaaaaaaaaaaaaaaaaaaaa -------3333

10-10 16:03:42.631  5148  5245 D HttpManager.kt: get paAddress: PA_ADDRESS=http://192.168.42.131:10049/

10-10 16:03:42.642  5148  5170 D TAG     : 2,initFile: /custom/metro/log/2022-10-10/app22.log, logFile.length=0, getCurrentFileName()=app22.log, writeFileName=/custom/metro/log/2022-10-10/app21.log
10-10 16:03:42.642  5148  5170 D LogWriteUtil.class=LogFileHandlerThread.class: 8,initFile: logFile=/custom/metro/log/2022-10-10/app22.log, logFile.length=0
10-10 16:03:42.687  5148  5245 I art     : Rejecting re-init on previously-failed class java.lang.Class<okhttp3.internal.platform.ConscryptPlatform$configureTrustManager$1>: java.lang.NoClassDefFoundError: Failed resolution of: Lorg/conscrypt/ConscryptHostnameVerifier;
10-10 16:03:42.687  5148  5245 I art     :   at okhttp3.internal.platform.android.SocketAdapter okhttp3.internal.platform.android.ConscryptSocketAdapter.buildIfSupported() (ConscryptSocketAdapter.kt:64)
10-10 16:03:42.687  5148  5245 I art     :   at void okhttp3.internal.platform.AndroidPlatform.<init>() (AndroidPlatform.kt:45)
10-10 16:03:42.688  5148  5245 I art     :   at okhttp3.internal.platform.Platform okhttp3.internal.platform.AndroidPlatform$Companion.buildIfSupported() (AndroidPlatform.kt:239)
10-10 16:03:42.688  5148  5245 I art     :   at okhttp3.internal.platform.Platform okhttp3.internal.platform.Platform$Companion.findPlatform() (Platform.kt:211)
10-10 16:03:42.688  5148  5245 I art     :   at okhttp3.internal.platform.Platform okhttp3.internal.platform.Platform$Companion.access$findPlatform(okhttp3.internal.platform.Platform$Companion) (Platform.kt:179)
10-10 16:03:42.688  5148  5245 I art     :   at void okhttp3.internal.platform.Platform.<clinit>() (Platform.kt:180)
10-10 16:03:42.688  5148  5245 I art     :   at void okhttp3.OkHttpClient.<init>(okhttp3.OkHttpClient$Builder) (OkHttpClient.kt:219)
10-10 16:03:42.688  5148  5245 I art     :   at okhttp3.OkHttpClient okhttp3.OkHttpClient$Builder.build() (OkHttpClient.kt:955)
10-10 16:03:42.688  5148  5245 I art     :   at okhttp3.OkHttpClient com.gbcom.library_base.utils.HttpManager.initOkhttpClient() (HttpManager.kt:50)
10-10 16:03:42.688  5148  5245 I art     :   at void com.gbcom.library_base.utils.HttpManager.<init>(java.lang.String, int) (HttpManager.kt:35)
10-10 16:03:42.688  5148  5245 I art     :   at void com.gbcom.library_base.utils.HttpManager.<clinit>() (HttpManager.kt:-1)
10-10 16:03:42.688  5148  5245 I art     :   at java.lang.Object com.gbcom.library_main.mvvm.viewmodel.MainViewModel$paStartMic$1.invokeSuspend(java.lang.Object) (MainViewModel.kt:521)
10-10 16:03:42.688  5148  5245 I art     :   at void kotlin.coroutines.jvm.internal.BaseContinuationImpl.resumeWith(java.lang.Object) (ContinuationImpl.kt:33)
10-10 16:03:42.688  5148  5245 I art     :   at void kotlinx.coroutines.DispatchedTask.run() (DispatchedTask.kt:106)
10-10 16:03:42.688  5148  5245 I art     :   at void kotlinx.coroutines.scheduling.CoroutineScheduler.runSafely(kotlinx.coroutines.scheduling.Task) (CoroutineScheduler.kt:571)
10-10 16:03:42.688  5148  5245 I art     :   at void kotlinx.coroutines.scheduling.CoroutineScheduler$Worker.executeTask(kotlinx.coroutines.scheduling.Task) (CoroutineScheduler.kt:750)
10-10 16:03:42.688  5148  5245 I art     :   at void kotlinx.coroutines.scheduling.CoroutineScheduler$Worker.runWorker() (CoroutineScheduler.kt:678)
10-10 16:03:42.688  5148  5245 I art     :   at void kotlinx.coroutines.scheduling.CoroutineScheduler$Worker.run() (CoroutineScheduler.kt:665)
10-10 16:03:42.688  5148  5245 I art     : Caused by: java.lang.ClassNotFoundException: Didn't find class "org.conscrypt.ConscryptHostnameVerifier" on path: DexPathList[[zip file "/data/app/com.gbcom.metrosystem-1/base.apk"],nativeLibraryDirectories=[/data/app/com.gbcom.metrosystem-1/lib/arm, /system/fake-libs, /data/app/com.gbcom.metrosystem-1/base.apk!/lib/armeabi-v7a, /system/lib, /vendor/lib]]
10-10 16:03:42.688  5148  5245 I art     :   at java.lang.Class dalvik.system.BaseDexClassLoader.findClass(java.lang.String) (BaseDexClassLoader.java:56)
10-10 16:03:42.688  5148  5245 I art     :   at java.lang.Class java.lang.ClassLoader.loadClass(java.lang.String, boolean) (ClassLoader.java:380)
10-10 16:03:42.688  5148  5245 I art     :   at java.lang.Class java.lang.ClassLoader.loadClass(java.lang.String) (ClassLoader.java:312)
10-10 16:03:42.688  5148  5245 I art     :   at okhttp3.internal.platform.android.SocketAdapter okhttp3.internal.platform.android.ConscryptSocketAdapter.buildIfSupported() (ConscryptSocketAdapter.kt:64)
10-10 16:03:42.688  5148  5245 I art     :   at void okhttp3.internal.platform.AndroidPlatform.<init>() (AndroidPlatform.kt:45)
10-10 16:03:42.688  5148  5245 I art     :   at okhttp3.internal.platform.Platform okhttp3.internal.platform.AndroidPlatform$Companion.buildIfSupported() (AndroidPlatform.kt:239)
10-10 16:03:42.688  5148  5245 I art     :   at okhttp3.internal.platform.Platform okhttp3.internal.platform.Platform$Companion.findPlatform() (Platform.kt:211)
10-10 16:03:42.688  5148  5245 I art     :   at okhttp3.internal.platform.Platform okhttp3.internal.platform.Platform$Companion.access$findPlatform(okhttp3.internal.platform.Platform$Companion) (Platform.kt:179)
10-10 16:03:42.688  5148  5245 I art     :   at void okhttp3.internal.platform.Platform.<clinit>() (Platform.kt:180)
10-10 16:03:42.688  5148  5245 I art     :   at void okhttp3.OkHttpClient.<init>(okhttp3.OkHttpClient$Builder) (OkHttpClient.kt:219)
10-10 16:03:42.688  5148  5245 I art     :   at okhttp3.OkHttpClient okhttp3.OkHttpClient$Builder.build() (OkHttpClient.kt:955)
10-10 16:03:42.688  5148  5245 I art     :   at okhttp3.OkHttpClient com.gbcom.library_base.utils.HttpManager.initOkhttpClient() (HttpManager.kt:50)
10-10 16:03:42.688  5148  5245 I art     :   at void com.gbcom.library_base.utils.HttpManager.<init>(java.lang.String, int) (HttpManager.kt:35)
10-10 16:03:42.688  5148  5245 I art     :   at void com.gbcom.library_base.utils.HttpManager.<clinit>() (HttpManager.kt:-1)
10-10 16:03:42.688  5148  5245 I art     :   at java.lang.Object com.gbcom.library_main.mvvm.viewmodel.MainViewModel$paStartMic$1.invokeSuspend(java.lang.Object) (MainViewModel.kt:521)
10-10 16:03:42.688  5148  5245 I art     :   at void kotlin.coroutines.jvm.internal.BaseContinuationImpl.resumeWith(java.lang.Object) (ContinuationImpl.kt:33)
10-10 16:03:42.688  5148  5245 I art     :   at void kotlinx.coroutines.DispatchedTask.run() (DispatchedTask.kt:106)
10-10 16:03:42.688  5148  5245 I art     :   at void kotlinx.coroutines.scheduling.CoroutineScheduler.runSafely(kotlinx.coroutines.scheduling.Task) (CoroutineScheduler.kt:571)
10-10 16:03:42.688  5148  5245 I art     :   at void kotlinx.coroutines.scheduling.CoroutineScheduler$Worker.executeTask(kotlinx.coroutines.scheduling.Task) (CoroutineScheduler.kt:750)
10-10 16:03:42.688  5148  5245 I art     :   at void kotlinx.coroutines.scheduling.CoroutineScheduler$Worker.runWorker() (CoroutineScheduler.kt:678)
10-10 16:03:42.689  5148  5245 I art     :   at void kotlinx.coroutines.scheduling.CoroutineScheduler$Worker.run() (CoroutineScheduler.kt:665)
10-10 16:03:42.689  5148  5245 I art     : 



10-10 16:03:42.702  5148  5245 D NetworkSecurityConfig: No Network Security Config specified, using platform default
10-10 16:03:42.735  5148  5245 D MainViewModel: paStartMic: aaaaaaaaaaaaaaaaaaaaaaaaaa------44444
10-10 16:03:42.768  5148  5216 D UdpDisServices: udp receive - api receive data disApi, udp service id=88  - udp.packet.address=/172.2.208.8, udp.pack.socketAddress=/172.2.208.8:64002, udp.port=64002- running=true - message={"MsgSeqID":939907,"MsgName":"GetStationATSRsp","MsgInfo":{"Code":10011,"StationATSInfos":[{"TrainGroupNumber":"201","ServiceNumber":"000","TrainCrewNumber":"000","TrainPosition":"1","TrainRunningPosition":"2","RailName":"T1203","StationID":"011","TerminalStationID":"000","DestinationID":"000"}]}}
10-10 16:03:42.768  5148  5216 I APP_LogUtils.kt: [(LogUtils.kt:50).i()] [UdpDisServices] udp receive - api receive data disApi, udp service id=88 - running=true  - ip=/172.2.208.8 - port=64002 - message={"MsgSeqID":939907,"MsgName":"GetStationATSRsp","MsgInfo":{"Code":10011,"StationATSInfos":[{"TrainGroupNumber":"201","ServiceNumber":"000","TrainCrewNumber":"000","TrainPosition":"1","TrainRunningPosition":"2","RailName":"T1203","StationID":"011","TerminalStationID":"000","DestinationID":"000"}]}}
10-10 16:03:42.770  5148  5148 D MainActivity: onMessageEvent  -- gginit: disApi, id=1---event={"MsgSeqID":939907,"MsgName":"GetStationATSRsp","MsgInfo":{"Code":10011,"StationATSInfos":[{"TrainGroupNumber":"201","ServiceNumber":"000","TrainCrewNumber":"000","TrainPosition":"1","TrainRunningPosition":"2","RailName":"T1203","StationID":"011","TerminalStationID":"000","DestinationID":"000"}]}}
10-10 16:03:42.770  5148  5170 D LogWriteUtil.class=LogFileHandlerThread.class: 1getFilePath: logFormat=2022-10-10, LogWriteUtil.logPathDir=/custom/metro/log
10-10 16:03:42.770  5148  5148 D MainViewModel: 1processDisApi: disApi, id=1
10-10 16:03:42.770  5148  5170 D LogWriteUtil.class=LogFileHandlerThread.class: 2getFilePath: filePath=/custom/metro/log/2022-10-10
10-10 16:03:42.770  5148  5170 D LogWriteUtil.class=LogFileHandlerThread.class: 1getCurrentFileName: LogWriteUtil.logfile=app.log
10-10 16:03:42.771  5148  5170 D LogWriteUtil.class=LogFileHandlerThread.class: 1getFilePath: logFormat=2022-10-10, LogWriteUtil.logPathDir=/custom/metro/log
10-10 16:03:42.771  5148  5170 D LogWriteUtil.class=LogFileHandlerThread.class: 2getFilePath: filePath=/custom/metro/log/2022-10-10
10-10 16:03:42.771  5148  5170 D LogWriteUtil.class=LogFileHandlerThread.class: getFileNameSuffix: file=/custom/metro/log/2022-10-10
10-10 16:03:42.771  5148  5245 D DisApiSingletonReceive: processingData: disApi, id=106 - data={"MsgSeqID":939907,"MsgName":"GetStationATSRsp","MsgInfo":{"Code":10011,"StationATSInfos":[{"TrainGroupNumber":"201","ServiceNumber":"000","TrainCrewNumber":"000","TrainPosition":"1","TrainRunningPosition":"2","RailName":"T1203","StationID":"011","TerminalStationID":"000","DestinationID":"000"}]}}
10-10 16:03:42.774  5148  5245 D BtrunCConfig: isR2Nubmer is true
10-10 16:03:42.774  5148  5245 D com.ztegota.system.GotaSystem: getMdn +866022011
10-10 16:03:42.774  5148  5245 D TAG     : getUserId: userId2=+866022011
10-10 16:03:42.787  5148  5148 D IndexFragment: initView: applyFxData() - ats=[StationAts(createTime=1665389022, trainGroupNumber=201, serviceNumber=000, trainCrewNumber=000, trainPosition=1, trainRunningPosition=2, railName=T1203, stationID=011, terminalStationID=000, destinationID=000, identityID=+866022011)]


访问广播接口失败。

10-10 16:03:42.791  5148  5245 W System.err: java.net.ConnectException: Failed to connect to /192.168.42.131:10049
10-10 16:03:42.792  5148  5245 W System.err: 	at okhttp3.internal.connection.RealConnection.connectSocket(RealConnection.kt:270)
10-10 16:03:42.792  5148  5245 W System.err: 	at okhttp3.internal.connection.RealConnection.connect(RealConnection.kt:176)
10-10 16:03:42.792  5148  5245 W System.err: 	at okhttp3.internal.connection.ExchangeFinder.findConnection(ExchangeFinder.kt:236)
10-10 16:03:42.792  5148  5245 W System.err: 	at okhttp3.internal.connection.ExchangeFinder.findHealthyConnection(ExchangeFinder.kt:109)
10-10 16:03:42.792  5148  5245 W System.err: 	at okhttp3.internal.connection.ExchangeFinder.find(ExchangeFinder.kt:77)
10-10 16:03:42.792  5148  5245 W System.err: 	at okhttp3.internal.connection.Transmitter.newExchange$okhttp(Transmitter.kt:162)
10-10 16:03:42.792  5148  5245 W System.err: 	at okhttp3.internal.connection.ConnectInterceptor.intercept(ConnectInterceptor.kt:35)
10-10 16:03:42.792  5148  5245 W System.err: 	at okhttp3.internal.http.RealInterceptorChain.proceed(RealInterceptorChain.kt:112)
10-10 16:03:42.792  5148  5245 W System.err: 	at okhttp3.internal.http.RealInterceptorChain.proceed(RealInterceptorChain.kt:87)
10-10 16:03:42.792  5148  5245 W System.err: 	at okhttp3.internal.cache.CacheInterceptor.intercept(CacheInterceptor.kt:82)
10-10 16:03:42.792  5148  5245 W System.err: 	at okhttp3.internal.http.RealInterceptorChain.proceed(RealInterceptorChain.kt:112)
10-10 16:03:42.792  5148  5245 W System.err: 	at okhttp3.internal.http.RealInterceptorChain.proceed(RealInterceptorChain.kt:87)
10-10 16:03:42.792  5148  5245 W System.err: 	at okhttp3.internal.http.BridgeInterceptor.intercept(BridgeInterceptor.kt:84)
10-10 16:03:42.792  5148  5245 W System.err: 	at okhttp3.internal.http.RealInterceptorChain.proceed(RealInterceptorChain.kt:112)
10-10 16:03:42.792  5148  5245 W System.err: 	at okhttp3.internal.http.RetryAndFollowUpInterceptor.intercept(RetryAndFollowUpInterceptor.kt:71)
10-10 16:03:42.793  5148  5245 W System.err: 	at okhttp3.internal.http.RealInterceptorChain.proceed(RealInterceptorChain.kt:112)
10-10 16:03:42.793  5148  5245 W System.err: 	at okhttp3.internal.http.RealInterceptorChain.proceed(RealInterceptorChain.kt:87)
10-10 16:03:42.793  5148  5245 W System.err: 	at okhttp3.logging.HttpLoggingInterceptor.intercept(HttpLoggingInterceptor.kt:150)
10-10 16:03:42.793  5148  5245 W System.err: 	at okhttp3.internal.http.RealInterceptorChain.proceed(RealInterceptorChain.kt:112)
10-10 16:03:42.793  5148  5245 W System.err: 	at okhttp3.internal.http.RealInterceptorChain.proceed(RealInterceptorChain.kt:87)
10-10 16:03:42.793  5148  5245 W System.err: 	at okhttp3.RealCall.getResponseWithInterceptorChain(RealCall.kt:184)
10-10 16:03:42.793  5148  5245 W System.err: 	at okhttp3.RealCall$AsyncCall.run(RealCall.kt:136)
10-10 16:03:42.793  5148  5245 W System.err: 	at java.util.concurrent.ThreadPoolExecutor.runWorker(ThreadPoolExecutor.java:1133)
10-10 16:03:42.793  5148  5245 W System.err: 	at java.util.concurrent.ThreadPoolExecutor$Worker.run(ThreadPoolExecutor.java:607)
10-10 16:03:42.793  5148  5245 W System.err: 	at java.lang.Thread.run(Thread.java:761)
10-10 16:03:42.793  5148  5245 W System.err: Caused by: java.net.ConnectException: Connection refused
10-10 16:03:42.793  5148  5245 W System.err: 	at java.net.PlainSocketImpl.socketConnect(Native Method)
10-10 16:03:42.794  5148  5245 W System.err: 	at java.net.AbstractPlainSocketImpl.doConnect(AbstractPlainSocketImpl.java:334)
10-10 16:03:42.794  5148  5245 W System.err: 	at java.net.AbstractPlainSocketImpl.connectToAddress(AbstractPlainSocketImpl.java:196)
10-10 16:03:42.794  5148  5245 W System.err: 	at java.net.AbstractPlainSocketImpl.connect(AbstractPlainSocketImpl.java:178)
10-10 16:03:42.794  5148  5245 W System.err: 	at java.net.SocksSocketImpl.connect(SocksSocketImpl.java:356)
10-10 16:03:42.794  5148  5245 W System.err: 	at java.net.Socket.connect(Socket.java:605)
10-10 16:03:42.794  5148  5245 W System.err: 	at okhttp3.internal.platform.AndroidPlatform.connectSocket(AndroidPlatform.kt:58)
10-10 16:03:42.794  5148  5245 W System.err: 	at okhttp3.internal.connection.RealConnection.connectSocket(RealConnection.kt:268)
10-10 16:03:42.794  5148  5245 W System.err: 	... 24 more


10-10 16:03:42.795  5148  5245 E APP_LogUtils.kt: [(LogUtils.kt:54).e()] [PaRepository] getAppID() - Exception - e=Failed to connect to /192.168.42.131:10049
10-10 16:03:42.796  5148  5170 D LogWriteUtil.class=LogFileHandlerThread.class: 1getFilePath: logFormat=2022-10-10, LogWriteUtil.logPathDir=/custom/metro/log
10-10 16:03:42.796  5148  5170 D LogWriteUtil.class=LogFileHandlerThread.class: 2getFilePath: filePath=/custom/metro/log/2022-10-10
10-10 16:03:42.796  5148  5170 D LogWriteUtil.class=LogFileHandlerThread.class: 1getCurrentFileName: LogWriteUtil.logfile=app.log
10-10 16:03:42.796  5148  5245 D MainViewModel: paStartMic: aaaaaaaaaaaaaaaaaaaaaaaaaa---555555--false
10-10 16:03:42.797  5148  5170 D LogWriteUtil.class=LogFileHandlerThread.class: 1getFilePath: logFormat=2022-10-10, LogWriteUtil.logPathDir=/custom/metro/log
10-10 16:03:42.797  5148  5170 D LogWriteUtil.class=LogFileHandlerThread.class: 2getFilePath: filePath=/custom/metro/log/2022-10-10
10-10 16:03:42.797  5148  5170 D LogWriteUtil.class=LogFileHandlerThread.class: getFileNameSuffix: file=/custom/metro/log/2022-10-10
10-10 16:03:42.797  5148  5170 D LogWriteUtil.class=LogFileHandlerThread.class: 2getCurrentFileName: index=3, LogWriteUtil.logfile=app.log, getFileNameSuffix=22
10-10 16:03:42.798  5148  5170 D LogWriteUtil.class=LogFileHandlerThread.class: 1getFilePath: logFormat=2022-10-10, LogWriteUtil.logPathDir=/custom/metro/log
10-10 16:03:42.798  5148  5170 D LogWriteUtil.class=LogFileHandlerThread.class: 2getFilePath: filePath=/custom/metro/log/2022-10-10
10-10 16:03:42.798  5148  5170 D LogWriteUtil.class=LogFileHandlerThread.class: getFileNameSuffix: file=/custom/metro/log/2022-10-10
10-10 16:03:42.798  5148  5170 D LogWriteUtil.class=LogFileHandlerThread.class: 3getCurrentFileName: logFileName=app22.log
10-10 16:03:42.798  5148  5170 D LogWriteUtil.class=LogFileHandlerThread.class: 1,initFile: getFilePath()=/custom/metro/log/2022-10-10, getCurrentFileName=app22.log
10-10 16:03:42.799  5148  5170 D LogWriteUtil.class=LogFileHandlerThread.class: 1getFilePath: logFormat=2022-10-10, LogWriteUtil.logPathDir=/custom/metro/log
10-10 16:03:42.799  5148  5170 D LogWriteUtil.class=LogFileHandlerThread.class: 2getFilePath: filePath=/custom/metro/log/2022-10-10
10-10 16:03:42.799  5148  5170 D LogWriteUtil.class=LogFileHandlerThread.class: 1getCurrentFileName: LogWriteUtil.logfile=app.log
10-10 16:03:42.800  5148  5170 D LogWriteUtil.class=LogFileHandlerThread.class: 1getFilePath: logFormat=2022-10-10, LogWriteUtil.logPathDir=/custom/metro/log
10-10 16:03:42.800  5148  5170 D LogWriteUtil.class=LogFileHandlerThread.class: 2getFilePath: filePath=/custom/metro/log/2022-10-10
10-10 16:03:42.800  5148  5170 D LogWriteUtil.class=LogFileHandlerThread.class: getFileNameSuffix: file=/custom/metro/log/2022-10-10
10-10 16:03:42.800  5148  5170 D LogWriteUtil.class=LogFileHandlerThread.class: 2getCurrentFileName: index=3, LogWriteUtil.logfile=app.log, getFileNameSuffix=22
10-10 16:03:42.800  5148  5170 D LogWriteUtil.class=LogFileHandlerThread.class: 1getFilePath: logFormat=2022-10-10, LogWriteUtil.logPathDir=/custom/metro/log
10-10 16:03:42.800  5148  5170 D LogWriteUtil.class=LogFileHandlerThread.class: 2getFilePath: filePath=/custom/metro/log/2022-10-10
10-10 16:03:42.800  5148  5170 D LogWriteUtil.class=LogFileHandlerThread.class: getFileNameSuffix: file=/custom/metro/log/2022-10-10
10-10 16:03:42.801  5148  5170 D LogWriteUtil.class=LogFileHandlerThread.class: 3getCurrentFileName: logFileName=app22.log
10-10 16:03:42.801  5148  5170 D LogWriteUtil.class=LogFileHandlerThread.class: 1getCurrentFileName: LogWriteUtil.logfile=app.log
10-10 16:03:42.801  5148  5170 D LogWriteUtil.class=LogFileHandlerThread.class: 1getFilePath: logFormat=2022-10-10, LogWriteUtil.logPathDir=/custom/metro/log
10-10 16:03:42.801  5148  5170 D LogWriteUtil.class=LogFileHandlerThread.class: 2getFilePath: filePath=/custom/metro/log/2022-10-10
10-10 16:03:42.801  5148  5170 D LogWriteUtil.class=LogFileHandlerThread.class: getFileNameSuffix: file=/custom/metro/log/2022-10-10
10-10 16:03:42.802  5148  5170 D LogWriteUtil.class=LogFileHandlerThread.class: 2getCurrentFileName: index=3, LogWriteUtil.logfile=app.log, getFileNameSuffix=22
10-10 16:03:42.802  5148  5170 D LogWriteUtil.class=LogFileHandlerThread.class: 1getFilePath: logFormat=2022-10-10, LogWriteUtil.logPathDir=/custom/metro/log
10-10 16:03:42.802  5148  5170 D LogWriteUtil.class=LogFileHandlerThread.class: 2getFilePath: filePath=/custom/metro/log/2022-10-10
10-10 16:03:42.802  5148  5170 D LogWriteUtil.class=LogFileHandlerThread.class: getFileNameSuffix: file=/custom/metro/log/2022-10-10
10-10 16:03:42.803  5148  5170 D LogWriteUtil.class=LogFileHandlerThread.class: 3getCurrentFileName: logFileName=app22.log
10-10 16:03:42.803  5148  5170 D TAG     : 2,initFile: /custom/metro/log/2022-10-10/app22.log, logFile.length=0, getCurrentFileName()=app22.log, writeFileName=/custom/metro/log/2022-10-10/app21.log
10-10 16:03:42.803  5148  5170 D LogWriteUtil.class=LogFileHandlerThread.class: 8,initFile: logFile=/custom/metro/log/2022-10-10/app22.log, logFile.length=0
10-10 16:03:42.816  5148  5245 W System.err: java.net.ConnectException: Failed to connect to /192.168.42.131:10049
10-10 16:03:42.816  5148  5245 W System.err: 	at okhttp3.internal.connection.RealConnection.connectSocket(RealConnection.kt:270)
10-10 16:03:42.816  5148  5245 W System.err: 	at okhttp3.internal.connection.RealConnection.connect(RealConnection.kt:176)
10-10 16:03:42.816  5148  5245 W System.err: 	at okhttp3.internal.connection.ExchangeFinder.findConnection(ExchangeFinder.kt:236)
10-10 16:03:42.816  5148  5245 W System.err: 	at okhttp3.internal.connection.ExchangeFinder.findHealthyConnection(ExchangeFinder.kt:109)
10-10 16:03:42.816  5148  5245 W System.err: 	at okhttp3.internal.connection.ExchangeFinder.find(ExchangeFinder.kt:77)
10-10 16:03:42.816  5148  5245 W System.err: 	at okhttp3.internal.connection.Transmitter.newExchange$okhttp(Transmitter.kt:162)
10-10 16:03:42.817  5148  5245 W System.err: 	at okhttp3.internal.connection.ConnectInterceptor.intercept(ConnectInterceptor.kt:35)
10-10 16:03:42.817  5148  5245 W System.err: 	at okhttp3.internal.http.RealInterceptorChain.proceed(RealInterceptorChain.kt:112)
10-10 16:03:42.817  5148  5245 W System.err: 	at okhttp3.internal.http.RealInterceptorChain.proceed(RealInterceptorChain.kt:87)
10-10 16:03:42.817  5148  5245 W System.err: 	at okhttp3.internal.cache.CacheInterceptor.intercept(CacheInterceptor.kt:82)
10-10 16:03:42.817  5148  5245 W System.err: 	at okhttp3.internal.http.RealInterceptorChain.proceed(RealInterceptorChain.kt:112)
10-10 16:03:42.817  5148  5245 W System.err: 	at okhttp3.internal.http.RealInterceptorChain.proceed(RealInterceptorChain.kt:87)
10-10 16:03:42.817  5148  5245 W System.err: 	at okhttp3.internal.http.BridgeInterceptor.intercept(BridgeInterceptor.kt:84)
10-10 16:03:42.817  5148  5245 W System.err: 	at okhttp3.internal.http.RealInterceptorChain.proceed(RealInterceptorChain.kt:112)
10-10 16:03:42.817  5148  5245 W System.err: 	at okhttp3.internal.http.RetryAndFollowUpInterceptor.intercept(RetryAndFollowUpInterceptor.kt:71)
10-10 16:03:42.817  5148  5245 W System.err: 	at okhttp3.internal.http.RealInterceptorChain.proceed(RealInterceptorChain.kt:112)
10-10 16:03:42.817  5148  5245 W System.err: 	at okhttp3.internal.http.RealInterceptorChain.proceed(RealInterceptorChain.kt:87)
10-10 16:03:42.817  5148  5245 W System.err: 	at okhttp3.logging.HttpLoggingInterceptor.intercept(HttpLoggingInterceptor.kt:150)
10-10 16:03:42.817  5148  5245 W System.err: 	at okhttp3.internal.http.RealInterceptorChain.proceed(RealInterceptorChain.kt:112)
10-10 16:03:42.817  5148  5245 W System.err: 	at okhttp3.internal.http.RealInterceptorChain.proceed(RealInterceptorChain.kt:87)
10-10 16:03:42.817  5148  5245 W System.err: 	at okhttp3.RealCall.getResponseWithInterceptorChain(RealCall.kt:184)
10-10 16:03:42.817  5148  5245 W System.err: 	at okhttp3.RealCall$AsyncCall.run(RealCall.kt:136)
10-10 16:03:42.818  5148  5245 W System.err: 	at java.util.concurrent.ThreadPoolExecutor.runWorker(ThreadPoolExecutor.java:1133)
10-10 16:03:42.818  5148  5245 W System.err: 	at java.util.concurrent.ThreadPoolExecutor$Worker.run(ThreadPoolExecutor.java:607)
10-10 16:03:42.818  5148  5245 W System.err: 	at java.lang.Thread.run(Thread.java:761)
10-10 16:03:42.818  5148  5245 W System.err: Caused by: java.net.ConnectException: Connection refused
10-10 16:03:42.818  5148  5245 W System.err: 	at java.net.PlainSocketImpl.socketConnect(Native Method)
10-10 16:03:42.818  5148  5245 W System.err: 	at java.net.AbstractPlainSocketImpl.doConnect(AbstractPlainSocketImpl.java:334)
10-10 16:03:42.818  5148  5245 W System.err: 	at java.net.AbstractPlainSocketImpl.connectToAddress(AbstractPlainSocketImpl.java:196)
10-10 16:03:42.819  5148  5245 W System.err: 	at java.net.AbstractPlainSocketImpl.connect(AbstractPlainSocketImpl.java:178)
10-10 16:03:42.819  5148  5245 W System.err: 	at java.net.SocksSocketImpl.connect(SocksSocketImpl.java:356)
10-10 16:03:42.819  5148  5245 W System.err: 	at java.net.Socket.connect(Socket.java:605)
10-10 16:03:42.819  5148  5245 W System.err: 	at okhttp3.internal.platform.AndroidPlatform.connectSocket(AndroidPlatform.kt:58)
10-10 16:03:42.819  5148  5245 W System.err: 	at okhttp3.internal.connection.RealConnection.connectSocket(RealConnection.kt:268)
10-10 16:03:42.819  5148  5245 W System.err: 	... 24 more
10-10 16:03:42.820  5148  5245 E APP_LogUtils.kt: [(LogUtils.kt:54).e()] [PaRepository] getToken() - Exception - e=Failed to connect to /192.168.42.131:10049
10-10 16:03:42.822  5148  5245 D MainViewModel: paStartMic: aaaaaaaaaaaaaaaaaaaaaaaaaa---666666666666666--
10-10 16:03:42.822  5148  5170 D LogWriteUtil.class=LogFileHandlerThread.class: 1getFilePath: logFormat=2022-10-10, LogWriteUtil.logPathDir=/custom/metro/log
10-10 16:03:42.822  5148  5170 D LogWriteUtil.class=LogFileHandlerThread.class: 2getFilePath: filePath=/custom/metro/log/2022-10-10
10-10 16:03:42.822  5148  5170 D LogWriteUtil.class=LogFileHandlerThread.class: 1getCurrentFileName: LogWriteUtil.logfile=app.log
10-10 16:03:42.823  5148  5170 D LogWriteUtil.class=LogFileHandlerThread.class: 1getFilePath: logFormat=2022-10-10, LogWriteUtil.logPathDir=/custom/metro/log
10-10 16:03:42.823  5148  5170 D LogWriteUtil.class=LogFileHandlerThread.class: 2getFilePath: filePath=/custom/metro/log/2022-10-10
10-10 16:03:42.823  5148  5170 D LogWriteUtil.class=LogFileHandlerThread.class: getFileNameSuffix: file=/custom/metro/log/2022-10-10
10-10 16:03:42.824  5148  5170 D LogWriteUtil.class=LogFileHandlerThread.class: 2getCurrentFileName: index=3, LogWriteUtil.logfile=app.log, getFileNameSuffix=22
10-10 16:03:42.825  5148  5170 D LogWriteUtil.class=LogFileHandlerThread.class: 1getFilePath: logFormat=2022-10-10, LogWriteUtil.logPathDir=/custom/metro/log
10-10 16:03:42.825  5148  5170 D LogWriteUtil.class=LogFileHandlerThread.class: 2getFilePath: filePath=/custom/metro/log/2022-10-10
10-10 16:03:42.825  5148  5170 D LogWriteUtil.class=LogFileHandlerThread.class: getFileNameSuffix: file=/custom/metro/log/2022-10-10
10-10 16:03:42.825  5148  5170 D LogWriteUtil.class=LogFileHandlerThread.class: 3getCurrentFileName: logFileName=app22.log
10-10 16:03:42.825  5148  5170 D LogWriteUtil.class=LogFileHandlerThread.class: 1,initFile: getFilePath()=/custom/metro/log/2022-10-10, getCurrentFileName=app22.log
10-10 16:03:42.826  5148  5170 D LogWriteUtil.class=LogFileHandlerThread.class: 1getFilePath: logFormat=2022-10-10, LogWriteUtil.logPathDir=/custom/metro/log
10-10 16:03:42.826  5148  5170 D LogWriteUtil.class=LogFileHandlerThread.class: 2getFilePath: filePath=/custom/metro/log/2022-10-10
10-10 16:03:42.826  5148  5170 D LogWriteUtil.class=LogFileHandlerThread.class: 1getCurrentFileName: LogWriteUtil.logfile=app.log
10-10 16:03:42.827  5148  5170 D LogWriteUtil.class=LogFileHandlerThread.class: 1getFilePath: logFormat=2022-10-10, LogWriteUtil.logPathDir=/custom/metro/log
10-10 16:03:42.827  5148  5170 D LogWriteUtil.class=LogFileHandlerThread.class: 2getFilePath: filePath=/custom/metro/log/2022-10-10
10-10 16:03:42.827  5148  5170 D LogWriteUtil.class=LogFileHandlerThread.class: getFileNameSuffix: file=/custom/metro/log/2022-10-10
10-10 16:03:42.828  5148  5170 D LogWriteUtil.class=LogFileHandlerThread.class: 2getCurrentFileName: index=3, LogWriteUtil.logfile=app.log, getFileNameSuffix=22
10-10 16:03:42.828  5148  5170 D LogWriteUtil.class=LogFileHandlerThread.class: 1getFilePath: logFormat=2022-10-10, LogWriteUtil.logPathDir=/custom/metro/log
10-10 16:03:42.828  5148  5170 D LogWriteUtil.class=LogFileHandlerThread.class: 2getFilePath: filePath=/custom/metro/log/2022-10-10
10-10 16:03:42.829  5148  5170 D LogWriteUtil.class=LogFileHandlerThread.class: getFileNameSuffix: file=/custom/metro/log/2022-10-10
10-10 16:03:42.829  5148  5170 D LogWriteUtil.class=LogFileHandlerThread.class: 3getCurrentFileName: logFileName=app22.log
10-10 16:03:42.829  5148  5170 D LogWriteUtil.class=LogFileHandlerThread.class: 1getCurrentFileName: LogWriteUtil.logfile=app.log
10-10 16:03:42.830  5148  5170 D LogWriteUtil.class=LogFileHandlerThread.class: 1getFilePath: logFormat=2022-10-10, LogWriteUtil.logPathDir=/custom/metro/log
10-10 16:03:42.830  5148  5170 D LogWriteUtil.class=LogFileHandlerThread.class: 2getFilePath: filePath=/custom/metro/log/2022-10-10
10-10 16:03:42.830  5148  5170 D LogWriteUtil.class=LogFileHandlerThread.class: getFileNameSuffix: file=/custom/metro/log/2022-10-10
10-10 16:03:42.831  5148  5170 D LogWriteUtil.class=LogFileHandlerThread.class: 2getCurrentFileName: index=3, LogWriteUtil.logfile=app.log, getFileNameSuffix=22
10-10 16:03:42.832  5148  5170 D LogWriteUtil.class=LogFileHandlerThread.class: 1getFilePath: logFormat=2022-10-10, LogWriteUtil.logPathDir=/custom/metro/log
10-10 16:03:42.832  5148  5170 D LogWriteUtil.class=LogFileHandlerThread.class: 2getFilePath: filePath=/custom/metro/log/2022-10-10
10-10 16:03:42.832  5148  5170 D LogWriteUtil.class=LogFileHandlerThread.class: getFileNameSuffix: file=/custom/metro/log/2022-10-10
10-10 16:03:42.832  5148  5170 D LogWriteUtil.class=LogFileHandlerThread.class: 3getCurrentFileName: logFileName=app22.log
10-10 16:03:42.832  5148  5170 D TAG     : 2,initFile: /custom/metro/log/2022-10-10/app22.log, logFile.length=0, getCurrentFileName()=app22.log, writeFileName=/custom/metro/log/2022-10-10/app21.log
10-10 16:03:42.833  5148  5170 D LogWriteUtil.class=LogFileHandlerThread.class: 8,initFile: logFile=/custom/metro/log/2022-10-10/app22.log, logFile.length=0
10-10 16:03:42.852  5148  5246 D MainViewModel: paStartMic: aaaaaaaaaaaaaaaaaaaaaaaaaa---99999999999999---aaaaa--
10-10 16:03:42.852  5148  5246 W System.err: java.net.ConnectException: Failed to connect to /192.168.42.131:10049
10-10 16:03:42.853  5148  5246 W System.err: 	at okhttp3.internal.connection.RealConnection.connectSocket(RealConnection.kt:270)
10-10 16:03:42.853  5148  5246 W System.err: 	at okhttp3.internal.connection.RealConnection.connect(RealConnection.kt:176)
10-10 16:03:42.853  5148  5246 W System.err: 	at okhttp3.internal.connection.ExchangeFinder.findConnection(ExchangeFinder.kt:236)
10-10 16:03:42.853  5148  5246 W System.err: 	at okhttp3.internal.connection.ExchangeFinder.findHealthyConnection(ExchangeFinder.kt:109)
10-10 16:03:42.853  5148  5246 W System.err: 	at okhttp3.internal.connection.ExchangeFinder.find(ExchangeFinder.kt:77)
10-10 16:03:42.853  5148  5246 W System.err: 	at okhttp3.internal.connection.Transmitter.newExchange$okhttp(Transmitter.kt:162)
10-10 16:03:42.853  5148  5246 W System.err: 	at okhttp3.internal.connection.ConnectInterceptor.intercept(ConnectInterceptor.kt:35)
10-10 16:03:42.853  5148  5246 W System.err: 	at okhttp3.internal.http.RealInterceptorChain.proceed(RealInterceptorChain.kt:112)
10-10 16:03:42.853  5148  5246 W System.err: 	at okhttp3.internal.http.RealInterceptorChain.proceed(RealInterceptorChain.kt:87)
10-10 16:03:42.853  5148  5246 W System.err: 	at okhttp3.internal.cache.CacheInterceptor.intercept(CacheInterceptor.kt:82)
10-10 16:03:42.853  5148  5246 W System.err: 	at okhttp3.internal.http.RealInterceptorChain.proceed(RealInterceptorChain.kt:112)
10-10 16:03:42.853  5148  5246 W System.err: 	at okhttp3.internal.http.RealInterceptorChain.proceed(RealInterceptorChain.kt:87)
10-10 16:03:42.853  5148  5246 W System.err: 	at okhttp3.internal.http.BridgeInterceptor.intercept(BridgeInterceptor.kt:84)
10-10 16:03:42.853  5148  5246 W System.err: 	at okhttp3.internal.http.RealInterceptorChain.proceed(RealInterceptorChain.kt:112)
10-10 16:03:42.853  5148  5246 W System.err: 	at okhttp3.internal.http.RetryAndFollowUpInterceptor.intercept(RetryAndFollowUpInterceptor.kt:71)
10-10 16:03:42.853  5148  5246 W System.err: 	at okhttp3.internal.http.RealInterceptorChain.proceed(RealInterceptorChain.kt:112)
10-10 16:03:42.853  5148  5246 W System.err: 	at okhttp3.internal.http.RealInterceptorChain.proceed(RealInterceptorChain.kt:87)
10-10 16:03:42.853  5148  5246 W System.err: 	at okhttp3.logging.HttpLoggingInterceptor.intercept(HttpLoggingInterceptor.kt:150)
10-10 16:03:42.853  5148  5246 W System.err: 	at okhttp3.internal.http.RealInterceptorChain.proceed(RealInterceptorChain.kt:112)
10-10 16:03:42.853  5148  5246 W System.err: 	at okhttp3.internal.http.RealInterceptorChain.proceed(RealInterceptorChain.kt:87)
10-10 16:03:42.853  5148  5246 W System.err: 	at okhttp3.RealCall.getResponseWithInterceptorChain(RealCall.kt:184)
10-10 16:03:42.854  5148  5246 W System.err: 	at okhttp3.RealCall$AsyncCall.run(RealCall.kt:136)
10-10 16:03:42.854  5148  5246 W System.err: 	at java.util.concurrent.ThreadPoolExecutor.runWorker(ThreadPoolExecutor.java:1133)
10-10 16:03:42.854  5148  5246 W System.err: 	at java.util.concurrent.ThreadPoolExecutor$Worker.run(ThreadPoolExecutor.java:607)
10-10 16:03:42.854  5148  5246 W System.err: 	at java.lang.Thread.run(Thread.java:761)
10-10 16:03:42.854  5148  5246 W System.err: Caused by: java.net.ConnectException: Connection refused
10-10 16:03:42.854  5148  5246 W System.err: 	at java.net.PlainSocketImpl.socketConnect(Native Method)
10-10 16:03:42.854  5148  5246 W System.err: 	at java.net.AbstractPlainSocketImpl.doConnect(AbstractPlainSocketImpl.java:334)
10-10 16:03:42.854  5148  5246 W System.err: 	at java.net.AbstractPlainSocketImpl.connectToAddress(AbstractPlainSocketImpl.java:196)
10-10 16:03:42.854  5148  5246 W System.err: 	at java.net.AbstractPlainSocketImpl.connect(AbstractPlainSocketImpl.java:178)
10-10 16:03:42.854  5148  5246 W System.err: 	at java.net.SocksSocketImpl.connect(SocksSocketImpl.java:356)
10-10 16:03:42.854  5148  5246 W System.err: 	at java.net.Socket.connect(Socket.java:605)
10-10 16:03:42.854  5148  5246 W System.err: 	at okhttp3.internal.platform.AndroidPlatform.connectSocket(AndroidPlatform.kt:58)
10-10 16:03:42.854  5148  5246 W System.err: 	at okhttp3.internal.connection.RealConnection.connectSocket(RealConnection.kt:268)
10-10 16:03:42.854  5148  5246 W System.err: 	... 24 more
10-10 16:03:42.856  5148  5246 E APP_LogUtils.kt: [(LogUtils.kt:54).e()] [MainViewModel] paStartMic() Exception - zone_ids=[35001], e=Failed to connect to /192.168.42.131:10049
10-10 16:03:42.857  5148  5170 D LogWriteUtil.class=LogFileHandlerThread.class: 1getFilePath: logFormat=2022-10-10, LogWriteUtil.logPathDir=/custom/metro/log
10-10 16:03:42.857  5148  5170 D LogWriteUtil.class=LogFileHandlerThread.class: 2getFilePath: filePath=/custom/metro/log/2022-10-10
10-10 16:03:42.857  5148  5170 D LogWriteUtil.class=LogFileHandlerThread.class: 1getCurrentFileName: LogWriteUtil.logfile=app.log
10-10 16:03:42.858  5148  5170 D LogWriteUtil.class=LogFileHandlerThread.class: 1getFilePath: logFormat=2022-10-10, LogWriteUtil.logPathDir=/custom/metro/log
10-10 16:03:42.858  5148  5170 D LogWriteUtil.class=LogFileHandlerThread.class: 2getFilePath: filePath=/custom/metro/log/2022-10-10
10-10 16:03:42.858  5148  5170 D LogWriteUtil.class=LogFileHandlerThread.class: getFileNameSuffix: file=/custom/metro/log/2022-10-10
10-10 16:03:42.859  5148  5170 D LogWriteUtil.class=LogFileHandlerThread.class: 2getCurrentFileName: index=3, LogWriteUtil.logfile=app.log, getFileNameSuffix=22
10-10 16:03:42.859  5148  5247 D MainViewModel: paStartMic: aaaaaaaaaaaaaaaaaaaaaaaaaa---99999999999999---bbbbb--
