10-12 12:48:08.794  5141  5164 D LogWriteUtil.class=LogFileHandlerThread.class: 1getFilePath: logFormat=2022-10-12, LogWriteUtil.logPathDir=/custom/metro/log
10-12 12:48:08.794  5141  5164 D LogWriteUtil.class=LogFileHandlerThread.class: 2getFilePath: filePath=/custom/metro/log/2022-10-12
10-12 12:48:08.794  5141  5164 D LogWriteUtil.class=LogFileHandlerThread.class: getFileNameSuffix: file=/custom/metro/log/2022-10-12
10-12 12:48:08.795  5141  5164 D LogWriteUtil.class=LogFileHandlerThread.class: 2getCurrentFileName: index=3, LogWriteUtil.logfile=app.log, getFileNameSuffix=21
10-12 12:48:08.795  5141  5164 D LogWriteUtil.class=LogFileHandlerThread.class: 1getFilePath: logFormat=2022-10-12, LogWriteUtil.logPathDir=/custom/metro/log
10-12 12:48:08.796  5141  5164 D LogWriteUtil.class=LogFileHandlerThread.class: 2getFilePath: filePath=/custom/metro/log/2022-10-12
10-12 12:48:08.796  5141  5164 D LogWriteUtil.class=LogFileHandlerThread.class: getFileNameSuffix: file=/custom/metro/log/2022-10-12
10-12 12:48:08.796  5141  5164 D LogWriteUtil.class=LogFileHandlerThread.class: 3getCurrentFileName: logFileName=app21.log
10-12 12:48:08.796  5141  5164 D TAG     : 2,initFile: /custom/metro/log/2022-10-12/app21.log, logFile.length=0, getCurrentFileName()=app21.log, writeFileName=/custom/metro/log/2022-10-12/app201665550049041.log
10-12 12:48:08.797  5141  5164 D LogWriteUtil.class=LogFileHandlerThread.class: 8,initFile: logFile=/custom/metro/log/2022-10-12/app21.log, logFile.length=0
10-12 12:48:08.809  5141  5141 D IndexFragment: initView: applyFxData() - ats=[StationAts(createTime=1665550088, trainGroupNumber=211, serviceNumber=000, trainCrewNumber=000, trainPosition=1, trainRunningPosition=1, railName=T1306, stationID=013, terminalStationID=000, destinationID=000, identityID=+866022013), StationAts(createTime=1665550088, trainGroupNumber=202, serviceNumber=000, trainCrewNumber=000, trainPosition=1, trainRunningPosition=2, railName=T1303, stationID=013, terminalStationID=000, destinationID=000, identityID=+866022013), StationAts(createTime=1665550088, trainGroupNumber=299, serviceNumber=801, trainCrewNumber=000, trainPosition=1, trainRunningPosition=2, railName=T1301, stationID=013, terminalStationID=000, destinationID=000, identityID=+866022013), StationAts(createTime=1665550088, trainGroupNumber=201, serviceNumber=000, trainCrewNumber=000, trainPosition=1, trainRunningPosition=1, railName=T1304, stationID=013, terminalStationID=000, destinationID=000, identityID=+866022013)]
10-12 12:48:08.976  5141  5199 I rilj    : EMCI Detial(CellId--->Tav): 5889,255,2,"46009",255,65535,59,65535,255,255,60,26,16,255,1202590897205,0,0,0,0,0,0,0,0
10-12 12:48:08.976  5141  5199 D LTERILJ : [UNSL]< RIL_UNSOL_NOTIFY_EMCI_DETAIL
10-12 12:48:08.977  5141  5196 D LTEPhone: EVENT_FOR_EMCI_DETAIL
10-12 12:48:08.978  5141  5196 D LTEServiceTracker: setCellId cellId:5889,"46009"
10-12 12:48:08.980  5141  5141 I APP_LogUtils.kt: [(LogUtils.kt:50).i()] [com.gbcom.library_base.service.LLteService] lte_resp_sys_for_emci_detail - EmciDetail=com.ztegota.system.common.EmciDetail@519819c
10-12 12:48:08.983  5141  5164 D LogWriteUtil.class=LogFileHandlerThread.class: 1getFilePath: logFormat=2022-10-12, LogWriteUtil.logPathDir=/custom/metro/log
10-12 12:48:08.983  5141  5164 D LogWriteUtil.class=LogFileHandlerThread.class: 2getFilePath: filePath=/custom/metro/log/2022-10-12
10-12 12:48:08.984  5141  5164 D LogWriteUtil.class=LogFileHandlerThread.class: 1getCurrentFileName: LogWriteUtil.logfile=app.log
10-12 12:48:08.984  5141  5236 D MainViewModel: getSystemTime_currentThreadID2: 219
10-12 12:48:08.985  5141  5164 D LogWriteUtil.class=LogFileHandlerThread.class: 1getFilePath: logFormat=2022-10-12, LogWriteUtil.logPathDir=/custom/metro/log
10-12 12:48:08.985  5141  5164 D LogWriteUtil.class=LogFileHandlerThread.class: 2getFilePath: filePath=/custom/metro/log/2022-10-12
10-12 12:48:08.986  5141  5164 D LogWriteUtil.class=LogFileHandlerThread.class: getFileNameSuffix: file=/custom/metro/log/2022-10-12
10-12 12:48:08.989  5141  5164 D LogWriteUtil.class=LogFileHandlerThread.class: 2getCurrentFileName: index=3, LogWriteUtil.logfile=app.log, getFileNameSuffix=21
10-12 12:48:08.991  5141  5164 D LogWriteUtil.class=LogFileHandlerThread.class: 1getFilePath: logFormat=2022-10-12, LogWriteUtil.logPathDir=/custom/metro/log
10-12 12:48:08.991  5141  5164 D LogWriteUtil.class=LogFileHandlerThread.class: 2getFilePath: filePath=/custom/metro/log/2022-10-12
10-12 12:48:08.991  5141  5164 D LogWriteUtil.class=LogFileHandlerThread.class: getFileNameSuffix: file=/custom/metro/log/2022-10-12
10-12 12:48:08.992  5141  5164 D LogWriteUtil.class=LogFileHandlerThread.class: 3getCurrentFileName: logFileName=app21.log
10-12 12:48:08.992  5141  5164 D LogWriteUtil.class=LogFileHandlerThread.class: 1,initFile: getFilePath()=/custom/metro/log/2022-10-12, getCurrentFileName=app21.log
10-12 12:48:08.993  5141  5164 D LogWriteUtil.class=LogFileHandlerThread.class: 1getFilePath: logFormat=2022-10-12, LogWriteUtil.logPathDir=/custom/metro/log
10-12 12:48:08.993  5141  5164 D LogWriteUtil.class=LogFileHandlerThread.class: 2getFilePath: filePath=/custom/metro/log/2022-10-12
10-12 12:48:08.994  5141  5164 D LogWriteUtil.class=LogFileHandlerThread.class: 1getCurrentFileName: LogWriteUtil.logfile=app.log
10-12 12:48:08.995  5141  5164 D LogWriteUtil.class=LogFileHandlerThread.class: 1getFilePath: logFormat=2022-10-12, LogWriteUtil.logPathDir=/custom/metro/log
10-12 12:48:08.995  5141  5164 D LogWriteUtil.class=LogFileHandlerThread.class: 2getFilePath: filePath=/custom/metro/log/2022-10-12
10-12 12:48:08.995  5141  5164 D LogWriteUtil.class=LogFileHandlerThread.class: getFileNameSuffix: file=/custom/metro/log/2022-10-12
10-12 12:48:08.996  5141  5164 D LogWriteUtil.class=LogFileHandlerThread.class: 2getCurrentFileName: index=3, LogWriteUtil.logfile=app.log, getFileNameSuffix=21
10-12 12:48:08.998  5141  5164 D LogWriteUtil.class=LogFileHandlerThread.class: 1getFilePath: logFormat=2022-10-12, LogWriteUtil.logPathDir=/custom/metro/log
10-12 12:48:08.998  5141  5164 D LogWriteUtil.class=LogFileHandlerThread.class: 2getFilePath: filePath=/custom/metro/log/2022-10-12
10-12 12:48:08.998  5141  5164 D LogWriteUtil.class=LogFileHandlerThread.class: getFileNameSuffix: file=/custom/metro/log/2022-10-12
10-12 12:48:08.999  5141  5164 D LogWriteUtil.class=LogFileHandlerThread.class: 3getCurrentFileName: logFileName=app21.log
10-12 12:48:08.999  5141  5164 D LogWriteUtil.class=LogFileHandlerThread.class: 1getCurrentFileName: LogWriteUtil.logfile=app.log
10-12 12:48:09.000  5141  5164 D LogWriteUtil.class=LogFileHandlerThread.class: 1getFilePath: logFormat=2022-10-12, LogWriteUtil.logPathDir=/custom/metro/log
10-12 12:48:09.000  5141  5164 D LogWriteUtil.class=LogFileHandlerThread.class: 2getFilePath: filePath=/custom/metro/log/2022-10-12
10-12 12:48:09.001  5141  5164 D LogWriteUtil.class=LogFileHandlerThread.class: getFileNameSuffix: file=/custom/metro/log/2022-10-12
10-12 12:48:09.002  5141  5164 D LogWriteUtil.class=LogFileHandlerThread.class: 2getCurrentFileName: index=3, LogWriteUtil.logfile=app.log, getFileNameSuffix=21
10-12 12:48:09.003  5141  5164 D LogWriteUtil.class=LogFileHandlerThread.class: 1getFilePath: logFormat=2022-10-12, LogWriteUtil.logPathDir=/custom/metro/log
10-12 12:48:09.003  5141  5164 D LogWriteUtil.class=LogFileHandlerThread.class: 2getFilePath: filePath=/custom/metro/log/2022-10-12
10-12 12:48:09.003  5141  5164 D LogWriteUtil.class=LogFileHandlerThread.class: getFileNameSuffix: file=/custom/metro/log/2022-10-12
10-12 12:48:09.004  5141  5164 D LogWriteUtil.class=LogFileHandlerThread.class: 3getCurrentFileName: logFileName=app21.log
10-12 12:48:09.004  5141  5164 D TAG     : 2,initFile: /custom/metro/log/2022-10-12/app21.log, logFile.length=0, getCurrentFileName()=app21.log, writeFileName=/custom/metro/log/2022-10-12/app201665550049041.log
10-12 12:48:09.005  5141  5164 D LogWriteUtil.class=LogFileHandlerThread.class: 8,initFile: logFile=/custom/metro/log/2022-10-12/app21.log, logFile.length=0
10-12 12:48:09.018  5141  5237 D TAG     : getSystemTime_currentThreadID3s: 220, isActive=true
10-12 12:48:09.494  5141  5237 D MainViewModel: getSystemTime_currentThreadID2: 220
10-12 12:48:09.526  5141  5237 D TAG     : getSystemTime_currentThreadID3s: 220, isActive=true
10-12 12:48:09.952  5141  5208 D UdpDisServices: udp receive - api receive data disApi, udp service id=199  - udp.packet.address=/172.2.208.8, udp.pack.socketAddress=/172.2.208.8:64002, udp.port=64002- running=true - message={"MsgSeqID":42772,"MsgName":"GetStationATSRsp","MsgInfo":{"Code":10011,"StationATSInfos":[{"TrainGroupNumber":"211","ServiceNumber":"000","TrainCrewNumber":"000","TrainPosition":"1","TrainRunningPosition":"1","RailName":"T1306","StationID":"013","TerminalStationID":"000","DestinationID":"000"},{"TrainGroupNumber":"202","ServiceNumber":"000","TrainCrewNumber":"000","TrainPosition":"1","TrainRunningPosition":"2","RailName":"T1303","StationID":"013","TerminalStationID":"000","DestinationID":"000"},{"TrainGroupNumber":"299","ServiceNumber":"801","TrainCrewNumber":"000","TrainPosition":"1","TrainRunningPosition":"2","RailName":"T1301","StationID":"013","TerminalStationID":"000","DestinationID":"000"},{"TrainGroupNumber":"201","ServiceNumber":"000","TrainCrewNumber":"000","TrainPosition":"1","TrainRunningPosition":"1","RailName":"T1304","StationID":"013","TerminalStationID":"000","DestinationID":"000"}]}}
10-12 12:48:09.954  5141  5208 I APP_LogUtils.kt: [(LogUtils.kt:50).i()] [UdpDisServices] udp receive - api receive data disApi, udp service id=199 - running=true  - ip=/172.2.208.8 - port=64002 - message={"MsgSeqID":42772,"MsgName":"GetStationATSRsp","MsgInfo":{"Code":10011,"StationATSInfos":[{"TrainGroupNumber":"211","ServiceNumber":"000","TrainCrewNumber":"000","TrainPosition":"1","TrainRunningPosition":"1","RailName":"T1306","StationID":"013","TerminalStationID":"000","DestinationID":"000"},{"TrainGroupNumber":"202","ServiceNumber":"000","TrainCrewNumber":"000","TrainPosition":"1","TrainRunningPosition":"2","RailName":"T1303","StationID":"013","TerminalStationID":"000","DestinationID":"000"},{"TrainGroupNumber":"299","ServiceNumber":"801","TrainCrewNumber":"000","TrainPosition":"1","TrainRunningPosition":"2","RailName":"T1301","StationID":"013","TerminalStationID":"000","DestinationID":"000"},{"TrainGroupNumber":"201","ServiceNumber":"000","TrainCrewNumber":"000","TrainPosition":"1","TrainRunningPosition":"1","RailName":"T1304","StationID":"013","TerminalStationID":"000","DestinationID":"000"}]}}
10-12 12:48:09.955  5141  5141 D MainActivity: onMessageEvent  -- gginit: disApi, id=1---event={"MsgSeqID":42772,"MsgName":"GetStationATSRsp","MsgInfo":{"Code":10011,"StationATSInfos":[{"TrainGroupNumber":"211","ServiceNumber":"000","TrainCrewNumber":"000","TrainPosition":"1","TrainRunningPosition":"1","RailName":"T1306","StationID":"013","TerminalStationID":"000","DestinationID":"000"},{"TrainGroupNumber":"202","ServiceNumber":"000","TrainCrewNumber":"000","TrainPosition":"1","TrainRunningPosition":"2","RailName":"T1303","StationID":"013","TerminalStationID":"000","DestinationID":"000"},{"TrainGroupNumber":"299","ServiceNumber":"801","TrainCrewNumber":"000","TrainPosition":"1","TrainRunningPosition":"2","RailName":"T1301","StationID":"013","TerminalStationID":"000","DestinationID":"000"},{"TrainGroupNumber":"201","ServiceNumber":"000","TrainCrewNumber":"000","TrainPosition":"1","TrainRunningPosition":"1","RailName":"T1304","StationID":"013","TerminalStationID":"000","DestinationID":"000"}]}}
10-12 12:48:09.956  5141  5141 D MainViewModel: 1processDisApi: disApi, id=1
10-12 12:48:09.956  5141  5164 D LogWriteUtil.class=LogFileHandlerThread.class: 1getFilePath: logFormat=2022-10-12, LogWriteUtil.logPathDir=/custom/metro/log
10-12 12:48:09.956  5141  5164 D LogWriteUtil.class=LogFileHandlerThread.class: 2getFilePath: filePath=/custom/metro/log/2022-10-12
10-12 12:48:09.957  5141  5164 D LogWriteUtil.class=LogFileHandlerThread.class: 1getCurrentFileName: LogWriteUtil.logfile=app.log
10-12 12:48:09.958  5141  5164 D LogWriteUtil.class=LogFileHandlerThread.class: 1getFilePath: logFormat=2022-10-12, LogWriteUtil.logPathDir=/custom/metro/log
10-12 12:48:09.959  5141  5164 D LogWriteUtil.class=LogFileHandlerThread.class: 2getFilePath: filePath=/custom/metro/log/2022-10-12
10-12 12:48:09.959  5141  5164 D LogWriteUtil.class=LogFileHandlerThread.class: getFileNameSuffix: file=/custom/metro/log/2022-10-12
10-12 12:48:09.959  5141  5237 D DisApiSingletonReceive: processingData: disApi, id=220 - data={"MsgSeqID":42772,"MsgName":"GetStationATSRsp","MsgInfo":{"Code":10011,"StationATSInfos":[{"TrainGroupNumber":"211","ServiceNumber":"000","TrainCrewNumber":"000","TrainPosition":"1","TrainRunningPosition":"1","RailName":"T1306","StationID":"013","TerminalStationID":"000","DestinationID":"000"},{"TrainGroupNumber":"202","ServiceNumber":"000","TrainCrewNumber":"000","TrainPosition":"1","TrainRunningPosition":"2","RailName":"T1303","StationID":"013","TerminalStationID":"000","DestinationID":"000"},{"TrainGroupNumber":"299","ServiceNumber":"801","TrainCrewNumber":"000","TrainPosition":"1","TrainRunningPosition":"2","RailName":"T1301","StationID":"013","TerminalStationID":"000","DestinationID":"000"},{"TrainGroupNumber":"201","ServiceNumber":"000","TrainCrewNumber":"000","TrainPosition":"1","TrainRunningPosition":"1","RailName":"T1304","StationID":"013","TerminalStationID":"000","DestinationID":"000"}]}}
10-12 12:48:09.960  5141  5164 D LogWriteUtil.class=LogFileHandlerThread.class: 2getCurrentFileName: index=3, LogWriteUtil.logfile=app.log, getFileNameSuffix=21
10-12 12:48:09.965  5141  5164 D LogWriteUtil.class=LogFileHandlerThread.class: 1getFilePath: logFormat=2022-10-12, LogWriteUtil.logPathDir=/custom/metro/log
10-12 12:48:09.966  5141  5164 D LogWriteUtil.class=LogFileHandlerThread.class: 2getFilePath: filePath=/custom/metro/log/2022-10-12
10-12 12:48:09.966  5141  5164 D LogWriteUtil.class=LogFileHandlerThread.class: getFileNameSuffix: file=/custom/metro/log/2022-10-12
10-12 12:48:09.968  5141  5164 D LogWriteUtil.class=LogFileHandlerThread.class: 3getCurrentFileName: logFileName=app21.log
10-12 12:48:09.968  5141  5164 D LogWriteUtil.class=LogFileHandlerThread.class: 1,initFile: getFilePath()=/custom/metro/log/2022-10-12, getCurrentFileName=app21.log
10-12 12:48:09.969  5141  5164 D LogWriteUtil.class=LogFileHandlerThread.class: 1getFilePath: logFormat=2022-10-12, LogWriteUtil.logPathDir=/custom/metro/log
10-12 12:48:09.969  5141  5164 D LogWriteUtil.class=LogFileHandlerThread.class: 2getFilePath: filePath=/custom/metro/log/2022-10-12
10-12 12:48:09.969  5141  5164 D LogWriteUtil.class=LogFileHandlerThread.class: 1getCurrentFileName: LogWriteUtil.logfile=app.log
10-12 12:48:09.970  5141  5164 D LogWriteUtil.class=LogFileHandlerThread.class: 1getFilePath: logFormat=2022-10-12, LogWriteUtil.logPathDir=/custom/metro/log
10-12 12:48:09.970  5141  5164 D LogWriteUtil.class=LogFileHandlerThread.class: 2getFilePath: filePath=/custom/metro/log/2022-10-12
10-12 12:48:09.970  5141  5164 D LogWriteUtil.class=LogFileHandlerThread.class: getFileNameSuffix: file=/custom/metro/log/2022-10-12
10-12 12:48:09.971  5141  5164 D LogWriteUtil.class=LogFileHandlerThread.class: 2getCurrentFileName: index=3, LogWriteUtil.logfile=app.log, getFileNameSuffix=21
10-12 12:48:09.972  5141  5164 D LogWriteUtil.class=LogFileHandlerThread.class: 1getFilePath: logFormat=2022-10-12, LogWriteUtil.logPathDir=/custom/metro/log
10-12 12:48:09.972  5141  5164 D LogWriteUtil.class=LogFileHandlerThread.class: 2getFilePath: filePath=/custom/metro/log/2022-10-12
10-12 12:48:09.972  5141  5164 D LogWriteUtil.class=LogFileHandlerThread.class: getFileNameSuffix: file=/custom/metro/log/2022-10-12
10-12 12:48:09.973  5141  5164 D LogWriteUtil.class=LogFileHandlerThread.class: 3getCurrentFileName: logFileName=app21.log
10-12 12:48:09.974  5141  5199 I rilj    : EMCI Detial(CellId--->Tav): 5889,255,2,"46009",255,65535,59,65535,255,255,58,27,16,255,1202590897205,0,0,0,0,0,0,0,0
10-12 12:48:09.974  5141  5199 D LTERILJ : [UNSL]< RIL_UNSOL_NOTIFY_EMCI_DETAIL
10-12 12:48:09.974  5141  5196 D LTEPhone: EVENT_FOR_EMCI_DETAIL
10-12 12:48:09.974  5141  5164 D LogWriteUtil.class=LogFileHandlerThread.class: 1getCurrentFileName: LogWriteUtil.logfile=app.log
10-12 12:48:09.974  5141  5196 D LTEServiceTracker: setCellId cellId:5889,"46009"
10-12 12:48:09.976  5141  5141 I APP_LogUtils.kt: [(LogUtils.kt:50).i()] [com.gbcom.library_base.service.LLteService] lte_resp_sys_for_emci_detail - EmciDetail=com.ztegota.system.common.EmciDetail@84e5921
10-12 12:48:09.976  5141  5237 D DisApiSingletonReceive: parseStationAtsData: atsInfo=com.gbcom.library_base.data.StationAtsApiData@90a3146
10-12 12:48:09.976  5141  5237 D BtrunCConfig: isR2Nubmer is true
10-12 12:48:09.977  5141  5237 D com.ztegota.system.GotaSystem: getMdn +866022013
10-12 12:48:09.978  5141  5237 D TAG     : getUserId: userId2=+866022013
10-12 12:48:09.978  5141  5237 D BtrunCConfig: isR2Nubmer is true
10-12 12:48:09.978  5141  5237 D com.ztegota.system.GotaSystem: getMdn +866022013
10-12 12:48:09.978  5141  5237 D TAG     : getUserId: userId2=+866022013
10-12 12:48:09.978  5141  5237 D BtrunCConfig: isR2Nubmer is true
10-12 12:48:09.979  5141  5237 D com.ztegota.system.GotaSystem: getMdn +866022013
10-12 12:48:09.979  5141  5237 D TAG     : getUserId: userId2=+866022013
10-12 12:48:09.979  5141  5164 D LogWriteUtil.class=LogFileHandlerThread.class: 1getFilePath: logFormat=2022-10-12, LogWriteUtil.logPathDir=/custom/metro/log
10-12 12:48:09.979  5141  5164 D LogWriteUtil.class=LogFileHandlerThread.class: 2getFilePath: filePath=/custom/metro/log/2022-10-12
10-12 12:48:09.979  5141  5164 D LogWriteUtil.class=LogFileHandlerThread.class: getFileNameSuffix: file=/custom/metro/log/2022-10-12
10-12 12:48:09.980  5141  5237 D BtrunCConfig: isR2Nubmer is true
10-12 12:48:09.980  5141  5164 D LogWriteUtil.class=LogFileHandlerThread.class: 2getCurrentFileName: index=3, LogWriteUtil.logfile=app.log, getFileNameSuffix=21
10-12 12:48:09.980  5141  5237 D com.ztegota.system.GotaSystem: getMdn +866022013
10-12 12:48:09.981  5141  5237 D TAG     : getUserId: userId2=+866022013
10-12 12:48:09.981  5141  5164 D LogWriteUtil.class=LogFileHandlerThread.class: 1getFilePath: logFormat=2022-10-12, LogWriteUtil.logPathDir=/custom/metro/log
10-12 12:48:09.981  5141  5164 D LogWriteUtil.class=LogFileHandlerThread.class: 2getFilePath: filePath=/custom/metro/log/2022-10-12
10-12 12:48:09.982  5141  5164 D LogWriteUtil.class=LogFileHandlerThread.class: getFileNameSuffix: file=/custom/metro/log/2022-10-12
10-12 12:48:09.982  5141  5164 D LogWriteUtil.class=LogFileHandlerThread.class: 3getCurrentFileName: logFileName=app21.log
10-12 12:48:09.982  5141  5164 D TAG     : 2,initFile: /custom/metro/log/2022-10-12/app21.log, logFile.length=0, getCurrentFileName()=app21.log, writeFileName=/custom/metro/log/2022-10-12/app201665550049041.log
10-12 12:48:09.983  5141  5164 D LogWriteUtil.class=LogFileHandlerThread.class: 8,initFile: logFile=/custom/metro/log/2022-10-12/app21.log, logFile.length=0
10-12 12:48:09.984  5141  5164 D LogWriteUtil.class=LogFileHandlerThread.class: 1getFilePath: logFormat=2022-10-12, LogWriteUtil.logPathDir=/custom/metro/log
10-12 12:48:09.985  5141  5164 D LogWriteUtil.class=LogFileHandlerThread.class: 2getFilePath: filePath=/custom/metro/log/2022-10-12
10-12 12:48:09.985  5141  5164 D LogWriteUtil.class=LogFileHandlerThread.class: 1getCurrentFileName: LogWriteUtil.logfile=app.log
10-12 12:48:09.987  5141  5164 D LogWriteUtil.class=LogFileHandlerThread.class: 1getFilePath: logFormat=2022-10-12, LogWriteUtil.logPathDir=/custom/metro/log
10-12 12:48:09.987  5141  5164 D LogWriteUtil.class=LogFileHandlerThread.class: 2getFilePath: filePath=/custom/metro/log/2022-10-12
10-12 12:48:09.988  5141  5164 D LogWriteUtil.class=LogFileHandlerThread.class: getFileNameSuffix: file=/custom/metro/log/2022-10-12
10-12 12:48:09.988  5141  5164 D LogWriteUtil.class=LogFileHandlerThread.class: 2getCurrentFileName: index=3, LogWriteUtil.logfile=app.log, getFileNameSuffix=21
10-12 12:48:09.989  5141  5164 D LogWriteUtil.class=LogFileHandlerThread.class: 1getFilePath: logFormat=2022-10-12, LogWriteUtil.logPathDir=/custom/metro/log
10-12 12:48:09.989  5141  5164 D LogWriteUtil.class=LogFileHandlerThread.class: 2getFilePath: filePath=/custom/metro/log/2022-10-12
10-12 12:48:09.990  5141  5164 D LogWriteUtil.class=LogFileHandlerThread.class: getFileNameSuffix: file=/custom/metro/log/2022-10-12
10-12 12:48:09.990  5141  5164 D LogWriteUtil.class=LogFileHandlerThread.class: 3getCurrentFileName: logFileName=app21.log
10-12 12:48:09.990  5141  5164 D LogWriteUtil.class=LogFileHandlerThread.class: 1,initFile: getFilePath()=/custom/metro/log/2022-10-12, getCurrentFileName=app21.log
10-12 12:48:09.991  5141  5164 D LogWriteUtil.class=LogFileHandlerThread.class: 1getFilePath: logFormat=2022-10-12, LogWriteUtil.logPathDir=/custom/metro/log
10-12 12:48:09.991  5141  5164 D LogWriteUtil.class=LogFileHandlerThread.class: 2getFilePath: filePath=/custom/metro/log/2022-10-12
10-12 12:48:09.992  5141  5164 D LogWriteUtil.class=LogFileHandlerThread.class: 1getCurrentFileName: LogWriteUtil.logfile=app.log
10-12 12:48:09.992  5141  5164 D LogWriteUtil.class=LogFileHandlerThread.class: 1getFilePath: logFormat=2022-10-12, LogWriteUtil.logPathDir=/custom/metro/log
10-12 12:48:09.993  5141  5164 D LogWriteUtil.class=LogFileHandlerThread.class: 2getFilePath: filePath=/custom/metro/log/2022-10-12
10-12 12:48:09.993  5141  5164 D LogWriteUtil.class=LogFileHandlerThread.class: getFileNameSuffix: file=/custom/metro/log/2022-10-12
10-12 12:48:09.993  5141  5164 D LogWriteUtil.class=LogFileHandlerThread.class: 2getCurrentFileName: index=3, LogWriteUtil.logfile=app.log, getFileNameSuffix=21
10-12 12:48:09.994  5141  5164 D LogWriteUtil.class=LogFileHandlerThread.class: 1getFilePath: logFormat=2022-10-12, LogWriteUtil.logPathDir=/custom/metro/log
10-12 12:48:09.994  5141  5164 D LogWriteUtil.class=LogFileHandlerThread.class: 2getFilePath: filePath=/custom/metro/log/2022-10-12
10-12 12:48:09.995  5141  5164 D LogWriteUtil.class=LogFileHandlerThread.class: getFileNameSuffix: file=/custom/metro/log/2022-10-12
10-12 12:48:09.995  5141  5164 D LogWriteUtil.class=LogFileHandlerThread.class: 3getCurrentFileName: logFileName=app21.log
10-12 12:48:09.995  5141  5164 D LogWriteUtil.class=LogFileHandlerThread.class: 1getCurrentFileName: LogWriteUtil.logfile=app.log
10-12 12:48:09.996  5141  5164 D LogWriteUtil.class=LogFileHandlerThread.class: 1getFilePath: logFormat=2022-10-12, LogWriteUtil.logPathDir=/custom/metro/log
10-12 12:48:09.996  5141  5164 D LogWriteUtil.class=LogFileHandlerThread.class: 2getFilePath: filePath=/custom/metro/log/2022-10-12
10-12 12:48:09.997  5141  5164 D LogWriteUtil.class=LogFileHandlerThread.class: getFileNameSuffix: file=/custom/metro/log/2022-10-12
10-12 12:48:09.998  5141  5164 D LogWriteUtil.class=LogFileHandlerThread.class: 2getCurrentFileName: index=3, LogWriteUtil.logfile=app.log, getFileNameSuffix=21
10-12 12:48:10.000  5141  5236 D MainViewModel: getSystemTime_currentThreadID2: 219
10-12 12:48:10.000  5141  5164 D LogWriteUtil.class=LogFileHandlerThread.class: 1getFilePath: logFormat=2022-10-12, LogWriteUtil.logPathDir=/custom/metro/log
10-12 12:48:10.000  5141  5164 D LogWriteUtil.class=LogFileHandlerThread.class: 2getFilePath: filePath=/custom/metro/log/2022-10-12
10-12 12:48:10.000  5141  5164 D LogWriteUtil.class=LogFileHandlerThread.class: getFileNameSuffix: file=/custom/metro/log/2022-10-12
10-12 12:48:10.000  5141  5164 D LogWriteUtil.class=LogFileHandlerThread.class: 3getCurrentFileName: logFileName=app21.log
10-12 12:48:10.001  5141  5164 D TAG     : 2,initFile: /custom/metro/log/2022-10-12/app21.log, logFile.length=0, getCurrentFileName()=app21.log, writeFileName=/custom/metro/log/2022-10-12/app201665550049041.log
10-12 12:48:10.001  5141  5164 D LogWriteUtil.class=LogFileHandlerThread.class: 8,initFile: logFile=/custom/metro/log/2022-10-12/app21.log, logFile.length=0
10-12 12:48:10.015  5141  5141 D IndexFragment: initView: applyFxData() - ats=[StationAts(createTime=1665550089, trainGroupNumber=211, serviceNumber=000, trainCrewNumber=000, trainPosition=1, trainRunningPosition=1, railName=T1306, stationID=013, terminalStationID=000, destinationID=000, identityID=+866022013), StationAts(createTime=1665550089, trainGroupNumber=202, serviceNumber=000, trainCrewNumber=000, trainPosition=1, trainRunningPosition=2, railName=T1303, stationID=013, terminalStationID=000, destinationID=000, identityID=+866022013), StationAts(createTime=1665550089, trainGroupNumber=299, serviceNumber=801, trainCrewNumber=000, trainPosition=1, trainRunningPosition=2, railName=T1301, stationID=013, terminalStationID=000, destinationID=000, identityID=+866022013), StationAts(createTime=1665550089, trainGroupNumber=201, serviceNumber=000, trainCrewNumber=000, trainPosition=1, trainRunningPosition=1, railName=T1304, stationID=013, terminalStationID=000, destinationID=000, identityID=+866022013)]
10-12 12:48:10.060  5141  5237 D TAG     : getSystemTime_currentThreadID3s: 220, isActive=true
10-12 12:48:10.456   775   775 I MSM-irqbalance: Decided to move IRQ5 from CPU1 [P:0] to CPU6 [P:1] (banned)
10-12 12:48:10.459   775   775 I MSM-irqbalance: Decided to move IRQ3 from CPU1 [P:0] to CPU4 [P:1] (banned)
10-12 12:48:10.461   775   775 I MSM-irqbalance: Decided to move IRQ188 from CPU1 [P:0] to CPU7 [P:1] (banned)
10-12 12:48:10.464   775   775 I MSM-irqbalance: Decided to move IRQ5 from CPU2 [P:0] to CPU5 [P:1] (banned)
10-12 12:48:10.466   775   775 I MSM-irqbalance: Decided to move IRQ5 from CPU3 [P:0] to CPU6 [P:1] (banned)
10-12 12:48:10.468   775   775 I MSM-irqbalance: Decided to move IRQ3 from CPU3 [P:0] to CPU4 [P:1] (banned)
10-12 12:48:10.469   775   775 I MSM-irqbalance: Decided to move IRQ3 from CPU0 [P:0] to CPU7 [P:1] (banned)
10-12 12:48:10.470   775   775 I MSM-irqbalance: Decided to move IRQ5 from CPU0 [P:0] to CPU5 [P:1] (banned)
10-12 12:48:10.504  5141  5237 D MainViewModel: getSystemTime_currentThreadID2: 220
10-12 12:48:10.564  5141  5237 D TAG     : getSystemTime_currentThreadID3s: 220, isActive=true
10-12 12:48:10.978  5141  5199 I rilj    : EMCI Detial(CellId--->Tav): 5889,255,2,"46009",255,65535,59,65535,255,255,58,27,16,255,1202590897205,0,0,0,0,0,0,0,0
10-12 12:48:10.979  5141  5199 D LTERILJ : [UNSL]< RIL_UNSOL_NOTIFY_EMCI_DETAIL
10-12 12:48:10.979  5141  5196 D LTEPhone: EVENT_FOR_EMCI_DETAIL
10-12 12:48:10.980  5141  5196 D LTEServiceTracker: setCellId cellId:5889,"46009"
10-12 12:48:10.982  5141  5141 I APP_LogUtils.kt: [(LogUtils.kt:50).i()] [com.gbcom.library_base.service.LLteService] lte_resp_sys_for_emci_detail - EmciDetail=com.ztegota.system.common.EmciDetail@f580b59
10-12 12:48:10.984  5141  5164 D LogWriteUtil.class=LogFileHandlerThread.class: 1getFilePath: logFormat=2022-10-12, LogWriteUtil.logPathDir=/custom/metro/log
10-12 12:48:10.985  5141  5164 D LogWriteUtil.class=LogFileHandlerThread.class: 2getFilePath: filePath=/custom/metro/log/2022-10-12
10-12 12:48:10.985  5141  5164 D LogWriteUtil.class=LogFileHandlerThread.class: 1getCurrentFileName: LogWriteUtil.logfile=app.log
10-12 12:48:10.986  5141  5164 D LogWriteUtil.class=LogFileHandlerThread.class: 1getFilePath: logFormat=2022-10-12, LogWriteUtil.logPathDir=/custom/metro/log
10-12 12:48:10.987  5141  5164 D LogWriteUtil.class=LogFileHandlerThread.class: 2getFilePath: filePath=/custom/metro/log/2022-10-12
10-12 12:48:10.988  5141  5164 D LogWriteUtil.class=LogFileHandlerThread.class: getFileNameSuffix: file=/custom/metro/log/2022-10-12
10-12 12:48:10.989  5141  5164 D LogWriteUtil.class=LogFileHandlerThread.class: 2getCurrentFileName: index=3, LogWriteUtil.logfile=app.log, getFileNameSuffix=21
10-12 12:48:10.990  5141  5164 D LogWriteUtil.class=LogFileHandlerThread.class: 1getFilePath: logFormat=2022-10-12, LogWriteUtil.logPathDir=/custom/metro/log
10-12 12:48:10.991  5141  5164 D LogWriteUtil.class=LogFileHandlerThread.class: 2getFilePath: filePath=/custom/metro/log/2022-10-12
10-12 12:48:10.991  5141  5164 D LogWriteUtil.class=LogFileHandlerThread.class: getFileNameSuffix: file=/custom/metro/log/2022-10-12
10-12 12:48:10.992  5141  5164 D LogWriteUtil.class=LogFileHandlerThread.class: 3getCurrentFileName: logFileName=app21.log
10-12 12:48:10.992  5141  5164 D LogWriteUtil.class=LogFileHandlerThread.class: 1,initFile: getFilePath()=/custom/metro/log/2022-10-12, getCurrentFileName=app21.log
10-12 12:48:10.994  5141  5164 D LogWriteUtil.class=LogFileHandlerThread.class: 1getFilePath: logFormat=2022-10-12, LogWriteUtil.logPathDir=/custom/metro/log
10-12 12:48:10.994  5141  5164 D LogWriteUtil.class=LogFileHandlerThread.class: 2getFilePath: filePath=/custom/metro/log/2022-10-12
10-12 12:48:10.995  5141  5164 D LogWriteUtil.class=LogFileHandlerThread.class: 1getCurrentFileName: LogWriteUtil.logfile=app.log
10-12 12:48:10.997  5141  5164 D LogWriteUtil.class=LogFileHandlerThread.class: 1getFilePath: logFormat=2022-10-12, LogWriteUtil.logPathDir=/custom/metro/log
10-12 12:48:10.997  5141  5164 D LogWriteUtil.class=LogFileHandlerThread.class: 2getFilePath: filePath=/custom/metro/log/2022-10-12
10-12 12:48:10.998  5141  5164 D LogWriteUtil.class=LogFileHandlerThread.class: getFileNameSuffix: file=/custom/metro/log/2022-10-12
10-12 12:48:10.999  5141  5164 D LogWriteUtil.class=LogFileHandlerThread.class: 2getCurrentFileName: index=3, LogWriteUtil.logfile=app.log, getFileNameSuffix=21
10-12 12:48:11.000  5141  5164 D LogWriteUtil.class=LogFileHandlerThread.class: 1getFilePath: logFormat=2022-10-12, LogWriteUtil.logPathDir=/custom/metro/log
10-12 12:48:11.001  5141  5164 D LogWriteUtil.class=LogFileHandlerThread.class: 2getFilePath: filePath=/custom/metro/log/2022-10-12
10-12 12:48:11.001  5141  5238 D UdpDcRepository: api send - Thread ID=221, obj={"MsgName":"AppHeartbeat","MsgSeqID":20,"AppID":"172.2.200.13","MsgInfo":{"SDKLongNumber":"+866022013"}}
10-12 12:48:11.001  5141  5164 D LogWriteUtil.class=LogFileHandlerThread.class: getFileNameSuffix: file=/custom/metro/log/2022-10-12
10-12 12:48:11.002  5141  5164 D LogWriteUtil.class=LogFileHandlerThread.class: 3getCurrentFileName: logFileName=app21.log
10-12 12:48:11.003  5141  5164 D LogWriteUtil.class=LogFileHandlerThread.class: 1getCurrentFileName: LogWriteUtil.logfile=app.log
10-12 12:48:11.004  5141  5164 D LogWriteUtil.class=LogFileHandlerThread.class: 1getFilePath: logFormat=2022-10-12, LogWriteUtil.logPathDir=/custom/metro/log
10-12 12:48:11.004  5141  5164 D LogWriteUtil.class=LogFileHandlerThread.class: 2getFilePath: filePath=/custom/metro/log/2022-10-12
10-12 12:48:11.005  5141  5164 D LogWriteUtil.class=LogFileHandlerThread.class: getFileNameSuffix: file=/custom/metro/log/2022-10-12
10-12 12:48:11.006  5141  5164 D LogWriteUtil.class=LogFileHandlerThread.class: 2getCurrentFileName: index=3, LogWriteUtil.logfile=app.log, getFileNameSuffix=21
10-12 12:48:11.007  5141  5164 D LogWriteUtil.class=LogFileHandlerThread.class: 1getFilePath: logFormat=2022-10-12, LogWriteUtil.logPathDir=/custom/metro/log
10-12 12:48:11.007  5141  5164 D LogWriteUtil.class=LogFileHandlerThread.class: 2getFilePath: filePath=/custom/metro/log/2022-10-12
10-12 12:48:11.008  5141  5164 D LogWriteUtil.class=LogFileHandlerThread.class: getFileNameSuffix: file=/custom/metro/log/2022-10-12
10-12 12:48:11.008  5141  5164 D LogWriteUtil.class=LogFileHandlerThread.class: 3getCurrentFileName: logFileName=app21.log
10-12 12:48:11.008  5141  5164 D TAG     : 2,initFile: /custom/metro/log/2022-10-12/app21.log, logFile.length=0, getCurrentFileName()=app21.log, writeFileName=/custom/metro/log/2022-10-12/app201665550049041.log
10-12 12:48:11.009  5141  5164 D LogWriteUtil.class=LogFileHandlerThread.class: 8,initFile: logFile=/custom/metro/log/2022-10-12/app21.log, logFile.length=0
10-12 12:48:11.010  5141  5238 I APP_LogUtils.kt: [(LogUtils.kt:50).i()] [UdpDisServices] start: send(String) - thread ID=221, send msg={"MsgName":"AppHeartbeat","MsgSeqID":20,"AppID":"172.2.200.13","MsgInfo":{"SDKLongNumber":"+866022013"}}
10-12 12:48:11.010  5141  5237 D MainViewModel: getSystemTime_currentThreadID2: 220
10-12 12:48:11.011  5141  5238 D UdpDcRepository: api send - Thread ID=221, obj={"MsgName":"GetStationATSReq","MsgSeqID":21,"AppID":"172.2.200.13","MsgInfo":{}}
10-12 12:48:11.012  5141  5164 D LogWriteUtil.class=LogFileHandlerThread.class: 1getFilePath: logFormat=2022-10-12, LogWriteUtil.logPathDir=/custom/metro/log
10-12 12:48:11.012  5141  5164 D LogWriteUtil.class=LogFileHandlerThread.class: 2getFilePath: filePath=/custom/metro/log/2022-10-12
10-12 12:48:11.012  5141  5164 D LogWriteUtil.class=LogFileHandlerThread.class: 1getCurrentFileName: LogWriteUtil.logfile=app.log
10-12 12:48:11.013  5141  5164 D LogWriteUtil.class=LogFileHandlerThread.class: 1getFilePath: logFormat=2022-10-12, LogWriteUtil.logPathDir=/custom/metro/log
10-12 12:48:11.013  5141  5164 D LogWriteUtil.class=LogFileHandlerThread.class: 2getFilePath: filePath=/custom/metro/log/2022-10-12
10-12 12:48:11.013  5141  5164 D LogWriteUtil.class=LogFileHandlerThread.class: getFileNameSuffix: file=/custom/metro/log/2022-10-12
10-12 12:48:11.014  5141  5164 D LogWriteUtil.class=LogFileHandlerThread.class: 2getCurrentFileName: index=3, LogWriteUtil.logfile=app.log, getFileNameSuffix=21
10-12 12:48:11.015  5141  5164 D LogWriteUtil.class=LogFileHandlerThread.class: 1getFilePath: logFormat=2022-10-12, LogWriteUtil.logPathDir=/custom/metro/log
10-12 12:48:11.015  5141  5164 D LogWriteUtil.class=LogFileHandlerThread.class: 2getFilePath: filePath=/custom/metro/log/2022-10-12
10-12 12:48:11.015  5141  5164 D LogWriteUtil.class=LogFileHandlerThread.class: getFileNameSuffix: file=/custom/metro/log/2022-10-12
10-12 12:48:11.016  5141  5164 D LogWriteUtil.class=LogFileHandlerThread.class: 3getCurrentFileName: logFileName=app21.log
10-12 12:48:11.016  5141  5164 D LogWriteUtil.class=LogFileHandlerThread.class: 1,initFile: getFilePath()=/custom/metro/log/2022-10-12, getCurrentFileName=app21.log
10-12 12:48:11.016  5141  5238 I APP_LogUtils.kt: [(LogUtils.kt:50).i()] [UdpDisServices] start: send(String) - thread ID=221, send msg={"MsgName":"GetStationATSReq","MsgSeqID":21,"AppID":"172.2.200.13","MsgInfo":{}}
10-12 12:48:11.017  5141  5164 D LogWriteUtil.class=LogFileHandlerThread.class: 1getFilePath: logFormat=2022-10-12, LogWriteUtil.logPathDir=/custom/metro/log
10-12 12:48:11.017  5141  5164 D LogWriteUtil.class=LogFileHandlerThread.class: 2getFilePath: filePath=/custom/metro/log/2022-10-12
10-12 12:48:11.017  5141  5164 D LogWriteUtil.class=LogFileHandlerThread.class: 1getCurrentFileName: LogWriteUtil.logfile=app.log
10-12 12:48:11.018  5141  5164 D LogWriteUtil.class=LogFileHandlerThread.class: 1getFilePath: logFormat=2022-10-12, LogWriteUtil.logPathDir=/custom/metro/log
10-12 12:48:11.018  5141  5164 D LogWriteUtil.class=LogFileHandlerThread.class: 2getFilePath: filePath=/custom/metro/log/2022-10-12
10-12 12:48:11.019  5141  5164 D LogWriteUtil.class=LogFileHandlerThread.class: getFileNameSuffix: file=/custom/metro/log/2022-10-12
10-12 12:48:11.019  5141  5164 D LogWriteUtil.class=LogFileHandlerThread.class: 2getCurrentFileName: index=3, LogWriteUtil.logfile=app.log, getFileNameSuffix=21
10-12 12:48:11.020  5141  5164 D LogWriteUtil.class=LogFileHandlerThread.class: 1getFilePath: logFormat=2022-10-12, LogWriteUtil.logPathDir=/custom/metro/log
10-12 12:48:11.020  5141  5164 D LogWriteUtil.class=LogFileHandlerThread.class: 2getFilePath: filePath=/custom/metro/log/2022-10-12
10-12 12:48:11.020  5141  5164 D LogWriteUtil.class=LogFileHandlerThread.class: getFileNameSuffix: file=/custom/metro/log/2022-10-12
10-12 12:48:11.021  5141  5164 D LogWriteUtil.class=LogFileHandlerThread.class: 3getCurrentFileName: logFileName=app21.log
10-12 12:48:11.021  5141  5164 D LogWriteUtil.class=LogFileHandlerThread.class: 1getCurrentFileName: LogWriteUtil.logfile=app.log
10-12 12:48:11.022  5141  5164 D LogWriteUtil.class=LogFileHandlerThread.class: 1getFilePath: logFormat=2022-10-12, LogWriteUtil.logPathDir=/custom/metro/log
10-12 12:48:11.022  5141  5164 D LogWriteUtil.class=LogFileHandlerThread.class: 2getFilePath: filePath=/custom/metro/log/2022-10-12
10-12 12:48:11.022  5141  5164 D LogWriteUtil.class=LogFileHandlerThread.class: getFileNameSuffix: file=/custom/metro/log/2022-10-12
10-12 12:48:11.023  5141  5164 D LogWriteUtil.class=LogFileHandlerThread.class: 2getCurrentFileName: index=3, LogWriteUtil.logfile=app.log, getFileNameSuffix=21
10-12 12:48:11.023  5141  5164 D LogWriteUtil.class=LogFileHandlerThread.class: 1getFilePath: logFormat=2022-10-12, LogWriteUtil.logPathDir=/custom/metro/log
10-12 12:48:11.024  5141  5164 D LogWriteUtil.class=LogFileHandlerThread.class: 2getFilePath: filePath=/custom/metro/log/2022-10-12
10-12 12:48:11.024  5141  5164 D LogWriteUtil.class=LogFileHandlerThread.class: getFileNameSuffix: file=/custom/metro/log/2022-10-12
10-12 12:48:11.024  5141  5164 D LogWriteUtil.class=LogFileHandlerThread.class: 3getCurrentFileName: logFileName=app21.log
10-12 12:48:11.024  5141  5164 D TAG     : 2,initFile: /custom/metro/log/2022-10-12/app21.log, logFile.length=0, getCurrentFileName()=app21.log, writeFileName=/custom/metro/log/2022-10-12/app201665550049041.log
10-12 12:48:11.025  5141  5164 D LogWriteUtil.class=LogFileHandlerThread.class: 8,initFile: logFile=/custom/metro/log/2022-10-12/app21.log, logFile.length=0
10-12 12:48:11.026  5141  5164 D LogWriteUtil.class=LogFileHandlerThread.class: 1getFilePath: logFormat=2022-10-12, LogWriteUtil.logPathDir=/custom/metro/log
10-12 12:48:11.026  5141  5164 D LogWriteUtil.class=LogFileHandlerThread.class: 2getFilePath: filePath=/custom/metro/log/2022-10-12
10-12 12:48:11.026  5141  5164 D LogWriteUtil.class=LogFileHandlerThread.class: 1getCurrentFileName: LogWriteUtil.logfile=app.log
10-12 12:48:11.028  5141  5164 D LogWriteUtil.class=LogFileHandlerThread.class: 1getFilePath: logFormat=2022-10-12, LogWriteUtil.logPathDir=/custom/metro/log
10-12 12:48:11.028  5141  5164 D LogWriteUtil.class=LogFileHandlerThread.class: 2getFilePath: filePath=/custom/metro/log/2022-10-12
10-12 12:48:11.028  5141  5164 D LogWriteUtil.class=LogFileHandlerThread.class: getFileNameSuffix: file=/custom/metro/log/2022-10-12
10-12 12:48:11.029  5141  5164 D LogWriteUtil.class=LogFileHandlerThread.class: 2getCurrentFileName: index=3, LogWriteUtil.logfile=app.log, getFileNameSuffix=21
10-12 12:48:11.030  5141  5164 D LogWriteUtil.class=LogFileHandlerThread.class: 1getFilePath: logFormat=2022-10-12, LogWriteUtil.logPathDir=/custom/metro/log
10-12 12:48:11.030  5141  5164 D LogWriteUtil.class=LogFileHandlerThread.class: 2getFilePath: filePath=/custom/metro/log/2022-10-12
10-12 12:48:11.030  5141  5164 D LogWriteUtil.class=LogFileHandlerThread.class: getFileNameSuffix: file=/custom/metro/log/2022-10-12
10-12 12:48:11.033  5141  5164 D LogWriteUtil.class=LogFileHandlerThread.class: 3getCurrentFileName: logFileName=app21.log
10-12 12:48:11.033  5141  5141 D MainActivity: updateSignalIcon: signal=4
10-12 12:48:11.033  5141  5164 D LogWriteUtil.class=LogFileHandlerThread.class: 1,initFile: getFilePath()=/custom/metro/log/2022-10-12, getCurrentFileName=app21.log
10-12 12:48:11.034  5141  5164 D LogWriteUtil.class=LogFileHandlerThread.class: 1getFilePath: logFormat=2022-10-12, LogWriteUtil.logPathDir=/custom/metro/log
10-12 12:48:11.034  5141  5164 D LogWriteUtil.class=LogFileHandlerThread.class: 2getFilePath: filePath=/custom/metro/log/2022-10-12
10-12 12:48:11.034  5141  5164 D LogWriteUtil.class=LogFileHandlerThread.class: 1getCurrentFileName: LogWriteUtil.logfile=app.log
10-12 12:48:11.035  5141  5164 D LogWriteUtil.class=LogFileHandlerThread.class: 1getFilePath: logFormat=2022-10-12, LogWriteUtil.logPathDir=/custom/metro/log
10-12 12:48:11.035  5141  5164 D LogWriteUtil.class=LogFileHandlerThread.class: 2getFilePath: filePath=/custom/metro/log/2022-10-12
10-12 12:48:11.035  5141  5164 D LogWriteUtil.class=LogFileHandlerThread.class: getFileNameSuffix: file=/custom/metro/log/2022-10-12
10-12 12:48:11.036  5141  5164 D LogWriteUtil.class=LogFileHandlerThread.class: 2getCurrentFileName: index=3, LogWriteUtil.logfile=app.log, getFileNameSuffix=21
10-12 12:48:11.037  5141  5164 D LogWriteUtil.class=LogFileHandlerThread.class: 1getFilePath: logFormat=2022-10-12, LogWriteUtil.logPathDir=/custom/metro/log
10-12 12:48:11.037  5141  5164 D LogWriteUtil.class=LogFileHandlerThread.class: 2getFilePath: filePath=/custom/metro/log/2022-10-12
10-12 12:48:11.037  5141  5164 D LogWriteUtil.class=LogFileHandlerThread.class: getFileNameSuffix: file=/custom/metro/log/2022-10-12
10-12 12:48:11.038  5141  5164 D LogWriteUtil.class=LogFileHandlerThread.class: 3getCurrentFileName: logFileName=app21.log
10-12 12:48:11.038  5141  5164 D LogWriteUtil.class=LogFileHandlerThread.class: 1getCurrentFileName: LogWriteUtil.logfile=app.log
10-12 12:48:11.039  5141  5164 D LogWriteUtil.class=LogFileHandlerThread.class: 1getFilePath: logFormat=2022-10-12, LogWriteUtil.logPathDir=/custom/metro/log
10-12 12:48:11.039  5141  5164 D LogWriteUtil.class=LogFileHandlerThread.class: 2getFilePath: filePath=/custom/metro/log/2022-10-12
10-12 12:48:11.039  5141  5164 D LogWriteUtil.class=LogFileHandlerThread.class: getFileNameSuffix: file=/custom/metro/log/2022-10-12
10-12 12:48:11.040  5141  5164 D LogWriteUtil.class=LogFileHandlerThread.class: 2getCurrentFileName: index=3, LogWriteUtil.logfile=app.log, getFileNameSuffix=21
10-12 12:48:11.040  5141  5164 D LogWriteUtil.class=LogFileHandlerThread.class: 1getFilePath: logFormat=2022-10-12, LogWriteUtil.logPathDir=/custom/metro/log
10-12 12:48:11.040  5141  5164 D LogWriteUtil.class=LogFileHandlerThread.class: 2getFilePath: filePath=/custom/metro/log/2022-10-12
10-12 12:48:11.041  5141  5164 D LogWriteUtil.class=LogFileHandlerThread.class: getFileNameSuffix: file=/custom/metro/log/2022-10-12
10-12 12:48:11.041  5141  5164 D LogWriteUtil.class=LogFileHandlerThread.class: 3getCurrentFileName: logFileName=app21.log
10-12 12:48:11.041  5141  5164 D TAG     : 2,initFile: /custom/metro/log/2022-10-12/app21.log, logFile.length=0, getCurrentFileName()=app21.log, writeFileName=/custom/metro/log/2022-10-12/app201665550049041.log
10-12 12:48:11.046  5141  5164 D LogWriteUtil.class=LogFileHandlerThread.class: 8,initFile: logFile=/custom/metro/log/2022-10-12/app21.log, logFile.length=0
10-12 12:48:11.050  5141  5208 D UdpDisServices: udp receive - api receive data disApi, udp service id=199  - udp.packet.address=/172.2.208.8, udp.pack.socketAddress=/172.2.208.8:64002, udp.port=64002- running=true - message={"MsgSeqID":42830,"MsgName":"DisReceivedNotify","MsgInfo":{"AppMsgSeqID":20,"Code":10001}}
10-12 12:48:11.051  5141  5208 I APP_LogUtils.kt: [(LogUtils.kt:50).i()] [UdpDisServices] udp receive - api receive data disApi, udp service id=199 - running=true  - ip=/172.2.208.8 - port=64002 - message={"MsgSeqID":42830,"MsgName":"DisReceivedNotify","MsgInfo":{"AppMsgSeqID":20,"Code":10001}}
10-12 12:48:11.053  5141  5164 D LogWriteUtil.class=LogFileHandlerThread.class: 1getFilePath: logFormat=2022-10-12, LogWriteUtil.logPathDir=/custom/metro/log
10-12 12:48:11.053  5141  5164 D LogWriteUtil.class=LogFileHandlerThread.class: 2getFilePath: filePath=/custom/metro/log/2022-10-12
10-12 12:48:11.053  5141  5164 D LogWriteUtil.class=LogFileHandlerThread.class: 1getCurrentFileName: LogWriteUtil.logfile=app.log
10-12 12:48:11.053  5141  5164 D LogWriteUtil.class=LogFileHandlerThread.class: 1getFilePath: logFormat=2022-10-12, LogWriteUtil.logPathDir=/custom/metro/log
10-12 12:48:11.053  5141  5164 D LogWriteUtil.class=LogFileHandlerThread.class: 2getFilePath: filePath=/custom/metro/log/2022-10-12
10-12 12:48:11.053  5141  5164 D LogWriteUtil.class=LogFileHandlerThread.class: getFileNameSuffix: file=/custom/metro/log/2022-10-12
10-12 12:48:11.054  5141  5164 D LogWriteUtil.class=LogFileHandlerThread.class: 2getCurrentFileName: index=3, LogWriteUtil.logfile=app.log, getFileNameSuffix=21
10-12 12:48:11.054  5141  5164 D LogWriteUtil.class=LogFileHandlerThread.class: 1getFilePath: logFormat=2022-10-12, LogWriteUtil.logPathDir=/custom/metro/log
10-12 12:48:11.054  5141  5164 D LogWriteUtil.class=LogFileHandlerThread.class: 2getFilePath: filePath=/custom/metro/log/2022-10-12
10-12 12:48:11.054  5141  5164 D LogWriteUtil.class=LogFileHandlerThread.class: getFileNameSuffix: file=/custom/metro/log/2022-10-12
10-12 12:48:11.055  5141  5164 D LogWriteUtil.class=LogFileHandlerThread.class: 3getCurrentFileName: logFileName=app21.log
10-12 12:48:11.055  5141  5164 D LogWriteUtil.class=LogFileHandlerThread.class: 1,initFile: getFilePath()=/custom/metro/log/2022-10-12, getCurrentFileName=app21.log
10-12 12:48:11.055  5141  5164 D LogWriteUtil.class=LogFileHandlerThread.class: 1getFilePath: logFormat=2022-10-12, LogWriteUtil.logPathDir=/custom/metro/log
10-12 12:48:11.055  5141  5164 D LogWriteUtil.class=LogFileHandlerThread.class: 2getFilePath: filePath=/custom/metro/log/2022-10-12
10-12 12:48:11.055  5141  5164 D LogWriteUtil.class=LogFileHandlerThread.class: 1getCurrentFileName: LogWriteUtil.logfile=app.log
10-12 12:48:11.055  5141  5164 D LogWriteUtil.class=LogFileHandlerThread.class: 1getFilePath: logFormat=2022-10-12, LogWriteUtil.logPathDir=/custom/metro/log
10-12 12:48:11.055  5141  5164 D LogWriteUtil.class=LogFileHandlerThread.class: 2getFilePath: filePath=/custom/metro/log/2022-10-12
10-12 12:48:11.056  5141  5164 D LogWriteUtil.class=LogFileHandlerThread.class: getFileNameSuffix: file=/custom/metro/log/2022-10-12
10-12 12:48:11.056  5141  5164 D LogWriteUtil.class=LogFileHandlerThread.class: 2getCurrentFileName: index=3, LogWriteUtil.logfile=app.log, getFileNameSuffix=21
10-12 12:48:11.056  5141  5164 D LogWriteUtil.class=LogFileHandlerThread.class: 1getFilePath: logFormat=2022-10-12, LogWriteUtil.logPathDir=/custom/metro/log
10-12 12:48:11.056  5141  5164 D LogWriteUtil.class=LogFileHandlerThread.class: 2getFilePath: filePath=/custom/metro/log/2022-10-12
10-12 12:48:11.057  5141  5164 D LogWriteUtil.class=LogFileHandlerThread.class: getFileNameSuffix: file=/custom/metro/log/2022-10-12
10-12 12:48:11.057  5141  5164 D LogWriteUtil.class=LogFileHandlerThread.class: 3getCurrentFileName: logFileName=app21.log
10-12 12:48:11.057  5141  5164 D LogWriteUtil.class=LogFileHandlerThread.class: 1getCurrentFileName: LogWriteUtil.logfile=app.log
10-12 12:48:11.058  5141  5164 D LogWriteUtil.class=LogFileHandlerThread.class: 1getFilePath: logFormat=2022-10-12, LogWriteUtil.logPathDir=/custom/metro/log
10-12 12:48:11.058  5141  5164 D LogWriteUtil.class=LogFileHandlerThread.class: 2getFilePath: filePath=/custom/metro/log/2022-10-12
10-12 12:48:11.058  5141  5164 D LogWriteUtil.class=LogFileHandlerThread.class: getFileNameSuffix: file=/custom/metro/log/2022-10-12
10-12 12:48:11.058  5141  5164 D LogWriteUtil.class=LogFileHandlerThread.class: 2getCurrentFileName: index=3, LogWriteUtil.logfile=app.log, getFileNameSuffix=21
10-12 12:48:11.058  5141  5164 D LogWriteUtil.class=LogFileHandlerThread.class: 1getFilePath: logFormat=2022-10-12, LogWriteUtil.logPathDir=/custom/metro/log
10-12 12:48:11.059  5141  5164 D LogWriteUtil.class=LogFileHandlerThread.class: 2getFilePath: filePath=/custom/metro/log/2022-10-12
10-12 12:48:11.059  5141  5164 D LogWriteUtil.class=LogFileHandlerThread.class: getFileNameSuffix: file=/custom/metro/log/2022-10-12
10-12 12:48:11.059  5141  5164 D LogWriteUtil.class=LogFileHandlerThread.class: 3getCurrentFileName: logFileName=app21.log
10-12 12:48:11.059  5141  5164 D TAG     : 2,initFile: /custom/metro/log/2022-10-12/app21.log, logFile.length=0, getCurrentFileName()=app21.log, writeFileName=/custom/metro/log/2022-10-12/app201665550049041.log
10-12 12:48:11.059  5141  5164 D LogWriteUtil.class=LogFileHandlerThread.class: 8,initFile: logFile=/custom/metro/log/2022-10-12/app21.log, logFile.length=0
10-12 12:48:11.061  5141  5208 D UdpDisServices: udp receive - api receive data disApi, udp service id=199  - udp.packet.address=/172.2.208.8, udp.pack.socketAddress=/172.2.208.8:64002, udp.port=64002- running=true - message={"MsgSeqID":42831,"MsgName":"DisReceivedNotify","MsgInfo":{"AppMsgSeqID":21,"Code":10001}}
10-12 12:48:11.062  5141  5208 I APP_LogUtils.kt: [(LogUtils.kt:50).i()] [UdpDisServices] udp receive - api receive data disApi, udp service id=199 - running=true  - ip=/172.2.208.8 - port=64002 - message={"MsgSeqID":42831,"MsgName":"DisReceivedNotify","MsgInfo":{"AppMsgSeqID":21,"Code":10001}}
10-12 12:48:11.063  5141  5164 D LogWriteUtil.class=LogFileHandlerThread.class: 1getFilePath: logFormat=2022-10-12, LogWriteUtil.logPathDir=/custom/metro/log
10-12 12:48:11.063  5141  5164 D LogWriteUtil.class=LogFileHandlerThread.class: 2getFilePath: filePath=/custom/metro/log/2022-10-12
10-12 12:48:11.063  5141  5164 D LogWriteUtil.class=LogFileHandlerThread.class: 1getCurrentFileName: LogWriteUtil.logfile=app.log
10-12 12:48:11.064  5141  5164 D LogWriteUtil.class=LogFileHandlerThread.class: 1getFilePath: logFormat=2022-10-12, LogWriteUtil.logPathDir=/custom/metro/log
10-12 12:48:11.064  5141  5164 D LogWriteUtil.class=LogFileHandlerThread.class: 2getFilePath: filePath=/custom/metro/log/2022-10-12
10-12 12:48:11.065  5141  5164 D LogWriteUtil.class=LogFileHandlerThread.class: getFileNameSuffix: file=/custom/metro/log/2022-10-12
10-12 12:48:11.065  5141  5164 D LogWriteUtil.class=LogFileHandlerThread.class: 2getCurrentFileName: index=3, LogWriteUtil.logfile=app.log, getFileNameSuffix=21
10-12 12:48:11.066  5141  5164 D LogWriteUtil.class=LogFileHandlerThread.class: 1getFilePath: logFormat=2022-10-12, LogWriteUtil.logPathDir=/custom/metro/log
10-12 12:48:11.066  5141  5164 D LogWriteUtil.class=LogFileHandlerThread.class: 2getFilePath: filePath=/custom/metro/log/2022-10-12
