10-11 14:41:52.256  4965  4986 D LogWriteUtil.class=LogFileHandlerThread.class: 3getCurrentFileName: logFileName=app5.log
10-11 14:41:52.256  4965  4986 D LogWriteUtil.class=LogFileHandlerThread.class: 1getCurrentFileName: LogWriteUtil.logfile=app.log
10-11 14:41:52.257  4965  4986 D LogWriteUtil.class=LogFileHandlerThread.class: 1getFilePath: logFormat=2022-10-11, LogWriteUtil.logPathDir=/custom/metro/log
10-11 14:41:52.258  4965  4986 D LogWriteUtil.class=LogFileHandlerThread.class: 2getFilePath: filePath=/custom/metro/log/2022-10-11
10-11 14:41:52.258  4965  4986 D LogWriteUtil.class=LogFileHandlerThread.class: getFileNameSuffix: file=/custom/metro/log/2022-10-11
10-11 14:41:52.258  4965  4986 D LogWriteUtil.class=LogFileHandlerThread.class: 2getCurrentFileName: index=3, LogWriteUtil.logfile=app.log, getFileNameSuffix=5
10-11 14:41:52.262  4965  4986 D LogWriteUtil.class=LogFileHandlerThread.class: 1getFilePath: logFormat=2022-10-11, LogWriteUtil.logPathDir=/custom/metro/log
10-11 14:41:52.262  4965  4986 D LogWriteUtil.class=LogFileHandlerThread.class: 2getFilePath: filePath=/custom/metro/log/2022-10-11
10-11 14:41:52.262  4965  4986 D LogWriteUtil.class=LogFileHandlerThread.class: getFileNameSuffix: file=/custom/metro/log/2022-10-11
10-11 14:41:52.263  4965  4986 D LogWriteUtil.class=LogFileHandlerThread.class: 3getCurrentFileName: logFileName=app5.log
10-11 14:41:52.263  4965  4986 D TAG     : 2,initFile: /custom/metro/log/2022-10-11/app5.log, logFile.length=0, getCurrentFileName()=app5.log, writeFileName=/custom/metro/log/2022-10-11/app41665469747342.log
10-11 14:41:52.263  4965  4986 D LogWriteUtil.class=LogFileHandlerThread.class: 8,initFile: logFile=/custom/metro/log/2022-10-11/app5.log, logFile.length=0
10-11 14:41:52.265  4965  4986 D LogWriteUtil.class=LogFileHandlerThread.class: 1getFilePath: logFormat=2022-10-11, LogWriteUtil.logPathDir=/custom/metro/log
10-11 14:41:52.265  4965  4986 D LogWriteUtil.class=LogFileHandlerThread.class: 2getFilePath: filePath=/custom/metro/log/2022-10-11
10-11 14:41:52.265  4965  4986 D LogWriteUtil.class=LogFileHandlerThread.class: 1getCurrentFileName: LogWriteUtil.logfile=app.log
10-11 14:41:52.266  4965  4986 D LogWriteUtil.class=LogFileHandlerThread.class: 1getFilePath: logFormat=2022-10-11, LogWriteUtil.logPathDir=/custom/metro/log
10-11 14:41:52.266  4965  4986 D LogWriteUtil.class=LogFileHandlerThread.class: 2getFilePath: filePath=/custom/metro/log/2022-10-11
10-11 14:41:52.266  4965  4986 D LogWriteUtil.class=LogFileHandlerThread.class: getFileNameSuffix: file=/custom/metro/log/2022-10-11
10-11 14:41:52.267  4965  4986 D LogWriteUtil.class=LogFileHandlerThread.class: 2getCurrentFileName: index=3, LogWriteUtil.logfile=app.log, getFileNameSuffix=5
10-11 14:41:52.267  4965  4986 D LogWriteUtil.class=LogFileHandlerThread.class: 1getFilePath: logFormat=2022-10-11, LogWriteUtil.logPathDir=/custom/metro/log
10-11 14:41:52.268  4965  4986 D LogWriteUtil.class=LogFileHandlerThread.class: 2getFilePath: filePath=/custom/metro/log/2022-10-11
10-11 14:41:52.268  4965  4986 D LogWriteUtil.class=LogFileHandlerThread.class: getFileNameSuffix: file=/custom/metro/log/2022-10-11
10-11 14:41:52.268  4965  4986 D LogWriteUtil.class=LogFileHandlerThread.class: 3getCurrentFileName: logFileName=app5.log
10-11 14:41:52.268  4965  4986 D LogWriteUtil.class=LogFileHandlerThread.class: 1,initFile: getFilePath()=/custom/metro/log/2022-10-11, getCurrentFileName=app5.log
10-11 14:41:52.269  4965  4986 D LogWriteUtil.class=LogFileHandlerThread.class: 1getFilePath: logFormat=2022-10-11, LogWriteUtil.logPathDir=/custom/metro/log
10-11 14:41:52.269  4965  4986 D LogWriteUtil.class=LogFileHandlerThread.class: 2getFilePath: filePath=/custom/metro/log/2022-10-11
10-11 14:41:52.269  4965  4986 D LogWriteUtil.class=LogFileHandlerThread.class: 1getCurrentFileName: LogWriteUtil.logfile=app.log
10-11 14:41:52.270  4965  4986 D LogWriteUtil.class=LogFileHandlerThread.class: 1getFilePath: logFormat=2022-10-11, LogWriteUtil.logPathDir=/custom/metro/log
10-11 14:41:52.270  4965  4986 D LogWriteUtil.class=LogFileHandlerThread.class: 2getFilePath: filePath=/custom/metro/log/2022-10-11
10-11 14:41:52.270  4965  4986 D LogWriteUtil.class=LogFileHandlerThread.class: getFileNameSuffix: file=/custom/metro/log/2022-10-11
10-11 14:41:52.271  4965  4986 D LogWriteUtil.class=LogFileHandlerThread.class: 2getCurrentFileName: index=3, LogWriteUtil.logfile=app.log, getFileNameSuffix=5
10-11 14:41:52.271  4965  4986 D LogWriteUtil.class=LogFileHandlerThread.class: 1getFilePath: logFormat=2022-10-11, LogWriteUtil.logPathDir=/custom/metro/log
10-11 14:41:52.272  4965  4986 D LogWriteUtil.class=LogFileHandlerThread.class: 2getFilePath: filePath=/custom/metro/log/2022-10-11
10-11 14:41:52.272  4965  4986 D LogWriteUtil.class=LogFileHandlerThread.class: getFileNameSuffix: file=/custom/metro/log/2022-10-11
10-11 14:41:52.272  4965  4986 D LogWriteUtil.class=LogFileHandlerThread.class: 3getCurrentFileName: logFileName=app5.log
10-11 14:41:52.272  4965  4986 D LogWriteUtil.class=LogFileHandlerThread.class: 1getCurrentFileName: LogWriteUtil.logfile=app.log
10-11 14:41:52.273  4965  4986 D LogWriteUtil.class=LogFileHandlerThread.class: 1getFilePath: logFormat=2022-10-11, LogWriteUtil.logPathDir=/custom/metro/log
10-11 14:41:52.273  4965  4986 D LogWriteUtil.class=LogFileHandlerThread.class: 2getFilePath: filePath=/custom/metro/log/2022-10-11
10-11 14:41:52.273  4965  4986 D LogWriteUtil.class=LogFileHandlerThread.class: getFileNameSuffix: file=/custom/metro/log/2022-10-11
10-11 14:41:52.274  4965  4986 D LogWriteUtil.class=LogFileHandlerThread.class: 2getCurrentFileName: index=3, LogWriteUtil.logfile=app.log, getFileNameSuffix=5
10-11 14:41:52.275  4965  4986 D LogWriteUtil.class=LogFileHandlerThread.class: 1getFilePath: logFormat=2022-10-11, LogWriteUtil.logPathDir=/custom/metro/log
10-11 14:41:52.275  4965  4986 D LogWriteUtil.class=LogFileHandlerThread.class: 2getFilePath: filePath=/custom/metro/log/2022-10-11
10-11 14:41:52.275  4965  4986 D LogWriteUtil.class=LogFileHandlerThread.class: getFileNameSuffix: file=/custom/metro/log/2022-10-11
10-11 14:41:52.275  4965  4986 D LogWriteUtil.class=LogFileHandlerThread.class: 3getCurrentFileName: logFileName=app5.log
10-11 14:41:52.276  4965  4986 D TAG     : 2,initFile: /custom/metro/log/2022-10-11/app5.log, logFile.length=0, getCurrentFileName()=app5.log, writeFileName=/custom/metro/log/2022-10-11/app41665469747342.log
10-11 14:41:52.276  4965  4986 D LogWriteUtil.class=LogFileHandlerThread.class: 8,initFile: logFile=/custom/metro/log/2022-10-11/app5.log, logFile.length=0
10-11 14:41:52.277  4965  4986 D LogWriteUtil.class=LogFileHandlerThread.class: 1getFilePath: logFormat=2022-10-11, LogWriteUtil.logPathDir=/custom/metro/log
10-11 14:41:52.277  4965  4986 D LogWriteUtil.class=LogFileHandlerThread.class: 2getFilePath: filePath=/custom/metro/log/2022-10-11
10-11 14:41:52.277  4965  4986 D LogWriteUtil.class=LogFileHandlerThread.class: 1getCurrentFileName: LogWriteUtil.logfile=app.log
10-11 14:41:52.278  4965  4986 D LogWriteUtil.class=LogFileHandlerThread.class: 1getFilePath: logFormat=2022-10-11, LogWriteUtil.logPathDir=/custom/metro/log
10-11 14:41:52.278  4965  4986 D LogWriteUtil.class=LogFileHandlerThread.class: 2getFilePath: filePath=/custom/metro/log/2022-10-11
10-11 14:41:52.278  4965  4986 D LogWriteUtil.class=LogFileHandlerThread.class: getFileNameSuffix: file=/custom/metro/log/2022-10-11
10-11 14:41:52.278  4965  4986 D LogWriteUtil.class=LogFileHandlerThread.class: 2getCurrentFileName: index=3, LogWriteUtil.logfile=app.log, getFileNameSuffix=5
10-11 14:41:52.279  4965  4986 D LogWriteUtil.class=LogFileHandlerThread.class: 1getFilePath: logFormat=2022-10-11, LogWriteUtil.logPathDir=/custom/metro/log
10-11 14:41:52.279  4965  4986 D LogWriteUtil.class=LogFileHandlerThread.class: 2getFilePath: filePath=/custom/metro/log/2022-10-11
10-11 14:41:52.279  4965  4986 D LogWriteUtil.class=LogFileHandlerThread.class: getFileNameSuffix: file=/custom/metro/log/2022-10-11
10-11 14:41:52.280  4965  4986 D LogWriteUtil.class=LogFileHandlerThread.class: 3getCurrentFileName: logFileName=app5.log
10-11 14:41:52.280  4965  4986 D LogWriteUtil.class=LogFileHandlerThread.class: 1,initFile: getFilePath()=/custom/metro/log/2022-10-11, getCurrentFileName=app5.log
10-11 14:41:52.280  4965  4986 D LogWriteUtil.class=LogFileHandlerThread.class: 1getFilePath: logFormat=2022-10-11, LogWriteUtil.logPathDir=/custom/metro/log
10-11 14:41:52.281  4965  4986 D LogWriteUtil.class=LogFileHandlerThread.class: 2getFilePath: filePath=/custom/metro/log/2022-10-11
10-11 14:41:52.281  4965  4986 D LogWriteUtil.class=LogFileHandlerThread.class: 1getCurrentFileName: LogWriteUtil.logfile=app.log
10-11 14:41:52.281  4965  4986 D LogWriteUtil.class=LogFileHandlerThread.class: 1getFilePath: logFormat=2022-10-11, LogWriteUtil.logPathDir=/custom/metro/log
10-11 14:41:52.282  4965  4986 D LogWriteUtil.class=LogFileHandlerThread.class: 2getFilePath: filePath=/custom/metro/log/2022-10-11
10-11 14:41:52.282  4965  4986 D LogWriteUtil.class=LogFileHandlerThread.class: getFileNameSuffix: file=/custom/metro/log/2022-10-11
10-11 14:41:52.282  4965  4986 D LogWriteUtil.class=LogFileHandlerThread.class: 2getCurrentFileName: index=3, LogWriteUtil.logfile=app.log, getFileNameSuffix=5
10-11 14:41:52.283  4965  4986 D LogWriteUtil.class=LogFileHandlerThread.class: 1getFilePath: logFormat=2022-10-11, LogWriteUtil.logPathDir=/custom/metro/log
10-11 14:41:52.283  4965  4986 D LogWriteUtil.class=LogFileHandlerThread.class: 2getFilePath: filePath=/custom/metro/log/2022-10-11
10-11 14:41:52.283  4965  4986 D LogWriteUtil.class=LogFileHandlerThread.class: getFileNameSuffix: file=/custom/metro/log/2022-10-11
10-11 14:41:52.283  4965  4986 D LogWriteUtil.class=LogFileHandlerThread.class: 3getCurrentFileName: logFileName=app5.log
10-11 14:41:52.283  4965  4986 D LogWriteUtil.class=LogFileHandlerThread.class: 1getCurrentFileName: LogWriteUtil.logfile=app.log
10-11 14:41:52.285  4965  4986 D LogWriteUtil.class=LogFileHandlerThread.class: 1getFilePath: logFormat=2022-10-11, LogWriteUtil.logPathDir=/custom/metro/log
10-11 14:41:52.285  4965  4986 D LogWriteUtil.class=LogFileHandlerThread.class: 2getFilePath: filePath=/custom/metro/log/2022-10-11
10-11 14:41:52.285  4965  4986 D LogWriteUtil.class=LogFileHandlerThread.class: getFileNameSuffix: file=/custom/metro/log/2022-10-11
10-11 14:41:52.285  4965  4986 D LogWriteUtil.class=LogFileHandlerThread.class: 2getCurrentFileName: index=3, LogWriteUtil.logfile=app.log, getFileNameSuffix=5
10-11 14:41:52.286  4965  4986 D LogWriteUtil.class=LogFileHandlerThread.class: 1getFilePath: logFormat=2022-10-11, LogWriteUtil.logPathDir=/custom/metro/log
10-11 14:41:52.286  4965  4986 D LogWriteUtil.class=LogFileHandlerThread.class: 2getFilePath: filePath=/custom/metro/log/2022-10-11
10-11 14:41:52.286  4965  4986 D LogWriteUtil.class=LogFileHandlerThread.class: getFileNameSuffix: file=/custom/metro/log/2022-10-11
10-11 14:41:52.287  4965  4986 D LogWriteUtil.class=LogFileHandlerThread.class: 3getCurrentFileName: logFileName=app5.log
10-11 14:41:52.287  4965  4986 D TAG     : 2,initFile: /custom/metro/log/2022-10-11/app5.log, logFile.length=0, getCurrentFileName()=app5.log, writeFileName=/custom/metro/log/2022-10-11/app41665469747342.log
10-11 14:41:52.287  4965  4986 D LogWriteUtil.class=LogFileHandlerThread.class: 8,initFile: logFile=/custom/metro/log/2022-10-11/app5.log, logFile.length=0
10-11 14:41:52.288  4965  4986 D LogWriteUtil.class=LogFileHandlerThread.class: 1getFilePath: logFormat=2022-10-11, LogWriteUtil.logPathDir=/custom/metro/log
10-11 14:41:52.288  4965  4986 D LogWriteUtil.class=LogFileHandlerThread.class: 2getFilePath: filePath=/custom/metro/log/2022-10-11
10-11 14:41:52.288  4965  4986 D LogWriteUtil.class=LogFileHandlerThread.class: 1getCurrentFileName: LogWriteUtil.logfile=app.log
10-11 14:41:52.289  4965  4986 D LogWriteUtil.class=LogFileHandlerThread.class: 1getFilePath: logFormat=2022-10-11, LogWriteUtil.logPathDir=/custom/metro/log
10-11 14:41:52.289  4965  4986 D LogWriteUtil.class=LogFileHandlerThread.class: 2getFilePath: filePath=/custom/metro/log/2022-10-11
10-11 14:41:52.289  4965  4986 D LogWriteUtil.class=LogFileHandlerThread.class: getFileNameSuffix: file=/custom/metro/log/2022-10-11
10-11 14:41:52.289  4965  4986 D LogWriteUtil.class=LogFileHandlerThread.class: 2getCurrentFileName: index=3, LogWriteUtil.logfile=app.log, getFileNameSuffix=5
10-11 14:41:52.290  4965  4986 D LogWriteUtil.class=LogFileHandlerThread.class: 1getFilePath: logFormat=2022-10-11, LogWriteUtil.logPathDir=/custom/metro/log
10-11 14:41:52.290  4965  4986 D LogWriteUtil.class=LogFileHandlerThread.class: 2getFilePath: filePath=/custom/metro/log/2022-10-11
10-11 14:41:52.290  4965  4986 D LogWriteUtil.class=LogFileHandlerThread.class: getFileNameSuffix: file=/custom/metro/log/2022-10-11
10-11 14:41:52.290  4965  4986 D LogWriteUtil.class=LogFileHandlerThread.class: 3getCurrentFileName: logFileName=app5.log
10-11 14:41:52.291  4965  4986 D LogWriteUtil.class=LogFileHandlerThread.class: 1,initFile: getFilePath()=/custom/metro/log/2022-10-11, getCurrentFileName=app5.log
10-11 14:41:52.291  4965  4986 D LogWriteUtil.class=LogFileHandlerThread.class: 1getFilePath: logFormat=2022-10-11, LogWriteUtil.logPathDir=/custom/metro/log
10-11 14:41:52.291  4965  4986 D LogWriteUtil.class=LogFileHandlerThread.class: 2getFilePath: filePath=/custom/metro/log/2022-10-11
10-11 14:41:52.292  4965  4986 D LogWriteUtil.class=LogFileHandlerThread.class: 1getCurrentFileName: LogWriteUtil.logfile=app.log
10-11 14:41:52.292  4965  4986 D LogWriteUtil.class=LogFileHandlerThread.class: 1getFilePath: logFormat=2022-10-11, LogWriteUtil.logPathDir=/custom/metro/log
10-11 14:41:52.292  4965  4986 D LogWriteUtil.class=LogFileHandlerThread.class: 2getFilePath: filePath=/custom/metro/log/2022-10-11
10-11 14:41:52.292  4965  4986 D LogWriteUtil.class=LogFileHandlerThread.class: getFileNameSuffix: file=/custom/metro/log/2022-10-11
10-11 14:41:52.293  4965  4986 D LogWriteUtil.class=LogFileHandlerThread.class: 2getCurrentFileName: index=3, LogWriteUtil.logfile=app.log, getFileNameSuffix=5
10-11 14:41:52.293  4965  4986 D LogWriteUtil.class=LogFileHandlerThread.class: 1getFilePath: logFormat=2022-10-11, LogWriteUtil.logPathDir=/custom/metro/log
10-11 14:41:52.293  4965  4986 D LogWriteUtil.class=LogFileHandlerThread.class: 2getFilePath: filePath=/custom/metro/log/2022-10-11
10-11 14:41:52.294  4965  4986 D LogWriteUtil.class=LogFileHandlerThread.class: getFileNameSuffix: file=/custom/metro/log/2022-10-11
10-11 14:41:52.294  4965  4986 D LogWriteUtil.class=LogFileHandlerThread.class: 3getCurrentFileName: logFileName=app5.log
10-11 14:41:52.294  4965  4986 D LogWriteUtil.class=LogFileHandlerThread.class: 1getCurrentFileName: LogWriteUtil.logfile=app.log
10-11 14:41:52.295  4965  4986 D LogWriteUtil.class=LogFileHandlerThread.class: 1getFilePath: logFormat=2022-10-11, LogWriteUtil.logPathDir=/custom/metro/log
10-11 14:41:52.295  4965  4986 D LogWriteUtil.class=LogFileHandlerThread.class: 2getFilePath: filePath=/custom/metro/log/2022-10-11
10-11 14:41:52.295  4965  4986 D LogWriteUtil.class=LogFileHandlerThread.class: getFileNameSuffix: file=/custom/metro/log/2022-10-11
10-11 14:41:52.295  4965  4986 D LogWriteUtil.class=LogFileHandlerThread.class: 2getCurrentFileName: index=3, LogWriteUtil.logfile=app.log, getFileNameSuffix=5
10-11 14:41:52.296  4965  4986 D LogWriteUtil.class=LogFileHandlerThread.class: 1getFilePath: logFormat=2022-10-11, LogWriteUtil.logPathDir=/custom/metro/log
10-11 14:41:52.296  4965  4986 D LogWriteUtil.class=LogFileHandlerThread.class: 2getFilePath: filePath=/custom/metro/log/2022-10-11
10-11 14:41:52.296  4965  4986 D LogWriteUtil.class=LogFileHandlerThread.class: getFileNameSuffix: file=/custom/metro/log/2022-10-11
10-11 14:41:52.296  4965  4986 D LogWriteUtil.class=LogFileHandlerThread.class: 3getCurrentFileName: logFileName=app5.log
10-11 14:41:52.296  4965  4986 D TAG     : 2,initFile: /custom/metro/log/2022-10-11/app5.log, logFile.length=0, getCurrentFileName()=app5.log, writeFileName=/custom/metro/log/2022-10-11/app41665469747342.log
10-11 14:41:52.297  4965  4986 D LogWriteUtil.class=LogFileHandlerThread.class: 8,initFile: logFile=/custom/metro/log/2022-10-11/app5.log, logFile.length=0
10-11 14:41:52.319  4965  5021 I rilj    : EMCI Detial(CellId--->Tav): 5378,255,2,"460702",255,65535,59,65535,255,255,61,28,16,255,1185411028021,0,0,0,0,0,0,0,0
10-11 14:41:52.319  4965  5021 D LTERILJ : [UNSL]< RIL_UNSOL_NOTIFY_EMCI_DETAIL
10-11 14:41:52.320  4965  5018 D LTEPhone: EVENT_FOR_EMCI_DETAIL
10-11 14:41:52.320  4965  5018 D LTEServiceTracker: setCellId cellId:5378,"460702"
10-11 14:41:52.321  4965  4965 I APP_LogUtils.kt: [(LogUtils.kt:50).i()] [com.gbcom.library_base.service.LLteService] lte_resp_sys_for_emci_detail - EmciDetail=com.ztegota.system.common.EmciDetail@d3ca831
10-11 14:41:52.322  4965  4986 D LogWriteUtil.class=LogFileHandlerThread.class: 1getFilePath: logFormat=2022-10-11, LogWriteUtil.logPathDir=/custom/metro/log
10-11 14:41:52.322  4965  4986 D LogWriteUtil.class=LogFileHandlerThread.class: 2getFilePath: filePath=/custom/metro/log/2022-10-11
10-11 14:41:52.322  4965  4986 D LogWriteUtil.class=LogFileHandlerThread.class: 1getCurrentFileName: LogWriteUtil.logfile=app.log
10-11 14:41:52.322  4965  4986 D LogWriteUtil.class=LogFileHandlerThread.class: 1getFilePath: logFormat=2022-10-11, LogWriteUtil.logPathDir=/custom/metro/log
10-11 14:41:52.322  4965  4986 D LogWriteUtil.class=LogFileHandlerThread.class: 2getFilePath: filePath=/custom/metro/log/2022-10-11
10-11 14:41:52.322  4965  4986 D LogWriteUtil.class=LogFileHandlerThread.class: getFileNameSuffix: file=/custom/metro/log/2022-10-11
10-11 14:41:52.323  4965  4986 D LogWriteUtil.class=LogFileHandlerThread.class: 2getCurrentFileName: index=3, LogWriteUtil.logfile=app.log, getFileNameSuffix=5
10-11 14:41:52.323  4965  4986 D LogWriteUtil.class=LogFileHandlerThread.class: 1getFilePath: logFormat=2022-10-11, LogWriteUtil.logPathDir=/custom/metro/log
10-11 14:41:52.323  4965  4986 D LogWriteUtil.class=LogFileHandlerThread.class: 2getFilePath: filePath=/custom/metro/log/2022-10-11
10-11 14:41:52.323  4965  4986 D LogWriteUtil.class=LogFileHandlerThread.class: getFileNameSuffix: file=/custom/metro/log/2022-10-11
10-11 14:41:52.324  4965  4986 D LogWriteUtil.class=LogFileHandlerThread.class: 3getCurrentFileName: logFileName=app5.log
10-11 14:41:52.324  4965  4986 D LogWriteUtil.class=LogFileHandlerThread.class: 1,initFile: getFilePath()=/custom/metro/log/2022-10-11, getCurrentFileName=app5.log
10-11 14:41:52.325  4965  4986 D LogWriteUtil.class=LogFileHandlerThread.class: 1getFilePath: logFormat=2022-10-11, LogWriteUtil.logPathDir=/custom/metro/log
10-11 14:41:52.325  4965  4986 D LogWriteUtil.class=LogFileHandlerThread.class: 2getFilePath: filePath=/custom/metro/log/2022-10-11
10-11 14:41:52.325  4965  4986 D LogWriteUtil.class=LogFileHandlerThread.class: 1getCurrentFileName: LogWriteUtil.logfile=app.log
10-11 14:41:52.326  4965  4986 D LogWriteUtil.class=LogFileHandlerThread.class: 1getFilePath: logFormat=2022-10-11, LogWriteUtil.logPathDir=/custom/metro/log
10-11 14:41:52.326  4965  4986 D LogWriteUtil.class=LogFileHandlerThread.class: 2getFilePath: filePath=/custom/metro/log/2022-10-11
10-11 14:41:52.326  4965  4986 D LogWriteUtil.class=LogFileHandlerThread.class: getFileNameSuffix: file=/custom/metro/log/2022-10-11
10-11 14:41:52.327  4965  4986 D LogWriteUtil.class=LogFileHandlerThread.class: 2getCurrentFileName: index=3, LogWriteUtil.logfile=app.log, getFileNameSuffix=5
10-11 14:41:52.328  4965  4986 D LogWriteUtil.class=LogFileHandlerThread.class: 1getFilePath: logFormat=2022-10-11, LogWriteUtil.logPathDir=/custom/metro/log
10-11 14:41:52.328  4965  4986 D LogWriteUtil.class=LogFileHandlerThread.class: 2getFilePath: filePath=/custom/metro/log/2022-10-11
10-11 14:41:52.328  4965  4986 D LogWriteUtil.class=LogFileHandlerThread.class: getFileNameSuffix: file=/custom/metro/log/2022-10-11
10-11 14:41:52.329  4965  4986 D LogWriteUtil.class=LogFileHandlerThread.class: 3getCurrentFileName: logFileName=app5.log
10-11 14:41:52.329  4965  4986 D LogWriteUtil.class=LogFileHandlerThread.class: 1getCurrentFileName: LogWriteUtil.logfile=app.log
10-11 14:41:52.330  4965  4986 D LogWriteUtil.class=LogFileHandlerThread.class: 1getFilePath: logFormat=2022-10-11, LogWriteUtil.logPathDir=/custom/metro/log
10-11 14:41:52.330  4965  4986 D LogWriteUtil.class=LogFileHandlerThread.class: 2getFilePath: filePath=/custom/metro/log/2022-10-11
10-11 14:41:52.330  4965  4986 D LogWriteUtil.class=LogFileHandlerThread.class: getFileNameSuffix: file=/custom/metro/log/2022-10-11
10-11 14:41:52.331  4965  4986 D LogWriteUtil.class=LogFileHandlerThread.class: 2getCurrentFileName: index=3, LogWriteUtil.logfile=app.log, getFileNameSuffix=5
10-11 14:41:52.332  4965  4986 D LogWriteUtil.class=LogFileHandlerThread.class: 1getFilePath: logFormat=2022-10-11, LogWriteUtil.logPathDir=/custom/metro/log
10-11 14:41:52.332  4965  4986 D LogWriteUtil.class=LogFileHandlerThread.class: 2getFilePath: filePath=/custom/metro/log/2022-10-11
10-11 14:41:52.332  4965  4986 D LogWriteUtil.class=LogFileHandlerThread.class: getFileNameSuffix: file=/custom/metro/log/2022-10-11
10-11 14:41:52.333  4965  4986 D LogWriteUtil.class=LogFileHandlerThread.class: 3getCurrentFileName: logFileName=app5.log
10-11 14:41:52.333  4965  4986 D TAG     : 2,initFile: /custom/metro/log/2022-10-11/app5.log, logFile.length=0, getCurrentFileName()=app5.log, writeFileName=/custom/metro/log/2022-10-11/app41665469747342.log
10-11 14:41:52.333  4965  4986 D LogWriteUtil.class=LogFileHandlerThread.class: 8,initFile: logFile=/custom/metro/log/2022-10-11/app5.log, logFile.length=0
10-11 14:41:52.343   791   791 I MSM-irqbalance: Decided to move IRQ5 from CPU0 [P:0] to CPU4 [P:1] (banned)
10-11 14:41:52.346   791   791 I MSM-irqbalance: Decided to move IRQ188 from CPU0 [P:0] to CPU5 [P:1] (banned)
10-11 14:41:52.347   791   791 I MSM-irqbalance: Decided to move IRQ5 from CPU3 [P:0] to CPU6 [P:1] (banned)
10-11 14:41:52.348   791   791 I MSM-irqbalance: Decided to move IRQ5 from CPU2 [P:0] to CPU7 [P:1] (banned)
10-11 14:41:52.350   791   791 I MSM-irqbalance: Decided to move IRQ5 from CPU1 [P:0] to CPU4 [P:1] (banned)
10-11 14:41:52.434  4965  5332 D MainViewModel: getSystemTime_currentThreadID2: 231
10-11 14:41:52.464  4965  5332 D TAG     : getSystemTime_currentThreadID3s: 231, isActive=true
10-11 14:41:52.555  4965  5059 D UdpDcRepository: api send - Thread ID=201, obj={"MsgName":"GetStationATSReq","MsgSeqID":550,"AppID":"172.2.200.12","MsgInfo":{}}
10-11 14:41:52.560  4965  5059 I APP_LogUtils.kt: [(LogUtils.kt:50).i()] [UdpDisServices] start: send(String) - thread ID=201, send msg={"MsgName":"GetStationATSReq","MsgSeqID":550,"AppID":"172.2.200.12","MsgInfo":{}}
10-11 14:41:52.562  4965  5059 D UdpDcRepository: api send - Thread ID=201, obj={"MsgName":"AppHeartbeat","MsgSeqID":551,"AppID":"172.2.200.12","MsgInfo":{"SDKLongNumber":"+866022012"}}
10-11 14:41:52.562  4965  4986 D LogWriteUtil.class=LogFileHandlerThread.class: 1getFilePath: logFormat=2022-10-11, LogWriteUtil.logPathDir=/custom/metro/log
10-11 14:41:52.563  4965  4986 D LogWriteUtil.class=LogFileHandlerThread.class: 2getFilePath: filePath=/custom/metro/log/2022-10-11
10-11 14:41:52.563  4965  4986 D LogWriteUtil.class=LogFileHandlerThread.class: 1getCurrentFileName: LogWriteUtil.logfile=app.log
10-11 14:41:52.565  4965  4986 D LogWriteUtil.class=LogFileHandlerThread.class: 1getFilePath: logFormat=2022-10-11, LogWriteUtil.logPathDir=/custom/metro/log
10-11 14:41:52.565  4965  4986 D LogWriteUtil.class=LogFileHandlerThread.class: 2getFilePath: filePath=/custom/metro/log/2022-10-11
10-11 14:41:52.565  4965  4986 D LogWriteUtil.class=LogFileHandlerThread.class: getFileNameSuffix: file=/custom/metro/log/2022-10-11
10-11 14:41:52.566  4965  4986 D LogWriteUtil.class=LogFileHandlerThread.class: 2getCurrentFileName: index=3, LogWriteUtil.logfile=app.log, getFileNameSuffix=5
10-11 14:41:52.568  4965  4986 D LogWriteUtil.class=LogFileHandlerThread.class: 1getFilePath: logFormat=2022-10-11, LogWriteUtil.logPathDir=/custom/metro/log
10-11 14:41:52.568  4965  5059 I APP_LogUtils.kt: [(LogUtils.kt:50).i()] [UdpDisServices] start: send(String) - thread ID=201, send msg={"MsgName":"AppHeartbeat","MsgSeqID":551,"AppID":"172.2.200.12","MsgInfo":{"SDKLongNumber":"+866022012"}}
10-11 14:41:52.568  4965  4986 D LogWriteUtil.class=LogFileHandlerThread.class: 2getFilePath: filePath=/custom/metro/log/2022-10-11
10-11 14:41:52.569  4965  4986 D LogWriteUtil.class=LogFileHandlerThread.class: getFileNameSuffix: file=/custom/metro/log/2022-10-11
10-11 14:41:52.569  4965  4986 D LogWriteUtil.class=LogFileHandlerThread.class: 3getCurrentFileName: logFileName=app5.log
10-11 14:41:52.569  4965  4986 D LogWriteUtil.class=LogFileHandlerThread.class: 1,initFile: getFilePath()=/custom/metro/log/2022-10-11, getCurrentFileName=app5.log
10-11 14:41:52.571  4965  4986 D LogWriteUtil.class=LogFileHandlerThread.class: 1getFilePath: logFormat=2022-10-11, LogWriteUtil.logPathDir=/custom/metro/log
10-11 14:41:52.571  4965  4986 D LogWriteUtil.class=LogFileHandlerThread.class: 2getFilePath: filePath=/custom/metro/log/2022-10-11
10-11 14:41:52.571  4965  4986 D LogWriteUtil.class=LogFileHandlerThread.class: 1getCurrentFileName: LogWriteUtil.logfile=app.log
10-11 14:41:52.572  4965  4986 D LogWriteUtil.class=LogFileHandlerThread.class: 1getFilePath: logFormat=2022-10-11, LogWriteUtil.logPathDir=/custom/metro/log
10-11 14:41:52.573  4965  4986 D LogWriteUtil.class=LogFileHandlerThread.class: 2getFilePath: filePath=/custom/metro/log/2022-10-11
10-11 14:41:52.573  4965  4986 D LogWriteUtil.class=LogFileHandlerThread.class: getFileNameSuffix: file=/custom/metro/log/2022-10-11
10-11 14:41:52.574  4965  4986 D LogWriteUtil.class=LogFileHandlerThread.class: 2getCurrentFileName: index=3, LogWriteUtil.logfile=app.log, getFileNameSuffix=5
10-11 14:41:52.576  4965  4986 D LogWriteUtil.class=LogFileHandlerThread.class: 1getFilePath: logFormat=2022-10-11, LogWriteUtil.logPathDir=/custom/metro/log
10-11 14:41:52.576  4965  4986 D LogWriteUtil.class=LogFileHandlerThread.class: 2getFilePath: filePath=/custom/metro/log/2022-10-11
10-11 14:41:52.576  4965  4986 D LogWriteUtil.class=LogFileHandlerThread.class: getFileNameSuffix: file=/custom/metro/log/2022-10-11
10-11 14:41:52.577  4965  4986 D LogWriteUtil.class=LogFileHandlerThread.class: 3getCurrentFileName: logFileName=app5.log
10-11 14:41:52.578  4965  4986 D LogWriteUtil.class=LogFileHandlerThread.class: 1getCurrentFileName: LogWriteUtil.logfile=app.log
10-11 14:41:52.579  4965  4986 D LogWriteUtil.class=LogFileHandlerThread.class: 1getFilePath: logFormat=2022-10-11, LogWriteUtil.logPathDir=/custom/metro/log
10-11 14:41:52.580  4965  4986 D LogWriteUtil.class=LogFileHandlerThread.class: 2getFilePath: filePath=/custom/metro/log/2022-10-11
10-11 14:41:52.580  4965  4986 D LogWriteUtil.class=LogFileHandlerThread.class: getFileNameSuffix: file=/custom/metro/log/2022-10-11
10-11 14:41:52.581  4965  4986 D LogWriteUtil.class=LogFileHandlerThread.class: 2getCurrentFileName: index=3, LogWriteUtil.logfile=app.log, getFileNameSuffix=5
10-11 14:41:52.582  4965  4986 D LogWriteUtil.class=LogFileHandlerThread.class: 1getFilePath: logFormat=2022-10-11, LogWriteUtil.logPathDir=/custom/metro/log
10-11 14:41:52.583  4965  4986 D LogWriteUtil.class=LogFileHandlerThread.class: 2getFilePath: filePath=/custom/metro/log/2022-10-11
10-11 14:41:52.583  4965  4986 D LogWriteUtil.class=LogFileHandlerThread.class: getFileNameSuffix: file=/custom/metro/log/2022-10-11
10-11 14:41:52.584  4965  4986 D LogWriteUtil.class=LogFileHandlerThread.class: 3getCurrentFileName: logFileName=app5.log
10-11 14:41:52.584  4965  4986 D TAG     : 2,initFile: /custom/metro/log/2022-10-11/app5.log, logFile.length=0, getCurrentFileName()=app5.log, writeFileName=/custom/metro/log/2022-10-11/app41665469747342.log
10-11 14:41:52.585  4965  4986 D LogWriteUtil.class=LogFileHandlerThread.class: 8,initFile: logFile=/custom/metro/log/2022-10-11/app5.log, logFile.length=0
10-11 14:41:52.587  4965  4986 D LogWriteUtil.class=LogFileHandlerThread.class: 1getFilePath: logFormat=2022-10-11, LogWriteUtil.logPathDir=/custom/metro/log
10-11 14:41:52.587  4965  4986 D LogWriteUtil.class=LogFileHandlerThread.class: 2getFilePath: filePath=/custom/metro/log/2022-10-11
10-11 14:41:52.587  4965  4986 D LogWriteUtil.class=LogFileHandlerThread.class: 1getCurrentFileName: LogWriteUtil.logfile=app.log
10-11 14:41:52.588  4965  4986 D LogWriteUtil.class=LogFileHandlerThread.class: 1getFilePath: logFormat=2022-10-11, LogWriteUtil.logPathDir=/custom/metro/log
10-11 14:41:52.588  4965  4986 D LogWriteUtil.class=LogFileHandlerThread.class: 2getFilePath: filePath=/custom/metro/log/2022-10-11
10-11 14:41:52.588  4965  4986 D LogWriteUtil.class=LogFileHandlerThread.class: getFileNameSuffix: file=/custom/metro/log/2022-10-11
10-11 14:41:52.588  4965  4986 D LogWriteUtil.class=LogFileHandlerThread.class: 2getCurrentFileName: index=3, LogWriteUtil.logfile=app.log, getFileNameSuffix=5
10-11 14:41:52.589  4965  4986 D LogWriteUtil.class=LogFileHandlerThread.class: 1getFilePath: logFormat=2022-10-11, LogWriteUtil.logPathDir=/custom/metro/log
10-11 14:41:52.589  4965  4986 D LogWriteUtil.class=LogFileHandlerThread.class: 2getFilePath: filePath=/custom/metro/log/2022-10-11
10-11 14:41:52.590  4965  4986 D LogWriteUtil.class=LogFileHandlerThread.class: getFileNameSuffix: file=/custom/metro/log/2022-10-11
10-11 14:41:52.590  4965  4986 D LogWriteUtil.class=LogFileHandlerThread.class: 3getCurrentFileName: logFileName=app5.log
10-11 14:41:52.590  4965  4986 D LogWriteUtil.class=LogFileHandlerThread.class: 1,initFile: getFilePath()=/custom/metro/log/2022-10-11, getCurrentFileName=app5.log
10-11 14:41:52.591  4965  4986 D LogWriteUtil.class=LogFileHandlerThread.class: 1getFilePath: logFormat=2022-10-11, LogWriteUtil.logPathDir=/custom/metro/log
10-11 14:41:52.591  4965  4986 D LogWriteUtil.class=LogFileHandlerThread.class: 2getFilePath: filePath=/custom/metro/log/2022-10-11
10-11 14:41:52.591  4965  4986 D LogWriteUtil.class=LogFileHandlerThread.class: 1getCurrentFileName: LogWriteUtil.logfile=app.log
10-11 14:41:52.592  4965  4986 D LogWriteUtil.class=LogFileHandlerThread.class: 1getFilePath: logFormat=2022-10-11, LogWriteUtil.logPathDir=/custom/metro/log
10-11 14:41:52.592  4965  4986 D LogWriteUtil.class=LogFileHandlerThread.class: 2getFilePath: filePath=/custom/metro/log/2022-10-11
10-11 14:41:52.592  4965  4986 D LogWriteUtil.class=LogFileHandlerThread.class: getFileNameSuffix: file=/custom/metro/log/2022-10-11
10-11 14:41:52.593  4965  4986 D LogWriteUtil.class=LogFileHandlerThread.class: 2getCurrentFileName: index=3, LogWriteUtil.logfile=app.log, getFileNameSuffix=5
10-11 14:41:52.593  4965  4986 D LogWriteUtil.class=LogFileHandlerThread.class: 1getFilePath: logFormat=2022-10-11, LogWriteUtil.logPathDir=/custom/metro/log
10-11 14:41:52.594  4965  4986 D LogWriteUtil.class=LogFileHandlerThread.class: 2getFilePath: filePath=/custom/metro/log/2022-10-11
10-11 14:41:52.594  4965  4986 D LogWriteUtil.class=LogFileHandlerThread.class: getFileNameSuffix: file=/custom/metro/log/2022-10-11
10-11 14:41:52.594  4965  4986 D LogWriteUtil.class=LogFileHandlerThread.class: 3getCurrentFileName: logFileName=app5.log
10-11 14:41:52.594  4965  4986 D LogWriteUtil.class=LogFileHandlerThread.class: 1getCurrentFileName: LogWriteUtil.logfile=app.log
10-11 14:41:52.595  4965  4986 D LogWriteUtil.class=LogFileHandlerThread.class: 1getFilePath: logFormat=2022-10-11, LogWriteUtil.logPathDir=/custom/metro/log
10-11 14:41:52.595  4965  4986 D LogWriteUtil.class=LogFileHandlerThread.class: 2getFilePath: filePath=/custom/metro/log/2022-10-11
10-11 14:41:52.595  4965  4986 D LogWriteUtil.class=LogFileHandlerThread.class: getFileNameSuffix: file=/custom/metro/log/2022-10-11
10-11 14:41:52.596  4965  4986 D LogWriteUtil.class=LogFileHandlerThread.class: 2getCurrentFileName: index=3, LogWriteUtil.logfile=app.log, getFileNameSuffix=5
10-11 14:41:52.596  4965  4986 D LogWriteUtil.class=LogFileHandlerThread.class: 1getFilePath: logFormat=2022-10-11, LogWriteUtil.logPathDir=/custom/metro/log
10-11 14:41:52.596  4965  4986 D LogWriteUtil.class=LogFileHandlerThread.class: 2getFilePath: filePath=/custom/metro/log/2022-10-11
10-11 14:41:52.597  4965  4986 D LogWriteUtil.class=LogFileHandlerThread.class: getFileNameSuffix: file=/custom/metro/log/2022-10-11
10-11 14:41:52.597  4965  4986 D LogWriteUtil.class=LogFileHandlerThread.class: 3getCurrentFileName: logFileName=app5.log
10-11 14:41:52.597  4965  4986 D TAG     : 2,initFile: /custom/metro/log/2022-10-11/app5.log, logFile.length=0, getCurrentFileName()=app5.log, writeFileName=/custom/metro/log/2022-10-11/app41665469747342.log
10-11 14:41:52.597  4965  4986 D LogWriteUtil.class=LogFileHandlerThread.class: 8,initFile: logFile=/custom/metro/log/2022-10-11/app5.log, logFile.length=0
10-11 14:41:52.613  4965  5038 D UdpDisServices: udp receive - api receive data disApi, udp service id=186  - udp.packet.address=/172.2.208.8, udp.pack.socketAddress=/172.2.208.8:64002, udp.port=64002- running=true - message={"MsgSeqID":1212533,"MsgName":"DisReceivedNotify","MsgInfo":{"AppMsgSeqID":550,"Code":10001}}
10-11 14:41:52.614  4965  5038 I APP_LogUtils.kt: [(LogUtils.kt:50).i()] [UdpDisServices] udp receive - api receive data disApi, udp service id=186 - running=true  - ip=/172.2.208.8 - port=64002 - message={"MsgSeqID":1212533,"MsgName":"DisReceivedNotify","MsgInfo":{"AppMsgSeqID":550,"Code":10001}}
10-11 14:41:52.615  4965  4965 D MainActivity: onMessageEvent  -- gginit: disApi, id=1---event={"MsgSeqID":1212533,"MsgName":"DisReceivedNotify","MsgInfo":{"AppMsgSeqID":550,"Code":10001}}
10-11 14:41:52.615  4965  4986 D LogWriteUtil.class=LogFileHandlerThread.class: 1getFilePath: logFormat=2022-10-11, LogWriteUtil.logPathDir=/custom/metro/log
10-11 14:41:52.615  4965  4986 D LogWriteUtil.class=LogFileHandlerThread.class: 2getFilePath: filePath=/custom/metro/log/2022-10-11
10-11 14:41:52.615  4965  4965 D MainViewModel: 1processDisApi: disApi, id=1
10-11 14:41:52.615  4965  4986 D LogWriteUtil.class=LogFileHandlerThread.class: 1getCurrentFileName: LogWriteUtil.logfile=app.log
10-11 14:41:52.616  4965  4986 D LogWriteUtil.class=LogFileHandlerThread.class: 1getFilePath: logFormat=2022-10-11, LogWriteUtil.logPathDir=/custom/metro/log
10-11 14:41:52.616  4965  4986 D LogWriteUtil.class=LogFileHandlerThread.class: 2getFilePath: filePath=/custom/metro/log/2022-10-11
10-11 14:41:52.616  4965  5332 D DisApiSingletonReceive: processingData: disApi, id=231 - data={"MsgSeqID":1212533,"MsgName":"DisReceivedNotify","MsgInfo":{"AppMsgSeqID":550,"Code":10001}}
10-11 14:41:52.616  4965  4986 D LogWriteUtil.class=LogFileHandlerThread.class: getFileNameSuffix: file=/custom/metro/log/2022-10-11
10-11 14:41:52.616  4965  4986 D LogWriteUtil.class=LogFileHandlerThread.class: 2getCurrentFileName: index=3, LogWriteUtil.logfile=app.log, getFileNameSuffix=5
10-11 14:41:52.617  4965  4986 D LogWriteUtil.class=LogFileHandlerThread.class: 1getFilePath: logFormat=2022-10-11, LogWriteUtil.logPathDir=/custom/metro/log
10-11 14:41:52.617  4965  4986 D LogWriteUtil.class=LogFileHandlerThread.class: 2getFilePath: filePath=/custom/metro/log/2022-10-11
10-11 14:41:52.617  4965  5332 D DisApiSingletonReceive: processingDisReceivedNotify: info=DisReceivedNotifyApiData(msgName=DisReceivedNotify, msgSeqID=1212533, msgInfo=ReceivedNotifyData(appMsgSeqID=0, code=10001))
10-11 14:41:52.617  4965  4986 D LogWriteUtil.class=LogFileHandlerThread.class: getFileNameSuffix: file=/custom/metro/log/2022-10-11
10-11 14:41:52.618  4965  4986 D LogWriteUtil.class=LogFileHandlerThread.class: 3getCurrentFileName: logFileName=app5.log
10-11 14:41:52.618  4965  4986 D LogWriteUtil.class=LogFileHandlerThread.class: 1,initFile: getFilePath()=/custom/metro/log/2022-10-11, getCurrentFileName=app5.log
10-11 14:41:52.618  4965  4986 D LogWriteUtil.class=LogFileHandlerThread.class: 1getFilePath: logFormat=2022-10-11, LogWriteUtil.logPathDir=/custom/metro/log
10-11 14:41:52.618  4965  4986 D LogWriteUtil.class=LogFileHandlerThread.class: 2getFilePath: filePath=/custom/metro/log/2022-10-11
10-11 14:41:52.618  4965  4986 D LogWriteUtil.class=LogFileHandlerThread.class: 1getCurrentFileName: LogWriteUtil.logfile=app.log
10-11 14:41:52.619  4965  4986 D LogWriteUtil.class=LogFileHandlerThread.class: 1getFilePath: logFormat=2022-10-11, LogWriteUtil.logPathDir=/custom/metro/log
10-11 14:41:52.619  4965  4986 D LogWriteUtil.class=LogFileHandlerThread.class: 2getFilePath: filePath=/custom/metro/log/2022-10-11
10-11 14:41:52.619  4965  4986 D LogWriteUtil.class=LogFileHandlerThread.class: getFileNameSuffix: file=/custom/metro/log/2022-10-11
10-11 14:41:52.619  4965  4986 D LogWriteUtil.class=LogFileHandlerThread.class: 2getCurrentFileName: index=3, LogWriteUtil.logfile=app.log, getFileNameSuffix=5
10-11 14:41:52.620  4965  4986 D LogWriteUtil.class=LogFileHandlerThread.class: 1getFilePath: logFormat=2022-10-11, LogWriteUtil.logPathDir=/custom/metro/log
10-11 14:41:52.620  4965  4986 D LogWriteUtil.class=LogFileHandlerThread.class: 2getFilePath: filePath=/custom/metro/log/2022-10-11
10-11 14:41:52.620  4965  4986 D LogWriteUtil.class=LogFileHandlerThread.class: getFileNameSuffix: file=/custom/metro/log/2022-10-11
10-11 14:41:52.621  4965  4986 D LogWriteUtil.class=LogFileHandlerThread.class: 3getCurrentFileName: logFileName=app5.log
10-11 14:41:52.621  4965  4986 D LogWriteUtil.class=LogFileHandlerThread.class: 1getCurrentFileName: LogWriteUtil.logfile=app.log
10-11 14:41:52.621  4965  4986 D LogWriteUtil.class=LogFileHandlerThread.class: 1getFilePath: logFormat=2022-10-11, LogWriteUtil.logPathDir=/custom/metro/log
10-11 14:41:52.622  4965  4986 D LogWriteUtil.class=LogFileHandlerThread.class: 2getFilePath: filePath=/custom/metro/log/2022-10-11
10-11 14:41:52.622  4965  4986 D LogWriteUtil.class=LogFileHandlerThread.class: getFileNameSuffix: file=/custom/metro/log/2022-10-11
10-11 14:41:52.622  4965  4986 D LogWriteUtil.class=LogFileHandlerThread.class: 2getCurrentFileName: index=3, LogWriteUtil.logfile=app.log, getFileNameSuffix=5
10-11 14:41:52.623  4965  4986 D LogWriteUtil.class=LogFileHandlerThread.class: 1getFilePath: logFormat=2022-10-11, LogWriteUtil.logPathDir=/custom/metro/log
10-11 14:41:52.623  4965  4986 D LogWriteUtil.class=LogFileHandlerThread.class: 2getFilePath: filePath=/custom/metro/log/2022-10-11
10-11 14:41:52.623  4965  4986 D LogWriteUtil.class=LogFileHandlerThread.class: getFileNameSuffix: file=/custom/metro/log/2022-10-11
10-11 14:41:52.623  4965  4986 D LogWriteUtil.class=LogFileHandlerThread.class: 3getCurrentFileName: logFileName=app5.log
10-11 14:41:52.623  4965  4986 D TAG     : 2,initFile: /custom/metro/log/2022-10-11/app5.log, logFile.length=0, getCurrentFileName()=app5.log, writeFileName=/custom/metro/log/2022-10-11/app41665469747342.log
10-11 14:41:52.623  4965  4986 D LogWriteUtil.class=LogFileHandlerThread.class: 8,initFile: logFile=/custom/metro/log/2022-10-11/app5.log, logFile.length=0
10-11 14:41:52.642  4965  5038 D UdpDisServices: udp receive - api receive data disApi, udp service id=186  - udp.packet.address=/172.2.208.8, udp.pack.socketAddress=/172.2.208.8:64002, udp.port=64002- running=true - message={"MsgSeqID":1212534,"MsgName":"GetStationATSRsp","MsgInfo":{"Code":10011,"StationATSInfos":[{"TrainGroupNumber":"212","ServiceNumber":"000","TrainCrewNumber":"000","TrainPosition":"1","TrainRunningPosition":"1","RailName":"T1212","StationID":"012","TerminalStationID":"000","DestinationID":"000"}]}}
10-11 14:41:52.643  4965  5038 I APP_LogUtils.kt: [(LogUtils.kt:50).i()] [UdpDisServices] udp receive - api receive data disApi, udp service id=186 - running=true  - ip=/172.2.208.8 - port=64002 - message={"MsgSeqID":1212534,"MsgName":"GetStationATSRsp","MsgInfo":{"Code":10011,"StationATSInfos":[{"TrainGroupNumber":"212","ServiceNumber":"000","TrainCrewNumber":"000","TrainPosition":"1","TrainRunningPosition":"1","RailName":"T1212","StationID":"012","TerminalStationID":"000","DestinationID":"000"}]}}
10-11 14:41:52.644  4965  5038 D UdpDisServices: udp receive - api receive data disApi, udp service id=186  - udp.packet.address=/172.2.208.8, udp.pack.socketAddress=/172.2.208.8:64002, udp.port=64002- running=true - message={"MsgSeqID":1212535,"MsgName":"DisReceivedNotify","MsgInfo":{"AppMsgSeqID":551,"Code":10001}}
10-11 14:41:52.644  4965  4965 D MainActivity: onMessageEvent  -- gginit: disApi, id=1---event={"MsgSeqID":1212534,"MsgName":"GetStationATSRsp","MsgInfo":{"Code":10011,"StationATSInfos":[{"TrainGroupNumber":"212","ServiceNumber":"000","TrainCrewNumber":"000","TrainPosition":"1","TrainRunningPosition":"1","RailName":"T1212","StationID":"012","TerminalStationID":"000","DestinationID":"000"}]}}
10-11 14:41:52.644  4965  4965 D MainViewModel: 1processDisApi: disApi, id=1
10-11 14:41:52.644  4965  4986 D LogWriteUtil.class=LogFileHandlerThread.class: 1getFilePath: logFormat=2022-10-11, LogWriteUtil.logPathDir=/custom/metro/log
10-11 14:41:52.644  4965  4986 D LogWriteUtil.class=LogFileHandlerThread.class: 2getFilePath: filePath=/custom/metro/log/2022-10-11
10-11 14:41:52.645  4965  4986 D LogWriteUtil.class=LogFileHandlerThread.class: 1getCurrentFileName: LogWriteUtil.logfile=app.log
10-11 14:41:52.645  4965  5332 D DisApiSingletonReceive: processingData: disApi, id=231 - data={"MsgSeqID":1212534,"MsgName":"GetStationATSRsp","MsgInfo":{"Code":10011,"StationATSInfos":[{"TrainGroupNumber":"212","ServiceNumber":"000","TrainCrewNumber":"000","TrainPosition":"1","TrainRunningPosition":"1","RailName":"T1212","StationID":"012","TerminalStationID":"000","DestinationID":"000"}]}}
10-11 14:41:52.645  4965  5038 I APP_LogUtils.kt: [(LogUtils.kt:50).i()] [UdpDisServices] udp receive - api receive data disApi, udp service id=186 - running=true  - ip=/172.2.208.8 - port=64002 - message={"MsgSeqID":1212535,"MsgName":"DisReceivedNotify","MsgInfo":{"AppMsgSeqID":551,"Code":10001}}
10-11 14:41:52.645  4965  4986 D LogWriteUtil.class=LogFileHandlerThread.class: 1getFilePath: logFormat=2022-10-11, LogWriteUtil.logPathDir=/custom/metro/log
10-11 14:41:52.645  4965  4986 D LogWriteUtil.class=LogFileHandlerThread.class: 2getFilePath: filePath=/custom/metro/log/2022-10-11
10-11 14:41:52.645  4965  4965 D MainActivity: onMessageEvent  -- gginit: disApi, id=1---event={"MsgSeqID":1212535,"MsgName":"DisReceivedNotify","MsgInfo":{"AppMsgSeqID":551,"Code":10001}}
10-11 14:41:52.645  4965  4965 D MainViewModel: 1processDisApi: disApi, id=1
10-11 14:41:52.645  4965  4986 D LogWriteUtil.class=LogFileHandlerThread.class: getFileNameSuffix: file=/custom/metro/log/2022-10-11
10-11 14:41:52.646  4965  5050 D DisApiSingletonReceive: processingData: disApi, id=192 - data={"MsgSeqID":1212535,"MsgName":"DisReceivedNotify","MsgInfo":{"AppMsgSeqID":551,"Code":10001}}
10-11 14:41:52.646  4965  4986 D LogWriteUtil.class=LogFileHandlerThread.class: 2getCurrentFileName: index=3, LogWriteUtil.logfile=app.log, getFileNameSuffix=5
10-11 14:41:52.647  4965  4986 D LogWriteUtil.class=LogFileHandlerThread.class: 1getFilePath: logFormat=2022-10-11, LogWriteUtil.logPathDir=/custom/metro/log
10-11 14:41:52.647  4965  4986 D LogWriteUtil.class=LogFileHandlerThread.class: 2getFilePath: filePath=/custom/metro/log/2022-10-11
10-11 14:41:52.647  4965  4986 D LogWriteUtil.class=LogFileHandlerThread.class: getFileNameSuffix: file=/custom/metro/log/2022-10-11
10-11 14:41:52.647  4965  5332 D DisApiSingletonReceive: parseStationAtsData: atsInfo=com.gbcom.library_base.data.StationAtsApiData@e580e84
10-11 14:41:52.648  4965  4986 D LogWriteUtil.class=LogFileHandlerThread.class: 3getCurrentFileName: logFileName=app5.log
10-11 14:41:52.648  4965  5050 D DisApiSingletonReceive: processingDisReceivedNotify: info=DisReceivedNotifyApiData(msgName=DisReceivedNotify, msgSeqID=1212535, msgInfo=ReceivedNotifyData(appMsgSeqID=0, code=10001))
10-11 14:41:52.648  4965  4986 D LogWriteUtil.class=LogFileHandlerThread.class: 1,initFile: getFilePath()=/custom/metro/log/2022-10-11, getCurrentFileName=app5.log
10-11 14:41:52.648  4965  5332 D BtrunCConfig: isR2Nubmer is true
10-11 14:41:52.648  4965  5332 D com.ztegota.system.GotaSystem: getMdn +866022012
10-11 14:41:52.648  4965  5332 D TAG     : getUserId: userId2=+866022012
10-11 14:41:52.648  4965  4986 D LogWriteUtil.class=LogFileHandlerThread.class: 1getFilePath: logFormat=2022-10-11, LogWriteUtil.logPathDir=/custom/metro/log
10-11 14:41:52.648  4965  4986 D LogWriteUtil.class=LogFileHandlerThread.class: 2getFilePath: filePath=/custom/metro/log/2022-10-11
10-11 14:41:52.649  4965  4986 D LogWriteUtil.class=LogFileHandlerThread.class: 1getCurrentFileName: LogWriteUtil.logfile=app.log
10-11 14:41:52.649  4965  4986 D LogWriteUtil.class=LogFileHandlerThread.class: 1getFilePath: logFormat=2022-10-11, LogWriteUtil.logPathDir=/custom/metro/log
10-11 14:41:52.649  4965  4986 D LogWriteUtil.class=LogFileHandlerThread.class: 2getFilePath: filePath=/custom/metro/log/2022-10-11
10-11 14:41:52.650  4965  4986 D LogWriteUtil.class=LogFileHandlerThread.class: getFileNameSuffix: file=/custom/metro/log/2022-10-11
10-11 14:41:52.650  4965  4986 D LogWriteUtil.class=LogFileHandlerThread.class: 2getCurrentFileName: index=3, LogWriteUtil.logfile=app.log, getFileNameSuffix=5
10-11 14:41:52.651  4965  4986 D LogWriteUtil.class=LogFileHandlerThread.class: 1getFilePath: logFormat=2022-10-11, LogWriteUtil.logPathDir=/custom/metro/log
10-11 14:41:52.651  4965  4986 D LogWriteUtil.class=LogFileHandlerThread.class: 2getFilePath: filePath=/custom/metro/log/2022-10-11
10-11 14:41:52.651  4965  4986 D LogWriteUtil.class=LogFileHandlerThread.class: getFileNameSuffix: file=/custom/metro/log/2022-10-11
10-11 14:41:52.651  4965  4986 D LogWriteUtil.class=LogFileHandlerThread.class: 3getCurrentFileName: logFileName=app5.log
10-11 14:41:52.652  4965  4986 D LogWriteUtil.class=LogFileHandlerThread.class: 1getCurrentFileName: LogWriteUtil.logfile=app.log
10-11 14:41:52.652  4965  4986 D LogWriteUtil.class=LogFileHandlerThread.class: 1getFilePath: logFormat=2022-10-11, LogWriteUtil.logPathDir=/custom/metro/log
10-11 14:41:52.653  4965  4986 D LogWriteUtil.class=LogFileHandlerThread.class: 2getFilePath: filePath=/custom/metro/log/2022-10-11
10-11 14:41:52.653  4965  4986 D LogWriteUtil.class=LogFileHandlerThread.class: getFileNameSuffix: file=/custom/metro/log/2022-10-11
10-11 14:41:52.653  4965  4986 D LogWriteUtil.class=LogFileHandlerThread.class: 2getCurrentFileName: index=3, LogWriteUtil.logfile=app.log, getFileNameSuffix=5
10-11 14:41:52.654  4965  4986 D LogWriteUtil.class=LogFileHandlerThread.class: 1getFilePath: logFormat=2022-10-11, LogWriteUtil.logPathDir=/custom/metro/log
10-11 14:41:52.654  4965  4986 D LogWriteUtil.class=LogFileHandlerThread.class: 2getFilePath: filePath=/custom/metro/log/2022-10-11
10-11 14:41:52.655  4965  4986 D LogWriteUtil.class=LogFileHandlerThread.class: getFileNameSuffix: file=/custom/metro/log/2022-10-11
10-11 14:41:52.655  4965  4986 D LogWriteUtil.class=LogFileHandlerThread.class: 3getCurrentFileName: logFileName=app5.log
10-11 14:41:52.655  4965  4986 D TAG     : 2,initFile: /custom/metro/log/2022-10-11/app5.log, logFile.length=0, getCurrentFileName()=app5.log, writeFileName=/custom/metro/log/2022-10-11/app41665469747342.log
10-11 14:41:52.655  4965  4986 D LogWriteUtil.class=LogFileHandlerThread.class: 8,initFile: logFile=/custom/metro/log/2022-10-11/app5.log, logFile.length=0
10-11 14:41:52.656  4965  4986 D LogWriteUtil.class=LogFileHandlerThread.class: 1getFilePath: logFormat=2022-10-11, LogWriteUtil.logPathDir=/custom/metro/log
10-11 14:41:52.657  4965  4986 D LogWriteUtil.class=LogFileHandlerThread.class: 2getFilePath: filePath=/custom/metro/log/2022-10-11
10-11 14:41:52.657  4965  4986 D LogWriteUtil.class=LogFileHandlerThread.class: 1getCurrentFileName: LogWriteUtil.logfile=app.log
10-11 14:41:52.657  4965  4986 D LogWriteUtil.class=LogFileHandlerThread.class: 1getFilePath: logFormat=2022-10-11, LogWriteUtil.logPathDir=/custom/metro/log
10-11 14:41:52.658  4965  4986 D LogWriteUtil.class=LogFileHandlerThread.class: 2getFilePath: filePath=/custom/metro/log/2022-10-11
10-11 14:41:52.658  4965  4986 D LogWriteUtil.class=LogFileHandlerThread.class: getFileNameSuffix: file=/custom/metro/log/2022-10-11
10-11 14:41:52.658  4965  4986 D LogWriteUtil.class=LogFileHandlerThread.class: 2getCurrentFileName: index=3, LogWriteUtil.logfile=app.log, getFileNameSuffix=5
10-11 14:41:52.659  4965  4986 D LogWriteUtil.class=LogFileHandlerThread.class: 1getFilePath: logFormat=2022-10-11, LogWriteUtil.logPathDir=/custom/metro/log
10-11 14:41:52.659  4965  4986 D LogWriteUtil.class=LogFileHandlerThread.class: 2getFilePath: filePath=/custom/metro/log/2022-10-11
10-11 14:41:52.659  4965  4986 D LogWriteUtil.class=LogFileHandlerThread.class: getFileNameSuffix: file=/custom/metro/log/2022-10-11
10-11 14:41:52.660  4965  4986 D LogWriteUtil.class=LogFileHandlerThread.class: 3getCurrentFileName: logFileName=app5.log
10-11 14:41:52.660  4965  4986 D LogWriteUtil.class=LogFileHandlerThread.class: 1,initFile: getFilePath()=/custom/metro/log/2022-10-11, getCurrentFileName=app5.log
10-11 14:41:52.661  4965  4986 D LogWriteUtil.class=LogFileHandlerThread.class: 1getFilePath: logFormat=2022-10-11, LogWriteUtil.logPathDir=/custom/metro/log
10-11 14:41:52.661  4965  4986 D LogWriteUtil.class=LogFileHandlerThread.class: 2getFilePath: filePath=/custom/metro/log/2022-10-11
10-11 14:41:52.661  4965  4986 D LogWriteUtil.class=LogFileHandlerThread.class: 1getCurrentFileName: LogWriteUtil.logfile=app.log
