10-12 16:28:13.121 12868 12889 D LogWriteUtil.class=LogFileHandlerThread.class: 1getFilePath: logFormat=2022-10-12, LogWriteUtil.logPathDir=/custom/metro/log
10-12 16:28:13.121 12868 12889 D LogWriteUtil.class=LogFileHandlerThread.class: 2getFilePath: filePath=/custom/metro/log/2022-10-12
10-12 16:28:13.121 12868 12889 D LogWriteUtil.class=LogFileHandlerThread.class: 1getCurrentFileName: LogWriteUtil.logfile=app.log
10-12 16:28:13.122 12868 12889 D LogWriteUtil.class=LogFileHandlerThread.class: 1getFilePath: logFormat=2022-10-12, LogWriteUtil.logPathDir=/custom/metro/log
10-12 16:28:13.122 12868 12889 D LogWriteUtil.class=LogFileHandlerThread.class: 2getFilePath: filePath=/custom/metro/log/2022-10-12
10-12 16:28:13.122 12868 12889 D LogWriteUtil.class=LogFileHandlerThread.class: getFileNameSuffix: file=/custom/metro/log/2022-10-12
10-12 16:28:13.123 12868 12889 D LogWriteUtil.class=LogFileHandlerThread.class: 2getCurrentFileName: index=3, LogWriteUtil.logfile=app.log, getFileNameSuffix=35
10-12 16:28:13.124 12868 12889 D LogWriteUtil.class=LogFileHandlerThread.class: 1getFilePath: logFormat=2022-10-12, LogWriteUtil.logPathDir=/custom/metro/log
10-12 16:28:13.124 12868 12889 D LogWriteUtil.class=LogFileHandlerThread.class: 2getFilePath: filePath=/custom/metro/log/2022-10-12
10-12 16:28:13.124 12868 12889 D LogWriteUtil.class=LogFileHandlerThread.class: getFileNameSuffix: file=/custom/metro/log/2022-10-12
10-12 16:28:13.125 12868 12889 D LogWriteUtil.class=LogFileHandlerThread.class: 3getCurrentFileName: logFileName=app35.log
10-12 16:28:13.125 12868 12889 D LogWriteUtil.class=LogFileHandlerThread.class: 1getCurrentFileName: LogWriteUtil.logfile=app.log
10-12 16:28:13.126 12868 12889 D LogWriteUtil.class=LogFileHandlerThread.class: 1getFilePath: logFormat=2022-10-12, LogWriteUtil.logPathDir=/custom/metro/log
10-12 16:28:13.126 12868 12889 D LogWriteUtil.class=LogFileHandlerThread.class: 2getFilePath: filePath=/custom/metro/log/2022-10-12
10-12 16:28:13.126 12868 12889 D LogWriteUtil.class=LogFileHandlerThread.class: getFileNameSuffix: file=/custom/metro/log/2022-10-12
10-12 16:28:13.126 12868 12889 D LogWriteUtil.class=LogFileHandlerThread.class: 2getCurrentFileName: index=3, LogWriteUtil.logfile=app.log, getFileNameSuffix=35
10-12 16:28:13.127 12868 12889 D LogWriteUtil.class=LogFileHandlerThread.class: 1getFilePath: logFormat=2022-10-12, LogWriteUtil.logPathDir=/custom/metro/log
10-12 16:28:13.127 12868 12889 D LogWriteUtil.class=LogFileHandlerThread.class: 2getFilePath: filePath=/custom/metro/log/2022-10-12
10-12 16:28:13.127 12868 12889 D LogWriteUtil.class=LogFileHandlerThread.class: getFileNameSuffix: file=/custom/metro/log/2022-10-12
10-12 16:28:13.128 12868 12889 D LogWriteUtil.class=LogFileHandlerThread.class: 3getCurrentFileName: logFileName=app35.log
10-12 16:28:13.128 12868 12889 D TAG     : 2,initFile: /custom/metro/log/2022-10-12/app35.log, logFile.length=0, getCurrentFileName()=app35.log, writeFileName=/custom/metro/log/2022-10-12/app341665563225311.log
10-12 16:28:13.128 12868 12889 D LogWriteUtil.class=LogFileHandlerThread.class: 8,initFile: logFile=/custom/metro/log/2022-10-12/app35.log, logFile.length=0
10-12 16:28:13.136 12868 12942 D MainViewModel: getSystemTime_currentThreadID2: 234
10-12 16:28:13.137 12868 12954 D TAG     : getSystemTime_currentThreadID3s: 240, isActive=true
10-12 16:28:13.643 12868 12954 D MainViewModel: getSystemTime_currentThreadID2: 240
10-12 16:28:13.645 12868 12942 D TAG     : getSystemTime_currentThreadID3s: 234, isActive=true
10-12 16:28:14.078 12868 12922 D LoopTimer: handleMessage 0,timeinterval:20000,started:true,mTickCallback:com.ztegota.system.lte.CSQRequestor$3@18ec8a5
10-12 16:28:14.079 12868 12922 D LoopTimer: beginRequest()..., onTick()
10-12 16:28:14.080 12868 12922 D PTTRequestor: PTTRequestor beginRequest...
10-12 16:28:14.080 12868 12922 D LTERILJ : requestLteSignal!
10-12 16:28:14.081 12868 12922 D LTERILJ : [0040]> RIL_REQUEST_ZTE_LTE_CSQ
10-12 16:28:14.085 12868 12925 D LTERILJ : [UNSL]< RIL_UNSOL_NOTIFY_PTT_GROUPCALL_IND
10-12 16:28:14.088 12868 12922 D LoopTimer: start tick ..., RT_NORMAL
10-12 16:28:14.088 12868 12922 D LTECallTracker: handleMessage  event = LTE_RESP_CALL_GROUPCALLIND
10-12 16:28:14.089 12868 12922 D         : B-TrunC Call Analyzer: PTTGroupCall unsol
10-12 16:28:14.089 12868 12922 D         : mGroupCallIndHandler
10-12 16:28:14.090 12868 12922 D LTECallTracker: getCallById() not find call
10-12 16:28:14.090 12868 12922 D LTECallTracker: getCallById() not find call
10-12 16:28:14.090 12868 12922 D         : origGroupCall == null
10-12 16:28:14.090 12868 12922 D LTECallTracker: handleMessage  event = LTE_REQ_CALL_STOP_MACHINE
10-12 16:28:14.091 12868 12922 D LTECallTracker: mCallList.size is already 0
10-12 16:28:14.091 12868 12922 D LTECallTracker: createCall() PttGroupCallInd
10-12 16:28:14.107 12868 12922 D PTTCallparam: PTTCallparam getInstance
10-12 16:28:14.107 12868 12922 D VideoParam: videoQuality = 384
10-12 16:28:14.108 12868 12922 D com.ztegota.system.lte.call.LTEMedia: ismSupportVideoCall true
10-12 16:28:14.108 12868 12922 D PTTCall : statusClassName= com.ztegota.system.lte.call.LTECallDefaultStatus
10-12 16:28:14.108 12868 12922 D PTTCall : switchToStatus oldCallStatus = UNDEFINE, newCallStatus = LTEDEFAULT
10-12 16:28:14.108 12868 12922 D PTTCall : init call state, no need to notify
10-12 16:28:14.108 12868 12922 D LTECallTracker: addCall() call size is 0
10-12 16:28:14.109 12868 12922 D LTECallDefaultStatus: onGroupCallInd()
10-12 16:28:14.109 12868 12922 D PTTCall : statusClassName= com.ztegota.system.lte.call.LTECallWaitingStatus
10-12 16:28:14.110 12868 12922 D PTTCall : switchToStatus oldCallStatus = LTEDEFAULT, newCallStatus = LTEWAITING
10-12 16:28:14.110 12868 12922 V LTECallWaitingStatus: onActiveCallStatus EVENT_DELAY_HANDLE_PTTRELEASE is removeMessages
10-12 16:28:14.111 12868 12922 D PTTCall : needNotify need is true
10-12 16:28:14.111 12868 12922 D PTTCall : statusClassName= com.ztegota.system.lte.call.LTECallListenStatus
10-12 16:28:14.112 12868 12868 D BaseApp : handleMessage: EVT_CALL_STATUS msg: { when=-1ms what=0 obj=com.ztegota.system.foundation.AsyncResult@90a3146 target=com.gbcom.library_base.BaseApp$mHandler$1 }
10-12 16:28:14.112 12868 12922 D PTTCall : switchToStatus oldCallStatus = LTEWAITING, newCallStatus = LTELISTEN
10-12 16:28:14.112 12868 12868 D BaseApp : paStartMic: aaaaaaaaaaaaaaaaaaaaaa-------------------------aaaa000001---receive call
10-12 16:28:14.112 12868 12922 V LTECallWaitingStatus: onDeactiveCallStatus EVENT_DELAY_HANDLE_PTTRELEASE is removeMessages
10-12 16:28:14.112 12868 12868 D CallActivity: 1CallTempMessag handleMessage: CALL_STATUS_EVENT - oldState=1, newState=2
10-12 16:28:14.112 12868 12922 D PTTCall : setLTECallConnectTime:
10-12 16:28:14.113 12868 12922 D LTERILJ : [0041]> RIL_REQUEST_ZTE_SET_CALL_STATE_TO_RILD
10-12 16:28:14.113 12868 12868 D CallActivity: showCurrentCallInfo: callInfo=call num:866027333 call type:3 call de:1 speak num:6023401 speak name:null ptt ip:nullCreateTime :1665563294108Connect Time Real :16233343Connect Time :1665563294112Disconnect Time :0Duration Time :0 ptt ip:nullCreateTime :1665563294108Connect Time Real :16233343Connect Time :1665563294112Disconnect Time :0Duration Time :0Call TraceStatus:0isConnect  :trueisAutoCall  :falseCall Attr : mEmergency: false mPreemition: false mEncryption: false mEnhance: true mOffhook: false, newState=2
10-12 16:28:14.113 12868 12868 D CallActivity: run: showCurrentCallInfo() - mMetroCallLastConnected=16233344
10-12 16:28:14.114 12868 12868 D CallActivity: showCurrentCallInfo: ltewaiting
10-12 16:28:14.115 12868 12868 D CallActivity: showInit: getGotaSystem=com.ztegota.system.GotaSystem@45566f8, lteCurrentCallInfo=call num:866027333 call type:3 call de:1 speak num:6023401 speak name:null ptt ip:nullCreateTime :1665563294108Connect Time Real :16233343Connect Time :1665563294112Disconnect Time :0Duration Time :0 ptt ip:nullCreateTime :1665563294108Connect Time Real :16233343Connect Time :1665563294112Disconnect Time :0Duration Time :0Call TraceStatus:0isConnect  :trueisAutoCall  :falseCall Attr : mEmergency: false mPreemition: false mEncryption: false mEnhance: true mOffhook: false
10-12 16:28:14.115 12868 12868 D CallActivity: showInit: callInfo=call num:866027333 call type:3 call de:1 speak num:6023401 speak name:null ptt ip:nullCreateTime :1665563294108Connect Time Real :16233343Connect Time :1665563294112Disconnect Time :0Duration Time :0 ptt ip:nullCreateTime :1665563294108Connect Time Real :16233343Connect Time :1665563294112Disconnect Time :0Duration Time :0Call TraceStatus:0isConnect  :trueisAutoCall  :falseCall Attr : mEmergency: false mPreemition: false mEncryption: false mEnhance: true mOffhook: false
10-12 16:28:14.115 12868 12868 D CallActivity: initView: callInfo.mCallType====call num:866027333 call type:3 call de:1 speak num:6023401 speak name:null ptt ip:nullCreateTime :1665563294108Connect Time Real :16233343Connect Time :1665563294112Disconnect Time :0Duration Time :0 ptt ip:nullCreateTime :1665563294108Connect Time Real :16233343Connect Time :1665563294112Disconnect Time :0Duration Time :0Call TraceStatus:0isConnect  :trueisAutoCall  :falseCall Attr : mEmergency: false mPreemition: false mEncryption: false mEnhance: true mOffhook: false
10-12 16:28:14.117 12868 12925 D LTERILJ : [UNSL]< RIL_UNSOL_NOTIFY_PTT_FLOOR_INFO
10-12 16:28:14.118 12868 12925 D LTERILJ : floorinfo is not same, update it[callId]1594622210[floorState]0[speakerNum]6023401[speakerShortNum]3401[groupNum]866027333[groupShortNum]7333[speakerVideoIpType]0[speakerVideoIp][speakerVideoIpPort]0
10-12 16:28:14.118 12868 12922 D com.ztegota.system.lte.call.LTEMedia: initMediaStream 
10-12 16:28:14.120 12868 12925 I rilj    : EMCI Detial(CellId--->Tav): 5889,255,2,"46009",255,65535,59,65535,255,255,58,27,16,255,1202590897205,0,0,0,0,0,0,0,0
10-12 16:28:14.120 12868 12930 D com.ztegota.system.lte.call.LTEMedia: handleMessage event=302
10-12 16:28:14.120 12868 12922 D PTTCall : needNotify need is true
10-12 16:28:14.120 12868 12925 D LTERILJ : [UNSL]< RIL_UNSOL_NOTIFY_EMCI_DETAIL
10-12 16:28:14.120 12868 12930 D com.ztegota.system.lte.call.LTEMedia: MEDIA_INIT mMediaStatus =IDLE
10-12 16:28:14.120 12868 12930 D com.ztegota.system.lte.call.LTEMedia: doMediaInit() begin 
10-12 16:28:14.120 12868 12922 D LTECallTracker: handleMessage  event = LTE_RESP_CALL_GROUPCALLIND
10-12 16:28:14.120 12868 12922 D LTECallTracker: handleCallGroupIndMsgForCon
10-12 16:28:14.120 12868 12922 D LTEConCallController: mCallPolicyManager == null
10-12 16:28:14.120 12868 12922 D         : handleMessage  event = LTE_RESP_CALL_FLOORINFO
10-12 16:28:14.121 12868 12922 D         : floorinfo is not same update mLastFloorInfo[callId]1594622210[floorState]0[speakerNum]6023401[speakerShortNum]3401[groupNum]866027333[groupShortNum]7333[speakerVideoIpType]0[speakerVideoIp][speakerVideoIpPort]0
10-12 16:28:14.121 12868 12922 D LTECallListenStatus: onFloorInfo, notifyUI
10-12 16:28:14.125 12868 12922 D PTTCall : needNotify need is true
10-12 16:28:14.126 12868 12922 D LTEPhone: EVENT_FOR_EMCI_DETAIL
10-12 16:28:14.126 12868 12922 D LTEServiceTracker: setCellId cellId:5889,"46009"
10-12 16:28:14.135 12868 12925 D LTERILJ : [UNSL]< RIL_UNSOL_NOTIFY_LTE_CSQ
10-12 16:28:14.135 12868 12930 D com.ztegota.system.lte.call.LTEMedia: turn on speaker in LteMedia
10-12 16:28:14.136 12868 12925 D LTERILJ : [0040]< RIL_REQUEST_ZTE_LTE_CSQ 
10-12 16:28:14.136 12868 12922 D PTTRequestor: PTTRequestor endRequest...
10-12 16:28:14.136 12868 12922 D CSQRequestor: handleCsqResult(), csq.rssi=158,csq.ber=99
10-12 16:28:14.136 12868 12922 D CSQRequestor: rssi=-83,level=4,signal=4
10-12 16:28:14.137   613  3734 D AudioPolicyManagerCustom: setForceUse() usage 0, config 1, mPhoneState 0
10-12 16:28:14.141 12868 13058 D com.ztegota.system.lte.call.LTEMedia: B-TrunC Call Analyzer: 切换音频模式 start
10-12 16:28:14.141 12868 12930 D com.ztegota.system.lte.call.LTEMedia: media audiomode = 0
10-12 16:28:14.142 12868 12930 I Linphone_JAVA: enableVideo :false
10-12 16:28:14.142 12868 12930 D com.ztegota.system.lte.call.LTEMedia:  init setPttCall  start sourceip = 172.2.200.13,ipAddrPds = 192.168.90.81,mCallType =3,mServiceType= 3
10-12 16:28:14.143   613  6603 D audio_hw_primary: adev_set_mode: mode 3
10-12 16:28:14.143   613  6603 D AudioPolicyManagerCustom: setPhoneState() state 3
10-12 16:28:14.144 12868 12930 D 自动获取IP地址: getEthIpAddress ,interface:eth0,ip:192.168.42.130
10-12 16:28:14.145 12868 12930 D com.ztegota.system.lte.call.LTEMedia: finally localIp is 192.168.42.130
10-12 16:28:14.145 12868 12930 I libjingle: --dxp-- linphone_ptt_call_set_local_net_info[ip:192.168.42.130,audioport:40000,videoport:40002] 
10-12 16:28:14.145 12868 12930 I libjingle: --dxp-- linphone_ptt_call_set_remote_net_info[ip:192.168.90.81,audioport:13022,videoport:13024] 
10-12 16:28:14.145 12868 12930 I libjingle: --dxp-- linphone_ptt_call_set_remote_net_info[lcphone->audiostate:4,lcphone->videostate:4] 
10-12 16:28:14.145 12868 12930 D AudioParam: getFormat:1
10-12 16:28:14.145 12868 12930 D AudioParam: getPtime:40
10-12 16:28:14.145 12868 12930 D Linphone_JAVA: libphone setAmrParam bit:12200
10-12 16:28:14.145 12868 12930 D Linphone_JAVA: libphone setAmrParam ptime:40
10-12 16:28:14.145 12868 12930 I libjingle:  --dxp-- [linphone_core_set_amr_param] bitratae:12200
10-12 16:28:14.145 12868 12930 I libjingle: --dxp-- linphone_ptt_call_set_group_net_info[ip:239.1.1.1,audioport:13526,videoport:13048] 
10-12 16:28:14.145 12868 12930 I libjingle: --dxp-- linphone_ptt_call_set_group_net_info[lcphone->audiostate:4,lcphone->videostate:4] 
10-12 16:28:14.145 12868 12930 I libjingle: --dxp-- linphone_ptt_call_set_group_net_info [err,audiostate:4]
10-12 16:28:14.145 12868 12930 I libjingle: --dxp-- linphone_ptt_call_set_group_net_info [err,videostate:4]
10-12 16:28:14.145 12868 12930 D Linphone_JAVA: libphone configBtruncPcmType type is 0
10-12 16:28:14.145 12868 12930 I libjingle: --dxp--[linphone_call_configBtruncPcmType] line:1757 type &d
10-12 16:28:14.146 12868 12930 D org.linphone.core.LinphoneCoreImpl: first para is 3 secord para is 1
10-12 16:28:14.146 12868 12930 I libjingle: --dxp-- [linphone_ptt_call_set][callMode:3,dir:1] 
10-12 16:28:14.146 12868 12930 I libjingle: --dxp-- [linphone_ptt_call_init][1132] , caltta_linphone_version: [[v1.1.2]_[Jul  5 2022]_[09:58:12]_[unknown]]
10-12 16:28:14.146 12868 12930 I libjingle: --dxp-- [linphone_ptt_call_set][from:192.168.42.130] 
10-12 16:28:14.146 12868 12930 I B-TrunC : Notifying all friends that we are in status 5
10-12 16:28:14.146 12868 12930 I libjingle: --dxp-- [linphone_ptt_call_start][video 0][audio 1] 
10-12 16:28:14.146 12868 12930 I B-TrunC : --dxp--create_duplex_rtpsession isvideo:0
10-12 16:28:14.146 12868 12930 I B-TrunC : rtp_session_init ssrc is 1288635926
10-12 16:28:14.146 12868 12930 W B-TrunC : --dxp-- rtp_session_set_recv_payload_type  in session:ce910400 ,payload type -1.
10-12 16:28:14.146 12868 12930 I B-TrunC : --dxp--create_duplex_rtpsession recv size:0
10-12 16:28:14.146 12868 12930 I rtpsession: --dxp--create_and_bind_multicast  --ipv4 
10-12 16:28:14.146 12868 12930 I rtpsession: --dxp--4 ADDR_IS_MULTICAST
10-12 16:28:14.146 12868 12930 I rtpsession: --dxp--4 socket addr:239.1.1.1,port:13526
10-12 16:28:14.147 12868 12930 I rtpsession: --dxp--rtp_session_set_local_addr   
10-12 16:28:14.147 12868 12930 I rtpsession: --dxp--create_and_bind 
10-12 16:28:14.147 12868 12930 I rtpsession: --dxp--create_and_bind 
10-12 16:28:14.148 12868 12930 W System.err: java.lang.ClassNotFoundException: Didn't find class "com.ztegota.system.e2ee.E2EETracker" on path: DexPathList[[zip file "/data/app/com.gbcom.metrosystem-2/base.apk"],nativeLibraryDirectories=[/data/app/com.gbcom.metrosystem-2/lib/arm, /system/fake-libs, /data/app/com.gbcom.metrosystem-2/base.apk!/lib/armeabi-v7a, /system/lib, /vendor/lib]]
10-12 16:28:14.148 12868 12930 W System.err: 	at dalvik.system.BaseDexClassLoader.findClass(BaseDexClassLoader.java:56)
10-12 16:28:14.148 12868 12930 W System.err: 	at java.lang.ClassLoader.loadClass(ClassLoader.java:380)
10-12 16:28:14.149 12868 12930 W System.err: 	at java.lang.ClassLoader.loadClass(ClassLoader.java:312)
10-12 16:28:14.149 12868 12930 W System.err: 	at org.linphone.core.LinphoneCoreImpl.setPttCall(Native Method)
10-12 16:28:14.149 12868 12930 W System.err: 	at org.linphone.core.LinphoneCoreImpl.setPttCall(LinphoneCoreImpl.java:950)
10-12 16:28:14.149 12868 12930 W System.err: 	at com.ztegota.system.lte.call.LTEMedia.doMediaInit(LTEMedia.java:500)
10-12 16:28:14.149 12868 12930 W System.err: 	at com.ztegota.system.lte.call.LTEMedia.access$1(LTEMedia.java:346)
10-12 16:28:14.149 12868 12930 W System.err: 	at com.ztegota.system.lte.call.LTEMedia$WorkerHandler.handleMessage(LTEMedia.java:775)
10-12 16:28:14.149 12868 12930 W System.err: 	at android.os.Handler.dispatchMessage(Handler.java:102)
10-12 16:28:14.149 12868 12930 W System.err: 	at android.os.Looper.loop(Looper.java:154)
10-12 16:28:14.149 12868 12930 W System.err: 	at android.os.HandlerThread.run(HandlerThread.java:61)
10-12 16:28:14.153 12868 12930 E B-TrunC : Could not load Java class [com/ztegota/system/e2ee/E2EETracker]
10-12 16:28:14.153 12868 12930 I B-TrunC : E2EETracker.java no found
10-12 16:28:14.153 12868 12930 I libjingle: --dxp-- [linphone_ptt_call_start_audio][sample:48000] 
10-12 16:28:14.153 12868 12930 I B-TrunC : --dxp-- [audio_stream_start_full][el_type:(null),use_gc:0,use_agc:0,use_ng:0,eq_active:0] 
10-12 16:28:14.153 12868 12930 I rtpsession: --dxp-- rtp_session_set_remote_addr_full , addr:192.168.90.81,port:13022 ,loc_port:40000
10-12 16:28:14.153 12868 12930 W B-TrunC : --dxp-- rtp_session_set_recv_payload_type  in session:ce910400 ,payload type 126.
10-12 16:28:14.153 12868 12930 I B-TrunC : --dxp-- [audio_stream_start_full]ine:280,stream->ms.rtpsend:ce978460 
10-12 16:28:14.154 12868 12930 W System.err: java.lang.ClassNotFoundException: Didn't find class "com.ztegota.system.e2ee.E2EETracker" on path: DexPathList[[zip file "/data/app/com.gbcom.metrosystem-2/base.apk"],nativeLibraryDirectories=[/data/app/com.gbcom.metrosystem-2/lib/arm, /system/fake-libs, /data/app/com.gbcom.metrosystem-2/base.apk!/lib/armeabi-v7a, /system/lib, /vendor/lib]]
10-12 16:28:14.155 12868 12930 W System.err: 	at dalvik.system.BaseDexClassLoader.findClass(BaseDexClassLoader.java:56)
10-12 16:28:14.155 12868 12930 W System.err: 	at java.lang.ClassLoader.loadClass(ClassLoader.java:380)
10-12 16:28:14.155 12868 12930 W System.err: 	at java.lang.ClassLoader.loadClass(ClassLoader.java:312)
10-12 16:28:14.155 12868 12930 W System.err: 	at org.linphone.core.LinphoneCoreImpl.setPttCall(Native Method)
10-12 16:28:14.155 12868 12930 W System.err: 	at org.linphone.core.LinphoneCoreImpl.setPttCall(LinphoneCoreImpl.java:950)
10-12 16:28:14.155 12868 12930 W System.err: 	at com.ztegota.system.lte.call.LTEMedia.doMediaInit(LTEMedia.java:500)
10-12 16:28:14.155 12868 12930 W System.err: 	at com.ztegota.system.lte.call.LTEMedia.access$1(LTEMedia.java:346)
10-12 16:28:14.155   613  1046 D audio_hw_primary: out_set_parameters: enter: usecase(1: low-latency-playback) kvpairs: routing=2
10-12 16:28:14.155 12868 12930 W System.err: 	at com.ztegota.system.lte.call.LTEMedia$WorkerHandler.handleMessage(LTEMedia.java:775)
10-12 16:28:14.155   613  1046 D audio_hw_extn: audio_extn_set_anc_parameters: anc_enabled:0
10-12 16:28:14.155 12868 12930 W System.err: 	at android.os.Handler.dispatchMessage(Handler.java:102)
10-12 16:28:14.155 12868 12930 W System.err: 	at android.os.Looper.loop(Looper.java:154)
10-12 16:28:14.155   613  1046 D audio_hw_spkr_prot: audio_extn_fbsp_set_parameters: Speaker protection disabled
10-12 16:28:14.155 12868 12930 W System.err: 	at android.os.HandlerThread.run(HandlerThread.java:61)
10-12 16:28:14.155 12868 12930 E B-TrunC : Could not load Java class [com/ztegota/system/e2ee/E2EETracker]
10-12 16:28:14.155 12868 12930 I B-TrunC : E2EETracker.java no found
10-12 16:28:14.156 12868 12930 I B-TrunC : --bbb-- use old sound read filter
10-12 16:28:14.156 12868 12930 I libjingle: --dxp-- [linphone_ptt_call_get_callmode]get call_mode. 3
10-12 16:28:14.156 12868 12930 I B-TrunC : set_audio_type  1
10-12 16:28:14.156 12868 12930 I libjingle: --dxp--[linphone_call_get_persist_record] persist_record flag :0 
10-12 16:28:14.156 12868 12930 I B-TrunC : --bbb--msandroid_snd_close_persis_record:749 ce978310
10-12 16:28:14.157 12868 12930 I B-TrunC : Hardware sample rate is 48000
10-12 16:28:14.157 12868 12930 I B-TrunC : --dxp--: encoder  payload 126:AMR.sample_rate:8000
10-12 16:28:14.157 12868 12930 I B-TrunC : --dxp--  linphone_core_get_call_time call_time1:0 call_time2:0
10-12 16:28:14.157 12868 12930 I B-TrunC : --dxp-- sender_call_time calltime_data1:0 calltime_data2:0
10-12 16:28:14.157 12868 12930 I B-TrunC : --dxp--enc_init:364
10-12 16:28:14.157 12868 12930 I B-TrunC : ***285714***  enc_init, ns_switch=1, ns_level=3
10-12 16:28:14.157 12868 12930 I B-TrunC : rtp sender: e2ee = 0
10-12 16:28:14.157 12868 12930 I B-TrunC : rtp receiver: e2ee = 0
10-12 16:28:14.157 12868 12930 I B-TrunC : rtp sender: callmode = 3
10-12 16:28:14.157 12868 12930 I B-TrunC : rtp sender: e2eemode=3
10-12 16:28:14.157 12868 12930 I B-TrunC : rtp receiver: callmode = 3
10-12 16:28:14.157 12868 12930 I B-TrunC : rtp receiver: e2eemode=3
10-12 16:28:14.158 12868 12930 I B-TrunC : EncState configPcmShareType  0
10-12 16:28:14.158 12868 12930 I B-TrunC : --dxp--enc_set_ptime :40
10-12 16:28:14.158 12868 12930 I libjingle:  --dxp-- [linphone_core_get_amr_payload] payload:1
10-12 16:28:14.158 12868 12930 I B-TrunC : --dxp--enc_set_payload :1
10-12 16:28:14.158 12868 12930 I B-TrunC : --dxp--dec_set_payload :1
10-12 16:28:14.158 12868 12930 I B-TrunC : set_read_rate proposed_rate:8000, d->rate:8000
10-12 16:28:14.158 12868 12930 I B-TrunC : speex_lib_ctl init with neon ? 1
10-12 16:28:14.158 12868 12930 I B-TrunC : sound_data configPcmShareType  0
10-12 16:28:14.158 12868 12930 W B-TrunC :  audio_stream_enable 0
10-12 16:28:14.158 12868 12930 I B-TrunC : B-TrunC Call Analyzer: rtp stop send
10-12 16:28:14.158 12868 12930 I B-TrunC : B-TrunC Call Analyzer: AMR stop enc
10-12 16:28:14.158 12868 12930 I libjingle:  --dxp-- [linphone_core_get_amr_Bitrate] bitratae:12200
10-12 16:28:14.158 12868 12930 I B-TrunC : Payload's bitrate is 12200
10-12 16:28:14.158 12868 12930 I B-TrunC : Setting audio encoder network bitrate to 12200
10-12 16:28:14.158 12868 12930 I B-TrunC : --dxp--enc_set_br :12200
10-12 16:28:14.158 12868 12930 E B-TrunC : Filter MSAndSoundWrite does not implement the MS_FILTER_GET_NCHANNELS method
10-12 16:28:14.158 12868 12930 I B-TrunC : configuring MSRtpRecv-->MSAndSoundWrite from rate [8000] to rate [48000] and from channel [1] to channel [1]
10-12 16:28:14.161   613  1049 D audio_hw_primary: out_set_parameters: enter: usecase(12: audio-ull-playback) kvpairs: routing=2
10-12 16:28:14.162 12868 13059 I B-TrunC : Priority used: 99
10-12 16:28:14.162 12868 12930 I B-TrunC : ms_filter_link: MSAndSoundRead:0xce978310,0-->MSVolume:0xce9783b8,0
10-12 16:28:14.162 12868 12930 I B-TrunC : ms_filter_link: MSVolume:0xce9783b8,0-->MSAmrEnc:0xce978428,0
10-12 16:28:14.162 12868 13059 I B-TrunC : Audio MSTicker priority increased to maximum.
10-12 16:28:14.162 12868 12930 I B-TrunC : ms_filter_link: MSAmrEnc:0xce978428,0-->MSRtpSend:0xce978460,0
10-12 16:28:14.162 12868 13059 I B-TrunC : --dxp-- Audio MSTicker thread starting,id:13059
10-12 16:28:14.162 12868 12930 I B-TrunC : ms_filter_link: MSRtpRecv:0xce978498,0-->MSAmrDec:0xce978348,0
10-12 16:28:14.162 12868 12930 I B-TrunC : ms_filter_link: MSAmrDec:0xce978348,0-->MSVolume:0xce978380,0
10-12 16:28:14.162 12868 12930 I B-TrunC : ms_filter_link: MSVolume:0xce978380,0-->MSEqualizer:0xce9781f8,0
10-12 16:28:14.162 12868 12930 I B-TrunC : ms_filter_link: MSEqualizer:0xce9781f8,0-->MSResample:0xce978000,0
10-12 16:28:14.162 12868 12930 I B-TrunC : ms_filter_link: MSResample:0xce978000,0-->MSAndSoundWrite:0xce9783f0,0
10-12 16:28:14.162 12868 12930 I B-TrunC : sound_read_preprocess start
10-12 16:28:14.162 12868 12930 I B-TrunC : sound_read_setup
10-12 16:28:14.162 12868 12930 I B-TrunC : Configuring recorder with [16] bits  rate [8000] nchanels [1] buff size [1280], chunk size [160]
10-12 16:28:14.163 12868 12930 I B-TrunC : constructor Audiorecord for btrunc
10-12 16:28:14.168   613  1053 D audio_hw_primary: out_set_parameters: enter: usecase(0: deep-buffer-playback) kvpairs: routing=2
10-12 16:28:14.170 12868 12868 D CallActivity: checkVideo: false
10-12 16:28:14.170 12868 12868 D CallActivity: checkVideo: no video else
10-12 16:28:14.170 12868 13060 I B-TrunC : Priority used: 99
10-12 16:28:14.170 12868 13060 I B-TrunC : Audio DSTicker priority increased to maximum.
10-12 16:28:14.170 12868 13060 I B-TrunC : --dxp-- Audio DSTicker thread starting,id:13060
10-12 16:28:14.170 12868 12868 D CallActivity: showCurrentCallInfo: callInfo=call num:866027333 call type:3 call de:1 speak num:6023401 speak name:运营领导小组15 ptt ip:nullCreateTime :1665563294108Connect Time Real :16233343Connect Time :1665563294112Disconnect Time :0Duration Time :0 ptt ip:nullCreateTime :1665563294108Connect Time Real :16233343Connect Time :1665563294112Disconnect Time :0Duration Time :0Call TraceStatus:0isConnect  :trueisAutoCall  :falseCall Attr : mEmergency: false mPreemition: false mEncryption: false mEnhance: true mOffhook: false, newState=6
10-12 16:28:14.171 12868 12868 D CallActivity: run: showCurrentCallInfo() - mMetroCallLastConnected=16233401
10-12 16:28:14.174 12868 12925 D LTERILJ : [0041]< RIL_REQUEST_ZTE_SET_CALL_STATE_TO_RILD 
10-12 16:28:14.175 12868 12868 D CallActivity: showCurrentCallInfo: other.........6023401 - ...call num:866027333 call type:3 call de:1 speak num:6023401 speak name:运营领导小组15 ptt ip:nullCreateTime :1665563294108Connect Time Real :16233343Connect Time :1665563294112Disconnect Time :0Duration Time :0 ptt ip:nullCreateTime :1665563294108Connect Time Real :16233343Connect Time :1665563294112Disconnect Time :0Duration Time :0Call TraceStatus:0isConnect  :trueisAutoCall  :falseCall Attr : mEmergency: false mPreemition: false mEncryption: false mEnhance: true mOffhook: false
10-12 16:28:14.177   613  1263 D audio_hw_primary: adev_open_input_stream: enter: sample_rate(8000) channel_mask(0x10) devices(0x80000004)        stream_handle(0xf488d180) io_handle(870) source(1) format 1
10-12 16:28:14.185   613 13062 I AudioFlinger: AudioFlinger's thread 0xf16034c0 ready to run
10-12 16:28:14.185   613 13062 D audio_hw_primary: in_standby: enter: stream (0xf488d180) usecase(16: audio-record)
10-12 16:28:14.191 12868 12868 D CallActivity: startRecord: hhh----type==3
10-12 16:28:14.194   613 13062 D audio_hw_primary: in_standby: enter: stream (0xf488d180) usecase(16: audio-record)
10-12 16:28:14.212 12868 12930 I B-TrunC : sound_read_setup:609, readcb_thread_refer:0
10-12 16:28:14.213 12868 12930 I B-TrunC : ms_ticker_set_time_func: ticker's time method updated.
10-12 16:28:14.213 12868 12930 I B-TrunC : sound_read_preprocess end
10-12 16:28:14.213 12868 12930 I B-TrunC : --dxp--enc_preprocess:451
10-12 16:28:14.213 12868 12930 I B-TrunC : --dxp--[receiver_preprocess] line:878 
10-12 16:28:14.213 12868 12930 I B-TrunC : andsnd_write_preprocess start
10-12 16:28:14.216 12868 13064 I B-TrunC : --dxp--pre getRecordingState ,state;1
10-12 16:28:14.216 12868 13064 I B-TrunC : --dxp-- force close mic;0 
10-12 16:28:14.217   613  1691 I AudioPolicyManagerCustom: setting force DEEP buffer now 
10-12 16:28:14.217   613  1692 I AudioPolicyManagerCustom: setting force DEEP buffer now 
10-12 16:28:14.218   613  3734 I AudioPolicyManagerCustom: setting force DEEP buffer now 
10-12 16:28:14.220   613  1262 I SoundTriggerHwService::Module: void android::SoundTriggerHwService::Module::onCallbackEvent(const sp<android::SoundTriggerHwService::CallbackEvent> &) mClient == 0
10-12 16:28:14.222 12868 12930 I B-TrunC : audioTrack d->buff_size 7688 d->write_chunk_size 1920
10-12 16:28:14.222 12868 12930 I B-TrunC : Configuring player with [16] bits  rate [48000] nchanels [1] buff size [7688] chunk size [1920]
10-12 16:28:14.222 12868 12930 I B-TrunC : audioTrack constructor_id() start
10-12 16:28:14.223   613 13062 D audio_hw_primary: in_set_parameters: enter: kvpairs=input_source=1;routing=-2147483644
10-12 16:28:14.231   613 13062 D audio_hw_primary: start_input_stream: enter: stream(0xf488d180)usecase(16: audio-record)
10-12 16:28:14.233   613 13062 D audio_hw_primary: select_devices for use case (audio-record)
10-12 16:28:14.233   613 13062 D audio_hw_primary: select_devices: out_snd_device(0: ) in_snd_device(46: handset-mic)
10-12 16:28:14.233   613 13062 I msm8916_platform: platform_check_and_set_capture_codec_backend_cfg:txbecf: afe: bitwidth 16, samplerate 8000, backend_idx 0 usecase = 16 device (handset-mic)
10-12 16:28:14.233   613 13062 I msm8916_platform: platform_check_capture_codec_backend_cfg:txbecf: afe: Codec selected backend: 0 current bit width: 16 and sample rate: 8000
10-12 16:28:14.224 13063 13063 I su      : type=1400 audit(0.0:347): avc: denied { setgid } for capability=6 scontext=u:r:system_app:s0 tcontext=u:r:system_app:s0 tclass=capability permissive=1
10-12 16:28:14.224 13063 13063 I su      : type=1400 audit(0.0:348): avc: denied { setuid } for capability=7 scontext=u:r:system_app:s0 tcontext=u:r:system_app:s0 tclass=capability permissive=1
10-12 16:28:14.233   613 13062 W msm8916_platform: platform_check_capture_codec_backend_cfg:txbecf: afe:Use default bw and sr for voice/voip calls
10-12 16:28:14.233   613 13062 I msm8916_platform: platform_check_capture_codec_backend_cfg:txbecf: afe: Codec selected backend: 0 updated bit width: 16 and sample rate: 48000
10-12 16:28:14.233   613 13062 D audio_hw_primary: check_usecases_capture_codec_backend:becf: force routing 0
10-12 16:28:14.233   613 13062 D hardware_info: hw_info_append_hw_type : device_name = handset-mic
10-12 16:28:14.233   613 13062 D msm8916_platform: platform_can_split_snd_device: snd_device(46) num devices(0) new_snd_devices(0)
10-12 16:28:14.233   613 13062 D audio_hw_primary: enable_snd_device: snd_device(46: handset-mic)
10-12 16:28:14.233   613 13062 I soundtrigger: audio_extn_sound_trigger_update_device_status: device 0x2e of type 1 for Event 1, with Raise=1
10-12 16:28:14.233   613 13062 D sound_trigger_platform: platform_stdev_check_and_update_concurrency: concurrency active 0, tx 1, rx 0, concurrency session_allowed 0
10-12 16:28:14.235   613  3732 I AudioPolicyManagerCustom: Direct PCM can be enabled for this request
10-12 16:28:14.237   440  2277 E ANDR-PERF-MPCTL: Invalid profile no. 0, total profiles 0 only
10-12 16:28:14.242 12868 13064 I B-TrunC : --dxp-- startRecording()
10-12 16:28:14.242 12868 13064 I B-TrunC : --dxp-- AudioRecord getState:1
10-12 16:28:14.242 12868 13064 I B-TrunC : --dxp-- getRecordingState,state;3
10-12 16:28:14.247   613 13062 D soundtrigger: audio_extn_sound_trigger_update_stream_status: uc_id 16 of type 1 for Event 3, with Raise=0
10-12 16:28:14.248   613 13062 I audio_hw_utils: audio_extn_utils_send_app_type_cfg CAPTURE app_type = 69938, acdb_dev_id = 4, sample_rate = 48000
10-12 16:28:14.248   613 13062 D msm8916_platform: platform_can_split_snd_device: snd_device(46) num devices(1) new_snd_devices(0)
10-12 16:28:14.249   613 13062 D ACDB-LOADER: ACDB -> send_audio_cal, acdb_id = 4, path = 1, app id = 0x11132, sample rate = 48000
10-12 16:28:14.249   613 13062 D ACDB-LOADER: ACDB -> send_asm_topology
10-12 16:28:14.249   613 13062 D ACDB-LOADER: ACDB -> ACDB_CMD_GET_AUDPROC_STREAM_TOPOLOGY_ID
10-12 16:28:14.249   613 13062 D ACDB-LOADER: ACDB -> send_adm_topology
10-12 16:28:14.249   613 13062 D ACDB-LOADER: ACDB -> ACDB_CMD_GET_AUDPROC_COMMON_TOPOLOGY_ID
10-12 16:28:14.249   613 13062 D ACDB-LOADER: ACDB -> send_audtable
10-12 16:28:14.249   613 13062 D ACDB-LOADER: ACDB -> ACDB_CMD_GET_AUDPROC_COMMON_TABLE_SIZE
10-12 16:28:14.249   613 13062 D ACDB-LOADER: ACDB -> ACDB_CMD_GET_AUDPROC_COMMON_TABLE
10-12 16:28:14.249   613 13062 D ACDB-LOADER: ACDB -> AUDIO_SET_AUDPROC_CAL
10-12 16:28:14.249   613 13062 D ACDB-LOADER: ACDB -> send_audvoltable
10-12 16:28:14.249   613 13062 D ACDB-LOADER: ACDB -> ACDB_CMD_GET_AUDPROC_GAIN_DEP_STEP_TABLE, vol index 0
10-12 16:28:14.249   613 13062 D         : Failed to fetch the lookup information of the device 00000004 
10-12 16:28:14.250   613 13062 E ACDB-LOADER: Error: ACDB AudProc vol returned = -19
10-12 16:28:14.250   613 13062 D ACDB-LOADER: ACDB -> AUDIO_SET_VOL_CAL cal type = 12
10-12 16:28:14.250   613 13062 D ACDB-LOADER: ACDB -> send_audstrmtable
10-12 16:28:14.250   613 13062 D ACDB-LOADER: ACDB -> ACDB_CMD_GET_AUDPROC_STREAM_TABLE_V2
10-12 16:28:14.250   613 13062 D ACDB-LOADER: ACDB -> audstrm_cal->cal_type.cal_data.cal_size = 16
10-12 16:28:14.250   613 13062 D ACDB-LOADER: ACDB -> send_afe_topology
10-12 16:28:14.250   613 13062 D ACDB-LOADER: ACDB -> ACDB_CMD_GET_AFE_TOPOLOGY_ID
10-12 16:28:14.250   613 13062 D ACDB-LOADER: ACDB -> GET_AFE_TOPOLOGY_ID for adcd_id 4, Topology Id 112fb
10-12 16:28:14.250   613 13062 D ACDB-LOADER: ACDB -> send_afe_cal
10-12 16:28:14.250   613 13062 D ACDB-LOADER: ACDB -> ACDB_CMD_GET_AFE_COMMON_TABLE
10-12 16:28:14.250   613 13062 D         : Failed to fetch the lookup information of the device 00000004 
10-12 16:28:14.250   613 13062 E ACDB-LOADER: Error: ACDB AFE returned = -19
10-12 16:28:14.250   613 13062 D ACDB-LOADER: ACDB -> AUDIO_SET_AFE_CAL
10-12 16:28:14.250   613 13062 D ACDB-LOADER: ACDB -> send_hw_delay : acdb_id = 4 path = 1
10-12 16:28:14.250   613 13062 D ACDB-LOADER: ACDB -> ACDB_AVSYNC_INFO: ACDB_CMD_GET_DEVICE_PROPERTY
10-12 16:28:14.250   613 13062 D audio_hw_primary: enable_audio_route: apply mixer and update path: audio-record
10-12 16:28:14.254   613 13062 D audio_hw_primary: select_devices: done
10-12 16:28:14.272 12868 12925 D LTERILJ : [UNSL]< RIL_UNSOL_NOTIFY_PTT_FLOOR_INFO
10-12 16:28:14.272 12868 12925 D LTERILJ : floorinfo is not same, update it[callId]1594622210[floorState]0[speakerNum]6023401[speakerShortNum]3401[groupNum]866027333[groupShortNum]7333[speakerVideoIpType]0[speakerVideoIp][speakerVideoIpPort]0
10-12 16:28:14.273 12868 12922 D         : handleMessage  event = LTE_RESP_CALL_FLOORINFO
10-12 16:28:14.273 12868 12922 D         : floorinfo is same, do nothing
10-12 16:28:14.279 12868 12924 D LTERILJ : ConnectionPollHandler get message 1
10-12 16:28:14.294 13068 13068 I sh      : type=1400 audit(0.0:349): avc: denied { getattr } for path="/system/xbin/su" dev="mmcblk0p24" ino=6898 scontext=u:r:system_app:s0 tcontext=u:object_r:su_exec:s0 tclass=file permissive=1
10-12 16:28:14.294 13068 13068 I sh      : type=1400 audit(0.0:350): avc: denied { execute } for name="su" dev="mmcblk0p24" ino=6898 scontext=u:r:system_app:s0 tcontext=u:object_r:su_exec:s0 tclass=file permissive=1
10-12 16:28:14.294 13068 13068 I sh      : type=1400 audit(0.0:351): avc: denied { read open } for path="/system/xbin/su" dev="mmcblk0p24" ino=6898 scontext=u:r:system_app:s0 tcontext=u:object_r:su_exec:s0 tclass=file permissive=1
10-12 16:28:14.294 13068 13068 I sh      : type=1400 audit(0.0:352): avc: denied { execute_no_trans } for path="/system/xbin/su" dev="mmcblk0p24" ino=6898 scontext=u:r:system_app:s0 tcontext=u:object_r:su_exec:s0 tclass=file permissive=1
10-12 16:28:14.328   613 13062 D audio_hw_primary: start_input_stream: exit
10-12 16:28:14.328   613  3732 D audio_hw_spkr_prot: audio_extn_fbsp_get_parameters: Speaker protection disabled
10-12 16:28:14.328   613  3732 D audio_hw_extn: audio_extn_get_parameters: returns 
10-12 16:28:14.328   613  3732 I hash_map_utils: key: 'audio_mode' value: ''
10-12 16:28:14.328   613  3732 D audio_hw_spkr_prot: audio_extn_fbsp_get_parameters: Speaker protection disabled
10-12 16:28:14.328   613  3732 D audio_hw_extn: audio_extn_get_parameters: returns 
10-12 16:28:14.328   613  3732 I hash_map_utils: key: 'voip_out_stream_count' value: ''
10-12 16:28:14.328   613  3732 D audio_hw_spkr_prot: audio_extn_fbsp_get_parameters: Speaker protection disabled
10-12 16:28:14.328   613  3732 D audio_hw_extn: audio_extn_get_parameters: returns 
10-12 16:28:14.328   613  3732 I hash_map_utils: key: 'voip_sample_rate' value: ''
10-12 16:28:14.329   613  3732 D AudioPolicyManagerCustom: Set VoIP and Direct output flags for PCM format
10-12 16:28:14.330   613  1691 D compress_voip: voice_extn_compress_voip_out_get_parameters: enter
10-12 16:28:14.343 12868 13064 I B-TrunC : B-TrunC Call Analyzer audio : Get first audio form android
10-12 16:28:14.345  2820  2820 D AudioProfileTile: onReceive-intent=Intent { act=android.media.VOLUME_CHANGED_ACTION flg=0x14000010 (has extras) }
10-12 16:28:14.347 12868 12930 D AudioTrack: Client defaulted notificationFrames to 1922 for frameCount 3844
10-12 16:28:14.352 12868 12930 I B-TrunC : audioTrack constructor_id() end
10-12 16:28:14.352 12868 12930 I B-TrunC : audioTrack play() start
10-12 16:28:14.354 12868 13058 D com.ztegota.system.lte.call.LTEMedia: B-TrunC Call Analyzer: 切换音频模式 end
10-12 16:28:14.354 12868 12930 I B-TrunC : audioTrack play end
10-12 16:28:14.354 12868 12930 I B-TrunC : andsnd_write_preprocess end
10-12 16:28:14.354 12868 12930 I B-TrunC : configNS_Level,  ns_level=3, ns_init=0
10-12 16:28:14.354 12868 12930 I B-TrunC : configNS_Switch,  ns_switch=0, d->ns_init
10-12 16:28:14.355 12868 12930 I libjingle: --gota--linphone_call_set_rtp_SendEnable isSendEnable=0
10-12 16:28:14.355 12868 12930 I libjingle: --gota--linphone_core_set_rtp_SendEnable--videoSendEnable = 0
10-12 16:28:14.355 12868 12930 W B-TrunC :  linphone_call_set_Video_SendEnable videostream is no run
10-12 16:28:14.355 12868 12930 W B-TrunC :  audio_stream_enable 0
10-12 16:28:14.355 12868 12930 I B-TrunC : B-TrunC Call Analyzer: rtp stop send
10-12 16:28:14.355 12868 12930 I B-TrunC : B-TrunC Call Analyzer: AMR stop enc
10-12 16:28:14.355 12868 12930 I libjingle: --gota-linphone--linphone_core_set_rtp_RecvEnable 1
10-12 16:28:14.355 12868 12930 W B-TrunC :  linphone_core_set_rtp_RecvEnable videostream is no run
10-12 16:28:14.355 12868 12930 W B-TrunC :  audio_stream_enable_rtprecv 1
10-12 16:28:14.355 12868 12930 I B-TrunC : B-TrunC Call Analyzer: rtp start receiver
10-12 16:28:14.355 12868 12930 I libjingle: --dxp-- [linphone_ptt_call_set] finish. 
10-12 16:28:14.355 12868 12930 D Linphone_JAVA: libphone setRtpEnable:3
10-12 16:28:14.355 12868 12930 I libjingle: --gota--linphone_call_set_rtp_SendEnable isSendEnable=0
10-12 16:28:14.355 12868 13070 I B-TrunC : msandroid_write_cb start
10-12 16:28:14.355 12868 12930 I libjingle: --gota--linphone_core_set_rtp_SendEnable--videoSendEnable = 0
10-12 16:28:14.355 12868 12930 W B-TrunC :  linphone_call_set_Video_SendEnable videostream is no run
10-12 16:28:14.355 12868 12930 W B-TrunC :  audio_stream_enable 0
10-12 16:28:14.355 12868 12930 I B-TrunC : B-TrunC Call Analyzer: rtp stop send
10-12 16:28:14.355 12868 13058 D com.ztegota.system.lte.call.LTEMedia: media audiomode = 3
10-12 16:28:14.355 12868 12930 I B-TrunC : B-TrunC Call Analyzer: AMR stop enc
10-12 16:28:14.355 12868 12930 I libjingle: --gota-linphone--linphone_core_set_rtp_RecvEnable 1
10-12 16:28:14.355 12868 12930 W B-TrunC :  linphone_core_set_rtp_RecvEnable videostream is no run
10-12 16:28:14.356 12868 12930 W B-TrunC :  audio_stream_enable_rtprecv 1
10-12 16:28:14.356 12868 12930 I B-TrunC : B-TrunC Call Analyzer: rtp start receiver
10-12 16:28:14.356 12868 12930 D com.ztegota.system.lte.call.LTEMedia: --dxp-- config video degree 
10-12 16:28:14.356 12868 12930 D com.ztegota.system.lte.call.LTEMedia: CurrentVideoDevice is 0
10-12 16:28:14.356 12868 12930 D com.ztegota.system.lte.call.LTEMedia: --dxp-- configVideoOrientation orientation 0
10-12 16:28:14.356   613  1046 D audio_hw_primary: start_output_stream: enter: stream(0xf53b7800)usecase(1: low-latency-playback) devices(0x2)
10-12 16:28:14.356 12868 12930 D biebinbin: setVideoOrientation orientation is  0
10-12 16:28:14.356 12868 12930 I libjingle:  --dxp-- [linphone_core_get_use_uvc] :0
10-12 16:28:14.356 12868 12930 I libjingle: --dxp-- liphone_call_set_orientation orientation:0
10-12 16:28:14.356 12868 12930 D com.ztegota.system.lte.call.LTEMedia: init setRtpEnable  end
10-12 16:28:14.356 12868 12930 D com.ztegota.system.lte.call.LTEMedia: LTEMedia WorkHandler handleMessage event=302 end!!
10-12 16:28:14.357   440  2277 E ANDR-PERF-MPCTL: Invalid profile no. 0, total profiles 0 only
10-12 16:28:14.357  1436  2391 I MediaFocusControl:  AudioFocus  requestAudioFocus() from uid/pid 1000/12868 clientId=android.media.AudioManager@daee0e0com.ztegota.system.lte.call.LTEMedia$2@93a2f99 req=2 flags=0x0
10-12 16:28:14.357   613  1046 D audio_hw_primary: select_devices for use case (low-latency-playback)
10-12 16:28:14.357   613  1046 D audio_hw_primary: select_devices for use case (audio-record)
10-12 16:28:14.357   613  1046 D audio_hw_primary: select_devices: out_snd_device(0: ) in_snd_device(55: speaker-mic)
10-12 16:28:14.357   613  1046 D audio_hw_primary: disable_audio_route: reset and update mixer path: audio-record
--------- beginning of system
10-12 16:28:14.368  2820  2820 W ContextImpl: Calling a method in the system process without a qualified user: android.app.ContextImpl.sendBroadcast:877 android.content.ContextWrapper.sendBroadcast:421 com.qualcomm.qti.qs.tiles.AudioProfileTile.handleUpdateState:82 com.qualcomm.qti.qs.tiles.AudioProfileTile$1.onReceive:30 android.app.LoadedApk$ReceiverDispatcher$Args.run:1122 
10-12 16:28:14.370  1436  1981 E ActivityManager: Sending non-protected broadcast com.qualcomm.qti.qs.tiles.audioprofiletile from system 2820:com.qualcomm.qti.qs/1000 pkg com.qualcomm.qti.qs
10-12 16:28:14.370  1436  1981 E ActivityManager: java.lang.Throwable
10-12 16:28:14.370  1436  1981 E ActivityManager: 	at com.android.server.am.ActivityManagerService.checkBroadcastFromSystem(ActivityManagerService.java:18272)
10-12 16:28:14.370  1436  1981 E ActivityManager: 	at com.android.server.am.ActivityManagerService.broadcastIntentLocked(ActivityManagerService.java:18844)
10-12 16:28:14.370  1436  1981 E ActivityManager: 	at com.android.server.am.ActivityManagerService.broadcastIntent(ActivityManagerService.java:18935)
10-12 16:28:14.370  1436  1981 E ActivityManager: 	at android.app.ActivityManagerNative.onTransact(ActivityManagerNative.java:499)
10-12 16:28:14.370  1436  1981 E ActivityManager: 	at com.android.server.am.ActivityManagerService.onTransact(ActivityManagerService.java:2869)
10-12 16:28:14.370  1436  1981 E ActivityManager: 	at android.os.Binder.execTransact(Binder.java:565)
10-12 16:28:14.393  1436  1536 W ProcessCpuTracker: Skipping unknown process pid 13068
10-12 16:28:14.394  1436  1536 W ProcessCpuTracker: Skipping unknown process pid 13069
10-12 16:28:14.397  2820  2820 D AudioProfileTile: onReceive-intent=Intent { act=android.media.VOLUME_CHANGED_ACTION flg=0x14000010 (has extras) }
10-12 16:28:14.401  2820  2820 W ContextImpl: Calling a method in the system process without a qualified user: android.app.ContextImpl.sendBroadcast:877 android.content.ContextWrapper.sendBroadcast:421 com.qualcomm.qti.qs.tiles.AudioProfileTile.handleUpdateState:82 com.qualcomm.qti.qs.tiles.AudioProfileTile$1.onReceive:30 android.app.LoadedApk$ReceiverDispatcher$Args.run:1122 
10-12 16:28:14.403  1436  2413 E ActivityManager: Sending non-protected broadcast com.qualcomm.qti.qs.tiles.audioprofiletile from system 2820:com.qualcomm.qti.qs/1000 pkg com.qualcomm.qti.qs
10-12 16:28:14.403  1436  2413 E ActivityManager: java.lang.Throwable
10-12 16:28:14.403  1436  2413 E ActivityManager: 	at com.android.server.am.ActivityManagerService.checkBroadcastFromSystem(ActivityManagerService.java:18272)
10-12 16:28:14.403  1436  2413 E ActivityManager: 	at com.android.server.am.ActivityManagerService.broadcastIntentLocked(ActivityManagerService.java:18844)
10-12 16:28:14.403  1436  2413 E ActivityManager: 	at com.android.server.am.ActivityManagerService.broadcastIntent(ActivityManagerService.java:18935)
10-12 16:28:14.403  1436  2413 E ActivityManager: 	at android.app.ActivityManagerNative.onTransact(ActivityManagerNative.java:499)
10-12 16:28:14.403  1436  2413 E ActivityManager: 	at com.android.server.am.ActivityManagerService.onTransact(ActivityManagerService.java:2869)
10-12 16:28:14.403  1436  2413 E ActivityManager: 	at android.os.Binder.execTransact(Binder.java:565)
10-12 16:28:14.420   613  1046 D soundtrigger: audio_extn_sound_trigger_update_stream_status: uc_id 16 of type 1 for Event 2, with Raise=0
10-12 16:28:14.420   613  1046 D hardware_info: hw_info_append_hw_type : device_name = handset-mic
10-12 16:28:14.420   613  1046 D audio_hw_primary: disable_snd_device: snd_device(46: handset-mic)
10-12 16:28:14.420   613  1046 D msm8916_platform: platform_can_split_snd_device: snd_device(46) num devices(0) new_snd_devices(0)
10-12 16:28:14.431   613  1046 I soundtrigger: audio_extn_sound_trigger_update_device_status: device 0x2e of type 1 for Event 0, with Raise=1
10-12 16:28:14.431   613  1046 D sound_trigger_platform: platform_stdev_check_and_update_concurrency: concurrency active 0, tx 0, rx 0, concurrency session_allowed 1
10-12 16:28:14.431   613  1046 I msm8916_platform: platform_check_and_set_capture_codec_backend_cfg:txbecf: afe: bitwidth 16, samplerate 8000, backend_idx 0 usecase = 16 device (speaker-mic)
10-12 16:28:14.431   613  1046 I msm8916_platform: platform_check_capture_codec_backend_cfg:txbecf: afe: Codec selected backend: 0 current bit width: 16 and sample rate: 8000
10-12 16:28:14.431   613  1046 W msm8916_platform: platform_check_capture_codec_backend_cfg:txbecf: afe:Use default bw and sr for voice/voip calls
10-12 16:28:14.431   613  1046 I msm8916_platform: platform_check_capture_codec_backend_cfg:txbecf: afe: Codec selected backend: 0 updated bit width: 16 and sample rate: 48000
10-12 16:28:14.431   613  1046 D audio_hw_primary: check_usecases_capture_codec_backend:becf: force routing 0
10-12 16:28:14.431   613  1046 D hardware_info: hw_info_append_hw_type : device_name = speaker-mic
10-12 16:28:14.431   613  1046 D msm8916_platform: platform_can_split_snd_device: snd_device(55) num devices(0) new_snd_devices(0)
10-12 16:28:14.431   613  1046 D audio_hw_primary: enable_snd_device: snd_device(55: speaker-mic)
10-12 16:28:14.431   613  1046 I soundtrigger: audio_extn_sound_trigger_update_device_status: device 0x37 of type 1 for Event 1, with Raise=1
10-12 16:28:14.431   613  1046 D sound_trigger_platform: platform_stdev_check_and_update_concurrency: concurrency active 0, tx 1, rx 0, concurrency session_allowed 0
10-12 16:28:14.432 12868 12925 D LTERILJ : [UNSL]< RIL_UNSOL_NOTIFY_PTT_FLOOR_INFO
10-12 16:28:14.432 12868 12925 D LTERILJ : floorinfo is not same, update it[callId]1594622210[floorState]0[speakerNum]6023401[speakerShortNum]3401[groupNum]866027333[groupShortNum]7333[speakerVideoIpType]0[speakerVideoIp][speakerVideoIpPort]0
10-12 16:28:14.433 12868 12922 D         : handleMessage  event = LTE_RESP_CALL_FLOORINFO
10-12 16:28:14.433 12868 12922 D         : floorinfo is same, do nothing
10-12 16:28:14.434 13072 13072 I chmod   : type=1400 audit(0.0:353): avc: denied { fowner } for capability=3 scontext=u:r:system_app:s0 tcontext=u:r:system_app:s0 tclass=capability permissive=1
10-12 16:28:14.442   613  1046 D soundtrigger: audio_extn_sound_trigger_update_stream_status: uc_id 16 of type 1 for Event 3, with Raise=0
10-12 16:28:14.443   613  1046 I audio_hw_utils: audio_extn_utils_send_app_type_cfg CAPTURE app_type = 69938, acdb_dev_id = 11, sample_rate = 48000
10-12 16:28:14.443   613  1046 D msm8916_platform: platform_can_split_snd_device: snd_device(55) num devices(1) new_snd_devices(46)
10-12 16:28:14.443   613  1046 D ACDB-LOADER: ACDB -> send_audio_cal, acdb_id = 11, path = 1, app id = 0x11132, sample rate = 48000
10-12 16:28:14.443   613  1046 D ACDB-LOADER: ACDB -> send_asm_topology
10-12 16:28:14.443   613  1046 D ACDB-LOADER: ACDB -> ACDB_CMD_GET_AUDPROC_STREAM_TOPOLOGY_ID
10-12 16:28:14.443   613  1046 D ACDB-LOADER: ACDB -> send_adm_topology
10-12 16:28:14.443   613  1046 D ACDB-LOADER: ACDB -> ACDB_CMD_GET_AUDPROC_COMMON_TOPOLOGY_ID
10-12 16:28:14.444   613  1046 D ACDB-LOADER: ACDB -> send_audtable
10-12 16:28:14.444   613  1046 D ACDB-LOADER: ACDB -> ACDB_CMD_GET_AUDPROC_COMMON_TABLE_SIZE
10-12 16:28:14.444   613  1046 D ACDB-LOADER: ACDB -> ACDB_CMD_GET_AUDPROC_COMMON_TABLE
10-12 16:28:14.444   613  1046 D ACDB-LOADER: ACDB -> AUDIO_SET_AUDPROC_CAL
10-12 16:28:14.444   613  1046 D ACDB-LOADER: ACDB -> send_audvoltable
10-12 16:28:14.444   613  1046 D ACDB-LOADER: ACDB -> ACDB_CMD_GET_AUDPROC_GAIN_DEP_STEP_TABLE, vol index 0
10-12 16:28:14.444   613  1046 D         : Failed to fetch the lookup information of the device 0000000B 
10-12 16:28:14.444   613  1046 E ACDB-LOADER: Error: ACDB AudProc vol returned = -19
10-12 16:28:14.444   613  1046 D ACDB-LOADER: ACDB -> AUDIO_SET_VOL_CAL cal type = 12
10-12 16:28:14.444   613  1046 D ACDB-LOADER: ACDB -> send_audstrmtable
10-12 16:28:14.444   613  1046 D ACDB-LOADER: ACDB -> ACDB_CMD_GET_AUDPROC_STREAM_TABLE_V2
10-12 16:28:14.444   613  1046 D ACDB-LOADER: ACDB -> audstrm_cal->cal_type.cal_data.cal_size = 16
10-12 16:28:14.444   613  1046 D ACDB-LOADER: ACDB -> send_afe_topology
10-12 16:28:14.444   613  1046 D ACDB-LOADER: ACDB -> ACDB_CMD_GET_AFE_TOPOLOGY_ID
10-12 16:28:14.444   613  1046 D ACDB-LOADER: ACDB -> GET_AFE_TOPOLOGY_ID for adcd_id 11, Topology Id 112fb
10-12 16:28:14.444   613  1046 D ACDB-LOADER: ACDB -> send_afe_cal
10-12 16:28:14.444   613  1046 D ACDB-LOADER: ACDB -> ACDB_CMD_GET_AFE_COMMON_TABLE
10-12 16:28:14.444   613  1046 D         : Failed to fetch the lookup information of the device 0000000B 
10-12 16:28:14.444   613  1046 E ACDB-LOADER: Error: ACDB AFE returned = -19
