10-12 12:48:01.769  5141  5164 D LogWriteUtil.class=LogFileHandlerThread.class: 1getFilePath: logFormat=2022-10-12, LogWriteUtil.logPathDir=/custom/metro/log
10-12 12:48:01.769  5141  5164 D LogWriteUtil.class=LogFileHandlerThread.class: 2getFilePath: filePath=/custom/metro/log/2022-10-12
10-12 12:48:01.769  5141  5164 D LogWriteUtil.class=LogFileHandlerThread.class: 1getCurrentFileName: LogWriteUtil.logfile=app.log
10-12 12:48:01.770  5141  5164 D LogWriteUtil.class=LogFileHandlerThread.class: 1getFilePath: logFormat=2022-10-12, LogWriteUtil.logPathDir=/custom/metro/log
10-12 12:48:01.770  5141  5164 D LogWriteUtil.class=LogFileHandlerThread.class: 2getFilePath: filePath=/custom/metro/log/2022-10-12
10-12 12:48:01.770  5141  5164 D LogWriteUtil.class=LogFileHandlerThread.class: getFileNameSuffix: file=/custom/metro/log/2022-10-12
10-12 12:48:01.771  5141  5164 D LogWriteUtil.class=LogFileHandlerThread.class: 2getCurrentFileName: index=3, LogWriteUtil.logfile=app.log, getFileNameSuffix=21
10-12 12:48:01.772  5141  5164 D LogWriteUtil.class=LogFileHandlerThread.class: 1getFilePath: logFormat=2022-10-12, LogWriteUtil.logPathDir=/custom/metro/log
10-12 12:48:01.772  5141  5164 D LogWriteUtil.class=LogFileHandlerThread.class: 2getFilePath: filePath=/custom/metro/log/2022-10-12
10-12 12:48:01.772  5141  5164 D LogWriteUtil.class=LogFileHandlerThread.class: getFileNameSuffix: file=/custom/metro/log/2022-10-12
10-12 12:48:01.772  5141  5164 D LogWriteUtil.class=LogFileHandlerThread.class: 3getCurrentFileName: logFileName=app21.log
10-12 12:48:01.773  5141  5164 D LogWriteUtil.class=LogFileHandlerThread.class: 1getCurrentFileName: LogWriteUtil.logfile=app.log
10-12 12:48:01.773  5141  5164 D LogWriteUtil.class=LogFileHandlerThread.class: 1getFilePath: logFormat=2022-10-12, LogWriteUtil.logPathDir=/custom/metro/log
10-12 12:48:01.774  5141  5164 D LogWriteUtil.class=LogFileHandlerThread.class: 2getFilePath: filePath=/custom/metro/log/2022-10-12
10-12 12:48:01.774  5141  5164 D LogWriteUtil.class=LogFileHandlerThread.class: getFileNameSuffix: file=/custom/metro/log/2022-10-12
10-12 12:48:01.774  5141  5164 D LogWriteUtil.class=LogFileHandlerThread.class: 2getCurrentFileName: index=3, LogWriteUtil.logfile=app.log, getFileNameSuffix=21
10-12 12:48:01.775  5141  5164 D LogWriteUtil.class=LogFileHandlerThread.class: 1getFilePath: logFormat=2022-10-12, LogWriteUtil.logPathDir=/custom/metro/log
10-12 12:48:01.775  5141  5164 D LogWriteUtil.class=LogFileHandlerThread.class: 2getFilePath: filePath=/custom/metro/log/2022-10-12
10-12 12:48:01.775  5141  5164 D LogWriteUtil.class=LogFileHandlerThread.class: getFileNameSuffix: file=/custom/metro/log/2022-10-12
10-12 12:48:01.776  5141  5233 D DisApiSingletonReceive: parseStationAtsData: atsInfo=com.gbcom.library_base.data.StationAtsApiData@76f12fe
10-12 12:48:01.776  5141  5164 D LogWriteUtil.class=LogFileHandlerThread.class: 3getCurrentFileName: logFileName=app21.log
10-12 12:48:01.776  5141  5164 D TAG     : 2,initFile: /custom/metro/log/2022-10-12/app21.log, logFile.length=0, getCurrentFileName()=app21.log, writeFileName=/custom/metro/log/2022-10-12/app201665550049041.log
10-12 12:48:01.776  5141  5233 D BtrunCConfig: isR2Nubmer is true
10-12 12:48:01.776  5141  5164 D LogWriteUtil.class=LogFileHandlerThread.class: 8,initFile: logFile=/custom/metro/log/2022-10-12/app21.log, logFile.length=0
10-12 12:48:01.776  5141  5233 D com.ztegota.system.GotaSystem: getMdn +866022013
10-12 12:48:01.776  5141  5233 D TAG     : getUserId: userId2=+866022013
10-12 12:48:01.776  5141  5233 D BtrunCConfig: isR2Nubmer is true
10-12 12:48:01.777  5141  5233 D com.ztegota.system.GotaSystem: getMdn +866022013
10-12 12:48:01.777  5141  5233 D TAG     : getUserId: userId2=+866022013
10-12 12:48:01.777  5141  5233 D BtrunCConfig: isR2Nubmer is true
10-12 12:48:01.777  5141  5233 D com.ztegota.system.GotaSystem: getMdn +866022013
10-12 12:48:01.777  5141  5233 D TAG     : getUserId: userId2=+866022013
10-12 12:48:01.777  5141  5233 D BtrunCConfig: isR2Nubmer is true
10-12 12:48:01.778  5141  5233 D com.ztegota.system.GotaSystem: getMdn +866022013
10-12 12:48:01.778  5141  5233 D TAG     : getUserId: userId2=+866022013
10-12 12:48:01.804  5141  5141 D IndexFragment: initView: applyFxData() - ats=[StationAts(createTime=1665550081, trainGroupNumber=211, serviceNumber=000, trainCrewNumber=000, trainPosition=1, trainRunningPosition=1, railName=T1306, stationID=013, terminalStationID=000, destinationID=000, identityID=+866022013), StationAts(createTime=1665550081, trainGroupNumber=202, serviceNumber=000, trainCrewNumber=000, trainPosition=1, trainRunningPosition=2, railName=T1303, stationID=013, terminalStationID=000, destinationID=000, identityID=+866022013), StationAts(createTime=1665550081, trainGroupNumber=299, serviceNumber=801, trainCrewNumber=000, trainPosition=1, trainRunningPosition=2, railName=T1301, stationID=013, terminalStationID=000, destinationID=000, identityID=+866022013), StationAts(createTime=1665550081, trainGroupNumber=201, serviceNumber=000, trainCrewNumber=000, trainPosition=1, trainRunningPosition=1, railName=T1304, stationID=013, terminalStationID=000, destinationID=000, identityID=+866022013)]
10-12 12:48:01.872  5141  5233 D MainViewModel: getSystemTime_currentThreadID2: 216
10-12 12:48:01.876  5141  5233 D TAG     : getSystemTime_currentThreadID3s: 216, isActive=true
10-12 12:48:01.976  5141  5199 I rilj    : EMCI Detial(CellId--->Tav): 5889,255,2,"46009",255,65535,59,65535,255,255,58,27,16,255,1202590897205,0,0,0,0,0,0,0,0
10-12 12:48:01.976  5141  5199 D LTERILJ : [UNSL]< RIL_UNSOL_NOTIFY_EMCI_DETAIL
10-12 12:48:01.978  5141  5196 D LTEPhone: EVENT_FOR_EMCI_DETAIL
10-12 12:48:01.978  5141  5196 D LTEServiceTracker: setCellId cellId:5889,"46009"
10-12 12:48:01.981  5141  5141 I APP_LogUtils.kt: [(LogUtils.kt:50).i()] [com.gbcom.library_base.service.LLteService] lte_resp_sys_for_emci_detail - EmciDetail=com.ztegota.system.common.EmciDetail@c378d7b
10-12 12:48:01.984  5141  5164 D LogWriteUtil.class=LogFileHandlerThread.class: 1getFilePath: logFormat=2022-10-12, LogWriteUtil.logPathDir=/custom/metro/log
10-12 12:48:01.984  5141  5164 D LogWriteUtil.class=LogFileHandlerThread.class: 2getFilePath: filePath=/custom/metro/log/2022-10-12
10-12 12:48:01.985  5141  5164 D LogWriteUtil.class=LogFileHandlerThread.class: 1getCurrentFileName: LogWriteUtil.logfile=app.log
10-12 12:48:01.987  5141  5164 D LogWriteUtil.class=LogFileHandlerThread.class: 1getFilePath: logFormat=2022-10-12, LogWriteUtil.logPathDir=/custom/metro/log
10-12 12:48:01.988  5141  5164 D LogWriteUtil.class=LogFileHandlerThread.class: 2getFilePath: filePath=/custom/metro/log/2022-10-12
10-12 12:48:01.988  5141  5164 D LogWriteUtil.class=LogFileHandlerThread.class: getFileNameSuffix: file=/custom/metro/log/2022-10-12
10-12 12:48:01.989  5141  5164 D LogWriteUtil.class=LogFileHandlerThread.class: 2getCurrentFileName: index=3, LogWriteUtil.logfile=app.log, getFileNameSuffix=21
10-12 12:48:01.990  5141  5164 D LogWriteUtil.class=LogFileHandlerThread.class: 1getFilePath: logFormat=2022-10-12, LogWriteUtil.logPathDir=/custom/metro/log
10-12 12:48:01.991  5141  5164 D LogWriteUtil.class=LogFileHandlerThread.class: 2getFilePath: filePath=/custom/metro/log/2022-10-12
10-12 12:48:01.991  5141  5164 D LogWriteUtil.class=LogFileHandlerThread.class: getFileNameSuffix: file=/custom/metro/log/2022-10-12
10-12 12:48:01.992  5141  5164 D LogWriteUtil.class=LogFileHandlerThread.class: 3getCurrentFileName: logFileName=app21.log
10-12 12:48:01.992  5141  5164 D LogWriteUtil.class=LogFileHandlerThread.class: 1,initFile: getFilePath()=/custom/metro/log/2022-10-12, getCurrentFileName=app21.log
10-12 12:48:01.993  5141  5164 D LogWriteUtil.class=LogFileHandlerThread.class: 1getFilePath: logFormat=2022-10-12, LogWriteUtil.logPathDir=/custom/metro/log
10-12 12:48:01.993  5141  5164 D LogWriteUtil.class=LogFileHandlerThread.class: 2getFilePath: filePath=/custom/metro/log/2022-10-12
10-12 12:48:01.994  5141  5164 D LogWriteUtil.class=LogFileHandlerThread.class: 1getCurrentFileName: LogWriteUtil.logfile=app.log
10-12 12:48:01.995  5141  5164 D LogWriteUtil.class=LogFileHandlerThread.class: 1getFilePath: logFormat=2022-10-12, LogWriteUtil.logPathDir=/custom/metro/log
10-12 12:48:01.995  5141  5164 D LogWriteUtil.class=LogFileHandlerThread.class: 2getFilePath: filePath=/custom/metro/log/2022-10-12
10-12 12:48:01.995  5141  5164 D LogWriteUtil.class=LogFileHandlerThread.class: getFileNameSuffix: file=/custom/metro/log/2022-10-12
10-12 12:48:01.996  5141  5164 D LogWriteUtil.class=LogFileHandlerThread.class: 2getCurrentFileName: index=3, LogWriteUtil.logfile=app.log, getFileNameSuffix=21
10-12 12:48:01.998  5141  5164 D LogWriteUtil.class=LogFileHandlerThread.class: 1getFilePath: logFormat=2022-10-12, LogWriteUtil.logPathDir=/custom/metro/log
10-12 12:48:01.998  5141  5164 D LogWriteUtil.class=LogFileHandlerThread.class: 2getFilePath: filePath=/custom/metro/log/2022-10-12
10-12 12:48:01.998  5141  5164 D LogWriteUtil.class=LogFileHandlerThread.class: getFileNameSuffix: file=/custom/metro/log/2022-10-12
10-12 12:48:01.999  5141  5164 D LogWriteUtil.class=LogFileHandlerThread.class: 3getCurrentFileName: logFileName=app21.log
10-12 12:48:01.999  5141  5238 D UdpDcRepository: api send - Thread ID=221, obj={"MsgName":"AppHeartbeat","MsgSeqID":14,"AppID":"172.2.200.13","MsgInfo":{"SDKLongNumber":"+866022013"}}
10-12 12:48:01.999  5141  5164 D LogWriteUtil.class=LogFileHandlerThread.class: 1getCurrentFileName: LogWriteUtil.logfile=app.log
10-12 12:48:02.000  5141  5164 D LogWriteUtil.class=LogFileHandlerThread.class: 1getFilePath: logFormat=2022-10-12, LogWriteUtil.logPathDir=/custom/metro/log
10-12 12:48:02.001  5141  5164 D LogWriteUtil.class=LogFileHandlerThread.class: 2getFilePath: filePath=/custom/metro/log/2022-10-12
10-12 12:48:02.001  5141  5164 D LogWriteUtil.class=LogFileHandlerThread.class: getFileNameSuffix: file=/custom/metro/log/2022-10-12
10-12 12:48:02.002  5141  5164 D LogWriteUtil.class=LogFileHandlerThread.class: 2getCurrentFileName: index=3, LogWriteUtil.logfile=app.log, getFileNameSuffix=21
10-12 12:48:02.003  5141  5164 D LogWriteUtil.class=LogFileHandlerThread.class: 1getFilePath: logFormat=2022-10-12, LogWriteUtil.logPathDir=/custom/metro/log
10-12 12:48:02.003  5141  5164 D LogWriteUtil.class=LogFileHandlerThread.class: 2getFilePath: filePath=/custom/metro/log/2022-10-12
10-12 12:48:02.003  5141  5164 D LogWriteUtil.class=LogFileHandlerThread.class: getFileNameSuffix: file=/custom/metro/log/2022-10-12
10-12 12:48:02.003  5141  5238 I APP_LogUtils.kt: [(LogUtils.kt:50).i()] [UdpDisServices] start: send(String) - thread ID=221, send msg={"MsgName":"AppHeartbeat","MsgSeqID":14,"AppID":"172.2.200.13","MsgInfo":{"SDKLongNumber":"+866022013"}}
10-12 12:48:02.004  5141  5164 D LogWriteUtil.class=LogFileHandlerThread.class: 3getCurrentFileName: logFileName=app21.log
10-12 12:48:02.004  5141  5164 D TAG     : 2,initFile: /custom/metro/log/2022-10-12/app21.log, logFile.length=0, getCurrentFileName()=app21.log, writeFileName=/custom/metro/log/2022-10-12/app201665550049041.log
10-12 12:48:02.005  5141  5164 D LogWriteUtil.class=LogFileHandlerThread.class: 8,initFile: logFile=/custom/metro/log/2022-10-12/app21.log, logFile.length=0
10-12 12:48:02.006  5141  5164 D LogWriteUtil.class=LogFileHandlerThread.class: 1getFilePath: logFormat=2022-10-12, LogWriteUtil.logPathDir=/custom/metro/log
10-12 12:48:02.007  5141  5164 D LogWriteUtil.class=LogFileHandlerThread.class: 2getFilePath: filePath=/custom/metro/log/2022-10-12
10-12 12:48:02.007  5141  5164 D LogWriteUtil.class=LogFileHandlerThread.class: 1getCurrentFileName: LogWriteUtil.logfile=app.log
10-12 12:48:02.008  5141  5164 D LogWriteUtil.class=LogFileHandlerThread.class: 1getFilePath: logFormat=2022-10-12, LogWriteUtil.logPathDir=/custom/metro/log
10-12 12:48:02.008  5141  5164 D LogWriteUtil.class=LogFileHandlerThread.class: 2getFilePath: filePath=/custom/metro/log/2022-10-12
10-12 12:48:02.009  5141  5164 D LogWriteUtil.class=LogFileHandlerThread.class: getFileNameSuffix: file=/custom/metro/log/2022-10-12
10-12 12:48:02.009  5141  5164 D LogWriteUtil.class=LogFileHandlerThread.class: 2getCurrentFileName: index=3, LogWriteUtil.logfile=app.log, getFileNameSuffix=21
10-12 12:48:02.010  5141  5164 D LogWriteUtil.class=LogFileHandlerThread.class: 1getFilePath: logFormat=2022-10-12, LogWriteUtil.logPathDir=/custom/metro/log
10-12 12:48:02.010  5141  5164 D LogWriteUtil.class=LogFileHandlerThread.class: 2getFilePath: filePath=/custom/metro/log/2022-10-12
10-12 12:48:02.010  5141  5164 D LogWriteUtil.class=LogFileHandlerThread.class: getFileNameSuffix: file=/custom/metro/log/2022-10-12
10-12 12:48:02.011  5141  5164 D LogWriteUtil.class=LogFileHandlerThread.class: 3getCurrentFileName: logFileName=app21.log
10-12 12:48:02.011  5141  5164 D LogWriteUtil.class=LogFileHandlerThread.class: 1,initFile: getFilePath()=/custom/metro/log/2022-10-12, getCurrentFileName=app21.log
10-12 12:48:02.011  5141  5238 D UdpDcRepository: api send - Thread ID=221, obj={"MsgName":"GetStationATSReq","MsgSeqID":15,"AppID":"172.2.200.13","MsgInfo":{}}
10-12 12:48:02.012  5141  5164 D LogWriteUtil.class=LogFileHandlerThread.class: 1getFilePath: logFormat=2022-10-12, LogWriteUtil.logPathDir=/custom/metro/log
10-12 12:48:02.012  5141  5164 D LogWriteUtil.class=LogFileHandlerThread.class: 2getFilePath: filePath=/custom/metro/log/2022-10-12
10-12 12:48:02.012  5141  5164 D LogWriteUtil.class=LogFileHandlerThread.class: 1getCurrentFileName: LogWriteUtil.logfile=app.log
10-12 12:48:02.013  5141  5141 D MainActivity: updateSignalIcon: signal=4
10-12 12:48:02.013  5141  5164 D LogWriteUtil.class=LogFileHandlerThread.class: 1getFilePath: logFormat=2022-10-12, LogWriteUtil.logPathDir=/custom/metro/log
10-12 12:48:02.013  5141  5164 D LogWriteUtil.class=LogFileHandlerThread.class: 2getFilePath: filePath=/custom/metro/log/2022-10-12
10-12 12:48:02.013  5141  5164 D LogWriteUtil.class=LogFileHandlerThread.class: getFileNameSuffix: file=/custom/metro/log/2022-10-12
10-12 12:48:02.014  5141  5164 D LogWriteUtil.class=LogFileHandlerThread.class: 2getCurrentFileName: index=3, LogWriteUtil.logfile=app.log, getFileNameSuffix=21
10-12 12:48:02.015  5141  5164 D LogWriteUtil.class=LogFileHandlerThread.class: 1getFilePath: logFormat=2022-10-12, LogWriteUtil.logPathDir=/custom/metro/log
10-12 12:48:02.015  5141  5164 D LogWriteUtil.class=LogFileHandlerThread.class: 2getFilePath: filePath=/custom/metro/log/2022-10-12
10-12 12:48:02.015  5141  5164 D LogWriteUtil.class=LogFileHandlerThread.class: getFileNameSuffix: file=/custom/metro/log/2022-10-12
10-12 12:48:02.016  5141  5238 I APP_LogUtils.kt: [(LogUtils.kt:50).i()] [UdpDisServices] start: send(String) - thread ID=221, send msg={"MsgName":"GetStationATSReq","MsgSeqID":15,"AppID":"172.2.200.13","MsgInfo":{}}
10-12 12:48:02.016  5141  5164 D LogWriteUtil.class=LogFileHandlerThread.class: 3getCurrentFileName: logFileName=app21.log
10-12 12:48:02.017  5141  5164 D LogWriteUtil.class=LogFileHandlerThread.class: 1getCurrentFileName: LogWriteUtil.logfile=app.log
10-12 12:48:02.018  5141  5164 D LogWriteUtil.class=LogFileHandlerThread.class: 1getFilePath: logFormat=2022-10-12, LogWriteUtil.logPathDir=/custom/metro/log
10-12 12:48:02.018  5141  5164 D LogWriteUtil.class=LogFileHandlerThread.class: 2getFilePath: filePath=/custom/metro/log/2022-10-12
10-12 12:48:02.018  5141  5164 D LogWriteUtil.class=LogFileHandlerThread.class: getFileNameSuffix: file=/custom/metro/log/2022-10-12
10-12 12:48:02.018  5141  5164 D LogWriteUtil.class=LogFileHandlerThread.class: 2getCurrentFileName: index=3, LogWriteUtil.logfile=app.log, getFileNameSuffix=21
10-12 12:48:02.019  5141  5164 D LogWriteUtil.class=LogFileHandlerThread.class: 1getFilePath: logFormat=2022-10-12, LogWriteUtil.logPathDir=/custom/metro/log
10-12 12:48:02.019  5141  5164 D LogWriteUtil.class=LogFileHandlerThread.class: 2getFilePath: filePath=/custom/metro/log/2022-10-12
10-12 12:48:02.019  5141  5164 D LogWriteUtil.class=LogFileHandlerThread.class: getFileNameSuffix: file=/custom/metro/log/2022-10-12
10-12 12:48:02.020  5141  5164 D LogWriteUtil.class=LogFileHandlerThread.class: 3getCurrentFileName: logFileName=app21.log
10-12 12:48:02.020  5141  5164 D TAG     : 2,initFile: /custom/metro/log/2022-10-12/app21.log, logFile.length=0, getCurrentFileName()=app21.log, writeFileName=/custom/metro/log/2022-10-12/app201665550049041.log
10-12 12:48:02.020  5141  5164 D LogWriteUtil.class=LogFileHandlerThread.class: 8,initFile: logFile=/custom/metro/log/2022-10-12/app21.log, logFile.length=0
10-12 12:48:02.021  5141  5164 D LogWriteUtil.class=LogFileHandlerThread.class: 1getFilePath: logFormat=2022-10-12, LogWriteUtil.logPathDir=/custom/metro/log
10-12 12:48:02.021  5141  5164 D LogWriteUtil.class=LogFileHandlerThread.class: 2getFilePath: filePath=/custom/metro/log/2022-10-12
10-12 12:48:02.022  5141  5164 D LogWriteUtil.class=LogFileHandlerThread.class: 1getCurrentFileName: LogWriteUtil.logfile=app.log
10-12 12:48:02.022  5141  5164 D LogWriteUtil.class=LogFileHandlerThread.class: 1getFilePath: logFormat=2022-10-12, LogWriteUtil.logPathDir=/custom/metro/log
10-12 12:48:02.023  5141  5164 D LogWriteUtil.class=LogFileHandlerThread.class: 2getFilePath: filePath=/custom/metro/log/2022-10-12
10-12 12:48:02.023  5141  5164 D LogWriteUtil.class=LogFileHandlerThread.class: getFileNameSuffix: file=/custom/metro/log/2022-10-12
10-12 12:48:02.024  5141  5164 D LogWriteUtil.class=LogFileHandlerThread.class: 2getCurrentFileName: index=3, LogWriteUtil.logfile=app.log, getFileNameSuffix=21
10-12 12:48:02.024  5141  5164 D LogWriteUtil.class=LogFileHandlerThread.class: 1getFilePath: logFormat=2022-10-12, LogWriteUtil.logPathDir=/custom/metro/log
10-12 12:48:02.024  5141  5164 D LogWriteUtil.class=LogFileHandlerThread.class: 2getFilePath: filePath=/custom/metro/log/2022-10-12
10-12 12:48:02.025  5141  5164 D LogWriteUtil.class=LogFileHandlerThread.class: getFileNameSuffix: file=/custom/metro/log/2022-10-12
10-12 12:48:02.025  5141  5164 D LogWriteUtil.class=LogFileHandlerThread.class: 3getCurrentFileName: logFileName=app21.log
10-12 12:48:02.025  5141  5164 D LogWriteUtil.class=LogFileHandlerThread.class: 1,initFile: getFilePath()=/custom/metro/log/2022-10-12, getCurrentFileName=app21.log
10-12 12:48:02.026  5141  5164 D LogWriteUtil.class=LogFileHandlerThread.class: 1getFilePath: logFormat=2022-10-12, LogWriteUtil.logPathDir=/custom/metro/log
10-12 12:48:02.026  5141  5164 D LogWriteUtil.class=LogFileHandlerThread.class: 2getFilePath: filePath=/custom/metro/log/2022-10-12
10-12 12:48:02.026  5141  5164 D LogWriteUtil.class=LogFileHandlerThread.class: 1getCurrentFileName: LogWriteUtil.logfile=app.log
10-12 12:48:02.027  5141  5164 D LogWriteUtil.class=LogFileHandlerThread.class: 1getFilePath: logFormat=2022-10-12, LogWriteUtil.logPathDir=/custom/metro/log
10-12 12:48:02.027  5141  5164 D LogWriteUtil.class=LogFileHandlerThread.class: 2getFilePath: filePath=/custom/metro/log/2022-10-12
10-12 12:48:02.027  5141  5164 D LogWriteUtil.class=LogFileHandlerThread.class: getFileNameSuffix: file=/custom/metro/log/2022-10-12
10-12 12:48:02.027  5141  5164 D LogWriteUtil.class=LogFileHandlerThread.class: 2getCurrentFileName: index=3, LogWriteUtil.logfile=app.log, getFileNameSuffix=21
10-12 12:48:02.028  5141  5164 D LogWriteUtil.class=LogFileHandlerThread.class: 1getFilePath: logFormat=2022-10-12, LogWriteUtil.logPathDir=/custom/metro/log
10-12 12:48:02.028  5141  5164 D LogWriteUtil.class=LogFileHandlerThread.class: 2getFilePath: filePath=/custom/metro/log/2022-10-12
10-12 12:48:02.029  5141  5164 D LogWriteUtil.class=LogFileHandlerThread.class: getFileNameSuffix: file=/custom/metro/log/2022-10-12
10-12 12:48:02.029  5141  5164 D LogWriteUtil.class=LogFileHandlerThread.class: 3getCurrentFileName: logFileName=app21.log
10-12 12:48:02.029  5141  5164 D LogWriteUtil.class=LogFileHandlerThread.class: 1getCurrentFileName: LogWriteUtil.logfile=app.log
10-12 12:48:02.030  5141  5164 D LogWriteUtil.class=LogFileHandlerThread.class: 1getFilePath: logFormat=2022-10-12, LogWriteUtil.logPathDir=/custom/metro/log
10-12 12:48:02.030  5141  5164 D LogWriteUtil.class=LogFileHandlerThread.class: 2getFilePath: filePath=/custom/metro/log/2022-10-12
10-12 12:48:02.030  5141  5164 D LogWriteUtil.class=LogFileHandlerThread.class: getFileNameSuffix: file=/custom/metro/log/2022-10-12
10-12 12:48:02.031  5141  5164 D LogWriteUtil.class=LogFileHandlerThread.class: 2getCurrentFileName: index=3, LogWriteUtil.logfile=app.log, getFileNameSuffix=21
10-12 12:48:02.032  5141  5164 D LogWriteUtil.class=LogFileHandlerThread.class: 1getFilePath: logFormat=2022-10-12, LogWriteUtil.logPathDir=/custom/metro/log
10-12 12:48:02.032  5141  5164 D LogWriteUtil.class=LogFileHandlerThread.class: 2getFilePath: filePath=/custom/metro/log/2022-10-12
10-12 12:48:02.032  5141  5164 D LogWriteUtil.class=LogFileHandlerThread.class: getFileNameSuffix: file=/custom/metro/log/2022-10-12
10-12 12:48:02.032  5141  5164 D LogWriteUtil.class=LogFileHandlerThread.class: 3getCurrentFileName: logFileName=app21.log
10-12 12:48:02.032  5141  5164 D TAG     : 2,initFile: /custom/metro/log/2022-10-12/app21.log, logFile.length=0, getCurrentFileName()=app21.log, writeFileName=/custom/metro/log/2022-10-12/app201665550049041.log
10-12 12:48:02.033  5141  5164 D LogWriteUtil.class=LogFileHandlerThread.class: 8,initFile: logFile=/custom/metro/log/2022-10-12/app21.log, logFile.length=0
10-12 12:48:02.043  5141  5141 E train_jni_log: getHandsetStatus===popen buffer=0
10-12 12:48:02.043  5141  5141 E train_jni_log: getHandsetStatus===popen iRet=0
10-12 12:48:02.045  5141  5141 D TAG     : getHeadsetStatus: 0
10-12 12:48:02.046  5141  5141 D TAG     : getHeadsetStatus: headsetStatus=200
10-12 12:48:02.046  5141  5141 D TAG     : getHeadsetStatus: headsetStatus2=200
10-12 12:48:02.048  5141  5208 D UdpDisServices: udp receive - api receive data disApi, udp service id=199  - udp.packet.address=/172.2.208.8, udp.pack.socketAddress=/172.2.208.8:64002, udp.port=64002- running=true - message={"MsgSeqID":42785,"MsgName":"DisReceivedNotify","MsgInfo":{"AppMsgSeqID":14,"Code":10001}}
10-12 12:48:02.049  5141  5208 I APP_LogUtils.kt: [(LogUtils.kt:50).i()] [UdpDisServices] udp receive - api receive data disApi, udp service id=199 - running=true  - ip=/172.2.208.8 - port=64002 - message={"MsgSeqID":42785,"MsgName":"DisReceivedNotify","MsgInfo":{"AppMsgSeqID":14,"Code":10001}}
10-12 12:48:02.050  5141  5233 D BtrunCConfig: isR2Nubmer is true
10-12 12:48:02.050  5141  5233 D com.ztegota.system.GotaSystem: getMdn +866022013
10-12 12:48:02.050  5141  5236 D MainViewModel: getLteIp: test1111111=172.2.200.13
10-12 12:48:02.050  5141  5233 D TAG     : getUserId: userId2=+866022013
10-12 12:48:02.050  5141  5164 D LogWriteUtil.class=LogFileHandlerThread.class: 1getFilePath: logFormat=2022-10-12, LogWriteUtil.logPathDir=/custom/metro/log
10-12 12:48:02.050  5141  5164 D LogWriteUtil.class=LogFileHandlerThread.class: 2getFilePath: filePath=/custom/metro/log/2022-10-12
10-12 12:48:02.051  5141  5164 D LogWriteUtil.class=LogFileHandlerThread.class: 1getCurrentFileName: LogWriteUtil.logfile=app.log
10-12 12:48:02.051  5141  5141 D MainActivity: showStatus: aa---result---result=true, url=192.168.42.131
10-12 12:48:02.051  5141  5233 I APP_LogUtils.kt: [(LogUtils.kt:50).i()] [MainViewModel] GotaSystem SDK:V2.13 2021-04-20, Host Soft Version:GM655+V1.0.6.8B02, Host Hard Version:GM655MB_C, Host Build Time:2021 12 28  16:23:13 CST;
10-12 12:48:02.051  5141  5164 D LogWriteUtil.class=LogFileHandlerThread.class: 1getFilePath: logFormat=2022-10-12, LogWriteUtil.logPathDir=/custom/metro/log
10-12 12:48:02.051  5141  5164 D LogWriteUtil.class=LogFileHandlerThread.class: 2getFilePath: filePath=/custom/metro/log/2022-10-12
10-12 12:48:02.051  5141  5164 D LogWriteUtil.class=LogFileHandlerThread.class: getFileNameSuffix: file=/custom/metro/log/2022-10-12
10-12 12:48:02.052  5141  5164 D LogWriteUtil.class=LogFileHandlerThread.class: 2getCurrentFileName: index=3, LogWriteUtil.logfile=app.log, getFileNameSuffix=21
10-12 12:48:02.052  5141  5208 D UdpDisServices: udp receive - api receive data disApi, udp service id=199  - udp.packet.address=/172.2.208.8, udp.pack.socketAddress=/172.2.208.8:64002, udp.port=64002- running=true - message={"MsgSeqID":42786,"MsgName":"DisReceivedNotify","MsgInfo":{"AppMsgSeqID":15,"Code":10001}}
10-12 12:48:02.052  5141  5164 D LogWriteUtil.class=LogFileHandlerThread.class: 1getFilePath: logFormat=2022-10-12, LogWriteUtil.logPathDir=/custom/metro/log
10-12 12:48:02.052  5141  5164 D LogWriteUtil.class=LogFileHandlerThread.class: 2getFilePath: filePath=/custom/metro/log/2022-10-12
10-12 12:48:02.052  5141  5164 D LogWriteUtil.class=LogFileHandlerThread.class: getFileNameSuffix: file=/custom/metro/log/2022-10-12
10-12 12:48:02.053  5141  5164 D LogWriteUtil.class=LogFileHandlerThread.class: 3getCurrentFileName: logFileName=app21.log
10-12 12:48:02.053  5141  5164 D LogWriteUtil.class=LogFileHandlerThread.class: 1,initFile: getFilePath()=/custom/metro/log/2022-10-12, getCurrentFileName=app21.log
10-12 12:48:02.053  5141  5208 I APP_LogUtils.kt: [(LogUtils.kt:50).i()] [UdpDisServices] udp receive - api receive data disApi, udp service id=199 - running=true  - ip=/172.2.208.8 - port=64002 - message={"MsgSeqID":42786,"MsgName":"DisReceivedNotify","MsgInfo":{"AppMsgSeqID":15,"Code":10001}}
10-12 12:48:02.053  5141  5141 D MainActivity: onMessageEvent  -- gginit: disApi, id=1---event={"MsgSeqID":42785,"MsgName":"DisReceivedNotify","MsgInfo":{"AppMsgSeqID":14,"Code":10001}}
10-12 12:48:02.053  5141  5141 D MainViewModel: 1processDisApi: disApi, id=1
10-12 12:48:02.053  5141  5164 D LogWriteUtil.class=LogFileHandlerThread.class: 1getFilePath: logFormat=2022-10-12, LogWriteUtil.logPathDir=/custom/metro/log
10-12 12:48:02.053  5141  5206 D UdpMasterServices: udp receive - 1 - gginit api receive data masterApi, udp service id=197 - running=true - message={"MsgName":"HeartBeatReq","MsgSeqID":1859,"MsgInfo":{"Time":1665550081}}
10-12 12:48:02.053  5141  5164 D LogWriteUtil.class=LogFileHandlerThread.class: 2getFilePath: filePath=/custom/metro/log/2022-10-12
10-12 12:48:02.053  5141  5206 D UdpMasterServices: ++++++++++++++++++++++++++++++++++++++++++++++++++++++++++++++++++++++++++++++++++++
10-12 12:48:02.053  5141  5164 D LogWriteUtil.class=LogFileHandlerThread.class: 1getCurrentFileName: LogWriteUtil.logfile=app.log
10-12 12:48:02.054  5141  5164 D LogWriteUtil.class=LogFileHandlerThread.class: 1getFilePath: logFormat=2022-10-12, LogWriteUtil.logPathDir=/custom/metro/log
10-12 12:48:02.054  5141  5206 I APP_LogUtils.kt: [(LogUtils.kt:50).i()] [UdpMasterServices] xlog - api receive data disApi, udp service id=197 - running=true - message={"MsgName":"HeartBeatReq","MsgSeqID":1859,"MsgInfo":{"Time":1665550081}}
10-12 12:48:02.054  5141  5141 D MainActivity: onMessageEvent  -- gginit: disApi, id=1---event={"MsgSeqID":42786,"MsgName":"DisReceivedNotify","MsgInfo":{"AppMsgSeqID":15,"Code":10001}}
10-12 12:48:02.054  5141  5164 D LogWriteUtil.class=LogFileHandlerThread.class: 2getFilePath: filePath=/custom/metro/log/2022-10-12
10-12 12:48:02.054  5141  5141 D MainViewModel: 1processDisApi: disApi, id=1
10-12 12:48:02.054  5141  5164 D LogWriteUtil.class=LogFileHandlerThread.class: getFileNameSuffix: file=/custom/metro/log/2022-10-12
10-12 12:48:02.054  5141  5206 D UdpMasterServices: receive: data id=197, running=true, msg=null
10-12 12:48:02.054  5141  5237 D DisApiSingletonReceive: processingData: disApi, id=220 - data={"MsgSeqID":42785,"MsgName":"DisReceivedNotify","MsgInfo":{"AppMsgSeqID":14,"Code":10001}}
10-12 12:48:02.054  5141  5206 D UdpMasterServices: udp receive - 1 - gginit api receive data masterApi, udp service id=197 - running=true - message={"MsgName":"GetStatusReq","MsgSeqID":1860,"MsgInfo":{}}
10-12 12:48:02.054  5141  5206 D UdpMasterServices: ++++++++++++++++++++++++++++++++++++++++++++++++++++++++++++++++++++++++++++++++++++
10-12 12:48:02.054  5141  5164 D LogWriteUtil.class=LogFileHandlerThread.class: 2getCurrentFileName: index=3, LogWriteUtil.logfile=app.log, getFileNameSuffix=21
10-12 12:48:02.055  5141  5206 I APP_LogUtils.kt: [(LogUtils.kt:50).i()] [UdpMasterServices] xlog - api receive data disApi, udp service id=197 - running=true - message={"MsgName":"GetStatusReq","MsgSeqID":1860,"MsgInfo":{}}
10-12 12:48:02.055  5141  5164 D LogWriteUtil.class=LogFileHandlerThread.class: 1getFilePath: logFormat=2022-10-12, LogWriteUtil.logPathDir=/custom/metro/log
10-12 12:48:02.055  5141  5164 D LogWriteUtil.class=LogFileHandlerThread.class: 2getFilePath: filePath=/custom/metro/log/2022-10-12
10-12 12:48:02.055  5141  5164 D LogWriteUtil.class=LogFileHandlerThread.class: getFileNameSuffix: file=/custom/metro/log/2022-10-12
10-12 12:48:02.055  5141  5164 D LogWriteUtil.class=LogFileHandlerThread.class: 3getCurrentFileName: logFileName=app21.log
10-12 12:48:02.055  5141  5206 D UdpMasterServices: receive: data id=197, running=true, msg=null
10-12 12:48:02.055  5141  5164 D LogWriteUtil.class=LogFileHandlerThread.class: 1getCurrentFileName: LogWriteUtil.logfile=app.log
10-12 12:48:02.056  5141  5206 D UdpMasterServices: udp receive - 1 - gginit api receive data masterApi, udp service id=197 - running=true - message={"MsgName":"GetOperLogReq","MsgSeqID":1861,"MsgInfo":{"StartTime":1}}
10-12 12:48:02.056  5141  5206 D UdpMasterServices: ++++++++++++++++++++++++++++++++++++++++++++++++++++++++++++++++++++++++++++++++++++
10-12 12:48:02.056  5141  5164 D LogWriteUtil.class=LogFileHandlerThread.class: 1getFilePath: logFormat=2022-10-12, LogWriteUtil.logPathDir=/custom/metro/log
10-12 12:48:02.056  5141  5164 D LogWriteUtil.class=LogFileHandlerThread.class: 2getFilePath: filePath=/custom/metro/log/2022-10-12
10-12 12:48:02.056  5141  5206 I APP_LogUtils.kt: [(LogUtils.kt:50).i()] [UdpMasterServices] xlog - api receive data disApi, udp service id=197 - running=true - message={"MsgName":"GetOperLogReq","MsgSeqID":1861,"MsgInfo":{"StartTime":1}}
10-12 12:48:02.056  5141  5164 D LogWriteUtil.class=LogFileHandlerThread.class: getFileNameSuffix: file=/custom/metro/log/2022-10-12
10-12 12:48:02.056  5141  5206 D UdpMasterServices: receive: data id=197, running=true, msg=null
10-12 12:48:02.056  5141  5164 D LogWriteUtil.class=LogFileHandlerThread.class: 2getCurrentFileName: index=3, LogWriteUtil.logfile=app.log, getFileNameSuffix=21
10-12 12:48:02.057  5141  5164 D LogWriteUtil.class=LogFileHandlerThread.class: 1getFilePath: logFormat=2022-10-12, LogWriteUtil.logPathDir=/custom/metro/log
10-12 12:48:02.057  5141  5237 D DisApiSingletonReceive: processingDisReceivedNotify: info=DisReceivedNotifyApiData(msgName=DisReceivedNotify, msgSeqID=42785, msgInfo=ReceivedNotifyData(appMsgSeqID=0, code=10001))
10-12 12:48:02.058  5141  5164 D LogWriteUtil.class=LogFileHandlerThread.class: 2getFilePath: filePath=/custom/metro/log/2022-10-12
10-12 12:48:02.058  5141  5164 D LogWriteUtil.class=LogFileHandlerThread.class: getFileNameSuffix: file=/custom/metro/log/2022-10-12
10-12 12:48:02.058  5141  5164 D LogWriteUtil.class=LogFileHandlerThread.class: 3getCurrentFileName: logFileName=app21.log
10-12 12:48:02.058  5141  5164 D TAG     : 2,initFile: /custom/metro/log/2022-10-12/app21.log, logFile.length=0, getCurrentFileName()=app21.log, writeFileName=/custom/metro/log/2022-10-12/app201665550049041.log
10-12 12:48:02.058  5141  5237 D DisApiSingletonReceive: processingData: disApi, id=220 - data={"MsgSeqID":42786,"MsgName":"DisReceivedNotify","MsgInfo":{"AppMsgSeqID":15,"Code":10001}}
10-12 12:48:02.058  5141  5164 D LogWriteUtil.class=LogFileHandlerThread.class: 8,initFile: logFile=/custom/metro/log/2022-10-12/app21.log, logFile.length=0
10-12 12:48:02.059  5141  5164 D LogWriteUtil.class=LogFileHandlerThread.class: 1getFilePath: logFormat=2022-10-12, LogWriteUtil.logPathDir=/custom/metro/log
10-12 12:48:02.059  5141  5164 D LogWriteUtil.class=LogFileHandlerThread.class: 2getFilePath: filePath=/custom/metro/log/2022-10-12
10-12 12:48:02.060  5141  5164 D LogWriteUtil.class=LogFileHandlerThread.class: 1getCurrentFileName: LogWriteUtil.logfile=app.log
10-12 12:48:02.060  5141  5164 D LogWriteUtil.class=LogFileHandlerThread.class: 1getFilePath: logFormat=2022-10-12, LogWriteUtil.logPathDir=/custom/metro/log
10-12 12:48:02.060  5141  5164 D LogWriteUtil.class=LogFileHandlerThread.class: 2getFilePath: filePath=/custom/metro/log/2022-10-12
10-12 12:48:02.060  5141  5164 D LogWriteUtil.class=LogFileHandlerThread.class: getFileNameSuffix: file=/custom/metro/log/2022-10-12
10-12 12:48:02.061  5141  5229 D MasterApiReceive: processingOperLogData: mMasterData=MasterOperLogData(msgName=GetOperLogReq, msgSeqID=1861, msgInfo=OperLogInfo(startTime=1))
10-12 12:48:02.061  5141  5164 D LogWriteUtil.class=LogFileHandlerThread.class: 2getCurrentFileName: index=3, LogWriteUtil.logfile=app.log, getFileNameSuffix=21
10-12 12:48:02.062  5141  5164 D LogWriteUtil.class=LogFileHandlerThread.class: 1getFilePath: logFormat=2022-10-12, LogWriteUtil.logPathDir=/custom/metro/log
10-12 12:48:02.062  5141  5164 D LogWriteUtil.class=LogFileHandlerThread.class: 2getFilePath: filePath=/custom/metro/log/2022-10-12
10-12 12:48:02.062  5141  5164 D LogWriteUtil.class=LogFileHandlerThread.class: getFileNameSuffix: file=/custom/metro/log/2022-10-12
10-12 12:48:02.062  5141  5164 D LogWriteUtil.class=LogFileHandlerThread.class: 3getCurrentFileName: logFileName=app21.log
10-12 12:48:02.062  5141  5164 D LogWriteUtil.class=LogFileHandlerThread.class: 1,initFile: getFilePath()=/custom/metro/log/2022-10-12, getCurrentFileName=app21.log
10-12 12:48:02.063  5141  5237 D DisApiSingletonReceive: processingDisReceivedNotify: info=DisReceivedNotifyApiData(msgName=DisReceivedNotify, msgSeqID=42786, msgInfo=ReceivedNotifyData(appMsgSeqID=0, code=10001))
10-12 12:48:02.063  5141  5164 D LogWriteUtil.class=LogFileHandlerThread.class: 1getFilePath: logFormat=2022-10-12, LogWriteUtil.logPathDir=/custom/metro/log
10-12 12:48:02.063  5141  5164 D LogWriteUtil.class=LogFileHandlerThread.class: 2getFilePath: filePath=/custom/metro/log/2022-10-12
10-12 12:48:02.063  5141  5164 D LogWriteUtil.class=LogFileHandlerThread.class: 1getCurrentFileName: LogWriteUtil.logfile=app.log
10-12 12:48:02.064  5141  5164 D LogWriteUtil.class=LogFileHandlerThread.class: 1getFilePath: logFormat=2022-10-12, LogWriteUtil.logPathDir=/custom/metro/log
10-12 12:48:02.064  5141  5164 D LogWriteUtil.class=LogFileHandlerThread.class: 2getFilePath: filePath=/custom/metro/log/2022-10-12
10-12 12:48:02.064  5141  5164 D LogWriteUtil.class=LogFileHandlerThread.class: getFileNameSuffix: file=/custom/metro/log/2022-10-12
10-12 12:48:02.065  5141  5164 D LogWriteUtil.class=LogFileHandlerThread.class: 2getCurrentFileName: index=3, LogWriteUtil.logfile=app.log, getFileNameSuffix=21
10-12 12:48:02.065  5141  5164 D LogWriteUtil.class=LogFileHandlerThread.class: 1getFilePath: logFormat=2022-10-12, LogWriteUtil.logPathDir=/custom/metro/log
10-12 12:48:02.065  5141  5164 D LogWriteUtil.class=LogFileHandlerThread.class: 2getFilePath: filePath=/custom/metro/log/2022-10-12
10-12 12:48:02.066  5141  5164 D LogWriteUtil.class=LogFileHandlerThread.class: getFileNameSuffix: file=/custom/metro/log/2022-10-12
10-12 12:48:02.066  5141  5164 D LogWriteUtil.class=LogFileHandlerThread.class: 3getCurrentFileName: logFileName=app21.log
10-12 12:48:02.066  5141  5164 D LogWriteUtil.class=LogFileHandlerThread.class: 1getCurrentFileName: LogWriteUtil.logfile=app.log
10-12 12:48:02.067  5141  5164 D LogWriteUtil.class=LogFileHandlerThread.class: 1getFilePath: logFormat=2022-10-12, LogWriteUtil.logPathDir=/custom/metro/log
10-12 12:48:02.067  5141  5164 D LogWriteUtil.class=LogFileHandlerThread.class: 2getFilePath: filePath=/custom/metro/log/2022-10-12
10-12 12:48:02.067  5141  5164 D LogWriteUtil.class=LogFileHandlerThread.class: getFileNameSuffix: file=/custom/metro/log/2022-10-12
10-12 12:48:02.068  5141  5164 D LogWriteUtil.class=LogFileHandlerThread.class: 2getCurrentFileName: index=3, LogWriteUtil.logfile=app.log, getFileNameSuffix=21
10-12 12:48:02.068  5141  5164 D LogWriteUtil.class=LogFileHandlerThread.class: 1getFilePath: logFormat=2022-10-12, LogWriteUtil.logPathDir=/custom/metro/log
10-12 12:48:02.068  5141  5164 D LogWriteUtil.class=LogFileHandlerThread.class: 2getFilePath: filePath=/custom/metro/log/2022-10-12
10-12 12:48:02.068  5141  5164 D LogWriteUtil.class=LogFileHandlerThread.class: getFileNameSuffix: file=/custom/metro/log/2022-10-12
10-12 12:48:02.069  5141  5164 D LogWriteUtil.class=LogFileHandlerThread.class: 3getCurrentFileName: logFileName=app21.log
10-12 12:48:02.069  5141  5164 D TAG     : 2,initFile: /custom/metro/log/2022-10-12/app21.log, logFile.length=0, getCurrentFileName()=app21.log, writeFileName=/custom/metro/log/2022-10-12/app201665550049041.log
10-12 12:48:02.069  5141  5164 D LogWriteUtil.class=LogFileHandlerThread.class: 8,initFile: logFile=/custom/metro/log/2022-10-12/app21.log, logFile.length=0
10-12 12:48:02.070  5141  5164 D LogWriteUtil.class=LogFileHandlerThread.class: 1getFilePath: logFormat=2022-10-12, LogWriteUtil.logPathDir=/custom/metro/log
10-12 12:48:02.070  5141  5164 D LogWriteUtil.class=LogFileHandlerThread.class: 2getFilePath: filePath=/custom/metro/log/2022-10-12
10-12 12:48:02.070  5141  5164 D LogWriteUtil.class=LogFileHandlerThread.class: 1getCurrentFileName: LogWriteUtil.logfile=app.log
10-12 12:48:02.071  5141  5164 D LogWriteUtil.class=LogFileHandlerThread.class: 1getFilePath: logFormat=2022-10-12, LogWriteUtil.logPathDir=/custom/metro/log
10-12 12:48:02.071  5141  5164 D LogWriteUtil.class=LogFileHandlerThread.class: 2getFilePath: filePath=/custom/metro/log/2022-10-12
10-12 12:48:02.071  5141  5164 D LogWriteUtil.class=LogFileHandlerThread.class: getFileNameSuffix: file=/custom/metro/log/2022-10-12
10-12 12:48:02.071  5141  5164 D LogWriteUtil.class=LogFileHandlerThread.class: 2getCurrentFileName: index=3, LogWriteUtil.logfile=app.log, getFileNameSuffix=21
10-12 12:48:02.072  5141  5164 D LogWriteUtil.class=LogFileHandlerThread.class: 1getFilePath: logFormat=2022-10-12, LogWriteUtil.logPathDir=/custom/metro/log
10-12 12:48:02.072  5141  5164 D LogWriteUtil.class=LogFileHandlerThread.class: 2getFilePath: filePath=/custom/metro/log/2022-10-12
10-12 12:48:02.072  5141  5164 D LogWriteUtil.class=LogFileHandlerThread.class: getFileNameSuffix: file=/custom/metro/log/2022-10-12
10-12 12:48:02.072  5141  5164 D LogWriteUtil.class=LogFileHandlerThread.class: 3getCurrentFileName: logFileName=app21.log
10-12 12:48:02.072  5141  5164 D LogWriteUtil.class=LogFileHandlerThread.class: 1,initFile: getFilePath()=/custom/metro/log/2022-10-12, getCurrentFileName=app21.log
10-12 12:48:02.073  5141  5164 D LogWriteUtil.class=LogFileHandlerThread.class: 1getFilePath: logFormat=2022-10-12, LogWriteUtil.logPathDir=/custom/metro/log
10-12 12:48:02.073  5141  5164 D LogWriteUtil.class=LogFileHandlerThread.class: 2getFilePath: filePath=/custom/metro/log/2022-10-12
10-12 12:48:02.073  5141  5164 D LogWriteUtil.class=LogFileHandlerThread.class: 1getCurrentFileName: LogWriteUtil.logfile=app.log
10-12 12:48:02.074  5141  5164 D LogWriteUtil.class=LogFileHandlerThread.class: 1getFilePath: logFormat=2022-10-12, LogWriteUtil.logPathDir=/custom/metro/log
10-12 12:48:02.074  5141  5164 D LogWriteUtil.class=LogFileHandlerThread.class: 2getFilePath: filePath=/custom/metro/log/2022-10-12
10-12 12:48:02.074  5141  5164 D LogWriteUtil.class=LogFileHandlerThread.class: getFileNameSuffix: file=/custom/metro/log/2022-10-12
10-12 12:48:02.074  5141  5164 D LogWriteUtil.class=LogFileHandlerThread.class: 2getCurrentFileName: index=3, LogWriteUtil.logfile=app.log, getFileNameSuffix=21
10-12 12:48:02.075  5141  5164 D LogWriteUtil.class=LogFileHandlerThread.class: 1getFilePath: logFormat=2022-10-12, LogWriteUtil.logPathDir=/custom/metro/log
10-12 12:48:02.075  5141  5164 D LogWriteUtil.class=LogFileHandlerThread.class: 2getFilePath: filePath=/custom/metro/log/2022-10-12
10-12 12:48:02.075  5141  5164 D LogWriteUtil.class=LogFileHandlerThread.class: getFileNameSuffix: file=/custom/metro/log/2022-10-12
10-12 12:48:02.075  5141  5164 D LogWriteUtil.class=LogFileHandlerThread.class: 3getCurrentFileName: logFileName=app21.log
10-12 12:48:02.076  5141  5164 D LogWriteUtil.class=LogFileHandlerThread.class: 1getCurrentFileName: LogWriteUtil.logfile=app.log
10-12 12:48:02.076  5141  5164 D LogWriteUtil.class=LogFileHandlerThread.class: 1getFilePath: logFormat=2022-10-12, LogWriteUtil.logPathDir=/custom/metro/log
10-12 12:48:02.076  5141  5164 D LogWriteUtil.class=LogFileHandlerThread.class: 2getFilePath: filePath=/custom/metro/log/2022-10-12
10-12 12:48:02.076  5141  5164 D LogWriteUtil.class=LogFileHandlerThread.class: getFileNameSuffix: file=/custom/metro/log/2022-10-12
10-12 12:48:02.077  5141  5164 D LogWriteUtil.class=LogFileHandlerThread.class: 2getCurrentFileName: index=3, LogWriteUtil.logfile=app.log, getFileNameSuffix=21
10-12 12:48:02.078  5141  5164 D LogWriteUtil.class=LogFileHandlerThread.class: 1getFilePath: logFormat=2022-10-12, LogWriteUtil.logPathDir=/custom/metro/log
10-12 12:48:02.078  5141  5164 D LogWriteUtil.class=LogFileHandlerThread.class: 2getFilePath: filePath=/custom/metro/log/2022-10-12
10-12 12:48:02.078  5141  5164 D LogWriteUtil.class=LogFileHandlerThread.class: getFileNameSuffix: file=/custom/metro/log/2022-10-12
10-12 12:48:02.078  5141  5164 D LogWriteUtil.class=LogFileHandlerThread.class: 3getCurrentFileName: logFileName=app21.log
10-12 12:48:02.078  5141  5164 D TAG     : 2,initFile: /custom/metro/log/2022-10-12/app21.log, logFile.length=0, getCurrentFileName()=app21.log, writeFileName=/custom/metro/log/2022-10-12/app201665550049041.log
10-12 12:48:02.078  5141  5164 D LogWriteUtil.class=LogFileHandlerThread.class: 8,initFile: logFile=/custom/metro/log/2022-10-12/app21.log, logFile.length=0
10-12 12:48:02.080  5141  5164 D LogWriteUtil.class=LogFileHandlerThread.class: 1getFilePath: logFormat=2022-10-12, LogWriteUtil.logPathDir=/custom/metro/log
10-12 12:48:02.080  5141  5164 D LogWriteUtil.class=LogFileHandlerThread.class: 2getFilePath: filePath=/custom/metro/log/2022-10-12
10-12 12:48:02.080  5141  5164 D LogWriteUtil.class=LogFileHandlerThread.class: 1getCurrentFileName: LogWriteUtil.logfile=app.log
10-12 12:48:02.081  5141  5208 D UdpDisServices: udp receive - api receive data disApi, udp service id=199  - udp.packet.address=/172.2.208.8, udp.pack.socketAddress=/172.2.208.8:64002, udp.port=64002- running=true - message={"MsgSeqID":42787,"MsgName":"GetStationATSRsp","MsgInfo":{"Code":10011,"StationATSInfos":[{"TrainGroupNumber":"211","ServiceNumber":"000","TrainCrewNumber":"000","TrainPosition":"1","TrainRunningPosition":"1","RailName":"T1306","StationID":"013","TerminalStationID":"000","DestinationID":"000"},{"TrainGroupNumber":"202","ServiceNumber":"000","TrainCrewNumber":"000","TrainPosition":"1","TrainRunningPosition":"2","RailName":"T1303","StationID":"013","TerminalStationID":"000","DestinationID":"000"},{"TrainGroupNumber":"299","ServiceNumber":"801","TrainCrewNumber":"000","TrainPosition":"1","TrainRunningPosition":"2","RailName":"T1301","StationID":"013","TerminalStationID":"000","DestinationID":"000"},{"TrainGroupNumber":"201","ServiceNumber":"000","TrainCrewNumber":"000","TrainPosition":"1","TrainRunningPosition":"1","RailName":"T1304","StationID":"013","TerminalStationID":"000","DestinationID":"000"}]}}
10-12 12:48:02.081  5141  5164 D LogWriteUtil.class=LogFileHandlerThread.class: 1getFilePath: logFormat=2022-10-12, LogWriteUtil.logPathDir=/custom/metro/log
10-12 12:48:02.081  5141  5164 D LogWriteUtil.class=LogFileHandlerThread.class: 2getFilePath: filePath=/custom/metro/log/2022-10-12
10-12 12:48:02.081  5141  5164 D LogWriteUtil.class=LogFileHandlerThread.class: getFileNameSuffix: file=/custom/metro/log/2022-10-12
10-12 12:48:02.081  5141  5164 D LogWriteUtil.class=LogFileHandlerThread.class: 2getCurrentFileName: index=3, LogWriteUtil.logfile=app.log, getFileNameSuffix=21
10-12 12:48:02.081  5141  5208 I APP_LogUtils.kt: [(LogUtils.kt:50).i()] [UdpDisServices] udp receive - api receive data disApi, udp service id=199 - running=true  - ip=/172.2.208.8 - port=64002 - message={"MsgSeqID":42787,"MsgName":"GetStationATSRsp","MsgInfo":{"Code":10011,"StationATSInfos":[{"TrainGroupNumber":"211","ServiceNumber":"000","TrainCrewNumber":"000","TrainPosition":"1","TrainRunningPosition":"1","RailName":"T1306","StationID":"013","TerminalStationID":"000","DestinationID":"000"},{"TrainGroupNumber":"202","ServiceNumber":"000","TrainCrewNumber":"000","TrainPosition":"1","TrainRunningPosition":"2","RailName":"T1303","StationID":"013","TerminalStationID":"000","DestinationID":"000"},{"TrainGroupNumber":"299","ServiceNumber":"801","TrainCrewNumber":"000","TrainPosition":"1","TrainRunningPosition":"2","RailName":"T1301","StationID":"013","TerminalStationID":"000","DestinationID":"000"},{"TrainGroupNumber":"201","ServiceNumber":"000","TrainCrewNumber":"000","TrainPosition":"1","TrainRunningPosition":"1","RailName":"T1304","StationID":"013","TerminalStationID":"000","DestinationID":"000"}]}}
10-12 12:48:02.082  5141  5164 D LogWriteUtil.class=LogFileHandlerThread.class: 1getFilePath: logFormat=2022-10-12, LogWriteUtil.logPathDir=/custom/metro/log
10-12 12:48:02.082  5141  5164 D LogWriteUtil.class=LogFileHandlerThread.class: 2getFilePath: filePath=/custom/metro/log/2022-10-12
10-12 12:48:02.082  5141  5164 D LogWriteUtil.class=LogFileHandlerThread.class: getFileNameSuffix: file=/custom/metro/log/2022-10-12
10-12 12:48:02.082  5141  5141 D MainActivity: onMessageEvent  -- gginit: disApi, id=1---event={"MsgSeqID":42787,"MsgName":"GetStationATSRsp","MsgInfo":{"Code":10011,"StationATSInfos":[{"TrainGroupNumber":"211","ServiceNumber":"000","TrainCrewNumber":"000","TrainPosition":"1","TrainRunningPosition":"1","RailName":"T1306","StationID":"013","TerminalStationID":"000","DestinationID":"000"},{"TrainGroupNumber":"202","ServiceNumber":"000","TrainCrewNumber":"000","TrainPosition":"1","TrainRunningPosition":"2","RailName":"T1303","StationID":"013","TerminalStationID":"000","DestinationID":"000"},{"TrainGroupNumber":"299","ServiceNumber":"801","TrainCrewNumber":"000","TrainPosition":"1","TrainRunningPosition":"2","RailName":"T1301","StationID":"013","TerminalStationID":"000","DestinationID":"000"},{"TrainGroupNumber":"201","ServiceNumber":"000","TrainCrewNumber":"000","TrainPosition":"1","TrainRunningPosition":"1","RailName":"T1304","StationID":"013","TerminalStationID":"000","DestinationID":"000"}]}}
10-12 12:48:02.082  5141  5164 D LogWriteUtil.class=LogFileHandlerThread.class: 3getCurrentFileName: logFileName=app21.log
10-12 12:48:02.082  5141  5164 D LogWriteUtil.class=LogFileHandlerThread.class: 1,initFile: getFilePath()=/custom/metro/log/2022-10-12, getCurrentFileName=app21.log
10-12 12:48:02.082  5141  5141 D MainViewModel: 1processDisApi: disApi, id=1
10-12 12:48:02.083  5141  5164 D LogWriteUtil.class=LogFileHandlerThread.class: 1getFilePath: logFormat=2022-10-12, LogWriteUtil.logPathDir=/custom/metro/log
10-12 12:48:02.083  5141  5164 D LogWriteUtil.class=LogFileHandlerThread.class: 2getFilePath: filePath=/custom/metro/log/2022-10-12
10-12 12:48:02.083  5141  5164 D LogWriteUtil.class=LogFileHandlerThread.class: 1getCurrentFileName: LogWriteUtil.logfile=app.log
10-12 12:48:02.084  5141  5237 D DisApiSingletonReceive: processingData: disApi, id=220 - data={"MsgSeqID":42787,"MsgName":"GetStationATSRsp","MsgInfo":{"Code":10011,"StationATSInfos":[{"TrainGroupNumber":"211","ServiceNumber":"000","TrainCrewNumber":"000","TrainPosition":"1","TrainRunningPosition":"1","RailName":"T1306","StationID":"013","TerminalStationID":"000","DestinationID":"000"},{"TrainGroupNumber":"202","ServiceNumber":"000","TrainCrewNumber":"000","TrainPosition":"1","TrainRunningPosition":"2","RailName":"T1303","StationID":"013","TerminalStationID":"000","DestinationID":"000"},{"TrainGroupNumber":"299","ServiceNumber":"801","TrainCrewNumber":"000","TrainPosition":"1","TrainRunningPosition":"2","RailName":"T1301","StationID":"013","TerminalStationID":"000","DestinationID":"000"},{"TrainGroupNumber":"201","ServiceNumber":"000","TrainCrewNumber":"000","TrainPosition":"1","TrainRunningPosition":"1","RailName":"T1304","StationID":"013","TerminalStationID":"000","DestinationID":"000"}]}}
10-12 12:48:02.084  5141  5164 D LogWriteUtil.class=LogFileHandlerThread.class: 1getFilePath: logFormat=2022-10-12, LogWriteUtil.logPathDir=/custom/metro/log
10-12 12:48:02.084  5141  5164 D LogWriteUtil.class=LogFileHandlerThread.class: 2getFilePath: filePath=/custom/metro/log/2022-10-12
10-12 12:48:02.084  5141  5164 D LogWriteUtil.class=LogFileHandlerThread.class: getFileNameSuffix: file=/custom/metro/log/2022-10-12
10-12 12:48:02.084  5141  5164 D LogWriteUtil.class=LogFileHandlerThread.class: 2getCurrentFileName: index=3, LogWriteUtil.logfile=app.log, getFileNameSuffix=21
10-12 12:48:02.085  5141  5164 D LogWriteUtil.class=LogFileHandlerThread.class: 1getFilePath: logFormat=2022-10-12, LogWriteUtil.logPathDir=/custom/metro/log
10-12 12:48:02.085  5141  5164 D LogWriteUtil.class=LogFileHandlerThread.class: 2getFilePath: filePath=/custom/metro/log/2022-10-12
10-12 12:48:02.085  5141  5164 D LogWriteUtil.class=LogFileHandlerThread.class: getFileNameSuffix: file=/custom/metro/log/2022-10-12
10-12 12:48:02.085  5141  5164 D LogWriteUtil.class=LogFileHandlerThread.class: 3getCurrentFileName: logFileName=app21.log
10-12 12:48:02.085  5141  5164 D LogWriteUtil.class=LogFileHandlerThread.class: 1getCurrentFileName: LogWriteUtil.logfile=app.log
10-12 12:48:02.086  5141  5164 D LogWriteUtil.class=LogFileHandlerThread.class: 1getFilePath: logFormat=2022-10-12, LogWriteUtil.logPathDir=/custom/metro/log
