10-11 15:21:39.398  4965  4986 D LogWriteUtil.class=LogFileHandlerThread.class: 3getCurrentFileName: logFileName=app7.log
10-11 15:21:39.398  4965  4986 D LogWriteUtil.class=LogFileHandlerThread.class: 1,initFile: getFilePath()=/custom/metro/log/2022-10-11, getCurrentFileName=app7.log
10-11 15:21:39.399  4965  4986 D LogWriteUtil.class=LogFileHandlerThread.class: 1getFilePath: logFormat=2022-10-11, LogWriteUtil.logPathDir=/custom/metro/log
10-11 15:21:39.399  4965  4986 D LogWriteUtil.class=LogFileHandlerThread.class: 2getFilePath: filePath=/custom/metro/log/2022-10-11
10-11 15:21:39.399  4965  4986 D LogWriteUtil.class=LogFileHandlerThread.class: 1getCurrentFileName: LogWriteUtil.logfile=app.log
10-11 15:21:39.400  4965  4986 D LogWriteUtil.class=LogFileHandlerThread.class: 1getFilePath: logFormat=2022-10-11, LogWriteUtil.logPathDir=/custom/metro/log
10-11 15:21:39.400  4965  4986 D LogWriteUtil.class=LogFileHandlerThread.class: 2getFilePath: filePath=/custom/metro/log/2022-10-11
10-11 15:21:39.400  4965  4986 D LogWriteUtil.class=LogFileHandlerThread.class: getFileNameSuffix: file=/custom/metro/log/2022-10-11
10-11 15:21:39.401  4965  4986 D LogWriteUtil.class=LogFileHandlerThread.class: 2getCurrentFileName: index=3, LogWriteUtil.logfile=app.log, getFileNameSuffix=7
10-11 15:21:39.402  4965  4986 D LogWriteUtil.class=LogFileHandlerThread.class: 1getFilePath: logFormat=2022-10-11, LogWriteUtil.logPathDir=/custom/metro/log
10-11 15:21:39.402  4965  4986 D LogWriteUtil.class=LogFileHandlerThread.class: 2getFilePath: filePath=/custom/metro/log/2022-10-11
10-11 15:21:39.402  4965  4986 D LogWriteUtil.class=LogFileHandlerThread.class: getFileNameSuffix: file=/custom/metro/log/2022-10-11
10-11 15:21:39.402  4965  4986 D LogWriteUtil.class=LogFileHandlerThread.class: 3getCurrentFileName: logFileName=app7.log
10-11 15:21:39.402  4965  4986 D LogWriteUtil.class=LogFileHandlerThread.class: 1getCurrentFileName: LogWriteUtil.logfile=app.log
10-11 15:21:39.403  4965  4986 D LogWriteUtil.class=LogFileHandlerThread.class: 1getFilePath: logFormat=2022-10-11, LogWriteUtil.logPathDir=/custom/metro/log
10-11 15:21:39.403  4965  4986 D LogWriteUtil.class=LogFileHandlerThread.class: 2getFilePath: filePath=/custom/metro/log/2022-10-11
10-11 15:21:39.403  4965  4986 D LogWriteUtil.class=LogFileHandlerThread.class: getFileNameSuffix: file=/custom/metro/log/2022-10-11
10-11 15:21:39.404  4965  4986 D LogWriteUtil.class=LogFileHandlerThread.class: 2getCurrentFileName: index=3, LogWriteUtil.logfile=app.log, getFileNameSuffix=7
10-11 15:21:39.405  4965  4986 D LogWriteUtil.class=LogFileHandlerThread.class: 1getFilePath: logFormat=2022-10-11, LogWriteUtil.logPathDir=/custom/metro/log
10-11 15:21:39.405  4965  4986 D LogWriteUtil.class=LogFileHandlerThread.class: 2getFilePath: filePath=/custom/metro/log/2022-10-11
10-11 15:21:39.405  4965  4986 D LogWriteUtil.class=LogFileHandlerThread.class: getFileNameSuffix: file=/custom/metro/log/2022-10-11
10-11 15:21:39.405  4965  4986 D LogWriteUtil.class=LogFileHandlerThread.class: 3getCurrentFileName: logFileName=app7.log
10-11 15:21:39.406  4965  4986 D TAG     : 2,initFile: /custom/metro/log/2022-10-11/app7.log, logFile.length=1047195, getCurrentFileName()=app7.log, writeFileName=/custom/metro/log/2022-10-11/app7.log
10-11 15:21:39.406  4965  4986 D LogWriteUtil.class=LogFileHandlerThread.class: 8,initFile: logFile=/custom/metro/log/2022-10-11/app7.log, logFile.length=1047195
10-11 15:21:39.442  4965  6598 W B-TrunC : B-TrunC Call Analyzer rtp :rev first package seq is 0,pt:126,ts:3120
10-11 15:21:39.442  4965  6598 I B-TrunC : B-TrunC Call Analyzer rtp [receiver_process][receiver start call time :3320559621, 387] 
10-11 15:21:39.442  4965  6598 I B-TrunC : B-TrunC Call Auto Analyzer receiver startCallPttTime is:1665472903173
10-11 15:21:39.444  4965  6609 I B-TrunC : B-TrunC Call Analyzer audio : AudioTrack write first data
10-11 15:21:39.457  4965  4965 D CallActivity: paStartMic: aaaaaaaaaaaaaaaaaaaaaa-------------------------aaaa00000---start
10-11 15:21:39.458  4965  4965 D CallActivity: paStartMic: aaaaaaaaaaaaaaaaaaaaaa-------------------------aaaa111---start
10-11 15:21:39.458  4965  4965 D CallActivity: startStationZoneBro: Config.APP_TYPE=1, BaseConstant.METRO_CALL_STATE=3
10-11 15:21:39.458  4965  4965 D CallActivity: paStartMic: aaaaaaaaaaaaaaaaaaaaaa-------------------------aaaa2222---start
10-11 15:21:39.458  4965  5018 D GotaSystemHandler: handleMessage msg.what =LTE_REQ_CALL_START_RECORD;msg.arg1=0
10-11 15:21:39.458  4965  5018 D LTEPhone: processRequest msg.what=LTE_REQ_CALL_START_RECORD
10-11 15:21:39.458  4965  5018 D LTECallTracker: handleMessage  event = LTE_REQ_CALL_START_RECORD
10-11 15:21:39.458  4965  5018 D PTTCall : handleMessage: event = LTE_REQ_CALL_START_RECORD
10-11 15:21:39.458  4965  5018 D LTECallListenStatus: handleMessage  event = LTE_REQ_CALL_START_RECORD,callStatus=LTECallListenStatus
10-11 15:21:39.458  4965  4965 W ContextImpl: Calling a method in the system process without a qualified user: android.app.ContextImpl.sendBroadcast:877 android.content.ContextWrapper.sendBroadcast:421 com.gbcom.library_base.utils.CallActivity.startStationZoneBro:1113 com.gbcom.library_base.utils.CallActivity.showInit:711 com.gbcom.library_base.utils.CallActivity.showPopupWindow:618 
10-11 15:21:39.458  4965  5018 D LTECallListenStatus: LTE_REQ_CALL_START_RECORD uri =/custom/metro/voice/2022-10-11/1665472899457_866027332.mp3
10-11 15:21:39.459  4965  5026 D com.ztegota.system.lte.call.LTEMedia: handleMessage event=308
10-11 15:21:39.459  4965  5026 D com.ztegota.system.lte.call.LTEMedia: MEDIA_RECORD_START /custom/metro/voice/2022-10-11/1665472899457_866027332.mp3
10-11 15:21:39.459  4965  5026 I libjingle:  --dxp--[linphone_call_start_record] mode: 1,path:/custom/metro/voice/2022-10-11/1665472899457_866027332.mp3,call:0
10-11 15:21:39.459  4965  5026 I B-TrunC : --dxp--recordfb_start Thread id :  5026
10-11 15:21:39.459  4965  5026 I B-TrunC : --dxp--[record_data_alloc],line:102  
10-11 15:21:39.460  4965  5026 I B-TrunC : --dxp--[msrec_init] path:/custom/metro/voice/2022-10-11/1665472899457_866027332.mp3 
10-11 15:21:39.460  4965  5026 I B-TrunC : --dxp-- [mp3_init] mp3file:/custom/metro/voice/2022-10-11/1665472899457_866027332.mp3
10-11 15:21:39.460  4965  5026 D LAME ENCODER: Init parameters:
10-11 15:21:39.460  4965  5026 D LAME ENCODER: Number of channels: 2
10-11 15:21:39.460  4965  5026 D LAME ENCODER: Sample rate: 8000
10-11 15:21:39.460  4965  5026 D LAME ENCODER: Bitrate: 32
10-11 15:21:39.460  4965  5026 D LAME ENCODER: Mode: 0
10-11 15:21:39.460  4965  5026 D LAME ENCODER: Quality: 2
10-11 15:21:39.460  1427  1663 E ActivityManager: Sending non-protected broadcast com.gbcom.action.ACTION_FX_STATION_BRD_ZONE_START_TASK from system 4965:com.gbcom.metrosystem/1000 pkg com.gbcom.metrosystem
10-11 15:21:39.460  1427  1663 E ActivityManager: java.lang.Throwable
10-11 15:21:39.460  1427  1663 E ActivityManager: 	at com.android.server.am.ActivityManagerService.checkBroadcastFromSystem(ActivityManagerService.java:18272)
10-11 15:21:39.460  1427  1663 E ActivityManager: 	at com.android.server.am.ActivityManagerService.broadcastIntentLocked(ActivityManagerService.java:18753)
10-11 15:21:39.460  1427  1663 E ActivityManager: 	at com.android.server.am.ActivityManagerService.broadcastIntent(ActivityManagerService.java:18935)
10-11 15:21:39.460  1427  1663 E ActivityManager: 	at android.app.ActivityManagerNative.onTransact(ActivityManagerNative.java:499)
10-11 15:21:39.460  1427  1663 E ActivityManager: 	at com.android.server.am.ActivityManagerService.onTransact(ActivityManagerService.java:2869)
10-11 15:21:39.460  1427  1663 E ActivityManager: 	at android.os.Binder.execTransact(Binder.java:565)
10-11 15:21:39.468  4965  5026 D LAME ENCODER: --dxp--Init returned: 0
10-11 15:21:39.468  4965  5026 D LAME ENCODER: --dxp--framesize: 576
10-11 15:21:39.468  4965  5026 D LAME ENCODER: --dxp--mp3buffer: 576
10-11 15:21:39.469  4965  5026 D com.ztegota.system.lte.call.LTEMedia: LTEMedia WorkHandler handleMessage event=308 end!!
10-11 15:21:39.469  4965  6613 I B-TrunC : --dxp--savefb_file_thread Thread id :  6613
10-11 15:21:39.471  1427  1663 E ActivityManager: Sending non-protected broadcast com.gbcom.action.ACTION_FX_STATION_BRD_ZONE_START_TASK from system 4965:com.gbcom.metrosystem/1000 pkg com.gbcom.metrosystem
10-11 15:21:39.471  1427  1663 E ActivityManager: java.lang.Throwable
10-11 15:21:39.471  1427  1663 E ActivityManager: 	at com.android.server.am.ActivityManagerService.checkBroadcastFromSystem(ActivityManagerService.java:18272)
10-11 15:21:39.471  1427  1663 E ActivityManager: 	at com.android.server.am.ActivityManagerService.broadcastIntentLocked(ActivityManagerService.java:18844)
10-11 15:21:39.471  1427  1663 E ActivityManager: 	at com.android.server.am.ActivityManagerService.broadcastIntent(ActivityManagerService.java:18935)
10-11 15:21:39.471  1427  1663 E ActivityManager: 	at android.app.ActivityManagerNative.onTransact(ActivityManagerNative.java:499)
10-11 15:21:39.471  1427  1663 E ActivityManager: 	at com.android.server.am.ActivityManagerService.onTransact(ActivityManagerService.java:2869)
10-11 15:21:39.471  1427  1663 E ActivityManager: 	at android.os.Binder.execTransact(Binder.java:565)
10-11 15:21:39.489  4965  4965 D CallActivity: 1CallTempMessage-doCallTempEvent handleMessage: CALL_TEMP_EVENT - mEvent= 33
10-11 15:21:39.490  4965  4965 D CallActivity: doCallTempEvent: type=33, CallTempMessage.CTST_CALL_FLOORTIMEOUT=22, CallTempMessage.CTST_HIGH_CALL=24, CallTempMessage.CTST_QUEUE=5, CallTempMessage.CTST_FLOORREJ=8, CallTempMessage.CTST_FLOOR_TIMEOUT=27, CallTempMessage.CTST_GROUPIND_INCALL=12, CallTempMessage.CTST_TAKEPHOTO=13, CallTempMessage.CTST_CALL_HOLDIND=23, CallTempMessage.CTST_ALERTING=14, CallTempMessage.CTST_BUSY_ALERT=11, CallTempMessage.CTST_CALL_TIMEOUT=28, CallTempMessage.CTST_CALL_CMD_ERROR=29, CallTempMessage.CTST_CALL_CONVERT=30
10-11 15:21:39.490  4965  4965 D CallActivity: CallTempMessage-doCallTempEvent: type=33, ctst_call_start_media
10-11 15:21:39.490  4965  4965 D BaseApp : handleMessage: EVT_CALL_STATUS msg: { when=-458ms what=0 obj=com.ztegota.system.foundation.AsyncResult@9356165 target=com.gbcom.library_base.BaseApp$mHandler$1 }
10-11 15:21:39.490  4965  4965 D CallActivity: 1CallTempMessag handleMessage: CALL_STATUS_EVENT - oldState=2, newState=6
10-11 15:21:39.490  4965  4965 D CallActivity: showCurrentCallInfo: callInfo=call num:866027332 call type:3 call de:1 speak num:6023393 speak name:运营领导小组7 ptt ip:nullCreateTime :1665472899019Connect Time Real :5983839Connect Time :1665472899022Disconnect Time :0Duration Time :0 ptt ip:nullCreateTime :1665472899019Connect Time Real :5983839Connect Time :1665472899022Disconnect Time :0Duration Time :0Call TraceStatus:0isConnect  :trueisAutoCall  :falseCall Attr : mEmergency: false mPreemition: false mEncryption: false mEnhance: true mOffhook: false, newState=6
10-11 15:21:39.490  4965  4965 D CallActivity: run: showCurrentCallInfo() - mMetroCallLastConnected=5984307
10-11 15:21:39.493  4965  4965 D CallActivity: showCurrentCallInfo: other.........6023393 - ...call num:866027332 call type:3 call de:1 speak num:6023393 speak name:运营领导小组7 ptt ip:nullCreateTime :1665472899019Connect Time Real :5983839Connect Time :1665472899022Disconnect Time :0Duration Time :0 ptt ip:nullCreateTime :1665472899019Connect Time Real :5983839Connect Time :1665472899022Disconnect Time :0Duration Time :0Call TraceStatus:0isConnect  :trueisAutoCall  :falseCall Attr : mEmergency: false mPreemition: false mEncryption: false mEnhance: true mOffhook: false
10-11 15:21:39.496  4965  4965 D CallActivity: 1CallTempMessage-doCallTempEvent handleMessage: CALL_TEMP_EVENT - mEvent= 10
10-11 15:21:39.497  4965  4965 D CallActivity: doCallTempEvent: type=10, CallTempMessage.CTST_CALL_FLOORTIMEOUT=22, CallTempMessage.CTST_HIGH_CALL=24, CallTempMessage.CTST_QUEUE=5, CallTempMessage.CTST_FLOORREJ=8, CallTempMessage.CTST_FLOOR_TIMEOUT=27, CallTempMessage.CTST_GROUPIND_INCALL=12, CallTempMessage.CTST_TAKEPHOTO=13, CallTempMessage.CTST_CALL_HOLDIND=23, CallTempMessage.CTST_ALERTING=14, CallTempMessage.CTST_BUSY_ALERT=11, CallTempMessage.CTST_CALL_TIMEOUT=28, CallTempMessage.CTST_CALL_CMD_ERROR=29, CallTempMessage.CTST_CALL_CONVERT=30
10-11 15:21:39.498  4965  6497 D MainViewModel: getSystemTime_currentThreadID2: 336
10-11 15:21:39.498  4965  4965 I APP_LogUtils.kt: [(LogUtils.kt:50).i()] [com.gbcom.library_base.service.LLteService] lte_resp_sys_for_emci_detail - EmciDetail=com.ztegota.system.common.EmciDetail@8856e3a
10-11 15:21:39.498  4965  5962 D TAG     : getSystemTime_currentThreadID3s: 297, isActive=true
10-11 15:21:39.498  4965  4965 D MainActivity: onMessageEvent  -- gginit: disApi, id=1---event={"MsgSeqID":1225207,"MsgName":"GetStationATSRsp","MsgInfo":{"Code":10011,"StationATSInfos":[{"TrainGroupNumber":"211","ServiceNumber":"000","TrainCrewNumber":"000","TrainPosition":"1","TrainRunningPosition":"1","RailName":"T1206","StationID":"012","TerminalStationID":"000","DestinationID":"000"},{"TrainGroupNumber":"212","ServiceNumber":"000","TrainCrewNumber":"000","TrainPosition":"1","TrainRunningPosition":"1","RailName":"T1212","StationID":"012","TerminalStationID":"000","DestinationID":"000"}]}}
10-11 15:21:39.498  4965  4965 D MainViewModel: 1processDisApi: disApi, id=1
10-11 15:21:39.499  4965  4965 D MainActivity: onMessageEvent  -- gginit: disApi, id=1---event={"MsgSeqID":1225224,"MsgName":"GetStationATSRsp","MsgInfo":{"Code":10011,"StationATSInfos":[{"TrainGroupNumber":"211","ServiceNumber":"000","TrainCrewNumber":"000","TrainPosition":"1","TrainRunningPosition":"1","RailName":"T1206","StationID":"012","TerminalStationID":"000","DestinationID":"000"},{"TrainGroupNumber":"212","ServiceNumber":"000","TrainCrewNumber":"000","TrainPosition":"1","TrainRunningPosition":"1","RailName":"T1212","StationID":"012","TerminalStationID":"000","DestinationID":"000"}]}}
10-11 15:21:39.499  4965  4965 D MainViewModel: 1processDisApi: disApi, id=1
10-11 15:21:39.499  4965  6495 D DisApiSingletonReceive: processingData: disApi, id=334 - data={"MsgSeqID":1225207,"MsgName":"GetStationATSRsp","MsgInfo":{"Code":10011,"StationATSInfos":[{"TrainGroupNumber":"211","ServiceNumber":"000","TrainCrewNumber":"000","TrainPosition":"1","TrainRunningPosition":"1","RailName":"T1206","StationID":"012","TerminalStationID":"000","DestinationID":"000"},{"TrainGroupNumber":"212","ServiceNumber":"000","TrainCrewNumber":"000","TrainPosition":"1","TrainRunningPosition":"1","RailName":"T1212","StationID":"012","TerminalStationID":"000","DestinationID":"000"}]}}
10-11 15:21:39.499  4965  4965 D MainActivity: onMessageEvent  -- gginit: disApi, id=1---event={"MsgSeqID":1225239,"MsgName":"GetStationATSRsp","MsgInfo":{"Code":10011,"StationATSInfos":[{"TrainGroupNumber":"211","ServiceNumber":"000","TrainCrewNumber":"000","TrainPosition":"1","TrainRunningPosition":"1","RailName":"T1206","StationID":"012","TerminalStationID":"000","DestinationID":"000"},{"TrainGroupNumber":"212","ServiceNumber":"000","TrainCrewNumber":"000","TrainPosition":"1","TrainRunningPosition":"1","RailName":"T1212","StationID":"012","TerminalStationID":"000","DestinationID":"000"}]}}
10-11 15:21:39.499  4965  4965 D MainViewModel: 1processDisApi: disApi, id=1
10-11 15:21:39.499  4965  4986 D LogWriteUtil.class=LogFileHandlerThread.class: 1getFilePath: logFormat=2022-10-11, LogWriteUtil.logPathDir=/custom/metro/log
10-11 15:21:39.499  4965  4986 D LogWriteUtil.class=LogFileHandlerThread.class: 2getFilePath: filePath=/custom/metro/log/2022-10-11
10-11 15:21:39.500  4965  6423 D DisApiSingletonReceive: processingData: disApi, id=332 - data={"MsgSeqID":1225239,"MsgName":"GetStationATSRsp","MsgInfo":{"Code":10011,"StationATSInfos":[{"TrainGroupNumber":"211","ServiceNumber":"000","TrainCrewNumber":"000","TrainPosition":"1","TrainRunningPosition":"1","RailName":"T1206","StationID":"012","TerminalStationID":"000","DestinationID":"000"},{"TrainGroupNumber":"212","ServiceNumber":"000","TrainCrewNumber":"000","TrainPosition":"1","TrainRunningPosition":"1","RailName":"T1212","StationID":"012","TerminalStationID":"000","DestinationID":"000"}]}}
10-11 15:21:39.500  4965  4986 D LogWriteUtil.class=LogFileHandlerThread.class: 1getCurrentFileName: LogWriteUtil.logfile=app.log
10-11 15:21:39.500  4965  6381 D DisApiSingletonReceive: processingData: disApi, id=330 - data={"MsgSeqID":1225224,"MsgName":"GetStationATSRsp","MsgInfo":{"Code":10011,"StationATSInfos":[{"TrainGroupNumber":"211","ServiceNumber":"000","TrainCrewNumber":"000","TrainPosition":"1","TrainRunningPosition":"1","RailName":"T1206","StationID":"012","TerminalStationID":"000","DestinationID":"000"},{"TrainGroupNumber":"212","ServiceNumber":"000","TrainCrewNumber":"000","TrainPosition":"1","TrainRunningPosition":"1","RailName":"T1212","StationID":"012","TerminalStationID":"000","DestinationID":"000"}]}}
10-11 15:21:39.500  4965  4986 D LogWriteUtil.class=LogFileHandlerThread.class: 1getFilePath: logFormat=2022-10-11, LogWriteUtil.logPathDir=/custom/metro/log
10-11 15:21:39.500  4965  4965 D MainActivity: onReceive: new request mBroadCastReceiver, intent?.action=com.gbcom.action.ACTION_FX_STATION_BRD_ZONE_START_TASK
10-11 15:21:39.500  4965  4986 D LogWriteUtil.class=LogFileHandlerThread.class: 2getFilePath: filePath=/custom/metro/log/2022-10-11
10-11 15:21:39.500  4965  4965 D MainActivity: onReceive: 站选区广播开始 start
10-11 15:21:39.500  4965  4965 D MainActivity: paStartMic: aaaaaaaaaaaaaaaaaaaaaa-------------------------bbbb---start
10-11 15:21:39.501  4965  4986 D LogWriteUtil.class=LogFileHandlerThread.class: getFileNameSuffix: file=/custom/metro/log/2022-10-11
10-11 15:21:39.501  4965  4965 D MainActivity: paStartMic: aaaaaaaaaaaaaaaaaaaaaa-------------------------bbbbb---start----number=866027332
10-11 15:21:39.501  4965  6495 D DisApiSingletonReceive: parseStationAtsData: atsInfo=com.gbcom.library_base.data.StationAtsApiData@341caeb
10-11 15:21:39.501  4965  4986 D LogWriteUtil.class=LogFileHandlerThread.class: 2getCurrentFileName: index=3, LogWriteUtil.logfile=app.log, getFileNameSuffix=7
10-11 15:21:39.501  4965  4965 D MainActivity: paStartMic: aaaaaaaaaaaaaaaaaaaaaaaaaa---1111---number=866027332
10-11 15:21:39.501  4965  6381 D DisApiSingletonReceive: parseStationAtsData: atsInfo=com.gbcom.library_base.data.StationAtsApiData@b993048
10-11 15:21:39.501  4965  4965 D MainActivity: paStartMic: aaaaaaaaaaaaaaaaaaaaaaaaaa---1111---AppConstant.station_zone_bro_list1=[StationBrdZone(zoneID=1, zoneName=上行列车通播组, groupID=20000000008), StationBrdZone(zoneID=2, zoneName=下行列车通播组, groupID=20000000009), StationBrdZone(zoneID=35001, zoneName=天河站上行站台广播组, groupID=6027332), StationBrdZone(zoneID=35002, zoneName=天河站下行站台广播组, groupID=6027352), StationBrdZone(zoneID=35003, zoneName=天河站动态重组组, groupID=6027513)]
10-11 15:21:39.501  4965  6423 D DisApiSingletonReceive: parseStationAtsData: atsInfo=com.gbcom.library_base.data.StationAtsApiData@c9faee1
10-11 15:21:39.502  4965  4965 D MainActivity: paStartMic: aaaaaaaaaaaaaaaaaaaaaaaaaa---1111ssssss--8620000000008, +8620000000008 ---AppConstant.station_zone_bro_list2=[StationBrdZone(zoneID=1, zoneName=上行列车通播组, groupID=20000000008), StationBrdZone(zoneID=2, zoneName=下行列车通播组, groupID=20000000009), StationBrdZone(zoneID=35001, zoneName=天河站上行站台广播组, groupID=6027332), StationBrdZone(zoneID=35002, zoneName=天河站下行站台广播组, groupID=6027352), StationBrdZone(zoneID=35003, zoneName=天河站动态重组组, groupID=6027513)]
10-11 15:21:39.502  4965  6423 D BtrunCConfig: isR2Nubmer is true
10-11 15:21:39.502  4965  4986 D LogWriteUtil.class=LogFileHandlerThread.class: 1getFilePath: logFormat=2022-10-11, LogWriteUtil.logPathDir=/custom/metro/log
10-11 15:21:39.502  4965  6423 D com.ztegota.system.GotaSystem: getMdn +866022012
10-11 15:21:39.502  4965  4965 D MainActivity: paStartMic: aaaaaaaaaaaaaaaaaaaaaaaaaa---1111ssssss--8620000000009, +8620000000009 ---AppConstant.station_zone_bro_list2=[StationBrdZone(zoneID=1, zoneName=上行列车通播组, groupID=20000000008), StationBrdZone(zoneID=2, zoneName=下行列车通播组, groupID=20000000009), StationBrdZone(zoneID=35001, zoneName=天河站上行站台广播组, groupID=6027332), StationBrdZone(zoneID=35002, zoneName=天河站下行站台广播组, groupID=6027352), StationBrdZone(zoneID=35003, zoneName=天河站动态重组组, groupID=6027513)]
10-11 15:21:39.502  4965  6495 D BtrunCConfig: isR2Nubmer is true
10-11 15:21:39.502  4965  6381 D BtrunCConfig: isR2Nubmer is true
10-11 15:21:39.502  4965  4986 D LogWriteUtil.class=LogFileHandlerThread.class: 2getFilePath: filePath=/custom/metro/log/2022-10-11
10-11 15:21:39.502  4965  6423 D TAG     : getUserId: userId2=+866022012
10-11 15:21:39.502  4965  6495 D com.ztegota.system.GotaSystem: getMdn +866022012
10-11 15:21:39.502  4965  6381 D com.ztegota.system.GotaSystem: getMdn +866022012
10-11 15:21:39.502  4965  6423 D BtrunCConfig: isR2Nubmer is true
10-11 15:21:39.502  4965  6495 D TAG     : getUserId: userId2=+866022012
10-11 15:21:39.502  4965  6381 D TAG     : getUserId: userId2=+866022012
10-11 15:21:39.502  4965  6423 D com.ztegota.system.GotaSystem: getMdn +866022012
10-11 15:21:39.502  4965  6381 D BtrunCConfig: isR2Nubmer is true
10-11 15:21:39.502  4965  4986 D LogWriteUtil.class=LogFileHandlerThread.class: getFileNameSuffix: file=/custom/metro/log/2022-10-11
10-11 15:21:39.502  4965  6495 D BtrunCConfig: isR2Nubmer is true
10-11 15:21:39.502  4965  6423 D TAG     : getUserId: userId2=+866022012
10-11 15:21:39.502  4965  6381 D com.ztegota.system.GotaSystem: getMdn +866022012
10-11 15:21:39.502  4965  6495 D com.ztegota.system.GotaSystem: getMdn +866022012
10-11 15:21:39.502  4965  6381 D TAG     : getUserId: userId2=+866022012
10-11 15:21:39.502  4965  6495 D TAG     : getUserId: userId2=+866022012
10-11 15:21:39.502  4965  4965 D MainActivity: paStartMic: aaaaaaaaaaaaaaaaaaaaaaaaaa---1111ssssss--866027332, +866027332 ---AppConstant.station_zone_bro_list2=[StationBrdZone(zoneID=1, zoneName=上行列车通播组, groupID=20000000008), StationBrdZone(zoneID=2, zoneName=下行列车通播组, groupID=20000000009), StationBrdZone(zoneID=35001, zoneName=天河站上行站台广播组, groupID=6027332), StationBrdZone(zoneID=35002, zoneName=天河站下行站台广播组, groupID=6027352), StationBrdZone(zoneID=35003, zoneName=天河站动态重组组, groupID=6027513)]
10-11 15:21:39.502  4965  4986 D LogWriteUtil.class=LogFileHandlerThread.class: 3getCurrentFileName: logFileName=app7.log
10-11 15:21:39.502  4965  4986 D LogWriteUtil.class=LogFileHandlerThread.class: 1,initFile: getFilePath()=/custom/metro/log/2022-10-11, getCurrentFileName=app7.log
10-11 15:21:39.502  4965  4965 D MainActivity: paStartMic: aaaaaaaaaaaaaaaaaaaaaaaaaa---1111---AppConstant.station_zone_bro_list3=[StationBrdZone(zoneID=1, zoneName=上行列车通播组, groupID=20000000008), StationBrdZone(zoneID=2, zoneName=下行列车通播组, groupID=20000000009), StationBrdZone(zoneID=35001, zoneName=天河站上行站台广播组, groupID=6027332), StationBrdZone(zoneID=35002, zoneName=天河站下行站台广播组, groupID=6027352), StationBrdZone(zoneID=35003, zoneName=天河站动态重组组, groupID=6027513)]
10-11 15:21:39.502  4965  4965 D MainActivity: paStartMic: aaaaaaaaaaaaaaaaaaaaaaaaaa---1111ssssss--866027352, +866027352 ---AppConstant.station_zone_bro_list2=[StationBrdZone(zoneID=1, zoneName=上行列车通播组, groupID=20000000008), StationBrdZone(zoneID=2, zoneName=下行列车通播组, groupID=20000000009), StationBrdZone(zoneID=35001, zoneName=天河站上行站台广播组, groupID=6027332), StationBrdZone(zoneID=35002, zoneName=天河站下行站台广播组, groupID=6027352), StationBrdZone(zoneID=35003, zoneName=天河站动态重组组, groupID=6027513)]
10-11 15:21:39.502  4965  4965 D MainActivity: paStartMic: aaaaaaaaaaaaaaaaaaaaaaaaaa---1111ssssss--866027513, +866027513 ---AppConstant.station_zone_bro_list2=[StationBrdZone(zoneID=1, zoneName=上行列车通播组, groupID=20000000008), StationBrdZone(zoneID=2, zoneName=下行列车通播组, groupID=20000000009), StationBrdZone(zoneID=35001, zoneName=天河站上行站台广播组, groupID=6027332), StationBrdZone(zoneID=35002, zoneName=天河站下行站台广播组, groupID=6027352), StationBrdZone(zoneID=35003, zoneName=天河站动态重组组, groupID=6027513)]
10-11 15:21:39.502  4965  4965 D MainActivity: paStartMic: aaaaaaaaaaaaaaaaaaaaaaaaaa---1111---mZoneIDs=[35001], ---AppConstant.station_zone_bro_list4=[StationBrdZone(zoneID=1, zoneName=上行列车通播组, groupID=20000000008), StationBrdZone(zoneID=2, zoneName=下行列车通播组, groupID=20000000009), StationBrdZone(zoneID=35001, zoneName=天河站上行站台广播组, groupID=6027332), StationBrdZone(zoneID=35002, zoneName=天河站下行站台广播组, groupID=6027352), StationBrdZone(zoneID=35003, zoneName=天河站动态重组组, groupID=6027513)]
10-11 15:21:39.503  4965  4965 D MainActivity: paStartMic: aaaaaaaaaaaaaaaaaaaaaaaaaa---2222
10-11 15:21:39.503  4965  4986 D LogWriteUtil.class=LogFileHandlerThread.class: 1getFilePath: logFormat=2022-10-11, LogWriteUtil.logPathDir=/custom/metro/log
10-11 15:21:39.503  4965  4965 D MainViewModel: paStartMic: aaaaaaaaaaaaaaaaaaaaaaaaaa -------3333
10-11 15:21:39.503  4965  4986 D LogWriteUtil.class=LogFileHandlerThread.class: 2getFilePath: filePath=/custom/metro/log/2022-10-11
10-11 15:21:39.503  4965  4986 D LogWriteUtil.class=LogFileHandlerThread.class: 1getCurrentFileName: LogWriteUtil.logfile=app.log
10-11 15:21:39.504  4965  4986 D LogWriteUtil.class=LogFileHandlerThread.class: 1getFilePath: logFormat=2022-10-11, LogWriteUtil.logPathDir=/custom/metro/log
10-11 15:21:39.504  4965  4986 D LogWriteUtil.class=LogFileHandlerThread.class: 2getFilePath: filePath=/custom/metro/log/2022-10-11
10-11 15:21:39.504  4965  4986 D LogWriteUtil.class=LogFileHandlerThread.class: getFileNameSuffix: file=/custom/metro/log/2022-10-11
10-11 15:21:39.504  4965  4986 D LogWriteUtil.class=LogFileHandlerThread.class: 2getCurrentFileName: index=3, LogWriteUtil.logfile=app.log, getFileNameSuffix=7
10-11 15:21:39.504  4965  4986 D LogWriteUtil.class=LogFileHandlerThread.class: 1getFilePath: logFormat=2022-10-11, LogWriteUtil.logPathDir=/custom/metro/log
10-11 15:21:39.504  4965  4986 D LogWriteUtil.class=LogFileHandlerThread.class: 2getFilePath: filePath=/custom/metro/log/2022-10-11
10-11 15:21:39.504  4965  4986 D LogWriteUtil.class=LogFileHandlerThread.class: getFileNameSuffix: file=/custom/metro/log/2022-10-11
10-11 15:21:39.505  4965  4986 D LogWriteUtil.class=LogFileHandlerThread.class: 3getCurrentFileName: logFileName=app7.log
10-11 15:21:39.505  4965  4986 D LogWriteUtil.class=LogFileHandlerThread.class: 1getCurrentFileName: LogWriteUtil.logfile=app.log
10-11 15:21:39.505  4965  4986 D LogWriteUtil.class=LogFileHandlerThread.class: 1getFilePath: logFormat=2022-10-11, LogWriteUtil.logPathDir=/custom/metro/log
10-11 15:21:39.505  4965  4986 D LogWriteUtil.class=LogFileHandlerThread.class: 2getFilePath: filePath=/custom/metro/log/2022-10-11
10-11 15:21:39.505  4965  4986 D LogWriteUtil.class=LogFileHandlerThread.class: getFileNameSuffix: file=/custom/metro/log/2022-10-11
10-11 15:21:39.505  4965  4986 D LogWriteUtil.class=LogFileHandlerThread.class: 2getCurrentFileName: index=3, LogWriteUtil.logfile=app.log, getFileNameSuffix=7
10-11 15:21:39.506  4965  4986 D LogWriteUtil.class=LogFileHandlerThread.class: 1getFilePath: logFormat=2022-10-11, LogWriteUtil.logPathDir=/custom/metro/log
10-11 15:21:39.506  4965  4986 D LogWriteUtil.class=LogFileHandlerThread.class: 2getFilePath: filePath=/custom/metro/log/2022-10-11
10-11 15:21:39.506  4965  4986 D LogWriteUtil.class=LogFileHandlerThread.class: getFileNameSuffix: file=/custom/metro/log/2022-10-11
10-11 15:21:39.506  4965  4986 D LogWriteUtil.class=LogFileHandlerThread.class: 3getCurrentFileName: logFileName=app7.log
10-11 15:21:39.506  4965  4986 D TAG     : 2,initFile: /custom/metro/log/2022-10-11/app7.log, logFile.length=1047880, getCurrentFileName()=app7.log, writeFileName=/custom/metro/log/2022-10-11/app7.log
10-11 15:21:39.506  4965  4986 D LogWriteUtil.class=LogFileHandlerThread.class: 8,initFile: logFile=/custom/metro/log/2022-10-11/app7.log, logFile.length=1047880
10-11 15:21:39.510  4965  6496 D MainViewModel: paStartMic: aaaaaaaaaaaaaaaaaaaaaaaaaa------44444
10-11 15:21:39.510  4965  6496 D PaRepository: getAppID: authName=user, userNum=1234, appid=, appidTime=0
10-11 15:21:39.557  4965  6495 I APP_LogUtils.kt: [(LogUtils.kt:50).i()] [PaRepository] getAppID() - success - authName=user, userNum=1234 - appid=ef08e274512c41d885a755edc7870e9d
10-11 15:21:39.558  4965  6495 D MainViewModel: paStartMic: aaaaaaaaaaaaaaaaaaaaaaaaaa---555555--true
10-11 15:21:39.562  4965  4986 D LogWriteUtil.class=LogFileHandlerThread.class: 1getFilePath: logFormat=2022-10-11, LogWriteUtil.logPathDir=/custom/metro/log
10-11 15:21:39.562  4965  4986 D LogWriteUtil.class=LogFileHandlerThread.class: 2getFilePath: filePath=/custom/metro/log/2022-10-11
10-11 15:21:39.562  4965  4986 D LogWriteUtil.class=LogFileHandlerThread.class: 1getCurrentFileName: LogWriteUtil.logfile=app.log
10-11 15:21:39.564  4965  4986 D LogWriteUtil.class=LogFileHandlerThread.class: 1getFilePath: logFormat=2022-10-11, LogWriteUtil.logPathDir=/custom/metro/log
10-11 15:21:39.564  4965  4986 D LogWriteUtil.class=LogFileHandlerThread.class: 2getFilePath: filePath=/custom/metro/log/2022-10-11
10-11 15:21:39.564  4965  4986 D LogWriteUtil.class=LogFileHandlerThread.class: getFileNameSuffix: file=/custom/metro/log/2022-10-11
10-11 15:21:39.565  4965  4986 D LogWriteUtil.class=LogFileHandlerThread.class: 2getCurrentFileName: index=3, LogWriteUtil.logfile=app.log, getFileNameSuffix=7
10-11 15:21:39.565  4965  4986 D LogWriteUtil.class=LogFileHandlerThread.class: 1getFilePath: logFormat=2022-10-11, LogWriteUtil.logPathDir=/custom/metro/log
10-11 15:21:39.565  4965  4986 D LogWriteUtil.class=LogFileHandlerThread.class: 2getFilePath: filePath=/custom/metro/log/2022-10-11
10-11 15:21:39.565  4965  4986 D LogWriteUtil.class=LogFileHandlerThread.class: getFileNameSuffix: file=/custom/metro/log/2022-10-11
10-11 15:21:39.566  4965  4986 D LogWriteUtil.class=LogFileHandlerThread.class: 3getCurrentFileName: logFileName=app7.log
10-11 15:21:39.566  4965  4986 D LogWriteUtil.class=LogFileHandlerThread.class: 1,initFile: getFilePath()=/custom/metro/log/2022-10-11, getCurrentFileName=app7.log
10-11 15:21:39.567  4965  4986 D LogWriteUtil.class=LogFileHandlerThread.class: 1getFilePath: logFormat=2022-10-11, LogWriteUtil.logPathDir=/custom/metro/log
10-11 15:21:39.567  4965  4986 D LogWriteUtil.class=LogFileHandlerThread.class: 2getFilePath: filePath=/custom/metro/log/2022-10-11
10-11 15:21:39.567  4965  4986 D LogWriteUtil.class=LogFileHandlerThread.class: 1getCurrentFileName: LogWriteUtil.logfile=app.log
10-11 15:21:39.568  4965  4986 D LogWriteUtil.class=LogFileHandlerThread.class: 1getFilePath: logFormat=2022-10-11, LogWriteUtil.logPathDir=/custom/metro/log
10-11 15:21:39.568  4965  4986 D LogWriteUtil.class=LogFileHandlerThread.class: 2getFilePath: filePath=/custom/metro/log/2022-10-11
10-11 15:21:39.568  4965  4986 D LogWriteUtil.class=LogFileHandlerThread.class: getFileNameSuffix: file=/custom/metro/log/2022-10-11
10-11 15:21:39.569  4965  4986 D LogWriteUtil.class=LogFileHandlerThread.class: 2getCurrentFileName: index=3, LogWriteUtil.logfile=app.log, getFileNameSuffix=7
10-11 15:21:39.576  4965  4986 D LogWriteUtil.class=LogFileHandlerThread.class: 1getFilePath: logFormat=2022-10-11, LogWriteUtil.logPathDir=/custom/metro/log
10-11 15:21:39.576  4965  4986 D LogWriteUtil.class=LogFileHandlerThread.class: 2getFilePath: filePath=/custom/metro/log/2022-10-11
10-11 15:21:39.576  4965  4986 D LogWriteUtil.class=LogFileHandlerThread.class: getFileNameSuffix: file=/custom/metro/log/2022-10-11
10-11 15:21:39.577  4965  4986 D LogWriteUtil.class=LogFileHandlerThread.class: 3getCurrentFileName: logFileName=app7.log
10-11 15:21:39.577  4965  4986 D LogWriteUtil.class=LogFileHandlerThread.class: 1getCurrentFileName: LogWriteUtil.logfile=app.log
10-11 15:21:39.578  4965  4986 D LogWriteUtil.class=LogFileHandlerThread.class: 1getFilePath: logFormat=2022-10-11, LogWriteUtil.logPathDir=/custom/metro/log
10-11 15:21:39.578  4965  4986 D LogWriteUtil.class=LogFileHandlerThread.class: 2getFilePath: filePath=/custom/metro/log/2022-10-11
10-11 15:21:39.579  4965  4986 D LogWriteUtil.class=LogFileHandlerThread.class: getFileNameSuffix: file=/custom/metro/log/2022-10-11
10-11 15:21:39.579  4965  4986 D LogWriteUtil.class=LogFileHandlerThread.class: 2getCurrentFileName: index=3, LogWriteUtil.logfile=app.log, getFileNameSuffix=7
10-11 15:21:39.580  4965  4986 D LogWriteUtil.class=LogFileHandlerThread.class: 1getFilePath: logFormat=2022-10-11, LogWriteUtil.logPathDir=/custom/metro/log
10-11 15:21:39.580  4965  4986 D LogWriteUtil.class=LogFileHandlerThread.class: 2getFilePath: filePath=/custom/metro/log/2022-10-11
10-11 15:21:39.580  4965  4986 D LogWriteUtil.class=LogFileHandlerThread.class: getFileNameSuffix: file=/custom/metro/log/2022-10-11
10-11 15:21:39.580  4965  4986 D LogWriteUtil.class=LogFileHandlerThread.class: 3getCurrentFileName: logFileName=app7.log
10-11 15:21:39.580  4965  4986 D TAG     : 2,initFile: /custom/metro/log/2022-10-11/app7.log, logFile.length=1048060, getCurrentFileName()=app7.log, writeFileName=/custom/metro/log/2022-10-11/app7.log
10-11 15:21:39.581  4965  4986 D LogWriteUtil.class=LogFileHandlerThread.class: 8,initFile: logFile=/custom/metro/log/2022-10-11/app7.log, logFile.length=1048060
10-11 15:21:39.603  4965  4965 D IndexFragment: initView: applyFxData() - ats=[StationAts(createTime=1665472899, trainGroupNumber=211, serviceNumber=000, trainCrewNumber=000, trainPosition=1, trainRunningPosition=1, railName=T1206, stationID=012, terminalStationID=000, destinationID=000, identityID=+866022012), StationAts(createTime=1665472899, trainGroupNumber=212, serviceNumber=000, trainCrewNumber=000, trainPosition=1, trainRunningPosition=1, railName=T1212, stationID=012, terminalStationID=000, destinationID=000, identityID=+866022012)]
10-11 15:21:39.609  4965  6381 D MainViewModel: paStartMic: aaaaaaaaaaaaaaaaaaaaaaaaaa---666666666666666--
10-11 15:21:39.657  4965  6381 D MainViewModel: paStartMic: aaaaaaaaaaaaaaaaaaaaaaaaaa---99999999999999---aaaaa--
10-11 15:21:39.658  4965  6381 W System.err: com.google.gson.JsonSyntaxException: java.lang.IllegalStateException: Expected BEGIN_OBJECT but was BEGIN_ARRAY at line 1 column 2 path $
10-11 15:21:39.658  4965  6381 W System.err: 	at com.google.gson.internal.bind.ReflectiveTypeAdapterFactory$Adapter.read(ReflectiveTypeAdapterFactory.java:226)
10-11 15:21:39.658  4965  6381 W System.err: 	at retrofit2.converter.gson.GsonResponseBodyConverter.convert(GsonResponseBodyConverter.java:40)
10-11 15:21:39.658  4965  6381 W System.err: 	at retrofit2.converter.gson.GsonResponseBodyConverter.convert(GsonResponseBodyConverter.java:27)
10-11 15:21:39.658  4965  6381 W System.err: 	at retrofit2.OkHttpCall.parseResponse(OkHttpCall.java:243)
10-11 15:21:39.659  4965  6381 W System.err: 	at retrofit2.OkHttpCall$1.onResponse(OkHttpCall.java:153)
10-11 15:21:39.659  4965  6381 W System.err: 	at okhttp3.RealCall$AsyncCall.run(RealCall.kt:138)
10-11 15:21:39.660  4965  6381 W System.err: 	at java.util.concurrent.ThreadPoolExecutor.runWorker(ThreadPoolExecutor.java:1133)
10-11 15:21:39.660  4965  6381 W System.err: 	at java.util.concurrent.ThreadPoolExecutor$Worker.run(ThreadPoolExecutor.java:607)
10-11 15:21:39.660  4965  6381 W System.err: 	at java.lang.Thread.run(Thread.java:761)
10-11 15:21:39.660  4965  6381 W System.err: Caused by: java.lang.IllegalStateException: Expected BEGIN_OBJECT but was BEGIN_ARRAY at line 1 column 2 path $
10-11 15:21:39.660  4965  6381 W System.err: 	at com.google.gson.stream.JsonReader.beginObject(JsonReader.java:385)
10-11 15:21:39.660  4965  6381 W System.err: 	at com.google.gson.internal.bind.ReflectiveTypeAdapterFactory$Adapter.read(ReflectiveTypeAdapterFactory.java:215)
10-11 15:21:39.660  4965  6381 W System.err: 	... 8 more
10-11 15:21:39.661  4965  6381 E APP_LogUtils.kt: [(LogUtils.kt:54).e()] [MainViewModel] paStartMic() Exception - zone_ids=[35001], e=java.lang.IllegalStateException: Expected BEGIN_OBJECT but was BEGIN_ARRAY at line 1 column 2 path $
10-11 15:21:39.662  4965  6381 D MainViewModel: paStartMic: aaaaaaaaaaaaaaaaaaaaaaaaaa---99999999999999---bbbbb--
10-11 15:21:39.662  4965  4986 D LogWriteUtil.class=LogFileHandlerThread.class: 1getFilePath: logFormat=2022-10-11, LogWriteUtil.logPathDir=/custom/metro/log
10-11 15:21:39.662  4965  4986 D LogWriteUtil.class=LogFileHandlerThread.class: 2getFilePath: filePath=/custom/metro/log/2022-10-11
10-11 15:21:39.663  4965  4986 D LogWriteUtil.class=LogFileHandlerThread.class: 1getCurrentFileName: LogWriteUtil.logfile=app.log
10-11 15:21:39.663  4965  4986 D LogWriteUtil.class=LogFileHandlerThread.class: 1getFilePath: logFormat=2022-10-11, LogWriteUtil.logPathDir=/custom/metro/log
10-11 15:21:39.663  4965  4986 D LogWriteUtil.class=LogFileHandlerThread.class: 2getFilePath: filePath=/custom/metro/log/2022-10-11
10-11 15:21:39.664  4965  4986 D LogWriteUtil.class=LogFileHandlerThread.class: getFileNameSuffix: file=/custom/metro/log/2022-10-11
10-11 15:21:39.664  4965  4986 D LogWriteUtil.class=LogFileHandlerThread.class: 2getCurrentFileName: index=3, LogWriteUtil.logfile=app.log, getFileNameSuffix=7
10-11 15:21:39.664  4965  4986 D LogWriteUtil.class=LogFileHandlerThread.class: 1getFilePath: logFormat=2022-10-11, LogWriteUtil.logPathDir=/custom/metro/log
10-11 15:21:39.664  4965  4986 D LogWriteUtil.class=LogFileHandlerThread.class: 2getFilePath: filePath=/custom/metro/log/2022-10-11
10-11 15:21:39.664  4965  4986 D LogWriteUtil.class=LogFileHandlerThread.class: getFileNameSuffix: file=/custom/metro/log/2022-10-11
10-11 15:21:39.665  4965  4986 D LogWriteUtil.class=LogFileHandlerThread.class: 3getCurrentFileName: logFileName=app7.log
10-11 15:21:39.665  4965  4986 D LogWriteUtil.class=LogFileHandlerThread.class: 1,initFile: getFilePath()=/custom/metro/log/2022-10-11, getCurrentFileName=app7.log
10-11 15:21:39.665  4965  4986 D LogWriteUtil.class=LogFileHandlerThread.class: 1getFilePath: logFormat=2022-10-11, LogWriteUtil.logPathDir=/custom/metro/log
10-11 15:21:39.665  4965  4986 D LogWriteUtil.class=LogFileHandlerThread.class: 2getFilePath: filePath=/custom/metro/log/2022-10-11
10-11 15:21:39.665  4965  4986 D LogWriteUtil.class=LogFileHandlerThread.class: 1getCurrentFileName: LogWriteUtil.logfile=app.log
10-11 15:21:39.665  4965  4986 D LogWriteUtil.class=LogFileHandlerThread.class: 1getFilePath: logFormat=2022-10-11, LogWriteUtil.logPathDir=/custom/metro/log
10-11 15:21:39.665  4965  4986 D LogWriteUtil.class=LogFileHandlerThread.class: 2getFilePath: filePath=/custom/metro/log/2022-10-11
10-11 15:21:39.665  4965  4986 D LogWriteUtil.class=LogFileHandlerThread.class: getFileNameSuffix: file=/custom/metro/log/2022-10-11
10-11 15:21:39.666  4965  4986 D LogWriteUtil.class=LogFileHandlerThread.class: 2getCurrentFileName: index=3, LogWriteUtil.logfile=app.log, getFileNameSuffix=7
10-11 15:21:39.666  4965  4986 D LogWriteUtil.class=LogFileHandlerThread.class: 1getFilePath: logFormat=2022-10-11, LogWriteUtil.logPathDir=/custom/metro/log
10-11 15:21:39.666  4965  4986 D LogWriteUtil.class=LogFileHandlerThread.class: 2getFilePath: filePath=/custom/metro/log/2022-10-11
10-11 15:21:39.666  4965  4986 D LogWriteUtil.class=LogFileHandlerThread.class: getFileNameSuffix: file=/custom/metro/log/2022-10-11
10-11 15:21:39.666  4965  4986 D LogWriteUtil.class=LogFileHandlerThread.class: 3getCurrentFileName: logFileName=app7.log
10-11 15:21:39.667  4965  4986 D LogWriteUtil.class=LogFileHandlerThread.class: 1getCurrentFileName: LogWriteUtil.logfile=app.log
10-11 15:21:39.667  4965  4986 D LogWriteUtil.class=LogFileHandlerThread.class: 1getFilePath: logFormat=2022-10-11, LogWriteUtil.logPathDir=/custom/metro/log
10-11 15:21:39.667  4965  4986 D LogWriteUtil.class=LogFileHandlerThread.class: 2getFilePath: filePath=/custom/metro/log/2022-10-11
10-11 15:21:39.667  4965  4986 D LogWriteUtil.class=LogFileHandlerThread.class: getFileNameSuffix: file=/custom/metro/log/2022-10-11
10-11 15:21:39.668  4965  4986 D LogWriteUtil.class=LogFileHandlerThread.class: 2getCurrentFileName: index=3, LogWriteUtil.logfile=app.log, getFileNameSuffix=7
10-11 15:21:39.668  4965  4986 D LogWriteUtil.class=LogFileHandlerThread.class: 1getFilePath: logFormat=2022-10-11, LogWriteUtil.logPathDir=/custom/metro/log
10-11 15:21:39.668  4965  4986 D LogWriteUtil.class=LogFileHandlerThread.class: 2getFilePath: filePath=/custom/metro/log/2022-10-11
10-11 15:21:39.668  4965  4986 D LogWriteUtil.class=LogFileHandlerThread.class: getFileNameSuffix: file=/custom/metro/log/2022-10-11
10-11 15:21:39.668  4965  4986 D LogWriteUtil.class=LogFileHandlerThread.class: 3getCurrentFileName: logFileName=app7.log
10-11 15:21:39.668  4965  4986 D TAG     : 2,initFile: /custom/metro/log/2022-10-11/app7.log, logFile.length=1048215, getCurrentFileName()=app7.log, writeFileName=/custom/metro/log/2022-10-11/app7.log
10-11 15:21:39.669  4965  4986 D LogWriteUtil.class=LogFileHandlerThread.class: 8,initFile: logFile=/custom/metro/log/2022-10-11/app7.log, logFile.length=1048215
10-11 15:21:39.917   574   901 E libnav  : CablComputeBacklightLevel(): UpdateType = DifferentSceneUpdate
10-11 15:21:39.959   621  1065 D AudioFlinger: mixer(0xef203080) throttle end: throttle time(10)
10-11 15:21:40.001  4965  6613 I B-TrunC :  --dxp-- savefb_file_thread save line:941 pnumber:0
10-11 15:21:40.005  4965  6381 D MainViewModel: getSystemTime_currentThreadID2: 330
10-11 15:21:40.007  4965  6381 D TAG     : getSystemTime_currentThreadID3s: 330, isActive=true
10-11 15:21:40.067  4965  4965 D MainActivity: updateSignalIcon: signal=4
10-11 15:21:40.089  4965  4965 E train_jni_log: getHandsetStatus===popen buffer=0
10-11 15:21:40.090  4965  4965 E train_jni_log: getHandsetStatus===popen iRet=0
10-11 15:21:40.093  4965  4965 D TAG     : getHeadsetStatus: 0
10-11 15:21:40.095  4965  4965 D TAG     : getHeadsetStatus: headsetStatus=200
10-11 15:21:40.095   621  1065 D AudioFlinger: mixer(0xef203080) throttle end: throttle time(3)
10-11 15:21:40.095  4965  4965 D TAG     : getHeadsetStatus: headsetStatus2=200
10-11 15:21:40.096  4965  6381 D BtrunCConfig: isR2Nubmer is true
10-11 15:21:40.096  4965  4965 D MainActivity: showStatus: aa---result---result=true, url=192.168.42.131
10-11 15:21:40.096  4965  6423 D MainViewModel: getLteIp: test1111111=172.2.200.12
10-11 15:21:40.097  4965  6381 D com.ztegota.system.GotaSystem: getMdn +866022012
10-11 15:21:40.097  4965  6381 D TAG     : getUserId: userId2=+866022012
10-11 15:21:40.098  4965  6423 I APP_LogUtils.kt: [(LogUtils.kt:50).i()] [MainViewModel] GotaSystem SDK:V2.13 2021-04-20, Host Soft Version:GM655+V1.0.6.8B02, Host Hard Version:GM655MB_C, Host Build Time:2021年 12月 28日 星期二 16:23:13 CST;
10-11 15:21:40.099  4965  4986 D LogWriteUtil.class=LogFileHandlerThread.class: 1getFilePath: logFormat=2022-10-11, LogWriteUtil.logPathDir=/custom/metro/log
10-11 15:21:40.099  4965  4986 D LogWriteUtil.class=LogFileHandlerThread.class: 2getFilePath: filePath=/custom/metro/log/2022-10-11
10-11 15:21:40.099  4965  4986 D LogWriteUtil.class=LogFileHandlerThread.class: 1getCurrentFileName: LogWriteUtil.logfile=app.log
10-11 15:21:40.100  4965  4986 D LogWriteUtil.class=LogFileHandlerThread.class: 1getFilePath: logFormat=2022-10-11, LogWriteUtil.logPathDir=/custom/metro/log
10-11 15:21:40.100  4965  4986 D LogWriteUtil.class=LogFileHandlerThread.class: 2getFilePath: filePath=/custom/metro/log/2022-10-11
10-11 15:21:40.100  4965  4986 D LogWriteUtil.class=LogFileHandlerThread.class: getFileNameSuffix: file=/custom/metro/log/2022-10-11
10-11 15:21:40.100  4965  4986 D LogWriteUtil.class=LogFileHandlerThread.class: 2getCurrentFileName: index=3, LogWriteUtil.logfile=app.log, getFileNameSuffix=7
10-11 15:21:40.101  4965  4986 D LogWriteUtil.class=LogFileHandlerThread.class: 1getFilePath: logFormat=2022-10-11, LogWriteUtil.logPathDir=/custom/metro/log
10-11 15:21:40.101  4965  4986 D LogWriteUtil.class=LogFileHandlerThread.class: 2getFilePath: filePath=/custom/metro/log/2022-10-11
10-11 15:21:40.101  4965  4986 D LogWriteUtil.class=LogFileHandlerThread.class: getFileNameSuffix: file=/custom/metro/log/2022-10-11
10-11 15:21:40.102  4965  4986 D LogWriteUtil.class=LogFileHandlerThread.class: 3getCurrentFileName: logFileName=app7.log
10-11 15:21:40.102  4965  4986 D LogWriteUtil.class=LogFileHandlerThread.class: 1,initFile: getFilePath()=/custom/metro/log/2022-10-11, getCurrentFileName=app7.log
10-11 15:21:40.102  4965  4986 D LogWriteUtil.class=LogFileHandlerThread.class: 1getFilePath: logFormat=2022-10-11, LogWriteUtil.logPathDir=/custom/metro/log
10-11 15:21:40.102  4965  4986 D LogWriteUtil.class=LogFileHandlerThread.class: 2getFilePath: filePath=/custom/metro/log/2022-10-11
10-11 15:21:40.102  4965  4986 D LogWriteUtil.class=LogFileHandlerThread.class: 1getCurrentFileName: LogWriteUtil.logfile=app.log
10-11 15:21:40.104  4965  4986 D LogWriteUtil.class=LogFileHandlerThread.class: 1getFilePath: logFormat=2022-10-11, LogWriteUtil.logPathDir=/custom/metro/log
10-11 15:21:40.105  4965  4986 D LogWriteUtil.class=LogFileHandlerThread.class: 2getFilePath: filePath=/custom/metro/log/2022-10-11
10-11 15:21:40.105  4965  4986 D LogWriteUtil.class=LogFileHandlerThread.class: getFileNameSuffix: file=/custom/metro/log/2022-10-11
10-11 15:21:40.105  4965  4986 D LogWriteUtil.class=LogFileHandlerThread.class: 2getCurrentFileName: index=3, LogWriteUtil.logfile=app.log, getFileNameSuffix=7
10-11 15:21:40.106  4965  4986 D LogWriteUtil.class=LogFileHandlerThread.class: 1getFilePath: logFormat=2022-10-11, LogWriteUtil.logPathDir=/custom/metro/log
10-11 15:21:40.106  4965  4986 D LogWriteUtil.class=LogFileHandlerThread.class: 2getFilePath: filePath=/custom/metro/log/2022-10-11
10-11 15:21:40.106  4965  4986 D LogWriteUtil.class=LogFileHandlerThread.class: getFileNameSuffix: file=/custom/metro/log/2022-10-11
10-11 15:21:40.107  4965  4986 D LogWriteUtil.class=LogFileHandlerThread.class: 3getCurrentFileName: logFileName=app7.log
10-11 15:21:40.107  4965  4986 D LogWriteUtil.class=LogFileHandlerThread.class: 1getCurrentFileName: LogWriteUtil.logfile=app.log
10-11 15:21:40.108  4965  4986 D LogWriteUtil.class=LogFileHandlerThread.class: 1getFilePath: logFormat=2022-10-11, LogWriteUtil.logPathDir=/custom/metro/log
10-11 15:21:40.108  4965  4986 D LogWriteUtil.class=LogFileHandlerThread.class: 2getFilePath: filePath=/custom/metro/log/2022-10-11
10-11 15:21:40.108  4965  4986 D LogWriteUtil.class=LogFileHandlerThread.class: getFileNameSuffix: file=/custom/metro/log/2022-10-11
10-11 15:21:40.109  4965  4986 D LogWriteUtil.class=LogFileHandlerThread.class: 2getCurrentFileName: index=3, LogWriteUtil.logfile=app.log, getFileNameSuffix=7
10-11 15:21:40.110  4965  4986 D LogWriteUtil.class=LogFileHandlerThread.class: 1getFilePath: logFormat=2022-10-11, LogWriteUtil.logPathDir=/custom/metro/log
10-11 15:21:40.110  4965  4986 D LogWriteUtil.class=LogFileHandlerThread.class: 2getFilePath: filePath=/custom/metro/log/2022-10-11
10-11 15:21:40.110  4965  4986 D LogWriteUtil.class=LogFileHandlerThread.class: getFileNameSuffix: file=/custom/metro/log/2022-10-11
10-11 15:21:40.110  4965  4986 D LogWriteUtil.class=LogFileHandlerThread.class: 3getCurrentFileName: logFileName=app7.log
10-11 15:21:40.110  4965  4986 D TAG     : 2,initFile: /custom/metro/log/2022-10-11/app7.log, logFile.length=1048425, getCurrentFileName()=app7.log, writeFileName=/custom/metro/log/2022-10-11/app7.log
10-11 15:21:40.111  4965  4986 D LogWriteUtil.class=LogFileHandlerThread.class: 8,initFile: logFile=/custom/metro/log/2022-10-11/app7.log, logFile.length=1048425
10-11 15:21:40.356  4965  5021 I rilj    : EMCI Detial(CellId--->Tav): 5378,255,2,"460702",255,65535,59,65535,255,255,58,27,16,255,1185411028021,0,0,0,0,0,0,0,0
10-11 15:21:40.357  4965  5021 D LTERILJ : [UNSL]< RIL_UNSOL_NOTIFY_EMCI_DETAIL
10-11 15:21:40.360  4965  5018 D LTEPhone: EVENT_FOR_EMCI_DETAIL
10-11 15:21:40.360  4965  5018 D LTEServiceTracker: setCellId cellId:5378,"460702"
10-11 15:21:40.362  4965  4965 I APP_LogUtils.kt: [(LogUtils.kt:50).i()] [com.gbcom.library_base.service.LLteService] lte_resp_sys_for_emci_detail - EmciDetail=com.ztegota.system.common.EmciDetail@a1d3b78
10-11 15:21:40.365  4965  4986 D LogWriteUtil.class=LogFileHandlerThread.class: 1getFilePath: logFormat=2022-10-11, LogWriteUtil.logPathDir=/custom/metro/log
10-11 15:21:40.365  4965  4986 D LogWriteUtil.class=LogFileHandlerThread.class: 2getFilePath: filePath=/custom/metro/log/2022-10-11
10-11 15:21:40.365  4965  4986 D LogWriteUtil.class=LogFileHandlerThread.class: 1getCurrentFileName: LogWriteUtil.logfile=app.log
10-11 15:21:40.366  4965  4986 D LogWriteUtil.class=LogFileHandlerThread.class: 1getFilePath: logFormat=2022-10-11, LogWriteUtil.logPathDir=/custom/metro/log
10-11 15:21:40.366  4965  4986 D LogWriteUtil.class=LogFileHandlerThread.class: 2getFilePath: filePath=/custom/metro/log/2022-10-11
10-11 15:21:40.367  4965  4986 D LogWriteUtil.class=LogFileHandlerThread.class: getFileNameSuffix: file=/custom/metro/log/2022-10-11
10-11 15:21:40.368  4965  4986 D LogWriteUtil.class=LogFileHandlerThread.class: 2getCurrentFileName: index=3, LogWriteUtil.logfile=app.log, getFileNameSuffix=7
10-11 15:21:40.369  4965  4986 D LogWriteUtil.class=LogFileHandlerThread.class: 1getFilePath: logFormat=2022-10-11, LogWriteUtil.logPathDir=/custom/metro/log
10-11 15:21:40.369  4965  4986 D LogWriteUtil.class=LogFileHandlerThread.class: 2getFilePath: filePath=/custom/metro/log/2022-10-11
10-11 15:21:40.369  4965  4986 D LogWriteUtil.class=LogFileHandlerThread.class: getFileNameSuffix: file=/custom/metro/log/2022-10-11
10-11 15:21:40.370  4965  4986 D LogWriteUtil.class=LogFileHandlerThread.class: 3getCurrentFileName: logFileName=app7.log
10-11 15:21:40.370  4965  4986 D LogWriteUtil.class=LogFileHandlerThread.class: 1,initFile: getFilePath()=/custom/metro/log/2022-10-11, getCurrentFileName=app7.log
