--------- beginning of main
10-12 16:28:00.943 12868 12958 D MainViewModel: getSystemTime_currentThreadID2: 244
10-12 16:28:00.945 12868 12963 D TAG     : getSystemTime_currentThreadID3s: 249, isActive=true
10-12 16:28:01.120 12868 12925 I rilj    : EMCI Detial(CellId--->Tav): 5889,255,2,"46009",255,65535,59,65535,255,255,57,27,16,255,1202590897205,0,0,0,0,0,0,0,0
10-12 16:28:01.120 12868 12925 D LTERILJ : [UNSL]< RIL_UNSOL_NOTIFY_EMCI_DETAIL
10-12 16:28:01.121 12868 12922 D LTEPhone: EVENT_FOR_EMCI_DETAIL
10-12 16:28:01.121 12868 12922 D LTEServiceTracker: setCellId cellId:5889,"46009"
10-12 16:28:01.123 12868 12868 I APP_LogUtils.kt: [(LogUtils.kt:50).i()] [com.gbcom.library_base.service.LLteService] lte_resp_sys_for_emci_detail - EmciDetail=com.ztegota.system.common.EmciDetail@800a6b4
10-12 16:28:01.125 12868 12889 D LogWriteUtil.class=LogFileHandlerThread.class: 1getFilePath: logFormat=2022-10-12, LogWriteUtil.logPathDir=/custom/metro/log
10-12 16:28:01.125 12868 12889 D LogWriteUtil.class=LogFileHandlerThread.class: 2getFilePath: filePath=/custom/metro/log/2022-10-12
10-12 16:28:01.126 12868 12889 D LogWriteUtil.class=LogFileHandlerThread.class: 1getCurrentFileName: LogWriteUtil.logfile=app.log
10-12 16:28:01.126 12868 12889 D LogWriteUtil.class=LogFileHandlerThread.class: 1getFilePath: logFormat=2022-10-12, LogWriteUtil.logPathDir=/custom/metro/log
10-12 16:28:01.127 12868 12889 D LogWriteUtil.class=LogFileHandlerThread.class: 2getFilePath: filePath=/custom/metro/log/2022-10-12
10-12 16:28:01.127 12868 12889 D LogWriteUtil.class=LogFileHandlerThread.class: getFileNameSuffix: file=/custom/metro/log/2022-10-12
10-12 16:28:01.128 12868 12889 D LogWriteUtil.class=LogFileHandlerThread.class: 2getCurrentFileName: index=3, LogWriteUtil.logfile=app.log, getFileNameSuffix=35
10-12 16:28:01.130 12868 12889 D LogWriteUtil.class=LogFileHandlerThread.class: 1getFilePath: logFormat=2022-10-12, LogWriteUtil.logPathDir=/custom/metro/log
10-12 16:28:01.130 12868 12889 D LogWriteUtil.class=LogFileHandlerThread.class: 2getFilePath: filePath=/custom/metro/log/2022-10-12
10-12 16:28:01.131 12868 12889 D LogWriteUtil.class=LogFileHandlerThread.class: getFileNameSuffix: file=/custom/metro/log/2022-10-12
10-12 16:28:01.132 12868 12889 D LogWriteUtil.class=LogFileHandlerThread.class: 3getCurrentFileName: logFileName=app35.log
10-12 16:28:01.132 12868 12889 D LogWriteUtil.class=LogFileHandlerThread.class: 1,initFile: getFilePath()=/custom/metro/log/2022-10-12, getCurrentFileName=app35.log
10-12 16:28:01.133 12868 12889 D LogWriteUtil.class=LogFileHandlerThread.class: 1getFilePath: logFormat=2022-10-12, LogWriteUtil.logPathDir=/custom/metro/log
10-12 16:28:01.133 12868 12889 D LogWriteUtil.class=LogFileHandlerThread.class: 2getFilePath: filePath=/custom/metro/log/2022-10-12
10-12 16:28:01.133 12868 12889 D LogWriteUtil.class=LogFileHandlerThread.class: 1getCurrentFileName: LogWriteUtil.logfile=app.log
10-12 16:28:01.134 12868 12889 D LogWriteUtil.class=LogFileHandlerThread.class: 1getFilePath: logFormat=2022-10-12, LogWriteUtil.logPathDir=/custom/metro/log
10-12 16:28:01.134 12868 12889 D LogWriteUtil.class=LogFileHandlerThread.class: 2getFilePath: filePath=/custom/metro/log/2022-10-12
10-12 16:28:01.135 12868 12889 D LogWriteUtil.class=LogFileHandlerThread.class: getFileNameSuffix: file=/custom/metro/log/2022-10-12
10-12 16:28:01.136 12868 12889 D LogWriteUtil.class=LogFileHandlerThread.class: 2getCurrentFileName: index=3, LogWriteUtil.logfile=app.log, getFileNameSuffix=35
10-12 16:28:01.137 12868 12889 D LogWriteUtil.class=LogFileHandlerThread.class: 1getFilePath: logFormat=2022-10-12, LogWriteUtil.logPathDir=/custom/metro/log
10-12 16:28:01.137 12868 12943 D UdpDisServices: udp receive - api receive data disApi, udp service id=235  - udp.packet.address=/172.2.208.8, udp.pack.socketAddress=/172.2.208.8:64002, udp.port=64002- running=true - message={"MsgSeqID":70552,"MsgName":"GetStationATSRsp","MsgInfo":{"Code":10011,"StationATSInfos":[{"TrainGroupNumber":"202","ServiceNumber":"000","TrainCrewNumber":"000","TrainPosition":"1","TrainRunningPosition":"2","RailName":"T1303","StationID":"013","TerminalStationID":"000","DestinationID":"000"},{"TrainGroupNumber":"299","ServiceNumber":"801","TrainCrewNumber":"000","TrainPosition":"1","TrainRunningPosition":"2","RailName":"T1301","StationID":"013","TerminalStationID":"000","DestinationID":"000"}]}}
10-12 16:28:01.137 12868 12889 D LogWriteUtil.class=LogFileHandlerThread.class: 2getFilePath: filePath=/custom/metro/log/2022-10-12
10-12 16:28:01.138 12868 12889 D LogWriteUtil.class=LogFileHandlerThread.class: getFileNameSuffix: file=/custom/metro/log/2022-10-12
10-12 16:28:01.139 12868 12943 I APP_LogUtils.kt: [(LogUtils.kt:50).i()] [UdpDisServices] udp receive - api receive data disApi, udp service id=235 - running=true  - ip=/172.2.208.8 - port=64002 - message={"MsgSeqID":70552,"MsgName":"GetStationATSRsp","MsgInfo":{"Code":10011,"StationATSInfos":[{"TrainGroupNumber":"202","ServiceNumber":"000","TrainCrewNumber":"000","TrainPosition":"1","TrainRunningPosition":"2","RailName":"T1303","StationID":"013","TerminalStationID":"000","DestinationID":"000"},{"TrainGroupNumber":"299","ServiceNumber":"801","TrainCrewNumber":"000","TrainPosition":"1","TrainRunningPosition":"2","RailName":"T1301","StationID":"013","TerminalStationID":"000","DestinationID":"000"}]}}
10-12 16:28:01.139 12868 12889 D LogWriteUtil.class=LogFileHandlerThread.class: 3getCurrentFileName: logFileName=app35.log
10-12 16:28:01.139 12868 12889 D LogWriteUtil.class=LogFileHandlerThread.class: 1getCurrentFileName: LogWriteUtil.logfile=app.log
10-12 16:28:01.140 12868 12889 D LogWriteUtil.class=LogFileHandlerThread.class: 1getFilePath: logFormat=2022-10-12, LogWriteUtil.logPathDir=/custom/metro/log
10-12 16:28:01.141 12868 12868 D MainActivity: onMessageEvent  -- gginit: disApi, id=1---event={"MsgSeqID":70552,"MsgName":"GetStationATSRsp","MsgInfo":{"Code":10011,"StationATSInfos":[{"TrainGroupNumber":"202","ServiceNumber":"000","TrainCrewNumber":"000","TrainPosition":"1","TrainRunningPosition":"2","RailName":"T1303","StationID":"013","TerminalStationID":"000","DestinationID":"000"},{"TrainGroupNumber":"299","ServiceNumber":"801","TrainCrewNumber":"000","TrainPosition":"1","TrainRunningPosition":"2","RailName":"T1301","StationID":"013","TerminalStationID":"000","DestinationID":"000"}]}}
10-12 16:28:01.141 12868 12868 D MainViewModel: 1processDisApi: disApi, id=1
10-12 16:28:01.141 12868 12889 D LogWriteUtil.class=LogFileHandlerThread.class: 2getFilePath: filePath=/custom/metro/log/2022-10-12
10-12 16:28:01.141 12868 12889 D LogWriteUtil.class=LogFileHandlerThread.class: getFileNameSuffix: file=/custom/metro/log/2022-10-12
10-12 16:28:01.142 12868 12954 D DisApiSingletonReceive: processingData: disApi, id=240 - data={"MsgSeqID":70552,"MsgName":"GetStationATSRsp","MsgInfo":{"Code":10011,"StationATSInfos":[{"TrainGroupNumber":"202","ServiceNumber":"000","TrainCrewNumber":"000","TrainPosition":"1","TrainRunningPosition":"2","RailName":"T1303","StationID":"013","TerminalStationID":"000","DestinationID":"000"},{"TrainGroupNumber":"299","ServiceNumber":"801","TrainCrewNumber":"000","TrainPosition":"1","TrainRunningPosition":"2","RailName":"T1301","StationID":"013","TerminalStationID":"000","DestinationID":"000"}]}}
10-12 16:28:01.142 12868 12889 D LogWriteUtil.class=LogFileHandlerThread.class: 2getCurrentFileName: index=3, LogWriteUtil.logfile=app.log, getFileNameSuffix=35
10-12 16:28:01.143 12868 12889 D LogWriteUtil.class=LogFileHandlerThread.class: 1getFilePath: logFormat=2022-10-12, LogWriteUtil.logPathDir=/custom/metro/log
10-12 16:28:01.143 12868 12889 D LogWriteUtil.class=LogFileHandlerThread.class: 2getFilePath: filePath=/custom/metro/log/2022-10-12
10-12 16:28:01.144 12868 12889 D LogWriteUtil.class=LogFileHandlerThread.class: getFileNameSuffix: file=/custom/metro/log/2022-10-12
10-12 16:28:01.145 12868 12889 D LogWriteUtil.class=LogFileHandlerThread.class: 3getCurrentFileName: logFileName=app35.log
10-12 16:28:01.145 12868 12889 D TAG     : 2,initFile: /custom/metro/log/2022-10-12/app35.log, logFile.length=0, getCurrentFileName()=app35.log, writeFileName=/custom/metro/log/2022-10-12/app341665563225311.log
10-12 16:28:01.145 12868 12889 D LogWriteUtil.class=LogFileHandlerThread.class: 8,initFile: logFile=/custom/metro/log/2022-10-12/app35.log, logFile.length=0
10-12 16:28:01.147 12868 12889 D LogWriteUtil.class=LogFileHandlerThread.class: 1getFilePath: logFormat=2022-10-12, LogWriteUtil.logPathDir=/custom/metro/log
10-12 16:28:01.147 12868 12889 D LogWriteUtil.class=LogFileHandlerThread.class: 2getFilePath: filePath=/custom/metro/log/2022-10-12
10-12 16:28:01.148 12868 12954 D DisApiSingletonReceive: parseStationAtsData: atsInfo=com.gbcom.library_base.data.StationAtsApiData@e4a02dd
10-12 16:28:01.148 12868 12889 D LogWriteUtil.class=LogFileHandlerThread.class: 1getCurrentFileName: LogWriteUtil.logfile=app.log
10-12 16:28:01.148 12868 12954 D BtrunCConfig: isR2Nubmer is true
10-12 16:28:01.148 12868 12954 D com.ztegota.system.GotaSystem: getMdn +866022013
10-12 16:28:01.148 12868 12954 D TAG     : getUserId: userId2=+866022013
10-12 16:28:01.148 12868 12954 D BtrunCConfig: isR2Nubmer is true
10-12 16:28:01.148 12868 12954 D com.ztegota.system.GotaSystem: getMdn +866022013
10-12 16:28:01.149 12868 12954 D TAG     : getUserId: userId2=+866022013
10-12 16:28:01.149 12868 12889 D LogWriteUtil.class=LogFileHandlerThread.class: 1getFilePath: logFormat=2022-10-12, LogWriteUtil.logPathDir=/custom/metro/log
10-12 16:28:01.149 12868 12889 D LogWriteUtil.class=LogFileHandlerThread.class: 2getFilePath: filePath=/custom/metro/log/2022-10-12
10-12 16:28:01.149 12868 12889 D LogWriteUtil.class=LogFileHandlerThread.class: getFileNameSuffix: file=/custom/metro/log/2022-10-12
10-12 16:28:01.151 12868 12889 D LogWriteUtil.class=LogFileHandlerThread.class: 2getCurrentFileName: index=3, LogWriteUtil.logfile=app.log, getFileNameSuffix=35
10-12 16:28:01.151 12868 12889 D LogWriteUtil.class=LogFileHandlerThread.class: 1getFilePath: logFormat=2022-10-12, LogWriteUtil.logPathDir=/custom/metro/log
10-12 16:28:01.152 12868 12889 D LogWriteUtil.class=LogFileHandlerThread.class: 2getFilePath: filePath=/custom/metro/log/2022-10-12
10-12 16:28:01.152 12868 12889 D LogWriteUtil.class=LogFileHandlerThread.class: getFileNameSuffix: file=/custom/metro/log/2022-10-12
10-12 16:28:01.152 12868 12889 D LogWriteUtil.class=LogFileHandlerThread.class: 3getCurrentFileName: logFileName=app35.log
10-12 16:28:01.152 12868 12889 D LogWriteUtil.class=LogFileHandlerThread.class: 1,initFile: getFilePath()=/custom/metro/log/2022-10-12, getCurrentFileName=app35.log
10-12 16:28:01.153 12868 12889 D LogWriteUtil.class=LogFileHandlerThread.class: 1getFilePath: logFormat=2022-10-12, LogWriteUtil.logPathDir=/custom/metro/log
10-12 16:28:01.153 12868 12889 D LogWriteUtil.class=LogFileHandlerThread.class: 2getFilePath: filePath=/custom/metro/log/2022-10-12
10-12 16:28:01.153 12868 12889 D LogWriteUtil.class=LogFileHandlerThread.class: 1getCurrentFileName: LogWriteUtil.logfile=app.log
10-12 16:28:01.154 12868 12889 D LogWriteUtil.class=LogFileHandlerThread.class: 1getFilePath: logFormat=2022-10-12, LogWriteUtil.logPathDir=/custom/metro/log
10-12 16:28:01.154 12868 12889 D LogWriteUtil.class=LogFileHandlerThread.class: 2getFilePath: filePath=/custom/metro/log/2022-10-12
10-12 16:28:01.154 12868 12889 D LogWriteUtil.class=LogFileHandlerThread.class: getFileNameSuffix: file=/custom/metro/log/2022-10-12
10-12 16:28:01.155 12868 12889 D LogWriteUtil.class=LogFileHandlerThread.class: 2getCurrentFileName: index=3, LogWriteUtil.logfile=app.log, getFileNameSuffix=35
10-12 16:28:01.156 12868 12889 D LogWriteUtil.class=LogFileHandlerThread.class: 1getFilePath: logFormat=2022-10-12, LogWriteUtil.logPathDir=/custom/metro/log
10-12 16:28:01.156 12868 12889 D LogWriteUtil.class=LogFileHandlerThread.class: 2getFilePath: filePath=/custom/metro/log/2022-10-12
10-12 16:28:01.156 12868 12889 D LogWriteUtil.class=LogFileHandlerThread.class: getFileNameSuffix: file=/custom/metro/log/2022-10-12
10-12 16:28:01.157 12868 12889 D LogWriteUtil.class=LogFileHandlerThread.class: 3getCurrentFileName: logFileName=app35.log
10-12 16:28:01.157 12868 12889 D LogWriteUtil.class=LogFileHandlerThread.class: 1getCurrentFileName: LogWriteUtil.logfile=app.log
10-12 16:28:01.158 12868 12889 D LogWriteUtil.class=LogFileHandlerThread.class: 1getFilePath: logFormat=2022-10-12, LogWriteUtil.logPathDir=/custom/metro/log
10-12 16:28:01.159 12868 12889 D LogWriteUtil.class=LogFileHandlerThread.class: 2getFilePath: filePath=/custom/metro/log/2022-10-12
10-12 16:28:01.159 12868 12889 D LogWriteUtil.class=LogFileHandlerThread.class: getFileNameSuffix: file=/custom/metro/log/2022-10-12
10-12 16:28:01.160 12868 12889 D LogWriteUtil.class=LogFileHandlerThread.class: 2getCurrentFileName: index=3, LogWriteUtil.logfile=app.log, getFileNameSuffix=35
10-12 16:28:01.162 12868 12889 D LogWriteUtil.class=LogFileHandlerThread.class: 1getFilePath: logFormat=2022-10-12, LogWriteUtil.logPathDir=/custom/metro/log
10-12 16:28:01.162 12868 12889 D LogWriteUtil.class=LogFileHandlerThread.class: 2getFilePath: filePath=/custom/metro/log/2022-10-12
10-12 16:28:01.162 12868 12889 D LogWriteUtil.class=LogFileHandlerThread.class: getFileNameSuffix: file=/custom/metro/log/2022-10-12
10-12 16:28:01.163 12868 12889 D LogWriteUtil.class=LogFileHandlerThread.class: 3getCurrentFileName: logFileName=app35.log
10-12 16:28:01.163 12868 12889 D TAG     : 2,initFile: /custom/metro/log/2022-10-12/app35.log, logFile.length=0, getCurrentFileName()=app35.log, writeFileName=/custom/metro/log/2022-10-12/app341665563225311.log
10-12 16:28:01.163 12868 12889 D LogWriteUtil.class=LogFileHandlerThread.class: 8,initFile: logFile=/custom/metro/log/2022-10-12/app35.log, logFile.length=0
10-12 16:28:01.170 12868 12868 D IndexFragment: initView: applyFxData() - ats=[StationAts(createTime=1665563281, trainGroupNumber=202, serviceNumber=000, trainCrewNumber=000, trainPosition=1, trainRunningPosition=2, railName=T1303, stationID=013, terminalStationID=000, destinationID=000, identityID=+866022013), StationAts(createTime=1665563281, trainGroupNumber=299, serviceNumber=801, trainCrewNumber=000, trainPosition=1, trainRunningPosition=2, railName=T1301, stationID=013, terminalStationID=000, destinationID=000, identityID=+866022013)]
10-12 16:28:01.448 12868 12954 D MainViewModel: getSystemTime_currentThreadID2: 240
10-12 16:28:01.450 12868 12963 D TAG     : getSystemTime_currentThreadID3s: 249, isActive=true
10-12 16:28:01.954 12868 12963 D MainViewModel: getSystemTime_currentThreadID2: 249
10-12 16:28:01.957 12868 12942 D TAG     : getSystemTime_currentThreadID3s: 234, isActive=true
10-12 16:28:02.115 12868 12925 I rilj    : EMCI Detial(CellId--->Tav): 5889,255,2,"46009",255,65535,59,65535,255,255,56,28,16,255,1202590897205,0,0,0,0,0,0,0,0
10-12 16:28:02.115 12868 12925 D LTERILJ : [UNSL]< RIL_UNSOL_NOTIFY_EMCI_DETAIL
10-12 16:28:02.116 12868 12922 D LTEPhone: EVENT_FOR_EMCI_DETAIL
10-12 16:28:02.116 12868 12922 D LTEServiceTracker: setCellId cellId:5889,"46009"
10-12 16:28:02.118 12868 12868 I APP_LogUtils.kt: [(LogUtils.kt:50).i()] [com.gbcom.library_base.service.LLteService] lte_resp_sys_for_emci_detail - EmciDetail=com.ztegota.system.common.EmciDetail@bce184c
10-12 16:28:02.120 12868 12889 D LogWriteUtil.class=LogFileHandlerThread.class: 1getFilePath: logFormat=2022-10-12, LogWriteUtil.logPathDir=/custom/metro/log
10-12 16:28:02.120 12868 12889 D LogWriteUtil.class=LogFileHandlerThread.class: 2getFilePath: filePath=/custom/metro/log/2022-10-12
10-12 16:28:02.121 12868 12889 D LogWriteUtil.class=LogFileHandlerThread.class: 1getCurrentFileName: LogWriteUtil.logfile=app.log
10-12 16:28:02.122 12868 12889 D LogWriteUtil.class=LogFileHandlerThread.class: 1getFilePath: logFormat=2022-10-12, LogWriteUtil.logPathDir=/custom/metro/log
10-12 16:28:02.122 12868 12889 D LogWriteUtil.class=LogFileHandlerThread.class: 2getFilePath: filePath=/custom/metro/log/2022-10-12
10-12 16:28:02.122 12868 12889 D LogWriteUtil.class=LogFileHandlerThread.class: getFileNameSuffix: file=/custom/metro/log/2022-10-12
10-12 16:28:02.124 12868 12889 D LogWriteUtil.class=LogFileHandlerThread.class: 2getCurrentFileName: index=3, LogWriteUtil.logfile=app.log, getFileNameSuffix=35
10-12 16:28:02.125 12868 12889 D LogWriteUtil.class=LogFileHandlerThread.class: 1getFilePath: logFormat=2022-10-12, LogWriteUtil.logPathDir=/custom/metro/log
10-12 16:28:02.125 12868 12889 D LogWriteUtil.class=LogFileHandlerThread.class: 2getFilePath: filePath=/custom/metro/log/2022-10-12
10-12 16:28:02.126 12868 12889 D LogWriteUtil.class=LogFileHandlerThread.class: getFileNameSuffix: file=/custom/metro/log/2022-10-12
10-12 16:28:02.127 12868 12889 D LogWriteUtil.class=LogFileHandlerThread.class: 3getCurrentFileName: logFileName=app35.log
10-12 16:28:02.127 12868 12889 D LogWriteUtil.class=LogFileHandlerThread.class: 1,initFile: getFilePath()=/custom/metro/log/2022-10-12, getCurrentFileName=app35.log
10-12 16:28:02.128 12868 12889 D LogWriteUtil.class=LogFileHandlerThread.class: 1getFilePath: logFormat=2022-10-12, LogWriteUtil.logPathDir=/custom/metro/log
10-12 16:28:02.128 12868 12889 D LogWriteUtil.class=LogFileHandlerThread.class: 2getFilePath: filePath=/custom/metro/log/2022-10-12
10-12 16:28:02.128 12868 12889 D LogWriteUtil.class=LogFileHandlerThread.class: 1getCurrentFileName: LogWriteUtil.logfile=app.log
10-12 16:28:02.130 12868 12889 D LogWriteUtil.class=LogFileHandlerThread.class: 1getFilePath: logFormat=2022-10-12, LogWriteUtil.logPathDir=/custom/metro/log
10-12 16:28:02.131 12868 12889 D LogWriteUtil.class=LogFileHandlerThread.class: 2getFilePath: filePath=/custom/metro/log/2022-10-12
10-12 16:28:02.131 12868 12889 D LogWriteUtil.class=LogFileHandlerThread.class: getFileNameSuffix: file=/custom/metro/log/2022-10-12
10-12 16:28:02.132 12868 12889 D LogWriteUtil.class=LogFileHandlerThread.class: 2getCurrentFileName: index=3, LogWriteUtil.logfile=app.log, getFileNameSuffix=35
10-12 16:28:02.133 12868 12889 D LogWriteUtil.class=LogFileHandlerThread.class: 1getFilePath: logFormat=2022-10-12, LogWriteUtil.logPathDir=/custom/metro/log
10-12 16:28:02.134 12868 12889 D LogWriteUtil.class=LogFileHandlerThread.class: 2getFilePath: filePath=/custom/metro/log/2022-10-12
10-12 16:28:02.134 12868 12889 D LogWriteUtil.class=LogFileHandlerThread.class: getFileNameSuffix: file=/custom/metro/log/2022-10-12
10-12 16:28:02.135 12868 12889 D LogWriteUtil.class=LogFileHandlerThread.class: 3getCurrentFileName: logFileName=app35.log
10-12 16:28:02.135 12868 12889 D LogWriteUtil.class=LogFileHandlerThread.class: 1getCurrentFileName: LogWriteUtil.logfile=app.log
10-12 16:28:02.137 12868 12889 D LogWriteUtil.class=LogFileHandlerThread.class: 1getFilePath: logFormat=2022-10-12, LogWriteUtil.logPathDir=/custom/metro/log
10-12 16:28:02.137 12868 12889 D LogWriteUtil.class=LogFileHandlerThread.class: 2getFilePath: filePath=/custom/metro/log/2022-10-12
10-12 16:28:02.137 12868 12889 D LogWriteUtil.class=LogFileHandlerThread.class: getFileNameSuffix: file=/custom/metro/log/2022-10-12
10-12 16:28:02.138 12868 12889 D LogWriteUtil.class=LogFileHandlerThread.class: 2getCurrentFileName: index=3, LogWriteUtil.logfile=app.log, getFileNameSuffix=35
10-12 16:28:02.140 12868 12889 D LogWriteUtil.class=LogFileHandlerThread.class: 1getFilePath: logFormat=2022-10-12, LogWriteUtil.logPathDir=/custom/metro/log
10-12 16:28:02.140 12868 12889 D LogWriteUtil.class=LogFileHandlerThread.class: 2getFilePath: filePath=/custom/metro/log/2022-10-12
10-12 16:28:02.140 12868 12889 D LogWriteUtil.class=LogFileHandlerThread.class: getFileNameSuffix: file=/custom/metro/log/2022-10-12
10-12 16:28:02.141 12868 12889 D LogWriteUtil.class=LogFileHandlerThread.class: 3getCurrentFileName: logFileName=app35.log
10-12 16:28:02.142 12868 12889 D TAG     : 2,initFile: /custom/metro/log/2022-10-12/app35.log, logFile.length=0, getCurrentFileName()=app35.log, writeFileName=/custom/metro/log/2022-10-12/app341665563225311.log
10-12 16:28:02.142 12868 12889 D LogWriteUtil.class=LogFileHandlerThread.class: 8,initFile: logFile=/custom/metro/log/2022-10-12/app35.log, logFile.length=0
10-12 16:28:02.462 12868 12942 D MainViewModel: getSystemTime_currentThreadID2: 234
10-12 16:28:02.464 12868 12954 D TAG     : getSystemTime_currentThreadID3s: 240, isActive=true
10-12 16:28:02.967 12868 12954 D MainViewModel: getSystemTime_currentThreadID2: 240
10-12 16:28:02.970 12868 12963 D TAG     : getSystemTime_currentThreadID3s: 249, isActive=true
10-12 16:28:03.022 12868 12961 D UdpDcRepository: api send - Thread ID=248, obj={"MsgName":"AppHeartbeat","MsgSeqID":36,"AppID":"172.2.200.13","MsgInfo":{"SDKLongNumber":"+866022013"}}
10-12 16:28:03.027 12868 12961 I APP_LogUtils.kt: [(LogUtils.kt:50).i()] [UdpDisServices] start: send(String) - thread ID=248, send msg={"MsgName":"AppHeartbeat","MsgSeqID":36,"AppID":"172.2.200.13","MsgInfo":{"SDKLongNumber":"+866022013"}}
10-12 16:28:03.028 12868 12889 D LogWriteUtil.class=LogFileHandlerThread.class: 1getFilePath: logFormat=2022-10-12, LogWriteUtil.logPathDir=/custom/metro/log
10-12 16:28:03.028 12868 12889 D LogWriteUtil.class=LogFileHandlerThread.class: 2getFilePath: filePath=/custom/metro/log/2022-10-12
10-12 16:28:03.029 12868 12889 D LogWriteUtil.class=LogFileHandlerThread.class: 1getCurrentFileName: LogWriteUtil.logfile=app.log
10-12 16:28:03.030 12868 12889 D LogWriteUtil.class=LogFileHandlerThread.class: 1getFilePath: logFormat=2022-10-12, LogWriteUtil.logPathDir=/custom/metro/log
10-12 16:28:03.030 12868 12889 D LogWriteUtil.class=LogFileHandlerThread.class: 2getFilePath: filePath=/custom/metro/log/2022-10-12
10-12 16:28:03.030 12868 12889 D LogWriteUtil.class=LogFileHandlerThread.class: getFileNameSuffix: file=/custom/metro/log/2022-10-12
10-12 16:28:03.031 12868 12961 D UdpDcRepository: api send - Thread ID=248, obj={"MsgName":"GetStationATSReq","MsgSeqID":37,"AppID":"172.2.200.13","MsgInfo":{}}
10-12 16:28:03.031 12868 12889 D LogWriteUtil.class=LogFileHandlerThread.class: 2getCurrentFileName: index=3, LogWriteUtil.logfile=app.log, getFileNameSuffix=35
10-12 16:28:03.032 12868 12889 D LogWriteUtil.class=LogFileHandlerThread.class: 1getFilePath: logFormat=2022-10-12, LogWriteUtil.logPathDir=/custom/metro/log
10-12 16:28:03.033 12868 12889 D LogWriteUtil.class=LogFileHandlerThread.class: 2getFilePath: filePath=/custom/metro/log/2022-10-12
10-12 16:28:03.033 12868 12889 D LogWriteUtil.class=LogFileHandlerThread.class: getFileNameSuffix: file=/custom/metro/log/2022-10-12
10-12 16:28:03.034 12868 12889 D LogWriteUtil.class=LogFileHandlerThread.class: 3getCurrentFileName: logFileName=app35.log
10-12 16:28:03.034 12868 12889 D LogWriteUtil.class=LogFileHandlerThread.class: 1,initFile: getFilePath()=/custom/metro/log/2022-10-12, getCurrentFileName=app35.log
10-12 16:28:03.035 12868 12961 I APP_LogUtils.kt: [(LogUtils.kt:50).i()] [UdpDisServices] start: send(String) - thread ID=248, send msg={"MsgName":"GetStationATSReq","MsgSeqID":37,"AppID":"172.2.200.13","MsgInfo":{}}
10-12 16:28:03.035 12868 12889 D LogWriteUtil.class=LogFileHandlerThread.class: 1getFilePath: logFormat=2022-10-12, LogWriteUtil.logPathDir=/custom/metro/log
10-12 16:28:03.036 12868 12889 D LogWriteUtil.class=LogFileHandlerThread.class: 2getFilePath: filePath=/custom/metro/log/2022-10-12
10-12 16:28:03.036 12868 12889 D LogWriteUtil.class=LogFileHandlerThread.class: 1getCurrentFileName: LogWriteUtil.logfile=app.log
10-12 16:28:03.037 12868 12889 D LogWriteUtil.class=LogFileHandlerThread.class: 1getFilePath: logFormat=2022-10-12, LogWriteUtil.logPathDir=/custom/metro/log
10-12 16:28:03.037 12868 12889 D LogWriteUtil.class=LogFileHandlerThread.class: 2getFilePath: filePath=/custom/metro/log/2022-10-12
10-12 16:28:03.037 12868 12889 D LogWriteUtil.class=LogFileHandlerThread.class: getFileNameSuffix: file=/custom/metro/log/2022-10-12
10-12 16:28:03.038 12868 12889 D LogWriteUtil.class=LogFileHandlerThread.class: 2getCurrentFileName: index=3, LogWriteUtil.logfile=app.log, getFileNameSuffix=35
10-12 16:28:03.040 12868 12889 D LogWriteUtil.class=LogFileHandlerThread.class: 1getFilePath: logFormat=2022-10-12, LogWriteUtil.logPathDir=/custom/metro/log
10-12 16:28:03.040 12868 12889 D LogWriteUtil.class=LogFileHandlerThread.class: 2getFilePath: filePath=/custom/metro/log/2022-10-12
10-12 16:28:03.040 12868 12889 D LogWriteUtil.class=LogFileHandlerThread.class: getFileNameSuffix: file=/custom/metro/log/2022-10-12
10-12 16:28:03.041 12868 12889 D LogWriteUtil.class=LogFileHandlerThread.class: 3getCurrentFileName: logFileName=app35.log
10-12 16:28:03.041 12868 12889 D LogWriteUtil.class=LogFileHandlerThread.class: 1getCurrentFileName: LogWriteUtil.logfile=app.log
10-12 16:28:03.042 12868 12889 D LogWriteUtil.class=LogFileHandlerThread.class: 1getFilePath: logFormat=2022-10-12, LogWriteUtil.logPathDir=/custom/metro/log
10-12 16:28:03.043 12868 12889 D LogWriteUtil.class=LogFileHandlerThread.class: 2getFilePath: filePath=/custom/metro/log/2022-10-12
10-12 16:28:03.043 12868 12889 D LogWriteUtil.class=LogFileHandlerThread.class: getFileNameSuffix: file=/custom/metro/log/2022-10-12
10-12 16:28:03.044 12868 12889 D LogWriteUtil.class=LogFileHandlerThread.class: 2getCurrentFileName: index=3, LogWriteUtil.logfile=app.log, getFileNameSuffix=35
10-12 16:28:03.045 12868 12889 D LogWriteUtil.class=LogFileHandlerThread.class: 1getFilePath: logFormat=2022-10-12, LogWriteUtil.logPathDir=/custom/metro/log
10-12 16:28:03.045 12868 12889 D LogWriteUtil.class=LogFileHandlerThread.class: 2getFilePath: filePath=/custom/metro/log/2022-10-12
10-12 16:28:03.046 12868 12889 D LogWriteUtil.class=LogFileHandlerThread.class: getFileNameSuffix: file=/custom/metro/log/2022-10-12
10-12 16:28:03.047 12868 12889 D LogWriteUtil.class=LogFileHandlerThread.class: 3getCurrentFileName: logFileName=app35.log
10-12 16:28:03.047 12868 12889 D TAG     : 2,initFile: /custom/metro/log/2022-10-12/app35.log, logFile.length=0, getCurrentFileName()=app35.log, writeFileName=/custom/metro/log/2022-10-12/app341665563225311.log
10-12 16:28:03.047 12868 12889 D LogWriteUtil.class=LogFileHandlerThread.class: 8,initFile: logFile=/custom/metro/log/2022-10-12/app35.log, logFile.length=0
10-12 16:28:03.049 12868 12889 D LogWriteUtil.class=LogFileHandlerThread.class: 1getFilePath: logFormat=2022-10-12, LogWriteUtil.logPathDir=/custom/metro/log
10-12 16:28:03.050 12868 12889 D LogWriteUtil.class=LogFileHandlerThread.class: 2getFilePath: filePath=/custom/metro/log/2022-10-12
10-12 16:28:03.050 12868 12889 D LogWriteUtil.class=LogFileHandlerThread.class: 1getCurrentFileName: LogWriteUtil.logfile=app.log
10-12 16:28:03.051 12868 12889 D LogWriteUtil.class=LogFileHandlerThread.class: 1getFilePath: logFormat=2022-10-12, LogWriteUtil.logPathDir=/custom/metro/log
10-12 16:28:03.051 12868 12889 D LogWriteUtil.class=LogFileHandlerThread.class: 2getFilePath: filePath=/custom/metro/log/2022-10-12
10-12 16:28:03.051 12868 12889 D LogWriteUtil.class=LogFileHandlerThread.class: getFileNameSuffix: file=/custom/metro/log/2022-10-12
10-12 16:28:03.052 12868 12889 D LogWriteUtil.class=LogFileHandlerThread.class: 2getCurrentFileName: index=3, LogWriteUtil.logfile=app.log, getFileNameSuffix=35
10-12 16:28:03.053 12868 12889 D LogWriteUtil.class=LogFileHandlerThread.class: 1getFilePath: logFormat=2022-10-12, LogWriteUtil.logPathDir=/custom/metro/log
10-12 16:28:03.053 12868 12889 D LogWriteUtil.class=LogFileHandlerThread.class: 2getFilePath: filePath=/custom/metro/log/2022-10-12
10-12 16:28:03.053 12868 12889 D LogWriteUtil.class=LogFileHandlerThread.class: getFileNameSuffix: file=/custom/metro/log/2022-10-12
10-12 16:28:03.053 12868 12889 D LogWriteUtil.class=LogFileHandlerThread.class: 3getCurrentFileName: logFileName=app35.log
10-12 16:28:03.054 12868 12889 D LogWriteUtil.class=LogFileHandlerThread.class: 1,initFile: getFilePath()=/custom/metro/log/2022-10-12, getCurrentFileName=app35.log
10-12 16:28:03.054 12868 12889 D LogWriteUtil.class=LogFileHandlerThread.class: 1getFilePath: logFormat=2022-10-12, LogWriteUtil.logPathDir=/custom/metro/log
10-12 16:28:03.054 12868 12889 D LogWriteUtil.class=LogFileHandlerThread.class: 2getFilePath: filePath=/custom/metro/log/2022-10-12
10-12 16:28:03.054 12868 12889 D LogWriteUtil.class=LogFileHandlerThread.class: 1getCurrentFileName: LogWriteUtil.logfile=app.log
10-12 16:28:03.055 12868 12889 D LogWriteUtil.class=LogFileHandlerThread.class: 1getFilePath: logFormat=2022-10-12, LogWriteUtil.logPathDir=/custom/metro/log
10-12 16:28:03.055 12868 12889 D LogWriteUtil.class=LogFileHandlerThread.class: 2getFilePath: filePath=/custom/metro/log/2022-10-12
10-12 16:28:03.055 12868 12889 D LogWriteUtil.class=LogFileHandlerThread.class: getFileNameSuffix: file=/custom/metro/log/2022-10-12
10-12 16:28:03.056 12868 12889 D LogWriteUtil.class=LogFileHandlerThread.class: 2getCurrentFileName: index=3, LogWriteUtil.logfile=app.log, getFileNameSuffix=35
10-12 16:28:03.057 12868 12889 D LogWriteUtil.class=LogFileHandlerThread.class: 1getFilePath: logFormat=2022-10-12, LogWriteUtil.logPathDir=/custom/metro/log
10-12 16:28:03.057 12868 12889 D LogWriteUtil.class=LogFileHandlerThread.class: 2getFilePath: filePath=/custom/metro/log/2022-10-12
10-12 16:28:03.057 12868 12889 D LogWriteUtil.class=LogFileHandlerThread.class: getFileNameSuffix: file=/custom/metro/log/2022-10-12
10-12 16:28:03.057 12868 12889 D LogWriteUtil.class=LogFileHandlerThread.class: 3getCurrentFileName: logFileName=app35.log
10-12 16:28:03.058 12868 12889 D LogWriteUtil.class=LogFileHandlerThread.class: 1getCurrentFileName: LogWriteUtil.logfile=app.log
10-12 16:28:03.058 12868 12889 D LogWriteUtil.class=LogFileHandlerThread.class: 1getFilePath: logFormat=2022-10-12, LogWriteUtil.logPathDir=/custom/metro/log
10-12 16:28:03.058 12868 12889 D LogWriteUtil.class=LogFileHandlerThread.class: 2getFilePath: filePath=/custom/metro/log/2022-10-12
10-12 16:28:03.059 12868 12889 D LogWriteUtil.class=LogFileHandlerThread.class: getFileNameSuffix: file=/custom/metro/log/2022-10-12
10-12 16:28:03.060 12868 12889 D LogWriteUtil.class=LogFileHandlerThread.class: 2getCurrentFileName: index=3, LogWriteUtil.logfile=app.log, getFileNameSuffix=35
10-12 16:28:03.060 12868 12889 D LogWriteUtil.class=LogFileHandlerThread.class: 1getFilePath: logFormat=2022-10-12, LogWriteUtil.logPathDir=/custom/metro/log
10-12 16:28:03.061 12868 12889 D LogWriteUtil.class=LogFileHandlerThread.class: 2getFilePath: filePath=/custom/metro/log/2022-10-12
10-12 16:28:03.061 12868 12889 D LogWriteUtil.class=LogFileHandlerThread.class: getFileNameSuffix: file=/custom/metro/log/2022-10-12
10-12 16:28:03.061 12868 12889 D LogWriteUtil.class=LogFileHandlerThread.class: 3getCurrentFileName: logFileName=app35.log
10-12 16:28:03.061 12868 12889 D TAG     : 2,initFile: /custom/metro/log/2022-10-12/app35.log, logFile.length=0, getCurrentFileName()=app35.log, writeFileName=/custom/metro/log/2022-10-12/app341665563225311.log
10-12 16:28:03.062 12868 12889 D LogWriteUtil.class=LogFileHandlerThread.class: 8,initFile: logFile=/custom/metro/log/2022-10-12/app35.log, logFile.length=0
10-12 16:28:03.063 12868 12868 D MainActivity: updateSignalIcon: signal=4
10-12 16:28:03.072 12868 12943 D UdpDisServices: udp receive - api receive data disApi, udp service id=235  - udp.packet.address=/172.2.208.8, udp.pack.socketAddress=/172.2.208.8:64002, udp.port=64002- running=true - message={"MsgSeqID":70612,"MsgName":"DisReceivedNotify","MsgInfo":{"AppMsgSeqID":36,"Code":10001}}
10-12 16:28:03.073 12868 12943 I APP_LogUtils.kt: [(LogUtils.kt:50).i()] [UdpDisServices] udp receive - api receive data disApi, udp service id=235 - running=true  - ip=/172.2.208.8 - port=64002 - message={"MsgSeqID":70612,"MsgName":"DisReceivedNotify","MsgInfo":{"AppMsgSeqID":36,"Code":10001}}
10-12 16:28:03.074 12868 12889 D LogWriteUtil.class=LogFileHandlerThread.class: 1getFilePath: logFormat=2022-10-12, LogWriteUtil.logPathDir=/custom/metro/log
10-12 16:28:03.074 12868 12889 D LogWriteUtil.class=LogFileHandlerThread.class: 2getFilePath: filePath=/custom/metro/log/2022-10-12
10-12 16:28:03.075 12868 12889 D LogWriteUtil.class=LogFileHandlerThread.class: 1getCurrentFileName: LogWriteUtil.logfile=app.log
10-12 16:28:03.075 12868 12889 D LogWriteUtil.class=LogFileHandlerThread.class: 1getFilePath: logFormat=2022-10-12, LogWriteUtil.logPathDir=/custom/metro/log
10-12 16:28:03.075 12868 12889 D LogWriteUtil.class=LogFileHandlerThread.class: 2getFilePath: filePath=/custom/metro/log/2022-10-12
10-12 16:28:03.076 12868 12889 D LogWriteUtil.class=LogFileHandlerThread.class: getFileNameSuffix: file=/custom/metro/log/2022-10-12
10-12 16:28:03.076 12868 12889 D LogWriteUtil.class=LogFileHandlerThread.class: 2getCurrentFileName: index=3, LogWriteUtil.logfile=app.log, getFileNameSuffix=35
10-12 16:28:03.077 12868 12889 D LogWriteUtil.class=LogFileHandlerThread.class: 1getFilePath: logFormat=2022-10-12, LogWriteUtil.logPathDir=/custom/metro/log
10-12 16:28:03.077 12868 12889 D LogWriteUtil.class=LogFileHandlerThread.class: 2getFilePath: filePath=/custom/metro/log/2022-10-12
10-12 16:28:03.077 12868 12889 D LogWriteUtil.class=LogFileHandlerThread.class: getFileNameSuffix: file=/custom/metro/log/2022-10-12
10-12 16:28:03.078 12868 12889 D LogWriteUtil.class=LogFileHandlerThread.class: 3getCurrentFileName: logFileName=app35.log
10-12 16:28:03.078 12868 12889 D LogWriteUtil.class=LogFileHandlerThread.class: 1,initFile: getFilePath()=/custom/metro/log/2022-10-12, getCurrentFileName=app35.log
10-12 16:28:03.079 12868 12889 D LogWriteUtil.class=LogFileHandlerThread.class: 1getFilePath: logFormat=2022-10-12, LogWriteUtil.logPathDir=/custom/metro/log
10-12 16:28:03.079 12868 12889 D LogWriteUtil.class=LogFileHandlerThread.class: 2getFilePath: filePath=/custom/metro/log/2022-10-12
10-12 16:28:03.079 12868 12889 D LogWriteUtil.class=LogFileHandlerThread.class: 1getCurrentFileName: LogWriteUtil.logfile=app.log
10-12 16:28:03.080 12868 12889 D LogWriteUtil.class=LogFileHandlerThread.class: 1getFilePath: logFormat=2022-10-12, LogWriteUtil.logPathDir=/custom/metro/log
10-12 16:28:03.080 12868 12889 D LogWriteUtil.class=LogFileHandlerThread.class: 2getFilePath: filePath=/custom/metro/log/2022-10-12
10-12 16:28:03.081 12868 12889 D LogWriteUtil.class=LogFileHandlerThread.class: getFileNameSuffix: file=/custom/metro/log/2022-10-12
10-12 16:28:03.081 12868 12889 D LogWriteUtil.class=LogFileHandlerThread.class: 2getCurrentFileName: index=3, LogWriteUtil.logfile=app.log, getFileNameSuffix=35
10-12 16:28:03.081 12868 12943 D UdpDisServices: udp receive - api receive data disApi, udp service id=235  - udp.packet.address=/172.2.208.8, udp.pack.socketAddress=/172.2.208.8:64002, udp.port=64002- running=true - message={"MsgSeqID":70613,"MsgName":"DisReceivedNotify","MsgInfo":{"AppMsgSeqID":37,"Code":10001}}
10-12 16:28:03.082 12868 12889 D LogWriteUtil.class=LogFileHandlerThread.class: 1getFilePath: logFormat=2022-10-12, LogWriteUtil.logPathDir=/custom/metro/log
10-12 16:28:03.082 12868 12889 D LogWriteUtil.class=LogFileHandlerThread.class: 2getFilePath: filePath=/custom/metro/log/2022-10-12
10-12 16:28:03.082 12868 12889 D LogWriteUtil.class=LogFileHandlerThread.class: getFileNameSuffix: file=/custom/metro/log/2022-10-12
10-12 16:28:03.083 12868 12943 I APP_LogUtils.kt: [(LogUtils.kt:50).i()] [UdpDisServices] udp receive - api receive data disApi, udp service id=235 - running=true  - ip=/172.2.208.8 - port=64002 - message={"MsgSeqID":70613,"MsgName":"DisReceivedNotify","MsgInfo":{"AppMsgSeqID":37,"Code":10001}}
10-12 16:28:03.083 12868 12889 D LogWriteUtil.class=LogFileHandlerThread.class: 3getCurrentFileName: logFileName=app35.log
10-12 16:28:03.083 12868 12889 D LogWriteUtil.class=LogFileHandlerThread.class: 1getCurrentFileName: LogWriteUtil.logfile=app.log
10-12 16:28:03.084 12868 12889 D LogWriteUtil.class=LogFileHandlerThread.class: 1getFilePath: logFormat=2022-10-12, LogWriteUtil.logPathDir=/custom/metro/log
10-12 16:28:03.084 12868 12889 D LogWriteUtil.class=LogFileHandlerThread.class: 2getFilePath: filePath=/custom/metro/log/2022-10-12
10-12 16:28:03.084 12868 12889 D LogWriteUtil.class=LogFileHandlerThread.class: getFileNameSuffix: file=/custom/metro/log/2022-10-12
10-12 16:28:03.085 12868 12889 D LogWriteUtil.class=LogFileHandlerThread.class: 2getCurrentFileName: index=3, LogWriteUtil.logfile=app.log, getFileNameSuffix=35
10-12 16:28:03.086 12868 12889 D LogWriteUtil.class=LogFileHandlerThread.class: 1getFilePath: logFormat=2022-10-12, LogWriteUtil.logPathDir=/custom/metro/log
10-12 16:28:03.086 12868 12889 D LogWriteUtil.class=LogFileHandlerThread.class: 2getFilePath: filePath=/custom/metro/log/2022-10-12
10-12 16:28:03.086 12868 12889 D LogWriteUtil.class=LogFileHandlerThread.class: getFileNameSuffix: file=/custom/metro/log/2022-10-12
10-12 16:28:03.087 12868 12889 D LogWriteUtil.class=LogFileHandlerThread.class: 3getCurrentFileName: logFileName=app35.log
10-12 16:28:03.087 12868 12889 D TAG     : 2,initFile: /custom/metro/log/2022-10-12/app35.log, logFile.length=0, getCurrentFileName()=app35.log, writeFileName=/custom/metro/log/2022-10-12/app341665563225311.log
10-12 16:28:03.087 12868 12889 D LogWriteUtil.class=LogFileHandlerThread.class: 8,initFile: logFile=/custom/metro/log/2022-10-12/app35.log, logFile.length=0
10-12 16:28:03.089 12868 12889 D LogWriteUtil.class=LogFileHandlerThread.class: 1getFilePath: logFormat=2022-10-12, LogWriteUtil.logPathDir=/custom/metro/log
10-12 16:28:03.089 12868 12889 D LogWriteUtil.class=LogFileHandlerThread.class: 2getFilePath: filePath=/custom/metro/log/2022-10-12
10-12 16:28:03.090 12868 12889 D LogWriteUtil.class=LogFileHandlerThread.class: 1getCurrentFileName: LogWriteUtil.logfile=app.log
10-12 16:28:03.091 12868 12889 D LogWriteUtil.class=LogFileHandlerThread.class: 1getFilePath: logFormat=2022-10-12, LogWriteUtil.logPathDir=/custom/metro/log
10-12 16:28:03.091 12868 12889 D LogWriteUtil.class=LogFileHandlerThread.class: 2getFilePath: filePath=/custom/metro/log/2022-10-12
10-12 16:28:03.091 12868 12889 D LogWriteUtil.class=LogFileHandlerThread.class: getFileNameSuffix: file=/custom/metro/log/2022-10-12
10-12 16:28:03.091 12868 12889 D LogWriteUtil.class=LogFileHandlerThread.class: 2getCurrentFileName: index=3, LogWriteUtil.logfile=app.log, getFileNameSuffix=35
10-12 16:28:03.092 12868 12889 D LogWriteUtil.class=LogFileHandlerThread.class: 1getFilePath: logFormat=2022-10-12, LogWriteUtil.logPathDir=/custom/metro/log
10-12 16:28:03.092 12868 12889 D LogWriteUtil.class=LogFileHandlerThread.class: 2getFilePath: filePath=/custom/metro/log/2022-10-12
10-12 16:28:03.092 12868 12889 D LogWriteUtil.class=LogFileHandlerThread.class: getFileNameSuffix: file=/custom/metro/log/2022-10-12
10-12 16:28:03.093 12868 12889 D LogWriteUtil.class=LogFileHandlerThread.class: 3getCurrentFileName: logFileName=app35.log
10-12 16:28:03.093 12868 12889 D LogWriteUtil.class=LogFileHandlerThread.class: 1,initFile: getFilePath()=/custom/metro/log/2022-10-12, getCurrentFileName=app35.log
10-12 16:28:03.093 12868 12889 D LogWriteUtil.class=LogFileHandlerThread.class: 1getFilePath: logFormat=2022-10-12, LogWriteUtil.logPathDir=/custom/metro/log
10-12 16:28:03.093 12868 12889 D LogWriteUtil.class=LogFileHandlerThread.class: 2getFilePath: filePath=/custom/metro/log/2022-10-12
10-12 16:28:03.094 12868 12889 D LogWriteUtil.class=LogFileHandlerThread.class: 1getCurrentFileName: LogWriteUtil.logfile=app.log
10-12 16:28:03.094 12868 12889 D LogWriteUtil.class=LogFileHandlerThread.class: 1getFilePath: logFormat=2022-10-12, LogWriteUtil.logPathDir=/custom/metro/log
10-12 16:28:03.094 12868 12889 D LogWriteUtil.class=LogFileHandlerThread.class: 2getFilePath: filePath=/custom/metro/log/2022-10-12
10-12 16:28:03.094 12868 12889 D LogWriteUtil.class=LogFileHandlerThread.class: getFileNameSuffix: file=/custom/metro/log/2022-10-12
10-12 16:28:03.095 12868 12889 D LogWriteUtil.class=LogFileHandlerThread.class: 2getCurrentFileName: index=3, LogWriteUtil.logfile=app.log, getFileNameSuffix=35
10-12 16:28:03.096 12868 12889 D LogWriteUtil.class=LogFileHandlerThread.class: 1getFilePath: logFormat=2022-10-12, LogWriteUtil.logPathDir=/custom/metro/log
10-12 16:28:03.096 12868 12889 D LogWriteUtil.class=LogFileHandlerThread.class: 2getFilePath: filePath=/custom/metro/log/2022-10-12
10-12 16:28:03.097 12868 12889 D LogWriteUtil.class=LogFileHandlerThread.class: getFileNameSuffix: file=/custom/metro/log/2022-10-12
10-12 16:28:03.097 12868 12889 D LogWriteUtil.class=LogFileHandlerThread.class: 3getCurrentFileName: logFileName=app35.log
10-12 16:28:03.097 12868 12889 D LogWriteUtil.class=LogFileHandlerThread.class: 1getCurrentFileName: LogWriteUtil.logfile=app.log
10-12 16:28:03.098 12868 12889 D LogWriteUtil.class=LogFileHandlerThread.class: 1getFilePath: logFormat=2022-10-12, LogWriteUtil.logPathDir=/custom/metro/log
10-12 16:28:03.098 12868 12868 E train_jni_log: getHandsetStatus===popen buffer=0
10-12 16:28:03.098 12868 12868 E train_jni_log: getHandsetStatus===popen iRet=0
10-12 16:28:03.098 12868 12889 D LogWriteUtil.class=LogFileHandlerThread.class: 2getFilePath: filePath=/custom/metro/log/2022-10-12
10-12 16:28:03.098 12868 12889 D LogWriteUtil.class=LogFileHandlerThread.class: getFileNameSuffix: file=/custom/metro/log/2022-10-12
10-12 16:28:03.098 12868 12868 D TAG     : getHeadsetStatus: 0
10-12 16:28:03.099 12868 12889 D LogWriteUtil.class=LogFileHandlerThread.class: 2getCurrentFileName: index=3, LogWriteUtil.logfile=app.log, getFileNameSuffix=35
10-12 16:28:03.100 12868 12889 D LogWriteUtil.class=LogFileHandlerThread.class: 1getFilePath: logFormat=2022-10-12, LogWriteUtil.logPathDir=/custom/metro/log
10-12 16:28:03.100 12868 12889 D LogWriteUtil.class=LogFileHandlerThread.class: 2getFilePath: filePath=/custom/metro/log/2022-10-12
10-12 16:28:03.100 12868 12868 D TAG     : getHeadsetStatus: headsetStatus=200
10-12 16:28:03.100 12868 12889 D LogWriteUtil.class=LogFileHandlerThread.class: getFileNameSuffix: file=/custom/metro/log/2022-10-12
10-12 16:28:03.100 12868 12868 D TAG     : getHeadsetStatus: headsetStatus2=200
10-12 16:28:03.100 12868 12889 D LogWriteUtil.class=LogFileHandlerThread.class: 3getCurrentFileName: logFileName=app35.log
10-12 16:28:03.101 12868 12889 D TAG     : 2,initFile: /custom/metro/log/2022-10-12/app35.log, logFile.length=0, getCurrentFileName()=app35.log, writeFileName=/custom/metro/log/2022-10-12/app341665563225311.log
10-12 16:28:03.101 12868 12889 D LogWriteUtil.class=LogFileHandlerThread.class: 8,initFile: logFile=/custom/metro/log/2022-10-12/app35.log, logFile.length=0
10-12 16:28:03.102 12868 12942 D BtrunCConfig: isR2Nubmer is true
10-12 16:28:03.103 12868 12942 D com.ztegota.system.GotaSystem: getMdn +866022013
10-12 16:28:03.103 12868 12868 D MainActivity: showStatus: aa---result---result=true, url=192.168.42.131
10-12 16:28:03.103 12868 12942 D TAG     : getUserId: userId2=+866022013
10-12 16:28:03.103 12868 12954 D MainViewModel: getLteIp: test1111111=172.2.200.13
10-12 16:28:03.104 12868 12942 I APP_LogUtils.kt: [(LogUtils.kt:50).i()] [MainViewModel] GotaSystem SDK:V2.13 2021-04-20, Host Soft Version:GM655+V1.0.6.8B02, Host Hard Version:GM655MB_C, Host Build Time:2021年 12月 28日 星期二 16:23:13 CST;
10-12 16:28:03.105 12868 12889 D LogWriteUtil.class=LogFileHandlerThread.class: 1getFilePath: logFormat=2022-10-12, LogWriteUtil.logPathDir=/custom/metro/log
10-12 16:28:03.105 12868 12868 D MainActivity: onMessageEvent  -- gginit: disApi, id=1---event={"MsgSeqID":70612,"MsgName":"DisReceivedNotify","MsgInfo":{"AppMsgSeqID":36,"Code":10001}}
10-12 16:28:03.105 12868 12889 D LogWriteUtil.class=LogFileHandlerThread.class: 2getFilePath: filePath=/custom/metro/log/2022-10-12
10-12 16:28:03.105 12868 12868 D MainViewModel: 1processDisApi: disApi, id=1
10-12 16:28:03.105 12868 12889 D LogWriteUtil.class=LogFileHandlerThread.class: 1getCurrentFileName: LogWriteUtil.logfile=app.log
10-12 16:28:03.105 12868 12868 D MainActivity: onMessageEvent  -- gginit: disApi, id=1---event={"MsgSeqID":70613,"MsgName":"DisReceivedNotify","MsgInfo":{"AppMsgSeqID":37,"Code":10001}}
10-12 16:28:03.105 12868 12868 D MainViewModel: 1processDisApi: disApi, id=1
10-12 16:28:03.106 12868 12889 D LogWriteUtil.class=LogFileHandlerThread.class: 1getFilePath: logFormat=2022-10-12, LogWriteUtil.logPathDir=/custom/metro/log
10-12 16:28:03.106 12868 12889 D LogWriteUtil.class=LogFileHandlerThread.class: 2getFilePath: filePath=/custom/metro/log/2022-10-12
10-12 16:28:03.106 12868 12889 D LogWriteUtil.class=LogFileHandlerThread.class: getFileNameSuffix: file=/custom/metro/log/2022-10-12
10-12 16:28:03.106 12868 12889 D LogWriteUtil.class=LogFileHandlerThread.class: 2getCurrentFileName: index=3, LogWriteUtil.logfile=app.log, getFileNameSuffix=35
10-12 16:28:03.107 12868 12889 D LogWriteUtil.class=LogFileHandlerThread.class: 1getFilePath: logFormat=2022-10-12, LogWriteUtil.logPathDir=/custom/metro/log
10-12 16:28:03.107 12868 12963 D DisApiSingletonReceive: processingData: disApi, id=249 - data={"MsgSeqID":70612,"MsgName":"DisReceivedNotify","MsgInfo":{"AppMsgSeqID":36,"Code":10001}}
10-12 16:28:03.107 12868 12889 D LogWriteUtil.class=LogFileHandlerThread.class: 2getFilePath: filePath=/custom/metro/log/2022-10-12
10-12 16:28:03.108 12868 12889 D LogWriteUtil.class=LogFileHandlerThread.class: getFileNameSuffix: file=/custom/metro/log/2022-10-12
10-12 16:28:03.108 12868 12954 D DisApiSingletonReceive: processingData: disApi, id=240 - data={"MsgSeqID":70613,"MsgName":"DisReceivedNotify","MsgInfo":{"AppMsgSeqID":37,"Code":10001}}
10-12 16:28:03.108 12868 12889 D LogWriteUtil.class=LogFileHandlerThread.class: 3getCurrentFileName: logFileName=app35.log
10-12 16:28:03.108 12868 12889 D LogWriteUtil.class=LogFileHandlerThread.class: 1,initFile: getFilePath()=/custom/metro/log/2022-10-12, getCurrentFileName=app35.log
10-12 16:28:03.109 12868 12889 D LogWriteUtil.class=LogFileHandlerThread.class: 1getFilePath: logFormat=2022-10-12, LogWriteUtil.logPathDir=/custom/metro/log
10-12 16:28:03.109 12868 12889 D LogWriteUtil.class=LogFileHandlerThread.class: 2getFilePath: filePath=/custom/metro/log/2022-10-12
10-12 16:28:03.109 12868 12889 D LogWriteUtil.class=LogFileHandlerThread.class: 1getCurrentFileName: LogWriteUtil.logfile=app.log
10-12 16:28:03.110 12868 12889 D LogWriteUtil.class=LogFileHandlerThread.class: 1getFilePath: logFormat=2022-10-12, LogWriteUtil.logPathDir=/custom/metro/log
10-12 16:28:03.110 12868 12889 D LogWriteUtil.class=LogFileHandlerThread.class: 2getFilePath: filePath=/custom/metro/log/2022-10-12
10-12 16:28:03.110 12868 12889 D LogWriteUtil.class=LogFileHandlerThread.class: getFileNameSuffix: file=/custom/metro/log/2022-10-12
10-12 16:28:03.111 12868 12889 D LogWriteUtil.class=LogFileHandlerThread.class: 2getCurrentFileName: index=3, LogWriteUtil.logfile=app.log, getFileNameSuffix=35
10-12 16:28:03.111 12868 12954 D DisApiSingletonReceive: processingDisReceivedNotify: info=DisReceivedNotifyApiData(msgName=DisReceivedNotify, msgSeqID=70613, msgInfo=ReceivedNotifyData(appMsgSeqID=0, code=10001))
10-12 16:28:03.112 12868 12889 D LogWriteUtil.class=LogFileHandlerThread.class: 1getFilePath: logFormat=2022-10-12, LogWriteUtil.logPathDir=/custom/metro/log
10-12 16:28:03.112 12868 12889 D LogWriteUtil.class=LogFileHandlerThread.class: 2getFilePath: filePath=/custom/metro/log/2022-10-12
10-12 16:28:03.112 12868 12889 D LogWriteUtil.class=LogFileHandlerThread.class: getFileNameSuffix: file=/custom/metro/log/2022-10-12
10-12 16:28:03.112 12868 12889 D LogWriteUtil.class=LogFileHandlerThread.class: 3getCurrentFileName: logFileName=app35.log
10-12 16:28:03.112 12868 12889 D LogWriteUtil.class=LogFileHandlerThread.class: 1getCurrentFileName: LogWriteUtil.logfile=app.log
10-12 16:28:03.113 12868 12889 D LogWriteUtil.class=LogFileHandlerThread.class: 1getFilePath: logFormat=2022-10-12, LogWriteUtil.logPathDir=/custom/metro/log
10-12 16:28:03.113 12868 12889 D LogWriteUtil.class=LogFileHandlerThread.class: 2getFilePath: filePath=/custom/metro/log/2022-10-12
10-12 16:28:03.113 12868 12889 D LogWriteUtil.class=LogFileHandlerThread.class: getFileNameSuffix: file=/custom/metro/log/2022-10-12
10-12 16:28:03.114 12868 12963 D DisApiSingletonReceive: processingDisReceivedNotify: info=DisReceivedNotifyApiData(msgName=DisReceivedNotify, msgSeqID=70612, msgInfo=ReceivedNotifyData(appMsgSeqID=0, code=10001))
10-12 16:28:03.114 12868 12889 D LogWriteUtil.class=LogFileHandlerThread.class: 2getCurrentFileName: index=3, LogWriteUtil.logfile=app.log, getFileNameSuffix=35
10-12 16:28:03.114 12868 12889 D LogWriteUtil.class=LogFileHandlerThread.class: 1getFilePath: logFormat=2022-10-12, LogWriteUtil.logPathDir=/custom/metro/log
10-12 16:28:03.114 12868 12925 I rilj    : EMCI Detial(CellId--->Tav): 5889,255,2,"46009",255,65535,59,65535,255,255,57,27,16,255,1202590897205,0,0,0,0,0,0,0,0
10-12 16:28:03.115 12868 12889 D LogWriteUtil.class=LogFileHandlerThread.class: 2getFilePath: filePath=/custom/metro/log/2022-10-12
10-12 16:28:03.115 12868 12925 D LTERILJ : [UNSL]< RIL_UNSOL_NOTIFY_EMCI_DETAIL
10-12 16:28:03.115 12868 12889 D LogWriteUtil.class=LogFileHandlerThread.class: getFileNameSuffix: file=/custom/metro/log/2022-10-12
10-12 16:28:03.115 12868 12922 D LTEPhone: EVENT_FOR_EMCI_DETAIL
10-12 16:28:03.115 12868 12922 D LTEServiceTracker: setCellId cellId:5889,"46009"
10-12 16:28:03.116 12868 12868 I APP_LogUtils.kt: [(LogUtils.kt:50).i()] [com.gbcom.library_base.service.LLteService] lte_resp_sys_for_emci_detail - EmciDetail=com.ztegota.system.common.EmciDetail@77524e4
10-12 16:28:03.116 12868 12889 D LogWriteUtil.class=LogFileHandlerThread.class: 3getCurrentFileName: logFileName=app35.log
10-12 16:28:03.116 12868 12889 D TAG     : 2,initFile: /custom/metro/log/2022-10-12/app35.log, logFile.length=0, getCurrentFileName()=app35.log, writeFileName=/custom/metro/log/2022-10-12/app341665563225311.log
