10-12 15:56:19.003 11295 11317 D LogWriteUtil.class=LogFileHandlerThread.class: 2getCurrentFileName: index=3, LogWriteUtil.logfile=app.log, getFileNameSuffix=33
10-12 15:56:19.003 11295 11505 I APP_LogUtils.kt: [(LogUtils.kt:50).i()] [UdpMasterServices] start: send1 - masterApi - thread ID=260 - message={"MsgSeqID":53,"MsgName":"GetStatusRsp","MsgInfo":{"NetMask":"255.255.255.0","DeviceId":"BT-FX300","Gateway":"","SelfCheckFailReason":"","Uptime":14318,"SystemVersion":"TX300-ANDROID-7.1-R0018","AppVersion":"FX400-APK-3.0.1-V1.2.0","SelfCheckStatus":1,"Time":1665561378,"FwVersion":"qualcomm"}}
10-12 15:56:19.003 11295 11317 D LogWriteUtil.class=LogFileHandlerThread.class: 1getFilePath: logFormat=2022-10-12, LogWriteUtil.logPathDir=/custom/metro/log
10-12 15:56:19.003 11295 11317 D LogWriteUtil.class=LogFileHandlerThread.class: 2getFilePath: filePath=/custom/metro/log/2022-10-12
10-12 15:56:19.003 11295 11317 D LogWriteUtil.class=LogFileHandlerThread.class: getFileNameSuffix: file=/custom/metro/log/2022-10-12
10-12 15:56:19.004 11295 11317 D LogWriteUtil.class=LogFileHandlerThread.class: 3getCurrentFileName: logFileName=app33.log
10-12 15:56:19.004 11295 11317 D LogWriteUtil.class=LogFileHandlerThread.class: 1,initFile: getFilePath()=/custom/metro/log/2022-10-12, getCurrentFileName=app33.log
10-12 15:56:19.004 11295 11317 D LogWriteUtil.class=LogFileHandlerThread.class: 1getFilePath: logFormat=2022-10-12, LogWriteUtil.logPathDir=/custom/metro/log
10-12 15:56:19.004 11295 11317 D LogWriteUtil.class=LogFileHandlerThread.class: 2getFilePath: filePath=/custom/metro/log/2022-10-12
10-12 15:56:19.004 11295 11317 D LogWriteUtil.class=LogFileHandlerThread.class: 1getCurrentFileName: LogWriteUtil.logfile=app.log
10-12 15:56:19.005 11295 11317 D LogWriteUtil.class=LogFileHandlerThread.class: 1getFilePath: logFormat=2022-10-12, LogWriteUtil.logPathDir=/custom/metro/log
10-12 15:56:19.005 11295 11317 D LogWriteUtil.class=LogFileHandlerThread.class: 2getFilePath: filePath=/custom/metro/log/2022-10-12
10-12 15:56:19.005 11295 11317 D LogWriteUtil.class=LogFileHandlerThread.class: getFileNameSuffix: file=/custom/metro/log/2022-10-12
10-12 15:56:19.005 11295 11317 D LogWriteUtil.class=LogFileHandlerThread.class: 2getCurrentFileName: index=3, LogWriteUtil.logfile=app.log, getFileNameSuffix=33
10-12 15:56:19.006 11295 11317 D LogWriteUtil.class=LogFileHandlerThread.class: 1getFilePath: logFormat=2022-10-12, LogWriteUtil.logPathDir=/custom/metro/log
10-12 15:56:19.006 11295 11317 D LogWriteUtil.class=LogFileHandlerThread.class: 2getFilePath: filePath=/custom/metro/log/2022-10-12
10-12 15:56:19.006 11295 11317 D LogWriteUtil.class=LogFileHandlerThread.class: getFileNameSuffix: file=/custom/metro/log/2022-10-12
10-12 15:56:19.007 11295 11317 D LogWriteUtil.class=LogFileHandlerThread.class: 3getCurrentFileName: logFileName=app33.log
10-12 15:56:19.007 11295 11317 D LogWriteUtil.class=LogFileHandlerThread.class: 1getCurrentFileName: LogWriteUtil.logfile=app.log
10-12 15:56:19.007 11295 11317 D LogWriteUtil.class=LogFileHandlerThread.class: 1getFilePath: logFormat=2022-10-12, LogWriteUtil.logPathDir=/custom/metro/log
10-12 15:56:19.007 11295 11317 D LogWriteUtil.class=LogFileHandlerThread.class: 2getFilePath: filePath=/custom/metro/log/2022-10-12
10-12 15:56:19.007 11295 11317 D LogWriteUtil.class=LogFileHandlerThread.class: getFileNameSuffix: file=/custom/metro/log/2022-10-12
10-12 15:56:19.008 11295 11317 D LogWriteUtil.class=LogFileHandlerThread.class: 2getCurrentFileName: index=3, LogWriteUtil.logfile=app.log, getFileNameSuffix=33
10-12 15:56:19.008 11295 11317 D LogWriteUtil.class=LogFileHandlerThread.class: 1getFilePath: logFormat=2022-10-12, LogWriteUtil.logPathDir=/custom/metro/log
10-12 15:56:19.008 11295 11317 D LogWriteUtil.class=LogFileHandlerThread.class: 2getFilePath: filePath=/custom/metro/log/2022-10-12
10-12 15:56:19.008 11295 11317 D LogWriteUtil.class=LogFileHandlerThread.class: getFileNameSuffix: file=/custom/metro/log/2022-10-12
10-12 15:56:19.009 11295 11317 D LogWriteUtil.class=LogFileHandlerThread.class: 3getCurrentFileName: logFileName=app33.log
10-12 15:56:19.009 11295 11317 D TAG     : 2,initFile: /custom/metro/log/2022-10-12/app33.log, logFile.length=0, getCurrentFileName()=app33.log, writeFileName=/custom/metro/log/2022-10-12/app321665561219591.log
10-12 15:56:19.009 11295 11317 D LogWriteUtil.class=LogFileHandlerThread.class: 8,initFile: logFile=/custom/metro/log/2022-10-12/app33.log, logFile.length=0
10-12 15:56:19.010 11295 11317 D LogWriteUtil.class=LogFileHandlerThread.class: 1getFilePath: logFormat=2022-10-12, LogWriteUtil.logPathDir=/custom/metro/log
10-12 15:56:19.010 11295 11317 D LogWriteUtil.class=LogFileHandlerThread.class: 2getFilePath: filePath=/custom/metro/log/2022-10-12
10-12 15:56:19.010 11295 11317 D LogWriteUtil.class=LogFileHandlerThread.class: 1getCurrentFileName: LogWriteUtil.logfile=app.log
10-12 15:56:19.011 11295 11317 D LogWriteUtil.class=LogFileHandlerThread.class: 1getFilePath: logFormat=2022-10-12, LogWriteUtil.logPathDir=/custom/metro/log
10-12 15:56:19.011 11295 11317 D LogWriteUtil.class=LogFileHandlerThread.class: 2getFilePath: filePath=/custom/metro/log/2022-10-12
10-12 15:56:19.011 11295 11317 D LogWriteUtil.class=LogFileHandlerThread.class: getFileNameSuffix: file=/custom/metro/log/2022-10-12
10-12 15:56:19.011 11295 11317 D LogWriteUtil.class=LogFileHandlerThread.class: 2getCurrentFileName: index=3, LogWriteUtil.logfile=app.log, getFileNameSuffix=33
10-12 15:56:19.012 11295 11317 D LogWriteUtil.class=LogFileHandlerThread.class: 1getFilePath: logFormat=2022-10-12, LogWriteUtil.logPathDir=/custom/metro/log
10-12 15:56:19.012 11295 11317 D LogWriteUtil.class=LogFileHandlerThread.class: 2getFilePath: filePath=/custom/metro/log/2022-10-12
10-12 15:56:19.012 11295 11317 D LogWriteUtil.class=LogFileHandlerThread.class: getFileNameSuffix: file=/custom/metro/log/2022-10-12
10-12 15:56:19.013 11295 11317 D LogWriteUtil.class=LogFileHandlerThread.class: 3getCurrentFileName: logFileName=app33.log
10-12 15:56:19.013 11295 11317 D LogWriteUtil.class=LogFileHandlerThread.class: 1,initFile: getFilePath()=/custom/metro/log/2022-10-12, getCurrentFileName=app33.log
10-12 15:56:19.013 11295 11317 D LogWriteUtil.class=LogFileHandlerThread.class: 1getFilePath: logFormat=2022-10-12, LogWriteUtil.logPathDir=/custom/metro/log
10-12 15:56:19.013 11295 11317 D LogWriteUtil.class=LogFileHandlerThread.class: 2getFilePath: filePath=/custom/metro/log/2022-10-12
10-12 15:56:19.013 11295 11317 D LogWriteUtil.class=LogFileHandlerThread.class: 1getCurrentFileName: LogWriteUtil.logfile=app.log
10-12 15:56:19.013 11295 11317 D LogWriteUtil.class=LogFileHandlerThread.class: 1getFilePath: logFormat=2022-10-12, LogWriteUtil.logPathDir=/custom/metro/log
10-12 15:56:19.014 11295 11317 D LogWriteUtil.class=LogFileHandlerThread.class: 2getFilePath: filePath=/custom/metro/log/2022-10-12
10-12 15:56:19.014 11295 11317 D LogWriteUtil.class=LogFileHandlerThread.class: getFileNameSuffix: file=/custom/metro/log/2022-10-12
10-12 15:56:19.014 11295 11317 D LogWriteUtil.class=LogFileHandlerThread.class: 2getCurrentFileName: index=3, LogWriteUtil.logfile=app.log, getFileNameSuffix=33
10-12 15:56:19.015 11295 11317 D LogWriteUtil.class=LogFileHandlerThread.class: 1getFilePath: logFormat=2022-10-12, LogWriteUtil.logPathDir=/custom/metro/log
10-12 15:56:19.015 11295 11317 D LogWriteUtil.class=LogFileHandlerThread.class: 2getFilePath: filePath=/custom/metro/log/2022-10-12
10-12 15:56:19.015 11295 11317 D LogWriteUtil.class=LogFileHandlerThread.class: getFileNameSuffix: file=/custom/metro/log/2022-10-12
10-12 15:56:19.015 11295 11317 D LogWriteUtil.class=LogFileHandlerThread.class: 3getCurrentFileName: logFileName=app33.log
10-12 15:56:19.016 11295 11317 D LogWriteUtil.class=LogFileHandlerThread.class: 1getCurrentFileName: LogWriteUtil.logfile=app.log
10-12 15:56:19.016 11295 11317 D LogWriteUtil.class=LogFileHandlerThread.class: 1getFilePath: logFormat=2022-10-12, LogWriteUtil.logPathDir=/custom/metro/log
10-12 15:56:19.016 11295 11317 D LogWriteUtil.class=LogFileHandlerThread.class: 2getFilePath: filePath=/custom/metro/log/2022-10-12
10-12 15:56:19.016 11295 11317 D LogWriteUtil.class=LogFileHandlerThread.class: getFileNameSuffix: file=/custom/metro/log/2022-10-12
10-12 15:56:19.017 11295 11317 D LogWriteUtil.class=LogFileHandlerThread.class: 2getCurrentFileName: index=3, LogWriteUtil.logfile=app.log, getFileNameSuffix=33
10-12 15:56:19.017 11295 11317 D LogWriteUtil.class=LogFileHandlerThread.class: 1getFilePath: logFormat=2022-10-12, LogWriteUtil.logPathDir=/custom/metro/log
10-12 15:56:19.018 11295 11317 D LogWriteUtil.class=LogFileHandlerThread.class: 2getFilePath: filePath=/custom/metro/log/2022-10-12
10-12 15:56:19.018 11295 11317 D LogWriteUtil.class=LogFileHandlerThread.class: getFileNameSuffix: file=/custom/metro/log/2022-10-12
10-12 15:56:19.018 11295 11317 D LogWriteUtil.class=LogFileHandlerThread.class: 3getCurrentFileName: logFileName=app33.log
10-12 15:56:19.018 11295 11317 D TAG     : 2,initFile: /custom/metro/log/2022-10-12/app33.log, logFile.length=0, getCurrentFileName()=app33.log, writeFileName=/custom/metro/log/2022-10-12/app321665561219591.log
10-12 15:56:19.018 11295 11317 D LogWriteUtil.class=LogFileHandlerThread.class: 8,initFile: logFile=/custom/metro/log/2022-10-12/app33.log, logFile.length=0
10-12 15:56:19.019 11295 11317 D LogWriteUtil.class=LogFileHandlerThread.class: 1getFilePath: logFormat=2022-10-12, LogWriteUtil.logPathDir=/custom/metro/log
10-12 15:56:19.019 11295 11317 D LogWriteUtil.class=LogFileHandlerThread.class: 2getFilePath: filePath=/custom/metro/log/2022-10-12
10-12 15:56:19.019 11295 11317 D LogWriteUtil.class=LogFileHandlerThread.class: 1getCurrentFileName: LogWriteUtil.logfile=app.log
10-12 15:56:19.020 11295 11317 D LogWriteUtil.class=LogFileHandlerThread.class: 1getFilePath: logFormat=2022-10-12, LogWriteUtil.logPathDir=/custom/metro/log
10-12 15:56:19.020 11295 11317 D LogWriteUtil.class=LogFileHandlerThread.class: 2getFilePath: filePath=/custom/metro/log/2022-10-12
10-12 15:56:19.020 11295 11317 D LogWriteUtil.class=LogFileHandlerThread.class: getFileNameSuffix: file=/custom/metro/log/2022-10-12
10-12 15:56:19.020 11295 11317 D LogWriteUtil.class=LogFileHandlerThread.class: 2getCurrentFileName: index=3, LogWriteUtil.logfile=app.log, getFileNameSuffix=33
10-12 15:56:19.021 11295 11317 D LogWriteUtil.class=LogFileHandlerThread.class: 1getFilePath: logFormat=2022-10-12, LogWriteUtil.logPathDir=/custom/metro/log
10-12 15:56:19.021 11295 11317 D LogWriteUtil.class=LogFileHandlerThread.class: 2getFilePath: filePath=/custom/metro/log/2022-10-12
10-12 15:56:19.021 11295 11317 D LogWriteUtil.class=LogFileHandlerThread.class: getFileNameSuffix: file=/custom/metro/log/2022-10-12
10-12 15:56:19.022 11295 11317 D LogWriteUtil.class=LogFileHandlerThread.class: 3getCurrentFileName: logFileName=app33.log
10-12 15:56:19.022 11295 11317 D LogWriteUtil.class=LogFileHandlerThread.class: 1,initFile: getFilePath()=/custom/metro/log/2022-10-12, getCurrentFileName=app33.log
10-12 15:56:19.022 11295 11317 D LogWriteUtil.class=LogFileHandlerThread.class: 1getFilePath: logFormat=2022-10-12, LogWriteUtil.logPathDir=/custom/metro/log
10-12 15:56:19.022 11295 11317 D LogWriteUtil.class=LogFileHandlerThread.class: 2getFilePath: filePath=/custom/metro/log/2022-10-12
10-12 15:56:19.022 11295 11317 D LogWriteUtil.class=LogFileHandlerThread.class: 1getCurrentFileName: LogWriteUtil.logfile=app.log
10-12 15:56:19.022 11295 11317 D LogWriteUtil.class=LogFileHandlerThread.class: 1getFilePath: logFormat=2022-10-12, LogWriteUtil.logPathDir=/custom/metro/log
10-12 15:56:19.023 11295 11317 D LogWriteUtil.class=LogFileHandlerThread.class: 2getFilePath: filePath=/custom/metro/log/2022-10-12
10-12 15:56:19.023 11295 11317 D LogWriteUtil.class=LogFileHandlerThread.class: getFileNameSuffix: file=/custom/metro/log/2022-10-12
10-12 15:56:19.023 11295 11317 D LogWriteUtil.class=LogFileHandlerThread.class: 2getCurrentFileName: index=3, LogWriteUtil.logfile=app.log, getFileNameSuffix=33
10-12 15:56:19.024 11295 11317 D LogWriteUtil.class=LogFileHandlerThread.class: 1getFilePath: logFormat=2022-10-12, LogWriteUtil.logPathDir=/custom/metro/log
10-12 15:56:19.024 11295 11317 D LogWriteUtil.class=LogFileHandlerThread.class: 2getFilePath: filePath=/custom/metro/log/2022-10-12
10-12 15:56:19.024 11295 11317 D LogWriteUtil.class=LogFileHandlerThread.class: getFileNameSuffix: file=/custom/metro/log/2022-10-12
10-12 15:56:19.024 11295 11317 D LogWriteUtil.class=LogFileHandlerThread.class: 3getCurrentFileName: logFileName=app33.log
10-12 15:56:19.024 11295 11317 D LogWriteUtil.class=LogFileHandlerThread.class: 1getCurrentFileName: LogWriteUtil.logfile=app.log
10-12 15:56:19.025 11295 11317 D LogWriteUtil.class=LogFileHandlerThread.class: 1getFilePath: logFormat=2022-10-12, LogWriteUtil.logPathDir=/custom/metro/log
10-12 15:56:19.025 11295 11317 D LogWriteUtil.class=LogFileHandlerThread.class: 2getFilePath: filePath=/custom/metro/log/2022-10-12
10-12 15:56:19.025 11295 11317 D LogWriteUtil.class=LogFileHandlerThread.class: getFileNameSuffix: file=/custom/metro/log/2022-10-12
10-12 15:56:19.026 11295 11317 D LogWriteUtil.class=LogFileHandlerThread.class: 2getCurrentFileName: index=3, LogWriteUtil.logfile=app.log, getFileNameSuffix=33
10-12 15:56:19.026 11295 11317 D LogWriteUtil.class=LogFileHandlerThread.class: 1getFilePath: logFormat=2022-10-12, LogWriteUtil.logPathDir=/custom/metro/log
10-12 15:56:19.026 11295 11317 D LogWriteUtil.class=LogFileHandlerThread.class: 2getFilePath: filePath=/custom/metro/log/2022-10-12
10-12 15:56:19.027 11295 11317 D LogWriteUtil.class=LogFileHandlerThread.class: getFileNameSuffix: file=/custom/metro/log/2022-10-12
10-12 15:56:19.027 11295 11317 D LogWriteUtil.class=LogFileHandlerThread.class: 3getCurrentFileName: logFileName=app33.log
10-12 15:56:19.027 11295 11317 D TAG     : 2,initFile: /custom/metro/log/2022-10-12/app33.log, logFile.length=0, getCurrentFileName()=app33.log, writeFileName=/custom/metro/log/2022-10-12/app321665561219591.log
10-12 15:56:19.027 11295 11317 D LogWriteUtil.class=LogFileHandlerThread.class: 8,initFile: logFile=/custom/metro/log/2022-10-12/app33.log, logFile.length=0
10-12 15:56:19.028 11295 11317 D LogWriteUtil.class=LogFileHandlerThread.class: 1getFilePath: logFormat=2022-10-12, LogWriteUtil.logPathDir=/custom/metro/log
10-12 15:56:19.028 11295 11317 D LogWriteUtil.class=LogFileHandlerThread.class: 2getFilePath: filePath=/custom/metro/log/2022-10-12
10-12 15:56:19.028 11295 11317 D LogWriteUtil.class=LogFileHandlerThread.class: 1getCurrentFileName: LogWriteUtil.logfile=app.log
10-12 15:56:19.029 11295 11317 D LogWriteUtil.class=LogFileHandlerThread.class: 1getFilePath: logFormat=2022-10-12, LogWriteUtil.logPathDir=/custom/metro/log
10-12 15:56:19.029 11295 11317 D LogWriteUtil.class=LogFileHandlerThread.class: 2getFilePath: filePath=/custom/metro/log/2022-10-12
10-12 15:56:19.029 11295 11317 D LogWriteUtil.class=LogFileHandlerThread.class: getFileNameSuffix: file=/custom/metro/log/2022-10-12
10-12 15:56:19.029 11295 11317 D LogWriteUtil.class=LogFileHandlerThread.class: 2getCurrentFileName: index=3, LogWriteUtil.logfile=app.log, getFileNameSuffix=33
10-12 15:56:19.030 11295 11317 D LogWriteUtil.class=LogFileHandlerThread.class: 1getFilePath: logFormat=2022-10-12, LogWriteUtil.logPathDir=/custom/metro/log
10-12 15:56:19.030 11295 11317 D LogWriteUtil.class=LogFileHandlerThread.class: 2getFilePath: filePath=/custom/metro/log/2022-10-12
10-12 15:56:19.030 11295 11317 D LogWriteUtil.class=LogFileHandlerThread.class: getFileNameSuffix: file=/custom/metro/log/2022-10-12
10-12 15:56:19.031 11295 11317 D LogWriteUtil.class=LogFileHandlerThread.class: 3getCurrentFileName: logFileName=app33.log
10-12 15:56:19.031 11295 11317 D LogWriteUtil.class=LogFileHandlerThread.class: 1,initFile: getFilePath()=/custom/metro/log/2022-10-12, getCurrentFileName=app33.log
10-12 15:56:19.031 11295 11317 D LogWriteUtil.class=LogFileHandlerThread.class: 1getFilePath: logFormat=2022-10-12, LogWriteUtil.logPathDir=/custom/metro/log
10-12 15:56:19.031 11295 11317 D LogWriteUtil.class=LogFileHandlerThread.class: 2getFilePath: filePath=/custom/metro/log/2022-10-12
10-12 15:56:19.031 11295 11317 D LogWriteUtil.class=LogFileHandlerThread.class: 1getCurrentFileName: LogWriteUtil.logfile=app.log
10-12 15:56:19.032 11295 11317 D LogWriteUtil.class=LogFileHandlerThread.class: 1getFilePath: logFormat=2022-10-12, LogWriteUtil.logPathDir=/custom/metro/log
10-12 15:56:19.032 11295 11317 D LogWriteUtil.class=LogFileHandlerThread.class: 2getFilePath: filePath=/custom/metro/log/2022-10-12
10-12 15:56:19.032 11295 11317 D LogWriteUtil.class=LogFileHandlerThread.class: getFileNameSuffix: file=/custom/metro/log/2022-10-12
10-12 15:56:19.032 11295 11317 D LogWriteUtil.class=LogFileHandlerThread.class: 2getCurrentFileName: index=3, LogWriteUtil.logfile=app.log, getFileNameSuffix=33
10-12 15:56:19.032 11295 11317 D LogWriteUtil.class=LogFileHandlerThread.class: 1getFilePath: logFormat=2022-10-12, LogWriteUtil.logPathDir=/custom/metro/log
10-12 15:56:19.033 11295 11317 D LogWriteUtil.class=LogFileHandlerThread.class: 2getFilePath: filePath=/custom/metro/log/2022-10-12
10-12 15:56:19.033 11295 11317 D LogWriteUtil.class=LogFileHandlerThread.class: getFileNameSuffix: file=/custom/metro/log/2022-10-12
10-12 15:56:19.033 11295 11317 D LogWriteUtil.class=LogFileHandlerThread.class: 3getCurrentFileName: logFileName=app33.log
10-12 15:56:19.033 11295 11317 D LogWriteUtil.class=LogFileHandlerThread.class: 1getCurrentFileName: LogWriteUtil.logfile=app.log
10-12 15:56:19.034 11295 11317 D LogWriteUtil.class=LogFileHandlerThread.class: 1getFilePath: logFormat=2022-10-12, LogWriteUtil.logPathDir=/custom/metro/log
10-12 15:56:19.034 11295 11317 D LogWriteUtil.class=LogFileHandlerThread.class: 2getFilePath: filePath=/custom/metro/log/2022-10-12
10-12 15:56:19.034 11295 11317 D LogWriteUtil.class=LogFileHandlerThread.class: getFileNameSuffix: file=/custom/metro/log/2022-10-12
10-12 15:56:19.034 11295 11317 D LogWriteUtil.class=LogFileHandlerThread.class: 2getCurrentFileName: index=3, LogWriteUtil.logfile=app.log, getFileNameSuffix=33
10-12 15:56:19.035 11295 11317 D LogWriteUtil.class=LogFileHandlerThread.class: 1getFilePath: logFormat=2022-10-12, LogWriteUtil.logPathDir=/custom/metro/log
10-12 15:56:19.035 11295 11317 D LogWriteUtil.class=LogFileHandlerThread.class: 2getFilePath: filePath=/custom/metro/log/2022-10-12
10-12 15:56:19.035 11295 11317 D LogWriteUtil.class=LogFileHandlerThread.class: getFileNameSuffix: file=/custom/metro/log/2022-10-12
10-12 15:56:19.035 11295 11317 D LogWriteUtil.class=LogFileHandlerThread.class: 3getCurrentFileName: logFileName=app33.log
10-12 15:56:19.035 11295 11317 D TAG     : 2,initFile: /custom/metro/log/2022-10-12/app33.log, logFile.length=0, getCurrentFileName()=app33.log, writeFileName=/custom/metro/log/2022-10-12/app321665561219591.log
10-12 15:56:19.036 11295 11317 D LogWriteUtil.class=LogFileHandlerThread.class: 8,initFile: logFile=/custom/metro/log/2022-10-12/app33.log, logFile.length=0
10-12 15:56:19.037  1436  2534 E LocSvc_libulp: I/int ulp_msg_process_system_update(const UlpSystemEvent): systemEvent:5 
10-12 15:56:19.038  1436  2534 E LocSvc_libulp: I/===> int ulp_brain_turn_onoff_dr_provider() line 842 
10-12 15:56:19.038  1436  2534 E LocSvc_libulp: I/===> int ulp_dr_stop_engine() line 235 
10-12 15:56:19.038  1436  2534 E LocSvc_libulp: I/int ulp_msg_process_start_req(), at ulp state = 1
10-12 15:56:19.038  1436  1887 E LocSvc_api_v02: I/---> locClientSendReq line 2064 QMI_LOC_GET_BEST_AVAILABLE_POSITION_REQ_V02
10-12 15:56:19.043  1436  1899 E LocSvc_ApiV02: I/<--- void globalRespCb(locClientHandleType, uint32_t, const locClientRespIndUnionType, uint32_t, void *) line 140 QMI_LOC_GET_BEST_AVAILABLE_POSITION_REQ_V02
10-12 15:56:19.044  1436  2534 E LocSvc_libulp: I/int ulp_brain_process_zpp_position_report(const enum loc_sess_status, LocPosTechMask, UlpLocation *), report ZPP position to providers,report_position = 1
10-12 15:56:19.044  1436  2534 E LocSvc_libulp: I/===> int ulp_brain_turn_onoff_dr_provider() line 842 
10-12 15:56:19.044  1436  2534 E LocSvc_libulp: I/===> int ulp_dr_stop_engine() line 235 
10-12 15:56:19.131 11295 11361 D UdpDisServices: udp receive - api receive data disApi, udp service id=219  - udp.packet.address=/172.2.208.8, udp.pack.socketAddress=/172.2.208.8:64002, udp.port=64002- running=true - message={"MsgSeqID":57035,"MsgName":"GetStationATSRsp","MsgInfo":{"Code":10011,"StationATSInfos":[{"TrainGroupNumber":"211","ServiceNumber":"000","TrainCrewNumber":"000","TrainPosition":"1","TrainRunningPosition":"1","RailName":"T1306","StationID":"013","TerminalStationID":"000","DestinationID":"000"},{"TrainGroupNumber":"202","ServiceNumber":"000","TrainCrewNumber":"000","TrainPosition":"1","TrainRunningPosition":"2","RailName":"T1303","StationID":"013","TerminalStationID":"000","DestinationID":"000"},{"TrainGroupNumber":"299","ServiceNumber":"801","TrainCrewNumber":"000","TrainPosition":"1","TrainRunningPosition":"2","RailName":"T1301","StationID":"013","TerminalStationID":"000","DestinationID":"000"}]}}
10-12 15:56:19.133 11295 11361 I APP_LogUtils.kt: [(LogUtils.kt:50).i()] [UdpDisServices] udp receive - api receive data disApi, udp service id=219 - running=true  - ip=/172.2.208.8 - port=64002 - message={"MsgSeqID":57035,"MsgName":"GetStationATSRsp","MsgInfo":{"Code":10011,"StationATSInfos":[{"TrainGroupNumber":"211","ServiceNumber":"000","TrainCrewNumber":"000","TrainPosition":"1","TrainRunningPosition":"1","RailName":"T1306","StationID":"013","TerminalStationID":"000","DestinationID":"000"},{"TrainGroupNumber":"202","ServiceNumber":"000","TrainCrewNumber":"000","TrainPosition":"1","TrainRunningPosition":"2","RailName":"T1303","StationID":"013","TerminalStationID":"000","DestinationID":"000"},{"TrainGroupNumber":"299","ServiceNumber":"801","TrainCrewNumber":"000","TrainPosition":"1","TrainRunningPosition":"2","RailName":"T1301","StationID":"013","TerminalStationID":"000","DestinationID":"000"}]}}
10-12 15:56:19.137 11295 11317 D LogWriteUtil.class=LogFileHandlerThread.class: 1getFilePath: logFormat=2022-10-12, LogWriteUtil.logPathDir=/custom/metro/log
10-12 15:56:19.137 11295 11317 D LogWriteUtil.class=LogFileHandlerThread.class: 2getFilePath: filePath=/custom/metro/log/2022-10-12
10-12 15:56:19.137 11295 11317 D LogWriteUtil.class=LogFileHandlerThread.class: 1getCurrentFileName: LogWriteUtil.logfile=app.log
10-12 15:56:19.138 11295 11295 D MainActivity: onMessageEvent  -- gginit: disApi, id=1---event={"MsgSeqID":57035,"MsgName":"GetStationATSRsp","MsgInfo":{"Code":10011,"StationATSInfos":[{"TrainGroupNumber":"211","ServiceNumber":"000","TrainCrewNumber":"000","TrainPosition":"1","TrainRunningPosition":"1","RailName":"T1306","StationID":"013","TerminalStationID":"000","DestinationID":"000"},{"TrainGroupNumber":"202","ServiceNumber":"000","TrainCrewNumber":"000","TrainPosition":"1","TrainRunningPosition":"2","RailName":"T1303","StationID":"013","TerminalStationID":"000","DestinationID":"000"},{"TrainGroupNumber":"299","ServiceNumber":"801","TrainCrewNumber":"000","TrainPosition":"1","TrainRunningPosition":"2","RailName":"T1301","StationID":"013","TerminalStationID":"000","DestinationID":"000"}]}}
10-12 15:56:19.138 11295 11295 D MainViewModel: 1processDisApi: disApi, id=1
10-12 15:56:19.138 11295 11361 D UdpDisServices: udp receive - api receive data disApi, udp service id=219  - udp.packet.address=/172.2.208.8, udp.pack.socketAddress=/172.2.208.8:64002, udp.port=64002- running=true - message={"MsgSeqID":57053,"MsgName":"GetStationATSRsp","MsgInfo":{"Code":10011,"StationATSInfos":[{"TrainGroupNumber":"211","ServiceNumber":"000","TrainCrewNumber":"000","TrainPosition":"1","TrainRunningPosition":"1","RailName":"T1306","StationID":"013","TerminalStationID":"000","DestinationID":"000"},{"TrainGroupNumber":"202","ServiceNumber":"000","TrainCrewNumber":"000","TrainPosition":"1","TrainRunningPosition":"2","RailName":"T1303","StationID":"013","TerminalStationID":"000","DestinationID":"000"},{"TrainGroupNumber":"299","ServiceNumber":"801","TrainCrewNumber":"000","TrainPosition":"1","TrainRunningPosition":"2","RailName":"T1301","StationID":"013","TerminalStationID":"000","DestinationID":"000"}]}}
10-12 15:56:19.138 11295 11317 D LogWriteUtil.class=LogFileHandlerThread.class: 1getFilePath: logFormat=2022-10-12, LogWriteUtil.logPathDir=/custom/metro/log
10-12 15:56:19.139 11295 11317 D LogWriteUtil.class=LogFileHandlerThread.class: 2getFilePath: filePath=/custom/metro/log/2022-10-12
10-12 15:56:19.139 11295 11317 D LogWriteUtil.class=LogFileHandlerThread.class: getFileNameSuffix: file=/custom/metro/log/2022-10-12
10-12 15:56:19.139 11295 11505 D DisApiSingletonReceive: processingData: disApi, id=260 - data={"MsgSeqID":57035,"MsgName":"GetStationATSRsp","MsgInfo":{"Code":10011,"StationATSInfos":[{"TrainGroupNumber":"211","ServiceNumber":"000","TrainCrewNumber":"000","TrainPosition":"1","TrainRunningPosition":"1","RailName":"T1306","StationID":"013","TerminalStationID":"000","DestinationID":"000"},{"TrainGroupNumber":"202","ServiceNumber":"000","TrainCrewNumber":"000","TrainPosition":"1","TrainRunningPosition":"2","RailName":"T1303","StationID":"013","TerminalStationID":"000","DestinationID":"000"},{"TrainGroupNumber":"299","ServiceNumber":"801","TrainCrewNumber":"000","TrainPosition":"1","TrainRunningPosition":"2","RailName":"T1301","StationID":"013","TerminalStationID":"000","DestinationID":"000"}]}}
10-12 15:56:19.140 11295 11361 I APP_LogUtils.kt: [(LogUtils.kt:50).i()] [UdpDisServices] udp receive - api receive data disApi, udp service id=219 - running=true  - ip=/172.2.208.8 - port=64002 - message={"MsgSeqID":57053,"MsgName":"GetStationATSRsp","MsgInfo":{"Code":10011,"StationATSInfos":[{"TrainGroupNumber":"211","ServiceNumber":"000","TrainCrewNumber":"000","TrainPosition":"1","TrainRunningPosition":"1","RailName":"T1306","StationID":"013","TerminalStationID":"000","DestinationID":"000"},{"TrainGroupNumber":"202","ServiceNumber":"000","TrainCrewNumber":"000","TrainPosition":"1","TrainRunningPosition":"2","RailName":"T1303","StationID":"013","TerminalStationID":"000","DestinationID":"000"},{"TrainGroupNumber":"299","ServiceNumber":"801","TrainCrewNumber":"000","TrainPosition":"1","TrainRunningPosition":"2","RailName":"T1301","StationID":"013","TerminalStationID":"000","DestinationID":"000"}]}}
10-12 15:56:19.140 11295 11317 D LogWriteUtil.class=LogFileHandlerThread.class: 2getCurrentFileName: index=3, LogWriteUtil.logfile=app.log, getFileNameSuffix=33
10-12 15:56:19.141 11295 11295 D MainActivity: onMessageEvent  -- gginit: disApi, id=1---event={"MsgSeqID":57053,"MsgName":"GetStationATSRsp","MsgInfo":{"Code":10011,"StationATSInfos":[{"TrainGroupNumber":"211","ServiceNumber":"000","TrainCrewNumber":"000","TrainPosition":"1","TrainRunningPosition":"1","RailName":"T1306","StationID":"013","TerminalStationID":"000","DestinationID":"000"},{"TrainGroupNumber":"202","ServiceNumber":"000","TrainCrewNumber":"000","TrainPosition":"1","TrainRunningPosition":"2","RailName":"T1303","StationID":"013","TerminalStationID":"000","DestinationID":"000"},{"TrainGroupNumber":"299","ServiceNumber":"801","TrainCrewNumber":"000","TrainPosition":"1","TrainRunningPosition":"2","RailName":"T1301","StationID":"013","TerminalStationID":"000","DestinationID":"000"}]}}
10-12 15:56:19.141 11295 11295 D MainViewModel: 1processDisApi: disApi, id=1
10-12 15:56:19.141 11295 11317 D LogWriteUtil.class=LogFileHandlerThread.class: 1getFilePath: logFormat=2022-10-12, LogWriteUtil.logPathDir=/custom/metro/log
10-12 15:56:19.142 11295 11317 D LogWriteUtil.class=LogFileHandlerThread.class: 2getFilePath: filePath=/custom/metro/log/2022-10-12
10-12 15:56:19.142 11295 11317 D LogWriteUtil.class=LogFileHandlerThread.class: getFileNameSuffix: file=/custom/metro/log/2022-10-12
10-12 15:56:19.143 11295 11317 D LogWriteUtil.class=LogFileHandlerThread.class: 3getCurrentFileName: logFileName=app33.log
10-12 15:56:19.143 11295 11317 D LogWriteUtil.class=LogFileHandlerThread.class: 1,initFile: getFilePath()=/custom/metro/log/2022-10-12, getCurrentFileName=app33.log
10-12 15:56:19.143 11295 11505 D DisApiSingletonReceive: parseStationAtsData: atsInfo=com.gbcom.library_base.data.StationAtsApiData@e96a5f1
10-12 15:56:19.144 11295 11505 D BtrunCConfig: isR2Nubmer is true
10-12 15:56:19.144 11295 11505 D com.ztegota.system.GotaSystem: getMdn +866022013
10-12 15:56:19.144 11295 11505 D TAG     : getUserId: userId2=+866022013
10-12 15:56:19.144 11295 11505 D BtrunCConfig: isR2Nubmer is true
10-12 15:56:19.144 11295 11505 D com.ztegota.system.GotaSystem: getMdn +866022013
10-12 15:56:19.144 11295 11505 D TAG     : getUserId: userId2=+866022013
10-12 15:56:19.144 11295 11317 D LogWriteUtil.class=LogFileHandlerThread.class: 1getFilePath: logFormat=2022-10-12, LogWriteUtil.logPathDir=/custom/metro/log
10-12 15:56:19.144 11295 11505 D BtrunCConfig: isR2Nubmer is true
10-12 15:56:19.145 11295 11505 D com.ztegota.system.GotaSystem: getMdn +866022013
10-12 15:56:19.145 11295 11505 D TAG     : getUserId: userId2=+866022013
10-12 15:56:19.146 11295 11317 D LogWriteUtil.class=LogFileHandlerThread.class: 2getFilePath: filePath=/custom/metro/log/2022-10-12
10-12 15:56:19.147 11295 11497 D DisApiSingletonReceive: processingData: disApi, id=257 - data={"MsgSeqID":57053,"MsgName":"GetStationATSRsp","MsgInfo":{"Code":10011,"StationATSInfos":[{"TrainGroupNumber":"211","ServiceNumber":"000","TrainCrewNumber":"000","TrainPosition":"1","TrainRunningPosition":"1","RailName":"T1306","StationID":"013","TerminalStationID":"000","DestinationID":"000"},{"TrainGroupNumber":"202","ServiceNumber":"000","TrainCrewNumber":"000","TrainPosition":"1","TrainRunningPosition":"2","RailName":"T1303","StationID":"013","TerminalStationID":"000","DestinationID":"000"},{"TrainGroupNumber":"299","ServiceNumber":"801","TrainCrewNumber":"000","TrainPosition":"1","TrainRunningPosition":"2","RailName":"T1301","StationID":"013","TerminalStationID":"000","DestinationID":"000"}]}}
10-12 15:56:19.147 11295 11317 D LogWriteUtil.class=LogFileHandlerThread.class: 1getCurrentFileName: LogWriteUtil.logfile=app.log
10-12 15:56:19.148 11295 11317 D LogWriteUtil.class=LogFileHandlerThread.class: 1getFilePath: logFormat=2022-10-12, LogWriteUtil.logPathDir=/custom/metro/log
10-12 15:56:19.148 11295 11317 D LogWriteUtil.class=LogFileHandlerThread.class: 2getFilePath: filePath=/custom/metro/log/2022-10-12
10-12 15:56:19.148 11295 11317 D LogWriteUtil.class=LogFileHandlerThread.class: getFileNameSuffix: file=/custom/metro/log/2022-10-12
10-12 15:56:19.149 11295 11317 D LogWriteUtil.class=LogFileHandlerThread.class: 2getCurrentFileName: index=3, LogWriteUtil.logfile=app.log, getFileNameSuffix=33
10-12 15:56:19.151 11295 11317 D LogWriteUtil.class=LogFileHandlerThread.class: 1getFilePath: logFormat=2022-10-12, LogWriteUtil.logPathDir=/custom/metro/log
10-12 15:56:19.151 11295 11497 D DisApiSingletonReceive: parseStationAtsData: atsInfo=com.gbcom.library_base.data.StationAtsApiData@61a45d6
10-12 15:56:19.151 11295 11317 D LogWriteUtil.class=LogFileHandlerThread.class: 2getFilePath: filePath=/custom/metro/log/2022-10-12
10-12 15:56:19.151 11295 11317 D LogWriteUtil.class=LogFileHandlerThread.class: getFileNameSuffix: file=/custom/metro/log/2022-10-12
10-12 15:56:19.151 11295 11497 D BtrunCConfig: isR2Nubmer is true
10-12 15:56:19.151 11295 11497 D com.ztegota.system.GotaSystem: getMdn +866022013
10-12 15:56:19.151 11295 11497 D TAG     : getUserId: userId2=+866022013
10-12 15:56:19.151 11295 11497 D BtrunCConfig: isR2Nubmer is true
10-12 15:56:19.152 11295 11497 D com.ztegota.system.GotaSystem: getMdn +866022013
10-12 15:56:19.152 11295 11497 D TAG     : getUserId: userId2=+866022013
10-12 15:56:19.152 11295 11497 D BtrunCConfig: isR2Nubmer is true
10-12 15:56:19.152 11295 11497 D com.ztegota.system.GotaSystem: getMdn +866022013
10-12 15:56:19.152 11295 11497 D TAG     : getUserId: userId2=+866022013
10-12 15:56:19.152 11295 11317 D LogWriteUtil.class=LogFileHandlerThread.class: 3getCurrentFileName: logFileName=app33.log
10-12 15:56:19.152 11295 11317 D LogWriteUtil.class=LogFileHandlerThread.class: 1getCurrentFileName: LogWriteUtil.logfile=app.log
10-12 15:56:19.153 11295 11317 D LogWriteUtil.class=LogFileHandlerThread.class: 1getFilePath: logFormat=2022-10-12, LogWriteUtil.logPathDir=/custom/metro/log
10-12 15:56:19.154 11295 11317 D LogWriteUtil.class=LogFileHandlerThread.class: 2getFilePath: filePath=/custom/metro/log/2022-10-12
10-12 15:56:19.154 11295 11317 D LogWriteUtil.class=LogFileHandlerThread.class: getFileNameSuffix: file=/custom/metro/log/2022-10-12
10-12 15:56:19.155 11295 11317 D LogWriteUtil.class=LogFileHandlerThread.class: 2getCurrentFileName: index=3, LogWriteUtil.logfile=app.log, getFileNameSuffix=33
10-12 15:56:19.158 11295 11317 D LogWriteUtil.class=LogFileHandlerThread.class: 1getFilePath: logFormat=2022-10-12, LogWriteUtil.logPathDir=/custom/metro/log
10-12 15:56:19.158 11295 11317 D LogWriteUtil.class=LogFileHandlerThread.class: 2getFilePath: filePath=/custom/metro/log/2022-10-12
10-12 15:56:19.158 11295 11317 D LogWriteUtil.class=LogFileHandlerThread.class: getFileNameSuffix: file=/custom/metro/log/2022-10-12
10-12 15:56:19.159 11295 11317 D LogWriteUtil.class=LogFileHandlerThread.class: 3getCurrentFileName: logFileName=app33.log
10-12 15:56:19.159 11295 11317 D TAG     : 2,initFile: /custom/metro/log/2022-10-12/app33.log, logFile.length=0, getCurrentFileName()=app33.log, writeFileName=/custom/metro/log/2022-10-12/app321665561219591.log
10-12 15:56:19.159 11295 11317 D LogWriteUtil.class=LogFileHandlerThread.class: 8,initFile: logFile=/custom/metro/log/2022-10-12/app33.log, logFile.length=0
10-12 15:56:19.160 11295 11317 D LogWriteUtil.class=LogFileHandlerThread.class: 1getFilePath: logFormat=2022-10-12, LogWriteUtil.logPathDir=/custom/metro/log
10-12 15:56:19.161 11295 11317 D LogWriteUtil.class=LogFileHandlerThread.class: 2getFilePath: filePath=/custom/metro/log/2022-10-12
10-12 15:56:19.161 11295 11317 D LogWriteUtil.class=LogFileHandlerThread.class: 1getCurrentFileName: LogWriteUtil.logfile=app.log
10-12 15:56:19.161 11295 11317 D LogWriteUtil.class=LogFileHandlerThread.class: 1getFilePath: logFormat=2022-10-12, LogWriteUtil.logPathDir=/custom/metro/log
10-12 15:56:19.162 11295 11317 D LogWriteUtil.class=LogFileHandlerThread.class: 2getFilePath: filePath=/custom/metro/log/2022-10-12
10-12 15:56:19.162 11295 11317 D LogWriteUtil.class=LogFileHandlerThread.class: getFileNameSuffix: file=/custom/metro/log/2022-10-12
10-12 15:56:19.162 11295 11317 D LogWriteUtil.class=LogFileHandlerThread.class: 2getCurrentFileName: index=3, LogWriteUtil.logfile=app.log, getFileNameSuffix=33
10-12 15:56:19.163 11295 11317 D LogWriteUtil.class=LogFileHandlerThread.class: 1getFilePath: logFormat=2022-10-12, LogWriteUtil.logPathDir=/custom/metro/log
10-12 15:56:19.163 11295 11317 D LogWriteUtil.class=LogFileHandlerThread.class: 2getFilePath: filePath=/custom/metro/log/2022-10-12
10-12 15:56:19.164 11295 11317 D LogWriteUtil.class=LogFileHandlerThread.class: getFileNameSuffix: file=/custom/metro/log/2022-10-12
10-12 15:56:19.164 11295 11317 D LogWriteUtil.class=LogFileHandlerThread.class: 3getCurrentFileName: logFileName=app33.log
10-12 15:56:19.164 11295 11317 D LogWriteUtil.class=LogFileHandlerThread.class: 1,initFile: getFilePath()=/custom/metro/log/2022-10-12, getCurrentFileName=app33.log
10-12 15:56:19.165 11295 11317 D LogWriteUtil.class=LogFileHandlerThread.class: 1getFilePath: logFormat=2022-10-12, LogWriteUtil.logPathDir=/custom/metro/log
10-12 15:56:19.165 11295 11317 D LogWriteUtil.class=LogFileHandlerThread.class: 2getFilePath: filePath=/custom/metro/log/2022-10-12
10-12 15:56:19.166 11295 11317 D LogWriteUtil.class=LogFileHandlerThread.class: 1getCurrentFileName: LogWriteUtil.logfile=app.log
10-12 15:56:19.167 11295 11317 D LogWriteUtil.class=LogFileHandlerThread.class: 1getFilePath: logFormat=2022-10-12, LogWriteUtil.logPathDir=/custom/metro/log
10-12 15:56:19.167 11295 11317 D LogWriteUtil.class=LogFileHandlerThread.class: 2getFilePath: filePath=/custom/metro/log/2022-10-12
10-12 15:56:19.167 11295 11317 D LogWriteUtil.class=LogFileHandlerThread.class: getFileNameSuffix: file=/custom/metro/log/2022-10-12
10-12 15:56:19.168 11295 11317 D LogWriteUtil.class=LogFileHandlerThread.class: 2getCurrentFileName: index=3, LogWriteUtil.logfile=app.log, getFileNameSuffix=33
10-12 15:56:19.169 11295 11317 D LogWriteUtil.class=LogFileHandlerThread.class: 1getFilePath: logFormat=2022-10-12, LogWriteUtil.logPathDir=/custom/metro/log
10-12 15:56:19.169 11295 11317 D LogWriteUtil.class=LogFileHandlerThread.class: 2getFilePath: filePath=/custom/metro/log/2022-10-12
10-12 15:56:19.169 11295 11317 D LogWriteUtil.class=LogFileHandlerThread.class: getFileNameSuffix: file=/custom/metro/log/2022-10-12
10-12 15:56:19.170 11295 11317 D LogWriteUtil.class=LogFileHandlerThread.class: 3getCurrentFileName: logFileName=app33.log
10-12 15:56:19.170 11295 11317 D LogWriteUtil.class=LogFileHandlerThread.class: 1getCurrentFileName: LogWriteUtil.logfile=app.log
10-12 15:56:19.171 11295 11317 D LogWriteUtil.class=LogFileHandlerThread.class: 1getFilePath: logFormat=2022-10-12, LogWriteUtil.logPathDir=/custom/metro/log
10-12 15:56:19.171 11295 11317 D LogWriteUtil.class=LogFileHandlerThread.class: 2getFilePath: filePath=/custom/metro/log/2022-10-12
10-12 15:56:19.171 11295 11317 D LogWriteUtil.class=LogFileHandlerThread.class: getFileNameSuffix: file=/custom/metro/log/2022-10-12
10-12 15:56:19.172 11295 11317 D LogWriteUtil.class=LogFileHandlerThread.class: 2getCurrentFileName: index=3, LogWriteUtil.logfile=app.log, getFileNameSuffix=33
10-12 15:56:19.173 11295 11317 D LogWriteUtil.class=LogFileHandlerThread.class: 1getFilePath: logFormat=2022-10-12, LogWriteUtil.logPathDir=/custom/metro/log
10-12 15:56:19.173 11295 11317 D LogWriteUtil.class=LogFileHandlerThread.class: 2getFilePath: filePath=/custom/metro/log/2022-10-12
10-12 15:56:19.173 11295 11317 D LogWriteUtil.class=LogFileHandlerThread.class: getFileNameSuffix: file=/custom/metro/log/2022-10-12
10-12 15:56:19.174 11295 11317 D LogWriteUtil.class=LogFileHandlerThread.class: 3getCurrentFileName: logFileName=app33.log
10-12 15:56:19.174 11295 11317 D TAG     : 2,initFile: /custom/metro/log/2022-10-12/app33.log, logFile.length=0, getCurrentFileName()=app33.log, writeFileName=/custom/metro/log/2022-10-12/app321665561219591.log
10-12 15:56:19.174 11295 11317 D LogWriteUtil.class=LogFileHandlerThread.class: 8,initFile: logFile=/custom/metro/log/2022-10-12/app33.log, logFile.length=0
10-12 15:56:19.176 11295 11497 D MainViewModel: getSystemTime_currentThreadID2: 257
10-12 15:56:19.180 11295 11295 D IndexFragment: initView: applyFxData() - ats=[StationAts(createTime=1665561379, trainGroupNumber=211, serviceNumber=000, trainCrewNumber=000, trainPosition=1, trainRunningPosition=1, railName=T1306, stationID=013, terminalStationID=000, destinationID=000, identityID=+866022013), StationAts(createTime=1665561379, trainGroupNumber=202, serviceNumber=000, trainCrewNumber=000, trainPosition=1, trainRunningPosition=2, railName=T1303, stationID=013, terminalStationID=000, destinationID=000, identityID=+866022013), StationAts(createTime=1665561379, trainGroupNumber=299, serviceNumber=801, trainCrewNumber=000, trainPosition=1, trainRunningPosition=2, railName=T1301, stationID=013, terminalStationID=000, destinationID=000, identityID=+866022013)]
10-12 15:56:19.224 11295 11505 D TAG     : getSystemTime_currentThreadID3s: 260, isActive=true
10-12 15:56:19.645   775   775 I MSM-irqbalance: Decided to move IRQ5 from CPU1 [P:0] to CPU6 [P:1] (banned)
10-12 15:56:19.647   775   775 I MSM-irqbalance: Decided to move IRQ5 from CPU2 [P:0] to CPU4 [P:1] (banned)
10-12 15:56:19.649   775   775 I MSM-irqbalance: Decided to move IRQ5 from CPU3 [P:0] to CPU7 [P:1] (banned)
10-12 15:56:19.651   775   775 I MSM-irqbalance: Decided to move IRQ3 from CPU0 [P:0] to CPU5 [P:1] (banned)
10-12 15:56:19.652   775   775 I MSM-irqbalance: Decided to move IRQ5 from CPU0 [P:0] to CPU6 [P:1] (banned)
10-12 15:56:19.680 11295 11505 D MainViewModel: getSystemTime_currentThreadID2: 260
10-12 15:56:19.683 11295 11353 I rilj    : EMCI Detial(CellId--->Tav): 5889,255,2,"46009",255,65535,59,65535,255,255,58,28,16,255,1202590897205,0,0,0,0,0,0,0,0
10-12 15:56:19.683 11295 11353 D LTERILJ : [UNSL]< RIL_UNSOL_NOTIFY_EMCI_DETAIL
10-12 15:56:19.684 11295 11350 D LTEPhone: EVENT_FOR_EMCI_DETAIL
10-12 15:56:19.684 11295 11350 D LTEServiceTracker: setCellId cellId:5889,"46009"
10-12 15:56:19.709 11295 11295 I APP_LogUtils.kt: [(LogUtils.kt:50).i()] [com.gbcom.library_base.service.LLteService] lte_resp_sys_for_emci_detail - EmciDetail=com.ztegota.system.common.EmciDetail@550c3b0
10-12 15:56:19.712 11295 11317 D LogWriteUtil.class=LogFileHandlerThread.class: 1getFilePath: logFormat=2022-10-12, LogWriteUtil.logPathDir=/custom/metro/log
10-12 15:56:19.712 11295 11317 D LogWriteUtil.class=LogFileHandlerThread.class: 2getFilePath: filePath=/custom/metro/log/2022-10-12
10-12 15:56:19.713 11295 11317 D LogWriteUtil.class=LogFileHandlerThread.class: 1getCurrentFileName: LogWriteUtil.logfile=app.log
10-12 15:56:19.714 11295 11317 D LogWriteUtil.class=LogFileHandlerThread.class: 1getFilePath: logFormat=2022-10-12, LogWriteUtil.logPathDir=/custom/metro/log
10-12 15:56:19.714 11295 11317 D LogWriteUtil.class=LogFileHandlerThread.class: 2getFilePath: filePath=/custom/metro/log/2022-10-12
10-12 15:56:19.714 11295 11317 D LogWriteUtil.class=LogFileHandlerThread.class: getFileNameSuffix: file=/custom/metro/log/2022-10-12
10-12 15:56:19.716 11295 11317 D LogWriteUtil.class=LogFileHandlerThread.class: 2getCurrentFileName: index=3, LogWriteUtil.logfile=app.log, getFileNameSuffix=33
10-12 15:56:19.718 11295 11317 D LogWriteUtil.class=LogFileHandlerThread.class: 1getFilePath: logFormat=2022-10-12, LogWriteUtil.logPathDir=/custom/metro/log
10-12 15:56:19.718 11295 11317 D LogWriteUtil.class=LogFileHandlerThread.class: 2getFilePath: filePath=/custom/metro/log/2022-10-12
10-12 15:56:19.719 11295 11317 D LogWriteUtil.class=LogFileHandlerThread.class: getFileNameSuffix: file=/custom/metro/log/2022-10-12
10-12 15:56:19.720 11295 11317 D LogWriteUtil.class=LogFileHandlerThread.class: 3getCurrentFileName: logFileName=app33.log
10-12 15:56:19.721 11295 11317 D LogWriteUtil.class=LogFileHandlerThread.class: 1,initFile: getFilePath()=/custom/metro/log/2022-10-12, getCurrentFileName=app33.log
10-12 15:56:19.722 11295 11317 D LogWriteUtil.class=LogFileHandlerThread.class: 1getFilePath: logFormat=2022-10-12, LogWriteUtil.logPathDir=/custom/metro/log
10-12 15:56:19.723 11295 11317 D LogWriteUtil.class=LogFileHandlerThread.class: 2getFilePath: filePath=/custom/metro/log/2022-10-12
10-12 15:56:19.723 11295 11317 D LogWriteUtil.class=LogFileHandlerThread.class: 1getCurrentFileName: LogWriteUtil.logfile=app.log
10-12 15:56:19.725 11295 11317 D LogWriteUtil.class=LogFileHandlerThread.class: 1getFilePath: logFormat=2022-10-12, LogWriteUtil.logPathDir=/custom/metro/log
10-12 15:56:19.725 11295 11317 D LogWriteUtil.class=LogFileHandlerThread.class: 2getFilePath: filePath=/custom/metro/log/2022-10-12
10-12 15:56:19.726 11295 11317 D LogWriteUtil.class=LogFileHandlerThread.class: getFileNameSuffix: file=/custom/metro/log/2022-10-12
10-12 15:56:19.727 11295 11317 D LogWriteUtil.class=LogFileHandlerThread.class: 2getCurrentFileName: index=3, LogWriteUtil.logfile=app.log, getFileNameSuffix=33
10-12 15:56:19.729 11295 11317 D LogWriteUtil.class=LogFileHandlerThread.class: 1getFilePath: logFormat=2022-10-12, LogWriteUtil.logPathDir=/custom/metro/log
10-12 15:56:19.729 11295 11317 D LogWriteUtil.class=LogFileHandlerThread.class: 2getFilePath: filePath=/custom/metro/log/2022-10-12
10-12 15:56:19.729 11295 11505 D TAG     : getSystemTime_currentThreadID3s: 260, isActive=true
10-12 15:56:19.730 11295 11317 D LogWriteUtil.class=LogFileHandlerThread.class: getFileNameSuffix: file=/custom/metro/log/2022-10-12
10-12 15:56:19.731 11295 11317 D LogWriteUtil.class=LogFileHandlerThread.class: 3getCurrentFileName: logFileName=app33.log
10-12 15:56:19.731 11295 11317 D LogWriteUtil.class=LogFileHandlerThread.class: 1getCurrentFileName: LogWriteUtil.logfile=app.log
10-12 15:56:19.732 11295 11317 D LogWriteUtil.class=LogFileHandlerThread.class: 1getFilePath: logFormat=2022-10-12, LogWriteUtil.logPathDir=/custom/metro/log
10-12 15:56:19.732 11295 11317 D LogWriteUtil.class=LogFileHandlerThread.class: 2getFilePath: filePath=/custom/metro/log/2022-10-12
10-12 15:56:19.733 11295 11317 D LogWriteUtil.class=LogFileHandlerThread.class: getFileNameSuffix: file=/custom/metro/log/2022-10-12
10-12 15:56:19.734 11295 11317 D LogWriteUtil.class=LogFileHandlerThread.class: 2getCurrentFileName: index=3, LogWriteUtil.logfile=app.log, getFileNameSuffix=33
10-12 15:56:19.735 11295 11317 D LogWriteUtil.class=LogFileHandlerThread.class: 1getFilePath: logFormat=2022-10-12, LogWriteUtil.logPathDir=/custom/metro/log
10-12 15:56:19.735 11295 11317 D LogWriteUtil.class=LogFileHandlerThread.class: 2getFilePath: filePath=/custom/metro/log/2022-10-12
10-12 15:56:19.736 11295 11317 D LogWriteUtil.class=LogFileHandlerThread.class: getFileNameSuffix: file=/custom/metro/log/2022-10-12
10-12 15:56:19.737 11295 11317 D LogWriteUtil.class=LogFileHandlerThread.class: 3getCurrentFileName: logFileName=app33.log
10-12 15:56:19.737 11295 11317 D TAG     : 2,initFile: /custom/metro/log/2022-10-12/app33.log, logFile.length=0, getCurrentFileName()=app33.log, writeFileName=/custom/metro/log/2022-10-12/app321665561219591.log
10-12 15:56:19.737 11295 11317 D LogWriteUtil.class=LogFileHandlerThread.class: 8,initFile: logFile=/custom/metro/log/2022-10-12/app33.log, logFile.length=0
10-12 15:56:20.186 11295 11505 D MainViewModel: getSystemTime_currentThreadID2: 260
10-12 15:56:20.234 11295 11497 D TAG     : getSystemTime_currentThreadID3s: 257, isActive=true
10-12 15:56:20.332 11295 11361 D UdpDisServices: udp receive - api receive data disApi, udp service id=219  - udp.packet.address=/172.2.208.8, udp.pack.socketAddress=/172.2.208.8:64002, udp.port=64002- running=true - message={"MsgSeqID":57015,"MsgName":"GetStationATSRsp","MsgInfo":{"Code":10011,"StationATSInfos":[{"TrainGroupNumber":"211","ServiceNumber":"000","TrainCrewNumber":"000","TrainPosition":"1","TrainRunningPosition":"1","RailName":"T1306","StationID":"013","TerminalStationID":"000","DestinationID":"000"},{"TrainGroupNumber":"202","ServiceNumber":"000","TrainCrewNumber":"000","TrainPosition":"1","TrainRunningPosition":"2","RailName":"T1303","StationID":"013","TerminalStationID":"000","DestinationID":"000"},{"TrainGroupNumber":"299","ServiceNumber":"801","TrainCrewNumber":"000","TrainPosition":"1","TrainRunningPosition":"2","RailName":"T1301","StationID":"013","TerminalStationID":"000","DestinationID":"000"}]}}
10-12 15:56:20.334 11295 11361 I APP_LogUtils.kt: [(LogUtils.kt:50).i()] [UdpDisServices] udp receive - api receive data disApi, udp service id=219 - running=true  - ip=/172.2.208.8 - port=64002 - message={"MsgSeqID":57015,"MsgName":"GetStationATSRsp","MsgInfo":{"Code":10011,"StationATSInfos":[{"TrainGroupNumber":"211","ServiceNumber":"000","TrainCrewNumber":"000","TrainPosition":"1","TrainRunningPosition":"1","RailName":"T1306","StationID":"013","TerminalStationID":"000","DestinationID":"000"},{"TrainGroupNumber":"202","ServiceNumber":"000","TrainCrewNumber":"000","TrainPosition":"1","TrainRunningPosition":"2","RailName":"T1303","StationID":"013","TerminalStationID":"000","DestinationID":"000"},{"TrainGroupNumber":"299","ServiceNumber":"801","TrainCrewNumber":"000","TrainPosition":"1","TrainRunningPosition":"2","RailName":"T1301","StationID":"013","TerminalStationID":"000","DestinationID":"000"}]}}
10-12 15:56:20.337 11295 11295 D MainActivity: onMessageEvent  -- gginit: disApi, id=1---event={"MsgSeqID":57015,"MsgName":"GetStationATSRsp","MsgInfo":{"Code":10011,"StationATSInfos":[{"TrainGroupNumber":"211","ServiceNumber":"000","TrainCrewNumber":"000","TrainPosition":"1","TrainRunningPosition":"1","RailName":"T1306","StationID":"013","TerminalStationID":"000","DestinationID":"000"},{"TrainGroupNumber":"202","ServiceNumber":"000","TrainCrewNumber":"000","TrainPosition":"1","TrainRunningPosition":"2","RailName":"T1303","StationID":"013","TerminalStationID":"000","DestinationID":"000"},{"TrainGroupNumber":"299","ServiceNumber":"801","TrainCrewNumber":"000","TrainPosition":"1","TrainRunningPosition":"2","RailName":"T1301","StationID":"013","TerminalStationID":"000","DestinationID":"000"}]}}
10-12 15:56:20.337 11295 11295 D MainViewModel: 1processDisApi: disApi, id=1
10-12 15:56:20.337 11295 11317 D LogWriteUtil.class=LogFileHandlerThread.class: 1getFilePath: logFormat=2022-10-12, LogWriteUtil.logPathDir=/custom/metro/log
10-12 15:56:20.338 11295 11317 D LogWriteUtil.class=LogFileHandlerThread.class: 2getFilePath: filePath=/custom/metro/log/2022-10-12
10-12 15:56:20.338 11295 11317 D LogWriteUtil.class=LogFileHandlerThread.class: 1getCurrentFileName: LogWriteUtil.logfile=app.log
10-12 15:56:20.339 11295 11317 D LogWriteUtil.class=LogFileHandlerThread.class: 1getFilePath: logFormat=2022-10-12, LogWriteUtil.logPathDir=/custom/metro/log
