10-10 16:03:41.787  5148  5170 D TAG     : 2,initFile: /custom/metro/log/2022-10-10/app22.log, logFile.length=0, getCurrentFileName()=app22.log, writeFileName=/custom/metro/log/2022-10-10/app21.log
10-10 16:03:41.787  5148  5170 D LogWriteUtil.class=LogFileHandlerThread.class: 8,initFile: logFile=/custom/metro/log/2022-10-10/app22.log, logFile.length=0
10-10 16:03:41.791  5148  5238 D DisApiSingletonReceive: parseStationAtsData: atsInfo=com.gbcom.library_base.data.StationAtsApiData@fb7df17
10-10 16:03:41.791  5148  5238 D BtrunCConfig: isR2Nubmer is true
10-10 16:03:41.792  5148  5238 D com.ztegota.system.GotaSystem: getMdn +866022011
10-10 16:03:41.792  5148  5238 D TAG     : getUserId: userId2=+866022011
10-10 16:03:41.811  5148  5148 D IndexFragment: initView: applyFxData() - ats=[StationAts(createTime=1665389021, trainGroupNumber=201, serviceNumber=000, trainCrewNumber=000, trainPosition=1, trainRunningPosition=2, railName=T1203, stationID=011, terminalStationID=000, destinationID=000, identityID=+866022011)]
10-10 16:03:41.920  5148  5238 D MainViewModel: getSystemTime_currentThreadID2: 99
10-10 16:03:41.923  5148  5245 D TAG     : getSystemTime_currentThreadID3s: 106, isActive=true
10-10 16:03:42.072  5148  5207 D LTERILJ : [UNSL]< RIL_UNSOL_NOTIFY_PTT_GROUPCALL_IND
10-10 16:03:42.073  5148  5204 D LTECallTracker: handleMessage  event = LTE_RESP_CALL_GROUPCALLIND
10-10 16:03:42.076  5148  5204 D         : B-TrunC Call Analyzer: PTTGroupCall unsol
10-10 16:03:42.077  5148  5204 D         : mGroupCallIndHandler
10-10 16:03:42.077  5148  5204 D LTECallTracker: getCallById() not find call
10-10 16:03:42.077  5148  5204 D LTECallTracker: getCallById() not find call
10-10 16:03:42.077  5148  5204 D         : origGroupCall == null
10-10 16:03:42.078  5148  5204 D LTECallTracker: handleMessage  event = LTE_REQ_CALL_STOP_MACHINE
10-10 16:03:42.078  5148  5204 D LTECallTracker: mCallList.size is already 0
10-10 16:03:42.078  5148  5204 D LTECallTracker: createCall() PttGroupCallInd
10-10 16:03:42.081  5148  5207 D LTERILJ : [UNSL]< RIL_UNSOL_NOTIFY_PTT_FLOOR_INFO
10-10 16:03:42.082  5148  5207 D LTERILJ : floorinfo is not same, update it[callId]1560805634[floorState]0[speakerNum]6023394[speakerShortNum]3394[groupNum]866027331[groupShortNum]7331[speakerVideoIpType]0[speakerVideoIp][speakerVideoIpPort]0
10-10 16:03:42.094  5148  5204 D PTTCallparam: PTTCallparam getInstance
10-10 16:03:42.094  5148  5204 D VideoParam: videoQuality = 384
10-10 16:03:42.094  5148  5204 D com.ztegota.system.lte.call.LTEMedia: ismSupportVideoCall true
10-10 16:03:42.095  5148  5204 D PTTCall : statusClassName= com.ztegota.system.lte.call.LTECallDefaultStatus
10-10 16:03:42.095  5148  5204 D PTTCall : switchToStatus oldCallStatus = UNDEFINE, newCallStatus = LTEDEFAULT
10-10 16:03:42.095  5148  5204 D PTTCall : init call state, no need to notify
10-10 16:03:42.095  5148  5204 D LTECallTracker: addCall() call size is 0
10-10 16:03:42.095  5148  5204 D LTECallDefaultStatus: onGroupCallInd()
10-10 16:03:42.096  5148  5204 D PTTCall : statusClassName= com.ztegota.system.lte.call.LTECallWaitingStatus
10-10 16:03:42.096  5148  5204 D PTTCall : switchToStatus oldCallStatus = LTEDEFAULT, newCallStatus = LTEWAITING
10-10 16:03:42.097  5148  5204 V LTECallWaitingStatus: onActiveCallStatus EVENT_DELAY_HANDLE_PTTRELEASE is removeMessages
10-10 16:03:42.097  5148  5204 D PTTCall : needNotify need is true
10-10 16:03:42.098  5148  5204 D PTTCall : statusClassName= com.ztegota.system.lte.call.LTECallListenStatus
10-10 16:03:42.099  5148  5148 D BaseApp : handleMessage: EVT_CALL_STATUS msg: { when=-1ms what=0 obj=com.ztegota.system.foundation.AsyncResult@db03770 target=com.gbcom.library_base.BaseApp$mHandler$1 }

10-10 16:03:42.099  5148  5148 D BaseApp : paStartMic: aaaaaaaaaaaaaaaaaaaaaa-------------------------aaaa000001---receive call
10-10 16:03:42.098  5148  5204 D PTTCall : switchToStatus oldCallStatus = LTEWAITING, newCallStatus = LTELISTEN
10-10 16:03:42.100  5148  5204 V LTECallWaitingStatus: onDeactiveCallStatus EVENT_DELAY_HANDLE_PTTRELEASE is removeMessages
10-10 16:03:42.100  5148  5204 D PTTCall : setLTECallConnectTime:
10-10 16:03:42.100  5148  5204 D LTERILJ : [0047]> RIL_REQUEST_ZTE_SET_CALL_STATE_TO_RILD
10-10 16:03:42.103  5148  5204 D com.ztegota.system.lte.call.LTEMedia: initMediaStream 
10-10 16:03:42.105  5148  5212 D com.ztegota.system.lte.call.LTEMedia: handleMessage event=302
10-10 16:03:42.106  5148  5204 D PTTCall : needNotify need is true
10-10 16:03:42.106  5148  5212 D com.ztegota.system.lte.call.LTEMedia: MEDIA_INIT mMediaStatus =IDLE
10-10 16:03:42.107  5148  5212 D com.ztegota.system.lte.call.LTEMedia: doMediaInit() begin 
10-10 16:03:42.107  5148  5204 D LTECallTracker: handleMessage  event = LTE_RESP_CALL_GROUPCALLIND
10-10 16:03:42.107  5148  5204 D LTECallTracker: handleCallGroupIndMsgForCon
10-10 16:03:42.107  5148  5204 D LTEConCallController: mCallPolicyManager == null
10-10 16:03:42.107  5148  5204 D         : handleMessage  event = LTE_RESP_CALL_FLOORINFO
10-10 16:03:42.108  5148  5204 D         : floorinfo is not same update mLastFloorInfo[callId]1560805634[floorState]0[speakerNum]6023394[speakerShortNum]3394[groupNum]866027331[groupShortNum]7331[speakerVideoIpType]0[speakerVideoIp][speakerVideoIpPort]0
10-10 16:03:42.108  5148  5204 D LTECallListenStatus: onFloorInfo, notifyUI
10-10 16:03:42.108  5148  5204 D PTTCall : needNotify need is true
10-10 16:03:42.115  5148  5212 D com.ztegota.system.lte.call.LTEMedia: turn on speaker in LteMedia
10-10 16:03:42.118   628   628 D AudioPolicyManagerCustom: setForceUse() usage 0, config 1, mPhoneState 0
10-10 16:03:42.126  5148  5212 D com.ztegota.system.lte.call.LTEMedia: media audiomode = 0
10-10 16:03:42.126  5148  5275 D com.ztegota.system.lte.call.LTEMedia: B-TrunC Call Analyzer: 切换音频模式 start
10-10 16:03:42.126  5148  5212 I Linphone_JAVA: enableVideo :false
10-10 16:03:42.127  5148  5212 D com.ztegota.system.lte.call.LTEMedia:  init setPttCall  start sourceip = 172.2.200.11,ipAddrPds = 192.168.90.81,mCallType =3,mServiceType= 3
10-10 16:03:42.129   628  1691 D audio_hw_primary: adev_set_mode: mode 3
10-10 16:03:42.129   628  1691 D AudioPolicyManagerCustom: setPhoneState() state 3
10-10 16:03:42.130  5148  5212 D 自动获取IP地址: getEthIpAddress ,interface:eth0,ip:192.168.42.130
10-10 16:03:42.131  5148  5212 D com.ztegota.system.lte.call.LTEMedia: finally localIp is 192.168.42.130
10-10 16:03:42.134  5148  5212 I libjingle: --dxp-- linphone_ptt_call_set_local_net_info[ip:192.168.42.130,audioport:40000,videoport:40002] 
10-10 16:03:42.135  5148  5212 I libjingle: --dxp-- linphone_ptt_call_set_remote_net_info[ip:192.168.90.81,audioport:13022,videoport:13024] 
10-10 16:03:42.135  5148  5212 I libjingle: --dxp-- linphone_ptt_call_set_remote_net_info[lcphone->audiostate:0,lcphone->videostate:0] 
10-10 16:03:42.137  5148  5212 D AudioParam: getFormat:1
10-10 16:03:42.137  5148  5148 D CallActivity: showInit: getGotaSystem=com.ztegota.system.GotaSystem@e1b0c23, lteCurrentCallInfo=call num:866027331 call type:3 call de:1 speak num:6023394 speak name:运营领导小组8 ptt ip:nullCreateTime :1665389022095Connect Time Real :2747221Connect Time :1665389022100Disconnect Time :0Duration Time :0 ptt ip:nullCreateTime :1665389022095Connect Time Real :2747221Connect Time :1665389022100Disconnect Time :0Duration Time :0Call TraceStatus:0isConnect  :trueisAutoCall  :falseCall Attr : mEmergency: false mPreemition: false mEncryption: false mEnhance: true mOffhook: false
10-10 16:03:42.137  5148  5212 D AudioParam: getPtime:40
10-10 16:03:42.137  5148  5148 D CallActivity: showInit: callInfo=call num:866027331 call type:3 call de:1 speak num:6023394 speak name:运营领导小组8 ptt ip:nullCreateTime :1665389022095Connect Time Real :2747221Connect Time :1665389022100Disconnect Time :0Duration Time :0 ptt ip:nullCreateTime :1665389022095Connect Time Real :2747221Connect Time :1665389022100Disconnect Time :0Duration Time :0Call TraceStatus:0isConnect  :trueisAutoCall  :falseCall Attr : mEmergency: false mPreemition: false mEncryption: false mEnhance: true mOffhook: false
10-10 16:03:42.141  5148  5212 D Linphone_JAVA: libphone setAmrParam bit:12200
10-10 16:03:42.141  5148  5148 D CallActivity: initView: callInfo.mCallType====call num:866027331 call type:3 call de:1 speak num:6023394 speak name:运营领导小组8 ptt ip:nullCreateTime :1665389022095Connect Time Real :2747221Connect Time :1665389022100Disconnect Time :0Duration Time :0 ptt ip:nullCreateTime :1665389022095Connect Time Real :2747221Connect Time :1665389022100Disconnect Time :0Duration Time :0Call TraceStatus:0isConnect  :trueisAutoCall  :falseCall Attr : mEmergency: false mPreemition: false mEncryption: false mEnhance: true mOffhook: false
10-10 16:03:42.141  5148  5212 D Linphone_JAVA: libphone setAmrParam ptime:40
10-10 16:03:42.141  5148  5212 I libjingle:  --dxp-- [linphone_core_set_amr_param] bitratae:12200
10-10 16:03:42.141  5148  5212 I libjingle: --dxp-- linphone_ptt_call_set_group_net_info[ip:239.1.1.1,audioport:13526,videoport:13048] 
10-10 16:03:42.141  5148  5212 I libjingle: --dxp-- linphone_ptt_call_set_group_net_info[lcphone->audiostate:0,lcphone->videostate:0] 
10-10 16:03:42.141  5148  5212 I libjingle: --dxp-- linphone_ptt_call_set_group_net_info [err,audiostate:0]
10-10 16:03:42.141   628  1033 D audio_hw_primary: out_set_parameters: enter: usecase(1: low-latency-playback) kvpairs: routing=2
10-10 16:03:42.141  5148  5212 I libjingle: --dxp-- linphone_ptt_call_set_group_net_info [err,videostate:0]
10-10 16:03:42.142  5148  5212 D Linphone_JAVA: libphone configBtruncPcmType type is 0
10-10 16:03:42.142  5148  5212 I libjingle: --dxp--[linphone_call_configBtruncPcmType] line:1757 type &d
10-10 16:03:42.142  5148  5212 D org.linphone.core.LinphoneCoreImpl: first para is 3 secord para is 1
10-10 16:03:42.142  5148  5212 I libjingle: --dxp-- [linphone_ptt_call_set][callMode:3,dir:1] 
10-10 16:03:42.142  5148  5212 I libjingle: --dxp-- [linphone_ptt_call_init][1132] , caltta_linphone_version: [[v1.1.2]_[Jul  5 2022]_[09:58:12]_[unknown]]
10-10 16:03:42.142  5148  5212 I libjingle: --dxp-- [linphone_ptt_call_set][from:192.168.42.130] 
10-10 16:03:42.143  5148  5212 I B-TrunC : Notifying all friends that we are in status 5
10-10 16:03:42.143  5148  5212 I libjingle: --dxp-- [linphone_ptt_call_start][video 0][audio 1] 
10-10 16:03:42.143  5148  5212 I B-TrunC : --dxp--create_duplex_rtpsession isvideo:0
10-10 16:03:42.143  5148  5212 I B-TrunC : rtp_session_init ssrc is 1016885598
10-10 16:03:42.143  5148  5212 W B-TrunC : --dxp-- rtp_session_set_recv_payload_type  in session:d3e26300 ,payload type -1.
10-10 16:03:42.143  5148  5212 I B-TrunC : --dxp--create_duplex_rtpsession recv size:0
10-10 16:03:42.143  5148  5212 I rtpsession: --dxp--create_and_bind_multicast  --ipv4 
10-10 16:03:42.143  5148  5212 I rtpsession: --dxp--4 ADDR_IS_MULTICAST
10-10 16:03:42.143  5148  5212 I rtpsession: --dxp--4 socket addr:239.1.1.1,port:13526
10-10 16:03:42.143  5148  5212 I rtpsession: --dxp--rtp_session_set_local_addr   
10-10 16:03:42.143  5148  5212 I rtpsession: --dxp--create_and_bind 
10-10 16:03:42.144  5148  5212 I rtpsession: --dxp--create_and_bind 
10-10 16:03:42.144  5148  5212 W System.err: java.lang.ClassNotFoundException: Didn't find class "com.ztegota.system.e2ee.E2EETracker" on path: DexPathList[[zip file "/data/app/com.gbcom.metrosystem-1/base.apk"],nativeLibraryDirectories=[/data/app/com.gbcom.metrosystem-1/lib/arm, /system/fake-libs, /data/app/com.gbcom.metrosystem-1/base.apk!/lib/armeabi-v7a, /system/lib, /vendor/lib]]
10-10 16:03:42.145  5148  5212 W System.err: 	at dalvik.system.BaseDexClassLoader.findClass(BaseDexClassLoader.java:56)
10-10 16:03:42.145  5148  5212 W System.err: 	at java.lang.ClassLoader.loadClass(ClassLoader.java:380)
10-10 16:03:42.145  5148  5212 W System.err: 	at java.lang.ClassLoader.loadClass(ClassLoader.java:312)
10-10 16:03:42.145  5148  5212 W System.err: 	at org.linphone.core.LinphoneCoreImpl.setPttCall(Native Method)
10-10 16:03:42.145  5148  5212 W System.err: 	at org.linphone.core.LinphoneCoreImpl.setPttCall(LinphoneCoreImpl.java:950)
10-10 16:03:42.145  5148  5212 W System.err: 	at com.ztegota.system.lte.call.LTEMedia.doMediaInit(LTEMedia.java:500)
10-10 16:03:42.145  5148  5212 W System.err: 	at com.ztegota.system.lte.call.LTEMedia.access$1(LTEMedia.java:346)
10-10 16:03:42.145  5148  5212 W System.err: 	at com.ztegota.system.lte.call.LTEMedia$WorkerHandler.handleMessage(LTEMedia.java:775)
10-10 16:03:42.145  5148  5212 W System.err: 	at android.os.Handler.dispatchMessage(Handler.java:102)
10-10 16:03:42.145   628  1033 D audio_hw_primary: select_devices for use case (low-latency-playback)
10-10 16:03:42.146   628  1033 D audio_hw_extn: audio_extn_set_anc_parameters: anc_enabled:0
10-10 16:03:42.146   628  1033 D audio_hw_spkr_prot: audio_extn_fbsp_set_parameters: Speaker protection disabled
10-10 16:03:42.146  5148  5212 W System.err: 	at android.os.Looper.loop(Looper.java:154)
10-10 16:03:42.146  5148  5212 W System.err: 	at android.os.HandlerThread.run(HandlerThread.java:61)
10-10 16:03:42.146  5148  5212 E B-TrunC : Could not load Java class [com/ztegota/system/e2ee/E2EETracker]
10-10 16:03:42.146  5148  5212 I B-TrunC : E2EETracker.java no found
10-10 16:03:42.146  5148  5212 I libjingle: --dxp-- [linphone_ptt_call_start_audio][sample:0] 
10-10 16:03:42.146  5148  5212 I B-TrunC : --dxp-- [audio_stream_start_full][el_type:(null),use_gc:0,use_agc:0,use_ng:0,eq_active:0] 
10-10 16:03:42.146  5148  5212 I rtpsession: --dxp-- rtp_session_set_remote_addr_full , addr:192.168.90.81,port:13022 ,loc_port:40000
10-10 16:03:42.146  5148  5212 W B-TrunC : --dxp-- rtp_session_set_recv_payload_type  in session:d3e26300 ,payload type 126.
10-10 16:03:42.146  5148  5212 I B-TrunC : --dxp-- [audio_stream_start_full]ine:280,stream->ms.rtpsend:eb5e0308 
10-10 16:03:42.148   628  1038 D audio_hw_primary: out_set_parameters: enter: usecase(12: audio-ull-playback) kvpairs: routing=2
10-10 16:03:42.153  5148  5212 W System.err: java.lang.ClassNotFoundException: Didn't find class "com.ztegota.system.e2ee.E2EETracker" on path: DexPathList[[zip file "/data/app/com.gbcom.metrosystem-1/base.apk"],nativeLibraryDirectories=[/data/app/com.gbcom.metrosystem-1/lib/arm, /system/fake-libs, /data/app/com.gbcom.metrosystem-1/base.apk!/lib/armeabi-v7a, /system/lib, /vendor/lib]]
10-10 16:03:42.155  5148  5212 W System.err: 	at dalvik.system.BaseDexClassLoader.findClass(BaseDexClassLoader.java:56)
10-10 16:03:42.155  5148  5212 W System.err: 	at java.lang.ClassLoader.loadClass(ClassLoader.java:380)
10-10 16:03:42.155  5148  5212 W System.err: 	at java.lang.ClassLoader.loadClass(ClassLoader.java:312)
10-10 16:03:42.155  5148  5212 W System.err: 	at org.linphone.core.LinphoneCoreImpl.setPttCall(Native Method)
10-10 16:03:42.155  5148  5212 W System.err: 	at org.linphone.core.LinphoneCoreImpl.setPttCall(LinphoneCoreImpl.java:950)
10-10 16:03:42.155   628  1039 D audio_hw_primary: out_set_parameters: enter: usecase(0: deep-buffer-playback) kvpairs: routing=2
10-10 16:03:42.155  5148  5212 W System.err: 	at com.ztegota.system.lte.call.LTEMedia.doMediaInit(LTEMedia.java:500)
10-10 16:03:42.155  5148  5212 W System.err: 	at com.ztegota.system.lte.call.LTEMedia.access$1(LTEMedia.java:346)
10-10 16:03:42.155  5148  5212 W System.err: 	at com.ztegota.system.lte.call.LTEMedia$WorkerHandler.handleMessage(LTEMedia.java:775)
10-10 16:03:42.156  5148  5212 W System.err: 	at android.os.Handler.dispatchMessage(Handler.java:102)
10-10 16:03:42.156  5148  5212 W System.err: 	at android.os.Looper.loop(Looper.java:154)
10-10 16:03:42.156  5148  5212 W System.err: 	at android.os.HandlerThread.run(HandlerThread.java:61)
10-10 16:03:42.156  5148  5212 E B-TrunC : Could not load Java class [com/ztegota/system/e2ee/E2EETracker]
10-10 16:03:42.156  5148  5212 I B-TrunC : E2EETracker.java no found
10-10 16:03:42.156  5148  5212 I B-TrunC : sound_read_init
10-10 16:03:42.156  5148  5212 I B-TrunC : msandroid_sound_read_data() constructor
10-10 16:03:42.156  5148  5212 I B-TrunC : --bbb-- creat new sound read filter
10-10 16:03:42.156  5148  5212 I libjingle: --dxp-- [linphone_ptt_call_get_callmode]get call_mode. 3
10-10 16:03:42.156  5148  5212 I B-TrunC : set_audio_type  1
10-10 16:03:42.156  5148  5212 I libjingle: --dxp--[linphone_call_get_persist_record] persist_record flag :0 
10-10 16:03:42.156  5148  5212 I B-TrunC : --bbb--msandroid_snd_close_persis_record:749 eb5e0538
10-10 16:03:42.156  5148  5212 I B-TrunC : Hardware sample rate is 48000
10-10 16:03:42.156  5148  5212 I B-TrunC : --dxp--: encoder  payload 126:AMR.sample_rate:8000
10-10 16:03:42.156  5148  5212 I B-TrunC : --dxp--  linphone_core_get_call_time call_time1:0 call_time2:0
10-10 16:03:42.156  5148  5212 I B-TrunC : --dxp-- sender_call_time calltime_data1:0 calltime_data2:0
10-10 16:03:42.156  5148  5212 I B-TrunC : --dxp--enc_init:364
10-10 16:03:42.157  5148  5212 I B-TrunC : ***285714***  enc_init, ns_switch=1, ns_level=3
10-10 16:03:42.157  5148  5212 I B-TrunC : rtp sender: e2ee = 0
10-10 16:03:42.157  5148  5212 I B-TrunC : rtp receiver: e2ee = 0
10-10 16:03:42.157  5148  5212 I B-TrunC : rtp sender: callmode = 3
10-10 16:03:42.157  5148  5212 I B-TrunC : rtp sender: e2eemode=3
10-10 16:03:42.157  5148  5212 I B-TrunC : rtp receiver: callmode = 3
10-10 16:03:42.157  5148  5212 I B-TrunC : rtp receiver: e2eemode=3
10-10 16:03:42.157  5148  5212 I B-TrunC : EncState configPcmShareType  0
10-10 16:03:42.157  5148  5212 I B-TrunC : --dxp--enc_set_ptime :40
10-10 16:03:42.157  5148  5212 I libjingle:  --dxp-- [linphone_core_get_amr_payload] payload:1
10-10 16:03:42.157  5148  5212 I B-TrunC : --dxp--enc_set_payload :1
10-10 16:03:42.157  5148  5212 I B-TrunC : --dxp--dec_set_payload :1
10-10 16:03:42.160  5148  5212 I B-TrunC : set_read_rate proposed_rate:8000, d->rate:8000
10-10 16:03:42.160  5148  5212 I B-TrunC : speex_lib_ctl init with neon ? 1
10-10 16:03:42.160  5148  5212 I B-TrunC : sound_data configPcmShareType  0
10-10 16:03:42.160  5148  5212 W B-TrunC :  audio_stream_enable 0
10-10 16:03:42.160  5148  5212 I B-TrunC : B-TrunC Call Analyzer: rtp stop send
10-10 16:03:42.160  5148  5212 I B-TrunC : B-TrunC Call Analyzer: AMR stop enc
10-10 16:03:42.160  5148  5212 I libjingle:  --dxp-- [linphone_core_get_amr_Bitrate] bitratae:12200
10-10 16:03:42.160  5148  5212 I B-TrunC : Payload's bitrate is 12200
10-10 16:03:42.160  5148  5212 I B-TrunC : Setting audio encoder network bitrate to 12200
10-10 16:03:42.160  5148  5212 I B-TrunC : --dxp--enc_set_br :12200
10-10 16:03:42.160  5148  5212 E B-TrunC : Filter MSAndSoundWrite does not implement the MS_FILTER_GET_NCHANNELS method
10-10 16:03:42.161  5148  5212 I B-TrunC : configuring MSRtpRecv-->MSAndSoundWrite from rate [8000] to rate [48000] and from channel [1] to channel [1]
10-10 16:03:42.167  5148  5276 I B-TrunC : Priority used: 99
10-10 16:03:42.168  5148  5276 I B-TrunC : Audio MSTicker priority increased to maximum.
10-10 16:03:42.168  5148  5212 I B-TrunC : ms_filter_link: MSAndSoundRead:0xeb5e0538,0-->MSVolume:0xeb5e0650,0
10-10 16:03:42.168  5148  5276 I B-TrunC : --dxp-- Audio MSTicker thread starting,id:5276
10-10 16:03:42.168  5148  5212 I B-TrunC : ms_filter_link: MSVolume:0xeb5e0650,0-->MSAmrEnc:0xeb5e05e0,0
10-10 16:03:42.168  5148  5212 I B-TrunC : ms_filter_link: MSAmrEnc:0xeb5e05e0,0-->MSRtpSend:0xeb5e0308,0
10-10 16:03:42.168  5148  5212 I B-TrunC : ms_filter_link: MSRtpRecv:0xeb5e0490,0-->MSAmrDec:0xeb5e0618,0
10-10 16:03:42.168  5148  5212 I B-TrunC : ms_filter_link: MSAmrDec:0xeb5e0618,0-->MSVolume:0xeb5e0688,0
10-10 16:03:42.168  5148  5212 I B-TrunC : ms_filter_link: MSVolume:0xeb5e0688,0-->MSEqualizer:0xeb5e06f8,0
10-10 16:03:42.168  5148  5212 I B-TrunC : ms_filter_link: MSEqualizer:0xeb5e06f8,0-->MSResample:0xeb5e06c0,0
10-10 16:03:42.168  5148  5212 I B-TrunC : ms_filter_link: MSResample:0xeb5e06c0,0-->MSAndSoundWrite:0xeb5e05a8,0
10-10 16:03:42.169  5148  5212 I B-TrunC : sound_read_preprocess start
10-10 16:03:42.169  5148  5212 I B-TrunC : sound_read_setup
10-10 16:03:42.170  5148  5212 I B-TrunC : Configuring recorder with [16] bits  rate [8000] nchanels [1] buff size [1280], chunk size [160]
10-10 16:03:42.170  5148  5212 I B-TrunC : constructor Audiorecord for btrunc
10-10 16:03:42.171  5148  5277 I B-TrunC : Priority used: 99
10-10 16:03:42.171  5148  5277 I B-TrunC : Audio DSTicker priority increased to maximum.
10-10 16:03:42.171  5148  5277 I B-TrunC : --dxp-- Audio DSTicker thread starting,id:5277
10-10 16:03:42.181   628  4619 D audio_hw_primary: adev_open_input_stream: enter: sample_rate(8000) channel_mask(0x10) devices(0x80000004)        stream_handle(0xef5543c0) io_handle(102) source(1) format 1
10-10 16:03:42.184   628  5279 I AudioFlinger: AudioFlinger's thread 0xecf03a40 ready to run
10-10 16:03:42.185   628  5279 D audio_hw_primary: in_standby: enter: stream (0xef5543c0) usecase(16: audio-record)
10-10 16:03:42.189   628  5279 D audio_hw_primary: in_standby: enter: stream (0xef5543c0) usecase(16: audio-record)
10-10 16:03:42.191  5148  5207 D LTERILJ : [0047]< RIL_REQUEST_ZTE_SET_CALL_STATE_TO_RILD 
10-10 16:03:42.216  5148  5148 D CallActivity: checkVideo: false
10-10 16:03:42.216  5148  5148 D CallActivity: checkVideo: no video else
10-10 16:03:42.217  5148  5148 D CallActivity: showCurrentCallInfo: callInfo=call num:866027331 call type:3 call de:1 speak num:6023394 speak name:运营领导小组8 ptt ip:nullCreateTime :1665389022095Connect Time Real :2747221Connect Time :1665389022100Disconnect Time :0Duration Time :0 ptt ip:nullCreateTime :1665389022095Connect Time Real :2747221Connect Time :1665389022100Disconnect Time :0Duration Time :0Call TraceStatus:0isConnect  :trueisAutoCall  :falseCall Attr : mEmergency: false mPreemition: false mEncryption: false mEnhance: true mOffhook: false, newState=6
10-10 16:03:42.217  5148  5148 D CallActivity: run: showCurrentCallInfo() - mMetroCallLastConnected=2747338
10-10 16:03:42.218  5148  5212 I B-TrunC : sound_read_setup:609, readcb_thread_refer:0
10-10 16:03:42.221  5148  5212 I B-TrunC : ms_ticker_set_time_func: ticker's time method updated.
10-10 16:03:42.221  5148  5212 I B-TrunC : sound_read_preprocess end
10-10 16:03:42.222  5148  5212 I B-TrunC : --dxp--enc_preprocess:451
10-10 16:03:42.222  5148  5212 I B-TrunC : --dxp--[receiver_preprocess] line:878 
10-10 16:03:42.222  5148  5212 I B-TrunC : andsnd_write_preprocess start
10-10 16:03:42.222  5148  5148 D CallActivity: showCurrentCallInfo: other.........6023394 - ...call num:866027331 call type:3 call de:1 speak num:6023394 speak name:运营领导小组8 ptt ip:nullCreateTime :1665389022095Connect Time Real :2747221Connect Time :1665389022100Disconnect Time :0Duration Time :0 ptt ip:nullCreateTime :1665389022095Connect Time Real :2747221Connect Time :1665389022100Disconnect Time :0Duration Time :0Call TraceStatus:0isConnect  :trueisAutoCall  :falseCall Attr : mEmergency: false mPreemition: false mEncryption: false mEnhance: true mOffhook: false
10-10 16:03:42.222  5148  5280 I B-TrunC : --dxp--pre getRecordingState ,state;1
10-10 16:03:42.222  5148  5280 I B-TrunC : --dxp-- force close mic;0 
10-10 16:03:42.226   628  1245 I AudioPolicyManagerCustom: setting force DEEP buffer now 
10-10 16:03:42.228   628  1690 I AudioPolicyManagerCustom: setting force DEEP buffer now 
10-10 16:03:42.228  5148  5148 D CallActivity: startRecord: hhh----type==3
10-10 16:03:42.230   628  4619 I AudioPolicyManagerCustom: setting force DEEP buffer now 
10-10 16:03:42.234  5148  5212 I B-TrunC : audioTrack d->buff_size 7688 d->write_chunk_size 1920
10-10 16:03:42.234  5148  5212 I B-TrunC : Configuring player with [16] bits  rate [48000] nchanels [1] buff size [7688] chunk size [1920]
10-10 16:03:42.234  5148  5212 I B-TrunC : audioTrack constructor_id() start
10-10 16:03:42.235   628  1244 I SoundTriggerHwService::Module: void android::SoundTriggerHwService::Module::onCallbackEvent(const sp<android::SoundTriggerHwService::CallbackEvent> &) mClient == 0
10-10 16:03:42.242  5148  5207 D LTERILJ : [UNSL]< RIL_UNSOL_NOTIFY_PTT_FLOOR_INFO
10-10 16:03:42.242  5148  5207 D LTERILJ : floorinfo is not same, update it[callId]1560805634[floorState]0[speakerNum]6023394[speakerShortNum]3394[groupNum]866027331[groupShortNum]7331[speakerVideoIpType]0[speakerVideoIp][speakerVideoIpPort]0
10-10 16:03:42.243  5148  5204 D         : handleMessage  event = LTE_RESP_CALL_FLOORINFO
10-10 16:03:42.243  5148  5204 D         : floorinfo is same, do nothing
10-10 16:03:42.248   628  5279 D audio_hw_primary: in_set_parameters: enter: kvpairs=input_source=1;routing=-2147483644
10-10 16:03:42.255   628  5279 D audio_hw_primary: start_input_stream: enter: stream(0xef5543c0)usecase(16: audio-record)
10-10 16:03:42.246  5281  5281 I sh      : type=1400 audit(0.0:158): avc: denied { getattr } for path="/system/xbin/su" dev="mmcblk0p24" ino=6898 scontext=u:r:system_app:s0 tcontext=u:object_r:su_exec:s0 tclass=file permissive=1
10-10 16:03:42.246  5281  5281 I sh      : type=1400 audit(0.0:159): avc: denied { execute } for name="su" dev="mmcblk0p24" ino=6898 scontext=u:r:system_app:s0 tcontext=u:object_r:su_exec:s0 tclass=file permissive=1
10-10 16:03:42.246  5281  5281 I sh      : type=1400 audit(0.0:160): avc: denied { read open } for path="/system/xbin/su" dev="mmcblk0p24" ino=6898 scontext=u:r:system_app:s0 tcontext=u:object_r:su_exec:s0 tclass=file permissive=1
10-10 16:03:42.246  5281  5281 I sh      : type=1400 audit(0.0:161): avc: denied { execute_no_trans } for path="/system/xbin/su" dev="mmcblk0p24" ino=6898 scontext=u:r:system_app:s0 tcontext=u:object_r:su_exec:s0 tclass=file permissive=1
10-10 16:03:42.256  5281  5281 I su      : type=1400 audit(0.0:162): avc: denied { setgid } for capability=6 scontext=u:r:system_app:s0 tcontext=u:r:system_app:s0 tclass=capability permissive=1
10-10 16:03:42.256  5148  5280 I B-TrunC : --dxp-- startRecording()
10-10 16:03:42.256  5148  5280 I B-TrunC : --dxp-- AudioRecord getState:1
10-10 16:03:42.256  5281  5281 I su      : type=1400 audit(0.0:163): avc: denied { setuid } for capability=7 scontext=u:r:system_app:s0 tcontext=u:r:system_app:s0 tclass=capability permissive=1
10-10 16:03:42.256   628  1691 I AudioPolicyManagerCustom: Direct PCM can be enabled for this request
10-10 16:03:42.256  5148  5280 I B-TrunC : --dxp-- getRecordingState,state;3
10-10 16:03:42.257   628  5279 D audio_hw_primary: select_devices for use case (audio-record)
10-10 16:03:42.257   628  5279 D audio_hw_primary: select_devices: out_snd_device(0: ) in_snd_device(55: speaker-mic)
10-10 16:03:42.257   628  5279 I msm8916_platform: platform_check_and_set_capture_codec_backend_cfg:txbecf: afe: bitwidth 16, samplerate 8000, backend_idx 0 usecase = 16 device (speaker-mic)
10-10 16:03:42.257   628  5279 I msm8916_platform: platform_check_capture_codec_backend_cfg:txbecf: afe: Codec selected backend: 0 current bit width: 16 and sample rate: 8000
10-10 16:03:42.257   628  5279 W msm8916_platform: platform_check_capture_codec_backend_cfg:txbecf: afe:Use default bw and sr for voice/voip calls
10-10 16:03:42.257   628  5279 I msm8916_platform: platform_check_capture_codec_backend_cfg:txbecf: afe: Codec selected backend: 0 updated bit width: 16 and sample rate: 48000
10-10 16:03:42.257   628  5279 D audio_hw_primary: check_usecases_capture_codec_backend:becf: force routing 0
10-10 16:03:42.257   628  5279 D hardware_info: hw_info_append_hw_type : device_name = speaker-mic
10-10 16:03:42.257   628  5279 D msm8916_platform: platform_can_split_snd_device: snd_device(55) num devices(0) new_snd_devices(0)
10-10 16:03:42.257   628  5279 D audio_hw_primary: enable_snd_device: snd_device(55: speaker-mic)
10-10 16:03:42.257   628  5279 I soundtrigger: audio_extn_sound_trigger_update_device_status: device 0x37 of type 1 for Event 1, with Raise=1
10-10 16:03:42.257   628  5279 D sound_trigger_platform: platform_stdev_check_and_update_concurrency: concurrency active 0, tx 1, rx 0, concurrency session_allowed 0
10-10 16:03:42.261   444  2282 E ANDR-PERF-MPCTL: Invalid profile no. 0, total profiles 0 only
10-10 16:03:42.262  2807  2807 D AudioProfileTile: onReceive-intent=Intent { act=android.media.VOLUME_CHANGED_ACTION flg=0x14000010 (has extras) }
10-10 16:03:42.273   628  5279 D soundtrigger: audio_extn_sound_trigger_update_stream_status: uc_id 16 of type 1 for Event 3, with Raise=0
10-10 16:03:42.274   628  5279 I audio_hw_utils: audio_extn_utils_send_app_type_cfg CAPTURE app_type = 69938, acdb_dev_id = 11, sample_rate = 48000
10-10 16:03:42.274   628  5279 D msm8916_platform: platform_can_split_snd_device: snd_device(55) num devices(1) new_snd_devices(0)
10-10 16:03:42.274   628  5279 D ACDB-LOADER: ACDB -> send_audio_cal, acdb_id = 11, path = 1, app id = 0x11132, sample rate = 48000
10-10 16:03:42.274   628  5279 D ACDB-LOADER: ACDB -> send_asm_topology
10-10 16:03:42.274   628  5279 D ACDB-LOADER: ACDB -> ACDB_CMD_GET_AUDPROC_STREAM_TOPOLOGY_ID
10-10 16:03:42.274   628  5279 D ACDB-LOADER: ACDB -> send_adm_topology
10-10 16:03:42.274   628  5279 D ACDB-LOADER: ACDB -> ACDB_CMD_GET_AUDPROC_COMMON_TOPOLOGY_ID
10-10 16:03:42.274   628  5279 D ACDB-LOADER: ACDB -> send_audtable
10-10 16:03:42.274   628  5279 D ACDB-LOADER: ACDB -> ACDB_CMD_GET_AUDPROC_COMMON_TABLE_SIZE
10-10 16:03:42.274   628  5279 D ACDB-LOADER: ACDB -> ACDB_CMD_GET_AUDPROC_COMMON_TABLE
10-10 16:03:42.274   628  5279 D ACDB-LOADER: ACDB -> AUDIO_SET_AUDPROC_CAL
10-10 16:03:42.274   628  5279 D ACDB-LOADER: ACDB -> send_audvoltable
10-10 16:03:42.274   628  5279 D ACDB-LOADER: ACDB -> ACDB_CMD_GET_AUDPROC_GAIN_DEP_STEP_TABLE, vol index 0
10-10 16:03:42.274   628  5279 D         : Failed to fetch the lookup information of the device 0000000B 
10-10 16:03:42.274   628  5279 E ACDB-LOADER: Error: ACDB AudProc vol returned = -19
10-10 16:03:42.274   628  5279 D ACDB-LOADER: ACDB -> AUDIO_SET_VOL_CAL cal type = 12
10-10 16:03:42.274   628  5279 D ACDB-LOADER: ACDB -> send_audstrmtable
10-10 16:03:42.275   628  5279 D ACDB-LOADER: ACDB -> ACDB_CMD_GET_AUDPROC_STREAM_TABLE_V2
10-10 16:03:42.275   628  5279 D ACDB-LOADER: ACDB -> audstrm_cal->cal_type.cal_data.cal_size = 16
10-10 16:03:42.275   628  5279 D ACDB-LOADER: ACDB -> send_afe_topology
10-10 16:03:42.275   628  5279 D ACDB-LOADER: ACDB -> ACDB_CMD_GET_AFE_TOPOLOGY_ID
10-10 16:03:42.275   628  5279 D ACDB-LOADER: ACDB -> GET_AFE_TOPOLOGY_ID for adcd_id 11, Topology Id 112fb
10-10 16:03:42.275   628  5279 D ACDB-LOADER: ACDB -> send_afe_cal
10-10 16:03:42.275   628  5279 D ACDB-LOADER: ACDB -> ACDB_CMD_GET_AFE_COMMON_TABLE
10-10 16:03:42.275   628  5279 D         : Failed to fetch the lookup information of the device 0000000B 
10-10 16:03:42.275   628  5279 E ACDB-LOADER: Error: ACDB AFE returned = -19
10-10 16:03:42.275   628  5279 D ACDB-LOADER: ACDB -> AUDIO_SET_AFE_CAL
10-10 16:03:42.275   628  5279 D ACDB-LOADER: ACDB -> send_hw_delay : acdb_id = 11 path = 1
10-10 16:03:42.275   628  5279 D ACDB-LOADER: ACDB -> ACDB_AVSYNC_INFO: ACDB_CMD_GET_DEVICE_PROPERTY
10-10 16:03:42.275   628  5279 D audio_hw_primary: enable_audio_route: apply mixer and update path: audio-record
10-10 16:03:42.281   628  5279 D audio_hw_primary: select_devices: done
10-10 16:03:42.296  5283  5283 I chmod   : type=1400 audit(0.0:164): avc: denied { getattr } for path="/custom" dev="mmcblk0p51" ino=2 scontext=u:r:system_app:s0 tcontext=u:object_r:unlabeled:s0 tclass=dir permissive=1
10-10 16:03:42.296  5283  5283 I chmod   : type=1400 audit(0.0:165): avc: denied { setattr } for name="/" dev="mmcblk0p51" ino=2 scontext=u:r:system_app:s0 tcontext=u:object_r:unlabeled:s0 tclass=dir permissive=1
10-10 16:03:42.354   628  5279 D audio_hw_primary: start_input_stream: exit
10-10 16:03:42.355   628  1691 D audio_hw_spkr_prot: audio_extn_fbsp_get_parameters: Speaker protection disabled
10-10 16:03:42.355   628  1691 D audio_hw_extn: audio_extn_get_parameters: returns 
10-10 16:03:42.355   628  1691 I hash_map_utils: key: 'audio_mode' value: ''
10-10 16:03:42.355   628  1691 D audio_hw_spkr_prot: audio_extn_fbsp_get_parameters: Speaker protection disabled
10-10 16:03:42.355   628  1691 D audio_hw_extn: audio_extn_get_parameters: returns 
10-10 16:03:42.356   628  1691 I hash_map_utils: key: 'voip_out_stream_count' value: ''
10-10 16:03:42.356   628  1691 D audio_hw_spkr_prot: audio_extn_fbsp_get_parameters: Speaker protection disabled
10-10 16:03:42.356   628  1691 D audio_hw_extn: audio_extn_get_parameters: returns 
10-10 16:03:42.356   628  1691 I hash_map_utils: key: 'voip_sample_rate' value: ''
10-10 16:03:42.356   628  1691 D AudioPolicyManagerCustom: Set VoIP and Direct output flags for PCM format
10-10 16:03:42.357   628  4619 D compress_voip: voice_extn_compress_voip_out_get_parameters: enter
10-10 16:03:42.368  5148  5212 D AudioTrack: Client defaulted notificationFrames to 1922 for frameCount 3844
10-10 16:03:42.368  5148  5275 D com.ztegota.system.lte.call.LTEMedia: B-TrunC Call Analyzer: 切换音频模式 end
10-10 16:03:42.374  5148  5212 I B-TrunC : audioTrack constructor_id() end
10-10 16:03:42.374  5148  5212 I B-TrunC : audioTrack play() start
10-10 16:03:42.376  5148  5275 D com.ztegota.system.lte.call.LTEMedia: media audiomode = 3
10-10 16:03:42.378  1496  1717 I MediaFocusControl:  AudioFocus  requestAudioFocus() from uid/pid 1000/5148 clientId=android.media.AudioManager@81b28a9com.ztegota.system.lte.call.LTEMedia$2@5a9fe2e req=2 flags=0x0
10-10 16:03:42.380  2807  2807 W ContextImpl: Calling a method in the system process without a qualified user: android.app.ContextImpl.sendBroadcast:877 android.content.ContextWrapper.sendBroadcast:421 com.qualcomm.qti.qs.tiles.AudioProfileTile.handleUpdateState:82 com.qualcomm.qti.qs.tiles.AudioProfileTile$1.onReceive:30 android.app.LoadedApk$ReceiverDispatcher$Args.run:1122 
10-10 16:03:42.383  5148  5212 I B-TrunC : audioTrack play end
10-10 16:03:42.383  1496  1514 E ActivityManager: Sending non-protected broadcast com.qualcomm.qti.qs.tiles.audioprofiletile from system 2807:com.qualcomm.qti.qs/1000 pkg com.qualcomm.qti.qs
10-10 16:03:42.383  1496  1514 E ActivityManager: java.lang.Throwable
10-10 16:03:42.383  1496  1514 E ActivityManager: 	at com.android.server.am.ActivityManagerService.checkBroadcastFromSystem(ActivityManagerService.java:18272)
10-10 16:03:42.383  1496  1514 E ActivityManager: 	at com.android.server.am.ActivityManagerService.broadcastIntentLocked(ActivityManagerService.java:18844)
10-10 16:03:42.383  1496  1514 E ActivityManager: 	at com.android.server.am.ActivityManagerService.broadcastIntent(ActivityManagerService.java:18935)
10-10 16:03:42.383  1496  1514 E ActivityManager: 	at android.app.ActivityManagerNative.onTransact(ActivityManagerNative.java:499)
10-10 16:03:42.383  1496  1514 E ActivityManager: 	at com.android.server.am.ActivityManagerService.onTransact(ActivityManagerService.java:2869)
10-10 16:03:42.383  1496  1514 E ActivityManager: 	at android.os.Binder.execTransact(Binder.java:565)
10-10 16:03:42.383  5148  5212 I B-TrunC : andsnd_write_preprocess end
10-10 16:03:42.383  5148  5212 I B-TrunC : configNS_Level,  ns_level=3, ns_init=0
10-10 16:03:42.383  5148  5212 I B-TrunC : configNS_Switch,  ns_switch=0, d->ns_init
10-10 16:03:42.383  5148  5212 I libjingle: --gota--linphone_call_set_rtp_SendEnable isSendEnable=0
10-10 16:03:42.383  5148  5212 I libjingle: --gota--linphone_core_set_rtp_SendEnable--videoSendEnable = 0
10-10 16:03:42.383  5148  5212 W B-TrunC :  linphone_call_set_Video_SendEnable videostream is no run
10-10 16:03:42.383  5148  5212 W B-TrunC :  audio_stream_enable 0
10-10 16:03:42.383  5148  5212 I B-TrunC : B-TrunC Call Analyzer: rtp stop send
10-10 16:03:42.383  5148  5212 I B-TrunC : B-TrunC Call Analyzer: AMR stop enc
10-10 16:03:42.383  5148  5286 I B-TrunC : msandroid_write_cb start
10-10 16:03:42.383  5148  5212 I libjingle: --gota-linphone--linphone_core_set_rtp_RecvEnable 1
10-10 16:03:42.383  5148  5212 W B-TrunC :  linphone_core_set_rtp_RecvEnable videostream is no run
10-10 16:03:42.383  5148  5212 W B-TrunC :  audio_stream_enable_rtprecv 1
10-10 16:03:42.383  5148  5212 I B-TrunC : B-TrunC Call Analyzer: rtp start receiver
10-10 16:03:42.383  5148  5212 I libjingle: --dxp-- [linphone_ptt_call_set] finish. 
10-10 16:03:42.384  5148  5212 D Linphone_JAVA: libphone setRtpEnable:3
10-10 16:03:42.384  5148  5212 I libjingle: --gota--linphone_call_set_rtp_SendEnable isSendEnable=0
10-10 16:03:42.385  5148  5212 I libjingle: --gota--linphone_core_set_rtp_SendEnable--videoSendEnable = 0
10-10 16:03:42.385  5148  5212 W B-TrunC :  linphone_call_set_Video_SendEnable videostream is no run
10-10 16:03:42.385  5148  5212 W B-TrunC :  audio_stream_enable 0
10-10 16:03:42.385  5148  5212 I B-TrunC : B-TrunC Call Analyzer: rtp stop send
10-10 16:03:42.385  5148  5212 I B-TrunC : B-TrunC Call Analyzer: AMR stop enc
10-10 16:03:42.385  5148  5212 I libjingle: --gota-linphone--linphone_core_set_rtp_RecvEnable 1
10-10 16:03:42.385  5148  5212 W B-TrunC :  linphone_core_set_rtp_RecvEnable videostream is no run
10-10 16:03:42.385  5148  5212 W B-TrunC :  audio_stream_enable_rtprecv 1
10-10 16:03:42.385  5148  5212 I B-TrunC : B-TrunC Call Analyzer: rtp start receiver
10-10 16:03:42.385  5148  5280 I B-TrunC : B-TrunC Call Analyzer audio : Get first audio form android
10-10 16:03:42.385  5148  5212 D com.ztegota.system.lte.call.LTEMedia: --dxp-- config video degree 
10-10 16:03:42.385  5148  5212 D com.ztegota.system.lte.call.LTEMedia: CurrentVideoDevice is 0
10-10 16:03:42.385  5148  5212 D com.ztegota.system.lte.call.LTEMedia: --dxp-- configVideoOrientation orientation 0
10-10 16:03:42.386  5148  5212 D biebinbin: setVideoOrientation orientation is  0
10-10 16:03:42.386  5148  5212 I libjingle:  --dxp-- [linphone_core_get_use_uvc] :0
10-10 16:03:42.386  5148  5212 I libjingle: --dxp-- liphone_call_set_orientation orientation:0
10-10 16:03:42.386  5148  5212 D com.ztegota.system.lte.call.LTEMedia: init setRtpEnable  end
10-10 16:03:42.386  5148  5212 D com.ztegota.system.lte.call.LTEMedia: LTEMedia WorkHandler handleMessage event=302 end!!
10-10 16:03:42.386  5285  5285 I chmod   : type=1400 audit(0.0:166): avc: denied { setattr } for name="metro" dev="mmcblk0p51" ino=81921 scontext=u:r:system_app:s0 tcontext=u:object_r:unlabeled:s0 tclass=dir permissive=1
10-10 16:03:42.399  5148  5207 D LTERILJ : [UNSL]< RIL_UNSOL_NOTIFY_PTT_FLOOR_INFO
10-10 16:03:42.400  5148  5207 D LTERILJ : floorinfo is not same, update it[callId]1560805634[floorState]0[speakerNum]6023394[speakerShortNum]3394[groupNum]866027331[groupShortNum]7331[speakerVideoIpType]0[speakerVideoIp][speakerVideoIpPort]0
10-10 16:03:42.401  5148  5204 D         : handleMessage  event = LTE_RESP_CALL_FLOORINFO
10-10 16:03:42.401  5148  5204 D         : floorinfo is same, do nothing
10-10 16:03:42.420  2807  2807 D AudioProfileTile: onReceive-intent=Intent { act=android.media.VOLUME_CHANGED_ACTION flg=0x14000010 (has extras) }
10-10 16:03:42.425  2807  2807 W ContextImpl: Calling a method in the system process without a qualified user: android.app.ContextImpl.sendBroadcast:877 android.content.ContextWrapper.sendBroadcast:421 com.qualcomm.qti.qs.tiles.AudioProfileTile.handleUpdateState:82 com.qualcomm.qti.qs.tiles.AudioProfileTile$1.onReceive:30 android.app.LoadedApk$ReceiverDispatcher$Args.run:1122 
10-10 16:03:42.427  1496  1515 E ActivityManager: Sending non-protected broadcast com.qualcomm.qti.qs.tiles.audioprofiletile from system 2807:com.qualcomm.qti.qs/1000 pkg com.qualcomm.qti.qs
10-10 16:03:42.427  1496  1515 E ActivityManager: java.lang.Throwable
10-10 16:03:42.427  1496  1515 E ActivityManager: 	at com.android.server.am.ActivityManagerService.checkBroadcastFromSystem(ActivityManagerService.java:18272)
10-10 16:03:42.427  1496  1515 E ActivityManager: 	at com.android.server.am.ActivityManagerService.broadcastIntentLocked(ActivityManagerService.java:18844)
10-10 16:03:42.427  1496  1515 E ActivityManager: 	at com.android.server.am.ActivityManagerService.broadcastIntent(ActivityManagerService.java:18935)
10-10 16:03:42.427  1496  1515 E ActivityManager: 	at android.app.ActivityManagerNative.onTransact(ActivityManagerNative.java:499)
10-10 16:03:42.427  1496  1515 E ActivityManager: 	at com.android.server.am.ActivityManagerService.onTransact(ActivityManagerService.java:2869)
10-10 16:03:42.427  1496  1515 E ActivityManager: 	at android.os.Binder.execTransact(Binder.java:565)
10-10 16:03:42.476  5288  5288 I chmod   : type=1400 audit(0.0:167): avc: denied { fowner } for capability=3 scontext=u:r:system_app:s0 tcontext=u:r:system_app:s0 tclass=capability permissive=1
10-10 16:03:42.506  5148  5207 I rilj    : EMCI Detial(CellId--->Tav): 5121,255,2,"460702",255,65535,59,65535,255,255,69,27,16,255,1159641224245,0,0,0,0,0,0,0,0
10-10 16:03:42.506  5148  5207 D LTERILJ : [UNSL]< RIL_UNSOL_NOTIFY_EMCI_DETAIL
10-10 16:03:42.507  5148  5204 D LTEPhone: EVENT_FOR_EMCI_DETAIL
10-10 16:03:42.507  5148  5204 D LTEServiceTracker: setCellId cellId:5121,"460702"
10-10 16:03:42.512  5148  5277 W B-TrunC : B-TrunC Call Analyzer rtp :rev first package seq is 0,pt:126,ts:3040
10-10 16:03:42.512  5148  5277 I B-TrunC : B-TrunC Call Analyzer rtp [receiver_process][receiver start call time :1613518484, 387] 
10-10 16:03:42.512  5148  5277 I B-TrunC : B-TrunC Call Auto Analyzer receiver startCallPttTime is:1663765862036
10-10 16:03:42.513  5148  5286 I B-TrunC : B-TrunC Call Analyzer audio : AudioTrack write first data
10-10 16:03:42.566  5148  5148 I com.metrosystem: type=1400 audit(0.0:168): avc: denied { write } for name="2022-10-10" dev="mmcblk0p51" ino=81957 scontext=u:r:system_app:s0 tcontext=u:object_r:unlabeled:s0 tclass=dir permissive=1
10-10 16:03:42.566  5148  5148 I com.metrosystem: type=1400 audit(0.0:169): avc: denied { add_name } for name="1665389022575_866027331.mp3" scontext=u:r:system_app:s0 tcontext=u:object_r:unlabeled:s0 tclass=dir permissive=1
10-10 16:03:42.566  5148  5148 I com.metrosystem: type=1400 audit(0.0:170): avc: denied { create } for name="1665389022575_866027331.mp3" scontext=u:r:system_app:s0 tcontext=u:object_r:unlabeled:s0 tclass=file permissive=1
10-10 16:03:42.586  5148  5148 I com.metrosystem: type=1400 audit(0.0:171): avc: denied { read write open } for path="/custom/metro/voice/2022-10-10/1665389022575_866027331.mp3" dev="mmcblk0p51" ino=81999 scontext=u:r:system_app:s0 tcontext=u:object_r:unlabeled:s0 tclass=file permissive=1

--广播start

10-10 16:03:42.590  5148  5148 D CallActivity: paStartMic: aaaaaaaaaaaaaaaaaaaaaa-------------------------aaaa00000---start
10-10 16:03:42.590  5148  5204 D GotaSystemHandler: handleMessage msg.what =LTE_REQ_CALL_START_RECORD;msg.arg1=0
10-10 16:03:42.590  5148  5148 D CallActivity: paStartMic: aaaaaaaaaaaaaaaaaaaaaa-------------------------aaaa111---start
10-10 16:03:42.590  5148  5204 D LTEPhone: processRequest msg.what=LTE_REQ_CALL_START_RECORD
10-10 16:03:42.590  5148  5204 D LTECallTracker: handleMessage  event = LTE_REQ_CALL_START_RECORD
10-10 16:03:42.590  5148  5148 D CallActivity: startStationZoneBro: Config.APP_TYPE=1, BaseConstant.METRO_CALL_STATE=3
10-10 16:03:42.591  5148  5204 D PTTCall : handleMessage: event = LTE_REQ_CALL_START_RECORD
10-10 16:03:42.591  5148  5204 D LTECallListenStatus: handleMessage  event = LTE_REQ_CALL_START_RECORD,callStatus=LTECallListenStatus
10-10 16:03:42.591  5148  5148 D CallActivity: paStartMic: aaaaaaaaaaaaaaaaaaaaaa-------------------------aaaa2222---start
10-10 16:03:42.591  5148  5204 D LTECallListenStatus: LTE_REQ_CALL_START_RECORD uri =/custom/metro/voice/2022-10-10/1665389022575_866027331.mp3
10-10 16:03:42.592  5148  5148 W ContextImpl: Calling a method in the system process without a qualified user: android.app.ContextImpl.sendBroadcast:877 android.content.ContextWrapper.sendBroadcast:421 com.gbcom.library_base.utils.CallActivity.startStationZoneBro:1113 com.gbcom.library_base.utils.CallActivity.showInit:711 com.gbcom.library_base.utils.CallActivity.showPopupWindow:618 
10-10 16:03:42.593  5148  5212 D com.ztegota.system.lte.call.LTEMedia: handleMessage event=308
10-10 16:03:42.593  5148  5212 D com.ztegota.system.lte.call.LTEMedia: MEDIA_RECORD_START /custom/metro/voice/2022-10-10/1665389022575_866027331.mp3
10-10 16:03:42.593  5148  5212 I libjingle:  --dxp--[linphone_call_start_record] mode: 1,path:/custom/metro/voice/2022-10-10/1665389022575_866027331.mp3,call:0
10-10 16:03:42.593  5148  5212 I B-TrunC : --dxp--recordfb_start Thread id :  5212
10-10 16:03:42.594  5148  5212 I B-TrunC : --dxp--[record_data_alloc],line:102  
10-10 16:03:42.594  5148  5212 I B-TrunC : --dxp--[msrec_init] path:/custom/metro/voice/2022-10-10/1665389022575_866027331.mp3 
10-10 16:03:42.594  5148  5212 I B-TrunC : --dxp-- [mp3_init] mp3file:/custom/metro/voice/2022-10-10/1665389022575_866027331.mp3
10-10 16:03:42.594  5148  5212 D LAME ENCODER: Init parameters:
10-10 16:03:42.594  5148  5212 D LAME ENCODER: Number of channels: 2
10-10 16:03:42.594  5148  5212 D LAME ENCODER: Sample rate: 8000
10-10 16:03:42.594  5148  5212 D LAME ENCODER: Bitrate: 32
10-10 16:03:42.594  5148  5212 D LAME ENCODER: Mode: 0
10-10 16:03:42.594  5148  5212 D LAME ENCODER: Quality: 2
10-10 16:03:42.594  1496  1717 E ActivityManager: Sending non-protected broadcast com.gbcom.action.ACTION_FX_STATION_BRD_ZONE_START_TASK from system 5148:com.gbcom.metrosystem/1000 pkg com.gbcom.metrosystem
10-10 16:03:42.594  1496  1717 E ActivityManager: java.lang.Throwable
10-10 16:03:42.594  1496  1717 E ActivityManager: 	at com.android.server.am.ActivityManagerService.checkBroadcastFromSystem(ActivityManagerService.java:18272)
10-10 16:03:42.594  1496  1717 E ActivityManager: 	at com.android.server.am.ActivityManagerService.broadcastIntentLocked(ActivityManagerService.java:18753)
10-10 16:03:42.594  1496  1717 E ActivityManager: 	at com.android.server.am.ActivityManagerService.broadcastIntent(ActivityManagerService.java:18935)
10-10 16:03:42.594  1496  1717 E ActivityManager: 	at android.app.ActivityManagerNative.onTransact(ActivityManagerNative.java:499)
10-10 16:03:42.594  1496  1717 E ActivityManager: 	at com.android.server.am.ActivityManagerService.onTransact(ActivityManagerService.java:2869)
10-10 16:03:42.594  1496  1717 E ActivityManager: 	at android.os.Binder.execTransact(Binder.java:565)
10-10 16:03:42.606  5148  5212 D LAME ENCODER: --dxp--Init returned: 0
10-10 16:03:42.606  5148  5212 D LAME ENCODER: --dxp--framesize: 576
10-10 16:03:42.606  5148  5212 D LAME ENCODER: --dxp--mp3buffer: 576
10-10 16:03:42.607  5148  5212 D com.ztegota.system.lte.call.LTEMedia: LTEMedia WorkHandler handleMessage event=308 end!!
10-10 16:03:42.607  5148  5291 I B-TrunC : --dxp--savefb_file_thread Thread id :  5291
10-10 16:03:42.610  1496  1717 E ActivityManager: Sending non-protected broadcast com.gbcom.action.ACTION_FX_STATION_BRD_ZONE_START_TASK from system 5148:com.gbcom.metrosystem/1000 pkg com.gbcom.metrosystem
10-10 16:03:42.610  1496  1717 E ActivityManager: java.lang.Throwable
10-10 16:03:42.610  1496  1717 E ActivityManager: 	at com.android.server.am.ActivityManagerService.checkBroadcastFromSystem(ActivityManagerService.java:18272)
10-10 16:03:42.610  1496  1717 E ActivityManager: 	at com.android.server.am.ActivityManagerService.broadcastIntentLocked(ActivityManagerService.java:18844)
10-10 16:03:42.610  1496  1717 E ActivityManager: 	at com.android.server.am.ActivityManagerService.broadcastIntent(ActivityManagerService.java:18935)
10-10 16:03:42.610  1496  1717 E ActivityManager: 	at android.app.ActivityManagerNative.onTransact(ActivityManagerNative.java:499)
10-10 16:03:42.610  1496  1717 E ActivityManager: 	at com.android.server.am.ActivityManagerService.onTransact(ActivityManagerService.java:2869)
10-10 16:03:42.610  1496  1717 E ActivityManager: 	at android.os.Binder.execTransact(Binder.java:565)
10-10 16:03:42.620  5148  5148 D BaseApp : handleMessage: EVT_CALL_STATUS msg: { when=-513ms what=0 obj=com.ztegota.system.foundation.AsyncResult@a676dcf target=com.gbcom.library_base.BaseApp$mHandler$1 }
10-10 16:03:42.622  5148  5245 D MainViewModel: getSystemTime_currentThreadID2: 106
10-10 16:03:42.623  5148  5148 I APP_LogUtils.kt: [(LogUtils.kt:50).i()] [com.gbcom.library_base.service.LLteService] lte_resp_sys_for_emci_detail - EmciDetail=com.ztegota.system.common.EmciDetail@e99035c
10-10 16:03:42.623  5148  5245 D TAG     : getSystemTime_currentThreadID3s: 106, isActive=true


10-10 16:03:42.623  5148  5148 D MainActivity: onReceive: new request mBroadCastReceiver, intent?.action=com.gbcom.action.ACTION_FX_STATION_BRD_ZONE_START_TASK
10-10 16:03:42.623  5148  5148 D MainActivity: onReceive: 站选区广播开始 start
10-10 16:03:42.623  5148  5148 D MainActivity: paStartMic: aaaaaaaaaaaaaaaaaaaaaa-------------------------bbbb---start
10-10 16:03:42.623  5148  5148 D MainActivity: paStartMic: aaaaaaaaaaaaaaaaaaaaaa-------------------------bbbbb---start----number=866027331
10-10 16:03:42.623  5148  5148 D MainActivity: paStartMic: aaaaaaaaaaaaaaaaaaaaaaaaaa---1111---number=866027331
10-10 16:03:42.624  5148  5148 D MainActivity: paStartMic: aaaaaaaaaaaaaaaaaaaaaaaaaa---1111---AppConstant.station_zone_bro_list1=[StationBrdZone(zoneID=1, zoneName=上行列车通播组, groupID=20000000008), StationBrdZone(zoneID=2, zoneName=下行列车通播组, groupID=20000000009), StationBrdZone(zoneID=35001, zoneName=沙城站上行站台广播组, groupID=6027331), StationBrdZone(zoneID=35002, zoneName=沙城站下行站台广播组, groupID=6027351), StationBrdZone(zoneID=35003, zoneName=沙城站动态重组组, groupID=6027512)]
